Archive member included to satisfy reference by file (symbol)

build/cooja/mtype12.a(simEnvChange.o)
                              build/cooja/mtype12.o (simDontFallAsleep)
build/cooja/mtype12.a(cooja_mt.o)
                              build/cooja/mtype12.o (cooja_mt_start)
build/cooja/mtype12.a(cooja_mtarch.o)
                              build/cooja/mtype12.a(cooja_mt.o) (cooja_mtarch_start)
build/cooja/mtype12.a(rtimer-arch.o)
                              build/cooja/mtype12.o (rtimer_arch_check)
build/cooja/mtype12.a(beep.o)
                              build/cooja/mtype12.o (beep_interface)
build/cooja/mtype12.a(leds-arch.o)
                              build/cooja/mtype12.o (leds_interface)
build/cooja/mtype12.a(moteid.o)
                              build/cooja/mtype12.o (moteid_interface)
build/cooja/mtype12.a(pir-sensor.o)
                              build/cooja/mtype12.o (pir_interface)
build/cooja/mtype12.a(rs232.o)
                              build/cooja/mtype12.o (rs232_interface)
build/cooja/mtype12.a(vib-sensor.o)
                              build/cooja/mtype12.o (vib_interface)
build/cooja/mtype12.a(clock.o)
                              build/cooja/mtype12.o (clock_interface)
build/cooja/mtype12.a(cooja-log.o)
                              build/cooja/mtype12.o (simlog_interface)
build/cooja/mtype12.a(cfs-cooja.o)
                              build/cooja/mtype12.o (cfs_interface)
build/cooja/mtype12.a(cooja-radio.o)
                              build/cooja/mtype12.o (radio_interface)
build/cooja/mtype12.a(eeprom.o)
                              build/cooja/mtype12.o (eeprom_interface)
build/cooja/mtype12.a(random.o)
                              build/cooja/mtype12.a(moteid.o) (random_init)
build/cooja/mtype12.a(sensors.o)
                              build/cooja/mtype12.a(pir-sensor.o) (sensors_changed)
build/cooja/mtype12.a(leds.o)
                              build/cooja/mtype12.a(leds-arch.o) (leds_get)
build/cooja/mtype12.a(gpio-hal-arch.o)
                              build/cooja/mtype12.a(leds-arch.o) (gpio_hal_arch_register_pin_callback)
build/cooja/mtype12.a(buttons.o)
                              build/cooja/mtype12.o (button_interface)
build/cooja/mtype12.a(coap-blocking-a)
                              client.o (coap_blocking_request)
build/cooja/mtype12.a(coap-uip.o)
                              client.o (coap_endpoint_parse)
build/cooja/mtype12.a(coap-transactio)
                              build/cooja/mtype12.a(coap-blocking-a) (coap_send_transaction)
build/cooja/mtype12.a(coap.o)
                              build/cooja/mtype12.a(coap-blocking-a) (coap_get_mid)
build/cooja/mtype12.a(contiki-main.o)
                              build/cooja/mtype12.o (main)
build/cooja/mtype12.a(autostart.o)
                              build/cooja/mtype12.a(contiki-main.o) (autostart_start)
build/cooja/mtype12.a(ctimer.o)
                              build/cooja/mtype12.a(contiki-main.o) (ctimer_init)
build/cooja/mtype12.a(log.o)  build/cooja/mtype12.a(contiki-main.o) (curr_log_level_main)
build/cooja/mtype12.a(energest.o)
                              build/cooja/mtype12.a(contiki-main.o) (energest_init)
build/cooja/mtype12.a(etimer.o)
                              build/cooja/mtype12.a(contiki-main.o) (etimer_process)
build/cooja/mtype12.a(node-id.o)
                              client.o (node_id)
build/cooja/mtype12.a(rtimer.o)
                              build/cooja/mtype12.a(contiki-main.o) (rtimer_init)
build/cooja/mtype12.a(process.o)
                              build/cooja/mtype12.a(coap-blocking-a) (process_current)
build/cooja/mtype12.a(timer.o)
                              build/cooja/mtype12.a(etimer.o) (timer_set)
build/cooja/mtype12.a(list.o)
                              build/cooja/mtype12.a(ctimer.o) (list_init)
build/cooja/mtype12.a(memb.o)
                              build/cooja/mtype12.a(coap-transactio) (memb_alloc)
build/cooja/mtype12.a(button-hal.o)
                              build/cooja/mtype12.o (button_hal_init)
build/cooja/mtype12.a(serial-line.o)
                              build/cooja/mtype12.a(rs232.o) (serial_line_input_byte)
build/cooja/mtype12.a(gpio-hal.o)
                              build/cooja/mtype12.a(button-hal.o) (gpio_hal_register_handler)
build/cooja/mtype12.a(queuebuf.o)
                              build/cooja/mtype12.a(contiki-main.o) (queuebuf_init)
build/cooja/mtype12.a(packetbuf.o)
                              build/cooja/mtype12.a(cooja-radio.o) (packetbuf_clear)
build/cooja/mtype12.a(netstack.o)
                              build/cooja/mtype12.a(contiki-main.o) (netstack_init)
build/cooja/mtype12.a(linkaddr.o)
                              build/cooja/mtype12.a(contiki-main.o) (linkaddr_node_addr)
build/cooja/mtype12.a(csma.o)
                              build/cooja/mtype12.a(cooja-radio.o) (csma_driver)
build/cooja/mtype12.a(csma-output.o)
[...]
Memory Configuration

Name             Origin             Length             Attributes
*default*        0x0000000000000000 0xffffffffffffffff

Linker script and memory map

LOAD /usr/lib/gcc/i686-linux-gnu/5/../../../i386-linux-gnu/crti.o
LOAD /usr/lib/gcc/i686-linux-gnu/5/crtbeginS.o
LOAD client.o
LOAD build/cooja/mtype12.o
LOAD build/cooja/mtype12.a
LOAD /usr/lib/gcc/i686-linux-gnu/5/libgcc.a
LOAD /usr/lib/gcc/i686-linux-gnu/5/libgcc_s.so
LOAD /usr/lib/gcc/i686-linux-gnu/5/../../../i386-linux-gnu/libc.so
START GROUP
LOAD /lib/i386-linux-gnu/libc.so.6
LOAD /usr/lib/i386-linux-gnu/libc_nonshared.a
LOAD /lib/i386-linux-gnu/ld-linux.so.2
END GROUP
LOAD /usr/lib/gcc/i686-linux-gnu/5/libgcc.a
LOAD /usr/lib/gcc/i686-linux-gnu/5/libgcc_s.so
LOAD /usr/lib/gcc/i686-linux-gnu/5/crtendS.o
LOAD /usr/lib/gcc/i686-linux-gnu/5/../../../i386-linux-gnu/crtn.o
                0x0000000000000114                . = (0x0 + SIZEOF_HEADERS)

.note.gnu.build-id
                0x0000000000000114       0x24
 *(.note.gnu.build-id)
 .note.gnu.build-id
                0x0000000000000114       0x24 /usr/lib/gcc/i686-linux-gnu/5/../../../i386-linux-gnu/crti.o

.hash
 *(.hash)

.gnu.hash       0x0000000000000138     0x15dc
 *(.gnu.hash)
 .gnu.hash      0x0000000000000138     0x15dc /usr/lib/gcc/i686-linux-gnu/5/../../../i386-linux-gnu/crti.o

.dynsym         0x0000000000001714     0x3000
 *(.dynsym)
 .dynsym        0x0000000000001714     0x3000 /usr/lib/gcc/i686-linux-gnu/5/../../../i386-linux-gnu/crti.o

.dynstr         0x0000000000004714     0x37cb
 *(.dynstr)
 .dynstr        0x0000000000004714     0x37cb /usr/lib/gcc/i686-linux-gnu/5/../../../i386-linux-gnu/crti.o

.gnu.version    0x0000000000007ee0      0x600
 *(.gnu.version)
 .gnu.version   0x0000000000007ee0      0x600 /usr/lib/gcc/i686-linux-gnu/5/../../../i386-linux-gnu/crti.o

.gnu.version_d  0x00000000000084e0        0x0
 *(.gnu.version_d)
 .gnu.version_d
                0x00000000000084e0        0x0 /usr/lib/gcc/i686-linux-gnu/5/../../../i386-linux-gnu/crti.o

.gnu.version_r  0x00000000000084e0       0x40
 *(.gnu.version_r)
 .gnu.version_r
                0x00000000000084e0       0x40 /usr/lib/gcc/i686-linux-gnu/5/../../../i386-linux-gnu/crti.o

.rel.dyn        0x0000000000008520     0x97e8
 *(.rel.init)
 .rel.init      0x0000000000008520        0x0 /usr/lib/gcc/i686-linux-gnu/5/../../../i386-linux-gnu/crti.o
 *(.rel.text .rel.text.* .rel.gnu.linkonce.t.*)
 .rel.text      0x0000000000008520     0x8df0 /usr/lib/gcc/i686-linux-gnu/5/../../../i386-linux-gnu/crti.o
 *(.rel.fini)
 .rel.fini      0x0000000000011310        0x0 /usr/lib/gcc/i686-linux-gnu/5/../../../i386-linux-gnu/crti.o
 *(.rel.rodata .rel.rodata.* .rel.gnu.linkonce.r.*)
 .rel.rodata    0x0000000000011310      0x5a0 /usr/lib/gcc/i686-linux-gnu/5/../../../i386-linux-gnu/crti.o
 *(.rel.data.rel.ro .rel.data.rel.ro.* .rel.gnu.linkonce.d.rel.ro.*)
 *(.rel.data .rel.data.* .rel.gnu.linkonce.d.*)
 .rel.data.rel.local
                0x00000000000118b0        0x8 /usr/lib/gcc/i686-linux-gnu/5/../../../i386-linux-gnu/crti.o
 .rel.data      0x00000000000118b8      0x418 /usr/lib/gcc/i686-linux-gnu/5/../../../i386-linux-gnu/crti.o
 *(.rel.tdata .rel.tdata.* .rel.gnu.linkonce.td.*)
 *(.rel.tbss .rel.tbss.* .rel.gnu.linkonce.tb.*)
 *(.rel.ctors)
 *(.rel.dtors)
 *(.rel.got)
 .rel.got       0x0000000000011cd0       0x28 /usr/lib/gcc/i686-linux-gnu/5/../../../i386-linux-gnu/crti.o
 *(.rel.bss .rel.bss.* .rel.gnu.linkonce.b.*)
 *(.rel.ifunc)
 .rel.ifunc     0x0000000000011cf8        0x0 /usr/lib/gcc/i686-linux-gnu/5/../../../i386-linux-gnu/crti.o
 .rel.fini_array
                0x0000000000011cf8        0x8 /usr/lib/gcc/i686-linux-gnu/5/../../../i386-linux-gnu/crti.o
 .rel.init_array
                0x0000000000011d00        0x8 /usr/lib/gcc/i686-linux-gnu/5/../../../i386-linux-gnu/crti.o

.rel.plt        0x0000000000011d08        0x0
 *(.rel.plt)
 .rel.plt       0x0000000000011d08        0x0 /usr/lib/gcc/i686-linux-gnu/5/../../../i386-linux-gnu/crti.o
 *(.rel.iplt)

.init           0x0000000000011d08       0x23
 *(SORT(.init))
 .init          0x0000000000011d08       0x1e /usr/lib/gcc/i686-linux-gnu/5/../../../i386-linux-gnu/crti.o
                0x0000000000011d08                _init
 .init          0x0000000000011d26        0x5 /usr/lib/gcc/i686-linux-gnu/5/../../../i386-linux-gnu/crtn.o

.plt            0x0000000000011d30       0x10
 *(.plt)
 .plt           0x0000000000011d30       0x10 /usr/lib/gcc/i686-linux-gnu/5/../../../i386-linux-gnu/crti.o
 *(.iplt)

.plt.got        0x0000000000011d40       0x10
 *(.plt.got)
 .plt.got       0x0000000000011d40       0x10 /usr/lib/gcc/i686-linux-gnu/5/../../../i386-linux-gnu/crti.o

.text           0x0000000000011d50    0x19522
 *(.text.unlikely .text.*_unlikely .text.unlikely.*)
 .text.unlikely
                0x0000000000011d50        0x0 /usr/lib/gcc/i686-linux-gnu/5/crtbeginS.o
 .text.unlikely
                0x0000000000011d50        0x0 /usr/lib/gcc/i686-linux-gnu/5/libgcc.a(_udivdi3.o)
 *(.text.exit .text.exit.*)
 *(.text.startup .text.startup.*)
 *(.text.hot .text.hot.*)
 *(.text .stub .text.* .gnu.linkonce.t.*)
 .text          0x0000000000011d50        0x0 /usr/lib/gcc/i686-linux-gnu/5/../../../i386-linux-gnu/crti.o
 .gnu.linkonce.t.__x86.get_pc_thunk.bx
                0x0000000000011d50        0x4 /usr/lib/gcc/i686-linux-gnu/5/../../../i386-linux-gnu/crti.o
                0x0000000000011d50                __x86.get_pc_thunk.bx
 *fill*         0x0000000000011d54        0xc 
 .text          0x0000000000011d60      0x11c /usr/lib/gcc/i686-linux-gnu/5/crtbeginS.o
 .text.__x86.get_pc_thunk.dx
                0x0000000000011e7c        0x4 /usr/lib/gcc/i686-linux-gnu/5/crtbeginS.o
                0x0000000000011e7c                __x86.get_pc_thunk.dx
 .text          0x0000000000011e80      0x4db client.o
                0x0000000000011ee9                client_chunk_handler
 .text          0x000000000001235b      0x283 build/cooja/mtype12.o
                0x00000000000123ed                platform_init_stage_one
                0x0000000000012400                platform_init_stage_two
                0x0000000000012413                platform_init_stage_three
                0x0000000000012426                platform_main_loop
                0x0000000000012499                Java_org_contikios_cooja_corecomm_Lib21_init
                0x00000000000124d0                Java_org_contikios_cooja_corecomm_Lib21_getMemory
                0x0000000000012503                Java_org_contikios_cooja_corecomm_Lib21_setMemory
                0x0000000000012563                Java_org_contikios_cooja_corecomm_Lib21_tick
                0x00000000000125cb                Java_org_contikios_cooja_corecomm_Lib21_setReferenceAddress
 .text          0x00000000000125de       0x65 build/cooja/mtype12.a(simEnvChange.o)
                0x00000000000125de                doActionsBeforeTick
                0x0000000000012610                doActionsAfterTick
 .text          0x0000000000012643       0x83 build/cooja/mtype12.a(cooja_mt.o)
                0x0000000000012643                cooja_mt_start
                0x000000000001266d                cooja_mt_exec
                0x00000000000126a3                cooja_mt_yield
 .text          0x00000000000126c6       0xbe build/cooja/mtype12.a(cooja_mtarch.o)
                0x00000000000126c6                cooja_mtarch_start
                0x0000000000012739                cooja_sw
                0x000000000001275c                cooja_mtarch_exec
                0x0000000000012779                cooja_mtarch_yield
 .text          0x0000000000012784       0xc5 build/cooja/mtype12.a(rtimer-arch.o)
                0x0000000000012784                rtimer_arch_init
                0x00000000000127a8                rtimer_arch_schedule
                0x00000000000127d8                rtimer_arch_next
                0x00000000000127e8                rtimer_arch_pending
                0x00000000000127f2                rtimer_arch_check
                0x0000000000012839                rtimer_arch_now
 .text          0x0000000000012849       0x81 build/cooja/mtype12.a(beep.o)
                0x0000000000012849                beep_alarm
                0x0000000000012856                beep_beep
                0x0000000000012863                beep
                0x0000000000012870                beep_down
                0x000000000001287d                beep_on
                0x000000000001288a                beep_off
                0x0000000000012897                beep_spinup
                0x00000000000128a4                beep_quick
                0x00000000000128b1                beep_long
 .text          0x00000000000128ca       0x65 build/cooja/mtype12.a(leds-arch.o)
                0x00000000000128dd                leds_arch_init
 .text          0x000000000001292f       0x35 build/cooja/mtype12.a(moteid.o)
 .text          0x0000000000012964       0xb7 build/cooja/mtype12.a(pir-sensor.o)
 .text          0x0000000000012a1b      0x148 build/cooja/mtype12.a(rs232.o)
                0x0000000000012a1b                rs232_init
                0x0000000000012a21                rs232_set_speed
                0x0000000000012a30                rs232_set_input
                0x0000000000012a3e                rs232_send
                0x0000000000012a62                rs232_print
                0x0000000000012a7e                slip_arch_writeb
 .text          0x0000000000012b63       0xb7 build/cooja/mtype12.a(vib-sensor.o)
 .text          0x0000000000012c1a       0x38 build/cooja/mtype12.a(clock.o)
                0x0000000000012c1a                clock_init
                0x0000000000012c20                clock_time
                0x0000000000012c2a                clock_seconds
                0x0000000000012c40                clock_delay
 .text          0x0000000000012c52      0x219 build/cooja/mtype12.a(cooja-log.o)
                0x0000000000012c52                simlog_char
                0x0000000000012c95                simlog
                0x0000000000012d0b                log_message
                0x0000000000012d3c                log_set_putchar_with_slip
                0x0000000000012d4a                log_putchar
                0x0000000000012dc5                log_puts
                0x0000000000012ded                log_printf
 .text          0x0000000000012e6b      0x2b9 build/cooja/mtype12.a(cfs-cooja.o)
                0x0000000000012e6b                cfs_open
                0x0000000000012ed4                cfs_close
                0x0000000000012ee1                cfs_read
                0x0000000000012f76                cfs_write
                0x0000000000013052                cfs_seek
                0x00000000000130da                cfs_remove
                0x00000000000130fe                cfs_opendir
                0x0000000000013108                cfs_readdir
                0x0000000000013112                cfs_closedir
 .text          0x0000000000013124      0x620 build/cooja/mtype12.a(cooja-radio.o)
                0x0000000000013166                radio_set_channel
                0x0000000000013174                radio_set_txpower
                0x000000000001318c                radio_signal_strength_last
                0x0000000000013196                radio_signal_strength_current
                0x00000000000131a0                radio_LQI
 .text          0x0000000000013744       0xee build/cooja/mtype12.a(eeprom.o)
                0x0000000000013744                eeprom_init
                0x000000000001374a                eeprom_read
                0x00000000000137b8                eeprom_write
 .text          0x0000000000013832       0x2d build/cooja/mtype12.a(random.o)
                0x0000000000013832                random_init
                0x0000000000013852                random_rand
 .text          0x000000000001385f      0x29c build/cooja/mtype12.a(sensors.o)
                0x000000000001389a                sensors_first
                0x00000000000138a4                sensors_next
                0x00000000000138be                sensors_changed
                0x00000000000138f2                sensors_find
 .text          0x0000000000013afb      0x349 build/cooja/mtype12.a(leds.o)
                0x0000000000013afb                leds_init
                0x0000000000013b42                leds_single_on
                0x0000000000013ba1                leds_single_off
                0x0000000000013c00                leds_single_toggle
                0x0000000000013c32                leds_on
                0x0000000000013cb4                leds_off
                0x0000000000013d36                leds_toggle
                0x0000000000013d8b                leds_set
                0x0000000000013db7                leds_get
 .text          0x0000000000013e44      0x343 build/cooja/mtype12.a(gpio-hal-arch.o)
                0x0000000000013e44                gpio_hal_arch_register_pin_callback
                0x0000000000013eb0                gpio_hal_arch_init
                0x0000000000013ef5                gpio_hal_arch_no_port_interrupt_enable
                0x0000000000013f25                gpio_hal_arch_no_port_interrupt_disable
                0x0000000000013f55                gpio_hal_arch_no_port_pin_cfg_set
                0x0000000000013f7a                gpio_hal_arch_no_port_pin_cfg_get
                0x0000000000013fa0                gpio_hal_arch_no_port_pin_set_input
                0x0000000000013fb2                gpio_hal_arch_no_port_pin_set_output
                0x0000000000013fc4                gpio_hal_arch_no_port_set_pin
                0x0000000000013fe5                gpio_hal_arch_no_port_clear_pin
                0x0000000000014006                gpio_hal_arch_no_port_read_pin
                0x000000000001402c                gpio_hal_arch_no_port_write_pin
                0x0000000000014056                gpio_hal_arch_no_port_set_pins
                0x000000000001409d                gpio_hal_arch_no_port_clear_pins
                0x00000000000140e4                gpio_hal_arch_no_port_read_pins
                0x0000000000014127                gpio_hal_arch_no_port_write_pins
 .text          0x0000000000014187       0x89 build/cooja/mtype12.a(buttons.o)
 .text          0x0000000000014210      0x27b build/cooja/mtype12.a(coap-blocking-a)
                0x0000000000014210                coap_blocking_request_callback
                0x000000000001423a                coap_blocking_request
 .text          0x000000000001448b      0x733 build/cooja/mtype12.a(coap-uip.o)
                0x000000000001448b                coap_endpoint_log
                0x0000000000014511                coap_endpoint_print
                0x0000000000014597                coap_endpoint_snprint
                0x00000000000146ca                coap_endpoint_copy
                0x0000000000014707                coap_endpoint_cmp
                0x0000000000014815                coap_endpoint_parse
                0x0000000000014a00                coap_endpoint_is_secure
                0x0000000000014a0f                coap_endpoint_is_connected
                0x0000000000014a43                coap_endpoint_connect
                0x0000000000014a5f                coap_endpoint_disconnect
                0x0000000000014a65                coap_databuf
                0x0000000000014a6f                coap_transport_init
                0x0000000000014abf                coap_sendto
 .text          0x0000000000014bbe      0x2c6 build/cooja/mtype12.a(coap-transactio)
                0x0000000000014c24                coap_new_transaction
                0x0000000000014c8a                coap_send_transaction
                0x0000000000014deb                coap_clear_transaction
                0x0000000000014e33                coap_get_transaction_by_mid
 .text          0x0000000000014e84     0x1c53 build/cooja/mtype12.a(coap.o)
                0x00000000000153f1                coap_init_connection
                0x0000000000015405                coap_get_mid
                0x0000000000015421                coap_init_message
                0x000000000001546a                coap_serialize_message
                0x0000000000015aec                coap_parse_message
                0x0000000000016153                coap_get_query_variable
                0x0000000000016195                coap_get_post_variable
                0x00000000000161d9                coap_set_status_code
                0x00000000000161fe                coap_set_token
                0x0000000000016245                coap_get_header_content_format
                0x0000000000016276                coap_set_header_content_format
                0x0000000000016299                coap_get_header_accept
                0x00000000000162ca                coap_set_header_accept
                0x00000000000162ed                coap_get_header_max_age
                0x000000000001631e                coap_set_header_max_age
                0x000000000001633e                coap_get_header_etag
                0x0000000000016370                coap_set_header_etag
                0x00000000000163c7                coap_get_header_if_match
                0x00000000000163f9                coap_set_header_if_match
                0x0000000000016450                coap_get_header_if_none_match
                0x000000000001646a                coap_set_header_if_none_match
                0x0000000000016481                coap_get_header_proxy_uri
                0x00000000000164af                coap_set_header_proxy_uri
                0x00000000000164ec                coap_get_header_uri_host
                0x000000000001651a                coap_set_header_uri_host
                0x0000000000016557                coap_get_header_uri_path
                0x0000000000016585                coap_set_header_uri_path
                0x00000000000165d2                coap_get_header_uri_query
                0x0000000000016606                coap_set_header_uri_query
                0x000000000001665c                coap_get_header_location_path
                0x000000000001668a                coap_set_header_location_path
                0x0000000000016723                coap_get_header_location_query
                0x0000000000016751                coap_set_header_location_query
                0x000000000001679e                coap_get_header_observe
                0x00000000000167cd                coap_set_header_observe
                0x00000000000167ed                coap_get_header_block2
                0x0000000000016859                coap_set_header_block2
                0x00000000000168d0                coap_get_header_block1
                0x0000000000016945                coap_set_header_block1
                0x00000000000169c0                coap_get_header_size2
                0x00000000000169f0                coap_set_header_size2
                0x0000000000016a13                coap_get_header_size1
                0x0000000000016a43                coap_set_header_size1
                0x0000000000016a66                coap_get_payload
                0x0000000000016aa0                coap_set_payload
 .text          0x0000000000016ad7      0x337 build/cooja/mtype12.a(contiki-main.o)
                0x0000000000016ad7                main
 .text          0x0000000000016e0e       0x92 build/cooja/mtype12.a(autostart.o)
                0x0000000000016e0e                autostart_start
                0x0000000000016e58                autostart_exit
 .text          0x0000000000016ea0      0x355 build/cooja/mtype12.a(ctimer.o)
                0x0000000000016fc8                ctimer_init
                0x0000000000016ffb                ctimer_set
                0x0000000000017021                ctimer_set_with_process
                0x000000000001709e                ctimer_reset
                0x00000000000170f2                ctimer_restart
                0x0000000000017146                ctimer_stop
                0x0000000000017196                ctimer_expired
 .text          0x00000000000171f5      0x394 build/cooja/mtype12.a(log.o)
                0x00000000000171f5                log_6addr
                0x0000000000017248                log_6addr_compact_snprint
                0x00000000000172e6                log_6addr_compact
                0x0000000000017339                log_lladdr
                0x00000000000173ab                log_lladdr_compact
                0x0000000000017413                log_set_level
                0x00000000000174ce                log_get_level
                0x0000000000017547                log_level_to_str
 .text          0x0000000000017589       0x1b build/cooja/mtype12.a(energest.o)
                0x0000000000017589                energest_init
                0x000000000001758f                energest_flush
                0x0000000000017595                energest_get_total_time
 .text          0x00000000000175a4      0x43f build/cooja/mtype12.a(etimer.o)
                0x00000000000177c8                etimer_request_poll
                0x0000000000017851                etimer_set
                0x000000000001787a                etimer_reset_with_new_interval
                0x00000000000178a9                etimer_reset
                0x00000000000178cf                etimer_restart
                0x00000000000178f5                etimer_adjust
                0x0000000000017912                etimer_expired
                0x0000000000017925                etimer_expiration_time
                0x0000000000017937                etimer_start_time
                0x0000000000017941                etimer_pending
                0x0000000000017953                etimer_next_expiration_time
                0x000000000001796d                etimer_stop
 .text          0x00000000000179e3       0x25 build/cooja/mtype12.a(node-id.o)
                0x00000000000179e3                node_id_init
 .text          0x0000000000017a08       0xeb build/cooja/mtype12.a(rtimer.o)
                0x0000000000017a08                rtimer_init
                0x0000000000017a16                rtimer_set
                0x0000000000017a91                rtimer_run_next
 .text          0x0000000000017af3      0x4fb build/cooja/mtype12.a(process.o)
                0x0000000000017af3                process_alloc_event
                0x0000000000017b08                process_start
                0x0000000000017ce2                process_exit
                0x0000000000017cff                process_init
                0x0000000000017e94                process_run
                0x0000000000017ec7                process_nevents
                0x0000000000017ee2                process_post
                0x0000000000017f75                process_post_synch
                0x0000000000017faa                process_poll
                0x0000000000017fda                process_is_running
 .text          0x0000000000017fee       0xb1 build/cooja/mtype12.a(timer.o)
                0x0000000000017fee                timer_set
                0x000000000001800c                timer_reset
                0x0000000000018039                timer_restart
                0x000000000001804e                timer_expired
                0x000000000001807b                timer_remaining
 .text          0x000000000001809f      0x28f build/cooja/mtype12.a(list.o)
                0x000000000001809f                list_init
                0x00000000000180ae                list_head
                0x00000000000180b8                list_copy
                0x00000000000180c8                list_tail
                0x00000000000180fe                list_add
                0x000000000001814a                list_push
                0x0000000000018176                list_chop
                0x00000000000181e0                list_pop
                0x0000000000018208                list_remove
                0x0000000000018270                list_length
                0x000000000001829e                list_insert
                0x00000000000182e3                list_item_next
                0x00000000000182fa                list_contains
 .text          0x000000000001832e      0x1b5 build/cooja/mtype12.a(memb.o)
                0x000000000001832e                memb_init
                0x0000000000018383                memb_alloc
                0x00000000000183e6                memb_free
                0x000000000001845d                memb_inmemb
                0x000000000001849c                memb_numfree
 .text          0x00000000000184e3      0x41c build/cooja/mtype12.a(button-hal.o)
                0x000000000001865c                button_hal_get_by_id
                0x000000000001869a                button_hal_get_by_index
                0x00000000000186c6                button_hal_get_state
                0x0000000000018718                button_hal_init
 .text          0x00000000000188ff      0x1f3 build/cooja/mtype12.a(serial-line.o)
                0x00000000000188ff                serial_line_input_byte
                0x0000000000018abd                serial_line_init
 .text          0x0000000000018af2      0x168 build/cooja/mtype12.a(gpio-hal.o)
                0x0000000000018af2                gpio_hal_register_handler
                0x0000000000018b0f                gpio_hal_event_handler
                0x0000000000018b6b                gpio_hal_init
                0x0000000000018b8a                gpio_hal_arch_port_toggle_pin
                0x0000000000018bc6                gpio_hal_arch_port_toggle_pins
                0x0000000000018bf4                gpio_hal_arch_no_port_toggle_pin
                0x0000000000018c32                gpio_hal_arch_no_port_toggle_pins
 .text          0x0000000000018c5a      0x2e7 build/cooja/mtype12.a(queuebuf.o)
                0x0000000000018c64                queuebuf_init
                0x0000000000018c8d                queuebuf_numfree
                0x0000000000018ca5                queuebuf_new_from_packetbuf
                0x0000000000018d44                queuebuf_update_attr_from_packetbuf
                0x0000000000018d79                queuebuf_update_from_packetbuf
                0x0000000000018dc9                queuebuf_free
                0x0000000000018e12                queuebuf_to_packetbuf
                0x0000000000018e7e                queuebuf_dataptr
                0x0000000000018eb8                queuebuf_datalen
                0x0000000000018edb                queuebuf_addr
                0x0000000000018f10                queuebuf_attr
                0x0000000000018f3b                queuebuf_debug_print
 .text          0x0000000000018f41      0x407 build/cooja/mtype12.a(packetbuf.o)
                0x0000000000018f41                packetbuf_clear
                0x0000000000018f6c                packetbuf_copyfrom
                0x0000000000018fbb                packetbuf_copyto
                0x000000000001904e                packetbuf_hdralloc
                0x00000000000190ca                packetbuf_hdrreduce
                0x0000000000019110                packetbuf_set_datalen
                0x000000000001912a                packetbuf_dataptr
                0x0000000000019147                packetbuf_hdrptr
                0x0000000000019151                packetbuf_datalen
                0x000000000001915d                packetbuf_hdrlen
                0x0000000000019174                packetbuf_totlen
                0x000000000001918a                packetbuf_remaininglen
                0x000000000001919d                packetbuf_attr_clear
                0x00000000000191e9                packetbuf_attr_copyto
                0x0000000000019241                packetbuf_attr_copyfrom
                0x0000000000019299                packetbuf_set_attr
                0x00000000000192c3                packetbuf_attr
                0x00000000000192dd                packetbuf_set_addr
                0x000000000001930e                packetbuf_addr
                0x000000000001932b                packetbuf_holds_broadcast
 .text          0x0000000000019348       0xef build/cooja/mtype12.a(netstack.o)
                0x0000000000019348                netstack_process_ip_callback
                0x00000000000193d9                netstack_ip_packet_processor_add
                0x00000000000193fc                uip_ds6_ip_packet_processor_rm
                0x0000000000019419                netstack_init
 .text          0x0000000000019437       0x4f build/cooja/mtype12.a(linkaddr.o)
                0x0000000000019437                linkaddr_copy
                0x000000000001944d                linkaddr_cmp
                0x0000000000019470                linkaddr_set_node_addr
 .text          0x0000000000019486      0x1f6 build/cooja/mtype12.a(csma.o)
 .text          0x000000000001967c      0x95d build/cooja/mtype12.a(csma-output.o)
                0x0000000000019d13                csma_output_packet
                0x0000000000019fa0                csma_output_init
 .text          0x0000000000019fd9      0xc11 build/cooja/mtype12.a(uip-ds6.o)
                0x0000000000019fd9                uip_ds6_default_prefix
                0x0000000000019fe3                uip_ds6_set_default_prefix
                0x000000000001a00e                uip_ds6_init
                0x000000000001a270                uip_ds6_periodic
                0x000000000001a2f7                uip_ds6_list_loop
                0x000000000001a3b7                uip_ds6_prefix_add
                0x000000000001a463                uip_ds6_prefix_rm
                0x000000000001a476                uip_ds6_prefix_lookup
                0x000000000001a4b5                uip_ds6_is_addr_onlink
                0x000000000001a528                uip_ds6_addr_add
                0x000000000001a648                uip_ds6_addr_rm
                0x000000000001a6f1                uip_ds6_addr_lookup
                0x000000000001a72a                uip_ds6_get_link_local
                0x000000000001a7ab                uip_ds6_get_global
                0x000000000001a82c                uip_ds6_maddr_add
                0x000000000001a88c                uip_ds6_maddr_rm
                0x000000000001a89f                uip_ds6_maddr_lookup
                0x000000000001a8d8                uip_ds6_aaddr_add
                0x000000000001a938                uip_ds6_aaddr_rm
                0x000000000001a94b                uip_ds6_aaddr_lookup
                0x000000000001a984                uip_ds6_select_src
                0x000000000001aacd                uip_ds6_set_addr_iid
                0x000000000001aaf8                uip_ds6_set_lladdr_from_iid
                0x000000000001ab21                get_match_length
                0x000000000001abb2                uip_ds6_compute_reachable_time
 .text          0x000000000001abea      0x128 build/cooja/mtype12.a(uip-udp-packet.)
                0x000000000001abea                uip_udp_packet_send
                0x000000000001ac45                uip_udp_packet_sendto
 .text          0x000000000001ad12      0x35b build/cooja/mtype12.a(uip-ds6-route.o)
                0x000000000001ad63                uip_ds6_route_init
                0x000000000001ad8d                uip_ds6_route_nexthop
                0x000000000001ad97                uip_ds6_route_head
                0x000000000001ada1                uip_ds6_route_next
                0x000000000001adab                uip_ds6_route_is_nexthop
                0x000000000001adb5                uip_ds6_route_num_routes
                0x000000000001adbf                uip_ds6_route_lookup
                0x000000000001adc9                uip_ds6_route_add
                0x000000000001addc                uip_ds6_route_rm
                0x000000000001ade2                uip_ds6_route_rm_by_nexthop
                0x000000000001ade8                uip_ds6_defrt_head
                0x000000000001ae01                uip_ds6_defrt_add
                0x000000000001aeaf                uip_ds6_defrt_rm
                0x000000000001af15                uip_ds6_defrt_lookup
                0x000000000001af7c                uip_ds6_defrt_choose
                0x000000000001aff2                uip_ds6_defrt_periodic
 .text          0x000000000001b06d      0x73a build/cooja/mtype12.a(tcpip.o)
                0x000000000001b087                tcpip_output
                0x000000000001b106                udp_attach
                0x000000000001b11e                udp_new
                0x000000000001b168                udp_broadcast_new
                0x000000000001b2da                tcpip_input
                0x000000000001b4a6                tcpip_ipv6_output
                0x000000000001b69a                tcpip_poll_udp
                0x000000000001b6b8                tcpip_uipcall
 .text          0x000000000001b7a7     0x1205 build/cooja/mtype12.a(uip6.o)
                0x000000000001b856                uip_chksum
                0x000000000001b92d                uip_icmp6chksum
                0x000000000001b942                uip_udpchksum
                0x000000000001b957                uip_init
                0x000000000001b9a0                uip_remove_ext_hdr
                0x000000000001ba7a                uip_udp_new
                0x000000000001bd8e                uip_process
                0x000000000001c886                uip_htons
                0x000000000001c8a8                uip_htonl
                0x000000000001c8e6                uip_send
 .text          0x000000000001c9ac      0x369 build/cooja/mtype12.a(uip-ds6-nbr.o)
                0x000000000001c9ac                uip_ds6_neighbors_init
                0x000000000001c9d0                uip_ds6_nbr_add
                0x000000000001ca56                uip_ds6_nbr_rm
                0x000000000001caa1                uip_ds6_nbr_update_ll
                0x000000000001cb8f                uip_ds6_nbr_get_ipaddr
                0x000000000001cba4                uip_ds6_nbr_get_ll
                0x000000000001cbc0                uip_ds6_nbr_num
                0x000000000001cc09                uip_ds6_nbr_head
                0x000000000001cc22                uip_ds6_nbr_next
                0x000000000001cc3e                uip_ds6_nbr_lookup
                0x000000000001cc96                uip_ds6_nbr_ll_lookup
                0x000000000001ccb2                uip_ds6_nbr_ipaddr_from_lladdr
                0x000000000001ccdb                uip_ds6_nbr_lladdr_from_ipaddr
                0x000000000001cd0f                uip_ds6_link_callback
 .text          0x000000000001cd15      0x6a7 build/cooja/mtype12.a(uip-nd6.o)
                0x000000000001d3a3                uip_nd6_init
 .text          0x000000000001d3bc      0x3b0 build/cooja/mtype12.a(simple-udp.o)
                0x000000000001d3e9                simple_udp_send
                0x000000000001d44c                simple_udp_sendto
                0x000000000001d4a7                simple_udp_sendto_port
                0x000000000001d500                simple_udp_register
 .text          0x000000000001d76c     0x2c17 build/cooja/mtype12.a(sicslowpan.o)
                0x000000000001dd73                netstack_sniffer_add
                0x000000000001dd81                netstack_sniffer_remove
                0x0000000000020357                sicslowpan_init
                0x0000000000020379                sicslowpan_get_last_rssi
 .text          0x0000000000020383      0x4d1 build/cooja/mtype12.a(uiplib.o)
                0x0000000000020383                uiplib_ip6addrconv
                0x000000000002053b                uiplib_ip4addrconv
                0x00000000000205fe                uiplib_ipaddr_print
                0x0000000000020651                uiplib_ipaddr_snprint
 .text          0x0000000000020854      0x4c9 build/cooja/mtype12.a(rpl.o)
                0x0000000000020854                rpl_lollipop_greater_than
                0x00000000000208ae                rpl_get_global_address
                0x00000000000209a6                rpl_link_callback
                0x00000000000209ea                rpl_has_joined
                0x0000000000020a0f                rpl_is_reachable
                0x0000000000020a90                rpl_reset_prefix
                0x0000000000020afa                rpl_set_prefix_from_addr
                0x0000000000020bdf                rpl_set_prefix
                0x0000000000020cf9                rpl_set_leaf_only
                0x0000000000020d11                rpl_get_leaf_only
 .text          0x0000000000020d1d     0x138c build/cooja/mtype12.a(rpl-icmp6.o)
                0x0000000000020e42                rpl_icmp6_update_nbr_table
                0x0000000000020ecb                rpl_icmp6_dis_output
                0x0000000000021511                rpl_icmp6_dio_output
                0x0000000000021d0f                rpl_icmp6_dao_output
                0x0000000000021ff0                rpl_icmp6_dao_ack_output
                0x0000000000022060                rpl_icmp6_init
 .text          0x00000000000220a9      0x264 build/cooja/mtype12.a(rpl-dag-root.o)
                0x00000000000220a9                rpl_dag_root_print_links
                0x00000000000221d5                rpl_dag_root_set_prefix
                0x0000000000022201                rpl_dag_root_start
                0x00000000000222de                rpl_dag_root_is_root
 .text          0x000000000002230d      0x1fe build/cooja/mtype12.a(slip-bridge.o)
                0x000000000002230d                request_prefix
 .text          0x000000000002250b      0x68a build/cooja/mtype12.a(slip.o)
                0x000000000002250b                slip_set_input_callback
                0x0000000000022519                slip_send
                0x000000000002253d                slip_write
                0x0000000000022a53                slip_input_byte
 .text          0x0000000000022b95       0x30 build/cooja/mtype12.a(watchdog.o)
                0x0000000000022b95                watchdog_init
                0x0000000000022b9b                watchdog_start
                0x0000000000022ba1                watchdog_periodic
                0x0000000000022bb9                watchdog_stop
                0x0000000000022bbf                watchdog_reboot
 .text          0x0000000000022bc5       0x4a build/cooja/mtype12.a(int-master.o)
                0x0000000000022bc5                int_master_enable
                0x0000000000022bd5                int_master_read_and_disable
                0x0000000000022bf2                int_master_status_set
                0x0000000000022c00                int_master_is_enabled
 .text          0x0000000000022c0f       0x19 build/cooja/mtype12.a(slip-arch.o)
                0x0000000000022c0f                slip_arch_init
 .text          0x0000000000022c28      0x11a build/cooja/mtype12.a(rpl-border-rout)
                0x0000000000022c28                print_local_addresses
                0x0000000000022cfe                set_prefix_64
                0x0000000000022d27                rpl_border_router_init
 .text          0x0000000000022d42      0xbea build/cooja/mtype12.a(coap-engine.o)
                0x0000000000022dd7                coap_add_handler
                0x0000000000022df4                coap_remove_handler
                0x0000000000022e11                coap_call_handlers
                0x0000000000022f19                coap_receive
                0x0000000000023514                coap_engine_init
                0x0000000000023572                coap_activate_resource
                0x000000000002361d                coap_get_first_resource
                0x0000000000023636                coap_get_next_resource
 .text          0x000000000002392c      0x2d9 build/cooja/mtype12.a(coap-res-well-k)
 .text          0x0000000000023c05      0x96a build/cooja/mtype12.a(coap-observe.o)
                0x0000000000023d1a                coap_remove_observer
                0x0000000000023d4a                coap_remove_observer_by_client
                0x0000000000023db2                coap_remove_observer_by_token
                0x0000000000023e45                coap_remove_observer_by_uri
                0x0000000000023eec                coap_remove_observer_by_mid
                0x0000000000023f68                coap_notify_observers
                0x0000000000023f81                coap_notify_observers_sub
                0x00000000000243eb                coap_observe_handler
                0x0000000000024506                coap_has_observers
 .text          0x000000000002456f      0x324 build/cooja/mtype12.a(coap-timer.o)
                0x000000000002466c                coap_timer_stop
                0x0000000000024697                coap_timer_set
                0x00000000000246da                coap_timer_reset
                0x000000000002471d                coap_timer_time_to_next_expiration
                0x0000000000024789                coap_timer_run
                0x0000000000024855                coap_timer_init
 .text          0x0000000000024893       0xc7 build/cooja/mtype12.a(stimer.o)
                0x0000000000024893                stimer_set
                0x00000000000248b1                stimer_reset
                0x00000000000248de                stimer_restart
                0x00000000000248f3                stimer_expired
                0x000000000002491e                stimer_remaining
                0x0000000000024942                stimer_elapsed
 .text          0x000000000002495a      0x156 build/cooja/mtype12.a(ringbuf.o)
                0x000000000002495a                ringbuf_init
                0x000000000002498c                ringbuf_put
                0x0000000000024a0a                ringbuf_get
                0x0000000000024a77                ringbuf_size
                0x0000000000024a89                ringbuf_elements
 .text          0x0000000000024ab0       0x1f build/cooja/mtype12.a(assert.o)
                0x0000000000024ab0                _xassert
 .text          0x0000000000024acf      0x79b build/cooja/mtype12.a(nbr-table.o)
                0x0000000000024f48                nbr_table_register
                0x0000000000024fb5                nbr_table_is_registered
                0x0000000000024ff0                nbr_table_head
                0x000000000002504b                nbr_table_next
                0x00000000000250ac                nbr_table_add_lladdr
                0x0000000000025186                nbr_table_get_from_lladdr
                0x00000000000251d2                nbr_table_remove
                0x000000000002520a                nbr_table_lock
                0x0000000000025224                nbr_table_unlock
                0x000000000002523e                nbr_table_get_lladdr
 .text          0x000000000002526a      0x3a5 build/cooja/mtype12.a(link-stats.o)
                0x000000000002526a                link_stats_from_lladdr
                0x0000000000025286                link_stats_get_lladdr
                0x00000000000252a2                link_stats_is_fresh
                0x00000000000252de                guess_etx_from_rssi
                0x000000000002535a                link_stats_packet_sent
                0x000000000002547a                link_stats_input_callback
                0x000000000002558a                link_stats_reset
                0x00000000000255da                link_stats_init
 .text          0x000000000002560f      0x187 build/cooja/mtype12.a(mac-sequence.o)
                0x000000000002560f                mac_sequence_is_duplicate
                0x00000000000256af                mac_sequence_register_seqno
 .text          0x0000000000025796       0x23 build/cooja/mtype12.a(mac.o)
                0x0000000000025796                mac_call_sent_callback
 .text          0x00000000000257b9      0x432 build/cooja/mtype12.a(framer-802154.o)
                0x0000000000025948                framer_802154_setup_params
 .text          0x0000000000025beb      0xb6f build/cooja/mtype12.a(frame802154.o)
                0x0000000000025c1c                frame802154_get_pan_id
                0x0000000000025c28                frame802154_set_pan_id
                0x0000000000025c42                frame802154_has_panid
                0x0000000000025df1                frame802154_check_dest_panid
                0x0000000000025e79                frame802154_is_broadcast_addr
                0x0000000000025ec6                frame802154_extract_linkaddr
                0x000000000002612b                frame802154_hdrlen
                0x000000000002619e                frame802154_create_fcf
                0x0000000000026256                frame802154_create
                0x00000000000263cb                frame802154_parse_fcf
                0x00000000000264ad                frame802154_parse
 .text          0x000000000002675a       0x2d build/cooja/mtype12.a(csma-security.o)
                0x000000000002675a                csma_security_create_frame
                0x0000000000026778                csma_security_parse_frame
 .text          0x0000000000026787      0x4e4 build/cooja/mtype12.a(uipbuf.o)
                0x0000000000026787                uipbuf_clear
                0x00000000000267ae                uipbuf_add_ext_hdr
                0x000000000002682e                uipbuf_set_len
                0x000000000002685b                uipbuf_set_len_field
                0x0000000000026887                uipbuf_get_len_field
                0x00000000000268a7                uipbuf_get_next_header
                0x00000000000269d9                uipbuf_get_last_header
                0x0000000000026a52                uipbuf_search_header
                0x0000000000026b08                uipbuf_get_attr
                0x0000000000026b2f                uipbuf_set_attr
                0x0000000000026b66                uipbuf_set_default_attr
                0x0000000000026b9d                uipbuf_clear_attr
                0x0000000000026bc1                uipbuf_set_attr_flag
                0x0000000000026be2                uipbuf_clr_attr_flag
                0x0000000000026c09                uipbuf_is_attr_flag
                0x0000000000026c2d                uipbuf_init
 .text          0x0000000000026c6b      0x73f build/cooja/mtype12.a(uip-icmp6.o)
                0x0000000000026ce0                uip_icmp6_input
                0x0000000000026d37                uip_icmp6_register_input_handler
                0x0000000000026e8a                uip_icmp6_error_output
                0x000000000002713b                uip_icmp6_send
                0x0000000000027332                uip_icmp6_echo_reply_callback_add
                0x0000000000027364                uip_icmp6_echo_reply_callback_rm
                0x0000000000027381                uip_icmp6_init
 .text          0x00000000000273aa      0x69b build/cooja/mtype12.a(uip-sr.o)
                0x00000000000273aa                uip_sr_num_nodes
                0x0000000000027438                uip_sr_get_node
                0x000000000002748f                uip_sr_is_addr_reachable
                0x000000000002753d                uip_sr_expire_parent
                0x0000000000027586                uip_sr_update_node
                0x00000000000276b6                uip_sr_init
                0x00000000000276ea                uip_sr_node_head
                0x0000000000027703                uip_sr_node_next
                0x0000000000027719                uip_sr_periodic
                0x000000000002781f                uip_sr_free_all
                0x000000000002788f                uip_sr_link_snprint
 .text          0x0000000000027a45      0x146 build/cooja/mtype12.a(uip-packetqueue)
                0x0000000000027a73                uip_packetqueue_new
                0x0000000000027a82                uip_packetqueue_alloc
                0x0000000000027add                uip_packetqueue_free
                0x0000000000027b24                uip_packetqueue_buf
                0x0000000000027b41                uip_packetqueue_buflen
                0x0000000000027b62                uip_packetqueue_set_buflen
 .text          0x0000000000027b8b      0x1b0 build/cooja/mtype12.a(rpl-nbr-policy.)
                0x0000000000027cf8                rpl_nbr_policy_find_removable
 .text          0x0000000000027d3b      0x915 build/cooja/mtype12.a(rpl-neighbor.o)
                0x0000000000027db7                rpl_neighbor_snprint
                0x000000000002806a                rpl_neighbor_print_list
                0x000000000002811f                rpl_neighbor_count
                0x00000000000281c6                rpl_neighbor_get_from_lladdr
                0x00000000000281e2                rpl_neighbor_is_acceptable_parent
                0x0000000000028216                rpl_neighbor_get_link_metric
                0x000000000002824a                rpl_neighbor_rank_via_nbr
                0x000000000002827e                rpl_neighbor_get_lladdr
                0x000000000002829a                rpl_neighbor_get_ipaddr
                0x00000000000282c1                rpl_neighbor_get_link_stats
                0x00000000000282e8                rpl_neighbor_is_fresh
                0x000000000002830f                rpl_neighbor_is_reachable
                0x000000000002835a                rpl_neighbor_is_parent
                0x0000000000028384                rpl_neighbor_set_preferred_parent
                0x000000000002841b                rpl_neighbor_remove_all
                0x0000000000028477                rpl_neighbor_get_from_ipaddr
                0x0000000000028585                rpl_neighbor_select_best
                0x0000000000028631                rpl_neighbor_init
 .text          0x0000000000028650      0xe69 build/cooja/mtype12.a(rpl-dag.o)
                0x0000000000028650                rpl_dag_state_to_str
                0x000000000002868f                rpl_dag_get_root_ipaddr
                0x00000000000286d7                rpl_dag_leave
                0x0000000000028760                rpl_dag_poison_and_leave
                0x0000000000028778                rpl_dag_periodic
                0x0000000000028800                rpl_is_addr_in_our_dag
                0x0000000000028844                rpl_get_default_instance
                0x0000000000028860                rpl_get_any_dag
                0x00000000000288b9                rpl_refresh_routes
                0x00000000000288f9                rpl_global_repair
                0x0000000000028992                rpl_local_repair
                0x00000000000289dc                rpl_dag_ready_to_advertise
                0x0000000000028a1f                rpl_dag_update_state
                0x000000000002914c                rpl_process_dio
                0x00000000000291ca                rpl_process_dis
                0x000000000002920f                rpl_process_dao
                0x000000000002929e                rpl_process_dao_ack
                0x0000000000029335                rpl_process_hbh
                0x0000000000029385                rpl_dag_init_root
                0x0000000000029499                rpl_dag_init
 .text          0x00000000000294b9      0x9e7 build/cooja/mtype12.a(rpl-timers.o)
                0x00000000000294b9                rpl_timers_schedule_periodic_dis
                0x0000000000029607                rpl_timers_dio_reset
                0x0000000000029715                rpl_timers_schedule_unicast_dio
                0x0000000000029869                rpl_timers_schedule_dao
                0x0000000000029928                rpl_timers_schedule_dao_ack
                0x00000000000299ae                rpl_timers_notify_dao_ack
                0x0000000000029a0c                get_probing_delay
                0x0000000000029a40                get_probing_target
                0x0000000000029c2a                rpl_schedule_probing
                0x0000000000029c58                rpl_schedule_probing_now
                0x0000000000029cc2                rpl_timers_unschedule_leaving
                0x0000000000029cfa                rpl_timers_schedule_leaving
                0x0000000000029d3b                rpl_timers_init
                0x0000000000029dcb                rpl_timers_stop_dag_timers
                0x0000000000029e44                rpl_timers_unschedule_state_update
                0x0000000000029e68                rpl_timers_schedule_state_update
 .text          0x0000000000029ea0      0xb8e build/cooja/mtype12.a(rpl-ext-header.)
                0x0000000000029ea0                rpl_ext_header_srh_get_next_hop
                0x0000000000029f87                rpl_ext_header_srh_update
                0x000000000002a4f3                rpl_ext_header_hbh_update
                0x000000000002a7f3                rpl_ext_header_update
                0x000000000002a87c                rpl_ext_header_remove
 .text          0x000000000002aa2e      0x31b build/cooja/mtype12.a(rpl-mrhof.o)
 .text          0x000000000002ad49      0x1d8 build/cooja/mtype12.a(border-router-e)
 .text          0x000000000002af21      0x226 build/cooja/mtype12.a(coap-timer-defa)
 *fill*         0x000000000002b147        0x9 
 .text          0x000000000002b150      0x122 /usr/lib/gcc/i686-linux-gnu/5/libgcc.a(_udivdi3.o)
                0x000000000002b150                __udivdi3
 .text          0x000000000002b272        0x0 /usr/lib/gcc/i686-linux-gnu/5/crtendS.o
 .text          0x000000000002b272        0x0 /usr/lib/gcc/i686-linux-gnu/5/../../../i386-linux-gnu/crtn.o
 *(.gnu.warning)

.fini           0x000000000002b274       0x14
 *(SORT(.fini))
 .fini          0x000000000002b274        0xf /usr/lib/gcc/i686-linux-gnu/5/../../../i386-linux-gnu/crti.o
                0x000000000002b274                _fini
 .fini          0x000000000002b283        0x5 /usr/lib/gcc/i686-linux-gnu/5/../../../i386-linux-gnu/crtn.o
                [!provide]                        PROVIDE (__etext, .)
                [!provide]                        PROVIDE (_etext, .)
                [!provide]                        PROVIDE (etext, .)

.rodata         0x000000000002b2a0      0xb78
 *(.rodata .rodata.* .gnu.linkonce.r.*)
 .rodata        0x000000000002b2a0      0x119 client.o
                0x000000000002b2c0                autostart_processes
 *fill*         0x000000000002b3b9        0x3 
 .rodata        0x000000000002b3bc        0x8 build/cooja/mtype12.a(beep.o)
                0x000000000002b3bc                beep_interface
 .rodata        0x000000000002b3c4        0xe build/cooja/mtype12.a(leds-arch.o)
                0x000000000002b3c4                leds_interface
                0x000000000002b3cc                leds_arch_leds
 *fill*         0x000000000002b3d2        0x2 
 .rodata        0x000000000002b3d4        0x8 build/cooja/mtype12.a(moteid.o)
                0x000000000002b3d4                moteid_interface
 .rodata        0x000000000002b3dc       0x1c build/cooja/mtype12.a(pir-sensor.o)
                0x000000000002b3dc                pir_interface
                0x000000000002b3e8                pir_sensor
 .rodata        0x000000000002b3f8        0xe build/cooja/mtype12.a(rs232.o)
                0x000000000002b3f8                rs232_interface
 *fill*         0x000000000002b406        0x2 
 .rodata        0x000000000002b408       0x24 build/cooja/mtype12.a(vib-sensor.o)
                0x000000000002b408                vib_interface
                0x000000000002b41c                vib_sensor
 .rodata        0x000000000002b42c        0x8 build/cooja/mtype12.a(clock.o)
                0x000000000002b42c                clock_interface
 .rodata        0x000000000002b434        0x8 build/cooja/mtype12.a(cooja-log.o)
                0x000000000002b434                simlog_interface
 .rodata        0x000000000002b43c       0x2f build/cooja/mtype12.a(cfs-cooja.o)
                0x000000000002b43c                cfs_interface
 *fill*         0x000000000002b46b       0x15 
 .rodata        0x000000000002b480       0xb8 build/cooja/mtype12.a(cooja-radio.o)
                0x000000000002b480                radio_interface
                0x000000000002b500                cooja_radio_driver
 .rodata        0x000000000002b538        0x8 build/cooja/mtype12.a(eeprom.o)
                0x000000000002b538                eeprom_interface
 .rodata        0x000000000002b540        0x8 build/cooja/mtype12.a(sensors.o)
 .rodata        0x000000000002b548       0x2c build/cooja/mtype12.a(buttons.o)
                0x000000000002b548                button_interface
                0x000000000002b55c                button_hal_button_count
                0x000000000002b564                button_sensor
 .rodata        0x000000000002b574       0x35 build/cooja/mtype12.a(coap-uip.o)
 *fill*         0x000000000002b5a9        0x3 
 .rodata        0x000000000002b5ac      0x1ac build/cooja/mtype12.a(coap.o)
 .rodata        0x000000000002b758       0xf8 build/cooja/mtype12.a(contiki-main.o)
 .rodata        0x000000000002b850        0xf build/cooja/mtype12.a(ctimer.o)
 *fill*         0x000000000002b85f        0x1 
 .rodata        0x000000000002b860       0xc4 build/cooja/mtype12.a(log.o)
 .rodata        0x000000000002b924        0xc build/cooja/mtype12.a(etimer.o)
 .rodata        0x000000000002b930       0x13 build/cooja/mtype12.a(button-hal.o)
 .rodata        0x000000000002b943        0xe build/cooja/mtype12.a(serial-line.o)
 *fill*         0x000000000002b951        0x3 
 .rodata        0x000000000002b954        0x8 build/cooja/mtype12.a(linkaddr.o)
                0x000000000002b954                linkaddr_null
 .rodata        0x000000000002b95c       0x24 build/cooja/mtype12.a(csma.o)
                0x000000000002b964                csma_driver
 .rodata        0x000000000002b980       0x2a build/cooja/mtype12.a(csma-output.o)
 *fill*         0x000000000002b9aa        0x2 
 .rodata        0x000000000002b9ac       0x4d build/cooja/mtype12.a(uip-ds6-route.o)
 .rodata        0x000000000002b9f9        0xd build/cooja/mtype12.a(tcpip.o)
 .rodata        0x000000000002ba06       0x13 build/cooja/mtype12.a(simple-udp.o)
 *fill*         0x000000000002ba19        0x3 
 .rodata        0x000000000002ba1c       0x30 build/cooja/mtype12.a(sicslowpan.o)
                0x000000000002ba1c                unc_llconf
                0x000000000002ba20                unc_ctxconf
                0x000000000002ba24                unc_mxconf
                0x000000000002ba28                llprefix
                0x000000000002ba3c                sicslowpan_driver
 .rodata        0x000000000002ba4c       0x2d build/cooja/mtype12.a(uiplib.o)
 *fill*         0x000000000002ba79        0x7 
 .rodata        0x000000000002ba80       0x74 build/cooja/mtype12.a(rpl.o)
                0x000000000002baa0                rpl_lite_driver
 .rodata        0x000000000002baf4       0x1c build/cooja/mtype12.a(slip-bridge.o)
                0x000000000002bb08                rpl_interface
 .rodata        0x000000000002bb10        0xc build/cooja/mtype12.a(slip.o)
 .rodata        0x000000000002bb1c       0x34 build/cooja/mtype12.a(rpl-border-rout)
 .rodata        0x000000000002bb50       0x41 build/cooja/mtype12.a(coap-engine.o)
 .rodata        0x000000000002bb91       0x19 build/cooja/mtype12.a(coap-res-well-k)
 .rodata        0x000000000002bbaa       0x11 build/cooja/mtype12.a(coap-observe.o)
 *fill*         0x000000000002bbbb        0x1 
 .rodata        0x000000000002bbbc       0x25 build/cooja/mtype12.a(assert.o)
 *fill*         0x000000000002bbe1        0x3 
 .rodata        0x000000000002bbe4        0xc build/cooja/mtype12.a(framer-802154.o)
                0x000000000002bbe4                framer_802154
 .rodata        0x000000000002bbf0       0x44 build/cooja/mtype12.a(uip-sr.o)
 .rodata        0x000000000002bc34       0x58 build/cooja/mtype12.a(rpl-neighbor.o)
 .rodata        0x000000000002bc8c       0xdb build/cooja/mtype12.a(rpl-dag.o)
 .rodata        0x000000000002bd67        0xc build/cooja/mtype12.a(rpl-timers.o)
 .rodata        0x000000000002bd73       0x83 build/cooja/mtype12.a(border-router-e)
 *fill*         0x000000000002bdf6        0x2 
 .rodata        0x000000000002bdf8       0x20 build/cooja/mtype12.a(coap-timer-defa)
                0x000000000002be0c                coap_timer_default_driver

.rodata1
 *(.rodata1)

.eh_frame_hdr   0x000000000002be18     0x1a84
 *(.eh_frame_hdr)
 .eh_frame_hdr  0x000000000002be18     0x1a84 client.o
                0x000000000002be18                __GNU_EH_FRAME_HDR
 *(.eh_frame_entry .eh_frame_entry.*)

.eh_frame       0x000000000002d89c     0x6b9c
 *(.eh_frame)
 .eh_frame      0x000000000002d89c       0x3c /usr/lib/gcc/i686-linux-gnu/5/../../../i386-linux-gnu/crti.o
                                         0x40 (size before relaxing)
 .eh_frame      0x000000000002d8d8       0x80 client.o
                                         0x98 (size before relaxing)
 .eh_frame      0x000000000002d958      0x178 build/cooja/mtype12.o
                                        0x190 (size before relaxing)
 .eh_frame      0x000000000002dad0       0x40 build/cooja/mtype12.a(simEnvChange.o)
                                         0x58 (size before relaxing)
 .eh_frame      0x000000000002db10       0x60 build/cooja/mtype12.a(cooja_mt.o)
                                         0x78 (size before relaxing)
 .eh_frame      0x000000000002db70       0x80 build/cooja/mtype12.a(cooja_mtarch.o)
                                         0x98 (size before relaxing)
 .eh_frame      0x000000000002dbf0       0xc8 build/cooja/mtype12.a(rtimer-arch.o)
                                         0xe0 (size before relaxing)
 .eh_frame      0x000000000002dcb8      0x160 build/cooja/mtype12.a(beep.o)
                                        0x178 (size before relaxing)
 .eh_frame      0x000000000002de18       0x80 build/cooja/mtype12.a(leds-arch.o)
                                         0x98 (size before relaxing)
 .eh_frame      0x000000000002de98       0x40 build/cooja/mtype12.a(moteid.o)
                                         0x58 (size before relaxing)
 .eh_frame      0x000000000002ded8       0xa0 build/cooja/mtype12.a(pir-sensor.o)
                                         0xb8 (size before relaxing)
 .eh_frame      0x000000000002df78      0x100 build/cooja/mtype12.a(rs232.o)
                                        0x118 (size before relaxing)
 .eh_frame      0x000000000002e078       0xa0 build/cooja/mtype12.a(vib-sensor.o)
                                         0xb8 (size before relaxing)
 .eh_frame      0x000000000002e118       0xc0 build/cooja/mtype12.a(clock.o)
                                         0xd8 (size before relaxing)
 .eh_frame      0x000000000002e1d8      0x120 build/cooja/mtype12.a(cooja-log.o)
                                        0x138 (size before relaxing)
 .eh_frame      0x000000000002e2f8      0x160 build/cooja/mtype12.a(cfs-cooja.o)
                                        0x178 (size before relaxing)
 .eh_frame      0x000000000002e458      0x340 build/cooja/mtype12.a(cooja-radio.o)
                                        0x358 (size before relaxing)
 .eh_frame      0x000000000002e798       0xa0 build/cooja/mtype12.a(eeprom.o)
                                         0xb8 (size before relaxing)
 .eh_frame      0x000000000002e838       0x40 build/cooja/mtype12.a(random.o)
                                         0x58 (size before relaxing)
 .eh_frame      0x000000000002e878       0xc0 build/cooja/mtype12.a(sensors.o)
                                         0xd8 (size before relaxing)
 .eh_frame      0x000000000002e938      0x120 build/cooja/mtype12.a(leds.o)
                                        0x138 (size before relaxing)
 .eh_frame      0x000000000002ea58      0x220 build/cooja/mtype12.a(gpio-hal-arch.o)
                                        0x238 (size before relaxing)
 .eh_frame      0x000000000002ec78       0xa0 build/cooja/mtype12.a(buttons.o)
                                         0xb8 (size before relaxing)
 .eh_frame      0x000000000002ed18       0x44 build/cooja/mtype12.a(coap-blocking-a)
                                         0x5c (size before relaxing)
 .eh_frame      0x000000000002ed5c      0x250 build/cooja/mtype12.a(coap-uip.o)
                                        0x268 (size before relaxing)
 .eh_frame      0x000000000002efac      0x100 build/cooja/mtype12.a(coap-transactio)
                                        0x118 (size before relaxing)
 .eh_frame      0x000000000002f0ac      0x6ec build/cooja/mtype12.a(coap.o)
                                        0x704 (size before relaxing)
 .eh_frame      0x000000000002f798       0x30 build/cooja/mtype12.a(contiki-main.o)
                                         0x48 (size before relaxing)
 .eh_frame      0x000000000002f7c8       0x40 build/cooja/mtype12.a(autostart.o)
                                         0x58 (size before relaxing)
 .eh_frame      0x000000000002f808      0x100 build/cooja/mtype12.a(ctimer.o)
                                        0x118 (size before relaxing)
 .eh_frame      0x000000000002f908      0x100 build/cooja/mtype12.a(log.o)
                                        0x118 (size before relaxing)
 .eh_frame      0x000000000002fa08       0x60 build/cooja/mtype12.a(energest.o)
                                         0x78 (size before relaxing)
 .eh_frame      0x000000000002fa68      0x1e0 build/cooja/mtype12.a(etimer.o)
                                        0x1f8 (size before relaxing)
 .eh_frame      0x000000000002fc48       0x20 build/cooja/mtype12.a(node-id.o)
                                         0x38 (size before relaxing)
 .eh_frame      0x000000000002fc68       0x60 build/cooja/mtype12.a(rtimer.o)
                                         0x78 (size before relaxing)
 .eh_frame      0x000000000002fcc8      0x1c4 build/cooja/mtype12.a(process.o)
                                        0x1dc (size before relaxing)
 .eh_frame      0x000000000002fe8c       0xa4 build/cooja/mtype12.a(timer.o)
                                         0xbc (size before relaxing)
 .eh_frame      0x000000000002ff30      0x1a0 build/cooja/mtype12.a(list.o)
                                        0x1b8 (size before relaxing)
 .eh_frame      0x00000000000300d0       0xa0 build/cooja/mtype12.a(memb.o)
                                         0xb8 (size before relaxing)
 .eh_frame      0x0000000000030170      0x144 build/cooja/mtype12.a(button-hal.o)
                                        0x15c (size before relaxing)
 .eh_frame      0x00000000000302b4       0x60 build/cooja/mtype12.a(serial-line.o)
                                         0x78 (size before relaxing)
 .eh_frame      0x0000000000030314       0xe0 build/cooja/mtype12.a(gpio-hal.o)
                                         0xf8 (size before relaxing)
 .eh_frame      0x00000000000303f4      0x1a0 build/cooja/mtype12.a(queuebuf.o)
                                        0x1b8 (size before relaxing)
 .eh_frame      0x0000000000030594      0x28c build/cooja/mtype12.a(packetbuf.o)
                                        0x2a4 (size before relaxing)
 .eh_frame      0x0000000000030820       0x80 build/cooja/mtype12.a(netstack.o)
                                         0x98 (size before relaxing)
 .eh_frame      0x00000000000308a0       0x60 build/cooja/mtype12.a(linkaddr.o)
                                         0x78 (size before relaxing)
 .eh_frame      0x0000000000030900       0xe0 build/cooja/mtype12.a(csma.o)
                                         0xf8 (size before relaxing)
 .eh_frame      0x00000000000309e0      0x1d0 build/cooja/mtype12.a(csma-output.o)
                                        0x1e8 (size before relaxing)
 .eh_frame      0x0000000000030bb0      0x328 build/cooja/mtype12.a(uip-ds6.o)
                                        0x340 (size before relaxing)
 .eh_frame      0x0000000000030ed8       0x40 build/cooja/mtype12.a(uip-udp-packet.)
                                         0x58 (size before relaxing)
 .eh_frame      0x0000000000030f18      0x220 build/cooja/mtype12.a(uip-ds6-route.o)
                                        0x238 (size before relaxing)
 .eh_frame      0x0000000000031138      0x244 build/cooja/mtype12.a(tcpip.o)
                                        0x25c (size before relaxing)
 .eh_frame      0x000000000003137c      0x1e8 build/cooja/mtype12.a(uip6.o)
                                        0x200 (size before relaxing)
 .eh_frame      0x0000000000031564      0x1c0 build/cooja/mtype12.a(uip-ds6-nbr.o)
                                        0x1d8 (size before relaxing)
 .eh_frame      0x0000000000031724       0x84 build/cooja/mtype12.a(uip-nd6.o)
                                         0x9c (size before relaxing)
 .eh_frame      0x00000000000317a8       0xd4 build/cooja/mtype12.a(simple-udp.o)
                                         0xec (size before relaxing)
 .eh_frame      0x000000000003187c      0x2f8 build/cooja/mtype12.a(sicslowpan.o)
                                        0x310 (size before relaxing)
 .eh_frame      0x0000000000031b74       0x88 build/cooja/mtype12.a(uiplib.o)
                                         0xa0 (size before relaxing)
 .eh_frame      0x0000000000031bfc      0x1e0 build/cooja/mtype12.a(rpl.o)
                                        0x1f8 (size before relaxing)
 .eh_frame      0x0000000000031ddc      0x1c4 build/cooja/mtype12.a(rpl-icmp6.o)
                                        0x1dc (size before relaxing)
 .eh_frame      0x0000000000031fa0       0xa0 build/cooja/mtype12.a(rpl-dag-root.o)
                                         0xb8 (size before relaxing)
 .eh_frame      0x0000000000032040       0x80 build/cooja/mtype12.a(slip-bridge.o)
                                         0x98 (size before relaxing)
 .eh_frame      0x00000000000320c0       0xe0 build/cooja/mtype12.a(slip.o)
                                         0xf8 (size before relaxing)
 .eh_frame      0x00000000000321a0       0xa0 build/cooja/mtype12.a(watchdog.o)
                                         0xb8 (size before relaxing)
 .eh_frame      0x0000000000032240       0x80 build/cooja/mtype12.a(int-master.o)
                                         0x98 (size before relaxing)
 .eh_frame      0x00000000000322c0       0x20 build/cooja/mtype12.a(slip-arch.o)
                                         0x38 (size before relaxing)
 .eh_frame      0x00000000000322e0       0x60 build/cooja/mtype12.a(rpl-border-rout)
                                         0x78 (size before relaxing)
 .eh_frame      0x0000000000032340      0x220 build/cooja/mtype12.a(coap-engine.o)
                                        0x238 (size before relaxing)
 .eh_frame      0x0000000000032560       0x24 build/cooja/mtype12.a(coap-res-well-k)
                                         0x3c (size before relaxing)
 .eh_frame      0x0000000000032584      0x188 build/cooja/mtype12.a(coap-observe.o)
                                        0x1a0 (size before relaxing)
 .eh_frame      0x000000000003270c      0x114 build/cooja/mtype12.a(coap-timer.o)
                                        0x12c (size before relaxing)
 .eh_frame      0x0000000000032820       0xc4 build/cooja/mtype12.a(stimer.o)
                                         0xdc (size before relaxing)
 .eh_frame      0x00000000000328e4       0xa0 build/cooja/mtype12.a(ringbuf.o)
                                         0xb8 (size before relaxing)
 .eh_frame      0x0000000000032984       0x20 build/cooja/mtype12.a(assert.o)
                                         0x38 (size before relaxing)
 .eh_frame      0x00000000000329a4      0x2ac build/cooja/mtype12.a(nbr-table.o)
                                        0x2c4 (size before relaxing)
 .eh_frame      0x0000000000032c50      0x120 build/cooja/mtype12.a(link-stats.o)
                                        0x138 (size before relaxing)
 .eh_frame      0x0000000000032d70       0x48 build/cooja/mtype12.a(mac-sequence.o)
                                         0x60 (size before relaxing)
 .eh_frame      0x0000000000032db8       0x20 build/cooja/mtype12.a(mac.o)
                                         0x38 (size before relaxing)
 .eh_frame      0x0000000000032dd8       0xa4 build/cooja/mtype12.a(framer-802154.o)
                                         0xbc (size before relaxing)
 .eh_frame      0x0000000000032e7c      0x1a4 build/cooja/mtype12.a(frame802154.o)
                                        0x1bc (size before relaxing)
 .eh_frame      0x0000000000033020       0x40 build/cooja/mtype12.a(csma-security.o)
                                         0x58 (size before relaxing)
 .eh_frame      0x0000000000033060      0x200 build/cooja/mtype12.a(uipbuf.o)
                                        0x218 (size before relaxing)
 .eh_frame      0x0000000000033260      0x150 build/cooja/mtype12.a(uip-icmp6.o)
                                        0x168 (size before relaxing)
 .eh_frame      0x00000000000333b0      0x184 build/cooja/mtype12.a(uip-sr.o)
                                        0x19c (size before relaxing)
 .eh_frame      0x0000000000033534       0xe0 build/cooja/mtype12.a(uip-packetqueue)
                                         0xf8 (size before relaxing)
 .eh_frame      0x0000000000033614       0x80 build/cooja/mtype12.a(rpl-nbr-policy.)
                                         0x98 (size before relaxing)
 .eh_frame      0x0000000000033694      0x2d4 build/cooja/mtype12.a(rpl-neighbor.o)
                                        0x2ec (size before relaxing)
 .eh_frame      0x0000000000033968      0x370 build/cooja/mtype12.a(rpl-dag.o)
                                        0x388 (size before relaxing)
 .eh_frame      0x0000000000033cd8      0x3a8 build/cooja/mtype12.a(rpl-timers.o)
                                        0x3c0 (size before relaxing)
 .eh_frame      0x0000000000034080      0x124 build/cooja/mtype12.a(rpl-ext-header.)
                                        0x13c (size before relaxing)
 .eh_frame      0x00000000000341a4      0x148 build/cooja/mtype12.a(rpl-mrhof.o)
                                        0x160 (size before relaxing)
 .eh_frame      0x00000000000342ec       0x20 build/cooja/mtype12.a(border-router-e)
                                         0x38 (size before relaxing)
 .eh_frame      0x000000000003430c       0xa4 build/cooja/mtype12.a(coap-timer-defa)
                                         0xbc (size before relaxing)
 .eh_frame      0x00000000000343b0       0x84 /usr/lib/gcc/i686-linux-gnu/5/libgcc.a(_udivdi3.o)
                                         0x9c (size before relaxing)
 .eh_frame      0x0000000000034434        0x4 /usr/lib/gcc/i686-linux-gnu/5/crtendS.o
 *(.eh_frame.*)

.gcc_except_table
 *(.gcc_except_table .gcc_except_table.*)

.gnu_extab
 *(.gnu_extab*)

.exception_ranges
 *(.exception_ranges .exception_ranges*)
                0x0000000000035f10                . = DATA_SEGMENT_ALIGN (0x1000, 0x1000)

.eh_frame
 *(.eh_frame)
 *(.eh_frame.*)

.gnu_extab
 *(.gnu_extab)

.gcc_except_table
 *(.gcc_except_table .gcc_except_table.*)

.exception_ranges
 *(.exception_ranges .exception_ranges*)

.tdata
 *(.tdata .tdata.* .gnu.linkonce.td.*)

.tbss
 *(.tbss .tbss.* .gnu.linkonce.tb.*)
 *(.tcommon)

.preinit_array
 *(.preinit_array)

.init_array     0x0000000000035f10        0x4
 *(SORT(.init_array.*) SORT(.ctors.*))
 *(.init_array EXCLUDE_FILE(*crtend?.o *crtend.o *crtbegin?.o *crtbegin.o) .ctors)
 .init_array    0x0000000000035f10        0x4 /usr/lib/gcc/i686-linux-gnu/5/crtbeginS.o

.fini_array     0x0000000000035f14        0x4
 *(SORT(.fini_array.*) SORT(.dtors.*))
 *(.fini_array EXCLUDE_FILE(*crtend?.o *crtend.o *crtbegin?.o *crtbegin.o) .dtors)
 .fini_array    0x0000000000035f14        0x4 /usr/lib/gcc/i686-linux-gnu/5/crtbeginS.o

.ctors
 *crtbegin.o(.ctors)
 *crtbegin?.o(.ctors)
 *(EXCLUDE_FILE(*crtend?.o *crtend.o) .ctors)
 *(SORT(.ctors.*))
 *(.ctors)

.dtors
 *crtbegin.o(.dtors)
 *crtbegin?.o(.dtors)
 *(EXCLUDE_FILE(*crtend?.o *crtend.o) .dtors)
 *(SORT(.dtors.*))
 *(.dtors)

.jcr            0x0000000000035f18        0x4
 *(.jcr)
 .jcr           0x0000000000035f18        0x0 /usr/lib/gcc/i686-linux-gnu/5/crtbeginS.o
 .jcr           0x0000000000035f18        0x4 /usr/lib/gcc/i686-linux-gnu/5/crtendS.o

.data.rel.ro
 *(.data.rel.ro.local* .gnu.linkonce.d.rel.ro.local.*)
 *(.data.rel.ro .data.rel.ro.* .gnu.linkonce.d.rel.ro.*)

.dynamic        0x0000000000035f1c       0xd0
 *(.dynamic)
 .dynamic       0x0000000000035f1c       0xd0 /usr/lib/gcc/i686-linux-gnu/5/../../../i386-linux-gnu/crti.o
                0x0000000000035f1c                _DYNAMIC

.got            0x0000000000035fec       0x14
 *(.got)
 .got           0x0000000000035fec       0x14 /usr/lib/gcc/i686-linux-gnu/5/../../../i386-linux-gnu/crti.o
 *(.igot)
                0x0000000000036ff4                . = DATA_SEGMENT_RELRO_END (., (SIZEOF (.got.plt) >= 0xc)?0xc:0x0)

.got.plt        0x0000000000036000        0xc
 *(.got.plt)
 .got.plt       0x0000000000036000        0xc /usr/lib/gcc/i686-linux-gnu/5/../../../i386-linux-gnu/crti.o
                0x0000000000036000                _GLOBAL_OFFSET_TABLE_
 *(.igot.plt)

.data           0x0000000000036020      0x464
 *(.data .data.* .gnu.linkonce.d.*)
 .data          0x0000000000036020        0x0 /usr/lib/gcc/i686-linux-gnu/5/../../../i386-linux-gnu/crti.o
 .data          0x0000000000036020        0x0 /usr/lib/gcc/i686-linux-gnu/5/crtbeginS.o
 .data.rel.local
                0x0000000000036020        0x4 /usr/lib/gcc/i686-linux-gnu/5/crtbeginS.o
                0x0000000000036020                __dso_handle
 .data          0x0000000000036024       0x24 client.o
                0x0000000000036024                service_url
                0x0000000000036028                udp_client
                0x0000000000036038                coap_client
 *fill*         0x0000000000036048       0x18 
 .data          0x0000000000036060       0x44 build/cooja/mtype12.o
                0x0000000000036060                simInterfaces
                0x0000000000036094                sensors
 .data          0x00000000000360a4        0x0 build/cooja/mtype12.a(simEnvChange.o)
 .data          0x00000000000360a4        0x0 build/cooja/mtype12.a(cooja_mt.o)
 .data          0x00000000000360a4        0x0 build/cooja/mtype12.a(cooja_mtarch.o)
 .data          0x00000000000360a4        0x0 build/cooja/mtype12.a(rtimer-arch.o)
 .data          0x00000000000360a4        0x0 build/cooja/mtype12.a(beep.o)
 .data          0x00000000000360a4        0x0 build/cooja/mtype12.a(leds-arch.o)
 .data          0x00000000000360a4        0x0 build/cooja/mtype12.a(moteid.o)
 .data          0x00000000000360a4        0x0 build/cooja/mtype12.a(pir-sensor.o)
 .data          0x00000000000360a4        0x0 build/cooja/mtype12.a(rs232.o)
 .data          0x00000000000360a4        0x0 build/cooja/mtype12.a(vib-sensor.o)
 .data          0x00000000000360a4        0x0 build/cooja/mtype12.a(clock.o)
 .data          0x00000000000360a4        0x0 build/cooja/mtype12.a(cooja-log.o)
 .data          0x00000000000360a4        0x0 build/cooja/mtype12.a(cfs-cooja.o)
 .data          0x00000000000360a4       0x2c build/cooja/mtype12.a(cooja-radio.o)
                0x00000000000360a4                simRadioHWOn
                0x00000000000360a8                simSignalStrength
                0x00000000000360ac                simLastSignalStrength
                0x00000000000360b0                simPower
                0x00000000000360b4                simRadioChannel
                0x00000000000360b8                simLQI
                0x00000000000360c0                cooja_radio_process
 .data          0x00000000000360d0        0x0 build/cooja/mtype12.a(eeprom.o)
 .data          0x00000000000360d0        0x0 build/cooja/mtype12.a(random.o)
 .data          0x00000000000360d0       0x10 build/cooja/mtype12.a(sensors.o)
                0x00000000000360d0                sensors_process
 .data          0x00000000000360e0        0x0 build/cooja/mtype12.a(leds.o)
 .data          0x00000000000360e0        0x0 build/cooja/mtype12.a(gpio-hal-arch.o)
 .data          0x00000000000360e0       0x78 build/cooja/mtype12.a(buttons.o)
                0x00000000000360e0                simButtonIsActive
                0x0000000000036150                button_hal_buttons
 .data          0x0000000000036158        0x0 build/cooja/mtype12.a(coap-blocking-a)
 .data          0x0000000000036158       0x10 build/cooja/mtype12.a(coap-uip.o)
                0x0000000000036158                coap_engine
 .data          0x0000000000036168       0x10 build/cooja/mtype12.a(coap-transactio)
 .data          0x0000000000036178        0x4 build/cooja/mtype12.a(coap.o)
                0x0000000000036178                coap_error_message
 .data          0x000000000003617c        0x0 build/cooja/mtype12.a(contiki-main.o)
 .data          0x000000000003617c        0x0 build/cooja/mtype12.a(autostart.o)
 .data          0x000000000003617c       0x14 build/cooja/mtype12.a(ctimer.o)
                0x0000000000036180                ctimer_process
 *fill*         0x0000000000036190       0x10 
 .data          0x00000000000361a0       0xbc build/cooja/mtype12.a(log.o)
                0x00000000000361a0                curr_log_level_main
                0x00000000000361c0                all_modules
 .data          0x000000000003625c        0x0 build/cooja/mtype12.a(energest.o)
 .data          0x000000000003625c       0x10 build/cooja/mtype12.a(etimer.o)
                0x000000000003625c                etimer_process
 .data          0x000000000003626c        0x0 build/cooja/mtype12.a(node-id.o)
 .data          0x000000000003626c        0x0 build/cooja/mtype12.a(rtimer.o)
 .data          0x000000000003626c        0x0 build/cooja/mtype12.a(process.o)
 .data          0x000000000003626c        0x0 build/cooja/mtype12.a(timer.o)
 .data          0x000000000003626c        0x0 build/cooja/mtype12.a(list.o)
 .data          0x000000000003626c        0x0 build/cooja/mtype12.a(memb.o)
 .data          0x000000000003626c       0x10 build/cooja/mtype12.a(button-hal.o)
                0x000000000003626c                button_hal_process
 .data          0x000000000003627c       0x10 build/cooja/mtype12.a(serial-line.o)
                0x000000000003627c                serial_line_process
 .data          0x000000000003628c        0x4 build/cooja/mtype12.a(gpio-hal.o)
 .data          0x0000000000036290       0x18 build/cooja/mtype12.a(queuebuf.o)
 .data          0x00000000000362a8        0x4 build/cooja/mtype12.a(packetbuf.o)
 .data          0x00000000000362ac        0x4 build/cooja/mtype12.a(netstack.o)
 .data          0x00000000000362b0        0x0 build/cooja/mtype12.a(linkaddr.o)
 .data          0x00000000000362b0        0x0 build/cooja/mtype12.a(csma.o)
 .data          0x00000000000362b0       0x28 build/cooja/mtype12.a(csma-output.o)
 .data          0x00000000000362d8        0x0 build/cooja/mtype12.a(uip-ds6.o)
 .data          0x00000000000362d8        0x0 build/cooja/mtype12.a(uip-udp-packet.)
 .data          0x00000000000362d8       0x10 build/cooja/mtype12.a(uip-ds6-route.o)
 .data          0x00000000000362e8       0x10 build/cooja/mtype12.a(tcpip.o)
                0x00000000000362e8                tcpip_process
 .data          0x00000000000362f8        0x0 build/cooja/mtype12.a(uip6.o)
 .data          0x00000000000362f8       0x14 build/cooja/mtype12.a(uip-ds6-nbr.o)
 .data          0x000000000003630c        0xc build/cooja/mtype12.a(uip-nd6.o)
 .data          0x0000000000036318       0x10 build/cooja/mtype12.a(simple-udp.o)
                0x0000000000036318                simple_udp_process
 .data          0x0000000000036328        0x0 build/cooja/mtype12.a(sicslowpan.o)
 .data          0x0000000000036328        0x0 build/cooja/mtype12.a(uiplib.o)
 .data          0x0000000000036328        0x0 build/cooja/mtype12.a(rpl.o)
 .data          0x0000000000036328       0x30 build/cooja/mtype12.a(rpl-icmp6.o)
 .data          0x0000000000036358        0x0 build/cooja/mtype12.a(rpl-dag-root.o)
 .data          0x0000000000036358        0x0 build/cooja/mtype12.a(slip-bridge.o)
 .data          0x0000000000036358       0x10 build/cooja/mtype12.a(slip.o)
                0x0000000000036358                slip_process
 .data          0x0000000000036368        0x0 build/cooja/mtype12.a(watchdog.o)
 .data          0x0000000000036368        0x0 build/cooja/mtype12.a(int-master.o)
 .data          0x0000000000036368        0x0 build/cooja/mtype12.a(slip-arch.o)
 .data          0x0000000000036368        0x0 build/cooja/mtype12.a(rpl-border-rout)
 .data          0x0000000000036368        0x8 build/cooja/mtype12.a(coap-engine.o)
 *fill*         0x0000000000036370       0x10 
 .data          0x0000000000036380       0x24 build/cooja/mtype12.a(coap-res-well-k)
                0x0000000000036380                res_well_known_core
 .data          0x00000000000363a4       0x10 build/cooja/mtype12.a(coap-observe.o)
 .data          0x00000000000363b4        0x4 build/cooja/mtype12.a(coap-timer.o)
 .data          0x00000000000363b8        0x0 build/cooja/mtype12.a(stimer.o)
 .data          0x00000000000363b8        0x0 build/cooja/mtype12.a(ringbuf.o)
 .data          0x00000000000363b8        0x0 build/cooja/mtype12.a(assert.o)
 .data          0x00000000000363b8       0x10 build/cooja/mtype12.a(nbr-table.o)
 .data          0x00000000000363c8       0x14 build/cooja/mtype12.a(link-stats.o)
 .data          0x00000000000363dc        0x0 build/cooja/mtype12.a(mac-sequence.o)
 .data          0x00000000000363dc        0x0 build/cooja/mtype12.a(mac.o)
 .data          0x00000000000363dc        0x0 build/cooja/mtype12.a(framer-802154.o)
 .data          0x00000000000363dc        0x2 build/cooja/mtype12.a(frame802154.o)
 .data          0x00000000000363de        0x0 build/cooja/mtype12.a(csma-security.o)
 .data          0x00000000000363de        0x0 build/cooja/mtype12.a(uipbuf.o)
 *fill*         0x00000000000363de        0x2 
 .data          0x00000000000363e0       0x20 build/cooja/mtype12.a(uip-icmp6.o)
 .data          0x0000000000036400       0x10 build/cooja/mtype12.a(uip-sr.o)
 .data          0x0000000000036410        0xc build/cooja/mtype12.a(uip-packetqueue)
 .data          0x000000000003641c        0x0 build/cooja/mtype12.a(rpl-nbr-policy.)
 .data          0x000000000003641c       0x14 build/cooja/mtype12.a(rpl-neighbor.o)
                0x000000000003642c                rpl_neighbors
 .data          0x0000000000036430        0x0 build/cooja/mtype12.a(rpl-dag.o)
 .data          0x0000000000036430        0x0 build/cooja/mtype12.a(rpl-timers.o)
 .data          0x0000000000036430        0x0 build/cooja/mtype12.a(rpl-ext-header.)
 *fill*         0x0000000000036430       0x10 
 .data          0x0000000000036440       0x24 build/cooja/mtype12.a(rpl-mrhof.o)
                0x0000000000036440                rpl_mrhof
 .data          0x0000000000036464       0x10 build/cooja/mtype12.a(border-router-e)
                0x0000000000036464                border_router_process
 .data          0x0000000000036474       0x10 build/cooja/mtype12.a(coap-timer-defa)
                0x0000000000036474                coap_timer_process
 .data          0x0000000000036484        0x0 /usr/lib/gcc/i686-linux-gnu/5/libgcc.a(_udivdi3.o)
 .data          0x0000000000036484        0x0 /usr/lib/gcc/i686-linux-gnu/5/crtendS.o
 .data          0x0000000000036484        0x0 /usr/lib/gcc/i686-linux-gnu/5/../../../i386-linux-gnu/crtn.o

.tm_clone_table
                0x0000000000036484        0x0
 .tm_clone_table
                0x0000000000036484        0x0 /usr/lib/gcc/i686-linux-gnu/5/crtbeginS.o
 .tm_clone_table
                0x0000000000036484        0x0 /usr/lib/gcc/i686-linux-gnu/5/crtendS.o

.data1
 *(.data1)
                0x0000000000036484                _edata = .
                [!provide]                        PROVIDE (edata, .)
                0x0000000000036484                . = .
                0x0000000000036484                __bss_start = .

.bss            0x00000000000364a0    0x14a44
 *(.dynbss)
 .dynbss        0x00000000000364a0        0x0 /usr/lib/gcc/i686-linux-gnu/5/../../../i386-linux-gnu/crti.o
 *(.bss .bss.* .gnu.linkonce.b.*)
 .bss           0x00000000000364a0        0x0 /usr/lib/gcc/i686-linux-gnu/5/../../../i386-linux-gnu/crti.o
 .bss           0x00000000000364a0        0x1 /usr/lib/gcc/i686-linux-gnu/5/crtbeginS.o
 *fill*         0x00000000000364a1       0x1f 
 .bss           0x00000000000364c0      0x16c client.o
                0x00000000000364c0                rpl_add
 *fill*         0x000000000003662c       0x14 
 .bss           0x0000000000036640     0x2030 build/cooja/mtype12.o
 .bss           0x0000000000038670        0x1 build/cooja/mtype12.a(simEnvChange.o)
                0x0000000000038670                simDontFallAsleep
 *fill*         0x0000000000038671        0x3 
 .bss           0x0000000000038674        0x4 build/cooja/mtype12.a(cooja_mt.o)
 .bss           0x0000000000038678        0x4 build/cooja/mtype12.a(cooja_mtarch.o)
 .bss           0x000000000003867c        0x0 build/cooja/mtype12.a(rtimer-arch.o)
 .bss           0x000000000003867c        0x0 build/cooja/mtype12.a(beep.o)
 .bss           0x000000000003867c        0x1 build/cooja/mtype12.a(leds-arch.o)
                0x000000000003867c                simLedsValue
 .bss           0x000000000003867d        0x0 build/cooja/mtype12.a(moteid.o)
 .bss           0x000000000003867d        0x1 build/cooja/mtype12.a(pir-sensor.o)
                0x000000000003867d                simPirValue
 *fill*         0x000000000003867e        0x2 
 .bss           0x0000000000038680        0x4 build/cooja/mtype12.a(rs232.o)
 .bss           0x0000000000038684        0x1 build/cooja/mtype12.a(vib-sensor.o)
                0x0000000000038684                simVibValue
 .bss           0x0000000000038685        0x0 build/cooja/mtype12.a(clock.o)
 *fill*         0x0000000000038685       0x1b 
 .bss           0x00000000000386a0     0x2020 build/cooja/mtype12.a(cooja-log.o)
 .bss           0x000000000003a6c0      0xfc0 build/cooja/mtype12.a(cfs-cooja.o)
                0x000000000003a6c0                simCFSData
                0x000000000003b660                simCFSSize
                0x000000000003b664                simCFSChanged
                0x000000000003b668                simCFSRead
                0x000000000003b66c                simCFSWritten
 .bss           0x000000000003b680       0x24 build/cooja/mtype12.a(cooja-radio.o)
                0x000000000003b680                simReceiving
                0x000000000003b684                simInSize
                0x000000000003b688                simLastPacketTimestamp
                0x000000000003b690                simOutSize
 .bss           0x000000000003b6a4        0xc build/cooja/mtype12.a(eeprom.o)
                0x000000000003b6a4                simEEPROMChanged
                0x000000000003b6a8                simEEPROMRead
                0x000000000003b6ac                simEEPROMWritten
 .bss           0x000000000003b6b0        0x0 build/cooja/mtype12.a(random.o)
 .bss           0x000000000003b6b0        0xc build/cooja/mtype12.a(sensors.o)
 .bss           0x000000000003b6bc        0x0 build/cooja/mtype12.a(leds.o)
 .bss           0x000000000003b6bc       0x24 build/cooja/mtype12.a(gpio-hal-arch.o)
 .bss           0x000000000003b6e0        0x0 build/cooja/mtype12.a(buttons.o)
 .bss           0x000000000003b6e0        0x0 build/cooja/mtype12.a(coap-blocking-a)
 .bss           0x000000000003b6e0       0x18 build/cooja/mtype12.a(coap-uip.o)
 *fill*         0x000000000003b6f8        0x8 
 .bss           0x000000000003b700      0x334 build/cooja/mtype12.a(coap-transactio)
 .bss           0x000000000003ba34        0x6 build/cooja/mtype12.a(coap.o)
                0x000000000003ba34                coap_status_code
 .bss           0x000000000003ba3a        0x0 build/cooja/mtype12.a(contiki-main.o)
 .bss           0x000000000003ba3a        0x0 build/cooja/mtype12.a(autostart.o)
 *fill*         0x000000000003ba3a        0x2 
 .bss           0x000000000003ba3c        0x5 build/cooja/mtype12.a(ctimer.o)
 *fill*         0x000000000003ba41        0x3 
 .bss           0x000000000003ba44       0x2c build/cooja/mtype12.a(log.o)
                0x000000000003ba44                curr_log_level_rpl
                0x000000000003ba48                curr_log_level_tcpip
                0x000000000003ba4c                curr_log_level_ipv6
                0x000000000003ba50                curr_log_level_6lowpan
                0x000000000003ba54                curr_log_level_nullnet
                0x000000000003ba58                curr_log_level_mac
                0x000000000003ba5c                curr_log_level_framer
                0x000000000003ba60                curr_log_level_6top
                0x000000000003ba64                curr_log_level_coap
                0x000000000003ba68                curr_log_level_snmp
                0x000000000003ba6c                curr_log_level_lwm2m
 .bss           0x000000000003ba70        0x0 build/cooja/mtype12.a(energest.o)
 .bss           0x000000000003ba70        0x8 build/cooja/mtype12.a(etimer.o)
 .bss           0x000000000003ba78        0x2 build/cooja/mtype12.a(node-id.o)
                0x000000000003ba78                node_id
 *fill*         0x000000000003ba7a        0x2 
 .bss           0x000000000003ba7c        0x4 build/cooja/mtype12.a(rtimer.o)
 .bss           0x000000000003ba80      0x1a1 build/cooja/mtype12.a(process.o)
                0x000000000003ba80                process_list
                0x000000000003ba84                process_current
 .bss           0x000000000003bc21        0x0 build/cooja/mtype12.a(timer.o)
 .bss           0x000000000003bc21        0x0 build/cooja/mtype12.a(list.o)
 .bss           0x000000000003bc21        0x0 build/cooja/mtype12.a(memb.o)
 *fill*         0x000000000003bc21        0x3 