Archive member included to satisfy reference by file (symbol)

build/cooja/mtype344.a(simEnvChange.o)
                              build/cooja/mtype344.o (simDontFallAsleep)
build/cooja/mtype344.a(cooja_mt.o)
                              build/cooja/mtype344.o (cooja_mt_start)
build/cooja/mtype344.a(cooja_mtarch.o)
                              build/cooja/mtype344.a(cooja_mt.o) (cooja_mtarch_start)
build/cooja/mtype344.a(rtimer-arch.o)
                              build/cooja/mtype344.o (rtimer_arch_check)
build/cooja/mtype344.a(beep.o)
                              build/cooja/mtype344.o (beep_interface)
build/cooja/mtype344.a(leds-arch.o)
                              build/cooja/mtype344.o (leds_interface)
build/cooja/mtype344.a(moteid.o)
                              build/cooja/mtype344.o (moteid_interface)
build/cooja/mtype344.a(pir-sensor.o)
                              build/cooja/mtype344.o (pir_interface)
build/cooja/mtype344.a(rs232.o)
                              build/cooja/mtype344.o (rs232_interface)
build/cooja/mtype344.a(vib-sensor.o)
                              build/cooja/mtype344.o (vib_interface)
build/cooja/mtype344.a(clock.o)
                              build/cooja/mtype344.o (clock_interface)
build/cooja/mtype344.a(cooja-log.o)
                              build/cooja/mtype344.o (simlog_interface)
build/cooja/mtype344.a(cfs-cooja.o)
                              build/cooja/mtype344.o (cfs_interface)
build/cooja/mtype344.a(cooja-radio.o)
                              build/cooja/mtype344.o (radio_interface)
build/cooja/mtype344.a(eeprom.o)
                              build/cooja/mtype344.o (eeprom_interface)
build/cooja/mtype344.a(random.o)
                              build/cooja/mtype344.a(moteid.o) (random_init)
build/cooja/mtype344.a(sensors.o)
                              build/cooja/mtype344.a(pir-sensor.o) (sensors_changed)
build/cooja/mtype344.a(leds.o)
                              build/cooja/mtype344.a(leds-arch.o) (leds_get)
build/cooja/mtype344.a(gpio-hal-arch.o)
                              build/cooja/mtype344.a(leds-arch.o) (gpio_hal_arch_register_pin_callback)
build/cooja/mtype344.a(buttons.o)
                              build/cooja/mtype344.o (button_interface)
build/cooja/mtype344.a(res_window.o)
                              window.o (name_assigned)
build/cooja/mtype344.a(coap-blocking-a)
                              window.o (coap_blocking_request)
build/cooja/mtype344.a(coap-engine.o)
                              window.o (coap_activate_resource)
build/cooja/mtype344.a(coap-res-well-k)
                              build/cooja/mtype344.a(coap-engine.o) (res_well_known_core)
build/cooja/mtype344.a(coap-observe.o)
                              build/cooja/mtype344.a(coap-engine.o) (coap_remove_observer_by_mid)
build/cooja/mtype344.a(coap-uip.o)
                              build/cooja/mtype344.a(coap-observe.o) (coap_endpoint_copy)
build/cooja/mtype344.a(coap-timer.o)
                              build/cooja/mtype344.a(coap-engine.o) (coap_timer_set)
build/cooja/mtype344.a(coap-transactio)
                              build/cooja/mtype344.a(coap-blocking-a) (coap_send_transaction)
build/cooja/mtype344.a(coap.o)
                              build/cooja/mtype344.a(coap-engine.o) (coap_status_code)
build/cooja/mtype344.a(contiki-main.o)
                              build/cooja/mtype344.o (main)
build/cooja/mtype344.a(autostart.o)
                              build/cooja/mtype344.a(contiki-main.o) (autostart_start)
build/cooja/mtype344.a(ctimer.o)
                              build/cooja/mtype344.a(contiki-main.o) (ctimer_init)
build/cooja/mtype344.a(log.o)
                              build/cooja/mtype344.a(contiki-main.o) (curr_log_level_main)
build/cooja/mtype344.a(energest.o)
                              build/cooja/mtype344.a(contiki-main.o) (energest_init)
build/cooja/mtype344.a(etimer.o)
                              build/cooja/mtype344.a(contiki-main.o) (etimer_process)
build/cooja/mtype344.a(node-id.o)
                              build/cooja/mtype344.a(contiki-main.o) (node_id)
build/cooja/mtype344.a(rtimer.o)
                              build/cooja/mtype344.a(contiki-main.o) (rtimer_init)
build/cooja/mtype344.a(process.o)
                              build/cooja/mtype344.a(coap-blocking-a) (process_current)
build/cooja/mtype344.a(timer.o)
                              build/cooja/mtype344.a(etimer.o) (timer_set)
build/cooja/mtype344.a(list.o)
                              build/cooja/mtype344.a(coap-engine.o) (list_init)
build/cooja/mtype344.a(memb.o)
                              build/cooja/mtype344.a(coap-observe.o) (memb_alloc)
build/cooja/mtype344.a(button-hal.o)
                              build/cooja/mtype344.o (button_hal_init)
build/cooja/mtype344.a(serial-line.o)
                              build/cooja/mtype344.a(rs232.o) (serial_line_input_byte)
build/cooja/mtype344.a(gpio-hal.o)
[...]
Memory Configuration

Name             Origin             Length             Attributes
*default*        0x0000000000000000 0xffffffffffffffff

Linker script and memory map

LOAD /usr/lib/gcc/i686-linux-gnu/5/../../../i386-linux-gnu/crti.o
LOAD /usr/lib/gcc/i686-linux-gnu/5/crtbeginS.o
LOAD window.o
LOAD build/cooja/mtype344.o
LOAD build/cooja/mtype344.a
LOAD /usr/lib/gcc/i686-linux-gnu/5/libgcc.a
LOAD /usr/lib/gcc/i686-linux-gnu/5/libgcc_s.so
LOAD /usr/lib/gcc/i686-linux-gnu/5/../../../i386-linux-gnu/libc.so
START GROUP
LOAD /lib/i386-linux-gnu/libc.so.6
LOAD /usr/lib/i386-linux-gnu/libc_nonshared.a
LOAD /lib/i386-linux-gnu/ld-linux.so.2
END GROUP
LOAD /usr/lib/gcc/i686-linux-gnu/5/libgcc.a
LOAD /usr/lib/gcc/i686-linux-gnu/5/libgcc_s.so
LOAD /usr/lib/gcc/i686-linux-gnu/5/crtendS.o
LOAD /usr/lib/gcc/i686-linux-gnu/5/../../../i386-linux-gnu/crtn.o
                0x0000000000000114                . = (0x0 + SIZEOF_HEADERS)

.note.gnu.build-id
                0x0000000000000114       0x24
 *(.note.gnu.build-id)
 .note.gnu.build-id
                0x0000000000000114       0x24 /usr/lib/gcc/i686-linux-gnu/5/../../../i386-linux-gnu/crti.o

.hash
 *(.hash)

.gnu.hash       0x0000000000000138     0x15a8
 *(.gnu.hash)
 .gnu.hash      0x0000000000000138     0x15a8 /usr/lib/gcc/i686-linux-gnu/5/../../../i386-linux-gnu/crti.o

.dynsym         0x00000000000016e0     0x2f50
 *(.dynsym)
 .dynsym        0x00000000000016e0     0x2f50 /usr/lib/gcc/i686-linux-gnu/5/../../../i386-linux-gnu/crti.o

.dynstr         0x0000000000004630     0x36d3
 *(.dynstr)
 .dynstr        0x0000000000004630     0x36d3 /usr/lib/gcc/i686-linux-gnu/5/../../../i386-linux-gnu/crti.o

.gnu.version    0x0000000000007d04      0x5ea
 *(.gnu.version)
 .gnu.version   0x0000000000007d04      0x5ea /usr/lib/gcc/i686-linux-gnu/5/../../../i386-linux-gnu/crti.o

.gnu.version_d  0x00000000000082f0        0x0
 *(.gnu.version_d)
 .gnu.version_d
                0x00000000000082f0        0x0 /usr/lib/gcc/i686-linux-gnu/5/../../../i386-linux-gnu/crti.o

.gnu.version_r  0x00000000000082f0       0x40
 *(.gnu.version_r)
 .gnu.version_r
                0x00000000000082f0       0x40 /usr/lib/gcc/i686-linux-gnu/5/../../../i386-linux-gnu/crti.o

.rel.dyn        0x0000000000008330     0x9190
 *(.rel.init)
 .rel.init      0x0000000000008330        0x0 /usr/lib/gcc/i686-linux-gnu/5/../../../i386-linux-gnu/crti.o
 *(.rel.text .rel.text.* .rel.gnu.linkonce.t.*)
 .rel.text      0x0000000000008330     0x87b8 /usr/lib/gcc/i686-linux-gnu/5/../../../i386-linux-gnu/crti.o
 *(.rel.fini)
 .rel.fini      0x0000000000010ae8        0x0 /usr/lib/gcc/i686-linux-gnu/5/../../../i386-linux-gnu/crti.o
 *(.rel.rodata .rel.rodata.* .rel.gnu.linkonce.r.*)
 .rel.rodata    0x0000000000010ae8      0x590 /usr/lib/gcc/i686-linux-gnu/5/../../../i386-linux-gnu/crti.o
 *(.rel.data.rel.ro .rel.data.rel.ro.* .rel.gnu.linkonce.d.rel.ro.*)
 *(.rel.data .rel.data.* .rel.gnu.linkonce.d.*)
 .rel.data.rel.local
                0x0000000000011078        0x8 /usr/lib/gcc/i686-linux-gnu/5/../../../i386-linux-gnu/crti.o
 .rel.data      0x0000000000011080      0x408 /usr/lib/gcc/i686-linux-gnu/5/../../../i386-linux-gnu/crti.o
 *(.rel.tdata .rel.tdata.* .rel.gnu.linkonce.td.*)
 *(.rel.tbss .rel.tbss.* .rel.gnu.linkonce.tb.*)
 *(.rel.ctors)
 *(.rel.dtors)
 *(.rel.got)
 .rel.got       0x0000000000011488       0x28 /usr/lib/gcc/i686-linux-gnu/5/../../../i386-linux-gnu/crti.o
 *(.rel.bss .rel.bss.* .rel.gnu.linkonce.b.*)
 *(.rel.ifunc)
 .rel.ifunc     0x00000000000114b0        0x0 /usr/lib/gcc/i686-linux-gnu/5/../../../i386-linux-gnu/crti.o
 .rel.fini_array
                0x00000000000114b0        0x8 /usr/lib/gcc/i686-linux-gnu/5/../../../i386-linux-gnu/crti.o
 .rel.init_array
                0x00000000000114b8        0x8 /usr/lib/gcc/i686-linux-gnu/5/../../../i386-linux-gnu/crti.o

.rel.plt        0x00000000000114c0        0x0
 *(.rel.plt)
 .rel.plt       0x00000000000114c0        0x0 /usr/lib/gcc/i686-linux-gnu/5/../../../i386-linux-gnu/crti.o
 *(.rel.iplt)

.init           0x00000000000114c0       0x23
 *(SORT(.init))
 .init          0x00000000000114c0       0x1e /usr/lib/gcc/i686-linux-gnu/5/../../../i386-linux-gnu/crti.o
                0x00000000000114c0                _init
 .init          0x00000000000114de        0x5 /usr/lib/gcc/i686-linux-gnu/5/../../../i386-linux-gnu/crtn.o

.plt            0x00000000000114f0       0x10
 *(.plt)
 .plt           0x00000000000114f0       0x10 /usr/lib/gcc/i686-linux-gnu/5/../../../i386-linux-gnu/crti.o
 *(.iplt)

.plt.got        0x0000000000011500       0x10
 *(.plt.got)
 .plt.got       0x0000000000011500       0x10 /usr/lib/gcc/i686-linux-gnu/5/../../../i386-linux-gnu/crti.o

.text           0x0000000000011510    0x18972
 *(.text.unlikely .text.*_unlikely .text.unlikely.*)
 .text.unlikely
                0x0000000000011510        0x0 /usr/lib/gcc/i686-linux-gnu/5/crtbeginS.o
 .text.unlikely
                0x0000000000011510        0x0 /usr/lib/gcc/i686-linux-gnu/5/libgcc.a(_udivdi3.o)
 *(.text.exit .text.exit.*)
 *(.text.startup .text.startup.*)
 *(.text.hot .text.hot.*)
 *(.text .stub .text.* .gnu.linkonce.t.*)
 .text          0x0000000000011510        0x0 /usr/lib/gcc/i686-linux-gnu/5/../../../i386-linux-gnu/crti.o
 .gnu.linkonce.t.__x86.get_pc_thunk.bx
                0x0000000000011510        0x4 /usr/lib/gcc/i686-linux-gnu/5/../../../i386-linux-gnu/crti.o
                0x0000000000011510                __x86.get_pc_thunk.bx
 *fill*         0x0000000000011514        0xc 
 .text          0x0000000000011520      0x11c /usr/lib/gcc/i686-linux-gnu/5/crtbeginS.o
 .text.__x86.get_pc_thunk.dx
                0x000000000001163c        0x4 /usr/lib/gcc/i686-linux-gnu/5/crtbeginS.o
                0x000000000001163c                __x86.get_pc_thunk.dx
 .text          0x0000000000011640      0x3a4 window.o
                0x0000000000011640                response_handler
 .text          0x00000000000119e4      0x283 build/cooja/mtype344.o
                0x0000000000011a76                platform_init_stage_one
                0x0000000000011a89                platform_init_stage_two
                0x0000000000011a9c                platform_init_stage_three
                0x0000000000011aaf                platform_main_loop
                0x0000000000011b22                Java_org_contikios_cooja_corecomm_Lib19_init
                0x0000000000011b59                Java_org_contikios_cooja_corecomm_Lib19_getMemory
                0x0000000000011b8c                Java_org_contikios_cooja_corecomm_Lib19_setMemory
                0x0000000000011bec                Java_org_contikios_cooja_corecomm_Lib19_tick
                0x0000000000011c54                Java_org_contikios_cooja_corecomm_Lib19_setReferenceAddress
 .text          0x0000000000011c67       0x65 build/cooja/mtype344.a(simEnvChange.o)
                0x0000000000011c67                doActionsBeforeTick
                0x0000000000011c99                doActionsAfterTick
 .text          0x0000000000011ccc       0x83 build/cooja/mtype344.a(cooja_mt.o)
                0x0000000000011ccc                cooja_mt_start
                0x0000000000011cf6                cooja_mt_exec
                0x0000000000011d2c                cooja_mt_yield
 .text          0x0000000000011d4f       0xbe build/cooja/mtype344.a(cooja_mtarch.o)
                0x0000000000011d4f                cooja_mtarch_start
                0x0000000000011dc2                cooja_sw
                0x0000000000011de5                cooja_mtarch_exec
                0x0000000000011e02                cooja_mtarch_yield
 .text          0x0000000000011e0d       0xc5 build/cooja/mtype344.a(rtimer-arch.o)
                0x0000000000011e0d                rtimer_arch_init
                0x0000000000011e31                rtimer_arch_schedule
                0x0000000000011e61                rtimer_arch_next
                0x0000000000011e71                rtimer_arch_pending
                0x0000000000011e7b                rtimer_arch_check
                0x0000000000011ec2                rtimer_arch_now
 .text          0x0000000000011ed2       0x81 build/cooja/mtype344.a(beep.o)
                0x0000000000011ed2                beep_alarm
                0x0000000000011edf                beep_beep
                0x0000000000011eec                beep
                0x0000000000011ef9                beep_down
                0x0000000000011f06                beep_on
                0x0000000000011f13                beep_off
                0x0000000000011f20                beep_spinup
                0x0000000000011f2d                beep_quick
                0x0000000000011f3a                beep_long
 .text          0x0000000000011f53       0x65 build/cooja/mtype344.a(leds-arch.o)
                0x0000000000011f66                leds_arch_init
 .text          0x0000000000011fb8       0x35 build/cooja/mtype344.a(moteid.o)
 .text          0x0000000000011fed       0xb7 build/cooja/mtype344.a(pir-sensor.o)
 .text          0x00000000000120a4      0x148 build/cooja/mtype344.a(rs232.o)
                0x00000000000120a4                rs232_init
                0x00000000000120aa                rs232_set_speed
                0x00000000000120b9                rs232_set_input
                0x00000000000120c7                rs232_send
                0x00000000000120eb                rs232_print
                0x0000000000012107                slip_arch_writeb
 .text          0x00000000000121ec       0xb7 build/cooja/mtype344.a(vib-sensor.o)
 .text          0x00000000000122a3       0x38 build/cooja/mtype344.a(clock.o)
                0x00000000000122a3                clock_init
                0x00000000000122a9                clock_time
                0x00000000000122b3                clock_seconds
                0x00000000000122c9                clock_delay
 .text          0x00000000000122db      0x219 build/cooja/mtype344.a(cooja-log.o)
                0x00000000000122db                simlog_char
                0x000000000001231e                simlog
                0x0000000000012394                log_message
                0x00000000000123c5                log_set_putchar_with_slip
                0x00000000000123d3                log_putchar
                0x000000000001244e                log_puts
                0x0000000000012476                log_printf
 .text          0x00000000000124f4      0x2b9 build/cooja/mtype344.a(cfs-cooja.o)
                0x00000000000124f4                cfs_open
                0x000000000001255d                cfs_close
                0x000000000001256a                cfs_read
                0x00000000000125ff                cfs_write
                0x00000000000126db                cfs_seek
                0x0000000000012763                cfs_remove
                0x0000000000012787                cfs_opendir
                0x0000000000012791                cfs_readdir
                0x000000000001279b                cfs_closedir
 .text          0x00000000000127ad      0x620 build/cooja/mtype344.a(cooja-radio.o)
                0x00000000000127ef                radio_set_channel
                0x00000000000127fd                radio_set_txpower
                0x0000000000012815                radio_signal_strength_last
                0x000000000001281f                radio_signal_strength_current
                0x0000000000012829                radio_LQI
 .text          0x0000000000012dcd       0xee build/cooja/mtype344.a(eeprom.o)
                0x0000000000012dcd                eeprom_init
                0x0000000000012dd3                eeprom_read
                0x0000000000012e41                eeprom_write
 .text          0x0000000000012ebb       0x2d build/cooja/mtype344.a(random.o)
                0x0000000000012ebb                random_init
                0x0000000000012edb                random_rand
 .text          0x0000000000012ee8      0x29c build/cooja/mtype344.a(sensors.o)
                0x0000000000012f23                sensors_first
                0x0000000000012f2d                sensors_next
                0x0000000000012f47                sensors_changed
                0x0000000000012f7b                sensors_find
 .text          0x0000000000013184      0x349 build/cooja/mtype344.a(leds.o)
                0x0000000000013184                leds_init
                0x00000000000131cb                leds_single_on
                0x000000000001322a                leds_single_off
                0x0000000000013289                leds_single_toggle
                0x00000000000132bb                leds_on
                0x000000000001333d                leds_off
                0x00000000000133bf                leds_toggle
                0x0000000000013414                leds_set
                0x0000000000013440                leds_get
 .text          0x00000000000134cd      0x343 build/cooja/mtype344.a(gpio-hal-arch.o)
                0x00000000000134cd                gpio_hal_arch_register_pin_callback
                0x0000000000013539                gpio_hal_arch_init
                0x000000000001357e                gpio_hal_arch_no_port_interrupt_enable
                0x00000000000135ae                gpio_hal_arch_no_port_interrupt_disable
                0x00000000000135de                gpio_hal_arch_no_port_pin_cfg_set
                0x0000000000013603                gpio_hal_arch_no_port_pin_cfg_get
                0x0000000000013629                gpio_hal_arch_no_port_pin_set_input
                0x000000000001363b                gpio_hal_arch_no_port_pin_set_output
                0x000000000001364d                gpio_hal_arch_no_port_set_pin
                0x000000000001366e                gpio_hal_arch_no_port_clear_pin
                0x000000000001368f                gpio_hal_arch_no_port_read_pin
                0x00000000000136b5                gpio_hal_arch_no_port_write_pin
                0x00000000000136df                gpio_hal_arch_no_port_set_pins
                0x0000000000013726                gpio_hal_arch_no_port_clear_pins
                0x000000000001376d                gpio_hal_arch_no_port_read_pins
                0x00000000000137b0                gpio_hal_arch_no_port_write_pins
 .text          0x0000000000013810       0x89 build/cooja/mtype344.a(buttons.o)
 .text          0x0000000000013899      0x50e build/cooja/mtype344.a(res_window.o)
 .text          0x0000000000013da7      0x27b build/cooja/mtype344.a(coap-blocking-a)
                0x0000000000013da7                coap_blocking_request_callback
                0x0000000000013dd1                coap_blocking_request
 .text          0x0000000000014022      0xbea build/cooja/mtype344.a(coap-engine.o)
                0x00000000000140b7                coap_add_handler
                0x00000000000140d4                coap_remove_handler
                0x00000000000140f1                coap_call_handlers
                0x00000000000141f9                coap_receive
                0x00000000000147f4                coap_engine_init
                0x0000000000014852                coap_activate_resource
                0x00000000000148fd                coap_get_first_resource
                0x0000000000014916                coap_get_next_resource
 .text          0x0000000000014c0c      0x2d9 build/cooja/mtype344.a(coap-res-well-k)
 .text          0x0000000000014ee5      0x96a build/cooja/mtype344.a(coap-observe.o)
                0x0000000000014ffa                coap_remove_observer
                0x000000000001502a                coap_remove_observer_by_client
                0x0000000000015092                coap_remove_observer_by_token
                0x0000000000015125                coap_remove_observer_by_uri
                0x00000000000151cc                coap_remove_observer_by_mid
                0x0000000000015248                coap_notify_observers
                0x0000000000015261                coap_notify_observers_sub
                0x00000000000156cb                coap_observe_handler
                0x00000000000157e6                coap_has_observers
 .text          0x000000000001584f      0x733 build/cooja/mtype344.a(coap-uip.o)
                0x000000000001584f                coap_endpoint_log
                0x00000000000158d5                coap_endpoint_print
                0x000000000001595b                coap_endpoint_snprint
                0x0000000000015a8e                coap_endpoint_copy
                0x0000000000015acb                coap_endpoint_cmp
                0x0000000000015bd9                coap_endpoint_parse
                0x0000000000015dc4                coap_endpoint_is_secure
                0x0000000000015dd3                coap_endpoint_is_connected
                0x0000000000015e07                coap_endpoint_connect
                0x0000000000015e23                coap_endpoint_disconnect
                0x0000000000015e29                coap_databuf
                0x0000000000015e33                coap_transport_init
                0x0000000000015e83                coap_sendto
 .text          0x0000000000015f82      0x324 build/cooja/mtype344.a(coap-timer.o)
                0x000000000001607f                coap_timer_stop
                0x00000000000160aa                coap_timer_set
                0x00000000000160ed                coap_timer_reset
                0x0000000000016130                coap_timer_time_to_next_expiration
                0x000000000001619c                coap_timer_run
                0x0000000000016268                coap_timer_init
 .text          0x00000000000162a6      0x2c6 build/cooja/mtype344.a(coap-transactio)
                0x000000000001630c                coap_new_transaction
                0x0000000000016372                coap_send_transaction
                0x00000000000164d3                coap_clear_transaction
                0x000000000001651b                coap_get_transaction_by_mid
 .text          0x000000000001656c     0x1c53 build/cooja/mtype344.a(coap.o)
                0x0000000000016ad9                coap_init_connection
                0x0000000000016aed                coap_get_mid
                0x0000000000016b09                coap_init_message
                0x0000000000016b52                coap_serialize_message
                0x00000000000171d4                coap_parse_message
                0x000000000001783b                coap_get_query_variable
                0x000000000001787d                coap_get_post_variable
                0x00000000000178c1                coap_set_status_code
                0x00000000000178e6                coap_set_token
                0x000000000001792d                coap_get_header_content_format
                0x000000000001795e                coap_set_header_content_format
                0x0000000000017981                coap_get_header_accept
                0x00000000000179b2                coap_set_header_accept
                0x00000000000179d5                coap_get_header_max_age
                0x0000000000017a06                coap_set_header_max_age
                0x0000000000017a26                coap_get_header_etag
                0x0000000000017a58                coap_set_header_etag
                0x0000000000017aaf                coap_get_header_if_match
                0x0000000000017ae1                coap_set_header_if_match
                0x0000000000017b38                coap_get_header_if_none_match
                0x0000000000017b52                coap_set_header_if_none_match
                0x0000000000017b69                coap_get_header_proxy_uri
                0x0000000000017b97                coap_set_header_proxy_uri
                0x0000000000017bd4                coap_get_header_uri_host
                0x0000000000017c02                coap_set_header_uri_host
                0x0000000000017c3f                coap_get_header_uri_path
                0x0000000000017c6d                coap_set_header_uri_path
                0x0000000000017cba                coap_get_header_uri_query
                0x0000000000017cee                coap_set_header_uri_query
                0x0000000000017d44                coap_get_header_location_path
                0x0000000000017d72                coap_set_header_location_path
                0x0000000000017e0b                coap_get_header_location_query
                0x0000000000017e39                coap_set_header_location_query
                0x0000000000017e86                coap_get_header_observe
                0x0000000000017eb5                coap_set_header_observe
                0x0000000000017ed5                coap_get_header_block2
                0x0000000000017f41                coap_set_header_block2
                0x0000000000017fb8                coap_get_header_block1
                0x000000000001802d                coap_set_header_block1
                0x00000000000180a8                coap_get_header_size2
                0x00000000000180d8                coap_set_header_size2
                0x00000000000180fb                coap_get_header_size1
                0x000000000001812b                coap_set_header_size1
                0x000000000001814e                coap_get_payload
                0x0000000000018188                coap_set_payload
 .text          0x00000000000181bf      0x332 build/cooja/mtype344.a(contiki-main.o)
                0x00000000000181bf                main
 .text          0x00000000000184f1       0x92 build/cooja/mtype344.a(autostart.o)
                0x00000000000184f1                autostart_start
                0x000000000001853b                autostart_exit
 .text          0x0000000000018583      0x355 build/cooja/mtype344.a(ctimer.o)
                0x00000000000186ab                ctimer_init
                0x00000000000186de                ctimer_set
                0x0000000000018704                ctimer_set_with_process
                0x0000000000018781                ctimer_reset
                0x00000000000187d5                ctimer_restart
                0x0000000000018829                ctimer_stop
                0x0000000000018879                ctimer_expired
 .text          0x00000000000188d8      0x394 build/cooja/mtype344.a(log.o)
                0x00000000000188d8                log_6addr
                0x000000000001892b                log_6addr_compact_snprint
                0x00000000000189c9                log_6addr_compact
                0x0000000000018a1c                log_lladdr
                0x0000000000018a8e                log_lladdr_compact
                0x0000000000018af6                log_set_level
                0x0000000000018bb1                log_get_level
                0x0000000000018c2a                log_level_to_str
 .text          0x0000000000018c6c       0x1b build/cooja/mtype344.a(energest.o)
                0x0000000000018c6c                energest_init
                0x0000000000018c72                energest_flush
                0x0000000000018c78                energest_get_total_time
 .text          0x0000000000018c87      0x43f build/cooja/mtype344.a(etimer.o)
                0x0000000000018eab                etimer_request_poll
                0x0000000000018f34                etimer_set
                0x0000000000018f5d                etimer_reset_with_new_interval
                0x0000000000018f8c                etimer_reset
                0x0000000000018fb2                etimer_restart
                0x0000000000018fd8                etimer_adjust
                0x0000000000018ff5                etimer_expired
                0x0000000000019008                etimer_expiration_time
                0x000000000001901a                etimer_start_time
                0x0000000000019024                etimer_pending
                0x0000000000019036                etimer_next_expiration_time
                0x0000000000019050                etimer_stop
 .text          0x00000000000190c6       0x25 build/cooja/mtype344.a(node-id.o)
                0x00000000000190c6                node_id_init
 .text          0x00000000000190eb       0xeb build/cooja/mtype344.a(rtimer.o)
                0x00000000000190eb                rtimer_init
                0x00000000000190f9                rtimer_set
                0x0000000000019174                rtimer_run_next
 .text          0x00000000000191d6      0x4fb build/cooja/mtype344.a(process.o)
                0x00000000000191d6                process_alloc_event
                0x00000000000191eb                process_start
                0x00000000000193c5                process_exit
                0x00000000000193e2                process_init
                0x0000000000019577                process_run
                0x00000000000195aa                process_nevents
                0x00000000000195c5                process_post
                0x0000000000019658                process_post_synch
                0x000000000001968d                process_poll
                0x00000000000196bd                process_is_running
 .text          0x00000000000196d1       0xb1 build/cooja/mtype344.a(timer.o)
                0x00000000000196d1                timer_set
                0x00000000000196ef                timer_reset
                0x000000000001971c                timer_restart
                0x0000000000019731                timer_expired
                0x000000000001975e                timer_remaining
 .text          0x0000000000019782      0x28f build/cooja/mtype344.a(list.o)
                0x0000000000019782                list_init
                0x0000000000019791                list_head
                0x000000000001979b                list_copy
                0x00000000000197ab                list_tail
                0x00000000000197e1                list_add
                0x000000000001982d                list_push
                0x0000000000019859                list_chop
                0x00000000000198c3                list_pop
                0x00000000000198eb                list_remove
                0x0000000000019953                list_length
                0x0000000000019981                list_insert
                0x00000000000199c6                list_item_next
                0x00000000000199dd                list_contains
 .text          0x0000000000019a11      0x1b5 build/cooja/mtype344.a(memb.o)
                0x0000000000019a11                memb_init
                0x0000000000019a66                memb_alloc
                0x0000000000019ac9                memb_free
                0x0000000000019b40                memb_inmemb
                0x0000000000019b7f                memb_numfree
 .text          0x0000000000019bc6      0x41c build/cooja/mtype344.a(button-hal.o)
                0x0000000000019d3f                button_hal_get_by_id
                0x0000000000019d7d                button_hal_get_by_index
                0x0000000000019da9                button_hal_get_state
                0x0000000000019dfb                button_hal_init
 .text          0x0000000000019fe2      0x1f3 build/cooja/mtype344.a(serial-line.o)
                0x0000000000019fe2                serial_line_input_byte
                0x000000000001a1a0                serial_line_init
 .text          0x000000000001a1d5      0x168 build/cooja/mtype344.a(gpio-hal.o)
                0x000000000001a1d5                gpio_hal_register_handler
                0x000000000001a1f2                gpio_hal_event_handler
                0x000000000001a24e                gpio_hal_init
                0x000000000001a26d                gpio_hal_arch_port_toggle_pin
                0x000000000001a2a9                gpio_hal_arch_port_toggle_pins
                0x000000000001a2d7                gpio_hal_arch_no_port_toggle_pin
                0x000000000001a315                gpio_hal_arch_no_port_toggle_pins
 .text          0x000000000001a33d      0x2e7 build/cooja/mtype344.a(queuebuf.o)
                0x000000000001a347                queuebuf_init
                0x000000000001a370                queuebuf_numfree
                0x000000000001a388                queuebuf_new_from_packetbuf
                0x000000000001a427                queuebuf_update_attr_from_packetbuf
                0x000000000001a45c                queuebuf_update_from_packetbuf
                0x000000000001a4ac                queuebuf_free
                0x000000000001a4f5                queuebuf_to_packetbuf
                0x000000000001a561                queuebuf_dataptr
                0x000000000001a59b                queuebuf_datalen
                0x000000000001a5be                queuebuf_addr
                0x000000000001a5f3                queuebuf_attr
                0x000000000001a61e                queuebuf_debug_print
 .text          0x000000000001a624      0x407 build/cooja/mtype344.a(packetbuf.o)
                0x000000000001a624                packetbuf_clear
                0x000000000001a64f                packetbuf_copyfrom
                0x000000000001a69e                packetbuf_copyto
                0x000000000001a731                packetbuf_hdralloc
                0x000000000001a7ad                packetbuf_hdrreduce
                0x000000000001a7f3                packetbuf_set_datalen
                0x000000000001a80d                packetbuf_dataptr
                0x000000000001a82a                packetbuf_hdrptr
                0x000000000001a834                packetbuf_datalen
                0x000000000001a840                packetbuf_hdrlen
                0x000000000001a857                packetbuf_totlen
                0x000000000001a86d                packetbuf_remaininglen
                0x000000000001a880                packetbuf_attr_clear
                0x000000000001a8cc                packetbuf_attr_copyto
                0x000000000001a924                packetbuf_attr_copyfrom
                0x000000000001a97c                packetbuf_set_attr
                0x000000000001a9a6                packetbuf_attr
                0x000000000001a9c0                packetbuf_set_addr
                0x000000000001a9f1                packetbuf_addr
                0x000000000001aa0e                packetbuf_holds_broadcast
 .text          0x000000000001aa2b       0xef build/cooja/mtype344.a(netstack.o)
                0x000000000001aa2b                netstack_process_ip_callback
                0x000000000001aabc                netstack_ip_packet_processor_add
                0x000000000001aadf                uip_ds6_ip_packet_processor_rm
                0x000000000001aafc                netstack_init
 .text          0x000000000001ab1a       0x4f build/cooja/mtype344.a(linkaddr.o)
                0x000000000001ab1a                linkaddr_copy
                0x000000000001ab30                linkaddr_cmp
                0x000000000001ab53                linkaddr_set_node_addr
 .text          0x000000000001ab69      0x1f6 build/cooja/mtype344.a(csma.o)
 .text          0x000000000001ad5f      0x95d build/cooja/mtype344.a(csma-output.o)
                0x000000000001b3f6                csma_output_packet
                0x000000000001b683                csma_output_init
 .text          0x000000000001b6bc      0xc11 build/cooja/mtype344.a(uip-ds6.o)
                0x000000000001b6bc                uip_ds6_default_prefix
                0x000000000001b6c6                uip_ds6_set_default_prefix
                0x000000000001b6f1                uip_ds6_init
                0x000000000001b953                uip_ds6_periodic
                0x000000000001b9da                uip_ds6_list_loop
                0x000000000001ba9a                uip_ds6_prefix_add
                0x000000000001bb46                uip_ds6_prefix_rm
                0x000000000001bb59                uip_ds6_prefix_lookup
                0x000000000001bb98                uip_ds6_is_addr_onlink
                0x000000000001bc0b                uip_ds6_addr_add
                0x000000000001bd2b                uip_ds6_addr_rm
                0x000000000001bdd4                uip_ds6_addr_lookup
                0x000000000001be0d                uip_ds6_get_link_local
                0x000000000001be8e                uip_ds6_get_global
                0x000000000001bf0f                uip_ds6_maddr_add
                0x000000000001bf6f                uip_ds6_maddr_rm
                0x000000000001bf82                uip_ds6_maddr_lookup
                0x000000000001bfbb                uip_ds6_aaddr_add
                0x000000000001c01b                uip_ds6_aaddr_rm
                0x000000000001c02e                uip_ds6_aaddr_lookup
                0x000000000001c067                uip_ds6_select_src
                0x000000000001c1b0                uip_ds6_set_addr_iid
                0x000000000001c1db                uip_ds6_set_lladdr_from_iid
                0x000000000001c204                get_match_length
                0x000000000001c295                uip_ds6_compute_reachable_time
 .text          0x000000000001c2cd      0x128 build/cooja/mtype344.a(uip-udp-packet.)
                0x000000000001c2cd                uip_udp_packet_send
                0x000000000001c328                uip_udp_packet_sendto
 .text          0x000000000001c3f5      0x35b build/cooja/mtype344.a(uip-ds6-route.o)
                0x000000000001c446                uip_ds6_route_init
                0x000000000001c470                uip_ds6_route_nexthop
                0x000000000001c47a                uip_ds6_route_head
                0x000000000001c484                uip_ds6_route_next
                0x000000000001c48e                uip_ds6_route_is_nexthop
                0x000000000001c498                uip_ds6_route_num_routes
                0x000000000001c4a2                uip_ds6_route_lookup
                0x000000000001c4ac                uip_ds6_route_add
                0x000000000001c4bf                uip_ds6_route_rm
                0x000000000001c4c5                uip_ds6_route_rm_by_nexthop
                0x000000000001c4cb                uip_ds6_defrt_head
                0x000000000001c4e4                uip_ds6_defrt_add
                0x000000000001c592                uip_ds6_defrt_rm
                0x000000000001c5f8                uip_ds6_defrt_lookup
                0x000000000001c65f                uip_ds6_defrt_choose
                0x000000000001c6d5                uip_ds6_defrt_periodic
 .text          0x000000000001c750      0x6f7 build/cooja/mtype344.a(tcpip.o)
                0x000000000001c76a                tcpip_output
                0x000000000001c7e9                udp_attach
                0x000000000001c801                udp_new
                0x000000000001c84b                udp_broadcast_new
                0x000000000001c9bd                tcpip_input
                0x000000000001cb4d                tcpip_ipv6_output
                0x000000000001cd41                tcpip_poll_udp
                0x000000000001cd5f                tcpip_uipcall
 .text          0x000000000001ce47     0x1205 build/cooja/mtype344.a(uip6.o)
                0x000000000001cef6                uip_chksum
                0x000000000001cfcd                uip_icmp6chksum
                0x000000000001cfe2                uip_udpchksum
                0x000000000001cff7                uip_init
                0x000000000001d040                uip_remove_ext_hdr
                0x000000000001d11a                uip_udp_new
                0x000000000001d42e                uip_process
                0x000000000001df26                uip_htons
                0x000000000001df48                uip_htonl
                0x000000000001df86                uip_send
 .text          0x000000000001e04c      0x369 build/cooja/mtype344.a(uip-ds6-nbr.o)
                0x000000000001e04c                uip_ds6_neighbors_init
                0x000000000001e070                uip_ds6_nbr_add
                0x000000000001e0f6                uip_ds6_nbr_rm
                0x000000000001e141                uip_ds6_nbr_update_ll
                0x000000000001e22f                uip_ds6_nbr_get_ipaddr
                0x000000000001e244                uip_ds6_nbr_get_ll
                0x000000000001e260                uip_ds6_nbr_num
                0x000000000001e2a9                uip_ds6_nbr_head
                0x000000000001e2c2                uip_ds6_nbr_next
                0x000000000001e2de                uip_ds6_nbr_lookup
                0x000000000001e336                uip_ds6_nbr_ll_lookup
                0x000000000001e352                uip_ds6_nbr_ipaddr_from_lladdr
                0x000000000001e37b                uip_ds6_nbr_lladdr_from_ipaddr
                0x000000000001e3af                uip_ds6_link_callback
 .text          0x000000000001e3b5      0x6a7 build/cooja/mtype344.a(uip-nd6.o)
                0x000000000001ea43                uip_nd6_init
 .text          0x000000000001ea5c     0x2c17 build/cooja/mtype344.a(sicslowpan.o)
                0x000000000001f063                netstack_sniffer_add
                0x000000000001f071                netstack_sniffer_remove
                0x0000000000021647                sicslowpan_init
                0x0000000000021669                sicslowpan_get_last_rssi
 .text          0x0000000000021673      0x4d1 build/cooja/mtype344.a(uiplib.o)
                0x0000000000021673                uiplib_ip6addrconv
                0x000000000002182b                uiplib_ip4addrconv
                0x00000000000218ee                uiplib_ipaddr_print
                0x0000000000021941                uiplib_ipaddr_snprint
 .text          0x0000000000021b44      0x4c9 build/cooja/mtype344.a(rpl.o)
                0x0000000000021b44                rpl_lollipop_greater_than
                0x0000000000021b9e                rpl_get_global_address
                0x0000000000021c96                rpl_link_callback
                0x0000000000021cda                rpl_has_joined
                0x0000000000021cff                rpl_is_reachable
                0x0000000000021d80                rpl_reset_prefix
                0x0000000000021dea                rpl_set_prefix_from_addr
                0x0000000000021ecf                rpl_set_prefix
                0x0000000000021fe9                rpl_set_leaf_only
                0x0000000000022001                rpl_get_leaf_only
 .text          0x000000000002200d     0x138c build/cooja/mtype344.a(rpl-icmp6.o)
                0x0000000000022132                rpl_icmp6_update_nbr_table
                0x00000000000221bb                rpl_icmp6_dis_output
                0x0000000000022801                rpl_icmp6_dio_output
                0x0000000000022fff                rpl_icmp6_dao_output
                0x00000000000232e0                rpl_icmp6_dao_ack_output
                0x0000000000023350                rpl_icmp6_init
 .text          0x0000000000023399      0x264 build/cooja/mtype344.a(rpl-dag-root.o)
                0x0000000000023399                rpl_dag_root_print_links
                0x00000000000234c5                rpl_dag_root_set_prefix
                0x00000000000234f1                rpl_dag_root_start
                0x00000000000235ce                rpl_dag_root_is_root
 .text          0x00000000000235fd       0x30 build/cooja/mtype344.a(watchdog.o)
                0x00000000000235fd                watchdog_init
                0x0000000000023603                watchdog_start
                0x0000000000023609                watchdog_periodic
                0x0000000000023621                watchdog_stop
                0x0000000000023627                watchdog_reboot
 .text          0x000000000002362d       0x4a build/cooja/mtype344.a(int-master.o)
                0x000000000002362d                int_master_enable
                0x000000000002363d                int_master_read_and_disable
                0x000000000002365a                int_master_status_set
                0x0000000000023668                int_master_is_enabled
 .text          0x0000000000023677      0x226 build/cooja/mtype344.a(coap-timer-defa)
 .text          0x000000000002389d       0xc7 build/cooja/mtype344.a(stimer.o)
                0x000000000002389d                stimer_set
                0x00000000000238bb                stimer_reset
                0x00000000000238e8                stimer_restart
                0x00000000000238fd                stimer_expired
                0x0000000000023928                stimer_remaining
                0x000000000002394c                stimer_elapsed
 .text          0x0000000000023964      0x156 build/cooja/mtype344.a(ringbuf.o)
                0x0000000000023964                ringbuf_init
                0x0000000000023996                ringbuf_put
                0x0000000000023a14                ringbuf_get
                0x0000000000023a81                ringbuf_size
                0x0000000000023a93                ringbuf_elements
 .text          0x0000000000023aba       0x1f build/cooja/mtype344.a(assert.o)
                0x0000000000023aba                _xassert
 .text          0x0000000000023ad9      0x79b build/cooja/mtype344.a(nbr-table.o)
                0x0000000000023f52                nbr_table_register
                0x0000000000023fbf                nbr_table_is_registered
                0x0000000000023ffa                nbr_table_head
                0x0000000000024055                nbr_table_next
                0x00000000000240b6                nbr_table_add_lladdr
                0x0000000000024190                nbr_table_get_from_lladdr
                0x00000000000241dc                nbr_table_remove
                0x0000000000024214                nbr_table_lock
                0x000000000002422e                nbr_table_unlock
                0x0000000000024248                nbr_table_get_lladdr
 .text          0x0000000000024274      0x3a5 build/cooja/mtype344.a(link-stats.o)
                0x0000000000024274                link_stats_from_lladdr
                0x0000000000024290                link_stats_get_lladdr
                0x00000000000242ac                link_stats_is_fresh
                0x00000000000242e8                guess_etx_from_rssi
                0x0000000000024364                link_stats_packet_sent
                0x0000000000024484                link_stats_input_callback
                0x0000000000024594                link_stats_reset
                0x00000000000245e4                link_stats_init
 .text          0x0000000000024619      0x187 build/cooja/mtype344.a(mac-sequence.o)
                0x0000000000024619                mac_sequence_is_duplicate
                0x00000000000246b9                mac_sequence_register_seqno
 .text          0x00000000000247a0       0x23 build/cooja/mtype344.a(mac.o)
                0x00000000000247a0                mac_call_sent_callback
 .text          0x00000000000247c3      0x432 build/cooja/mtype344.a(framer-802154.o)
                0x0000000000024952                framer_802154_setup_params
 .text          0x0000000000024bf5      0xb6f build/cooja/mtype344.a(frame802154.o)
                0x0000000000024c26                frame802154_get_pan_id
                0x0000000000024c32                frame802154_set_pan_id
                0x0000000000024c4c                frame802154_has_panid
                0x0000000000024dfb                frame802154_check_dest_panid
                0x0000000000024e83                frame802154_is_broadcast_addr
                0x0000000000024ed0                frame802154_extract_linkaddr
                0x0000000000025135                frame802154_hdrlen
                0x00000000000251a8                frame802154_create_fcf
                0x0000000000025260                frame802154_create
                0x00000000000253d5                frame802154_parse_fcf
                0x00000000000254b7                frame802154_parse
 .text          0x0000000000025764       0x2d build/cooja/mtype344.a(csma-security.o)
                0x0000000000025764                csma_security_create_frame
                0x0000000000025782                csma_security_parse_frame
 .text          0x0000000000025791      0x4e4 build/cooja/mtype344.a(uipbuf.o)
                0x0000000000025791                uipbuf_clear
                0x00000000000257b8                uipbuf_add_ext_hdr
                0x0000000000025838                uipbuf_set_len
                0x0000000000025865                uipbuf_set_len_field
                0x0000000000025891                uipbuf_get_len_field
                0x00000000000258b1                uipbuf_get_next_header
                0x00000000000259e3                uipbuf_get_last_header
                0x0000000000025a5c                uipbuf_search_header
                0x0000000000025b12                uipbuf_get_attr
                0x0000000000025b39                uipbuf_set_attr
                0x0000000000025b70                uipbuf_set_default_attr
                0x0000000000025ba7                uipbuf_clear_attr
                0x0000000000025bcb                uipbuf_set_attr_flag
                0x0000000000025bec                uipbuf_clr_attr_flag
                0x0000000000025c13                uipbuf_is_attr_flag
                0x0000000000025c37                uipbuf_init
 .text          0x0000000000025c75      0x73f build/cooja/mtype344.a(uip-icmp6.o)
                0x0000000000025cea                uip_icmp6_input
                0x0000000000025d41                uip_icmp6_register_input_handler
                0x0000000000025e94                uip_icmp6_error_output
                0x0000000000026145                uip_icmp6_send
                0x000000000002633c                uip_icmp6_echo_reply_callback_add
                0x000000000002636e                uip_icmp6_echo_reply_callback_rm
                0x000000000002638b                uip_icmp6_init
 .text          0x00000000000263b4      0x69b build/cooja/mtype344.a(uip-sr.o)
                0x00000000000263b4                uip_sr_num_nodes
                0x0000000000026442                uip_sr_get_node
                0x0000000000026499                uip_sr_is_addr_reachable
                0x0000000000026547                uip_sr_expire_parent
                0x0000000000026590                uip_sr_update_node
                0x00000000000266c0                uip_sr_init
                0x00000000000266f4                uip_sr_node_head
                0x000000000002670d                uip_sr_node_next
                0x0000000000026723                uip_sr_periodic
                0x0000000000026829                uip_sr_free_all
                0x0000000000026899                uip_sr_link_snprint
 .text          0x0000000000026a4f      0x146 build/cooja/mtype344.a(uip-packetqueue)
                0x0000000000026a7d                uip_packetqueue_new
                0x0000000000026a8c                uip_packetqueue_alloc
                0x0000000000026ae7                uip_packetqueue_free
                0x0000000000026b2e                uip_packetqueue_buf
                0x0000000000026b4b                uip_packetqueue_buflen
                0x0000000000026b6c                uip_packetqueue_set_buflen
 .text          0x0000000000026b95      0x1b0 build/cooja/mtype344.a(rpl-nbr-policy.)
                0x0000000000026d02                rpl_nbr_policy_find_removable
 .text          0x0000000000026d45      0x915 build/cooja/mtype344.a(rpl-neighbor.o)
                0x0000000000026dc1                rpl_neighbor_snprint
                0x0000000000027074                rpl_neighbor_print_list
                0x0000000000027129                rpl_neighbor_count
                0x00000000000271d0                rpl_neighbor_get_from_lladdr
                0x00000000000271ec                rpl_neighbor_is_acceptable_parent
                0x0000000000027220                rpl_neighbor_get_link_metric
                0x0000000000027254                rpl_neighbor_rank_via_nbr
                0x0000000000027288                rpl_neighbor_get_lladdr
                0x00000000000272a4                rpl_neighbor_get_ipaddr
                0x00000000000272cb                rpl_neighbor_get_link_stats
                0x00000000000272f2                rpl_neighbor_is_fresh
                0x0000000000027319                rpl_neighbor_is_reachable
                0x0000000000027364                rpl_neighbor_is_parent
                0x000000000002738e                rpl_neighbor_set_preferred_parent
                0x0000000000027425                rpl_neighbor_remove_all
                0x0000000000027481                rpl_neighbor_get_from_ipaddr
                0x000000000002758f                rpl_neighbor_select_best
                0x000000000002763b                rpl_neighbor_init
 .text          0x000000000002765a      0xe69 build/cooja/mtype344.a(rpl-dag.o)
                0x000000000002765a                rpl_dag_state_to_str
                0x0000000000027699                rpl_dag_get_root_ipaddr
                0x00000000000276e1                rpl_dag_leave
                0x000000000002776a                rpl_dag_poison_and_leave
                0x0000000000027782                rpl_dag_periodic
                0x000000000002780a                rpl_is_addr_in_our_dag
                0x000000000002784e                rpl_get_default_instance
                0x000000000002786a                rpl_get_any_dag
                0x00000000000278c3                rpl_refresh_routes
                0x0000000000027903                rpl_global_repair
                0x000000000002799c                rpl_local_repair
                0x00000000000279e6                rpl_dag_ready_to_advertise
                0x0000000000027a29                rpl_dag_update_state
                0x0000000000028156                rpl_process_dio
                0x00000000000281d4                rpl_process_dis
                0x0000000000028219                rpl_process_dao
                0x00000000000282a8                rpl_process_dao_ack
                0x000000000002833f                rpl_process_hbh
                0x000000000002838f                rpl_dag_init_root
                0x00000000000284a3                rpl_dag_init
 .text          0x00000000000284c3      0x9e7 build/cooja/mtype344.a(rpl-timers.o)
                0x00000000000284c3                rpl_timers_schedule_periodic_dis
                0x0000000000028611                rpl_timers_dio_reset
                0x000000000002871f                rpl_timers_schedule_unicast_dio
                0x0000000000028873                rpl_timers_schedule_dao
                0x0000000000028932                rpl_timers_schedule_dao_ack
                0x00000000000289b8                rpl_timers_notify_dao_ack
                0x0000000000028a16                get_probing_delay
                0x0000000000028a4a                get_probing_target
                0x0000000000028c34                rpl_schedule_probing
                0x0000000000028c62                rpl_schedule_probing_now
                0x0000000000028ccc                rpl_timers_unschedule_leaving
                0x0000000000028d04                rpl_timers_schedule_leaving
                0x0000000000028d45                rpl_timers_init
                0x0000000000028dd5                rpl_timers_stop_dag_timers
                0x0000000000028e4e                rpl_timers_unschedule_state_update
                0x0000000000028e72                rpl_timers_schedule_state_update
 .text          0x0000000000028eaa      0xb8e build/cooja/mtype344.a(rpl-ext-header.)
                0x0000000000028eaa                rpl_ext_header_srh_get_next_hop
                0x0000000000028f91                rpl_ext_header_srh_update
                0x00000000000294fd                rpl_ext_header_hbh_update
                0x00000000000297fd                rpl_ext_header_update
                0x0000000000029886                rpl_ext_header_remove
 .text          0x0000000000029a38      0x31b build/cooja/mtype344.a(rpl-mrhof.o)
 *fill*         0x0000000000029d53        0xd 
 .text          0x0000000000029d60      0x122 /usr/lib/gcc/i686-linux-gnu/5/libgcc.a(_udivdi3.o)
                0x0000000000029d60                __udivdi3
 .text          0x0000000000029e82        0x0 /usr/lib/gcc/i686-linux-gnu/5/crtendS.o
 .text          0x0000000000029e82        0x0 /usr/lib/gcc/i686-linux-gnu/5/../../../i386-linux-gnu/crtn.o
 *(.gnu.warning)

.fini           0x0000000000029e84       0x14
 *(SORT(.fini))
 .fini          0x0000000000029e84        0xf /usr/lib/gcc/i686-linux-gnu/5/../../../i386-linux-gnu/crti.o
                0x0000000000029e84                _fini
 .fini          0x0000000000029e93        0x5 /usr/lib/gcc/i686-linux-gnu/5/../../../i386-linux-gnu/crtn.o
                [!provide]                        PROVIDE (__etext, .)
                [!provide]                        PROVIDE (_etext, .)
                [!provide]                        PROVIDE (etext, .)

.rodata         0x0000000000029ea0      0xaeb
 *(.rodata .rodata.* .gnu.linkonce.r.*)
 .rodata        0x0000000000029ea0       0xdc window.o
                0x0000000000029eb8                autostart_processes
 .rodata        0x0000000000029f7c        0x8 build/cooja/mtype344.a(beep.o)
                0x0000000000029f7c                beep_interface
 .rodata        0x0000000000029f84        0xe build/cooja/mtype344.a(leds-arch.o)
                0x0000000000029f84                leds_interface
                0x0000000000029f8c                leds_arch_leds
 *fill*         0x0000000000029f92        0x2 
 .rodata        0x0000000000029f94        0x8 build/cooja/mtype344.a(moteid.o)
                0x0000000000029f94                moteid_interface
 .rodata        0x0000000000029f9c       0x1c build/cooja/mtype344.a(pir-sensor.o)
                0x0000000000029f9c                pir_interface
                0x0000000000029fa8                pir_sensor
 .rodata        0x0000000000029fb8        0xe build/cooja/mtype344.a(rs232.o)
                0x0000000000029fb8                rs232_interface
 *fill*         0x0000000000029fc6        0x2 
 .rodata        0x0000000000029fc8       0x24 build/cooja/mtype344.a(vib-sensor.o)
                0x0000000000029fc8                vib_interface
                0x0000000000029fdc                vib_sensor
 .rodata        0x0000000000029fec        0x8 build/cooja/mtype344.a(clock.o)
                0x0000000000029fec                clock_interface
 .rodata        0x0000000000029ff4        0x8 build/cooja/mtype344.a(cooja-log.o)
                0x0000000000029ff4                simlog_interface
 .rodata        0x0000000000029ffc       0x2f build/cooja/mtype344.a(cfs-cooja.o)
                0x0000000000029ffc                cfs_interface
 *fill*         0x000000000002a02b       0x15 
 .rodata        0x000000000002a040       0xb8 build/cooja/mtype344.a(cooja-radio.o)
                0x000000000002a040                radio_interface
                0x000000000002a0c0                cooja_radio_driver
 .rodata        0x000000000002a0f8        0x8 build/cooja/mtype344.a(eeprom.o)
                0x000000000002a0f8                eeprom_interface
 .rodata        0x000000000002a100        0x8 build/cooja/mtype344.a(sensors.o)
 .rodata        0x000000000002a108       0x2c build/cooja/mtype344.a(buttons.o)
                0x000000000002a108                button_interface
                0x000000000002a11c                button_hal_button_count
                0x000000000002a124                button_sensor
 .rodata        0x000000000002a134       0xb4 build/cooja/mtype344.a(res_window.o)
 .rodata        0x000000000002a1e8       0x41 build/cooja/mtype344.a(coap-engine.o)
 .rodata        0x000000000002a229       0x19 build/cooja/mtype344.a(coap-res-well-k)
 .rodata        0x000000000002a242       0x11 build/cooja/mtype344.a(coap-observe.o)
 .rodata        0x000000000002a253       0x35 build/cooja/mtype344.a(coap-uip.o)
 .rodata        0x000000000002a288      0x1ac build/cooja/mtype344.a(coap.o)
 .rodata        0x000000000002a434       0xf4 build/cooja/mtype344.a(contiki-main.o)
 .rodata        0x000000000002a528        0xf build/cooja/mtype344.a(ctimer.o)
 *fill*         0x000000000002a537        0x1 
 .rodata        0x000000000002a538       0xc4 build/cooja/mtype344.a(log.o)
 .rodata        0x000000000002a5fc        0xc build/cooja/mtype344.a(etimer.o)
 .rodata        0x000000000002a608       0x13 build/cooja/mtype344.a(button-hal.o)
 .rodata        0x000000000002a61b        0xe build/cooja/mtype344.a(serial-line.o)
 *fill*         0x000000000002a629        0x3 
 .rodata        0x000000000002a62c        0x8 build/cooja/mtype344.a(linkaddr.o)
                0x000000000002a62c                linkaddr_null
 .rodata        0x000000000002a634       0x24 build/cooja/mtype344.a(csma.o)
                0x000000000002a63c                csma_driver
 .rodata        0x000000000002a658       0x2a build/cooja/mtype344.a(csma-output.o)
 *fill*         0x000000000002a682        0x2 
 .rodata        0x000000000002a684       0x4d build/cooja/mtype344.a(uip-ds6-route.o)
 .rodata        0x000000000002a6d1        0xd build/cooja/mtype344.a(tcpip.o)
 *fill*         0x000000000002a6de        0x2 
 .rodata        0x000000000002a6e0       0x30 build/cooja/mtype344.a(sicslowpan.o)
                0x000000000002a6e0                unc_llconf
                0x000000000002a6e4                unc_ctxconf
                0x000000000002a6e8                unc_mxconf
                0x000000000002a6ec                llprefix
                0x000000000002a700                sicslowpan_driver
 .rodata        0x000000000002a710       0x2d build/cooja/mtype344.a(uiplib.o)
 *fill*         0x000000000002a73d        0x3 
 .rodata        0x000000000002a740       0x74 build/cooja/mtype344.a(rpl.o)
                0x000000000002a760                rpl_lite_driver
 .rodata        0x000000000002a7b4       0x20 build/cooja/mtype344.a(coap-timer-defa)
                0x000000000002a7c8                coap_timer_default_driver
 .rodata        0x000000000002a7d4       0x25 build/cooja/mtype344.a(assert.o)
 *fill*         0x000000000002a7f9        0x3 
 .rodata        0x000000000002a7fc        0xc build/cooja/mtype344.a(framer-802154.o)
                0x000000000002a7fc                framer_802154
 .rodata        0x000000000002a808       0x44 build/cooja/mtype344.a(uip-sr.o)
 .rodata        0x000000000002a84c       0x58 build/cooja/mtype344.a(rpl-neighbor.o)
 .rodata        0x000000000002a8a4       0xdb build/cooja/mtype344.a(rpl-dag.o)
 .rodata        0x000000000002a97f        0xc build/cooja/mtype344.a(rpl-timers.o)

.rodata1
 *(.rodata1)

.eh_frame_hdr   0x000000000002a98c     0x19ec
 *(.eh_frame_hdr)
 .eh_frame_hdr  0x000000000002a98c     0x19ec window.o
                0x000000000002a98c                __GNU_EH_FRAME_HDR
 *(.eh_frame_entry .eh_frame_entry.*)

.eh_frame       0x000000000002c378     0x692c
 *(.eh_frame)
 .eh_frame      0x000000000002c378       0x3c /usr/lib/gcc/i686-linux-gnu/5/../../../i386-linux-gnu/crti.o
                                         0x40 (size before relaxing)
 .eh_frame      0x000000000002c3b4       0x60 window.o
                                         0x78 (size before relaxing)
 .eh_frame      0x000000000002c414      0x178 build/cooja/mtype344.o
                                        0x190 (size before relaxing)
 .eh_frame      0x000000000002c58c       0x40 build/cooja/mtype344.a(simEnvChange.o)
                                         0x58 (size before relaxing)
 .eh_frame      0x000000000002c5cc       0x60 build/cooja/mtype344.a(cooja_mt.o)
                                         0x78 (size before relaxing)
 .eh_frame      0x000000000002c62c       0x80 build/cooja/mtype344.a(cooja_mtarch.o)
                                         0x98 (size before relaxing)
 .eh_frame      0x000000000002c6ac       0xc8 build/cooja/mtype344.a(rtimer-arch.o)
                                         0xe0 (size before relaxing)
 .eh_frame      0x000000000002c774      0x160 build/cooja/mtype344.a(beep.o)
                                        0x178 (size before relaxing)
 .eh_frame      0x000000000002c8d4       0x80 build/cooja/mtype344.a(leds-arch.o)
                                         0x98 (size before relaxing)
 .eh_frame      0x000000000002c954       0x40 build/cooja/mtype344.a(moteid.o)
                                         0x58 (size before relaxing)
 .eh_frame      0x000000000002c994       0xa0 build/cooja/mtype344.a(pir-sensor.o)
                                         0xb8 (size before relaxing)
 .eh_frame      0x000000000002ca34      0x100 build/cooja/mtype344.a(rs232.o)
                                        0x118 (size before relaxing)
 .eh_frame      0x000000000002cb34       0xa0 build/cooja/mtype344.a(vib-sensor.o)
                                         0xb8 (size before relaxing)
 .eh_frame      0x000000000002cbd4       0xc0 build/cooja/mtype344.a(clock.o)
                                         0xd8 (size before relaxing)
 .eh_frame      0x000000000002cc94      0x120 build/cooja/mtype344.a(cooja-log.o)
                                        0x138 (size before relaxing)
 .eh_frame      0x000000000002cdb4      0x160 build/cooja/mtype344.a(cfs-cooja.o)
                                        0x178 (size before relaxing)
 .eh_frame      0x000000000002cf14      0x340 build/cooja/mtype344.a(cooja-radio.o)
                                        0x358 (size before relaxing)
 .eh_frame      0x000000000002d254       0xa0 build/cooja/mtype344.a(eeprom.o)
                                         0xb8 (size before relaxing)
 .eh_frame      0x000000000002d2f4       0x40 build/cooja/mtype344.a(random.o)
                                         0x58 (size before relaxing)
 .eh_frame      0x000000000002d334       0xc0 build/cooja/mtype344.a(sensors.o)
                                         0xd8 (size before relaxing)
 .eh_frame      0x000000000002d3f4      0x120 build/cooja/mtype344.a(leds.o)
                                        0x138 (size before relaxing)
 .eh_frame      0x000000000002d514      0x220 build/cooja/mtype344.a(gpio-hal-arch.o)
                                        0x238 (size before relaxing)
 .eh_frame      0x000000000002d734       0xa0 build/cooja/mtype344.a(buttons.o)
                                         0xb8 (size before relaxing)
 .eh_frame      0x000000000002d7d4       0x84 build/cooja/mtype344.a(res_window.o)
                                         0x9c (size before relaxing)
 .eh_frame      0x000000000002d858       0x44 build/cooja/mtype344.a(coap-blocking-a)
                                         0x5c (size before relaxing)
 .eh_frame      0x000000000002d89c      0x220 build/cooja/mtype344.a(coap-engine.o)
                                        0x238 (size before relaxing)
 .eh_frame      0x000000000002dabc       0x24 build/cooja/mtype344.a(coap-res-well-k)
                                         0x3c (size before relaxing)
 .eh_frame      0x000000000002dae0      0x188 build/cooja/mtype344.a(coap-observe.o)
                                        0x1a0 (size before relaxing)
 .eh_frame      0x000000000002dc68      0x250 build/cooja/mtype344.a(coap-uip.o)
                                        0x268 (size before relaxing)
 .eh_frame      0x000000000002deb8      0x114 build/cooja/mtype344.a(coap-timer.o)
                                        0x12c (size before relaxing)
 .eh_frame      0x000000000002dfcc      0x100 build/cooja/mtype344.a(coap-transactio)
                                        0x118 (size before relaxing)
 .eh_frame      0x000000000002e0cc      0x6ec build/cooja/mtype344.a(coap.o)
                                        0x704 (size before relaxing)
 .eh_frame      0x000000000002e7b8       0x30 build/cooja/mtype344.a(contiki-main.o)
                                         0x48 (size before relaxing)
 .eh_frame      0x000000000002e7e8       0x40 build/cooja/mtype344.a(autostart.o)
                                         0x58 (size before relaxing)
 .eh_frame      0x000000000002e828      0x100 build/cooja/mtype344.a(ctimer.o)
                                        0x118 (size before relaxing)
 .eh_frame      0x000000000002e928      0x100 build/cooja/mtype344.a(log.o)
                                        0x118 (size before relaxing)
 .eh_frame      0x000000000002ea28       0x60 build/cooja/mtype344.a(energest.o)
                                         0x78 (size before relaxing)
 .eh_frame      0x000000000002ea88      0x1e0 build/cooja/mtype344.a(etimer.o)
                                        0x1f8 (size before relaxing)
 .eh_frame      0x000000000002ec68       0x20 build/cooja/mtype344.a(node-id.o)
                                         0x38 (size before relaxing)
 .eh_frame      0x000000000002ec88       0x60 build/cooja/mtype344.a(rtimer.o)
                                         0x78 (size before relaxing)
 .eh_frame      0x000000000002ece8      0x1c4 build/cooja/mtype344.a(process.o)
                                        0x1dc (size before relaxing)
 .eh_frame      0x000000000002eeac       0xa4 build/cooja/mtype344.a(timer.o)
                                         0xbc (size before relaxing)
 .eh_frame      0x000000000002ef50      0x1a0 build/cooja/mtype344.a(list.o)
                                        0x1b8 (size before relaxing)
 .eh_frame      0x000000000002f0f0       0xa0 build/cooja/mtype344.a(memb.o)
                                         0xb8 (size before relaxing)
 .eh_frame      0x000000000002f190      0x144 build/cooja/mtype344.a(button-hal.o)
                                        0x15c (size before relaxing)
 .eh_frame      0x000000000002f2d4       0x60 build/cooja/mtype344.a(serial-line.o)
                                         0x78 (size before relaxing)
 .eh_frame      0x000000000002f334       0xe0 build/cooja/mtype344.a(gpio-hal.o)
                                         0xf8 (size before relaxing)
 .eh_frame      0x000000000002f414      0x1a0 build/cooja/mtype344.a(queuebuf.o)
                                        0x1b8 (size before relaxing)
 .eh_frame      0x000000000002f5b4      0x28c build/cooja/mtype344.a(packetbuf.o)
                                        0x2a4 (size before relaxing)
 .eh_frame      0x000000000002f840       0x80 build/cooja/mtype344.a(netstack.o)
                                         0x98 (size before relaxing)
 .eh_frame      0x000000000002f8c0       0x60 build/cooja/mtype344.a(linkaddr.o)
                                         0x78 (size before relaxing)
 .eh_frame      0x000000000002f920       0xe0 build/cooja/mtype344.a(csma.o)
                                         0xf8 (size before relaxing)
 .eh_frame      0x000000000002fa00      0x1d0 build/cooja/mtype344.a(csma-output.o)
                                        0x1e8 (size before relaxing)
 .eh_frame      0x000000000002fbd0      0x328 build/cooja/mtype344.a(uip-ds6.o)
                                        0x340 (size before relaxing)
 .eh_frame      0x000000000002fef8       0x40 build/cooja/mtype344.a(uip-udp-packet.)
                                         0x58 (size before relaxing)
 .eh_frame      0x000000000002ff38      0x220 build/cooja/mtype344.a(uip-ds6-route.o)
                                        0x238 (size before relaxing)
 .eh_frame      0x0000000000030158      0x244 build/cooja/mtype344.a(tcpip.o)
                                        0x25c (size before relaxing)
 .eh_frame      0x000000000003039c      0x1e8 build/cooja/mtype344.a(uip6.o)
                                        0x200 (size before relaxing)
 .eh_frame      0x0000000000030584      0x1c0 build/cooja/mtype344.a(uip-ds6-nbr.o)
                                        0x1d8 (size before relaxing)
 .eh_frame      0x0000000000030744       0x84 build/cooja/mtype344.a(uip-nd6.o)
                                         0x9c (size before relaxing)
 .eh_frame      0x00000000000307c8      0x2f8 build/cooja/mtype344.a(sicslowpan.o)
                                        0x310 (size before relaxing)
 .eh_frame      0x0000000000030ac0       0x88 build/cooja/mtype344.a(uiplib.o)
                                         0xa0 (size before relaxing)
 .eh_frame      0x0000000000030b48      0x1e0 build/cooja/mtype344.a(rpl.o)
                                        0x1f8 (size before relaxing)
 .eh_frame      0x0000000000030d28      0x1c4 build/cooja/mtype344.a(rpl-icmp6.o)
                                        0x1dc (size before relaxing)
 .eh_frame      0x0000000000030eec       0xa0 build/cooja/mtype344.a(rpl-dag-root.o)
                                         0xb8 (size before relaxing)
 .eh_frame      0x0000000000030f8c       0xa0 build/cooja/mtype344.a(watchdog.o)
                                         0xb8 (size before relaxing)
 .eh_frame      0x000000000003102c       0x80 build/cooja/mtype344.a(int-master.o)
                                         0x98 (size before relaxing)
 .eh_frame      0x00000000000310ac       0xa4 build/cooja/mtype344.a(coap-timer-defa)
                                         0xbc (size before relaxing)
 .eh_frame      0x0000000000031150       0xc4 build/cooja/mtype344.a(stimer.o)
                                         0xdc (size before relaxing)
 .eh_frame      0x0000000000031214       0xa0 build/cooja/mtype344.a(ringbuf.o)
                                         0xb8 (size before relaxing)
 .eh_frame      0x00000000000312b4       0x20 build/cooja/mtype344.a(assert.o)
                                         0x38 (size before relaxing)
 .eh_frame      0x00000000000312d4      0x2ac build/cooja/mtype344.a(nbr-table.o)
                                        0x2c4 (size before relaxing)
 .eh_frame      0x0000000000031580      0x120 build/cooja/mtype344.a(link-stats.o)
                                        0x138 (size before relaxing)
 .eh_frame      0x00000000000316a0       0x48 build/cooja/mtype344.a(mac-sequence.o)
                                         0x60 (size before relaxing)
 .eh_frame      0x00000000000316e8       0x20 build/cooja/mtype344.a(mac.o)
                                         0x38 (size before relaxing)
 .eh_frame      0x0000000000031708       0xa4 build/cooja/mtype344.a(framer-802154.o)
                                         0xbc (size before relaxing)
 .eh_frame      0x00000000000317ac      0x1a4 build/cooja/mtype344.a(frame802154.o)
                                        0x1bc (size before relaxing)
 .eh_frame      0x0000000000031950       0x40 build/cooja/mtype344.a(csma-security.o)
                                         0x58 (size before relaxing)
 .eh_frame      0x0000000000031990      0x200 build/cooja/mtype344.a(uipbuf.o)
                                        0x218 (size before relaxing)
 .eh_frame      0x0000000000031b90      0x150 build/cooja/mtype344.a(uip-icmp6.o)
                                        0x168 (size before relaxing)
 .eh_frame      0x0000000000031ce0      0x184 build/cooja/mtype344.a(uip-sr.o)
                                        0x19c (size before relaxing)
 .eh_frame      0x0000000000031e64       0xe0 build/cooja/mtype344.a(uip-packetqueue)
                                         0xf8 (size before relaxing)
 .eh_frame      0x0000000000031f44       0x80 build/cooja/mtype344.a(rpl-nbr-policy.)
                                         0x98 (size before relaxing)
 .eh_frame      0x0000000000031fc4      0x2d4 build/cooja/mtype344.a(rpl-neighbor.o)
                                        0x2ec (size before relaxing)
 .eh_frame      0x0000000000032298      0x370 build/cooja/mtype344.a(rpl-dag.o)
                                        0x388 (size before relaxing)
 .eh_frame      0x0000000000032608      0x3a8 build/cooja/mtype344.a(rpl-timers.o)
                                        0x3c0 (size before relaxing)
 .eh_frame      0x00000000000329b0      0x124 build/cooja/mtype344.a(rpl-ext-header.)
                                        0x13c (size before relaxing)
 .eh_frame      0x0000000000032ad4      0x148 build/cooja/mtype344.a(rpl-mrhof.o)
                                        0x160 (size before relaxing)
 .eh_frame      0x0000000000032c1c       0x84 /usr/lib/gcc/i686-linux-gnu/5/libgcc.a(_udivdi3.o)
                                         0x9c (size before relaxing)
 .eh_frame      0x0000000000032ca0        0x4 /usr/lib/gcc/i686-linux-gnu/5/crtendS.o
 *(.eh_frame.*)

.gcc_except_table
 *(.gcc_except_table .gcc_except_table.*)

.gnu_extab
 *(.gnu_extab*)

.exception_ranges
 *(.exception_ranges .exception_ranges*)
                0x0000000000033f10                . = DATA_SEGMENT_ALIGN (0x1000, 0x1000)

.eh_frame
 *(.eh_frame)
 *(.eh_frame.*)

.gnu_extab
 *(.gnu_extab)

.gcc_except_table
 *(.gcc_except_table .gcc_except_table.*)

.exception_ranges
 *(.exception_ranges .exception_ranges*)

.tdata
 *(.tdata .tdata.* .gnu.linkonce.td.*)

.tbss
 *(.tbss .tbss.* .gnu.linkonce.tb.*)
 *(.tcommon)

.preinit_array
 *(.preinit_array)

.init_array     0x0000000000033f10        0x4
 *(SORT(.init_array.*) SORT(.ctors.*))
 *(.init_array EXCLUDE_FILE(*crtend?.o *crtend.o *crtbegin?.o *crtbegin.o) .ctors)
 .init_array    0x0000000000033f10        0x4 /usr/lib/gcc/i686-linux-gnu/5/crtbeginS.o

.fini_array     0x0000000000033f14        0x4
 *(SORT(.fini_array.*) SORT(.dtors.*))
 *(.fini_array EXCLUDE_FILE(*crtend?.o *crtend.o *crtbegin?.o *crtbegin.o) .dtors)
 .fini_array    0x0000000000033f14        0x4 /usr/lib/gcc/i686-linux-gnu/5/crtbeginS.o

.ctors
 *crtbegin.o(.ctors)
 *crtbegin?.o(.ctors)
 *(EXCLUDE_FILE(*crtend?.o *crtend.o) .ctors)
 *(SORT(.ctors.*))
 *(.ctors)

.dtors
 *crtbegin.o(.dtors)
 *crtbegin?.o(.dtors)
 *(EXCLUDE_FILE(*crtend?.o *crtend.o) .dtors)
 *(SORT(.dtors.*))
 *(.dtors)

.jcr            0x0000000000033f18        0x4
 *(.jcr)
 .jcr           0x0000000000033f18        0x0 /usr/lib/gcc/i686-linux-gnu/5/crtbeginS.o
 .jcr           0x0000000000033f18        0x4 /usr/lib/gcc/i686-linux-gnu/5/crtendS.o

.data.rel.ro
 *(.data.rel.ro.local* .gnu.linkonce.d.rel.ro.local.*)
 *(.data.rel.ro .data.rel.ro.* .gnu.linkonce.d.rel.ro.*)

.dynamic        0x0000000000033f1c       0xd0
 *(.dynamic)
 .dynamic       0x0000000000033f1c       0xd0 /usr/lib/gcc/i686-linux-gnu/5/../../../i386-linux-gnu/crti.o
                0x0000000000033f1c                _DYNAMIC

.got            0x0000000000033fec       0x14
 *(.got)
 .got           0x0000000000033fec       0x14 /usr/lib/gcc/i686-linux-gnu/5/../../../i386-linux-gnu/crti.o
 *(.igot)
                0x0000000000034ff4                . = DATA_SEGMENT_RELRO_END (., (SIZEOF (.got.plt) >= 0xc)?0xc:0x0)

.got.plt        0x0000000000034000        0xc
 *(.got.plt)
 .got.plt       0x0000000000034000        0xc /usr/lib/gcc/i686-linux-gnu/5/../../../i386-linux-gnu/crti.o
                0x0000000000034000                _GLOBAL_OFFSET_TABLE_
 *(.igot.plt)

.data           0x0000000000034020      0x464
 *(.data .data.* .gnu.linkonce.d.*)
 .data          0x0000000000034020        0x0 /usr/lib/gcc/i686-linux-gnu/5/../../../i386-linux-gnu/crti.o
 .data          0x0000000000034020        0x0 /usr/lib/gcc/i686-linux-gnu/5/crtbeginS.o
 .data.rel.local
                0x0000000000034020        0x4 /usr/lib/gcc/i686-linux-gnu/5/crtbeginS.o
                0x0000000000034020                __dso_handle
 .data          0x0000000000034024       0x20 window.o
                0x0000000000034024                coap_client
                0x0000000000034034                coap_server
 *fill*         0x0000000000034044       0x1c 
 .data          0x0000000000034060       0x44 build/cooja/mtype344.o
                0x0000000000034060                simInterfaces
                0x0000000000034094                sensors
 .data          0x00000000000340a4        0x0 build/cooja/mtype344.a(simEnvChange.o)
 .data          0x00000000000340a4        0x0 build/cooja/mtype344.a(cooja_mt.o)
 .data          0x00000000000340a4        0x0 build/cooja/mtype344.a(cooja_mtarch.o)
 .data          0x00000000000340a4        0x0 build/cooja/mtype344.a(rtimer-arch.o)
 .data          0x00000000000340a4        0x0 build/cooja/mtype344.a(beep.o)
 .data          0x00000000000340a4        0x0 build/cooja/mtype344.a(leds-arch.o)
 .data          0x00000000000340a4        0x0 build/cooja/mtype344.a(moteid.o)
 .data          0x00000000000340a4        0x0 build/cooja/mtype344.a(pir-sensor.o)
 .data          0x00000000000340a4        0x0 build/cooja/mtype344.a(rs232.o)
 .data          0x00000000000340a4        0x0 build/cooja/mtype344.a(vib-sensor.o)
 .data          0x00000000000340a4        0x0 build/cooja/mtype344.a(clock.o)
 .data          0x00000000000340a4        0x0 build/cooja/mtype344.a(cooja-log.o)
 .data          0x00000000000340a4        0x0 build/cooja/mtype344.a(cfs-cooja.o)
 .data          0x00000000000340a4       0x2c build/cooja/mtype344.a(cooja-radio.o)
                0x00000000000340a4                simRadioHWOn
                0x00000000000340a8                simSignalStrength
                0x00000000000340ac                simLastSignalStrength
                0x00000000000340b0                simPower
                0x00000000000340b4                simRadioChannel
                0x00000000000340b8                simLQI
                0x00000000000340c0                cooja_radio_process
 .data          0x00000000000340d0        0x0 build/cooja/mtype344.a(eeprom.o)
 .data          0x00000000000340d0        0x0 build/cooja/mtype344.a(random.o)
 .data          0x00000000000340d0       0x10 build/cooja/mtype344.a(sensors.o)
                0x00000000000340d0                sensors_process
 .data          0x00000000000340e0        0x0 build/cooja/mtype344.a(leds.o)
 .data          0x00000000000340e0        0x0 build/cooja/mtype344.a(gpio-hal-arch.o)
 .data          0x00000000000340e0       0x78 build/cooja/mtype344.a(buttons.o)
                0x00000000000340e0                simButtonIsActive
                0x0000000000034150                button_hal_buttons
 *fill*         0x0000000000034158        0x8 
 .data          0x0000000000034160       0x24 build/cooja/mtype344.a(res_window.o)
                0x0000000000034160                res_window
 .data          0x0000000000034184        0x0 build/cooja/mtype344.a(coap-blocking-a)
 .data          0x0000000000034184        0x8 build/cooja/mtype344.a(coap-engine.o)
 *fill*         0x000000000003418c       0x14 
 .data          0x00000000000341a0       0x24 build/cooja/mtype344.a(coap-res-well-k)
                0x00000000000341a0                res_well_known_core
 .data          0x00000000000341c4       0x10 build/cooja/mtype344.a(coap-observe.o)
 .data          0x00000000000341d4       0x10 build/cooja/mtype344.a(coap-uip.o)
                0x00000000000341d4                coap_engine
 .data          0x00000000000341e4        0x4 build/cooja/mtype344.a(coap-timer.o)
 .data          0x00000000000341e8       0x10 build/cooja/mtype344.a(coap-transactio)
 .data          0x00000000000341f8        0x4 build/cooja/mtype344.a(coap.o)
                0x00000000000341f8                coap_error_message
 .data          0x00000000000341fc        0x0 build/cooja/mtype344.a(contiki-main.o)
 .data          0x00000000000341fc        0x0 build/cooja/mtype344.a(autostart.o)
 .data          0x00000000000341fc       0x14 build/cooja/mtype344.a(ctimer.o)
                0x0000000000034200                ctimer_process
 *fill*         0x0000000000034210       0x10 
 .data          0x0000000000034220       0xbc build/cooja/mtype344.a(log.o)
                0x0000000000034220                curr_log_level_main
                0x0000000000034240                all_modules
 .data          0x00000000000342dc        0x0 build/cooja/mtype344.a(energest.o)
 .data          0x00000000000342dc       0x10 build/cooja/mtype344.a(etimer.o)
                0x00000000000342dc                etimer_process
 .data          0x00000000000342ec        0x0 build/cooja/mtype344.a(node-id.o)
 .data          0x00000000000342ec        0x0 build/cooja/mtype344.a(rtimer.o)
 .data          0x00000000000342ec        0x0 build/cooja/mtype344.a(process.o)
 .data          0x00000000000342ec        0x0 build/cooja/mtype344.a(timer.o)
 .data          0x00000000000342ec        0x0 build/cooja/mtype344.a(list.o)
 .data          0x00000000000342ec        0x0 build/cooja/mtype344.a(memb.o)
 .data          0x00000000000342ec       0x10 build/cooja/mtype344.a(button-hal.o)
                0x00000000000342ec                button_hal_process
 .data          0x00000000000342fc       0x10 build/cooja/mtype344.a(serial-line.o)
                0x00000000000342fc                serial_line_process
 .data          0x000000000003430c        0x4 build/cooja/mtype344.a(gpio-hal.o)
 .data          0x0000000000034310       0x18 build/cooja/mtype344.a(queuebuf.o)
 .data          0x0000000000034328        0x4 build/cooja/mtype344.a(packetbuf.o)
 .data          0x000000000003432c        0x4 build/cooja/mtype344.a(netstack.o)
 .data          0x0000000000034330        0x0 build/cooja/mtype344.a(linkaddr.o)
 .data          0x0000000000034330        0x0 build/cooja/mtype344.a(csma.o)
 .data          0x0000000000034330       0x28 build/cooja/mtype344.a(csma-output.o)
 .data          0x0000000000034358        0x0 build/cooja/mtype344.a(uip-ds6.o)
 .data          0x0000000000034358        0x0 build/cooja/mtype344.a(uip-udp-packet.)
 .data          0x0000000000034358       0x10 build/cooja/mtype344.a(uip-ds6-route.o)
 .data          0x0000000000034368       0x10 build/cooja/mtype344.a(tcpip.o)
                0x0000000000034368                tcpip_process
 .data          0x0000000000034378        0x0 build/cooja/mtype344.a(uip6.o)
 .data          0x0000000000034378       0x14 build/cooja/mtype344.a(uip-ds6-nbr.o)
 .data          0x000000000003438c        0xc build/cooja/mtype344.a(uip-nd6.o)
 .data          0x0000000000034398        0x0 build/cooja/mtype344.a(sicslowpan.o)
 .data          0x0000000000034398        0x0 build/cooja/mtype344.a(uiplib.o)
 .data          0x0000000000034398        0x0 build/cooja/mtype344.a(rpl.o)
 .data          0x0000000000034398       0x30 build/cooja/mtype344.a(rpl-icmp6.o)
 .data          0x00000000000343c8        0x0 build/cooja/mtype344.a(rpl-dag-root.o)
 .data          0x00000000000343c8        0x0 build/cooja/mtype344.a(watchdog.o)
 .data          0x00000000000343c8        0x0 build/cooja/mtype344.a(int-master.o)
 .data          0x00000000000343c8       0x10 build/cooja/mtype344.a(coap-timer-defa)
                0x00000000000343c8                coap_timer_process
 .data          0x00000000000343d8        0x0 build/cooja/mtype344.a(stimer.o)
 .data          0x00000000000343d8        0x0 build/cooja/mtype344.a(ringbuf.o)
 .data          0x00000000000343d8        0x0 build/cooja/mtype344.a(assert.o)
 .data          0x00000000000343d8       0x10 build/cooja/mtype344.a(nbr-table.o)
 .data          0x00000000000343e8       0x14 build/cooja/mtype344.a(link-stats.o)
 .data          0x00000000000343fc        0x0 build/cooja/mtype344.a(mac-sequence.o)
 .data          0x00000000000343fc        0x0 build/cooja/mtype344.a(mac.o)
 .data          0x00000000000343fc        0x0 build/cooja/mtype344.a(framer-802154.o)
 .data          0x00000000000343fc        0x2 build/cooja/mtype344.a(frame802154.o)
 .data          0x00000000000343fe        0x0 build/cooja/mtype344.a(csma-security.o)
 .data          0x00000000000343fe        0x0 build/cooja/mtype344.a(uipbuf.o)
 *fill*         0x00000000000343fe        0x2 
 .data          0x0000000000034400       0x20 build/cooja/mtype344.a(uip-icmp6.o)
 .data          0x0000000000034420       0x10 build/cooja/mtype344.a(uip-sr.o)
 .data          0x0000000000034430        0xc build/cooja/mtype344.a(uip-packetqueue)
 .data          0x000000000003443c        0x0 build/cooja/mtype344.a(rpl-nbr-policy.)
 .data          0x000000000003443c       0x14 build/cooja/mtype344.a(rpl-neighbor.o)
                0x000000000003444c                rpl_neighbors
 .data          0x0000000000034450        0x0 build/cooja/mtype344.a(rpl-dag.o)
 .data          0x0000000000034450        0x0 build/cooja/mtype344.a(rpl-timers.o)
 .data          0x0000000000034450        0x0 build/cooja/mtype344.a(rpl-ext-header.)
 *fill*         0x0000000000034450       0x10 
 .data          0x0000000000034460       0x24 build/cooja/mtype344.a(rpl-mrhof.o)
                0x0000000000034460                rpl_mrhof
 .data          0x0000000000034484        0x0 /usr/lib/gcc/i686-linux-gnu/5/libgcc.a(_udivdi3.o)
 .data          0x0000000000034484        0x0 /usr/lib/gcc/i686-linux-gnu/5/crtendS.o
 .data          0x0000000000034484        0x0 /usr/lib/gcc/i686-linux-gnu/5/../../../i386-linux-gnu/crtn.o

.tm_clone_table
                0x0000000000034484        0x0
 .tm_clone_table
                0x0000000000034484        0x0 /usr/lib/gcc/i686-linux-gnu/5/crtbeginS.o
 .tm_clone_table
                0x0000000000034484        0x0 /usr/lib/gcc/i686-linux-gnu/5/crtendS.o

.data1
 *(.data1)
                0x0000000000034484                _edata = .
                [!provide]                        PROVIDE (edata, .)
                0x0000000000034484                . = .
                0x0000000000034484                __bss_start = .

.bss            0x00000000000344a0    0x13fa4
 *(.dynbss)
 .dynbss        0x00000000000344a0        0x0 /usr/lib/gcc/i686-linux-gnu/5/../../../i386-linux-gnu/crti.o
 *(.bss .bss.* .gnu.linkonce.b.*)
 .bss           0x00000000000344a0        0x0 /usr/lib/gcc/i686-linux-gnu/5/../../../i386-linux-gnu/crti.o
 .bss           0x00000000000344a0        0x1 /usr/lib/gcc/i686-linux-gnu/5/crtbeginS.o
 *fill*         0x00000000000344a1       0x1f 
 .bss           0x00000000000344c0      0x12c window.o
                0x00000000000344c0                rpl_add
                0x00000000000344c1                registered
 *fill*         0x00000000000345ec       0x14 
 .bss           0x0000000000034600     0x2030 build/cooja/mtype344.o
 .bss           0x0000000000036630        0x1 build/cooja/mtype344.a(simEnvChange.o)
                0x0000000000036630                simDontFallAsleep
 *fill*         0x0000000000036631        0x3 
 .bss           0x0000000000036634        0x4 build/cooja/mtype344.a(cooja_mt.o)
 .bss           0x0000000000036638        0x4 build/cooja/mtype344.a(cooja_mtarch.o)
 .bss           0x000000000003663c        0x0 build/cooja/mtype344.a(rtimer-arch.o)
 .bss           0x000000000003663c        0x0 build/cooja/mtype344.a(beep.o)
 .bss           0x000000000003663c        0x1 build/cooja/mtype344.a(leds-arch.o)
                0x000000000003663c                simLedsValue
 .bss           0x000000000003663d        0x0 build/cooja/mtype344.a(moteid.o)
 .bss           0x000000000003663d        0x1 build/cooja/mtype344.a(pir-sensor.o)
                0x000000000003663d                simPirValue
 *fill*         0x000000000003663e        0x2 
 .bss           0x0000000000036640        0x4 build/cooja/mtype344.a(rs232.o)
 .bss           0x0000000000036644        0x1 build/cooja/mtype344.a(vib-sensor.o)
                0x0000000000036644                simVibValue
 .bss           0x0000000000036645        0x0 build/cooja/mtype344.a(clock.o)
 *fill*         0x0000000000036645       0x1b 
 .bss           0x0000000000036660     0x2020 build/cooja/mtype344.a(cooja-log.o)
 .bss           0x0000000000038680      0xfc0 build/cooja/mtype344.a(cfs-cooja.o)
                0x0000000000038680                simCFSData
                0x0000000000039620                simCFSSize
                0x0000000000039624                simCFSChanged
                0x0000000000039628                simCFSRead
                0x000000000003962c                simCFSWritten
 .bss           0x0000000000039640       0x24 build/cooja/mtype344.a(cooja-radio.o)
                0x0000000000039640                simReceiving
                0x0000000000039644                simInSize
                0x0000000000039648                simLastPacketTimestamp
                0x0000000000039650                simOutSize
 .bss           0x0000000000039664        0xc build/cooja/mtype344.a(eeprom.o)
                0x0000000000039664                simEEPROMChanged
                0x0000000000039668                simEEPROMRead
                0x000000000003966c                simEEPROMWritten
 .bss           0x0000000000039670        0x0 build/cooja/mtype344.a(random.o)
 .bss           0x0000000000039670        0xc build/cooja/mtype344.a(sensors.o)
 .bss           0x000000000003967c        0x0 build/cooja/mtype344.a(leds.o)
 .bss           0x000000000003967c       0x24 build/cooja/mtype344.a(gpio-hal-arch.o)
 .bss           0x00000000000396a0        0x0 build/cooja/mtype344.a(buttons.o)
 .bss           0x00000000000396a0        0x3 build/cooja/mtype344.a(res_window.o)
                0x00000000000396a0                name_assigned
                0x00000000000396a1                status_changed
                0x00000000000396a2                window_open
 .bss           0x00000000000396a3        0x0 build/cooja/mtype344.a(coap-blocking-a)
 *fill*         0x00000000000396a3       0x1d 
 .bss           0x00000000000396c0      0x190 build/cooja/mtype344.a(coap-engine.o)
 .bss           0x0000000000039850        0x0 build/cooja/mtype344.a(coap-res-well-k)
 *fill*         0x0000000000039850       0x10 
 .bss           0x0000000000039860      0x120 build/cooja/mtype344.a(coap-observe.o)
 .bss           0x0000000000039980       0x18 build/cooja/mtype344.a(coap-uip.o)
 .bss           0x0000000000039998        0x5 build/cooja/mtype344.a(coap-timer.o)
 *fill*         0x000000000003999d        0x3 
 .bss           0x00000000000399a0      0x334 build/cooja/mtype344.a(coap-transactio)
 .bss           0x0000000000039cd4        0x6 build/cooja/mtype344.a(coap.o)
                0x0000000000039cd4                coap_status_code
 .bss           0x0000000000039cda        0x0 build/cooja/mtype344.a(contiki-main.o)
 .bss           0x0000000000039cda        0x0 build/cooja/mtype344.a(autostart.o)
 *fill*         0x0000000000039cda        0x2 
 .bss           0x0000000000039cdc        0x5 build/cooja/mtype344.a(ctimer.o)
 *fill*         0x0000000000039ce1        0x3 
 .bss           0x0000000000039ce4       0x2c build/cooja/mtype344.a(log.o)
                0x0000000000039ce4                curr_log_level_rpl
                0x0000000000039ce8                curr_log_level_tcpip
                0x0000000000039cec                curr_log_level_ipv6
                0x0000000000039cf0                curr_log_level_6lowpan
                0x0000000000039cf4                curr_log_level_nullnet
                0x0000000000039cf8                curr_log_level_mac
                0x0000000000039cfc                curr_log_level_framer
                0x0000000000039d00                curr_log_level_6top
                0x0000000000039d04                curr_log_level_coap
                0x0000000000039d08                curr_log_level_snmp
                0x0000000000039d0c                curr_log_level_lwm2m
 .bss           0x0000000000039d10        0x0 build/cooja/mtype344.a(energest.o)
 .bss           0x0000000000039d10        0x8 build/cooja/mtype344.a(etimer.o)
 .bss           0x0000000000039d18        0x2 build/cooja/mtype344.a(node-id.o)
                0x0000000000039d18                node_id
 *fill*         0x0000000000039d1a        0x2 
 .bss           0x0000000000039d1c        0x4 build/cooja/mtype344.a(rtimer.o)
 .bss           0x0000000000039d20      0x1a1 build/cooja/mtype344.a(process.o)
                0x0000000000039d20                process_list
                0x0000000000039d24                process_current
 .bss           0x0000000000039ec1        0x0 build/cooja/mtype344.a(timer.o)
 .bss           0x0000000000039ec1        0x0 build/cooja/mtype344.a(list.o)
 .bss           0x0000000000039ec1        0x0 build/cooja/mtype344.a(memb.o)
 *fill*         0x0000000000039ec1        0x3 
 .bss           0x0000000000039ec4       0x10 build/cooja/mtype344.a(button-hal.o)
 *fill*         0x0000000000039ed4        0xc 
 .bss           0x0000000000039ee0      0x140 build/cooja/mtype344.a(serial-line.o)
 .bss           0x000000000003a020        0x4 build/cooja/mtype344.a(gpio-hal.o)
 *fill*         0x000000000003a024       0x1c 
 .bss           0x000000000003a040     0x2c80 build/cooja/mtype344.a(queuebuf.o)
 .bss           0x000000000003ccc0       0xa0 build/cooja/mtype344.a(packetbuf.o)
 .bss           0x000000000003cd60        0x4 build/cooja/mtype344.a(netstack.o)
 .bss           0x000000000003cd64        0x0 build/cooja/mtype344.a(linkaddr.o)
 .bss           0x000000000003cd64        0x0 build/cooja/mtype344.a(csma.o)
 *fill*         0x000000000003cd64       0x1c 
 .bss           0x000000000003cd80      0x726 build/cooja/mtype344.a(csma-output.o)
 *fill*         0x000000000003d4a6        0x2 
 .bss           0x000000000003d4a8       0x30 build/cooja/mtype344.a(uip-ds6.o)
 .bss           0x000000000003d4d8        0x0 build/cooja/mtype344.a(uip-udp-packet.)
 *fill*         0x000000000003d4d8        0x8 
 .bss           0x000000000003d4e0       0x60 build/cooja/mtype344.a(uip-ds6-route.o)
 .bss           0x000000000003d540       0x10 build/cooja/mtype344.a(tcpip.o)
 .bss           0x000000000003d550        0x8 build/cooja/mtype344.a(uip6.o)
                0x000000000003d550                uip_ext_bitmap
                0x000000000003d552                uip_ext_len
                0x000000000003d554                uip_last_proto
 *fill*         0x000000000003d558        0x8 
 .bss           0x000000000003d560     0x1c20 build/cooja/mtype344.a(uip-ds6-nbr.o)
 .bss           0x000000000003f180       0x10 build/cooja/mtype344.a(uip-nd6.o)
 *fill*         0x000000000003f190       0x10 
 .bss           0x000000000003f1a0      0x724 build/cooja/mtype344.a(sicslowpan.o)
 .bss           0x000000000003f8c4        0x0 build/cooja/mtype344.a(uiplib.o)
 .bss           0x000000000003f8c4        0x1 build/cooja/mtype344.a(rpl.o)