Archive member included to satisfy reference by file (symbol)

build/cooja/mtype696.a(simEnvChange.o)
                              build/cooja/mtype696.o (simDontFallAsleep)
build/cooja/mtype696.a(cooja_mt.o)
                              build/cooja/mtype696.o (cooja_mt_start)
build/cooja/mtype696.a(cooja_mtarch.o)
                              build/cooja/mtype696.a(cooja_mt.o) (cooja_mtarch_start)
build/cooja/mtype696.a(rtimer-arch.o)
                              build/cooja/mtype696.o (rtimer_arch_check)
build/cooja/mtype696.a(beep.o)
                              build/cooja/mtype696.o (beep_interface)
build/cooja/mtype696.a(leds-arch.o)
                              build/cooja/mtype696.o (leds_interface)
build/cooja/mtype696.a(moteid.o)
                              build/cooja/mtype696.o (moteid_interface)
build/cooja/mtype696.a(pir-sensor.o)
                              build/cooja/mtype696.o (pir_interface)
build/cooja/mtype696.a(rs232.o)
                              build/cooja/mtype696.o (rs232_interface)
build/cooja/mtype696.a(vib-sensor.o)
                              build/cooja/mtype696.o (vib_interface)
build/cooja/mtype696.a(clock.o)
                              build/cooja/mtype696.o (clock_interface)
build/cooja/mtype696.a(cooja-log.o)
                              build/cooja/mtype696.o (simlog_interface)
build/cooja/mtype696.a(cfs-cooja.o)
                              build/cooja/mtype696.o (cfs_interface)
build/cooja/mtype696.a(cooja-radio.o)
                              build/cooja/mtype696.o (radio_interface)
build/cooja/mtype696.a(eeprom.o)
                              build/cooja/mtype696.o (eeprom_interface)
build/cooja/mtype696.a(random.o)
                              build/cooja/mtype696.a(moteid.o) (random_init)
build/cooja/mtype696.a(sensors.o)
                              build/cooja/mtype696.a(pir-sensor.o) (sensors_changed)
build/cooja/mtype696.a(leds.o)
                              build/cooja/mtype696.a(leds-arch.o) (leds_get)
build/cooja/mtype696.a(gpio-hal-arch.o)
                              build/cooja/mtype696.a(leds-arch.o) (gpio_hal_arch_register_pin_callback)
build/cooja/mtype696.a(buttons.o)
                              build/cooja/mtype696.o (button_interface)
build/cooja/mtype696.a(res_window.o)
                              window.o (name_assigned)
build/cooja/mtype696.a(coap-blocking-a)
                              window.o (coap_blocking_request)
build/cooja/mtype696.a(coap-engine.o)
                              window.o (coap_activate_resource)
build/cooja/mtype696.a(coap-res-well-k)
                              build/cooja/mtype696.a(coap-engine.o) (res_well_known_core)
build/cooja/mtype696.a(coap-observe.o)
                              build/cooja/mtype696.a(coap-engine.o) (coap_remove_observer_by_mid)
build/cooja/mtype696.a(coap-uip.o)
                              build/cooja/mtype696.a(coap-observe.o) (coap_endpoint_copy)
build/cooja/mtype696.a(coap-timer.o)
                              build/cooja/mtype696.a(coap-engine.o) (coap_timer_set)
build/cooja/mtype696.a(coap-transactio)
                              build/cooja/mtype696.a(coap-blocking-a) (coap_send_transaction)
build/cooja/mtype696.a(coap.o)
                              build/cooja/mtype696.a(coap-engine.o) (coap_status_code)
build/cooja/mtype696.a(contiki-main.o)
                              build/cooja/mtype696.o (main)
build/cooja/mtype696.a(autostart.o)
                              build/cooja/mtype696.a(contiki-main.o) (autostart_start)
build/cooja/mtype696.a(ctimer.o)
                              build/cooja/mtype696.a(contiki-main.o) (ctimer_init)
build/cooja/mtype696.a(log.o)
                              build/cooja/mtype696.a(contiki-main.o) (curr_log_level_main)
build/cooja/mtype696.a(energest.o)
                              build/cooja/mtype696.a(contiki-main.o) (energest_init)
build/cooja/mtype696.a(etimer.o)
                              build/cooja/mtype696.a(contiki-main.o) (etimer_process)
build/cooja/mtype696.a(node-id.o)
                              build/cooja/mtype696.a(contiki-main.o) (node_id)
build/cooja/mtype696.a(rtimer.o)
                              build/cooja/mtype696.a(contiki-main.o) (rtimer_init)
build/cooja/mtype696.a(process.o)
                              build/cooja/mtype696.a(coap-blocking-a) (process_current)
build/cooja/mtype696.a(timer.o)
                              build/cooja/mtype696.a(etimer.o) (timer_set)
build/cooja/mtype696.a(list.o)
                              build/cooja/mtype696.a(coap-engine.o) (list_init)
build/cooja/mtype696.a(memb.o)
                              build/cooja/mtype696.a(coap-observe.o) (memb_alloc)
build/cooja/mtype696.a(button-hal.o)
                              build/cooja/mtype696.o (button_hal_init)
build/cooja/mtype696.a(serial-line.o)
                              build/cooja/mtype696.a(rs232.o) (serial_line_input_byte)
build/cooja/mtype696.a(gpio-hal.o)
[...]
Memory Configuration

Name             Origin             Length             Attributes
*default*        0x0000000000000000 0xffffffffffffffff

Linker script and memory map

LOAD /usr/lib/gcc/i686-linux-gnu/5/../../../i386-linux-gnu/crti.o
LOAD /usr/lib/gcc/i686-linux-gnu/5/crtbeginS.o
LOAD window.o
LOAD build/cooja/mtype696.o
LOAD build/cooja/mtype696.a
LOAD /usr/lib/gcc/i686-linux-gnu/5/libgcc.a
LOAD /usr/lib/gcc/i686-linux-gnu/5/libgcc_s.so
LOAD /usr/lib/gcc/i686-linux-gnu/5/../../../i386-linux-gnu/libc.so
START GROUP
LOAD /lib/i386-linux-gnu/libc.so.6
LOAD /usr/lib/i386-linux-gnu/libc_nonshared.a
LOAD /lib/i386-linux-gnu/ld-linux.so.2
END GROUP
LOAD /usr/lib/gcc/i686-linux-gnu/5/libgcc.a
LOAD /usr/lib/gcc/i686-linux-gnu/5/libgcc_s.so
LOAD /usr/lib/gcc/i686-linux-gnu/5/crtendS.o
LOAD /usr/lib/gcc/i686-linux-gnu/5/../../../i386-linux-gnu/crtn.o
                0x0000000000000114                . = (0x0 + SIZEOF_HEADERS)

.note.gnu.build-id
                0x0000000000000114       0x24
 *(.note.gnu.build-id)
 .note.gnu.build-id
                0x0000000000000114       0x24 /usr/lib/gcc/i686-linux-gnu/5/../../../i386-linux-gnu/crti.o

.hash
 *(.hash)

.gnu.hash       0x0000000000000138     0x15c0
 *(.gnu.hash)
 .gnu.hash      0x0000000000000138     0x15c0 /usr/lib/gcc/i686-linux-gnu/5/../../../i386-linux-gnu/crti.o

.dynsym         0x00000000000016f8     0x2fb0
 *(.dynsym)
 .dynsym        0x00000000000016f8     0x2fb0 /usr/lib/gcc/i686-linux-gnu/5/../../../i386-linux-gnu/crti.o

.dynstr         0x00000000000046a8     0x373e
 *(.dynstr)
 .dynstr        0x00000000000046a8     0x373e /usr/lib/gcc/i686-linux-gnu/5/../../../i386-linux-gnu/crti.o

.gnu.version    0x0000000000007de6      0x5f6
 *(.gnu.version)
 .gnu.version   0x0000000000007de6      0x5f6 /usr/lib/gcc/i686-linux-gnu/5/../../../i386-linux-gnu/crti.o

.gnu.version_d  0x00000000000083dc        0x0
 *(.gnu.version_d)
 .gnu.version_d
                0x00000000000083dc        0x0 /usr/lib/gcc/i686-linux-gnu/5/../../../i386-linux-gnu/crti.o

.gnu.version_r  0x00000000000083dc       0x40
 *(.gnu.version_r)
 .gnu.version_r
                0x00000000000083dc       0x40 /usr/lib/gcc/i686-linux-gnu/5/../../../i386-linux-gnu/crti.o

.rel.dyn        0x000000000000841c     0x9308
 *(.rel.init)
 .rel.init      0x000000000000841c        0x0 /usr/lib/gcc/i686-linux-gnu/5/../../../i386-linux-gnu/crti.o
 *(.rel.text .rel.text.* .rel.gnu.linkonce.t.*)
 .rel.text      0x000000000000841c     0x8908 /usr/lib/gcc/i686-linux-gnu/5/../../../i386-linux-gnu/crti.o
 *(.rel.fini)
 .rel.fini      0x0000000000010d24        0x0 /usr/lib/gcc/i686-linux-gnu/5/../../../i386-linux-gnu/crti.o
 *(.rel.rodata .rel.rodata.* .rel.gnu.linkonce.r.*)
 .rel.rodata    0x0000000000010d24      0x598 /usr/lib/gcc/i686-linux-gnu/5/../../../i386-linux-gnu/crti.o
 *(.rel.data.rel.ro .rel.data.rel.ro.* .rel.gnu.linkonce.d.rel.ro.*)
 *(.rel.data .rel.data.* .rel.gnu.linkonce.d.*)
 .rel.data.rel.local
                0x00000000000112bc        0x8 /usr/lib/gcc/i686-linux-gnu/5/../../../i386-linux-gnu/crti.o
 .rel.data      0x00000000000112c4      0x428 /usr/lib/gcc/i686-linux-gnu/5/../../../i386-linux-gnu/crti.o
 *(.rel.tdata .rel.tdata.* .rel.gnu.linkonce.td.*)
 *(.rel.tbss .rel.tbss.* .rel.gnu.linkonce.tb.*)
 *(.rel.ctors)
 *(.rel.dtors)
 *(.rel.got)
 .rel.got       0x00000000000116ec       0x28 /usr/lib/gcc/i686-linux-gnu/5/../../../i386-linux-gnu/crti.o
 *(.rel.bss .rel.bss.* .rel.gnu.linkonce.b.*)
 *(.rel.ifunc)
 .rel.ifunc     0x0000000000011714        0x0 /usr/lib/gcc/i686-linux-gnu/5/../../../i386-linux-gnu/crti.o
 .rel.fini_array
                0x0000000000011714        0x8 /usr/lib/gcc/i686-linux-gnu/5/../../../i386-linux-gnu/crti.o
 .rel.init_array
                0x000000000001171c        0x8 /usr/lib/gcc/i686-linux-gnu/5/../../../i386-linux-gnu/crti.o

.rel.plt        0x0000000000011724        0x0
 *(.rel.plt)
 .rel.plt       0x0000000000011724        0x0 /usr/lib/gcc/i686-linux-gnu/5/../../../i386-linux-gnu/crti.o
 *(.rel.iplt)

.init           0x0000000000011724       0x23
 *(SORT(.init))
 .init          0x0000000000011724       0x1e /usr/lib/gcc/i686-linux-gnu/5/../../../i386-linux-gnu/crti.o
                0x0000000000011724                _init
 .init          0x0000000000011742        0x5 /usr/lib/gcc/i686-linux-gnu/5/../../../i386-linux-gnu/crtn.o

.plt            0x0000000000011750       0x10
 *(.plt)
 .plt           0x0000000000011750       0x10 /usr/lib/gcc/i686-linux-gnu/5/../../../i386-linux-gnu/crti.o
 *(.iplt)

.plt.got        0x0000000000011760       0x10
 *(.plt.got)
 .plt.got       0x0000000000011760       0x10 /usr/lib/gcc/i686-linux-gnu/5/../../../i386-linux-gnu/crti.o

.text           0x0000000000011770    0x18e02
 *(.text.unlikely .text.*_unlikely .text.unlikely.*)
 .text.unlikely
                0x0000000000011770        0x0 /usr/lib/gcc/i686-linux-gnu/5/crtbeginS.o
 .text.unlikely
                0x0000000000011770        0x0 /usr/lib/gcc/i686-linux-gnu/5/libgcc.a(_udivdi3.o)
 *(.text.exit .text.exit.*)
 *(.text.startup .text.startup.*)
 *(.text.hot .text.hot.*)
 *(.text .stub .text.* .gnu.linkonce.t.*)
 .text          0x0000000000011770        0x0 /usr/lib/gcc/i686-linux-gnu/5/../../../i386-linux-gnu/crti.o
 .gnu.linkonce.t.__x86.get_pc_thunk.bx
                0x0000000000011770        0x4 /usr/lib/gcc/i686-linux-gnu/5/../../../i386-linux-gnu/crti.o
                0x0000000000011770                __x86.get_pc_thunk.bx
 *fill*         0x0000000000011774        0xc 
 .text          0x0000000000011780      0x11c /usr/lib/gcc/i686-linux-gnu/5/crtbeginS.o
 .text.__x86.get_pc_thunk.dx
                0x000000000001189c        0x4 /usr/lib/gcc/i686-linux-gnu/5/crtbeginS.o
                0x000000000001189c                __x86.get_pc_thunk.dx
 .text          0x00000000000118a0      0x54b window.o
                0x00000000000118d1                response_handler
 .text          0x0000000000011deb      0x283 build/cooja/mtype696.o
                0x0000000000011e7d                platform_init_stage_one
                0x0000000000011e90                platform_init_stage_two
                0x0000000000011ea3                platform_init_stage_three
                0x0000000000011eb6                platform_main_loop
                0x0000000000011f29                Java_org_contikios_cooja_corecomm_Lib25_init
                0x0000000000011f60                Java_org_contikios_cooja_corecomm_Lib25_getMemory
                0x0000000000011f93                Java_org_contikios_cooja_corecomm_Lib25_setMemory
                0x0000000000011ff3                Java_org_contikios_cooja_corecomm_Lib25_tick
                0x000000000001205b                Java_org_contikios_cooja_corecomm_Lib25_setReferenceAddress
 .text          0x000000000001206e       0x65 build/cooja/mtype696.a(simEnvChange.o)
                0x000000000001206e                doActionsBeforeTick
                0x00000000000120a0                doActionsAfterTick
 .text          0x00000000000120d3       0x83 build/cooja/mtype696.a(cooja_mt.o)
                0x00000000000120d3                cooja_mt_start
                0x00000000000120fd                cooja_mt_exec
                0x0000000000012133                cooja_mt_yield
 .text          0x0000000000012156       0xbe build/cooja/mtype696.a(cooja_mtarch.o)
                0x0000000000012156                cooja_mtarch_start
                0x00000000000121c9                cooja_sw
                0x00000000000121ec                cooja_mtarch_exec
                0x0000000000012209                cooja_mtarch_yield
 .text          0x0000000000012214       0xc5 build/cooja/mtype696.a(rtimer-arch.o)
                0x0000000000012214                rtimer_arch_init
                0x0000000000012238                rtimer_arch_schedule
                0x0000000000012268                rtimer_arch_next
                0x0000000000012278                rtimer_arch_pending
                0x0000000000012282                rtimer_arch_check
                0x00000000000122c9                rtimer_arch_now
 .text          0x00000000000122d9       0x81 build/cooja/mtype696.a(beep.o)
                0x00000000000122d9                beep_alarm
                0x00000000000122e6                beep_beep
                0x00000000000122f3                beep
                0x0000000000012300                beep_down
                0x000000000001230d                beep_on
                0x000000000001231a                beep_off
                0x0000000000012327                beep_spinup
                0x0000000000012334                beep_quick
                0x0000000000012341                beep_long
 .text          0x000000000001235a       0x65 build/cooja/mtype696.a(leds-arch.o)
                0x000000000001236d                leds_arch_init
 .text          0x00000000000123bf       0x35 build/cooja/mtype696.a(moteid.o)
 .text          0x00000000000123f4       0xb7 build/cooja/mtype696.a(pir-sensor.o)
 .text          0x00000000000124ab      0x148 build/cooja/mtype696.a(rs232.o)
                0x00000000000124ab                rs232_init
                0x00000000000124b1                rs232_set_speed
                0x00000000000124c0                rs232_set_input
                0x00000000000124ce                rs232_send
                0x00000000000124f2                rs232_print
                0x000000000001250e                slip_arch_writeb
 .text          0x00000000000125f3       0xb7 build/cooja/mtype696.a(vib-sensor.o)
 .text          0x00000000000126aa       0x38 build/cooja/mtype696.a(clock.o)
                0x00000000000126aa                clock_init
                0x00000000000126b0                clock_time
                0x00000000000126ba                clock_seconds
                0x00000000000126d0                clock_delay
 .text          0x00000000000126e2      0x219 build/cooja/mtype696.a(cooja-log.o)
                0x00000000000126e2                simlog_char
                0x0000000000012725                simlog
                0x000000000001279b                log_message
                0x00000000000127cc                log_set_putchar_with_slip
                0x00000000000127da                log_putchar
                0x0000000000012855                log_puts
                0x000000000001287d                log_printf
 .text          0x00000000000128fb      0x2b9 build/cooja/mtype696.a(cfs-cooja.o)
                0x00000000000128fb                cfs_open
                0x0000000000012964                cfs_close
                0x0000000000012971                cfs_read
                0x0000000000012a06                cfs_write
                0x0000000000012ae2                cfs_seek
                0x0000000000012b6a                cfs_remove
                0x0000000000012b8e                cfs_opendir
                0x0000000000012b98                cfs_readdir
                0x0000000000012ba2                cfs_closedir
 .text          0x0000000000012bb4      0x620 build/cooja/mtype696.a(cooja-radio.o)
                0x0000000000012bf6                radio_set_channel
                0x0000000000012c04                radio_set_txpower
                0x0000000000012c1c                radio_signal_strength_last
                0x0000000000012c26                radio_signal_strength_current
                0x0000000000012c30                radio_LQI
 .text          0x00000000000131d4       0xee build/cooja/mtype696.a(eeprom.o)
                0x00000000000131d4                eeprom_init
                0x00000000000131da                eeprom_read
                0x0000000000013248                eeprom_write
 .text          0x00000000000132c2       0x2d build/cooja/mtype696.a(random.o)
                0x00000000000132c2                random_init
                0x00000000000132e2                random_rand
 .text          0x00000000000132ef      0x29c build/cooja/mtype696.a(sensors.o)
                0x000000000001332a                sensors_first
                0x0000000000013334                sensors_next
                0x000000000001334e                sensors_changed
                0x0000000000013382                sensors_find
 .text          0x000000000001358b      0x349 build/cooja/mtype696.a(leds.o)
                0x000000000001358b                leds_init
                0x00000000000135d2                leds_single_on
                0x0000000000013631                leds_single_off
                0x0000000000013690                leds_single_toggle
                0x00000000000136c2                leds_on
                0x0000000000013744                leds_off
                0x00000000000137c6                leds_toggle
                0x000000000001381b                leds_set
                0x0000000000013847                leds_get
 .text          0x00000000000138d4      0x343 build/cooja/mtype696.a(gpio-hal-arch.o)
                0x00000000000138d4                gpio_hal_arch_register_pin_callback
                0x0000000000013940                gpio_hal_arch_init
                0x0000000000013985                gpio_hal_arch_no_port_interrupt_enable
                0x00000000000139b5                gpio_hal_arch_no_port_interrupt_disable
                0x00000000000139e5                gpio_hal_arch_no_port_pin_cfg_set
                0x0000000000013a0a                gpio_hal_arch_no_port_pin_cfg_get
                0x0000000000013a30                gpio_hal_arch_no_port_pin_set_input
                0x0000000000013a42                gpio_hal_arch_no_port_pin_set_output
                0x0000000000013a54                gpio_hal_arch_no_port_set_pin
                0x0000000000013a75                gpio_hal_arch_no_port_clear_pin
                0x0000000000013a96                gpio_hal_arch_no_port_read_pin
                0x0000000000013abc                gpio_hal_arch_no_port_write_pin
                0x0000000000013ae6                gpio_hal_arch_no_port_set_pins
                0x0000000000013b2d                gpio_hal_arch_no_port_clear_pins
                0x0000000000013b74                gpio_hal_arch_no_port_read_pins
                0x0000000000013bb7                gpio_hal_arch_no_port_write_pins
 .text          0x0000000000013c17       0x89 build/cooja/mtype696.a(buttons.o)
 .text          0x0000000000013ca0      0x445 build/cooja/mtype696.a(res_window.o)
 .text          0x00000000000140e5      0x27b build/cooja/mtype696.a(coap-blocking-a)
                0x00000000000140e5                coap_blocking_request_callback
                0x000000000001410f                coap_blocking_request
 .text          0x0000000000014360      0xbea build/cooja/mtype696.a(coap-engine.o)
                0x00000000000143f5                coap_add_handler
                0x0000000000014412                coap_remove_handler
                0x000000000001442f                coap_call_handlers
                0x0000000000014537                coap_receive
                0x0000000000014b32                coap_engine_init
                0x0000000000014b90                coap_activate_resource
                0x0000000000014c3b                coap_get_first_resource
                0x0000000000014c54                coap_get_next_resource
 .text          0x0000000000014f4a      0x2d9 build/cooja/mtype696.a(coap-res-well-k)
 .text          0x0000000000015223      0x96a build/cooja/mtype696.a(coap-observe.o)
                0x0000000000015338                coap_remove_observer
                0x0000000000015368                coap_remove_observer_by_client
                0x00000000000153d0                coap_remove_observer_by_token
                0x0000000000015463                coap_remove_observer_by_uri
                0x000000000001550a                coap_remove_observer_by_mid
                0x0000000000015586                coap_notify_observers
                0x000000000001559f                coap_notify_observers_sub
                0x0000000000015a09                coap_observe_handler
                0x0000000000015b24                coap_has_observers
 .text          0x0000000000015b8d      0x733 build/cooja/mtype696.a(coap-uip.o)
                0x0000000000015b8d                coap_endpoint_log
                0x0000000000015c13                coap_endpoint_print
                0x0000000000015c99                coap_endpoint_snprint
                0x0000000000015dcc                coap_endpoint_copy
                0x0000000000015e09                coap_endpoint_cmp
                0x0000000000015f17                coap_endpoint_parse
                0x0000000000016102                coap_endpoint_is_secure
                0x0000000000016111                coap_endpoint_is_connected
                0x0000000000016145                coap_endpoint_connect
                0x0000000000016161                coap_endpoint_disconnect
                0x0000000000016167                coap_databuf
                0x0000000000016171                coap_transport_init
                0x00000000000161c1                coap_sendto
 .text          0x00000000000162c0      0x324 build/cooja/mtype696.a(coap-timer.o)
                0x00000000000163bd                coap_timer_stop
                0x00000000000163e8                coap_timer_set
                0x000000000001642b                coap_timer_reset
                0x000000000001646e                coap_timer_time_to_next_expiration
                0x00000000000164da                coap_timer_run
                0x00000000000165a6                coap_timer_init
 .text          0x00000000000165e4      0x2c6 build/cooja/mtype696.a(coap-transactio)
                0x000000000001664a                coap_new_transaction
                0x00000000000166b0                coap_send_transaction
                0x0000000000016811                coap_clear_transaction
                0x0000000000016859                coap_get_transaction_by_mid
 .text          0x00000000000168aa     0x1c53 build/cooja/mtype696.a(coap.o)
                0x0000000000016e17                coap_init_connection
                0x0000000000016e2b                coap_get_mid
                0x0000000000016e47                coap_init_message
                0x0000000000016e90                coap_serialize_message
                0x0000000000017512                coap_parse_message
                0x0000000000017b79                coap_get_query_variable
                0x0000000000017bbb                coap_get_post_variable
                0x0000000000017bff                coap_set_status_code
                0x0000000000017c24                coap_set_token
                0x0000000000017c6b                coap_get_header_content_format
                0x0000000000017c9c                coap_set_header_content_format
                0x0000000000017cbf                coap_get_header_accept
                0x0000000000017cf0                coap_set_header_accept
                0x0000000000017d13                coap_get_header_max_age
                0x0000000000017d44                coap_set_header_max_age
                0x0000000000017d64                coap_get_header_etag
                0x0000000000017d96                coap_set_header_etag
                0x0000000000017ded                coap_get_header_if_match
                0x0000000000017e1f                coap_set_header_if_match
                0x0000000000017e76                coap_get_header_if_none_match
                0x0000000000017e90                coap_set_header_if_none_match
                0x0000000000017ea7                coap_get_header_proxy_uri
                0x0000000000017ed5                coap_set_header_proxy_uri
                0x0000000000017f12                coap_get_header_uri_host
                0x0000000000017f40                coap_set_header_uri_host
                0x0000000000017f7d                coap_get_header_uri_path
                0x0000000000017fab                coap_set_header_uri_path
                0x0000000000017ff8                coap_get_header_uri_query
                0x000000000001802c                coap_set_header_uri_query
                0x0000000000018082                coap_get_header_location_path
                0x00000000000180b0                coap_set_header_location_path
                0x0000000000018149                coap_get_header_location_query
                0x0000000000018177                coap_set_header_location_query
                0x00000000000181c4                coap_get_header_observe
                0x00000000000181f3                coap_set_header_observe
                0x0000000000018213                coap_get_header_block2
                0x000000000001827f                coap_set_header_block2
                0x00000000000182f6                coap_get_header_block1
                0x000000000001836b                coap_set_header_block1
                0x00000000000183e6                coap_get_header_size2
                0x0000000000018416                coap_set_header_size2
                0x0000000000018439                coap_get_header_size1
                0x0000000000018469                coap_set_header_size1
                0x000000000001848c                coap_get_payload
                0x00000000000184c6                coap_set_payload
 .text          0x00000000000184fd      0x332 build/cooja/mtype696.a(contiki-main.o)
                0x00000000000184fd                main
 .text          0x000000000001882f       0x92 build/cooja/mtype696.a(autostart.o)
                0x000000000001882f                autostart_start
                0x0000000000018879                autostart_exit
 .text          0x00000000000188c1      0x355 build/cooja/mtype696.a(ctimer.o)
                0x00000000000189e9                ctimer_init
                0x0000000000018a1c                ctimer_set
                0x0000000000018a42                ctimer_set_with_process
                0x0000000000018abf                ctimer_reset
                0x0000000000018b13                ctimer_restart
                0x0000000000018b67                ctimer_stop
                0x0000000000018bb7                ctimer_expired
 .text          0x0000000000018c16      0x394 build/cooja/mtype696.a(log.o)
                0x0000000000018c16                log_6addr
                0x0000000000018c69                log_6addr_compact_snprint
                0x0000000000018d07                log_6addr_compact
                0x0000000000018d5a                log_lladdr
                0x0000000000018dcc                log_lladdr_compact
                0x0000000000018e34                log_set_level
                0x0000000000018eef                log_get_level
                0x0000000000018f68                log_level_to_str
 .text          0x0000000000018faa       0x1b build/cooja/mtype696.a(energest.o)
                0x0000000000018faa                energest_init
                0x0000000000018fb0                energest_flush
                0x0000000000018fb6                energest_get_total_time
 .text          0x0000000000018fc5      0x43f build/cooja/mtype696.a(etimer.o)
                0x00000000000191e9                etimer_request_poll
                0x0000000000019272                etimer_set
                0x000000000001929b                etimer_reset_with_new_interval
                0x00000000000192ca                etimer_reset
                0x00000000000192f0                etimer_restart
                0x0000000000019316                etimer_adjust
                0x0000000000019333                etimer_expired
                0x0000000000019346                etimer_expiration_time
                0x0000000000019358                etimer_start_time
                0x0000000000019362                etimer_pending
                0x0000000000019374                etimer_next_expiration_time
                0x000000000001938e                etimer_stop
 .text          0x0000000000019404       0x25 build/cooja/mtype696.a(node-id.o)
                0x0000000000019404                node_id_init
 .text          0x0000000000019429       0xeb build/cooja/mtype696.a(rtimer.o)
                0x0000000000019429                rtimer_init
                0x0000000000019437                rtimer_set
                0x00000000000194b2                rtimer_run_next
 .text          0x0000000000019514      0x4fb build/cooja/mtype696.a(process.o)
                0x0000000000019514                process_alloc_event
                0x0000000000019529                process_start
                0x0000000000019703                process_exit
                0x0000000000019720                process_init
                0x00000000000198b5                process_run
                0x00000000000198e8                process_nevents
                0x0000000000019903                process_post
                0x0000000000019996                process_post_synch
                0x00000000000199cb                process_poll
                0x00000000000199fb                process_is_running
 .text          0x0000000000019a0f       0xb1 build/cooja/mtype696.a(timer.o)
                0x0000000000019a0f                timer_set
                0x0000000000019a2d                timer_reset
                0x0000000000019a5a                timer_restart
                0x0000000000019a6f                timer_expired
                0x0000000000019a9c                timer_remaining
 .text          0x0000000000019ac0      0x28f build/cooja/mtype696.a(list.o)
                0x0000000000019ac0                list_init
                0x0000000000019acf                list_head
                0x0000000000019ad9                list_copy
                0x0000000000019ae9                list_tail
                0x0000000000019b1f                list_add
                0x0000000000019b6b                list_push
                0x0000000000019b97                list_chop
                0x0000000000019c01                list_pop
                0x0000000000019c29                list_remove
                0x0000000000019c91                list_length
                0x0000000000019cbf                list_insert
                0x0000000000019d04                list_item_next
                0x0000000000019d1b                list_contains
 .text          0x0000000000019d4f      0x1b5 build/cooja/mtype696.a(memb.o)
                0x0000000000019d4f                memb_init
                0x0000000000019da4                memb_alloc
                0x0000000000019e07                memb_free
                0x0000000000019e7e                memb_inmemb
                0x0000000000019ebd                memb_numfree
 .text          0x0000000000019f04      0x41c build/cooja/mtype696.a(button-hal.o)
                0x000000000001a07d                button_hal_get_by_id
                0x000000000001a0bb                button_hal_get_by_index
                0x000000000001a0e7                button_hal_get_state
                0x000000000001a139                button_hal_init
 .text          0x000000000001a320      0x1f3 build/cooja/mtype696.a(serial-line.o)
                0x000000000001a320                serial_line_input_byte
                0x000000000001a4de                serial_line_init
 .text          0x000000000001a513      0x168 build/cooja/mtype696.a(gpio-hal.o)
                0x000000000001a513                gpio_hal_register_handler
                0x000000000001a530                gpio_hal_event_handler
                0x000000000001a58c                gpio_hal_init
                0x000000000001a5ab                gpio_hal_arch_port_toggle_pin
                0x000000000001a5e7                gpio_hal_arch_port_toggle_pins
                0x000000000001a615                gpio_hal_arch_no_port_toggle_pin
                0x000000000001a653                gpio_hal_arch_no_port_toggle_pins
 .text          0x000000000001a67b      0x2e7 build/cooja/mtype696.a(queuebuf.o)
                0x000000000001a685                queuebuf_init
                0x000000000001a6ae                queuebuf_numfree
                0x000000000001a6c6                queuebuf_new_from_packetbuf
                0x000000000001a765                queuebuf_update_attr_from_packetbuf
                0x000000000001a79a                queuebuf_update_from_packetbuf
                0x000000000001a7ea                queuebuf_free
                0x000000000001a833                queuebuf_to_packetbuf
                0x000000000001a89f                queuebuf_dataptr
                0x000000000001a8d9                queuebuf_datalen
                0x000000000001a8fc                queuebuf_addr
                0x000000000001a931                queuebuf_attr
                0x000000000001a95c                queuebuf_debug_print
 .text          0x000000000001a962      0x407 build/cooja/mtype696.a(packetbuf.o)
                0x000000000001a962                packetbuf_clear
                0x000000000001a98d                packetbuf_copyfrom
                0x000000000001a9dc                packetbuf_copyto
                0x000000000001aa6f                packetbuf_hdralloc
                0x000000000001aaeb                packetbuf_hdrreduce
                0x000000000001ab31                packetbuf_set_datalen
                0x000000000001ab4b                packetbuf_dataptr
                0x000000000001ab68                packetbuf_hdrptr
                0x000000000001ab72                packetbuf_datalen
                0x000000000001ab7e                packetbuf_hdrlen
                0x000000000001ab95                packetbuf_totlen
                0x000000000001abab                packetbuf_remaininglen
                0x000000000001abbe                packetbuf_attr_clear
                0x000000000001ac0a                packetbuf_attr_copyto
                0x000000000001ac62                packetbuf_attr_copyfrom
                0x000000000001acba                packetbuf_set_attr
                0x000000000001ace4                packetbuf_attr
                0x000000000001acfe                packetbuf_set_addr
                0x000000000001ad2f                packetbuf_addr
                0x000000000001ad4c                packetbuf_holds_broadcast
 .text          0x000000000001ad69       0xef build/cooja/mtype696.a(netstack.o)
                0x000000000001ad69                netstack_process_ip_callback
                0x000000000001adfa                netstack_ip_packet_processor_add
                0x000000000001ae1d                uip_ds6_ip_packet_processor_rm
                0x000000000001ae3a                netstack_init
 .text          0x000000000001ae58       0x4f build/cooja/mtype696.a(linkaddr.o)
                0x000000000001ae58                linkaddr_copy
                0x000000000001ae6e                linkaddr_cmp
                0x000000000001ae91                linkaddr_set_node_addr
 .text          0x000000000001aea7      0x1f6 build/cooja/mtype696.a(csma.o)
 .text          0x000000000001b09d      0x95d build/cooja/mtype696.a(csma-output.o)
                0x000000000001b734                csma_output_packet
                0x000000000001b9c1                csma_output_init
 .text          0x000000000001b9fa      0xc11 build/cooja/mtype696.a(uip-ds6.o)
                0x000000000001b9fa                uip_ds6_default_prefix
                0x000000000001ba04                uip_ds6_set_default_prefix
                0x000000000001ba2f                uip_ds6_init
                0x000000000001bc91                uip_ds6_periodic
                0x000000000001bd18                uip_ds6_list_loop
                0x000000000001bdd8                uip_ds6_prefix_add
                0x000000000001be84                uip_ds6_prefix_rm
                0x000000000001be97                uip_ds6_prefix_lookup
                0x000000000001bed6                uip_ds6_is_addr_onlink
                0x000000000001bf49                uip_ds6_addr_add
                0x000000000001c069                uip_ds6_addr_rm
                0x000000000001c112                uip_ds6_addr_lookup
                0x000000000001c14b                uip_ds6_get_link_local
                0x000000000001c1cc                uip_ds6_get_global
                0x000000000001c24d                uip_ds6_maddr_add
                0x000000000001c2ad                uip_ds6_maddr_rm
                0x000000000001c2c0                uip_ds6_maddr_lookup
                0x000000000001c2f9                uip_ds6_aaddr_add
                0x000000000001c359                uip_ds6_aaddr_rm
                0x000000000001c36c                uip_ds6_aaddr_lookup
                0x000000000001c3a5                uip_ds6_select_src
                0x000000000001c4ee                uip_ds6_set_addr_iid
                0x000000000001c519                uip_ds6_set_lladdr_from_iid
                0x000000000001c542                get_match_length
                0x000000000001c5d3                uip_ds6_compute_reachable_time
 .text          0x000000000001c60b      0x128 build/cooja/mtype696.a(uip-udp-packet.)
                0x000000000001c60b                uip_udp_packet_send
                0x000000000001c666                uip_udp_packet_sendto
 .text          0x000000000001c733      0x35b build/cooja/mtype696.a(uip-ds6-route.o)
                0x000000000001c784                uip_ds6_route_init
                0x000000000001c7ae                uip_ds6_route_nexthop
                0x000000000001c7b8                uip_ds6_route_head
                0x000000000001c7c2                uip_ds6_route_next
                0x000000000001c7cc                uip_ds6_route_is_nexthop
                0x000000000001c7d6                uip_ds6_route_num_routes
                0x000000000001c7e0                uip_ds6_route_lookup
                0x000000000001c7ea                uip_ds6_route_add
                0x000000000001c7fd                uip_ds6_route_rm
                0x000000000001c803                uip_ds6_route_rm_by_nexthop
                0x000000000001c809                uip_ds6_defrt_head
                0x000000000001c822                uip_ds6_defrt_add
                0x000000000001c8d0                uip_ds6_defrt_rm
                0x000000000001c936                uip_ds6_defrt_lookup
                0x000000000001c99d                uip_ds6_defrt_choose
                0x000000000001ca13                uip_ds6_defrt_periodic
 .text          0x000000000001ca8e      0x6f7 build/cooja/mtype696.a(tcpip.o)
                0x000000000001caa8                tcpip_output
                0x000000000001cb27                udp_attach
                0x000000000001cb3f                udp_new
                0x000000000001cb89                udp_broadcast_new
                0x000000000001ccfb                tcpip_input
                0x000000000001ce8b                tcpip_ipv6_output
                0x000000000001d07f                tcpip_poll_udp
                0x000000000001d09d                tcpip_uipcall
 .text          0x000000000001d185     0x1205 build/cooja/mtype696.a(uip6.o)
                0x000000000001d234                uip_chksum
                0x000000000001d30b                uip_icmp6chksum
                0x000000000001d320                uip_udpchksum
                0x000000000001d335                uip_init
                0x000000000001d37e                uip_remove_ext_hdr
                0x000000000001d458                uip_udp_new
                0x000000000001d76c                uip_process
                0x000000000001e264                uip_htons
                0x000000000001e286                uip_htonl
                0x000000000001e2c4                uip_send
 .text          0x000000000001e38a      0x369 build/cooja/mtype696.a(uip-ds6-nbr.o)
                0x000000000001e38a                uip_ds6_neighbors_init
                0x000000000001e3ae                uip_ds6_nbr_add
                0x000000000001e434                uip_ds6_nbr_rm
                0x000000000001e47f                uip_ds6_nbr_update_ll
                0x000000000001e56d                uip_ds6_nbr_get_ipaddr
                0x000000000001e582                uip_ds6_nbr_get_ll
                0x000000000001e59e                uip_ds6_nbr_num
                0x000000000001e5e7                uip_ds6_nbr_head
                0x000000000001e600                uip_ds6_nbr_next
                0x000000000001e61c                uip_ds6_nbr_lookup
                0x000000000001e674                uip_ds6_nbr_ll_lookup
                0x000000000001e690                uip_ds6_nbr_ipaddr_from_lladdr
                0x000000000001e6b9                uip_ds6_nbr_lladdr_from_ipaddr
                0x000000000001e6ed                uip_ds6_link_callback
 .text          0x000000000001e6f3      0x6a7 build/cooja/mtype696.a(uip-nd6.o)
                0x000000000001ed81                uip_nd6_init
 .text          0x000000000001ed9a      0x3b0 build/cooja/mtype696.a(simple-udp.o)
                0x000000000001edc7                simple_udp_send
                0x000000000001ee2a                simple_udp_sendto
                0x000000000001ee85                simple_udp_sendto_port
                0x000000000001eede                simple_udp_register
 .text          0x000000000001f14a     0x2c17 build/cooja/mtype696.a(sicslowpan.o)
                0x000000000001f751                netstack_sniffer_add
                0x000000000001f75f                netstack_sniffer_remove
                0x0000000000021d35                sicslowpan_init
                0x0000000000021d57                sicslowpan_get_last_rssi
 .text          0x0000000000021d61      0x4d1 build/cooja/mtype696.a(uiplib.o)
                0x0000000000021d61                uiplib_ip6addrconv
                0x0000000000021f19                uiplib_ip4addrconv
                0x0000000000021fdc                uiplib_ipaddr_print
                0x000000000002202f                uiplib_ipaddr_snprint
 .text          0x0000000000022232      0x4c9 build/cooja/mtype696.a(rpl.o)
                0x0000000000022232                rpl_lollipop_greater_than
                0x000000000002228c                rpl_get_global_address
                0x0000000000022384                rpl_link_callback
                0x00000000000223c8                rpl_has_joined
                0x00000000000223ed                rpl_is_reachable
                0x000000000002246e                rpl_reset_prefix
                0x00000000000224d8                rpl_set_prefix_from_addr
                0x00000000000225bd                rpl_set_prefix
                0x00000000000226d7                rpl_set_leaf_only
                0x00000000000226ef                rpl_get_leaf_only
 .text          0x00000000000226fb     0x138c build/cooja/mtype696.a(rpl-icmp6.o)
                0x0000000000022820                rpl_icmp6_update_nbr_table
                0x00000000000228a9                rpl_icmp6_dis_output
                0x0000000000022eef                rpl_icmp6_dio_output
                0x00000000000236ed                rpl_icmp6_dao_output
                0x00000000000239ce                rpl_icmp6_dao_ack_output
                0x0000000000023a3e                rpl_icmp6_init
 .text          0x0000000000023a87      0x264 build/cooja/mtype696.a(rpl-dag-root.o)
                0x0000000000023a87                rpl_dag_root_print_links
                0x0000000000023bb3                rpl_dag_root_set_prefix
                0x0000000000023bdf                rpl_dag_root_start
                0x0000000000023cbc                rpl_dag_root_is_root
 .text          0x0000000000023ceb       0x30 build/cooja/mtype696.a(watchdog.o)
                0x0000000000023ceb                watchdog_init
                0x0000000000023cf1                watchdog_start
                0x0000000000023cf7                watchdog_periodic
                0x0000000000023d0f                watchdog_stop
                0x0000000000023d15                watchdog_reboot
 .text          0x0000000000023d1b       0x4a build/cooja/mtype696.a(int-master.o)
                0x0000000000023d1b                int_master_enable
                0x0000000000023d2b                int_master_read_and_disable
                0x0000000000023d48                int_master_status_set
                0x0000000000023d56                int_master_is_enabled
 .text          0x0000000000023d65      0x226 build/cooja/mtype696.a(coap-timer-defa)
 .text          0x0000000000023f8b       0xc7 build/cooja/mtype696.a(stimer.o)
                0x0000000000023f8b                stimer_set
                0x0000000000023fa9                stimer_reset
                0x0000000000023fd6                stimer_restart
                0x0000000000023feb                stimer_expired
                0x0000000000024016                stimer_remaining
                0x000000000002403a                stimer_elapsed
 .text          0x0000000000024052      0x156 build/cooja/mtype696.a(ringbuf.o)
                0x0000000000024052                ringbuf_init
                0x0000000000024084                ringbuf_put
                0x0000000000024102                ringbuf_get
                0x000000000002416f                ringbuf_size
                0x0000000000024181                ringbuf_elements
 .text          0x00000000000241a8       0x1f build/cooja/mtype696.a(assert.o)
                0x00000000000241a8                _xassert
 .text          0x00000000000241c7      0x79b build/cooja/mtype696.a(nbr-table.o)
                0x0000000000024640                nbr_table_register
                0x00000000000246ad                nbr_table_is_registered
                0x00000000000246e8                nbr_table_head
                0x0000000000024743                nbr_table_next
                0x00000000000247a4                nbr_table_add_lladdr
                0x000000000002487e                nbr_table_get_from_lladdr
                0x00000000000248ca                nbr_table_remove
                0x0000000000024902                nbr_table_lock
                0x000000000002491c                nbr_table_unlock
                0x0000000000024936                nbr_table_get_lladdr
 .text          0x0000000000024962      0x3a5 build/cooja/mtype696.a(link-stats.o)
                0x0000000000024962                link_stats_from_lladdr
                0x000000000002497e                link_stats_get_lladdr
                0x000000000002499a                link_stats_is_fresh
                0x00000000000249d6                guess_etx_from_rssi
                0x0000000000024a52                link_stats_packet_sent
                0x0000000000024b72                link_stats_input_callback
                0x0000000000024c82                link_stats_reset
                0x0000000000024cd2                link_stats_init
 .text          0x0000000000024d07      0x187 build/cooja/mtype696.a(mac-sequence.o)
                0x0000000000024d07                mac_sequence_is_duplicate
                0x0000000000024da7                mac_sequence_register_seqno
 .text          0x0000000000024e8e       0x23 build/cooja/mtype696.a(mac.o)
                0x0000000000024e8e                mac_call_sent_callback
 .text          0x0000000000024eb1      0x432 build/cooja/mtype696.a(framer-802154.o)
                0x0000000000025040                framer_802154_setup_params
 .text          0x00000000000252e3      0xb6f build/cooja/mtype696.a(frame802154.o)
                0x0000000000025314                frame802154_get_pan_id
                0x0000000000025320                frame802154_set_pan_id
                0x000000000002533a                frame802154_has_panid
                0x00000000000254e9                frame802154_check_dest_panid
                0x0000000000025571                frame802154_is_broadcast_addr
                0x00000000000255be                frame802154_extract_linkaddr
                0x0000000000025823                frame802154_hdrlen
                0x0000000000025896                frame802154_create_fcf
                0x000000000002594e                frame802154_create
                0x0000000000025ac3                frame802154_parse_fcf
                0x0000000000025ba5                frame802154_parse
 .text          0x0000000000025e52       0x2d build/cooja/mtype696.a(csma-security.o)
                0x0000000000025e52                csma_security_create_frame
                0x0000000000025e70                csma_security_parse_frame
 .text          0x0000000000025e7f      0x4e4 build/cooja/mtype696.a(uipbuf.o)
                0x0000000000025e7f                uipbuf_clear
                0x0000000000025ea6                uipbuf_add_ext_hdr
                0x0000000000025f26                uipbuf_set_len
                0x0000000000025f53                uipbuf_set_len_field
                0x0000000000025f7f                uipbuf_get_len_field
                0x0000000000025f9f                uipbuf_get_next_header
                0x00000000000260d1                uipbuf_get_last_header
                0x000000000002614a                uipbuf_search_header
                0x0000000000026200                uipbuf_get_attr
                0x0000000000026227                uipbuf_set_attr
                0x000000000002625e                uipbuf_set_default_attr
                0x0000000000026295                uipbuf_clear_attr
                0x00000000000262b9                uipbuf_set_attr_flag
                0x00000000000262da                uipbuf_clr_attr_flag
                0x0000000000026301                uipbuf_is_attr_flag
                0x0000000000026325                uipbuf_init
 .text          0x0000000000026363      0x73f build/cooja/mtype696.a(uip-icmp6.o)
                0x00000000000263d8                uip_icmp6_input
                0x000000000002642f                uip_icmp6_register_input_handler
                0x0000000000026582                uip_icmp6_error_output
                0x0000000000026833                uip_icmp6_send
                0x0000000000026a2a                uip_icmp6_echo_reply_callback_add
                0x0000000000026a5c                uip_icmp6_echo_reply_callback_rm
                0x0000000000026a79                uip_icmp6_init
 .text          0x0000000000026aa2      0x69b build/cooja/mtype696.a(uip-sr.o)
                0x0000000000026aa2                uip_sr_num_nodes
                0x0000000000026b30                uip_sr_get_node
                0x0000000000026b87                uip_sr_is_addr_reachable
                0x0000000000026c35                uip_sr_expire_parent
                0x0000000000026c7e                uip_sr_update_node
                0x0000000000026dae                uip_sr_init
                0x0000000000026de2                uip_sr_node_head
                0x0000000000026dfb                uip_sr_node_next
                0x0000000000026e11                uip_sr_periodic
                0x0000000000026f17                uip_sr_free_all
                0x0000000000026f87                uip_sr_link_snprint
 .text          0x000000000002713d      0x146 build/cooja/mtype696.a(uip-packetqueue)
                0x000000000002716b                uip_packetqueue_new
                0x000000000002717a                uip_packetqueue_alloc
                0x00000000000271d5                uip_packetqueue_free
                0x000000000002721c                uip_packetqueue_buf
                0x0000000000027239                uip_packetqueue_buflen
                0x000000000002725a                uip_packetqueue_set_buflen
 .text          0x0000000000027283      0x1b0 build/cooja/mtype696.a(rpl-nbr-policy.)
                0x00000000000273f0                rpl_nbr_policy_find_removable
 .text          0x0000000000027433      0x915 build/cooja/mtype696.a(rpl-neighbor.o)
                0x00000000000274af                rpl_neighbor_snprint
                0x0000000000027762                rpl_neighbor_print_list
                0x0000000000027817                rpl_neighbor_count
                0x00000000000278be                rpl_neighbor_get_from_lladdr
                0x00000000000278da                rpl_neighbor_is_acceptable_parent
                0x000000000002790e                rpl_neighbor_get_link_metric
                0x0000000000027942                rpl_neighbor_rank_via_nbr
                0x0000000000027976                rpl_neighbor_get_lladdr
                0x0000000000027992                rpl_neighbor_get_ipaddr
                0x00000000000279b9                rpl_neighbor_get_link_stats
                0x00000000000279e0                rpl_neighbor_is_fresh
                0x0000000000027a07                rpl_neighbor_is_reachable
                0x0000000000027a52                rpl_neighbor_is_parent
                0x0000000000027a7c                rpl_neighbor_set_preferred_parent
                0x0000000000027b13                rpl_neighbor_remove_all
                0x0000000000027b6f                rpl_neighbor_get_from_ipaddr
                0x0000000000027c7d                rpl_neighbor_select_best
                0x0000000000027d29                rpl_neighbor_init
 .text          0x0000000000027d48      0xe69 build/cooja/mtype696.a(rpl-dag.o)
                0x0000000000027d48                rpl_dag_state_to_str
                0x0000000000027d87                rpl_dag_get_root_ipaddr
                0x0000000000027dcf                rpl_dag_leave
                0x0000000000027e58                rpl_dag_poison_and_leave
                0x0000000000027e70                rpl_dag_periodic
                0x0000000000027ef8                rpl_is_addr_in_our_dag
                0x0000000000027f3c                rpl_get_default_instance
                0x0000000000027f58                rpl_get_any_dag
                0x0000000000027fb1                rpl_refresh_routes
                0x0000000000027ff1                rpl_global_repair
                0x000000000002808a                rpl_local_repair
                0x00000000000280d4                rpl_dag_ready_to_advertise
                0x0000000000028117                rpl_dag_update_state
                0x0000000000028844                rpl_process_dio
                0x00000000000288c2                rpl_process_dis
                0x0000000000028907                rpl_process_dao
                0x0000000000028996                rpl_process_dao_ack
                0x0000000000028a2d                rpl_process_hbh
                0x0000000000028a7d                rpl_dag_init_root
                0x0000000000028b91                rpl_dag_init
 .text          0x0000000000028bb1      0x9e7 build/cooja/mtype696.a(rpl-timers.o)
                0x0000000000028bb1                rpl_timers_schedule_periodic_dis
                0x0000000000028cff                rpl_timers_dio_reset
                0x0000000000028e0d                rpl_timers_schedule_unicast_dio
                0x0000000000028f61                rpl_timers_schedule_dao
                0x0000000000029020                rpl_timers_schedule_dao_ack
                0x00000000000290a6                rpl_timers_notify_dao_ack
                0x0000000000029104                get_probing_delay
                0x0000000000029138                get_probing_target
                0x0000000000029322                rpl_schedule_probing
                0x0000000000029350                rpl_schedule_probing_now
                0x00000000000293ba                rpl_timers_unschedule_leaving
                0x00000000000293f2                rpl_timers_schedule_leaving
                0x0000000000029433                rpl_timers_init
                0x00000000000294c3                rpl_timers_stop_dag_timers
                0x000000000002953c                rpl_timers_unschedule_state_update
                0x0000000000029560                rpl_timers_schedule_state_update
 .text          0x0000000000029598      0xb8e build/cooja/mtype696.a(rpl-ext-header.)
                0x0000000000029598                rpl_ext_header_srh_get_next_hop
                0x000000000002967f                rpl_ext_header_srh_update
                0x0000000000029beb                rpl_ext_header_hbh_update
                0x0000000000029eeb                rpl_ext_header_update
                0x0000000000029f74                rpl_ext_header_remove
 .text          0x000000000002a126      0x31b build/cooja/mtype696.a(rpl-mrhof.o)
 *fill*         0x000000000002a441        0xf 
 .text          0x000000000002a450      0x122 /usr/lib/gcc/i686-linux-gnu/5/libgcc.a(_udivdi3.o)
                0x000000000002a450                __udivdi3
 .text          0x000000000002a572        0x0 /usr/lib/gcc/i686-linux-gnu/5/crtendS.o
 .text          0x000000000002a572        0x0 /usr/lib/gcc/i686-linux-gnu/5/../../../i386-linux-gnu/crtn.o
 *(.gnu.warning)

.fini           0x000000000002a574       0x14
 *(SORT(.fini))
 .fini          0x000000000002a574        0xf /usr/lib/gcc/i686-linux-gnu/5/../../../i386-linux-gnu/crti.o
                0x000000000002a574                _fini
 .fini          0x000000000002a583        0x5 /usr/lib/gcc/i686-linux-gnu/5/../../../i386-linux-gnu/crtn.o
                [!provide]                        PROVIDE (__etext, .)
                [!provide]                        PROVIDE (_etext, .)
                [!provide]                        PROVIDE (etext, .)

.rodata         0x000000000002a5a0      0xb4b
 *(.rodata .rodata.* .gnu.linkonce.r.*)
 .rodata        0x000000000002a5a0      0x12e window.o
                0x000000000002a5c4                autostart_processes
 *fill*         0x000000000002a6ce        0x2 
 .rodata        0x000000000002a6d0        0x8 build/cooja/mtype696.a(beep.o)
                0x000000000002a6d0                beep_interface
 .rodata        0x000000000002a6d8        0xe build/cooja/mtype696.a(leds-arch.o)
                0x000000000002a6d8                leds_interface
                0x000000000002a6e0                leds_arch_leds
 *fill*         0x000000000002a6e6        0x2 
 .rodata        0x000000000002a6e8        0x8 build/cooja/mtype696.a(moteid.o)
                0x000000000002a6e8                moteid_interface
 .rodata        0x000000000002a6f0       0x1c build/cooja/mtype696.a(pir-sensor.o)
                0x000000000002a6f0                pir_interface
                0x000000000002a6fc                pir_sensor
 .rodata        0x000000000002a70c        0xe build/cooja/mtype696.a(rs232.o)
                0x000000000002a70c                rs232_interface
 *fill*         0x000000000002a71a        0x2 
 .rodata        0x000000000002a71c       0x24 build/cooja/mtype696.a(vib-sensor.o)
                0x000000000002a71c                vib_interface
                0x000000000002a730                vib_sensor
 .rodata        0x000000000002a740        0x8 build/cooja/mtype696.a(clock.o)
                0x000000000002a740                clock_interface
 .rodata        0x000000000002a748        0x8 build/cooja/mtype696.a(cooja-log.o)
                0x000000000002a748                simlog_interface
 .rodata        0x000000000002a750       0x2f build/cooja/mtype696.a(cfs-cooja.o)
                0x000000000002a750                cfs_interface
 *fill*         0x000000000002a77f        0x1 
 .rodata        0x000000000002a780       0xb8 build/cooja/mtype696.a(cooja-radio.o)
                0x000000000002a780                radio_interface
                0x000000000002a800                cooja_radio_driver
 .rodata        0x000000000002a838        0x8 build/cooja/mtype696.a(eeprom.o)
                0x000000000002a838                eeprom_interface
 .rodata        0x000000000002a840        0x8 build/cooja/mtype696.a(sensors.o)
 .rodata        0x000000000002a848       0x2c build/cooja/mtype696.a(buttons.o)
                0x000000000002a848                button_interface
                0x000000000002a85c                button_hal_button_count
                0x000000000002a864                button_sensor
 .rodata        0x000000000002a874       0xb4 build/cooja/mtype696.a(res_window.o)
 .rodata        0x000000000002a928       0x41 build/cooja/mtype696.a(coap-engine.o)
 .rodata        0x000000000002a969       0x19 build/cooja/mtype696.a(coap-res-well-k)
 .rodata        0x000000000002a982       0x11 build/cooja/mtype696.a(coap-observe.o)
 .rodata        0x000000000002a993       0x35 build/cooja/mtype696.a(coap-uip.o)
 .rodata        0x000000000002a9c8      0x1ac build/cooja/mtype696.a(coap.o)
 .rodata        0x000000000002ab74       0xf4 build/cooja/mtype696.a(contiki-main.o)
 .rodata        0x000000000002ac68        0xf build/cooja/mtype696.a(ctimer.o)
 *fill*         0x000000000002ac77        0x1 
 .rodata        0x000000000002ac78       0xc4 build/cooja/mtype696.a(log.o)
 .rodata        0x000000000002ad3c        0xc build/cooja/mtype696.a(etimer.o)
 .rodata        0x000000000002ad48       0x13 build/cooja/mtype696.a(button-hal.o)
 .rodata        0x000000000002ad5b        0xe build/cooja/mtype696.a(serial-line.o)
 *fill*         0x000000000002ad69        0x3 
 .rodata        0x000000000002ad6c        0x8 build/cooja/mtype696.a(linkaddr.o)
                0x000000000002ad6c                linkaddr_null
 .rodata        0x000000000002ad74       0x24 build/cooja/mtype696.a(csma.o)
                0x000000000002ad7c                csma_driver
 .rodata        0x000000000002ad98       0x2a build/cooja/mtype696.a(csma-output.o)
 *fill*         0x000000000002adc2        0x2 
 .rodata        0x000000000002adc4       0x4d build/cooja/mtype696.a(uip-ds6-route.o)
 .rodata        0x000000000002ae11        0xd build/cooja/mtype696.a(tcpip.o)
 .rodata        0x000000000002ae1e       0x13 build/cooja/mtype696.a(simple-udp.o)
 *fill*         0x000000000002ae31        0x3 
 .rodata        0x000000000002ae34       0x30 build/cooja/mtype696.a(sicslowpan.o)
                0x000000000002ae34                unc_llconf
                0x000000000002ae38                unc_ctxconf
                0x000000000002ae3c                unc_mxconf
                0x000000000002ae40                llprefix
                0x000000000002ae54                sicslowpan_driver
 .rodata        0x000000000002ae64       0x2d build/cooja/mtype696.a(uiplib.o)
 *fill*         0x000000000002ae91        0xf 
 .rodata        0x000000000002aea0       0x74 build/cooja/mtype696.a(rpl.o)
                0x000000000002aec0                rpl_lite_driver
 .rodata        0x000000000002af14       0x20 build/cooja/mtype696.a(coap-timer-defa)
                0x000000000002af28                coap_timer_default_driver
 .rodata        0x000000000002af34       0x25 build/cooja/mtype696.a(assert.o)
 *fill*         0x000000000002af59        0x3 
 .rodata        0x000000000002af5c        0xc build/cooja/mtype696.a(framer-802154.o)
                0x000000000002af5c                framer_802154
 .rodata        0x000000000002af68       0x44 build/cooja/mtype696.a(uip-sr.o)
 .rodata        0x000000000002afac       0x58 build/cooja/mtype696.a(rpl-neighbor.o)
 .rodata        0x000000000002b004       0xdb build/cooja/mtype696.a(rpl-dag.o)
 .rodata        0x000000000002b0df        0xc build/cooja/mtype696.a(rpl-timers.o)

.rodata1
 *(.rodata1)

.eh_frame_hdr   0x000000000002b0ec     0x1a2c
 *(.eh_frame_hdr)
 .eh_frame_hdr  0x000000000002b0ec     0x1a2c window.o
                0x000000000002b0ec                __GNU_EH_FRAME_HDR
 *(.eh_frame_entry .eh_frame_entry.*)

.eh_frame       0x000000000002cb18     0x6a40
 *(.eh_frame)
 .eh_frame      0x000000000002cb18       0x3c /usr/lib/gcc/i686-linux-gnu/5/../../../i386-linux-gnu/crti.o
                                         0x40 (size before relaxing)
 .eh_frame      0x000000000002cb54       0xa0 window.o
                                         0xb8 (size before relaxing)
 .eh_frame      0x000000000002cbf4      0x178 build/cooja/mtype696.o
                                        0x190 (size before relaxing)
 .eh_frame      0x000000000002cd6c       0x40 build/cooja/mtype696.a(simEnvChange.o)
                                         0x58 (size before relaxing)
 .eh_frame      0x000000000002cdac       0x60 build/cooja/mtype696.a(cooja_mt.o)
                                         0x78 (size before relaxing)
 .eh_frame      0x000000000002ce0c       0x80 build/cooja/mtype696.a(cooja_mtarch.o)
                                         0x98 (size before relaxing)
 .eh_frame      0x000000000002ce8c       0xc8 build/cooja/mtype696.a(rtimer-arch.o)
                                         0xe0 (size before relaxing)
 .eh_frame      0x000000000002cf54      0x160 build/cooja/mtype696.a(beep.o)
                                        0x178 (size before relaxing)
 .eh_frame      0x000000000002d0b4       0x80 build/cooja/mtype696.a(leds-arch.o)
                                         0x98 (size before relaxing)
 .eh_frame      0x000000000002d134       0x40 build/cooja/mtype696.a(moteid.o)
                                         0x58 (size before relaxing)
 .eh_frame      0x000000000002d174       0xa0 build/cooja/mtype696.a(pir-sensor.o)
                                         0xb8 (size before relaxing)
 .eh_frame      0x000000000002d214      0x100 build/cooja/mtype696.a(rs232.o)
                                        0x118 (size before relaxing)
 .eh_frame      0x000000000002d314       0xa0 build/cooja/mtype696.a(vib-sensor.o)
                                         0xb8 (size before relaxing)
 .eh_frame      0x000000000002d3b4       0xc0 build/cooja/mtype696.a(clock.o)
                                         0xd8 (size before relaxing)
 .eh_frame      0x000000000002d474      0x120 build/cooja/mtype696.a(cooja-log.o)
                                        0x138 (size before relaxing)
 .eh_frame      0x000000000002d594      0x160 build/cooja/mtype696.a(cfs-cooja.o)
                                        0x178 (size before relaxing)
 .eh_frame      0x000000000002d6f4      0x340 build/cooja/mtype696.a(cooja-radio.o)
                                        0x358 (size before relaxing)
 .eh_frame      0x000000000002da34       0xa0 build/cooja/mtype696.a(eeprom.o)
                                         0xb8 (size before relaxing)
 .eh_frame      0x000000000002dad4       0x40 build/cooja/mtype696.a(random.o)
                                         0x58 (size before relaxing)
 .eh_frame      0x000000000002db14       0xc0 build/cooja/mtype696.a(sensors.o)
                                         0xd8 (size before relaxing)
 .eh_frame      0x000000000002dbd4      0x120 build/cooja/mtype696.a(leds.o)
                                        0x138 (size before relaxing)
 .eh_frame      0x000000000002dcf4      0x220 build/cooja/mtype696.a(gpio-hal-arch.o)
                                        0x238 (size before relaxing)
 .eh_frame      0x000000000002df14       0xa0 build/cooja/mtype696.a(buttons.o)
                                         0xb8 (size before relaxing)
 .eh_frame      0x000000000002dfb4       0x84 build/cooja/mtype696.a(res_window.o)
                                         0x9c (size before relaxing)
 .eh_frame      0x000000000002e038       0x44 build/cooja/mtype696.a(coap-blocking-a)
                                         0x5c (size before relaxing)
 .eh_frame      0x000000000002e07c      0x220 build/cooja/mtype696.a(coap-engine.o)
                                        0x238 (size before relaxing)
 .eh_frame      0x000000000002e29c       0x24 build/cooja/mtype696.a(coap-res-well-k)
                                         0x3c (size before relaxing)
 .eh_frame      0x000000000002e2c0      0x188 build/cooja/mtype696.a(coap-observe.o)
                                        0x1a0 (size before relaxing)
 .eh_frame      0x000000000002e448      0x250 build/cooja/mtype696.a(coap-uip.o)
                                        0x268 (size before relaxing)
 .eh_frame      0x000000000002e698      0x114 build/cooja/mtype696.a(coap-timer.o)
                                        0x12c (size before relaxing)
 .eh_frame      0x000000000002e7ac      0x100 build/cooja/mtype696.a(coap-transactio)
                                        0x118 (size before relaxing)
 .eh_frame      0x000000000002e8ac      0x6ec build/cooja/mtype696.a(coap.o)
                                        0x704 (size before relaxing)
 .eh_frame      0x000000000002ef98       0x30 build/cooja/mtype696.a(contiki-main.o)
                                         0x48 (size before relaxing)
 .eh_frame      0x000000000002efc8       0x40 build/cooja/mtype696.a(autostart.o)
                                         0x58 (size before relaxing)
 .eh_frame      0x000000000002f008      0x100 build/cooja/mtype696.a(ctimer.o)
                                        0x118 (size before relaxing)
 .eh_frame      0x000000000002f108      0x100 build/cooja/mtype696.a(log.o)
                                        0x118 (size before relaxing)
 .eh_frame      0x000000000002f208       0x60 build/cooja/mtype696.a(energest.o)
                                         0x78 (size before relaxing)
 .eh_frame      0x000000000002f268      0x1e0 build/cooja/mtype696.a(etimer.o)
                                        0x1f8 (size before relaxing)
 .eh_frame      0x000000000002f448       0x20 build/cooja/mtype696.a(node-id.o)
                                         0x38 (size before relaxing)
 .eh_frame      0x000000000002f468       0x60 build/cooja/mtype696.a(rtimer.o)
                                         0x78 (size before relaxing)
 .eh_frame      0x000000000002f4c8      0x1c4 build/cooja/mtype696.a(process.o)
                                        0x1dc (size before relaxing)
 .eh_frame      0x000000000002f68c       0xa4 build/cooja/mtype696.a(timer.o)
                                         0xbc (size before relaxing)
 .eh_frame      0x000000000002f730      0x1a0 build/cooja/mtype696.a(list.o)
                                        0x1b8 (size before relaxing)
 .eh_frame      0x000000000002f8d0       0xa0 build/cooja/mtype696.a(memb.o)
                                         0xb8 (size before relaxing)
 .eh_frame      0x000000000002f970      0x144 build/cooja/mtype696.a(button-hal.o)
                                        0x15c (size before relaxing)
 .eh_frame      0x000000000002fab4       0x60 build/cooja/mtype696.a(serial-line.o)
                                         0x78 (size before relaxing)
 .eh_frame      0x000000000002fb14       0xe0 build/cooja/mtype696.a(gpio-hal.o)
                                         0xf8 (size before relaxing)
 .eh_frame      0x000000000002fbf4      0x1a0 build/cooja/mtype696.a(queuebuf.o)
                                        0x1b8 (size before relaxing)
 .eh_frame      0x000000000002fd94      0x28c build/cooja/mtype696.a(packetbuf.o)
                                        0x2a4 (size before relaxing)
 .eh_frame      0x0000000000030020       0x80 build/cooja/mtype696.a(netstack.o)
                                         0x98 (size before relaxing)
 .eh_frame      0x00000000000300a0       0x60 build/cooja/mtype696.a(linkaddr.o)
                                         0x78 (size before relaxing)
 .eh_frame      0x0000000000030100       0xe0 build/cooja/mtype696.a(csma.o)
                                         0xf8 (size before relaxing)
 .eh_frame      0x00000000000301e0      0x1d0 build/cooja/mtype696.a(csma-output.o)
                                        0x1e8 (size before relaxing)
 .eh_frame      0x00000000000303b0      0x328 build/cooja/mtype696.a(uip-ds6.o)
                                        0x340 (size before relaxing)
 .eh_frame      0x00000000000306d8       0x40 build/cooja/mtype696.a(uip-udp-packet.)
                                         0x58 (size before relaxing)
 .eh_frame      0x0000000000030718      0x220 build/cooja/mtype696.a(uip-ds6-route.o)
                                        0x238 (size before relaxing)
 .eh_frame      0x0000000000030938      0x244 build/cooja/mtype696.a(tcpip.o)
                                        0x25c (size before relaxing)
 .eh_frame      0x0000000000030b7c      0x1e8 build/cooja/mtype696.a(uip6.o)
                                        0x200 (size before relaxing)
 .eh_frame      0x0000000000030d64      0x1c0 build/cooja/mtype696.a(uip-ds6-nbr.o)
                                        0x1d8 (size before relaxing)
 .eh_frame      0x0000000000030f24       0x84 build/cooja/mtype696.a(uip-nd6.o)
                                         0x9c (size before relaxing)
 .eh_frame      0x0000000000030fa8       0xd4 build/cooja/mtype696.a(simple-udp.o)
                                         0xec (size before relaxing)
 .eh_frame      0x000000000003107c      0x2f8 build/cooja/mtype696.a(sicslowpan.o)
                                        0x310 (size before relaxing)
 .eh_frame      0x0000000000031374       0x88 build/cooja/mtype696.a(uiplib.o)
                                         0xa0 (size before relaxing)
 .eh_frame      0x00000000000313fc      0x1e0 build/cooja/mtype696.a(rpl.o)
                                        0x1f8 (size before relaxing)
 .eh_frame      0x00000000000315dc      0x1c4 build/cooja/mtype696.a(rpl-icmp6.o)
                                        0x1dc (size before relaxing)
 .eh_frame      0x00000000000317a0       0xa0 build/cooja/mtype696.a(rpl-dag-root.o)
                                         0xb8 (size before relaxing)
 .eh_frame      0x0000000000031840       0xa0 build/cooja/mtype696.a(watchdog.o)
                                         0xb8 (size before relaxing)
 .eh_frame      0x00000000000318e0       0x80 build/cooja/mtype696.a(int-master.o)
                                         0x98 (size before relaxing)
 .eh_frame      0x0000000000031960       0xa4 build/cooja/mtype696.a(coap-timer-defa)
                                         0xbc (size before relaxing)
 .eh_frame      0x0000000000031a04       0xc4 build/cooja/mtype696.a(stimer.o)
                                         0xdc (size before relaxing)
 .eh_frame      0x0000000000031ac8       0xa0 build/cooja/mtype696.a(ringbuf.o)
                                         0xb8 (size before relaxing)
 .eh_frame      0x0000000000031b68       0x20 build/cooja/mtype696.a(assert.o)
                                         0x38 (size before relaxing)
 .eh_frame      0x0000000000031b88      0x2ac build/cooja/mtype696.a(nbr-table.o)
                                        0x2c4 (size before relaxing)
 .eh_frame      0x0000000000031e34      0x120 build/cooja/mtype696.a(link-stats.o)
                                        0x138 (size before relaxing)
 .eh_frame      0x0000000000031f54       0x48 build/cooja/mtype696.a(mac-sequence.o)
                                         0x60 (size before relaxing)
 .eh_frame      0x0000000000031f9c       0x20 build/cooja/mtype696.a(mac.o)
                                         0x38 (size before relaxing)
 .eh_frame      0x0000000000031fbc       0xa4 build/cooja/mtype696.a(framer-802154.o)
                                         0xbc (size before relaxing)
 .eh_frame      0x0000000000032060      0x1a4 build/cooja/mtype696.a(frame802154.o)
                                        0x1bc (size before relaxing)
 .eh_frame      0x0000000000032204       0x40 build/cooja/mtype696.a(csma-security.o)
                                         0x58 (size before relaxing)
 .eh_frame      0x0000000000032244      0x200 build/cooja/mtype696.a(uipbuf.o)
                                        0x218 (size before relaxing)
 .eh_frame      0x0000000000032444      0x150 build/cooja/mtype696.a(uip-icmp6.o)
                                        0x168 (size before relaxing)
 .eh_frame      0x0000000000032594      0x184 build/cooja/mtype696.a(uip-sr.o)
                                        0x19c (size before relaxing)
 .eh_frame      0x0000000000032718       0xe0 build/cooja/mtype696.a(uip-packetqueue)
                                         0xf8 (size before relaxing)
 .eh_frame      0x00000000000327f8       0x80 build/cooja/mtype696.a(rpl-nbr-policy.)
                                         0x98 (size before relaxing)
 .eh_frame      0x0000000000032878      0x2d4 build/cooja/mtype696.a(rpl-neighbor.o)
                                        0x2ec (size before relaxing)
 .eh_frame      0x0000000000032b4c      0x370 build/cooja/mtype696.a(rpl-dag.o)
                                        0x388 (size before relaxing)
 .eh_frame      0x0000000000032ebc      0x3a8 build/cooja/mtype696.a(rpl-timers.o)
                                        0x3c0 (size before relaxing)
 .eh_frame      0x0000000000033264      0x124 build/cooja/mtype696.a(rpl-ext-header.)
                                        0x13c (size before relaxing)
 .eh_frame      0x0000000000033388      0x148 build/cooja/mtype696.a(rpl-mrhof.o)
                                        0x160 (size before relaxing)
 .eh_frame      0x00000000000334d0       0x84 /usr/lib/gcc/i686-linux-gnu/5/libgcc.a(_udivdi3.o)
                                         0x9c (size before relaxing)
 .eh_frame      0x0000000000033554        0x4 /usr/lib/gcc/i686-linux-gnu/5/crtendS.o
 *(.eh_frame.*)

.gcc_except_table
 *(.gcc_except_table .gcc_except_table.*)

.gnu_extab
 *(.gnu_extab*)

.exception_ranges
 *(.exception_ranges .exception_ranges*)
                0x0000000000034f10                . = DATA_SEGMENT_ALIGN (0x1000, 0x1000)

.eh_frame
 *(.eh_frame)
 *(.eh_frame.*)

.gnu_extab
 *(.gnu_extab)

.gcc_except_table
 *(.gcc_except_table .gcc_except_table.*)

.exception_ranges
 *(.exception_ranges .exception_ranges*)

.tdata
 *(.tdata .tdata.* .gnu.linkonce.td.*)

.tbss
 *(.tbss .tbss.* .gnu.linkonce.tb.*)
 *(.tcommon)

.preinit_array
 *(.preinit_array)

.init_array     0x0000000000034f10        0x4
 *(SORT(.init_array.*) SORT(.ctors.*))
 *(.init_array EXCLUDE_FILE(*crtend?.o *crtend.o *crtbegin?.o *crtbegin.o) .ctors)
 .init_array    0x0000000000034f10        0x4 /usr/lib/gcc/i686-linux-gnu/5/crtbeginS.o

.fini_array     0x0000000000034f14        0x4
 *(SORT(.fini_array.*) SORT(.dtors.*))
 *(.fini_array EXCLUDE_FILE(*crtend?.o *crtend.o *crtbegin?.o *crtbegin.o) .dtors)
 .fini_array    0x0000000000034f14        0x4 /usr/lib/gcc/i686-linux-gnu/5/crtbeginS.o

.ctors
 *crtbegin.o(.ctors)
 *crtbegin?.o(.ctors)
 *(EXCLUDE_FILE(*crtend?.o *crtend.o) .ctors)
 *(SORT(.ctors.*))
 *(.ctors)

.dtors
 *crtbegin.o(.dtors)
 *crtbegin?.o(.dtors)
 *(EXCLUDE_FILE(*crtend?.o *crtend.o) .dtors)
 *(SORT(.dtors.*))
 *(.dtors)

.jcr            0x0000000000034f18        0x4
 *(.jcr)
 .jcr           0x0000000000034f18        0x0 /usr/lib/gcc/i686-linux-gnu/5/crtbeginS.o
 .jcr           0x0000000000034f18        0x4 /usr/lib/gcc/i686-linux-gnu/5/crtendS.o

.data.rel.ro
 *(.data.rel.ro.local* .gnu.linkonce.d.rel.ro.local.*)
 *(.data.rel.ro .data.rel.ro.* .gnu.linkonce.d.rel.ro.*)

.dynamic        0x0000000000034f1c       0xd0
 *(.dynamic)
 .dynamic       0x0000000000034f1c       0xd0 /usr/lib/gcc/i686-linux-gnu/5/../../../i386-linux-gnu/crti.o
                0x0000000000034f1c                _DYNAMIC

.got            0x0000000000034fec       0x14
 *(.got)
 .got           0x0000000000034fec       0x14 /usr/lib/gcc/i686-linux-gnu/5/../../../i386-linux-gnu/crti.o
 *(.igot)
                0x0000000000035ff4                . = DATA_SEGMENT_RELRO_END (., (SIZEOF (.got.plt) >= 0xc)?0xc:0x0)

.got.plt        0x0000000000035000        0xc
 *(.got.plt)
 .got.plt       0x0000000000035000        0xc /usr/lib/gcc/i686-linux-gnu/5/../../../i386-linux-gnu/crti.o
                0x0000000000035000                _GLOBAL_OFFSET_TABLE_
 *(.igot.plt)

.data           0x0000000000035020      0x464
 *(.data .data.* .gnu.linkonce.d.*)
 .data          0x0000000000035020        0x0 /usr/lib/gcc/i686-linux-gnu/5/../../../i386-linux-gnu/crti.o
 .data          0x0000000000035020        0x0 /usr/lib/gcc/i686-linux-gnu/5/crtbeginS.o
 .data.rel.local
                0x0000000000035020        0x4 /usr/lib/gcc/i686-linux-gnu/5/crtbeginS.o
                0x0000000000035020                __dso_handle
 .data          0x0000000000035024       0x30 window.o
                0x0000000000035024                udp_client
                0x0000000000035034                coap_client
                0x0000000000035044                coap_server
 *fill*         0x0000000000035054        0xc 
 .data          0x0000000000035060       0x44 build/cooja/mtype696.o
                0x0000000000035060                simInterfaces
                0x0000000000035094                sensors
 .data          0x00000000000350a4        0x0 build/cooja/mtype696.a(simEnvChange.o)
 .data          0x00000000000350a4        0x0 build/cooja/mtype696.a(cooja_mt.o)
 .data          0x00000000000350a4        0x0 build/cooja/mtype696.a(cooja_mtarch.o)
 .data          0x00000000000350a4        0x0 build/cooja/mtype696.a(rtimer-arch.o)
 .data          0x00000000000350a4        0x0 build/cooja/mtype696.a(beep.o)
 .data          0x00000000000350a4        0x0 build/cooja/mtype696.a(leds-arch.o)
 .data          0x00000000000350a4        0x0 build/cooja/mtype696.a(moteid.o)
 .data          0x00000000000350a4        0x0 build/cooja/mtype696.a(pir-sensor.o)
 .data          0x00000000000350a4        0x0 build/cooja/mtype696.a(rs232.o)
 .data          0x00000000000350a4        0x0 build/cooja/mtype696.a(vib-sensor.o)
 .data          0x00000000000350a4        0x0 build/cooja/mtype696.a(clock.o)
 .data          0x00000000000350a4        0x0 build/cooja/mtype696.a(cooja-log.o)
 .data          0x00000000000350a4        0x0 build/cooja/mtype696.a(cfs-cooja.o)
 .data          0x00000000000350a4       0x2c build/cooja/mtype696.a(cooja-radio.o)
                0x00000000000350a4                simRadioHWOn
                0x00000000000350a8                simSignalStrength
                0x00000000000350ac                simLastSignalStrength
                0x00000000000350b0                simPower
                0x00000000000350b4                simRadioChannel
                0x00000000000350b8                simLQI
                0x00000000000350c0                cooja_radio_process
 .data          0x00000000000350d0        0x0 build/cooja/mtype696.a(eeprom.o)
 .data          0x00000000000350d0        0x0 build/cooja/mtype696.a(random.o)
 .data          0x00000000000350d0       0x10 build/cooja/mtype696.a(sensors.o)
                0x00000000000350d0                sensors_process
 .data          0x00000000000350e0        0x0 build/cooja/mtype696.a(leds.o)
 .data          0x00000000000350e0        0x0 build/cooja/mtype696.a(gpio-hal-arch.o)
 .data          0x00000000000350e0       0x78 build/cooja/mtype696.a(buttons.o)
                0x00000000000350e0                simButtonIsActive
                0x0000000000035150                button_hal_buttons
 *fill*         0x0000000000035158        0x8 
 .data          0x0000000000035160       0x24 build/cooja/mtype696.a(res_window.o)
                0x0000000000035160                res_window
 .data          0x0000000000035184        0x0 build/cooja/mtype696.a(coap-blocking-a)
 .data          0x0000000000035184        0x8 build/cooja/mtype696.a(coap-engine.o)
 *fill*         0x000000000003518c       0x14 
 .data          0x00000000000351a0       0x24 build/cooja/mtype696.a(coap-res-well-k)
                0x00000000000351a0                res_well_known_core
 .data          0x00000000000351c4       0x10 build/cooja/mtype696.a(coap-observe.o)
 .data          0x00000000000351d4       0x10 build/cooja/mtype696.a(coap-uip.o)
                0x00000000000351d4                coap_engine
 .data          0x00000000000351e4        0x4 build/cooja/mtype696.a(coap-timer.o)
 .data          0x00000000000351e8       0x10 build/cooja/mtype696.a(coap-transactio)
 .data          0x00000000000351f8        0x4 build/cooja/mtype696.a(coap.o)
                0x00000000000351f8                coap_error_message
 .data          0x00000000000351fc        0x0 build/cooja/mtype696.a(contiki-main.o)
 .data          0x00000000000351fc        0x0 build/cooja/mtype696.a(autostart.o)
 .data          0x00000000000351fc       0x14 build/cooja/mtype696.a(ctimer.o)
                0x0000000000035200                ctimer_process
 *fill*         0x0000000000035210       0x10 
 .data          0x0000000000035220       0xbc build/cooja/mtype696.a(log.o)
                0x0000000000035220                curr_log_level_main
                0x0000000000035240                all_modules
 .data          0x00000000000352dc        0x0 build/cooja/mtype696.a(energest.o)
 .data          0x00000000000352dc       0x10 build/cooja/mtype696.a(etimer.o)
                0x00000000000352dc                etimer_process
 .data          0x00000000000352ec        0x0 build/cooja/mtype696.a(node-id.o)
 .data          0x00000000000352ec        0x0 build/cooja/mtype696.a(rtimer.o)
 .data          0x00000000000352ec        0x0 build/cooja/mtype696.a(process.o)
 .data          0x00000000000352ec        0x0 build/cooja/mtype696.a(timer.o)
 .data          0x00000000000352ec        0x0 build/cooja/mtype696.a(list.o)
 .data          0x00000000000352ec        0x0 build/cooja/mtype696.a(memb.o)
 .data          0x00000000000352ec       0x10 build/cooja/mtype696.a(button-hal.o)
                0x00000000000352ec                button_hal_process
 .data          0x00000000000352fc       0x10 build/cooja/mtype696.a(serial-line.o)
                0x00000000000352fc                serial_line_process
 .data          0x000000000003530c        0x4 build/cooja/mtype696.a(gpio-hal.o)
 .data          0x0000000000035310       0x18 build/cooja/mtype696.a(queuebuf.o)
 .data          0x0000000000035328        0x4 build/cooja/mtype696.a(packetbuf.o)
 .data          0x000000000003532c        0x4 build/cooja/mtype696.a(netstack.o)
 .data          0x0000000000035330        0x0 build/cooja/mtype696.a(linkaddr.o)
 .data          0x0000000000035330        0x0 build/cooja/mtype696.a(csma.o)
 .data          0x0000000000035330       0x28 build/cooja/mtype696.a(csma-output.o)
 .data          0x0000000000035358        0x0 build/cooja/mtype696.a(uip-ds6.o)
 .data          0x0000000000035358        0x0 build/cooja/mtype696.a(uip-udp-packet.)
 .data          0x0000000000035358       0x10 build/cooja/mtype696.a(uip-ds6-route.o)
 .data          0x0000000000035368       0x10 build/cooja/mtype696.a(tcpip.o)
                0x0000000000035368                tcpip_process
 .data          0x0000000000035378        0x0 build/cooja/mtype696.a(uip6.o)
 .data          0x0000000000035378       0x14 build/cooja/mtype696.a(uip-ds6-nbr.o)
 .data          0x000000000003538c        0xc build/cooja/mtype696.a(uip-nd6.o)
 .data          0x0000000000035398       0x10 build/cooja/mtype696.a(simple-udp.o)
                0x0000000000035398                simple_udp_process
 .data          0x00000000000353a8        0x0 build/cooja/mtype696.a(sicslowpan.o)
 .data          0x00000000000353a8        0x0 build/cooja/mtype696.a(uiplib.o)
 .data          0x00000000000353a8        0x0 build/cooja/mtype696.a(rpl.o)
 .data          0x00000000000353a8       0x30 build/cooja/mtype696.a(rpl-icmp6.o)
 .data          0x00000000000353d8        0x0 build/cooja/mtype696.a(rpl-dag-root.o)
 .data          0x00000000000353d8        0x0 build/cooja/mtype696.a(watchdog.o)
 .data          0x00000000000353d8        0x0 build/cooja/mtype696.a(int-master.o)
 .data          0x00000000000353d8       0x10 build/cooja/mtype696.a(coap-timer-defa)
                0x00000000000353d8                coap_timer_process
 .data          0x00000000000353e8        0x0 build/cooja/mtype696.a(stimer.o)
 .data          0x00000000000353e8        0x0 build/cooja/mtype696.a(ringbuf.o)
 .data          0x00000000000353e8        0x0 build/cooja/mtype696.a(assert.o)
 .data          0x00000000000353e8       0x10 build/cooja/mtype696.a(nbr-table.o)
 .data          0x00000000000353f8       0x14 build/cooja/mtype696.a(link-stats.o)
 .data          0x000000000003540c        0x0 build/cooja/mtype696.a(mac-sequence.o)
 .data          0x000000000003540c        0x0 build/cooja/mtype696.a(mac.o)
 .data          0x000000000003540c        0x0 build/cooja/mtype696.a(framer-802154.o)
 .data          0x000000000003540c        0x2 build/cooja/mtype696.a(frame802154.o)
 .data          0x000000000003540e        0x0 build/cooja/mtype696.a(csma-security.o)
 .data          0x000000000003540e        0x0 build/cooja/mtype696.a(uipbuf.o)
 *fill*         0x000000000003540e        0x2 
 .data          0x0000000000035410       0x20 build/cooja/mtype696.a(uip-icmp6.o)
 .data          0x0000000000035430       0x10 build/cooja/mtype696.a(uip-sr.o)
 .data          0x0000000000035440        0xc build/cooja/mtype696.a(uip-packetqueue)
 .data          0x000000000003544c        0x0 build/cooja/mtype696.a(rpl-nbr-policy.)
 .data          0x000000000003544c       0x14 build/cooja/mtype696.a(rpl-neighbor.o)
                0x000000000003545c                rpl_neighbors
 .data          0x0000000000035460        0x0 build/cooja/mtype696.a(rpl-dag.o)
 .data          0x0000000000035460        0x0 build/cooja/mtype696.a(rpl-timers.o)
 .data          0x0000000000035460        0x0 build/cooja/mtype696.a(rpl-ext-header.)
 .data          0x0000000000035460       0x24 build/cooja/mtype696.a(rpl-mrhof.o)
                0x0000000000035460                rpl_mrhof
 .data          0x0000000000035484        0x0 /usr/lib/gcc/i686-linux-gnu/5/libgcc.a(_udivdi3.o)
 .data          0x0000000000035484        0x0 /usr/lib/gcc/i686-linux-gnu/5/crtendS.o
 .data          0x0000000000035484        0x0 /usr/lib/gcc/i686-linux-gnu/5/../../../i386-linux-gnu/crtn.o

.tm_clone_table
                0x0000000000035484        0x0
 .tm_clone_table
                0x0000000000035484        0x0 /usr/lib/gcc/i686-linux-gnu/5/crtbeginS.o
 .tm_clone_table
                0x0000000000035484        0x0 /usr/lib/gcc/i686-linux-gnu/5/crtendS.o

.data1
 *(.data1)
                0x0000000000035484                _edata = .
                [!provide]                        PROVIDE (edata, .)
                0x0000000000035484                . = .
                0x0000000000035484                __bss_start = .

.bss            0x00000000000354a0    0x14524
 *(.dynbss)
 .dynbss        0x00000000000354a0        0x0 /usr/lib/gcc/i686-linux-gnu/5/../../../i386-linux-gnu/crti.o
 *(.bss .bss.* .gnu.linkonce.b.*)
 .bss           0x00000000000354a0        0x0 /usr/lib/gcc/i686-linux-gnu/5/../../../i386-linux-gnu/crti.o
 .bss           0x00000000000354a0        0x1 /usr/lib/gcc/i686-linux-gnu/5/crtbeginS.o
 *fill*         0x00000000000354a1       0x1f 
 .bss           0x00000000000354c0      0x18c window.o
                0x00000000000354c0                rpl_add
                0x00000000000354c1                registered
 *fill*         0x000000000003564c       0x14 
 .bss           0x0000000000035660     0x2030 build/cooja/mtype696.o
 .bss           0x0000000000037690        0x1 build/cooja/mtype696.a(simEnvChange.o)
                0x0000000000037690                simDontFallAsleep
 *fill*         0x0000000000037691        0x3 
 .bss           0x0000000000037694        0x4 build/cooja/mtype696.a(cooja_mt.o)
 .bss           0x0000000000037698        0x4 build/cooja/mtype696.a(cooja_mtarch.o)
 .bss           0x000000000003769c        0x0 build/cooja/mtype696.a(rtimer-arch.o)
 .bss           0x000000000003769c        0x0 build/cooja/mtype696.a(beep.o)
 .bss           0x000000000003769c        0x1 build/cooja/mtype696.a(leds-arch.o)
                0x000000000003769c                simLedsValue
 .bss           0x000000000003769d        0x0 build/cooja/mtype696.a(moteid.o)
 .bss           0x000000000003769d        0x1 build/cooja/mtype696.a(pir-sensor.o)
                0x000000000003769d                simPirValue
 *fill*         0x000000000003769e        0x2 
 .bss           0x00000000000376a0        0x4 build/cooja/mtype696.a(rs232.o)
 .bss           0x00000000000376a4        0x1 build/cooja/mtype696.a(vib-sensor.o)
                0x00000000000376a4                simVibValue
 .bss           0x00000000000376a5        0x0 build/cooja/mtype696.a(clock.o)
 *fill*         0x00000000000376a5       0x1b 
 .bss           0x00000000000376c0     0x2020 build/cooja/mtype696.a(cooja-log.o)
 .bss           0x00000000000396e0      0xfc0 build/cooja/mtype696.a(cfs-cooja.o)
                0x00000000000396e0                simCFSData
                0x000000000003a680                simCFSSize
                0x000000000003a684                simCFSChanged
                0x000000000003a688                simCFSRead
                0x000000000003a68c                simCFSWritten
 .bss           0x000000000003a6a0       0x24 build/cooja/mtype696.a(cooja-radio.o)
                0x000000000003a6a0                simReceiving
                0x000000000003a6a4                simInSize
                0x000000000003a6a8                simLastPacketTimestamp
                0x000000000003a6b0                simOutSize
 .bss           0x000000000003a6c4        0xc build/cooja/mtype696.a(eeprom.o)
                0x000000000003a6c4                simEEPROMChanged
                0x000000000003a6c8                simEEPROMRead
                0x000000000003a6cc                simEEPROMWritten
 .bss           0x000000000003a6d0        0x0 build/cooja/mtype696.a(random.o)
 .bss           0x000000000003a6d0        0xc build/cooja/mtype696.a(sensors.o)
 .bss           0x000000000003a6dc        0x0 build/cooja/mtype696.a(leds.o)
 .bss           0x000000000003a6dc       0x24 build/cooja/mtype696.a(gpio-hal-arch.o)
 .bss           0x000000000003a700        0x0 build/cooja/mtype696.a(buttons.o)
 .bss           0x000000000003a700        0x3 build/cooja/mtype696.a(res_window.o)
                0x000000000003a700                name_assigned
                0x000000000003a701                status_changed
                0x000000000003a702                window_open
 .bss           0x000000000003a703        0x0 build/cooja/mtype696.a(coap-blocking-a)
 *fill*         0x000000000003a703       0x1d 
 .bss           0x000000000003a720      0x190 build/cooja/mtype696.a(coap-engine.o)
 .bss           0x000000000003a8b0        0x0 build/cooja/mtype696.a(coap-res-well-k)
 *fill*         0x000000000003a8b0       0x10 
 .bss           0x000000000003a8c0      0x120 build/cooja/mtype696.a(coap-observe.o)
 .bss           0x000000000003a9e0       0x18 build/cooja/mtype696.a(coap-uip.o)
 .bss           0x000000000003a9f8        0x5 build/cooja/mtype696.a(coap-timer.o)
 *fill*         0x000000000003a9fd        0x3 
 .bss           0x000000000003aa00      0x334 build/cooja/mtype696.a(coap-transactio)
 .bss           0x000000000003ad34        0x6 build/cooja/mtype696.a(coap.o)
                0x000000000003ad34                coap_status_code
 .bss           0x000000000003ad3a        0x0 build/cooja/mtype696.a(contiki-main.o)
 .bss           0x000000000003ad3a        0x0 build/cooja/mtype696.a(autostart.o)
 *fill*         0x000000000003ad3a        0x2 
 .bss           0x000000000003ad3c        0x5 build/cooja/mtype696.a(ctimer.o)
 *fill*         0x000000000003ad41        0x3 
 .bss           0x000000000003ad44       0x2c build/cooja/mtype696.a(log.o)
                0x000000000003ad44                curr_log_level_rpl
                0x000000000003ad48                curr_log_level_tcpip
                0x000000000003ad4c                curr_log_level_ipv6
                0x000000000003ad50                curr_log_level_6lowpan
                0x000000000003ad54                curr_log_level_nullnet
                0x000000000003ad58                curr_log_level_mac
                0x000000000003ad5c                curr_log_level_framer
                0x000000000003ad60                curr_log_level_6top
                0x000000000003ad64                curr_log_level_coap
                0x000000000003ad68                curr_log_level_snmp
                0x000000000003ad6c                curr_log_level_lwm2m
 .bss           0x000000000003ad70        0x0 build/cooja/mtype696.a(energest.o)
 .bss           0x000000000003ad70        0x8 build/cooja/mtype696.a(etimer.o)
 .bss           0x000000000003ad78        0x2 build/cooja/mtype696.a(node-id.o)
                0x000000000003ad78                node_id
 *fill*         0x000000000003ad7a        0x2 
 .bss           0x000000000003ad7c        0x4 build/cooja/mtype696.a(rtimer.o)
 .bss           0x000000000003ad80      0x1a1 build/cooja/mtype696.a(process.o)
                0x000000000003ad80                process_list
                0x000000000003ad84                process_current
 .bss           0x000000000003af21        0x0 build/cooja/mtype696.a(timer.o)
 .bss           0x000000000003af21        0x0 build/cooja/mtype696.a(list.o)
 .bss           0x000000000003af21        0x0 build/cooja/mtype696.a(memb.o)
 *fill*         0x000000000003af21        0x3 
 .bss           0x000000000003af24       0x10 build/cooja/mtype696.a(button-hal.o)
 *fill*         0x000000000003af34        0xc 
 .bss           0x000000000003af40      0x140 build/cooja/mtype696.a(serial-line.o)
 .bss           0x000000000003b080        0x4 build/cooja/mtype696.a(gpio-hal.o)
 *fill*         0x000000000003b084       0x1c 
 .bss           0x000000000003b0a0     0x2c80 build/cooja/mtype696.a(queuebuf.o)
 .bss           0x000000000003dd20       0xa0 build/cooja/mtype696.a(packetbuf.o)
 .bss           0x000000000003ddc0        0x4 build/cooja/mtype696.a(netstack.o)
 .bss           0x000000000003ddc4        0x0 build/cooja/mtype696.a(linkaddr.o)
 .bss           0x000000000003ddc4        0x0 build/cooja/mtype696.a(csma.o)
 *fill*         0x000000000003ddc4       0x1c 
 .bss           0x000000000003dde0      0x726 build/cooja/mtype696.a(csma-output.o)
 *fill*         0x000000000003e506        0x2 
 .bss           0x000000000003e508       0x30 build/cooja/mtype696.a(uip-ds6.o)
 .bss           0x000000000003e538        0x0 build/cooja/mtype696.a(uip-udp-packet.)
 *fill*         0x000000000003e538        0x8 
 .bss           0x000000000003e540       0x60 build/cooja/mtype696.a(uip-ds6-route.o)
 .bss           0x000000000003e5a0       0x10 build/cooja/mtype696.a(tcpip.o)