Archive member included to satisfy reference by file (symbol)

build/cooja/mtype608.a(simEnvChange.o)
                              build/cooja/mtype608.o (simDontFallAsleep)
build/cooja/mtype608.a(cooja_mt.o)
                              build/cooja/mtype608.o (cooja_mt_start)
build/cooja/mtype608.a(cooja_mtarch.o)
                              build/cooja/mtype608.a(cooja_mt.o) (cooja_mtarch_start)
build/cooja/mtype608.a(rtimer-arch.o)
                              build/cooja/mtype608.o (rtimer_arch_check)
build/cooja/mtype608.a(beep.o)
                              build/cooja/mtype608.o (beep_interface)
build/cooja/mtype608.a(leds-arch.o)
                              build/cooja/mtype608.o (leds_interface)
build/cooja/mtype608.a(moteid.o)
                              build/cooja/mtype608.o (moteid_interface)
build/cooja/mtype608.a(pir-sensor.o)
                              build/cooja/mtype608.o (pir_interface)
build/cooja/mtype608.a(rs232.o)
                              build/cooja/mtype608.o (rs232_interface)
build/cooja/mtype608.a(vib-sensor.o)
                              build/cooja/mtype608.o (vib_interface)
build/cooja/mtype608.a(clock.o)
                              build/cooja/mtype608.o (clock_interface)
build/cooja/mtype608.a(cooja-log.o)
                              build/cooja/mtype608.o (simlog_interface)
build/cooja/mtype608.a(cfs-cooja.o)
                              build/cooja/mtype608.o (cfs_interface)
build/cooja/mtype608.a(cooja-radio.o)
                              build/cooja/mtype608.o (radio_interface)
build/cooja/mtype608.a(eeprom.o)
                              build/cooja/mtype608.o (eeprom_interface)
build/cooja/mtype608.a(random.o)
                              build/cooja/mtype608.a(moteid.o) (random_init)
build/cooja/mtype608.a(sensors.o)
                              build/cooja/mtype608.a(pir-sensor.o) (sensors_changed)
build/cooja/mtype608.a(leds.o)
                              build/cooja/mtype608.a(leds-arch.o) (leds_get)
build/cooja/mtype608.a(gpio-hal-arch.o)
                              build/cooja/mtype608.a(leds-arch.o) (gpio_hal_arch_register_pin_callback)
build/cooja/mtype608.a(buttons.o)
                              build/cooja/mtype608.o (button_interface)
build/cooja/mtype608.a(res-power.o)
                              client.o (res_power)
build/cooja/mtype608.a(res-temperature)
                              client.o (res_temperature)
build/cooja/mtype608.a(coap-blocking-a)
                              client.o (coap_blocking_request)
build/cooja/mtype608.a(coap-engine.o)
                              client.o (coap_activate_resource)
build/cooja/mtype608.a(coap-res-well-k)
                              build/cooja/mtype608.a(coap-engine.o) (res_well_known_core)
build/cooja/mtype608.a(coap-observe.o)
                              build/cooja/mtype608.a(coap-engine.o) (coap_remove_observer_by_mid)
build/cooja/mtype608.a(coap-uip.o)
                              build/cooja/mtype608.a(coap-observe.o) (coap_endpoint_copy)
build/cooja/mtype608.a(coap-timer.o)
                              build/cooja/mtype608.a(coap-engine.o) (coap_timer_set)
build/cooja/mtype608.a(coap-transactio)
                              build/cooja/mtype608.a(coap-blocking-a) (coap_send_transaction)
build/cooja/mtype608.a(coap.o)
                              build/cooja/mtype608.a(coap-engine.o) (coap_status_code)
build/cooja/mtype608.a(contiki-main.o)
                              build/cooja/mtype608.o (main)
build/cooja/mtype608.a(autostart.o)
                              build/cooja/mtype608.a(contiki-main.o) (autostart_start)
build/cooja/mtype608.a(ctimer.o)
                              build/cooja/mtype608.a(contiki-main.o) (ctimer_init)
build/cooja/mtype608.a(log.o)
                              build/cooja/mtype608.a(contiki-main.o) (curr_log_level_main)
build/cooja/mtype608.a(energest.o)
                              build/cooja/mtype608.a(contiki-main.o) (energest_init)
build/cooja/mtype608.a(etimer.o)
                              build/cooja/mtype608.a(contiki-main.o) (etimer_process)
build/cooja/mtype608.a(node-id.o)
                              client.o (node_id)
build/cooja/mtype608.a(rtimer.o)
                              build/cooja/mtype608.a(contiki-main.o) (rtimer_init)
build/cooja/mtype608.a(process.o)
                              build/cooja/mtype608.a(coap-blocking-a) (process_current)
build/cooja/mtype608.a(timer.o)
                              build/cooja/mtype608.a(etimer.o) (timer_set)
build/cooja/mtype608.a(list.o)
                              build/cooja/mtype608.a(coap-engine.o) (list_init)
build/cooja/mtype608.a(memb.o)
                              build/cooja/mtype608.a(coap-observe.o) (memb_alloc)
build/cooja/mtype608.a(button-hal.o)
                              build/cooja/mtype608.o (button_hal_init)
build/cooja/mtype608.a(serial-line.o)
                              build/cooja/mtype608.a(rs232.o) (serial_line_input_byte)
[...]
Memory Configuration

Name             Origin             Length             Attributes
*default*        0x0000000000000000 0xffffffffffffffff

Linker script and memory map

LOAD /usr/lib/gcc/i686-linux-gnu/5/../../../i386-linux-gnu/crti.o
LOAD /usr/lib/gcc/i686-linux-gnu/5/crtbeginS.o
LOAD client.o
LOAD build/cooja/mtype608.o
LOAD build/cooja/mtype608.a
LOAD /usr/lib/gcc/i686-linux-gnu/5/libgcc.a
LOAD /usr/lib/gcc/i686-linux-gnu/5/libgcc_s.so
LOAD /usr/lib/gcc/i686-linux-gnu/5/../../../i386-linux-gnu/libc.so
START GROUP
LOAD /lib/i386-linux-gnu/libc.so.6
LOAD /usr/lib/i386-linux-gnu/libc_nonshared.a
LOAD /lib/i386-linux-gnu/ld-linux.so.2
END GROUP
LOAD /usr/lib/gcc/i686-linux-gnu/5/libgcc.a
LOAD /usr/lib/gcc/i686-linux-gnu/5/libgcc_s.so
LOAD /usr/lib/gcc/i686-linux-gnu/5/crtendS.o
LOAD /usr/lib/gcc/i686-linux-gnu/5/../../../i386-linux-gnu/crtn.o
                0x0000000000000114                . = (0x0 + SIZEOF_HEADERS)

.note.gnu.build-id
                0x0000000000000114       0x24
 *(.note.gnu.build-id)
 .note.gnu.build-id
                0x0000000000000114       0x24 /usr/lib/gcc/i686-linux-gnu/5/../../../i386-linux-gnu/crti.o

.hash
 *(.hash)

.gnu.hash       0x0000000000000138     0x15b4
 *(.gnu.hash)
 .gnu.hash      0x0000000000000138     0x15b4 /usr/lib/gcc/i686-linux-gnu/5/../../../i386-linux-gnu/crti.o

.dynsym         0x00000000000016ec     0x2f80
 *(.dynsym)
 .dynsym        0x00000000000016ec     0x2f80 /usr/lib/gcc/i686-linux-gnu/5/../../../i386-linux-gnu/crti.o

.dynstr         0x000000000000466c     0x3726
 *(.dynstr)
 .dynstr        0x000000000000466c     0x3726 /usr/lib/gcc/i686-linux-gnu/5/../../../i386-linux-gnu/crti.o

.gnu.version    0x0000000000007d92      0x5f0
 *(.gnu.version)
 .gnu.version   0x0000000000007d92      0x5f0 /usr/lib/gcc/i686-linux-gnu/5/../../../i386-linux-gnu/crti.o

.gnu.version_d  0x0000000000008384        0x0
 *(.gnu.version_d)
 .gnu.version_d
                0x0000000000008384        0x0 /usr/lib/gcc/i686-linux-gnu/5/../../../i386-linux-gnu/crti.o

.gnu.version_r  0x0000000000008384       0x40
 *(.gnu.version_r)
 .gnu.version_r
                0x0000000000008384       0x40 /usr/lib/gcc/i686-linux-gnu/5/../../../i386-linux-gnu/crti.o

.rel.dyn        0x00000000000083c4     0x9518
 *(.rel.init)
 .rel.init      0x00000000000083c4        0x0 /usr/lib/gcc/i686-linux-gnu/5/../../../i386-linux-gnu/crti.o
 *(.rel.text .rel.text.* .rel.gnu.linkonce.t.*)
 .rel.text      0x00000000000083c4     0x8af8 /usr/lib/gcc/i686-linux-gnu/5/../../../i386-linux-gnu/crti.o
 *(.rel.fini)
 .rel.fini      0x0000000000010ebc        0x0 /usr/lib/gcc/i686-linux-gnu/5/../../../i386-linux-gnu/crti.o
 *(.rel.rodata .rel.rodata.* .rel.gnu.linkonce.r.*)
 .rel.rodata    0x0000000000010ebc      0x598 /usr/lib/gcc/i686-linux-gnu/5/../../../i386-linux-gnu/crti.o
 *(.rel.data.rel.ro .rel.data.rel.ro.* .rel.gnu.linkonce.d.rel.ro.*)
 *(.rel.data .rel.data.* .rel.gnu.linkonce.d.*)
 .rel.data.rel.local
                0x0000000000011454        0x8 /usr/lib/gcc/i686-linux-gnu/5/../../../i386-linux-gnu/crti.o
 .rel.data      0x000000000001145c      0x448 /usr/lib/gcc/i686-linux-gnu/5/../../../i386-linux-gnu/crti.o
 *(.rel.tdata .rel.tdata.* .rel.gnu.linkonce.td.*)
 *(.rel.tbss .rel.tbss.* .rel.gnu.linkonce.tb.*)
 *(.rel.ctors)
 *(.rel.dtors)
 *(.rel.got)
 .rel.got       0x00000000000118a4       0x28 /usr/lib/gcc/i686-linux-gnu/5/../../../i386-linux-gnu/crti.o
 *(.rel.bss .rel.bss.* .rel.gnu.linkonce.b.*)
 *(.rel.ifunc)
 .rel.ifunc     0x00000000000118cc        0x0 /usr/lib/gcc/i686-linux-gnu/5/../../../i386-linux-gnu/crti.o
 .rel.fini_array
                0x00000000000118cc        0x8 /usr/lib/gcc/i686-linux-gnu/5/../../../i386-linux-gnu/crti.o
 .rel.init_array
                0x00000000000118d4        0x8 /usr/lib/gcc/i686-linux-gnu/5/../../../i386-linux-gnu/crti.o

.rel.plt        0x00000000000118dc        0x0
 *(.rel.plt)
 .rel.plt       0x00000000000118dc        0x0 /usr/lib/gcc/i686-linux-gnu/5/../../../i386-linux-gnu/crti.o
 *(.rel.iplt)

.init           0x00000000000118dc       0x23
 *(SORT(.init))
 .init          0x00000000000118dc       0x1e /usr/lib/gcc/i686-linux-gnu/5/../../../i386-linux-gnu/crti.o
                0x00000000000118dc                _init
 .init          0x00000000000118fa        0x5 /usr/lib/gcc/i686-linux-gnu/5/../../../i386-linux-gnu/crtn.o

.plt            0x0000000000011900       0x10
 *(.plt)
 .plt           0x0000000000011900       0x10 /usr/lib/gcc/i686-linux-gnu/5/../../../i386-linux-gnu/crti.o
 *(.iplt)

.plt.got        0x0000000000011910       0x10
 *(.plt.got)
 .plt.got       0x0000000000011910       0x10 /usr/lib/gcc/i686-linux-gnu/5/../../../i386-linux-gnu/crti.o

.text           0x0000000000011920    0x191c2
 *(.text.unlikely .text.*_unlikely .text.unlikely.*)
 .text.unlikely
                0x0000000000011920        0x0 /usr/lib/gcc/i686-linux-gnu/5/crtbeginS.o
 .text.unlikely
                0x0000000000011920        0x0 /usr/lib/gcc/i686-linux-gnu/5/libgcc.a(_udivdi3.o)
 *(.text.exit .text.exit.*)
 *(.text.startup .text.startup.*)
 *(.text.hot .text.hot.*)
 *(.text .stub .text.* .gnu.linkonce.t.*)
 .text          0x0000000000011920        0x0 /usr/lib/gcc/i686-linux-gnu/5/../../../i386-linux-gnu/crti.o
 .gnu.linkonce.t.__x86.get_pc_thunk.bx
                0x0000000000011920        0x4 /usr/lib/gcc/i686-linux-gnu/5/../../../i386-linux-gnu/crti.o
                0x0000000000011920                __x86.get_pc_thunk.bx
 *fill*         0x0000000000011924        0xc 
 .text          0x0000000000011930      0x11c /usr/lib/gcc/i686-linux-gnu/5/crtbeginS.o
 .text.__x86.get_pc_thunk.dx
                0x0000000000011a4c        0x4 /usr/lib/gcc/i686-linux-gnu/5/crtbeginS.o
                0x0000000000011a4c                __x86.get_pc_thunk.dx
 .text          0x0000000000011a50      0x55f client.o
                0x0000000000011ab9                client_chunk_handler
 .text          0x0000000000011faf      0x283 build/cooja/mtype608.o
                0x0000000000012041                platform_init_stage_one
                0x0000000000012054                platform_init_stage_two
                0x0000000000012067                platform_init_stage_three
                0x000000000001207a                platform_main_loop
                0x00000000000120ed                Java_org_contikios_cooja_corecomm_Lib2_init
                0x0000000000012124                Java_org_contikios_cooja_corecomm_Lib2_getMemory
                0x0000000000012157                Java_org_contikios_cooja_corecomm_Lib2_setMemory
                0x00000000000121b7                Java_org_contikios_cooja_corecomm_Lib2_tick
                0x000000000001221f                Java_org_contikios_cooja_corecomm_Lib2_setReferenceAddress
 .text          0x0000000000012232       0x65 build/cooja/mtype608.a(simEnvChange.o)
                0x0000000000012232                doActionsBeforeTick
                0x0000000000012264                doActionsAfterTick
 .text          0x0000000000012297       0x83 build/cooja/mtype608.a(cooja_mt.o)
                0x0000000000012297                cooja_mt_start
                0x00000000000122c1                cooja_mt_exec
                0x00000000000122f7                cooja_mt_yield
 .text          0x000000000001231a       0xbe build/cooja/mtype608.a(cooja_mtarch.o)
                0x000000000001231a                cooja_mtarch_start
                0x000000000001238d                cooja_sw
                0x00000000000123b0                cooja_mtarch_exec
                0x00000000000123cd                cooja_mtarch_yield
 .text          0x00000000000123d8       0xc5 build/cooja/mtype608.a(rtimer-arch.o)
                0x00000000000123d8                rtimer_arch_init
                0x00000000000123fc                rtimer_arch_schedule
                0x000000000001242c                rtimer_arch_next
                0x000000000001243c                rtimer_arch_pending
                0x0000000000012446                rtimer_arch_check
                0x000000000001248d                rtimer_arch_now
 .text          0x000000000001249d       0x81 build/cooja/mtype608.a(beep.o)
                0x000000000001249d                beep_alarm
                0x00000000000124aa                beep_beep
                0x00000000000124b7                beep
                0x00000000000124c4                beep_down
                0x00000000000124d1                beep_on
                0x00000000000124de                beep_off
                0x00000000000124eb                beep_spinup
                0x00000000000124f8                beep_quick
                0x0000000000012505                beep_long
 .text          0x000000000001251e       0x65 build/cooja/mtype608.a(leds-arch.o)
                0x0000000000012531                leds_arch_init
 .text          0x0000000000012583       0x35 build/cooja/mtype608.a(moteid.o)
 .text          0x00000000000125b8       0xb7 build/cooja/mtype608.a(pir-sensor.o)
 .text          0x000000000001266f      0x148 build/cooja/mtype608.a(rs232.o)
                0x000000000001266f                rs232_init
                0x0000000000012675                rs232_set_speed
                0x0000000000012684                rs232_set_input
                0x0000000000012692                rs232_send
                0x00000000000126b6                rs232_print
                0x00000000000126d2                slip_arch_writeb
 .text          0x00000000000127b7       0xb7 build/cooja/mtype608.a(vib-sensor.o)
 .text          0x000000000001286e       0x38 build/cooja/mtype608.a(clock.o)
                0x000000000001286e                clock_init
                0x0000000000012874                clock_time
                0x000000000001287e                clock_seconds
                0x0000000000012894                clock_delay
 .text          0x00000000000128a6      0x219 build/cooja/mtype608.a(cooja-log.o)
                0x00000000000128a6                simlog_char
                0x00000000000128e9                simlog
                0x000000000001295f                log_message
                0x0000000000012990                log_set_putchar_with_slip
                0x000000000001299e                log_putchar
                0x0000000000012a19                log_puts
                0x0000000000012a41                log_printf
 .text          0x0000000000012abf      0x2b9 build/cooja/mtype608.a(cfs-cooja.o)
                0x0000000000012abf                cfs_open
                0x0000000000012b28                cfs_close
                0x0000000000012b35                cfs_read
                0x0000000000012bca                cfs_write
                0x0000000000012ca6                cfs_seek
                0x0000000000012d2e                cfs_remove
                0x0000000000012d52                cfs_opendir
                0x0000000000012d5c                cfs_readdir
                0x0000000000012d66                cfs_closedir
 .text          0x0000000000012d78      0x620 build/cooja/mtype608.a(cooja-radio.o)
                0x0000000000012dba                radio_set_channel
                0x0000000000012dc8                radio_set_txpower
                0x0000000000012de0                radio_signal_strength_last
                0x0000000000012dea                radio_signal_strength_current
                0x0000000000012df4                radio_LQI
 .text          0x0000000000013398       0xee build/cooja/mtype608.a(eeprom.o)
                0x0000000000013398                eeprom_init
                0x000000000001339e                eeprom_read
                0x000000000001340c                eeprom_write
 .text          0x0000000000013486       0x2d build/cooja/mtype608.a(random.o)
                0x0000000000013486                random_init
                0x00000000000134a6                random_rand
 .text          0x00000000000134b3      0x29c build/cooja/mtype608.a(sensors.o)
                0x00000000000134ee                sensors_first
                0x00000000000134f8                sensors_next
                0x0000000000013512                sensors_changed
                0x0000000000013546                sensors_find
 .text          0x000000000001374f      0x349 build/cooja/mtype608.a(leds.o)
                0x000000000001374f                leds_init
                0x0000000000013796                leds_single_on
                0x00000000000137f5                leds_single_off
                0x0000000000013854                leds_single_toggle
                0x0000000000013886                leds_on
                0x0000000000013908                leds_off
                0x000000000001398a                leds_toggle
                0x00000000000139df                leds_set
                0x0000000000013a0b                leds_get
 .text          0x0000000000013a98      0x343 build/cooja/mtype608.a(gpio-hal-arch.o)
                0x0000000000013a98                gpio_hal_arch_register_pin_callback
                0x0000000000013b04                gpio_hal_arch_init
                0x0000000000013b49                gpio_hal_arch_no_port_interrupt_enable
                0x0000000000013b79                gpio_hal_arch_no_port_interrupt_disable
                0x0000000000013ba9                gpio_hal_arch_no_port_pin_cfg_set
                0x0000000000013bce                gpio_hal_arch_no_port_pin_cfg_get
                0x0000000000013bf4                gpio_hal_arch_no_port_pin_set_input
                0x0000000000013c06                gpio_hal_arch_no_port_pin_set_output
                0x0000000000013c18                gpio_hal_arch_no_port_set_pin
                0x0000000000013c39                gpio_hal_arch_no_port_clear_pin
                0x0000000000013c5a                gpio_hal_arch_no_port_read_pin
                0x0000000000013c80                gpio_hal_arch_no_port_write_pin
                0x0000000000013caa                gpio_hal_arch_no_port_set_pins
                0x0000000000013cf1                gpio_hal_arch_no_port_clear_pins
                0x0000000000013d38                gpio_hal_arch_no_port_read_pins
                0x0000000000013d7b                gpio_hal_arch_no_port_write_pins
 .text          0x0000000000013ddb       0x89 build/cooja/mtype608.a(buttons.o)
 .text          0x0000000000013e64      0x3fe build/cooja/mtype608.a(res-power.o)
 .text          0x0000000000014262      0x3fe build/cooja/mtype608.a(res-temperature)
 .text          0x0000000000014660      0x27b build/cooja/mtype608.a(coap-blocking-a)
                0x0000000000014660                coap_blocking_request_callback
                0x000000000001468a                coap_blocking_request
 .text          0x00000000000148db      0xbea build/cooja/mtype608.a(coap-engine.o)
                0x0000000000014970                coap_add_handler
                0x000000000001498d                coap_remove_handler
                0x00000000000149aa                coap_call_handlers
                0x0000000000014ab2                coap_receive
                0x00000000000150ad                coap_engine_init
                0x000000000001510b                coap_activate_resource
                0x00000000000151b6                coap_get_first_resource
                0x00000000000151cf                coap_get_next_resource
 .text          0x00000000000154c5      0x2d9 build/cooja/mtype608.a(coap-res-well-k)
 .text          0x000000000001579e      0x96a build/cooja/mtype608.a(coap-observe.o)
                0x00000000000158b3                coap_remove_observer
                0x00000000000158e3                coap_remove_observer_by_client
                0x000000000001594b                coap_remove_observer_by_token
                0x00000000000159de                coap_remove_observer_by_uri
                0x0000000000015a85                coap_remove_observer_by_mid
                0x0000000000015b01                coap_notify_observers
                0x0000000000015b1a                coap_notify_observers_sub
                0x0000000000015f84                coap_observe_handler
                0x000000000001609f                coap_has_observers
 .text          0x0000000000016108      0x733 build/cooja/mtype608.a(coap-uip.o)
                0x0000000000016108                coap_endpoint_log
                0x000000000001618e                coap_endpoint_print
                0x0000000000016214                coap_endpoint_snprint
                0x0000000000016347                coap_endpoint_copy
                0x0000000000016384                coap_endpoint_cmp
                0x0000000000016492                coap_endpoint_parse
                0x000000000001667d                coap_endpoint_is_secure
                0x000000000001668c                coap_endpoint_is_connected
                0x00000000000166c0                coap_endpoint_connect
                0x00000000000166dc                coap_endpoint_disconnect
                0x00000000000166e2                coap_databuf
                0x00000000000166ec                coap_transport_init
                0x000000000001673c                coap_sendto
 .text          0x000000000001683b      0x324 build/cooja/mtype608.a(coap-timer.o)
                0x0000000000016938                coap_timer_stop
                0x0000000000016963                coap_timer_set
                0x00000000000169a6                coap_timer_reset
                0x00000000000169e9                coap_timer_time_to_next_expiration
                0x0000000000016a55                coap_timer_run
                0x0000000000016b21                coap_timer_init
 .text          0x0000000000016b5f      0x2c6 build/cooja/mtype608.a(coap-transactio)
                0x0000000000016bc5                coap_new_transaction
                0x0000000000016c2b                coap_send_transaction
                0x0000000000016d8c                coap_clear_transaction
                0x0000000000016dd4                coap_get_transaction_by_mid
 .text          0x0000000000016e25     0x1c53 build/cooja/mtype608.a(coap.o)
                0x0000000000017392                coap_init_connection
                0x00000000000173a6                coap_get_mid
                0x00000000000173c2                coap_init_message
                0x000000000001740b                coap_serialize_message
                0x0000000000017a8d                coap_parse_message
                0x00000000000180f4                coap_get_query_variable
                0x0000000000018136                coap_get_post_variable
                0x000000000001817a                coap_set_status_code
                0x000000000001819f                coap_set_token
                0x00000000000181e6                coap_get_header_content_format
                0x0000000000018217                coap_set_header_content_format
                0x000000000001823a                coap_get_header_accept
                0x000000000001826b                coap_set_header_accept
                0x000000000001828e                coap_get_header_max_age
                0x00000000000182bf                coap_set_header_max_age
                0x00000000000182df                coap_get_header_etag
                0x0000000000018311                coap_set_header_etag
                0x0000000000018368                coap_get_header_if_match
                0x000000000001839a                coap_set_header_if_match
                0x00000000000183f1                coap_get_header_if_none_match
                0x000000000001840b                coap_set_header_if_none_match
                0x0000000000018422                coap_get_header_proxy_uri
                0x0000000000018450                coap_set_header_proxy_uri
                0x000000000001848d                coap_get_header_uri_host
                0x00000000000184bb                coap_set_header_uri_host
                0x00000000000184f8                coap_get_header_uri_path
                0x0000000000018526                coap_set_header_uri_path
                0x0000000000018573                coap_get_header_uri_query
                0x00000000000185a7                coap_set_header_uri_query
                0x00000000000185fd                coap_get_header_location_path
                0x000000000001862b                coap_set_header_location_path
                0x00000000000186c4                coap_get_header_location_query
                0x00000000000186f2                coap_set_header_location_query
                0x000000000001873f                coap_get_header_observe
                0x000000000001876e                coap_set_header_observe
                0x000000000001878e                coap_get_header_block2
                0x00000000000187fa                coap_set_header_block2
                0x0000000000018871                coap_get_header_block1
                0x00000000000188e6                coap_set_header_block1
                0x0000000000018961                coap_get_header_size2
                0x0000000000018991                coap_set_header_size2
                0x00000000000189b4                coap_get_header_size1
                0x00000000000189e4                coap_set_header_size1
                0x0000000000018a07                coap_get_payload
                0x0000000000018a41                coap_set_payload
 .text          0x0000000000018a78      0x332 build/cooja/mtype608.a(contiki-main.o)
                0x0000000000018a78                main
 .text          0x0000000000018daa       0x92 build/cooja/mtype608.a(autostart.o)
                0x0000000000018daa                autostart_start
                0x0000000000018df4                autostart_exit
 .text          0x0000000000018e3c      0x355 build/cooja/mtype608.a(ctimer.o)
                0x0000000000018f64                ctimer_init
                0x0000000000018f97                ctimer_set
                0x0000000000018fbd                ctimer_set_with_process
                0x000000000001903a                ctimer_reset
                0x000000000001908e                ctimer_restart
                0x00000000000190e2                ctimer_stop
                0x0000000000019132                ctimer_expired
 .text          0x0000000000019191      0x394 build/cooja/mtype608.a(log.o)
                0x0000000000019191                log_6addr
                0x00000000000191e4                log_6addr_compact_snprint
                0x0000000000019282                log_6addr_compact
                0x00000000000192d5                log_lladdr
                0x0000000000019347                log_lladdr_compact
                0x00000000000193af                log_set_level
                0x000000000001946a                log_get_level
                0x00000000000194e3                log_level_to_str
 .text          0x0000000000019525       0x1b build/cooja/mtype608.a(energest.o)
                0x0000000000019525                energest_init
                0x000000000001952b                energest_flush
                0x0000000000019531                energest_get_total_time
 .text          0x0000000000019540      0x43f build/cooja/mtype608.a(etimer.o)
                0x0000000000019764                etimer_request_poll
                0x00000000000197ed                etimer_set
                0x0000000000019816                etimer_reset_with_new_interval
                0x0000000000019845                etimer_reset
                0x000000000001986b                etimer_restart
                0x0000000000019891                etimer_adjust
                0x00000000000198ae                etimer_expired
                0x00000000000198c1                etimer_expiration_time
                0x00000000000198d3                etimer_start_time
                0x00000000000198dd                etimer_pending
                0x00000000000198ef                etimer_next_expiration_time
                0x0000000000019909                etimer_stop
 .text          0x000000000001997f       0x25 build/cooja/mtype608.a(node-id.o)
                0x000000000001997f                node_id_init
 .text          0x00000000000199a4       0xeb build/cooja/mtype608.a(rtimer.o)
                0x00000000000199a4                rtimer_init
                0x00000000000199b2                rtimer_set
                0x0000000000019a2d                rtimer_run_next
 .text          0x0000000000019a8f      0x4fb build/cooja/mtype608.a(process.o)
                0x0000000000019a8f                process_alloc_event
                0x0000000000019aa4                process_start
                0x0000000000019c7e                process_exit
                0x0000000000019c9b                process_init
                0x0000000000019e30                process_run
                0x0000000000019e63                process_nevents
                0x0000000000019e7e                process_post
                0x0000000000019f11                process_post_synch
                0x0000000000019f46                process_poll
                0x0000000000019f76                process_is_running
 .text          0x0000000000019f8a       0xb1 build/cooja/mtype608.a(timer.o)
                0x0000000000019f8a                timer_set
                0x0000000000019fa8                timer_reset
                0x0000000000019fd5                timer_restart
                0x0000000000019fea                timer_expired
                0x000000000001a017                timer_remaining
 .text          0x000000000001a03b      0x28f build/cooja/mtype608.a(list.o)
                0x000000000001a03b                list_init
                0x000000000001a04a                list_head
                0x000000000001a054                list_copy
                0x000000000001a064                list_tail
                0x000000000001a09a                list_add
                0x000000000001a0e6                list_push
                0x000000000001a112                list_chop
                0x000000000001a17c                list_pop
                0x000000000001a1a4                list_remove
                0x000000000001a20c                list_length
                0x000000000001a23a                list_insert
                0x000000000001a27f                list_item_next
                0x000000000001a296                list_contains
 .text          0x000000000001a2ca      0x1b5 build/cooja/mtype608.a(memb.o)
                0x000000000001a2ca                memb_init
                0x000000000001a31f                memb_alloc
                0x000000000001a382                memb_free
                0x000000000001a3f9                memb_inmemb
                0x000000000001a438                memb_numfree
 .text          0x000000000001a47f      0x41c build/cooja/mtype608.a(button-hal.o)
                0x000000000001a5f8                button_hal_get_by_id
                0x000000000001a636                button_hal_get_by_index
                0x000000000001a662                button_hal_get_state
                0x000000000001a6b4                button_hal_init
 .text          0x000000000001a89b      0x1f3 build/cooja/mtype608.a(serial-line.o)
                0x000000000001a89b                serial_line_input_byte
                0x000000000001aa59                serial_line_init
 .text          0x000000000001aa8e      0x168 build/cooja/mtype608.a(gpio-hal.o)
                0x000000000001aa8e                gpio_hal_register_handler
                0x000000000001aaab                gpio_hal_event_handler
                0x000000000001ab07                gpio_hal_init
                0x000000000001ab26                gpio_hal_arch_port_toggle_pin
                0x000000000001ab62                gpio_hal_arch_port_toggle_pins
                0x000000000001ab90                gpio_hal_arch_no_port_toggle_pin
                0x000000000001abce                gpio_hal_arch_no_port_toggle_pins
 .text          0x000000000001abf6      0x2e7 build/cooja/mtype608.a(queuebuf.o)
                0x000000000001ac00                queuebuf_init
                0x000000000001ac29                queuebuf_numfree
                0x000000000001ac41                queuebuf_new_from_packetbuf
                0x000000000001ace0                queuebuf_update_attr_from_packetbuf
                0x000000000001ad15                queuebuf_update_from_packetbuf
                0x000000000001ad65                queuebuf_free
                0x000000000001adae                queuebuf_to_packetbuf
                0x000000000001ae1a                queuebuf_dataptr
                0x000000000001ae54                queuebuf_datalen
                0x000000000001ae77                queuebuf_addr
                0x000000000001aeac                queuebuf_attr
                0x000000000001aed7                queuebuf_debug_print
 .text          0x000000000001aedd      0x407 build/cooja/mtype608.a(packetbuf.o)
                0x000000000001aedd                packetbuf_clear
                0x000000000001af08                packetbuf_copyfrom
                0x000000000001af57                packetbuf_copyto
                0x000000000001afea                packetbuf_hdralloc
                0x000000000001b066                packetbuf_hdrreduce
                0x000000000001b0ac                packetbuf_set_datalen
                0x000000000001b0c6                packetbuf_dataptr
                0x000000000001b0e3                packetbuf_hdrptr
                0x000000000001b0ed                packetbuf_datalen
                0x000000000001b0f9                packetbuf_hdrlen
                0x000000000001b110                packetbuf_totlen
                0x000000000001b126                packetbuf_remaininglen
                0x000000000001b139                packetbuf_attr_clear
                0x000000000001b185                packetbuf_attr_copyto
                0x000000000001b1dd                packetbuf_attr_copyfrom
                0x000000000001b235                packetbuf_set_attr
                0x000000000001b25f                packetbuf_attr
                0x000000000001b279                packetbuf_set_addr
                0x000000000001b2aa                packetbuf_addr
                0x000000000001b2c7                packetbuf_holds_broadcast
 .text          0x000000000001b2e4       0xef build/cooja/mtype608.a(netstack.o)
                0x000000000001b2e4                netstack_process_ip_callback
                0x000000000001b375                netstack_ip_packet_processor_add
                0x000000000001b398                uip_ds6_ip_packet_processor_rm
                0x000000000001b3b5                netstack_init
 .text          0x000000000001b3d3       0x4f build/cooja/mtype608.a(linkaddr.o)
                0x000000000001b3d3                linkaddr_copy
                0x000000000001b3e9                linkaddr_cmp
                0x000000000001b40c                linkaddr_set_node_addr
 .text          0x000000000001b422      0x1f6 build/cooja/mtype608.a(csma.o)
 .text          0x000000000001b618      0x95d build/cooja/mtype608.a(csma-output.o)
                0x000000000001bcaf                csma_output_packet
                0x000000000001bf3c                csma_output_init
 .text          0x000000000001bf75      0xc11 build/cooja/mtype608.a(uip-ds6.o)
                0x000000000001bf75                uip_ds6_default_prefix
                0x000000000001bf7f                uip_ds6_set_default_prefix
                0x000000000001bfaa                uip_ds6_init
                0x000000000001c20c                uip_ds6_periodic
                0x000000000001c293                uip_ds6_list_loop
                0x000000000001c353                uip_ds6_prefix_add
                0x000000000001c3ff                uip_ds6_prefix_rm
                0x000000000001c412                uip_ds6_prefix_lookup
                0x000000000001c451                uip_ds6_is_addr_onlink
                0x000000000001c4c4                uip_ds6_addr_add
                0x000000000001c5e4                uip_ds6_addr_rm
                0x000000000001c68d                uip_ds6_addr_lookup
                0x000000000001c6c6                uip_ds6_get_link_local
                0x000000000001c747                uip_ds6_get_global
                0x000000000001c7c8                uip_ds6_maddr_add
                0x000000000001c828                uip_ds6_maddr_rm
                0x000000000001c83b                uip_ds6_maddr_lookup
                0x000000000001c874                uip_ds6_aaddr_add
                0x000000000001c8d4                uip_ds6_aaddr_rm
                0x000000000001c8e7                uip_ds6_aaddr_lookup
                0x000000000001c920                uip_ds6_select_src
                0x000000000001ca69                uip_ds6_set_addr_iid
                0x000000000001ca94                uip_ds6_set_lladdr_from_iid
                0x000000000001cabd                get_match_length
                0x000000000001cb4e                uip_ds6_compute_reachable_time
 .text          0x000000000001cb86      0x128 build/cooja/mtype608.a(uip-udp-packet.)
                0x000000000001cb86                uip_udp_packet_send
                0x000000000001cbe1                uip_udp_packet_sendto
 .text          0x000000000001ccae      0x35b build/cooja/mtype608.a(uip-ds6-route.o)
                0x000000000001ccff                uip_ds6_route_init
                0x000000000001cd29                uip_ds6_route_nexthop
                0x000000000001cd33                uip_ds6_route_head
                0x000000000001cd3d                uip_ds6_route_next
                0x000000000001cd47                uip_ds6_route_is_nexthop
                0x000000000001cd51                uip_ds6_route_num_routes
                0x000000000001cd5b                uip_ds6_route_lookup
                0x000000000001cd65                uip_ds6_route_add
                0x000000000001cd78                uip_ds6_route_rm
                0x000000000001cd7e                uip_ds6_route_rm_by_nexthop
                0x000000000001cd84                uip_ds6_defrt_head
                0x000000000001cd9d                uip_ds6_defrt_add
                0x000000000001ce4b                uip_ds6_defrt_rm
                0x000000000001ceb1                uip_ds6_defrt_lookup
                0x000000000001cf18                uip_ds6_defrt_choose
                0x000000000001cf8e                uip_ds6_defrt_periodic
 .text          0x000000000001d009      0x6f7 build/cooja/mtype608.a(tcpip.o)
                0x000000000001d023                tcpip_output
                0x000000000001d0a2                udp_attach
                0x000000000001d0ba                udp_new
                0x000000000001d104                udp_broadcast_new
                0x000000000001d276                tcpip_input
                0x000000000001d406                tcpip_ipv6_output
                0x000000000001d5fa                tcpip_poll_udp
                0x000000000001d618                tcpip_uipcall
 .text          0x000000000001d700     0x1205 build/cooja/mtype608.a(uip6.o)
                0x000000000001d7af                uip_chksum
                0x000000000001d886                uip_icmp6chksum
                0x000000000001d89b                uip_udpchksum
                0x000000000001d8b0                uip_init
                0x000000000001d8f9                uip_remove_ext_hdr
                0x000000000001d9d3                uip_udp_new
                0x000000000001dce7                uip_process
                0x000000000001e7df                uip_htons
                0x000000000001e801                uip_htonl
                0x000000000001e83f                uip_send
 .text          0x000000000001e905      0x369 build/cooja/mtype608.a(uip-ds6-nbr.o)
                0x000000000001e905                uip_ds6_neighbors_init
                0x000000000001e929                uip_ds6_nbr_add
                0x000000000001e9af                uip_ds6_nbr_rm
                0x000000000001e9fa                uip_ds6_nbr_update_ll
                0x000000000001eae8                uip_ds6_nbr_get_ipaddr
                0x000000000001eafd                uip_ds6_nbr_get_ll
                0x000000000001eb19                uip_ds6_nbr_num
                0x000000000001eb62                uip_ds6_nbr_head
                0x000000000001eb7b                uip_ds6_nbr_next
                0x000000000001eb97                uip_ds6_nbr_lookup
                0x000000000001ebef                uip_ds6_nbr_ll_lookup
                0x000000000001ec0b                uip_ds6_nbr_ipaddr_from_lladdr
                0x000000000001ec34                uip_ds6_nbr_lladdr_from_ipaddr
                0x000000000001ec68                uip_ds6_link_callback
 .text          0x000000000001ec6e      0x6a7 build/cooja/mtype608.a(uip-nd6.o)
                0x000000000001f2fc                uip_nd6_init
 .text          0x000000000001f315      0x3b0 build/cooja/mtype608.a(simple-udp.o)
                0x000000000001f342                simple_udp_send
                0x000000000001f3a5                simple_udp_sendto
                0x000000000001f400                simple_udp_sendto_port
                0x000000000001f459                simple_udp_register
 .text          0x000000000001f6c5     0x2c17 build/cooja/mtype608.a(sicslowpan.o)
                0x000000000001fccc                netstack_sniffer_add
                0x000000000001fcda                netstack_sniffer_remove
                0x00000000000222b0                sicslowpan_init
                0x00000000000222d2                sicslowpan_get_last_rssi
 .text          0x00000000000222dc      0x4d1 build/cooja/mtype608.a(uiplib.o)
                0x00000000000222dc                uiplib_ip6addrconv
                0x0000000000022494                uiplib_ip4addrconv
                0x0000000000022557                uiplib_ipaddr_print
                0x00000000000225aa                uiplib_ipaddr_snprint
 .text          0x00000000000227ad      0x4c9 build/cooja/mtype608.a(rpl.o)
                0x00000000000227ad                rpl_lollipop_greater_than
                0x0000000000022807                rpl_get_global_address
                0x00000000000228ff                rpl_link_callback
                0x0000000000022943                rpl_has_joined
                0x0000000000022968                rpl_is_reachable
                0x00000000000229e9                rpl_reset_prefix
                0x0000000000022a53                rpl_set_prefix_from_addr
                0x0000000000022b38                rpl_set_prefix
                0x0000000000022c52                rpl_set_leaf_only
                0x0000000000022c6a                rpl_get_leaf_only
 .text          0x0000000000022c76     0x138c build/cooja/mtype608.a(rpl-icmp6.o)
                0x0000000000022d9b                rpl_icmp6_update_nbr_table
                0x0000000000022e24                rpl_icmp6_dis_output
                0x000000000002346a                rpl_icmp6_dio_output
                0x0000000000023c68                rpl_icmp6_dao_output
                0x0000000000023f49                rpl_icmp6_dao_ack_output
                0x0000000000023fb9                rpl_icmp6_init
 .text          0x0000000000024002      0x264 build/cooja/mtype608.a(rpl-dag-root.o)
                0x0000000000024002                rpl_dag_root_print_links
                0x000000000002412e                rpl_dag_root_set_prefix
                0x000000000002415a                rpl_dag_root_start
                0x0000000000024237                rpl_dag_root_is_root
 .text          0x0000000000024266       0x30 build/cooja/mtype608.a(watchdog.o)
                0x0000000000024266                watchdog_init
                0x000000000002426c                watchdog_start
                0x0000000000024272                watchdog_periodic
                0x000000000002428a                watchdog_stop
                0x0000000000024290                watchdog_reboot
 .text          0x0000000000024296       0x4a build/cooja/mtype608.a(int-master.o)
                0x0000000000024296                int_master_enable
                0x00000000000242a6                int_master_read_and_disable
                0x00000000000242c3                int_master_status_set
                0x00000000000242d1                int_master_is_enabled
 .text          0x00000000000242e0      0x226 build/cooja/mtype608.a(coap-timer-defa)
 .text          0x0000000000024506       0xc7 build/cooja/mtype608.a(stimer.o)
                0x0000000000024506                stimer_set
                0x0000000000024524                stimer_reset
                0x0000000000024551                stimer_restart
                0x0000000000024566                stimer_expired
                0x0000000000024591                stimer_remaining
                0x00000000000245b5                stimer_elapsed
 .text          0x00000000000245cd      0x156 build/cooja/mtype608.a(ringbuf.o)
                0x00000000000245cd                ringbuf_init
                0x00000000000245ff                ringbuf_put
                0x000000000002467d                ringbuf_get
                0x00000000000246ea                ringbuf_size
                0x00000000000246fc                ringbuf_elements
 .text          0x0000000000024723       0x1f build/cooja/mtype608.a(assert.o)
                0x0000000000024723                _xassert
 .text          0x0000000000024742      0x79b build/cooja/mtype608.a(nbr-table.o)
                0x0000000000024bbb                nbr_table_register
                0x0000000000024c28                nbr_table_is_registered
                0x0000000000024c63                nbr_table_head
                0x0000000000024cbe                nbr_table_next
                0x0000000000024d1f                nbr_table_add_lladdr
                0x0000000000024df9                nbr_table_get_from_lladdr
                0x0000000000024e45                nbr_table_remove
                0x0000000000024e7d                nbr_table_lock
                0x0000000000024e97                nbr_table_unlock
                0x0000000000024eb1                nbr_table_get_lladdr
 .text          0x0000000000024edd      0x3a5 build/cooja/mtype608.a(link-stats.o)
                0x0000000000024edd                link_stats_from_lladdr
                0x0000000000024ef9                link_stats_get_lladdr
                0x0000000000024f15                link_stats_is_fresh
                0x0000000000024f51                guess_etx_from_rssi
                0x0000000000024fcd                link_stats_packet_sent
                0x00000000000250ed                link_stats_input_callback
                0x00000000000251fd                link_stats_reset
                0x000000000002524d                link_stats_init
 .text          0x0000000000025282      0x187 build/cooja/mtype608.a(mac-sequence.o)
                0x0000000000025282                mac_sequence_is_duplicate
                0x0000000000025322                mac_sequence_register_seqno
 .text          0x0000000000025409       0x23 build/cooja/mtype608.a(mac.o)
                0x0000000000025409                mac_call_sent_callback
 .text          0x000000000002542c      0x432 build/cooja/mtype608.a(framer-802154.o)
                0x00000000000255bb                framer_802154_setup_params
 .text          0x000000000002585e      0xb6f build/cooja/mtype608.a(frame802154.o)
                0x000000000002588f                frame802154_get_pan_id
                0x000000000002589b                frame802154_set_pan_id
                0x00000000000258b5                frame802154_has_panid
                0x0000000000025a64                frame802154_check_dest_panid
                0x0000000000025aec                frame802154_is_broadcast_addr
                0x0000000000025b39                frame802154_extract_linkaddr
                0x0000000000025d9e                frame802154_hdrlen
                0x0000000000025e11                frame802154_create_fcf
                0x0000000000025ec9                frame802154_create
                0x000000000002603e                frame802154_parse_fcf
                0x0000000000026120                frame802154_parse
 .text          0x00000000000263cd       0x2d build/cooja/mtype608.a(csma-security.o)
                0x00000000000263cd                csma_security_create_frame
                0x00000000000263eb                csma_security_parse_frame
 .text          0x00000000000263fa      0x4e4 build/cooja/mtype608.a(uipbuf.o)
                0x00000000000263fa                uipbuf_clear
                0x0000000000026421                uipbuf_add_ext_hdr
                0x00000000000264a1                uipbuf_set_len
                0x00000000000264ce                uipbuf_set_len_field
                0x00000000000264fa                uipbuf_get_len_field
                0x000000000002651a                uipbuf_get_next_header
                0x000000000002664c                uipbuf_get_last_header
                0x00000000000266c5                uipbuf_search_header
                0x000000000002677b                uipbuf_get_attr
                0x00000000000267a2                uipbuf_set_attr
                0x00000000000267d9                uipbuf_set_default_attr
                0x0000000000026810                uipbuf_clear_attr
                0x0000000000026834                uipbuf_set_attr_flag
                0x0000000000026855                uipbuf_clr_attr_flag
                0x000000000002687c                uipbuf_is_attr_flag
                0x00000000000268a0                uipbuf_init
 .text          0x00000000000268de      0x73f build/cooja/mtype608.a(uip-icmp6.o)
                0x0000000000026953                uip_icmp6_input
                0x00000000000269aa                uip_icmp6_register_input_handler
                0x0000000000026afd                uip_icmp6_error_output
                0x0000000000026dae                uip_icmp6_send
                0x0000000000026fa5                uip_icmp6_echo_reply_callback_add
                0x0000000000026fd7                uip_icmp6_echo_reply_callback_rm
                0x0000000000026ff4                uip_icmp6_init
 .text          0x000000000002701d      0x69b build/cooja/mtype608.a(uip-sr.o)
                0x000000000002701d                uip_sr_num_nodes
                0x00000000000270ab                uip_sr_get_node
                0x0000000000027102                uip_sr_is_addr_reachable
                0x00000000000271b0                uip_sr_expire_parent
                0x00000000000271f9                uip_sr_update_node
                0x0000000000027329                uip_sr_init
                0x000000000002735d                uip_sr_node_head
                0x0000000000027376                uip_sr_node_next
                0x000000000002738c                uip_sr_periodic
                0x0000000000027492                uip_sr_free_all
                0x0000000000027502                uip_sr_link_snprint
 .text          0x00000000000276b8      0x146 build/cooja/mtype608.a(uip-packetqueue)
                0x00000000000276e6                uip_packetqueue_new
                0x00000000000276f5                uip_packetqueue_alloc
                0x0000000000027750                uip_packetqueue_free
                0x0000000000027797                uip_packetqueue_buf
                0x00000000000277b4                uip_packetqueue_buflen
                0x00000000000277d5                uip_packetqueue_set_buflen
 .text          0x00000000000277fe      0x1b0 build/cooja/mtype608.a(rpl-nbr-policy.)
                0x000000000002796b                rpl_nbr_policy_find_removable
 .text          0x00000000000279ae      0x915 build/cooja/mtype608.a(rpl-neighbor.o)
                0x0000000000027a2a                rpl_neighbor_snprint
                0x0000000000027cdd                rpl_neighbor_print_list
                0x0000000000027d92                rpl_neighbor_count
                0x0000000000027e39                rpl_neighbor_get_from_lladdr
                0x0000000000027e55                rpl_neighbor_is_acceptable_parent
                0x0000000000027e89                rpl_neighbor_get_link_metric
                0x0000000000027ebd                rpl_neighbor_rank_via_nbr
                0x0000000000027ef1                rpl_neighbor_get_lladdr
                0x0000000000027f0d                rpl_neighbor_get_ipaddr
                0x0000000000027f34                rpl_neighbor_get_link_stats
                0x0000000000027f5b                rpl_neighbor_is_fresh
                0x0000000000027f82                rpl_neighbor_is_reachable
                0x0000000000027fcd                rpl_neighbor_is_parent
                0x0000000000027ff7                rpl_neighbor_set_preferred_parent
                0x000000000002808e                rpl_neighbor_remove_all
                0x00000000000280ea                rpl_neighbor_get_from_ipaddr
                0x00000000000281f8                rpl_neighbor_select_best
                0x00000000000282a4                rpl_neighbor_init
 .text          0x00000000000282c3      0xe69 build/cooja/mtype608.a(rpl-dag.o)
                0x00000000000282c3                rpl_dag_state_to_str
                0x0000000000028302                rpl_dag_get_root_ipaddr
                0x000000000002834a                rpl_dag_leave
                0x00000000000283d3                rpl_dag_poison_and_leave
                0x00000000000283eb                rpl_dag_periodic
                0x0000000000028473                rpl_is_addr_in_our_dag
                0x00000000000284b7                rpl_get_default_instance
                0x00000000000284d3                rpl_get_any_dag
                0x000000000002852c                rpl_refresh_routes
                0x000000000002856c                rpl_global_repair
                0x0000000000028605                rpl_local_repair
                0x000000000002864f                rpl_dag_ready_to_advertise
                0x0000000000028692                rpl_dag_update_state
                0x0000000000028dbf                rpl_process_dio
                0x0000000000028e3d                rpl_process_dis
                0x0000000000028e82                rpl_process_dao
                0x0000000000028f11                rpl_process_dao_ack
                0x0000000000028fa8                rpl_process_hbh
                0x0000000000028ff8                rpl_dag_init_root
                0x000000000002910c                rpl_dag_init
 .text          0x000000000002912c      0x9e7 build/cooja/mtype608.a(rpl-timers.o)
                0x000000000002912c                rpl_timers_schedule_periodic_dis
                0x000000000002927a                rpl_timers_dio_reset
                0x0000000000029388                rpl_timers_schedule_unicast_dio
                0x00000000000294dc                rpl_timers_schedule_dao
                0x000000000002959b                rpl_timers_schedule_dao_ack
                0x0000000000029621                rpl_timers_notify_dao_ack
                0x000000000002967f                get_probing_delay
                0x00000000000296b3                get_probing_target
                0x000000000002989d                rpl_schedule_probing
                0x00000000000298cb                rpl_schedule_probing_now
                0x0000000000029935                rpl_timers_unschedule_leaving
                0x000000000002996d                rpl_timers_schedule_leaving
                0x00000000000299ae                rpl_timers_init
                0x0000000000029a3e                rpl_timers_stop_dag_timers
                0x0000000000029ab7                rpl_timers_unschedule_state_update
                0x0000000000029adb                rpl_timers_schedule_state_update
 .text          0x0000000000029b13      0xb8e build/cooja/mtype608.a(rpl-ext-header.)
                0x0000000000029b13                rpl_ext_header_srh_get_next_hop
                0x0000000000029bfa                rpl_ext_header_srh_update
                0x000000000002a166                rpl_ext_header_hbh_update
                0x000000000002a466                rpl_ext_header_update
                0x000000000002a4ef                rpl_ext_header_remove
 .text          0x000000000002a6a1      0x31b build/cooja/mtype608.a(rpl-mrhof.o)
 *fill*         0x000000000002a9bc        0x4 
 .text          0x000000000002a9c0      0x122 /usr/lib/gcc/i686-linux-gnu/5/libgcc.a(_udivdi3.o)
                0x000000000002a9c0                __udivdi3
 .text          0x000000000002aae2        0x0 /usr/lib/gcc/i686-linux-gnu/5/crtendS.o
 .text          0x000000000002aae2        0x0 /usr/lib/gcc/i686-linux-gnu/5/../../../i386-linux-gnu/crtn.o
 *(.gnu.warning)

.fini           0x000000000002aae4       0x14
 *(SORT(.fini))
 .fini          0x000000000002aae4        0xf /usr/lib/gcc/i686-linux-gnu/5/../../../i386-linux-gnu/crti.o
                0x000000000002aae4                _fini
 .fini          0x000000000002aaf3        0x5 /usr/lib/gcc/i686-linux-gnu/5/../../../i386-linux-gnu/crtn.o
                [!provide]                        PROVIDE (__etext, .)
                [!provide]                        PROVIDE (_etext, .)
                [!provide]                        PROVIDE (etext, .)

.rodata         0x000000000002ab00      0xbcb
 *(.rodata .rodata.* .gnu.linkonce.r.*)
 .rodata        0x000000000002ab00      0x15e client.o
                0x000000000002ab2c                autostart_processes
 *fill*         0x000000000002ac5e        0x2 
 .rodata        0x000000000002ac60        0x8 build/cooja/mtype608.a(beep.o)
                0x000000000002ac60                beep_interface
 .rodata        0x000000000002ac68        0xe build/cooja/mtype608.a(leds-arch.o)
                0x000000000002ac68                leds_interface
                0x000000000002ac70                leds_arch_leds
 *fill*         0x000000000002ac76        0x2 
 .rodata        0x000000000002ac78        0x8 build/cooja/mtype608.a(moteid.o)
                0x000000000002ac78                moteid_interface
 .rodata        0x000000000002ac80       0x1c build/cooja/mtype608.a(pir-sensor.o)
                0x000000000002ac80                pir_interface
                0x000000000002ac8c                pir_sensor
 .rodata        0x000000000002ac9c        0xe build/cooja/mtype608.a(rs232.o)
                0x000000000002ac9c                rs232_interface
 *fill*         0x000000000002acaa        0x2 
 .rodata        0x000000000002acac       0x24 build/cooja/mtype608.a(vib-sensor.o)
                0x000000000002acac                vib_interface
                0x000000000002acc0                vib_sensor
 .rodata        0x000000000002acd0        0x8 build/cooja/mtype608.a(clock.o)
                0x000000000002acd0                clock_interface
 .rodata        0x000000000002acd8        0x8 build/cooja/mtype608.a(cooja-log.o)
                0x000000000002acd8                simlog_interface
 .rodata        0x000000000002ace0       0x2f build/cooja/mtype608.a(cfs-cooja.o)
                0x000000000002ace0                cfs_interface
 *fill*         0x000000000002ad0f       0x11 
 .rodata        0x000000000002ad20       0xb8 build/cooja/mtype608.a(cooja-radio.o)
                0x000000000002ad20                radio_interface
                0x000000000002ada0                cooja_radio_driver
 .rodata        0x000000000002add8        0x8 build/cooja/mtype608.a(eeprom.o)
                0x000000000002add8                eeprom_interface
 .rodata        0x000000000002ade0        0x8 build/cooja/mtype608.a(sensors.o)
 .rodata        0x000000000002ade8       0x2c build/cooja/mtype608.a(buttons.o)
                0x000000000002ade8                button_interface
                0x000000000002adfc                button_hal_button_count
                0x000000000002ae04                button_sensor
 .rodata        0x000000000002ae14       0x79 build/cooja/mtype608.a(res-power.o)
 *fill*         0x000000000002ae8d        0x3 
 .rodata        0x000000000002ae90       0x7a build/cooja/mtype608.a(res-temperature)
 .rodata        0x000000000002af0a       0x41 build/cooja/mtype608.a(coap-engine.o)
 .rodata        0x000000000002af4b       0x19 build/cooja/mtype608.a(coap-res-well-k)
 .rodata        0x000000000002af64       0x11 build/cooja/mtype608.a(coap-observe.o)
 .rodata        0x000000000002af75       0x35 build/cooja/mtype608.a(coap-uip.o)
 *fill*         0x000000000002afaa        0x2 
 .rodata        0x000000000002afac      0x1ac build/cooja/mtype608.a(coap.o)
 .rodata        0x000000000002b158       0xf8 build/cooja/mtype608.a(contiki-main.o)
 .rodata        0x000000000002b250        0xf build/cooja/mtype608.a(ctimer.o)
 *fill*         0x000000000002b25f        0x1 
 .rodata        0x000000000002b260       0xc4 build/cooja/mtype608.a(log.o)
 .rodata        0x000000000002b324        0xc build/cooja/mtype608.a(etimer.o)
 .rodata        0x000000000002b330       0x13 build/cooja/mtype608.a(button-hal.o)
 .rodata        0x000000000002b343        0xe build/cooja/mtype608.a(serial-line.o)
 *fill*         0x000000000002b351        0x3 
 .rodata        0x000000000002b354        0x8 build/cooja/mtype608.a(linkaddr.o)
                0x000000000002b354                linkaddr_null
 .rodata        0x000000000002b35c       0x24 build/cooja/mtype608.a(csma.o)
                0x000000000002b364                csma_driver
 .rodata        0x000000000002b380       0x2a build/cooja/mtype608.a(csma-output.o)
 *fill*         0x000000000002b3aa        0x2 
 .rodata        0x000000000002b3ac       0x4d build/cooja/mtype608.a(uip-ds6-route.o)
 .rodata        0x000000000002b3f9        0xd build/cooja/mtype608.a(tcpip.o)
 .rodata        0x000000000002b406       0x13 build/cooja/mtype608.a(simple-udp.o)
 *fill*         0x000000000002b419        0x3 
 .rodata        0x000000000002b41c       0x30 build/cooja/mtype608.a(sicslowpan.o)
                0x000000000002b41c                unc_llconf
                0x000000000002b420                unc_ctxconf
                0x000000000002b424                unc_mxconf
                0x000000000002b428                llprefix
                0x000000000002b43c                sicslowpan_driver
 .rodata        0x000000000002b44c       0x2d build/cooja/mtype608.a(uiplib.o)
 *fill*         0x000000000002b479        0x7 
 .rodata        0x000000000002b480       0x74 build/cooja/mtype608.a(rpl.o)
                0x000000000002b4a0                rpl_lite_driver
 .rodata        0x000000000002b4f4       0x20 build/cooja/mtype608.a(coap-timer-defa)
                0x000000000002b508                coap_timer_default_driver
 .rodata        0x000000000002b514       0x25 build/cooja/mtype608.a(assert.o)
 *fill*         0x000000000002b539        0x3 
 .rodata        0x000000000002b53c        0xc build/cooja/mtype608.a(framer-802154.o)
                0x000000000002b53c                framer_802154
 .rodata        0x000000000002b548       0x44 build/cooja/mtype608.a(uip-sr.o)
 .rodata        0x000000000002b58c       0x58 build/cooja/mtype608.a(rpl-neighbor.o)
 .rodata        0x000000000002b5e4       0xdb build/cooja/mtype608.a(rpl-dag.o)
 .rodata        0x000000000002b6bf        0xc build/cooja/mtype608.a(rpl-timers.o)

.rodata1
 *(.rodata1)

.eh_frame_hdr   0x000000000002b6cc     0x1a3c
 *(.eh_frame_hdr)
 .eh_frame_hdr  0x000000000002b6cc     0x1a3c client.o
                0x000000000002b6cc                __GNU_EH_FRAME_HDR
 *(.eh_frame_entry .eh_frame_entry.*)

.eh_frame       0x000000000002d108     0x6a7c
 *(.eh_frame)
 .eh_frame      0x000000000002d108       0x3c /usr/lib/gcc/i686-linux-gnu/5/../../../i386-linux-gnu/crti.o
                                         0x40 (size before relaxing)
 .eh_frame      0x000000000002d144       0xa0 client.o
                                         0xb8 (size before relaxing)
 .eh_frame      0x000000000002d1e4      0x178 build/cooja/mtype608.o
                                        0x190 (size before relaxing)
 .eh_frame      0x000000000002d35c       0x40 build/cooja/mtype608.a(simEnvChange.o)
                                         0x58 (size before relaxing)
 .eh_frame      0x000000000002d39c       0x60 build/cooja/mtype608.a(cooja_mt.o)
                                         0x78 (size before relaxing)
 .eh_frame      0x000000000002d3fc       0x80 build/cooja/mtype608.a(cooja_mtarch.o)
                                         0x98 (size before relaxing)
 .eh_frame      0x000000000002d47c       0xc8 build/cooja/mtype608.a(rtimer-arch.o)
                                         0xe0 (size before relaxing)
 .eh_frame      0x000000000002d544      0x160 build/cooja/mtype608.a(beep.o)
                                        0x178 (size before relaxing)
 .eh_frame      0x000000000002d6a4       0x80 build/cooja/mtype608.a(leds-arch.o)
                                         0x98 (size before relaxing)
 .eh_frame      0x000000000002d724       0x40 build/cooja/mtype608.a(moteid.o)
                                         0x58 (size before relaxing)
 .eh_frame      0x000000000002d764       0xa0 build/cooja/mtype608.a(pir-sensor.o)
                                         0xb8 (size before relaxing)
 .eh_frame      0x000000000002d804      0x100 build/cooja/mtype608.a(rs232.o)
                                        0x118 (size before relaxing)
 .eh_frame      0x000000000002d904       0xa0 build/cooja/mtype608.a(vib-sensor.o)
                                         0xb8 (size before relaxing)
 .eh_frame      0x000000000002d9a4       0xc0 build/cooja/mtype608.a(clock.o)
                                         0xd8 (size before relaxing)
 .eh_frame      0x000000000002da64      0x120 build/cooja/mtype608.a(cooja-log.o)
                                        0x138 (size before relaxing)
 .eh_frame      0x000000000002db84      0x160 build/cooja/mtype608.a(cfs-cooja.o)
                                        0x178 (size before relaxing)
 .eh_frame      0x000000000002dce4      0x340 build/cooja/mtype608.a(cooja-radio.o)
                                        0x358 (size before relaxing)
 .eh_frame      0x000000000002e024       0xa0 build/cooja/mtype608.a(eeprom.o)
                                         0xb8 (size before relaxing)
 .eh_frame      0x000000000002e0c4       0x40 build/cooja/mtype608.a(random.o)
                                         0x58 (size before relaxing)
 .eh_frame      0x000000000002e104       0xc0 build/cooja/mtype608.a(sensors.o)
                                         0xd8 (size before relaxing)
 .eh_frame      0x000000000002e1c4      0x120 build/cooja/mtype608.a(leds.o)
                                        0x138 (size before relaxing)
 .eh_frame      0x000000000002e2e4      0x220 build/cooja/mtype608.a(gpio-hal-arch.o)
                                        0x238 (size before relaxing)
 .eh_frame      0x000000000002e504       0xa0 build/cooja/mtype608.a(buttons.o)
                                         0xb8 (size before relaxing)
 .eh_frame      0x000000000002e5a4       0x60 build/cooja/mtype608.a(res-power.o)
                                         0x78 (size before relaxing)
 .eh_frame      0x000000000002e604       0x60 build/cooja/mtype608.a(res-temperature)
                                         0x78 (size before relaxing)
 .eh_frame      0x000000000002e664       0x44 build/cooja/mtype608.a(coap-blocking-a)
                                         0x5c (size before relaxing)
 .eh_frame      0x000000000002e6a8      0x220 build/cooja/mtype608.a(coap-engine.o)
                                        0x238 (size before relaxing)
 .eh_frame      0x000000000002e8c8       0x24 build/cooja/mtype608.a(coap-res-well-k)
                                         0x3c (size before relaxing)
 .eh_frame      0x000000000002e8ec      0x188 build/cooja/mtype608.a(coap-observe.o)
                                        0x1a0 (size before relaxing)
 .eh_frame      0x000000000002ea74      0x250 build/cooja/mtype608.a(coap-uip.o)
                                        0x268 (size before relaxing)
 .eh_frame      0x000000000002ecc4      0x114 build/cooja/mtype608.a(coap-timer.o)
                                        0x12c (size before relaxing)
 .eh_frame      0x000000000002edd8      0x100 build/cooja/mtype608.a(coap-transactio)
                                        0x118 (size before relaxing)
 .eh_frame      0x000000000002eed8      0x6ec build/cooja/mtype608.a(coap.o)
                                        0x704 (size before relaxing)
 .eh_frame      0x000000000002f5c4       0x30 build/cooja/mtype608.a(contiki-main.o)
                                         0x48 (size before relaxing)
 .eh_frame      0x000000000002f5f4       0x40 build/cooja/mtype608.a(autostart.o)
                                         0x58 (size before relaxing)
 .eh_frame      0x000000000002f634      0x100 build/cooja/mtype608.a(ctimer.o)
                                        0x118 (size before relaxing)
 .eh_frame      0x000000000002f734      0x100 build/cooja/mtype608.a(log.o)
                                        0x118 (size before relaxing)
 .eh_frame      0x000000000002f834       0x60 build/cooja/mtype608.a(energest.o)
                                         0x78 (size before relaxing)
 .eh_frame      0x000000000002f894      0x1e0 build/cooja/mtype608.a(etimer.o)
                                        0x1f8 (size before relaxing)
 .eh_frame      0x000000000002fa74       0x20 build/cooja/mtype608.a(node-id.o)
                                         0x38 (size before relaxing)
 .eh_frame      0x000000000002fa94       0x60 build/cooja/mtype608.a(rtimer.o)
                                         0x78 (size before relaxing)
 .eh_frame      0x000000000002faf4      0x1c4 build/cooja/mtype608.a(process.o)
                                        0x1dc (size before relaxing)
 .eh_frame      0x000000000002fcb8       0xa4 build/cooja/mtype608.a(timer.o)
                                         0xbc (size before relaxing)
 .eh_frame      0x000000000002fd5c      0x1a0 build/cooja/mtype608.a(list.o)
                                        0x1b8 (size before relaxing)
 .eh_frame      0x000000000002fefc       0xa0 build/cooja/mtype608.a(memb.o)
                                         0xb8 (size before relaxing)
 .eh_frame      0x000000000002ff9c      0x144 build/cooja/mtype608.a(button-hal.o)
                                        0x15c (size before relaxing)
 .eh_frame      0x00000000000300e0       0x60 build/cooja/mtype608.a(serial-line.o)
                                         0x78 (size before relaxing)
 .eh_frame      0x0000000000030140       0xe0 build/cooja/mtype608.a(gpio-hal.o)
                                         0xf8 (size before relaxing)
 .eh_frame      0x0000000000030220      0x1a0 build/cooja/mtype608.a(queuebuf.o)
                                        0x1b8 (size before relaxing)
 .eh_frame      0x00000000000303c0      0x28c build/cooja/mtype608.a(packetbuf.o)
                                        0x2a4 (size before relaxing)
 .eh_frame      0x000000000003064c       0x80 build/cooja/mtype608.a(netstack.o)
                                         0x98 (size before relaxing)
 .eh_frame      0x00000000000306cc       0x60 build/cooja/mtype608.a(linkaddr.o)
                                         0x78 (size before relaxing)
 .eh_frame      0x000000000003072c       0xe0 build/cooja/mtype608.a(csma.o)
                                         0xf8 (size before relaxing)
 .eh_frame      0x000000000003080c      0x1d0 build/cooja/mtype608.a(csma-output.o)
                                        0x1e8 (size before relaxing)
 .eh_frame      0x00000000000309dc      0x328 build/cooja/mtype608.a(uip-ds6.o)
                                        0x340 (size before relaxing)
 .eh_frame      0x0000000000030d04       0x40 build/cooja/mtype608.a(uip-udp-packet.)
                                         0x58 (size before relaxing)
 .eh_frame      0x0000000000030d44      0x220 build/cooja/mtype608.a(uip-ds6-route.o)
                                        0x238 (size before relaxing)
 .eh_frame      0x0000000000030f64      0x244 build/cooja/mtype608.a(tcpip.o)
                                        0x25c (size before relaxing)
 .eh_frame      0x00000000000311a8      0x1e8 build/cooja/mtype608.a(uip6.o)
                                        0x200 (size before relaxing)
 .eh_frame      0x0000000000031390      0x1c0 build/cooja/mtype608.a(uip-ds6-nbr.o)
                                        0x1d8 (size before relaxing)
 .eh_frame      0x0000000000031550       0x84 build/cooja/mtype608.a(uip-nd6.o)
                                         0x9c (size before relaxing)
 .eh_frame      0x00000000000315d4       0xd4 build/cooja/mtype608.a(simple-udp.o)
                                         0xec (size before relaxing)
 .eh_frame      0x00000000000316a8      0x2f8 build/cooja/mtype608.a(sicslowpan.o)
                                        0x310 (size before relaxing)
 .eh_frame      0x00000000000319a0       0x88 build/cooja/mtype608.a(uiplib.o)
                                         0xa0 (size before relaxing)
 .eh_frame      0x0000000000031a28      0x1e0 build/cooja/mtype608.a(rpl.o)
                                        0x1f8 (size before relaxing)
 .eh_frame      0x0000000000031c08      0x1c4 build/cooja/mtype608.a(rpl-icmp6.o)
                                        0x1dc (size before relaxing)
 .eh_frame      0x0000000000031dcc       0xa0 build/cooja/mtype608.a(rpl-dag-root.o)
                                         0xb8 (size before relaxing)
 .eh_frame      0x0000000000031e6c       0xa0 build/cooja/mtype608.a(watchdog.o)
                                         0xb8 (size before relaxing)
 .eh_frame      0x0000000000031f0c       0x80 build/cooja/mtype608.a(int-master.o)
                                         0x98 (size before relaxing)
 .eh_frame      0x0000000000031f8c       0xa4 build/cooja/mtype608.a(coap-timer-defa)
                                         0xbc (size before relaxing)
 .eh_frame      0x0000000000032030       0xc4 build/cooja/mtype608.a(stimer.o)
                                         0xdc (size before relaxing)
 .eh_frame      0x00000000000320f4       0xa0 build/cooja/mtype608.a(ringbuf.o)
                                         0xb8 (size before relaxing)
 .eh_frame      0x0000000000032194       0x20 build/cooja/mtype608.a(assert.o)
                                         0x38 (size before relaxing)
 .eh_frame      0x00000000000321b4      0x2ac build/cooja/mtype608.a(nbr-table.o)
                                        0x2c4 (size before relaxing)
 .eh_frame      0x0000000000032460      0x120 build/cooja/mtype608.a(link-stats.o)
                                        0x138 (size before relaxing)
 .eh_frame      0x0000000000032580       0x48 build/cooja/mtype608.a(mac-sequence.o)
                                         0x60 (size before relaxing)
 .eh_frame      0x00000000000325c8       0x20 build/cooja/mtype608.a(mac.o)
                                         0x38 (size before relaxing)
 .eh_frame      0x00000000000325e8       0xa4 build/cooja/mtype608.a(framer-802154.o)
                                         0xbc (size before relaxing)
 .eh_frame      0x000000000003268c      0x1a4 build/cooja/mtype608.a(frame802154.o)
                                        0x1bc (size before relaxing)
 .eh_frame      0x0000000000032830       0x40 build/cooja/mtype608.a(csma-security.o)
                                         0x58 (size before relaxing)
 .eh_frame      0x0000000000032870      0x200 build/cooja/mtype608.a(uipbuf.o)
                                        0x218 (size before relaxing)
 .eh_frame      0x0000000000032a70      0x150 build/cooja/mtype608.a(uip-icmp6.o)
                                        0x168 (size before relaxing)
 .eh_frame      0x0000000000032bc0      0x184 build/cooja/mtype608.a(uip-sr.o)
                                        0x19c (size before relaxing)
 .eh_frame      0x0000000000032d44       0xe0 build/cooja/mtype608.a(uip-packetqueue)
                                         0xf8 (size before relaxing)
 .eh_frame      0x0000000000032e24       0x80 build/cooja/mtype608.a(rpl-nbr-policy.)
                                         0x98 (size before relaxing)
 .eh_frame      0x0000000000032ea4      0x2d4 build/cooja/mtype608.a(rpl-neighbor.o)
                                        0x2ec (size before relaxing)
 .eh_frame      0x0000000000033178      0x370 build/cooja/mtype608.a(rpl-dag.o)
                                        0x388 (size before relaxing)
 .eh_frame      0x00000000000334e8      0x3a8 build/cooja/mtype608.a(rpl-timers.o)
                                        0x3c0 (size before relaxing)
 .eh_frame      0x0000000000033890      0x124 build/cooja/mtype608.a(rpl-ext-header.)
                                        0x13c (size before relaxing)
 .eh_frame      0x00000000000339b4      0x148 build/cooja/mtype608.a(rpl-mrhof.o)
                                        0x160 (size before relaxing)
 .eh_frame      0x0000000000033afc       0x84 /usr/lib/gcc/i686-linux-gnu/5/libgcc.a(_udivdi3.o)
                                         0x9c (size before relaxing)
 .eh_frame      0x0000000000033b80        0x4 /usr/lib/gcc/i686-linux-gnu/5/crtendS.o
 *(.eh_frame.*)

.gcc_except_table
 *(.gcc_except_table .gcc_except_table.*)

.gnu_extab
 *(.gnu_extab*)

.exception_ranges
 *(.exception_ranges .exception_ranges*)
                0x0000000000034f10                . = DATA_SEGMENT_ALIGN (0x1000, 0x1000)

.eh_frame
 *(.eh_frame)
 *(.eh_frame.*)

.gnu_extab
 *(.gnu_extab)

.gcc_except_table
 *(.gcc_except_table .gcc_except_table.*)

.exception_ranges
 *(.exception_ranges .exception_ranges*)

.tdata
 *(.tdata .tdata.* .gnu.linkonce.td.*)

.tbss
 *(.tbss .tbss.* .gnu.linkonce.tb.*)
 *(.tcommon)

.preinit_array
 *(.preinit_array)

.init_array     0x0000000000034f10        0x4
 *(SORT(.init_array.*) SORT(.ctors.*))
 *(.init_array EXCLUDE_FILE(*crtend?.o *crtend.o *crtbegin?.o *crtbegin.o) .ctors)
 .init_array    0x0000000000034f10        0x4 /usr/lib/gcc/i686-linux-gnu/5/crtbeginS.o

.fini_array     0x0000000000034f14        0x4
 *(SORT(.fini_array.*) SORT(.dtors.*))
 *(.fini_array EXCLUDE_FILE(*crtend?.o *crtend.o *crtbegin?.o *crtbegin.o) .dtors)
 .fini_array    0x0000000000034f14        0x4 /usr/lib/gcc/i686-linux-gnu/5/crtbeginS.o

.ctors
 *crtbegin.o(.ctors)
 *crtbegin?.o(.ctors)
 *(EXCLUDE_FILE(*crtend?.o *crtend.o) .ctors)
 *(SORT(.ctors.*))
 *(.ctors)

.dtors
 *crtbegin.o(.dtors)
 *crtbegin?.o(.dtors)
 *(EXCLUDE_FILE(*crtend?.o *crtend.o) .dtors)
 *(SORT(.dtors.*))
 *(.dtors)

.jcr            0x0000000000034f18        0x4
 *(.jcr)
 .jcr           0x0000000000034f18        0x0 /usr/lib/gcc/i686-linux-gnu/5/crtbeginS.o
 .jcr           0x0000000000034f18        0x4 /usr/lib/gcc/i686-linux-gnu/5/crtendS.o

.data.rel.ro
 *(.data.rel.ro.local* .gnu.linkonce.d.rel.ro.local.*)
 *(.data.rel.ro .data.rel.ro.* .gnu.linkonce.d.rel.ro.*)

.dynamic        0x0000000000034f1c       0xd0
 *(.dynamic)
 .dynamic       0x0000000000034f1c       0xd0 /usr/lib/gcc/i686-linux-gnu/5/../../../i386-linux-gnu/crti.o
                0x0000000000034f1c                _DYNAMIC

.got            0x0000000000034fec       0x14
 *(.got)
 .got           0x0000000000034fec       0x14 /usr/lib/gcc/i686-linux-gnu/5/../../../i386-linux-gnu/crti.o
 *(.igot)
                0x0000000000035ff4                . = DATA_SEGMENT_RELRO_END (., (SIZEOF (.got.plt) >= 0xc)?0xc:0x0)

.got.plt        0x0000000000035000        0xc
 *(.got.plt)
 .got.plt       0x0000000000035000        0xc /usr/lib/gcc/i686-linux-gnu/5/../../../i386-linux-gnu/crti.o
                0x0000000000035000                _GLOBAL_OFFSET_TABLE_
 *(.igot.plt)

.data           0x0000000000035020      0x5a4
 *(.data .data.* .gnu.linkonce.d.*)
 .data          0x0000000000035020        0x0 /usr/lib/gcc/i686-linux-gnu/5/../../../i386-linux-gnu/crti.o
 .data          0x0000000000035020        0x0 /usr/lib/gcc/i686-linux-gnu/5/crtbeginS.o
 .data.rel.local
                0x0000000000035020        0x4 /usr/lib/gcc/i686-linux-gnu/5/crtbeginS.o
                0x0000000000035020                __dso_handle
 .data          0x0000000000035024       0x34 client.o
                0x0000000000035024                service_url
                0x0000000000035028                udp_client
                0x0000000000035038                coap_client
                0x0000000000035048                coap_server
 *fill*         0x0000000000035058        0x8 
 .data          0x0000000000035060       0x44 build/cooja/mtype608.o
                0x0000000000035060                simInterfaces
                0x0000000000035094                sensors
 .data          0x00000000000350a4        0x0 build/cooja/mtype608.a(simEnvChange.o)
 .data          0x00000000000350a4        0x0 build/cooja/mtype608.a(cooja_mt.o)
 .data          0x00000000000350a4        0x0 build/cooja/mtype608.a(cooja_mtarch.o)
 .data          0x00000000000350a4        0x0 build/cooja/mtype608.a(rtimer-arch.o)
 .data          0x00000000000350a4        0x0 build/cooja/mtype608.a(beep.o)
 .data          0x00000000000350a4        0x0 build/cooja/mtype608.a(leds-arch.o)
 .data          0x00000000000350a4        0x0 build/cooja/mtype608.a(moteid.o)
 .data          0x00000000000350a4        0x0 build/cooja/mtype608.a(pir-sensor.o)
 .data          0x00000000000350a4        0x0 build/cooja/mtype608.a(rs232.o)
 .data          0x00000000000350a4        0x0 build/cooja/mtype608.a(vib-sensor.o)
 .data          0x00000000000350a4        0x0 build/cooja/mtype608.a(clock.o)
 .data          0x00000000000350a4        0x0 build/cooja/mtype608.a(cooja-log.o)
 .data          0x00000000000350a4        0x0 build/cooja/mtype608.a(cfs-cooja.o)
 .data          0x00000000000350a4       0x2c build/cooja/mtype608.a(cooja-radio.o)
                0x00000000000350a4                simRadioHWOn
                0x00000000000350a8                simSignalStrength
                0x00000000000350ac                simLastSignalStrength
                0x00000000000350b0                simPower
                0x00000000000350b4                simRadioChannel
                0x00000000000350b8                simLQI
                0x00000000000350c0                cooja_radio_process
 .data          0x00000000000350d0        0x0 build/cooja/mtype608.a(eeprom.o)
 .data          0x00000000000350d0        0x0 build/cooja/mtype608.a(random.o)
 .data          0x00000000000350d0       0x10 build/cooja/mtype608.a(sensors.o)
                0x00000000000350d0                sensors_process
 .data          0x00000000000350e0        0x0 build/cooja/mtype608.a(leds.o)
 .data          0x00000000000350e0        0x0 build/cooja/mtype608.a(gpio-hal-arch.o)
 .data          0x00000000000350e0       0x78 build/cooja/mtype608.a(buttons.o)
                0x00000000000350e0                simButtonIsActive
                0x0000000000035150                button_hal_buttons
 *fill*         0x0000000000035158        0x8 
 .data          0x0000000000035160       0xa4 build/cooja/mtype608.a(res-power.o)
                0x00000000000351e0                res_power
 *fill*         0x0000000000035204       0x1c 
 .data          0x0000000000035220       0xa4 build/cooja/mtype608.a(res-temperature)
                0x00000000000352a0                res_temperature
 .data          0x00000000000352c4        0x0 build/cooja/mtype608.a(coap-blocking-a)
 .data          0x00000000000352c4        0x8 build/cooja/mtype608.a(coap-engine.o)
 *fill*         0x00000000000352cc       0x14 
 .data          0x00000000000352e0       0x24 build/cooja/mtype608.a(coap-res-well-k)
                0x00000000000352e0                res_well_known_core
 .data          0x0000000000035304       0x10 build/cooja/mtype608.a(coap-observe.o)
 .data          0x0000000000035314       0x10 build/cooja/mtype608.a(coap-uip.o)
                0x0000000000035314                coap_engine
 .data          0x0000000000035324        0x4 build/cooja/mtype608.a(coap-timer.o)
 .data          0x0000000000035328       0x10 build/cooja/mtype608.a(coap-transactio)
 .data          0x0000000000035338        0x4 build/cooja/mtype608.a(coap.o)
                0x0000000000035338                coap_error_message
 .data          0x000000000003533c        0x0 build/cooja/mtype608.a(contiki-main.o)
 .data          0x000000000003533c        0x0 build/cooja/mtype608.a(autostart.o)
 .data          0x000000000003533c       0x14 build/cooja/mtype608.a(ctimer.o)
                0x0000000000035340                ctimer_process
 *fill*         0x0000000000035350       0x10 
 .data          0x0000000000035360       0xbc build/cooja/mtype608.a(log.o)
                0x0000000000035360                curr_log_level_main
                0x0000000000035380                all_modules
 .data          0x000000000003541c        0x0 build/cooja/mtype608.a(energest.o)
 .data          0x000000000003541c       0x10 build/cooja/mtype608.a(etimer.o)
                0x000000000003541c                etimer_process
 .data          0x000000000003542c        0x0 build/cooja/mtype608.a(node-id.o)
 .data          0x000000000003542c        0x0 build/cooja/mtype608.a(rtimer.o)
 .data          0x000000000003542c        0x0 build/cooja/mtype608.a(process.o)
 .data          0x000000000003542c        0x0 build/cooja/mtype608.a(timer.o)
 .data          0x000000000003542c        0x0 build/cooja/mtype608.a(list.o)
 .data          0x000000000003542c        0x0 build/cooja/mtype608.a(memb.o)
 .data          0x000000000003542c       0x10 build/cooja/mtype608.a(button-hal.o)
                0x000000000003542c                button_hal_process
 .data          0x000000000003543c       0x10 build/cooja/mtype608.a(serial-line.o)
                0x000000000003543c                serial_line_process
 .data          0x000000000003544c        0x4 build/cooja/mtype608.a(gpio-hal.o)
 .data          0x0000000000035450       0x18 build/cooja/mtype608.a(queuebuf.o)
 .data          0x0000000000035468        0x4 build/cooja/mtype608.a(packetbuf.o)
 .data          0x000000000003546c        0x4 build/cooja/mtype608.a(netstack.o)
 .data          0x0000000000035470        0x0 build/cooja/mtype608.a(linkaddr.o)
 .data          0x0000000000035470        0x0 build/cooja/mtype608.a(csma.o)
 .data          0x0000000000035470       0x28 build/cooja/mtype608.a(csma-output.o)
 .data          0x0000000000035498        0x0 build/cooja/mtype608.a(uip-ds6.o)
 .data          0x0000000000035498        0x0 build/cooja/mtype608.a(uip-udp-packet.)
 .data          0x0000000000035498       0x10 build/cooja/mtype608.a(uip-ds6-route.o)
 .data          0x00000000000354a8       0x10 build/cooja/mtype608.a(tcpip.o)
                0x00000000000354a8                tcpip_process
 .data          0x00000000000354b8        0x0 build/cooja/mtype608.a(uip6.o)
 .data          0x00000000000354b8       0x14 build/cooja/mtype608.a(uip-ds6-nbr.o)
 .data          0x00000000000354cc        0xc build/cooja/mtype608.a(uip-nd6.o)
 .data          0x00000000000354d8       0x10 build/cooja/mtype608.a(simple-udp.o)
                0x00000000000354d8                simple_udp_process
 .data          0x00000000000354e8        0x0 build/cooja/mtype608.a(sicslowpan.o)
 .data          0x00000000000354e8        0x0 build/cooja/mtype608.a(uiplib.o)
 .data          0x00000000000354e8        0x0 build/cooja/mtype608.a(rpl.o)
 .data          0x00000000000354e8       0x30 build/cooja/mtype608.a(rpl-icmp6.o)
 .data          0x0000000000035518        0x0 build/cooja/mtype608.a(rpl-dag-root.o)
 .data          0x0000000000035518        0x0 build/cooja/mtype608.a(watchdog.o)
 .data          0x0000000000035518        0x0 build/cooja/mtype608.a(int-master.o)
 .data          0x0000000000035518       0x10 build/cooja/mtype608.a(coap-timer-defa)
                0x0000000000035518                coap_timer_process
 .data          0x0000000000035528        0x0 build/cooja/mtype608.a(stimer.o)
 .data          0x0000000000035528        0x0 build/cooja/mtype608.a(ringbuf.o)
 .data          0x0000000000035528        0x0 build/cooja/mtype608.a(assert.o)
 .data          0x0000000000035528       0x10 build/cooja/mtype608.a(nbr-table.o)
 .data          0x0000000000035538       0x14 build/cooja/mtype608.a(link-stats.o)
 .data          0x000000000003554c        0x0 build/cooja/mtype608.a(mac-sequence.o)
 .data          0x000000000003554c        0x0 build/cooja/mtype608.a(mac.o)
 .data          0x000000000003554c        0x0 build/cooja/mtype608.a(framer-802154.o)
 .data          0x000000000003554c        0x2 build/cooja/mtype608.a(frame802154.o)
 .data          0x000000000003554e        0x0 build/cooja/mtype608.a(csma-security.o)
 .data          0x000000000003554e        0x0 build/cooja/mtype608.a(uipbuf.o)
 *fill*         0x000000000003554e        0x2 
 .data          0x0000000000035550       0x20 build/cooja/mtype608.a(uip-icmp6.o)
 .data          0x0000000000035570       0x10 build/cooja/mtype608.a(uip-sr.o)
 .data          0x0000000000035580        0xc build/cooja/mtype608.a(uip-packetqueue)
 .data          0x000000000003558c        0x0 build/cooja/mtype608.a(rpl-nbr-policy.)
 .data          0x000000000003558c       0x14 build/cooja/mtype608.a(rpl-neighbor.o)
                0x000000000003559c                rpl_neighbors
 .data          0x00000000000355a0        0x0 build/cooja/mtype608.a(rpl-dag.o)
 .data          0x00000000000355a0        0x0 build/cooja/mtype608.a(rpl-timers.o)
 .data          0x00000000000355a0        0x0 build/cooja/mtype608.a(rpl-ext-header.)
 .data          0x00000000000355a0       0x24 build/cooja/mtype608.a(rpl-mrhof.o)
                0x00000000000355a0                rpl_mrhof
 .data          0x00000000000355c4        0x0 /usr/lib/gcc/i686-linux-gnu/5/libgcc.a(_udivdi3.o)
 .data          0x00000000000355c4        0x0 /usr/lib/gcc/i686-linux-gnu/5/crtendS.o
 .data          0x00000000000355c4        0x0 /usr/lib/gcc/i686-linux-gnu/5/../../../i386-linux-gnu/crtn.o

.tm_clone_table
                0x00000000000355c4        0x0
 .tm_clone_table
                0x00000000000355c4        0x0 /usr/lib/gcc/i686-linux-gnu/5/crtbeginS.o
 .tm_clone_table
                0x00000000000355c4        0x0 /usr/lib/gcc/i686-linux-gnu/5/crtendS.o

.data1
 *(.data1)
                0x00000000000355c4                _edata = .
                [!provide]                        PROVIDE (edata, .)
                0x00000000000355c4                . = .
                0x00000000000355c4                __bss_start = .

.bss            0x00000000000355e0    0x144c4
 *(.dynbss)
 .dynbss        0x00000000000355e0        0x0 /usr/lib/gcc/i686-linux-gnu/5/../../../i386-linux-gnu/crti.o
 *(.bss .bss.* .gnu.linkonce.b.*)
 .bss           0x00000000000355e0        0x0 /usr/lib/gcc/i686-linux-gnu/5/../../../i386-linux-gnu/crti.o
 .bss           0x00000000000355e0        0x1 /usr/lib/gcc/i686-linux-gnu/5/crtbeginS.o
 *fill*         0x00000000000355e1       0x1f 
 .bss           0x0000000000035600      0x16c client.o
                0x0000000000035600                rpl_add
 *fill*         0x000000000003576c       0x14 
 .bss           0x0000000000035780     0x2030 build/cooja/mtype608.o
 .bss           0x00000000000377b0        0x1 build/cooja/mtype608.a(simEnvChange.o)
                0x00000000000377b0                simDontFallAsleep
 *fill*         0x00000000000377b1        0x3 
 .bss           0x00000000000377b4        0x4 build/cooja/mtype608.a(cooja_mt.o)
 .bss           0x00000000000377b8        0x4 build/cooja/mtype608.a(cooja_mtarch.o)
 .bss           0x00000000000377bc        0x0 build/cooja/mtype608.a(rtimer-arch.o)
 .bss           0x00000000000377bc        0x0 build/cooja/mtype608.a(beep.o)
 .bss           0x00000000000377bc        0x1 build/cooja/mtype608.a(leds-arch.o)
                0x00000000000377bc                simLedsValue
 .bss           0x00000000000377bd        0x0 build/cooja/mtype608.a(moteid.o)
 .bss           0x00000000000377bd        0x1 build/cooja/mtype608.a(pir-sensor.o)
                0x00000000000377bd                simPirValue
 *fill*         0x00000000000377be        0x2 
 .bss           0x00000000000377c0        0x4 build/cooja/mtype608.a(rs232.o)
 .bss           0x00000000000377c4        0x1 build/cooja/mtype608.a(vib-sensor.o)
                0x00000000000377c4                simVibValue
 .bss           0x00000000000377c5        0x0 build/cooja/mtype608.a(clock.o)
 *fill*         0x00000000000377c5       0x1b 
 .bss           0x00000000000377e0     0x2020 build/cooja/mtype608.a(cooja-log.o)
 .bss           0x0000000000039800      0xfc0 build/cooja/mtype608.a(cfs-cooja.o)
                0x0000000000039800                simCFSData
                0x000000000003a7a0                simCFSSize
                0x000000000003a7a4                simCFSChanged
                0x000000000003a7a8                simCFSRead
                0x000000000003a7ac                simCFSWritten
 .bss           0x000000000003a7c0       0x24 build/cooja/mtype608.a(cooja-radio.o)
                0x000000000003a7c0                simReceiving
                0x000000000003a7c4                simInSize
                0x000000000003a7c8                simLastPacketTimestamp
                0x000000000003a7d0                simOutSize
 .bss           0x000000000003a7e4        0xc build/cooja/mtype608.a(eeprom.o)
                0x000000000003a7e4                simEEPROMChanged
                0x000000000003a7e8                simEEPROMRead
                0x000000000003a7ec                simEEPROMWritten
 .bss           0x000000000003a7f0        0x0 build/cooja/mtype608.a(random.o)
 .bss           0x000000000003a7f0        0xc build/cooja/mtype608.a(sensors.o)
 .bss           0x000000000003a7fc        0x0 build/cooja/mtype608.a(leds.o)
 .bss           0x000000000003a7fc       0x24 build/cooja/mtype608.a(gpio-hal-arch.o)
 .bss           0x000000000003a820        0x0 build/cooja/mtype608.a(buttons.o)
 .bss           0x000000000003a820        0x0 build/cooja/mtype608.a(res-power.o)
 .bss           0x000000000003a820        0x0 build/cooja/mtype608.a(res-temperature)
 .bss           0x000000000003a820        0x0 build/cooja/mtype608.a(coap-blocking-a)
 .bss           0x000000000003a820      0x190 build/cooja/mtype608.a(coap-engine.o)
 .bss           0x000000000003a9b0        0x0 build/cooja/mtype608.a(coap-res-well-k)
 *fill*         0x000000000003a9b0       0x10 
 .bss           0x000000000003a9c0      0x120 build/cooja/mtype608.a(coap-observe.o)
 .bss           0x000000000003aae0       0x18 build/cooja/mtype608.a(coap-uip.o)
 .bss           0x000000000003aaf8        0x5 build/cooja/mtype608.a(coap-timer.o)
 *fill*         0x000000000003aafd        0x3 
 .bss           0x000000000003ab00      0x334 build/cooja/mtype608.a(coap-transactio)
 .bss           0x000000000003ae34        0x6 build/cooja/mtype608.a(coap.o)
                0x000000000003ae34                coap_status_code
 .bss           0x000000000003ae3a        0x0 build/cooja/mtype608.a(contiki-main.o)
 .bss           0x000000000003ae3a        0x0 build/cooja/mtype608.a(autostart.o)
 *fill*         0x000000000003ae3a        0x2 
 .bss           0x000000000003ae3c        0x5 build/cooja/mtype608.a(ctimer.o)
 *fill*         0x000000000003ae41        0x3 
 .bss           0x000000000003ae44       0x2c build/cooja/mtype608.a(log.o)
                0x000000000003ae44                curr_log_level_rpl
                0x000000000003ae48                curr_log_level_tcpip
                0x000000000003ae4c                curr_log_level_ipv6
                0x000000000003ae50                curr_log_level_6lowpan
                0x000000000003ae54                curr_log_level_nullnet
                0x000000000003ae58                curr_log_level_mac
                0x000000000003ae5c                curr_log_level_framer
                0x000000000003ae60                curr_log_level_6top
                0x000000000003ae64                curr_log_level_coap
                0x000000000003ae68                curr_log_level_snmp
                0x000000000003ae6c                curr_log_level_lwm2m
 .bss           0x000000000003ae70        0x0 build/cooja/mtype608.a(energest.o)
 .bss           0x000000000003ae70        0x8 build/cooja/mtype608.a(etimer.o)
 .bss           0x000000000003ae78        0x2 build/cooja/mtype608.a(node-id.o)
                0x000000000003ae78                node_id
 *fill*         0x000000000003ae7a        0x2 
 .bss           0x000000000003ae7c        0x4 build/cooja/mtype608.a(rtimer.o)
 .bss           0x000000000003ae80      0x1a1 build/cooja/mtype608.a(process.o)
                0x000000000003ae80                process_list
                0x000000000003ae84                process_current
 .bss           0x000000000003b021        0x0 build/cooja/mtype608.a(timer.o)
 .bss           0x000000000003b021        0x0 build/cooja/mtype608.a(list.o)
 .bss           0x000000000003b021        0x0 build/cooja/mtype608.a(memb.o)
 *fill*         0x000000000003b021        0x3 
 .bss           0x000000000003b024       0x10 build/cooja/mtype608.a(button-hal.o)
 *fill*         0x000000000003b034        0xc 
 .bss           0x000000000003b040      0x140 build/cooja/mtype608.a(serial-line.o)
 .bss           0x000000000003b180        0x4 build/cooja/mtype608.a(gpio-hal.o)
 *fill*         0x000000000003b184       0x1c 
 .bss           0x000000000003b1a0     0x2c80 build/cooja/mtype608.a(queuebuf.o)
 .bss           0x000000000003de20       0xa0 build/cooja/mtype608.a(packetbuf.o)
 .bss           0x000000000003dec0        0x4 build/cooja/mtype608.a(netstack.o)
 .bss           0x000000000003dec4        0x0 build/cooja/mtype608.a(linkaddr.o)
 .bss           0x000000000003dec4        0x0 build/cooja/mtype608.a(csma.o)
 *fill*         0x000000000003dec4       0x1c 