Archive member included to satisfy reference by file (symbol)

build/cooja/mtype381.a(simEnvChange.o)
                              build/cooja/mtype381.o (simDontFallAsleep)
build/cooja/mtype381.a(cooja_mt.o)
                              build/cooja/mtype381.o (cooja_mt_start)
build/cooja/mtype381.a(cooja_mtarch.o)
                              build/cooja/mtype381.a(cooja_mt.o) (cooja_mtarch_start)
build/cooja/mtype381.a(rtimer-arch.o)
                              build/cooja/mtype381.o (rtimer_arch_check)
build/cooja/mtype381.a(beep.o)
                              build/cooja/mtype381.o (beep_interface)
build/cooja/mtype381.a(leds-arch.o)
                              build/cooja/mtype381.o (leds_interface)
build/cooja/mtype381.a(moteid.o)
                              build/cooja/mtype381.o (moteid_interface)
build/cooja/mtype381.a(pir-sensor.o)
                              build/cooja/mtype381.o (pir_interface)
build/cooja/mtype381.a(rs232.o)
                              build/cooja/mtype381.o (rs232_interface)
build/cooja/mtype381.a(vib-sensor.o)
                              build/cooja/mtype381.o (vib_interface)
build/cooja/mtype381.a(clock.o)
                              build/cooja/mtype381.o (clock_interface)
build/cooja/mtype381.a(cooja-log.o)
                              build/cooja/mtype381.o (simlog_interface)
build/cooja/mtype381.a(cfs-cooja.o)
                              build/cooja/mtype381.o (cfs_interface)
build/cooja/mtype381.a(cooja-radio.o)
                              build/cooja/mtype381.o (radio_interface)
build/cooja/mtype381.a(eeprom.o)
                              build/cooja/mtype381.o (eeprom_interface)
build/cooja/mtype381.a(random.o)
                              build/cooja/mtype381.a(moteid.o) (random_init)
build/cooja/mtype381.a(sensors.o)
                              build/cooja/mtype381.a(pir-sensor.o) (sensors_changed)
build/cooja/mtype381.a(leds.o)
                              build/cooja/mtype381.a(leds-arch.o) (leds_get)
build/cooja/mtype381.a(gpio-hal-arch.o)
                              build/cooja/mtype381.a(leds-arch.o) (gpio_hal_arch_register_pin_callback)
build/cooja/mtype381.a(buttons.o)
                              build/cooja/mtype381.o (button_interface)
build/cooja/mtype381.a(coap-blocking-a)
                              client.o (coap_blocking_request)
build/cooja/mtype381.a(coap-uip.o)
                              client.o (coap_endpoint_parse)
build/cooja/mtype381.a(coap-transactio)
                              build/cooja/mtype381.a(coap-blocking-a) (coap_send_transaction)
build/cooja/mtype381.a(coap.o)
                              build/cooja/mtype381.a(coap-blocking-a) (coap_get_mid)
build/cooja/mtype381.a(contiki-main.o)
                              build/cooja/mtype381.o (main)
build/cooja/mtype381.a(autostart.o)
                              build/cooja/mtype381.a(contiki-main.o) (autostart_start)
build/cooja/mtype381.a(ctimer.o)
                              build/cooja/mtype381.a(contiki-main.o) (ctimer_init)
build/cooja/mtype381.a(log.o)
                              build/cooja/mtype381.a(contiki-main.o) (curr_log_level_main)
build/cooja/mtype381.a(energest.o)
                              build/cooja/mtype381.a(contiki-main.o) (energest_init)
build/cooja/mtype381.a(etimer.o)
                              build/cooja/mtype381.a(contiki-main.o) (etimer_process)
build/cooja/mtype381.a(node-id.o)
                              client.o (node_id)
build/cooja/mtype381.a(rtimer.o)
                              build/cooja/mtype381.a(contiki-main.o) (rtimer_init)
build/cooja/mtype381.a(process.o)
                              build/cooja/mtype381.a(coap-blocking-a) (process_current)
build/cooja/mtype381.a(timer.o)
                              build/cooja/mtype381.a(etimer.o) (timer_set)
build/cooja/mtype381.a(list.o)
                              build/cooja/mtype381.a(ctimer.o) (list_init)
build/cooja/mtype381.a(memb.o)
                              build/cooja/mtype381.a(coap-transactio) (memb_alloc)
build/cooja/mtype381.a(button-hal.o)
                              build/cooja/mtype381.o (button_hal_init)
build/cooja/mtype381.a(serial-line.o)
                              build/cooja/mtype381.a(rs232.o) (serial_line_input_byte)
build/cooja/mtype381.a(gpio-hal.o)
                              build/cooja/mtype381.a(button-hal.o) (gpio_hal_register_handler)
build/cooja/mtype381.a(queuebuf.o)
                              build/cooja/mtype381.a(contiki-main.o) (queuebuf_init)
build/cooja/mtype381.a(packetbuf.o)
                              build/cooja/mtype381.a(cooja-radio.o) (packetbuf_clear)
build/cooja/mtype381.a(netstack.o)
                              build/cooja/mtype381.a(contiki-main.o) (netstack_init)
build/cooja/mtype381.a(linkaddr.o)
                              build/cooja/mtype381.a(contiki-main.o) (linkaddr_node_addr)
build/cooja/mtype381.a(csma.o)
[...]
Memory Configuration

Name             Origin             Length             Attributes
*default*        0x0000000000000000 0xffffffffffffffff

Linker script and memory map

LOAD /usr/lib/gcc/i686-linux-gnu/5/../../../i386-linux-gnu/crti.o
LOAD /usr/lib/gcc/i686-linux-gnu/5/crtbeginS.o
LOAD client.o
LOAD build/cooja/mtype381.o
LOAD build/cooja/mtype381.a
LOAD /usr/lib/gcc/i686-linux-gnu/5/libgcc.a
LOAD /usr/lib/gcc/i686-linux-gnu/5/libgcc_s.so
LOAD /usr/lib/gcc/i686-linux-gnu/5/../../../i386-linux-gnu/libc.so
START GROUP
LOAD /lib/i386-linux-gnu/libc.so.6
LOAD /usr/lib/i386-linux-gnu/libc_nonshared.a
LOAD /lib/i386-linux-gnu/ld-linux.so.2
END GROUP
LOAD /usr/lib/gcc/i686-linux-gnu/5/libgcc.a
LOAD /usr/lib/gcc/i686-linux-gnu/5/libgcc_s.so
LOAD /usr/lib/gcc/i686-linux-gnu/5/crtendS.o
LOAD /usr/lib/gcc/i686-linux-gnu/5/../../../i386-linux-gnu/crtn.o
                0x0000000000000114                . = (0x0 + SIZEOF_HEADERS)

.note.gnu.build-id
                0x0000000000000114       0x24
 *(.note.gnu.build-id)
 .note.gnu.build-id
                0x0000000000000114       0x24 /usr/lib/gcc/i686-linux-gnu/5/../../../i386-linux-gnu/crti.o

.hash
 *(.hash)

.gnu.hash       0x0000000000000138     0x15a8
 *(.gnu.hash)
 .gnu.hash      0x0000000000000138     0x15a8 /usr/lib/gcc/i686-linux-gnu/5/../../../i386-linux-gnu/crti.o

.dynsym         0x00000000000016e0     0x2f30
 *(.dynsym)
 .dynsym        0x00000000000016e0     0x2f30 /usr/lib/gcc/i686-linux-gnu/5/../../../i386-linux-gnu/crti.o

.dynstr         0x0000000000004610     0x3707
 *(.dynstr)
 .dynstr        0x0000000000004610     0x3707 /usr/lib/gcc/i686-linux-gnu/5/../../../i386-linux-gnu/crti.o

.gnu.version    0x0000000000007d18      0x5e6
 *(.gnu.version)
 .gnu.version   0x0000000000007d18      0x5e6 /usr/lib/gcc/i686-linux-gnu/5/../../../i386-linux-gnu/crti.o

.gnu.version_d  0x0000000000008300        0x0
 *(.gnu.version_d)
 .gnu.version_d
                0x0000000000008300        0x0 /usr/lib/gcc/i686-linux-gnu/5/../../../i386-linux-gnu/crti.o

.gnu.version_r  0x0000000000008300       0x40
 *(.gnu.version_r)
 .gnu.version_r
                0x0000000000008300       0x40 /usr/lib/gcc/i686-linux-gnu/5/../../../i386-linux-gnu/crti.o

.rel.dyn        0x0000000000008340     0x9178
 *(.rel.init)
 .rel.init      0x0000000000008340        0x0 /usr/lib/gcc/i686-linux-gnu/5/../../../i386-linux-gnu/crti.o
 *(.rel.text .rel.text.* .rel.gnu.linkonce.t.*)
 .rel.text      0x0000000000008340     0x87b0 /usr/lib/gcc/i686-linux-gnu/5/../../../i386-linux-gnu/crti.o
 *(.rel.fini)
 .rel.fini      0x0000000000010af0        0x0 /usr/lib/gcc/i686-linux-gnu/5/../../../i386-linux-gnu/crti.o
 *(.rel.rodata .rel.rodata.* .rel.gnu.linkonce.r.*)
 .rel.rodata    0x0000000000010af0      0x590 /usr/lib/gcc/i686-linux-gnu/5/../../../i386-linux-gnu/crti.o
 *(.rel.data.rel.ro .rel.data.rel.ro.* .rel.gnu.linkonce.d.rel.ro.*)
 *(.rel.data .rel.data.* .rel.gnu.linkonce.d.*)
 .rel.data.rel.local
                0x0000000000011080        0x8 /usr/lib/gcc/i686-linux-gnu/5/../../../i386-linux-gnu/crti.o
 .rel.data      0x0000000000011088      0x3f8 /usr/lib/gcc/i686-linux-gnu/5/../../../i386-linux-gnu/crti.o
 *(.rel.tdata .rel.tdata.* .rel.gnu.linkonce.td.*)
 *(.rel.tbss .rel.tbss.* .rel.gnu.linkonce.tb.*)
 *(.rel.ctors)
 *(.rel.dtors)
 *(.rel.got)
 .rel.got       0x0000000000011480       0x28 /usr/lib/gcc/i686-linux-gnu/5/../../../i386-linux-gnu/crti.o
 *(.rel.bss .rel.bss.* .rel.gnu.linkonce.b.*)
 *(.rel.ifunc)
 .rel.ifunc     0x00000000000114a8        0x0 /usr/lib/gcc/i686-linux-gnu/5/../../../i386-linux-gnu/crti.o
 .rel.fini_array
                0x00000000000114a8        0x8 /usr/lib/gcc/i686-linux-gnu/5/../../../i386-linux-gnu/crti.o
 .rel.init_array
                0x00000000000114b0        0x8 /usr/lib/gcc/i686-linux-gnu/5/../../../i386-linux-gnu/crti.o

.rel.plt        0x00000000000114b8        0x0
 *(.rel.plt)
 .rel.plt       0x00000000000114b8        0x0 /usr/lib/gcc/i686-linux-gnu/5/../../../i386-linux-gnu/crti.o
 *(.rel.iplt)

.init           0x00000000000114b8       0x23
 *(SORT(.init))
 .init          0x00000000000114b8       0x1e /usr/lib/gcc/i686-linux-gnu/5/../../../i386-linux-gnu/crti.o
                0x00000000000114b8                _init
 .init          0x00000000000114d6        0x5 /usr/lib/gcc/i686-linux-gnu/5/../../../i386-linux-gnu/crtn.o

.plt            0x00000000000114e0       0x10
 *(.plt)
 .plt           0x00000000000114e0       0x10 /usr/lib/gcc/i686-linux-gnu/5/../../../i386-linux-gnu/crti.o
 *(.iplt)

.plt.got        0x00000000000114f0       0x10
 *(.plt.got)
 .plt.got       0x00000000000114f0       0x10 /usr/lib/gcc/i686-linux-gnu/5/../../../i386-linux-gnu/crti.o

.text           0x0000000000011500    0x18922
 *(.text.unlikely .text.*_unlikely .text.unlikely.*)
 .text.unlikely
                0x0000000000011500        0x0 /usr/lib/gcc/i686-linux-gnu/5/crtbeginS.o
 .text.unlikely
                0x0000000000011500        0x0 /usr/lib/gcc/i686-linux-gnu/5/libgcc.a(_udivdi3.o)
 *(.text.exit .text.exit.*)
 *(.text.startup .text.startup.*)
 *(.text.hot .text.hot.*)
 *(.text .stub .text.* .gnu.linkonce.t.*)
 .text          0x0000000000011500        0x0 /usr/lib/gcc/i686-linux-gnu/5/../../../i386-linux-gnu/crti.o
 .gnu.linkonce.t.__x86.get_pc_thunk.bx
                0x0000000000011500        0x4 /usr/lib/gcc/i686-linux-gnu/5/../../../i386-linux-gnu/crti.o
                0x0000000000011500                __x86.get_pc_thunk.bx
 *fill*         0x0000000000011504        0xc 
 .text          0x0000000000011510      0x11c /usr/lib/gcc/i686-linux-gnu/5/crtbeginS.o
 .text.__x86.get_pc_thunk.dx
                0x000000000001162c        0x4 /usr/lib/gcc/i686-linux-gnu/5/crtbeginS.o
                0x000000000001162c                __x86.get_pc_thunk.dx
 .text          0x0000000000011630      0x4b2 client.o
                0x0000000000011699                client_chunk_handler
 .text          0x0000000000011ae2      0x283 build/cooja/mtype381.o
                0x0000000000011b74                platform_init_stage_one
                0x0000000000011b87                platform_init_stage_two
                0x0000000000011b9a                platform_init_stage_three
                0x0000000000011bad                platform_main_loop
                0x0000000000011c20                Java_org_contikios_cooja_corecomm_Lib29_init
                0x0000000000011c57                Java_org_contikios_cooja_corecomm_Lib29_getMemory
                0x0000000000011c8a                Java_org_contikios_cooja_corecomm_Lib29_setMemory
                0x0000000000011cea                Java_org_contikios_cooja_corecomm_Lib29_tick
                0x0000000000011d52                Java_org_contikios_cooja_corecomm_Lib29_setReferenceAddress
 .text          0x0000000000011d65       0x65 build/cooja/mtype381.a(simEnvChange.o)
                0x0000000000011d65                doActionsBeforeTick
                0x0000000000011d97                doActionsAfterTick
 .text          0x0000000000011dca       0x83 build/cooja/mtype381.a(cooja_mt.o)
                0x0000000000011dca                cooja_mt_start
                0x0000000000011df4                cooja_mt_exec
                0x0000000000011e2a                cooja_mt_yield
 .text          0x0000000000011e4d       0xbe build/cooja/mtype381.a(cooja_mtarch.o)
                0x0000000000011e4d                cooja_mtarch_start
                0x0000000000011ec0                cooja_sw
                0x0000000000011ee3                cooja_mtarch_exec
                0x0000000000011f00                cooja_mtarch_yield
 .text          0x0000000000011f0b       0xc5 build/cooja/mtype381.a(rtimer-arch.o)
                0x0000000000011f0b                rtimer_arch_init
                0x0000000000011f2f                rtimer_arch_schedule
                0x0000000000011f5f                rtimer_arch_next
                0x0000000000011f6f                rtimer_arch_pending
                0x0000000000011f79                rtimer_arch_check
                0x0000000000011fc0                rtimer_arch_now
 .text          0x0000000000011fd0       0x81 build/cooja/mtype381.a(beep.o)
                0x0000000000011fd0                beep_alarm
                0x0000000000011fdd                beep_beep
                0x0000000000011fea                beep
                0x0000000000011ff7                beep_down
                0x0000000000012004                beep_on
                0x0000000000012011                beep_off
                0x000000000001201e                beep_spinup
                0x000000000001202b                beep_quick
                0x0000000000012038                beep_long
 .text          0x0000000000012051       0x65 build/cooja/mtype381.a(leds-arch.o)
                0x0000000000012064                leds_arch_init
 .text          0x00000000000120b6       0x35 build/cooja/mtype381.a(moteid.o)
 .text          0x00000000000120eb       0xb7 build/cooja/mtype381.a(pir-sensor.o)
 .text          0x00000000000121a2      0x148 build/cooja/mtype381.a(rs232.o)
                0x00000000000121a2                rs232_init
                0x00000000000121a8                rs232_set_speed
                0x00000000000121b7                rs232_set_input
                0x00000000000121c5                rs232_send
                0x00000000000121e9                rs232_print
                0x0000000000012205                slip_arch_writeb
 .text          0x00000000000122ea       0xb7 build/cooja/mtype381.a(vib-sensor.o)
 .text          0x00000000000123a1       0x38 build/cooja/mtype381.a(clock.o)
                0x00000000000123a1                clock_init
                0x00000000000123a7                clock_time
                0x00000000000123b1                clock_seconds
                0x00000000000123c7                clock_delay
 .text          0x00000000000123d9      0x219 build/cooja/mtype381.a(cooja-log.o)
                0x00000000000123d9                simlog_char
                0x000000000001241c                simlog
                0x0000000000012492                log_message
                0x00000000000124c3                log_set_putchar_with_slip
                0x00000000000124d1                log_putchar
                0x000000000001254c                log_puts
                0x0000000000012574                log_printf
 .text          0x00000000000125f2      0x2b9 build/cooja/mtype381.a(cfs-cooja.o)
                0x00000000000125f2                cfs_open
                0x000000000001265b                cfs_close
                0x0000000000012668                cfs_read
                0x00000000000126fd                cfs_write
                0x00000000000127d9                cfs_seek
                0x0000000000012861                cfs_remove
                0x0000000000012885                cfs_opendir
                0x000000000001288f                cfs_readdir
                0x0000000000012899                cfs_closedir
 .text          0x00000000000128ab      0x620 build/cooja/mtype381.a(cooja-radio.o)
                0x00000000000128ed                radio_set_channel
                0x00000000000128fb                radio_set_txpower
                0x0000000000012913                radio_signal_strength_last
                0x000000000001291d                radio_signal_strength_current
                0x0000000000012927                radio_LQI
 .text          0x0000000000012ecb       0xee build/cooja/mtype381.a(eeprom.o)
                0x0000000000012ecb                eeprom_init
                0x0000000000012ed1                eeprom_read
                0x0000000000012f3f                eeprom_write
 .text          0x0000000000012fb9       0x2d build/cooja/mtype381.a(random.o)
                0x0000000000012fb9                random_init
                0x0000000000012fd9                random_rand
 .text          0x0000000000012fe6      0x29c build/cooja/mtype381.a(sensors.o)
                0x0000000000013021                sensors_first
                0x000000000001302b                sensors_next
                0x0000000000013045                sensors_changed
                0x0000000000013079                sensors_find
 .text          0x0000000000013282      0x349 build/cooja/mtype381.a(leds.o)
                0x0000000000013282                leds_init
                0x00000000000132c9                leds_single_on
                0x0000000000013328                leds_single_off
                0x0000000000013387                leds_single_toggle
                0x00000000000133b9                leds_on
                0x000000000001343b                leds_off
                0x00000000000134bd                leds_toggle
                0x0000000000013512                leds_set
                0x000000000001353e                leds_get
 .text          0x00000000000135cb      0x343 build/cooja/mtype381.a(gpio-hal-arch.o)
                0x00000000000135cb                gpio_hal_arch_register_pin_callback
                0x0000000000013637                gpio_hal_arch_init
                0x000000000001367c                gpio_hal_arch_no_port_interrupt_enable
                0x00000000000136ac                gpio_hal_arch_no_port_interrupt_disable
                0x00000000000136dc                gpio_hal_arch_no_port_pin_cfg_set
                0x0000000000013701                gpio_hal_arch_no_port_pin_cfg_get
                0x0000000000013727                gpio_hal_arch_no_port_pin_set_input
                0x0000000000013739                gpio_hal_arch_no_port_pin_set_output
                0x000000000001374b                gpio_hal_arch_no_port_set_pin
                0x000000000001376c                gpio_hal_arch_no_port_clear_pin
                0x000000000001378d                gpio_hal_arch_no_port_read_pin
                0x00000000000137b3                gpio_hal_arch_no_port_write_pin
                0x00000000000137dd                gpio_hal_arch_no_port_set_pins
                0x0000000000013824                gpio_hal_arch_no_port_clear_pins
                0x000000000001386b                gpio_hal_arch_no_port_read_pins
                0x00000000000138ae                gpio_hal_arch_no_port_write_pins
 .text          0x000000000001390e       0x89 build/cooja/mtype381.a(buttons.o)
 .text          0x0000000000013997      0x27b build/cooja/mtype381.a(coap-blocking-a)
                0x0000000000013997                coap_blocking_request_callback
                0x00000000000139c1                coap_blocking_request
 .text          0x0000000000013c12      0x733 build/cooja/mtype381.a(coap-uip.o)
                0x0000000000013c12                coap_endpoint_log
                0x0000000000013c98                coap_endpoint_print
                0x0000000000013d1e                coap_endpoint_snprint
                0x0000000000013e51                coap_endpoint_copy
                0x0000000000013e8e                coap_endpoint_cmp
                0x0000000000013f9c                coap_endpoint_parse
                0x0000000000014187                coap_endpoint_is_secure
                0x0000000000014196                coap_endpoint_is_connected
                0x00000000000141ca                coap_endpoint_connect
                0x00000000000141e6                coap_endpoint_disconnect
                0x00000000000141ec                coap_databuf
                0x00000000000141f6                coap_transport_init
                0x0000000000014246                coap_sendto
 .text          0x0000000000014345      0x2c6 build/cooja/mtype381.a(coap-transactio)
                0x00000000000143ab                coap_new_transaction
                0x0000000000014411                coap_send_transaction
                0x0000000000014572                coap_clear_transaction
                0x00000000000145ba                coap_get_transaction_by_mid
 .text          0x000000000001460b     0x1c53 build/cooja/mtype381.a(coap.o)
                0x0000000000014b78                coap_init_connection
                0x0000000000014b8c                coap_get_mid
                0x0000000000014ba8                coap_init_message
                0x0000000000014bf1                coap_serialize_message
                0x0000000000015273                coap_parse_message
                0x00000000000158da                coap_get_query_variable
                0x000000000001591c                coap_get_post_variable
                0x0000000000015960                coap_set_status_code
                0x0000000000015985                coap_set_token
                0x00000000000159cc                coap_get_header_content_format
                0x00000000000159fd                coap_set_header_content_format
                0x0000000000015a20                coap_get_header_accept
                0x0000000000015a51                coap_set_header_accept
                0x0000000000015a74                coap_get_header_max_age
                0x0000000000015aa5                coap_set_header_max_age
                0x0000000000015ac5                coap_get_header_etag
                0x0000000000015af7                coap_set_header_etag
                0x0000000000015b4e                coap_get_header_if_match
                0x0000000000015b80                coap_set_header_if_match
                0x0000000000015bd7                coap_get_header_if_none_match
                0x0000000000015bf1                coap_set_header_if_none_match
                0x0000000000015c08                coap_get_header_proxy_uri
                0x0000000000015c36                coap_set_header_proxy_uri
                0x0000000000015c73                coap_get_header_uri_host
                0x0000000000015ca1                coap_set_header_uri_host
                0x0000000000015cde                coap_get_header_uri_path
                0x0000000000015d0c                coap_set_header_uri_path
                0x0000000000015d59                coap_get_header_uri_query
                0x0000000000015d8d                coap_set_header_uri_query
                0x0000000000015de3                coap_get_header_location_path
                0x0000000000015e11                coap_set_header_location_path
                0x0000000000015eaa                coap_get_header_location_query
                0x0000000000015ed8                coap_set_header_location_query
                0x0000000000015f25                coap_get_header_observe
                0x0000000000015f54                coap_set_header_observe
                0x0000000000015f74                coap_get_header_block2
                0x0000000000015fe0                coap_set_header_block2
                0x0000000000016057                coap_get_header_block1
                0x00000000000160cc                coap_set_header_block1
                0x0000000000016147                coap_get_header_size2
                0x0000000000016177                coap_set_header_size2
                0x000000000001619a                coap_get_header_size1
                0x00000000000161ca                coap_set_header_size1
                0x00000000000161ed                coap_get_payload
                0x0000000000016227                coap_set_payload
 .text          0x000000000001625e      0x332 build/cooja/mtype381.a(contiki-main.o)
                0x000000000001625e                main
 .text          0x0000000000016590       0x92 build/cooja/mtype381.a(autostart.o)
                0x0000000000016590                autostart_start
                0x00000000000165da                autostart_exit
 .text          0x0000000000016622      0x355 build/cooja/mtype381.a(ctimer.o)
                0x000000000001674a                ctimer_init
                0x000000000001677d                ctimer_set
                0x00000000000167a3                ctimer_set_with_process
                0x0000000000016820                ctimer_reset
                0x0000000000016874                ctimer_restart
                0x00000000000168c8                ctimer_stop
                0x0000000000016918                ctimer_expired
 .text          0x0000000000016977      0x394 build/cooja/mtype381.a(log.o)
                0x0000000000016977                log_6addr
                0x00000000000169ca                log_6addr_compact_snprint
                0x0000000000016a68                log_6addr_compact
                0x0000000000016abb                log_lladdr
                0x0000000000016b2d                log_lladdr_compact
                0x0000000000016b95                log_set_level
                0x0000000000016c50                log_get_level
                0x0000000000016cc9                log_level_to_str
 .text          0x0000000000016d0b       0x1b build/cooja/mtype381.a(energest.o)
                0x0000000000016d0b                energest_init
                0x0000000000016d11                energest_flush
                0x0000000000016d17                energest_get_total_time
 .text          0x0000000000016d26      0x43f build/cooja/mtype381.a(etimer.o)
                0x0000000000016f4a                etimer_request_poll
                0x0000000000016fd3                etimer_set
                0x0000000000016ffc                etimer_reset_with_new_interval
                0x000000000001702b                etimer_reset
                0x0000000000017051                etimer_restart
                0x0000000000017077                etimer_adjust
                0x0000000000017094                etimer_expired
                0x00000000000170a7                etimer_expiration_time
                0x00000000000170b9                etimer_start_time
                0x00000000000170c3                etimer_pending
                0x00000000000170d5                etimer_next_expiration_time
                0x00000000000170ef                etimer_stop
 .text          0x0000000000017165       0x25 build/cooja/mtype381.a(node-id.o)
                0x0000000000017165                node_id_init
 .text          0x000000000001718a       0xeb build/cooja/mtype381.a(rtimer.o)
                0x000000000001718a                rtimer_init
                0x0000000000017198                rtimer_set
                0x0000000000017213                rtimer_run_next
 .text          0x0000000000017275      0x4fb build/cooja/mtype381.a(process.o)
                0x0000000000017275                process_alloc_event
                0x000000000001728a                process_start
                0x0000000000017464                process_exit
                0x0000000000017481                process_init
                0x0000000000017616                process_run
                0x0000000000017649                process_nevents
                0x0000000000017664                process_post
                0x00000000000176f7                process_post_synch
                0x000000000001772c                process_poll
                0x000000000001775c                process_is_running
 .text          0x0000000000017770       0xb1 build/cooja/mtype381.a(timer.o)
                0x0000000000017770                timer_set
                0x000000000001778e                timer_reset
                0x00000000000177bb                timer_restart
                0x00000000000177d0                timer_expired
                0x00000000000177fd                timer_remaining
 .text          0x0000000000017821      0x28f build/cooja/mtype381.a(list.o)
                0x0000000000017821                list_init
                0x0000000000017830                list_head
                0x000000000001783a                list_copy
                0x000000000001784a                list_tail
                0x0000000000017880                list_add
                0x00000000000178cc                list_push
                0x00000000000178f8                list_chop
                0x0000000000017962                list_pop
                0x000000000001798a                list_remove
                0x00000000000179f2                list_length
                0x0000000000017a20                list_insert
                0x0000000000017a65                list_item_next
                0x0000000000017a7c                list_contains
 .text          0x0000000000017ab0      0x1b5 build/cooja/mtype381.a(memb.o)
                0x0000000000017ab0                memb_init
                0x0000000000017b05                memb_alloc
                0x0000000000017b68                memb_free
                0x0000000000017bdf                memb_inmemb
                0x0000000000017c1e                memb_numfree
 .text          0x0000000000017c65      0x41c build/cooja/mtype381.a(button-hal.o)
                0x0000000000017dde                button_hal_get_by_id
                0x0000000000017e1c                button_hal_get_by_index
                0x0000000000017e48                button_hal_get_state
                0x0000000000017e9a                button_hal_init
 .text          0x0000000000018081      0x1f3 build/cooja/mtype381.a(serial-line.o)
                0x0000000000018081                serial_line_input_byte
                0x000000000001823f                serial_line_init
 .text          0x0000000000018274      0x168 build/cooja/mtype381.a(gpio-hal.o)
                0x0000000000018274                gpio_hal_register_handler
                0x0000000000018291                gpio_hal_event_handler
                0x00000000000182ed                gpio_hal_init
                0x000000000001830c                gpio_hal_arch_port_toggle_pin
                0x0000000000018348                gpio_hal_arch_port_toggle_pins
                0x0000000000018376                gpio_hal_arch_no_port_toggle_pin
                0x00000000000183b4                gpio_hal_arch_no_port_toggle_pins
 .text          0x00000000000183dc      0x2e7 build/cooja/mtype381.a(queuebuf.o)
                0x00000000000183e6                queuebuf_init
                0x000000000001840f                queuebuf_numfree
                0x0000000000018427                queuebuf_new_from_packetbuf
                0x00000000000184c6                queuebuf_update_attr_from_packetbuf
                0x00000000000184fb                queuebuf_update_from_packetbuf
                0x000000000001854b                queuebuf_free
                0x0000000000018594                queuebuf_to_packetbuf
                0x0000000000018600                queuebuf_dataptr
                0x000000000001863a                queuebuf_datalen
                0x000000000001865d                queuebuf_addr
                0x0000000000018692                queuebuf_attr
                0x00000000000186bd                queuebuf_debug_print
 .text          0x00000000000186c3      0x407 build/cooja/mtype381.a(packetbuf.o)
                0x00000000000186c3                packetbuf_clear
                0x00000000000186ee                packetbuf_copyfrom
                0x000000000001873d                packetbuf_copyto
                0x00000000000187d0                packetbuf_hdralloc
                0x000000000001884c                packetbuf_hdrreduce
                0x0000000000018892                packetbuf_set_datalen
                0x00000000000188ac                packetbuf_dataptr
                0x00000000000188c9                packetbuf_hdrptr
                0x00000000000188d3                packetbuf_datalen
                0x00000000000188df                packetbuf_hdrlen
                0x00000000000188f6                packetbuf_totlen
                0x000000000001890c                packetbuf_remaininglen
                0x000000000001891f                packetbuf_attr_clear
                0x000000000001896b                packetbuf_attr_copyto
                0x00000000000189c3                packetbuf_attr_copyfrom
                0x0000000000018a1b                packetbuf_set_attr
                0x0000000000018a45                packetbuf_attr
                0x0000000000018a5f                packetbuf_set_addr
                0x0000000000018a90                packetbuf_addr
                0x0000000000018aad                packetbuf_holds_broadcast
 .text          0x0000000000018aca       0xef build/cooja/mtype381.a(netstack.o)
                0x0000000000018aca                netstack_process_ip_callback
                0x0000000000018b5b                netstack_ip_packet_processor_add
                0x0000000000018b7e                uip_ds6_ip_packet_processor_rm
                0x0000000000018b9b                netstack_init
 .text          0x0000000000018bb9       0x4f build/cooja/mtype381.a(linkaddr.o)
                0x0000000000018bb9                linkaddr_copy
                0x0000000000018bcf                linkaddr_cmp
                0x0000000000018bf2                linkaddr_set_node_addr
 .text          0x0000000000018c08      0x1f6 build/cooja/mtype381.a(csma.o)
 .text          0x0000000000018dfe      0x95d build/cooja/mtype381.a(csma-output.o)
                0x0000000000019495                csma_output_packet
                0x0000000000019722                csma_output_init
 .text          0x000000000001975b      0xc11 build/cooja/mtype381.a(uip-ds6.o)
                0x000000000001975b                uip_ds6_default_prefix
                0x0000000000019765                uip_ds6_set_default_prefix
                0x0000000000019790                uip_ds6_init
                0x00000000000199f2                uip_ds6_periodic
                0x0000000000019a79                uip_ds6_list_loop
                0x0000000000019b39                uip_ds6_prefix_add
                0x0000000000019be5                uip_ds6_prefix_rm
                0x0000000000019bf8                uip_ds6_prefix_lookup
                0x0000000000019c37                uip_ds6_is_addr_onlink
                0x0000000000019caa                uip_ds6_addr_add
                0x0000000000019dca                uip_ds6_addr_rm
                0x0000000000019e73                uip_ds6_addr_lookup
                0x0000000000019eac                uip_ds6_get_link_local
                0x0000000000019f2d                uip_ds6_get_global
                0x0000000000019fae                uip_ds6_maddr_add
                0x000000000001a00e                uip_ds6_maddr_rm
                0x000000000001a021                uip_ds6_maddr_lookup
                0x000000000001a05a                uip_ds6_aaddr_add
                0x000000000001a0ba                uip_ds6_aaddr_rm
                0x000000000001a0cd                uip_ds6_aaddr_lookup
                0x000000000001a106                uip_ds6_select_src
                0x000000000001a24f                uip_ds6_set_addr_iid
                0x000000000001a27a                uip_ds6_set_lladdr_from_iid
                0x000000000001a2a3                get_match_length
                0x000000000001a334                uip_ds6_compute_reachable_time
 .text          0x000000000001a36c      0x128 build/cooja/mtype381.a(uip-udp-packet.)
                0x000000000001a36c                uip_udp_packet_send
                0x000000000001a3c7                uip_udp_packet_sendto
 .text          0x000000000001a494      0x35b build/cooja/mtype381.a(uip-ds6-route.o)
                0x000000000001a4e5                uip_ds6_route_init
                0x000000000001a50f                uip_ds6_route_nexthop
                0x000000000001a519                uip_ds6_route_head
                0x000000000001a523                uip_ds6_route_next
                0x000000000001a52d                uip_ds6_route_is_nexthop
                0x000000000001a537                uip_ds6_route_num_routes
                0x000000000001a541                uip_ds6_route_lookup
                0x000000000001a54b                uip_ds6_route_add
                0x000000000001a55e                uip_ds6_route_rm
                0x000000000001a564                uip_ds6_route_rm_by_nexthop
                0x000000000001a56a                uip_ds6_defrt_head
                0x000000000001a583                uip_ds6_defrt_add
                0x000000000001a631                uip_ds6_defrt_rm
                0x000000000001a697                uip_ds6_defrt_lookup
                0x000000000001a6fe                uip_ds6_defrt_choose
                0x000000000001a774                uip_ds6_defrt_periodic
 .text          0x000000000001a7ef      0x6f7 build/cooja/mtype381.a(tcpip.o)
                0x000000000001a809                tcpip_output
                0x000000000001a888                udp_attach
                0x000000000001a8a0                udp_new
                0x000000000001a8ea                udp_broadcast_new
                0x000000000001aa5c                tcpip_input
                0x000000000001abec                tcpip_ipv6_output
                0x000000000001ade0                tcpip_poll_udp
                0x000000000001adfe                tcpip_uipcall
 .text          0x000000000001aee6     0x1205 build/cooja/mtype381.a(uip6.o)
                0x000000000001af95                uip_chksum
                0x000000000001b06c                uip_icmp6chksum
                0x000000000001b081                uip_udpchksum
                0x000000000001b096                uip_init
                0x000000000001b0df                uip_remove_ext_hdr
                0x000000000001b1b9                uip_udp_new
                0x000000000001b4cd                uip_process
                0x000000000001bfc5                uip_htons
                0x000000000001bfe7                uip_htonl
                0x000000000001c025                uip_send
 .text          0x000000000001c0eb      0x369 build/cooja/mtype381.a(uip-ds6-nbr.o)
                0x000000000001c0eb                uip_ds6_neighbors_init
                0x000000000001c10f                uip_ds6_nbr_add
                0x000000000001c195                uip_ds6_nbr_rm
                0x000000000001c1e0                uip_ds6_nbr_update_ll
                0x000000000001c2ce                uip_ds6_nbr_get_ipaddr
                0x000000000001c2e3                uip_ds6_nbr_get_ll
                0x000000000001c2ff                uip_ds6_nbr_num
                0x000000000001c348                uip_ds6_nbr_head
                0x000000000001c361                uip_ds6_nbr_next
                0x000000000001c37d                uip_ds6_nbr_lookup
                0x000000000001c3d5                uip_ds6_nbr_ll_lookup
                0x000000000001c3f1                uip_ds6_nbr_ipaddr_from_lladdr
                0x000000000001c41a                uip_ds6_nbr_lladdr_from_ipaddr
                0x000000000001c44e                uip_ds6_link_callback
 .text          0x000000000001c454      0x6a7 build/cooja/mtype381.a(uip-nd6.o)
                0x000000000001cae2                uip_nd6_init
 .text          0x000000000001cafb      0x3b0 build/cooja/mtype381.a(simple-udp.o)
                0x000000000001cb28                simple_udp_send
                0x000000000001cb8b                simple_udp_sendto
                0x000000000001cbe6                simple_udp_sendto_port
                0x000000000001cc3f                simple_udp_register
 .text          0x000000000001ceab     0x2c17 build/cooja/mtype381.a(sicslowpan.o)
                0x000000000001d4b2                netstack_sniffer_add
                0x000000000001d4c0                netstack_sniffer_remove
                0x000000000001fa96                sicslowpan_init
                0x000000000001fab8                sicslowpan_get_last_rssi
 .text          0x000000000001fac2      0x4d1 build/cooja/mtype381.a(uiplib.o)
                0x000000000001fac2                uiplib_ip6addrconv
                0x000000000001fc7a                uiplib_ip4addrconv
                0x000000000001fd3d                uiplib_ipaddr_print
                0x000000000001fd90                uiplib_ipaddr_snprint
 .text          0x000000000001ff93      0x4c9 build/cooja/mtype381.a(rpl.o)
                0x000000000001ff93                rpl_lollipop_greater_than
                0x000000000001ffed                rpl_get_global_address
                0x00000000000200e5                rpl_link_callback
                0x0000000000020129                rpl_has_joined
                0x000000000002014e                rpl_is_reachable
                0x00000000000201cf                rpl_reset_prefix
                0x0000000000020239                rpl_set_prefix_from_addr
                0x000000000002031e                rpl_set_prefix
                0x0000000000020438                rpl_set_leaf_only
                0x0000000000020450                rpl_get_leaf_only
 .text          0x000000000002045c     0x138c build/cooja/mtype381.a(rpl-icmp6.o)
                0x0000000000020581                rpl_icmp6_update_nbr_table
                0x000000000002060a                rpl_icmp6_dis_output
                0x0000000000020c50                rpl_icmp6_dio_output
                0x000000000002144e                rpl_icmp6_dao_output
                0x000000000002172f                rpl_icmp6_dao_ack_output
                0x000000000002179f                rpl_icmp6_init
 .text          0x00000000000217e8      0x264 build/cooja/mtype381.a(rpl-dag-root.o)
                0x00000000000217e8                rpl_dag_root_print_links
                0x0000000000021914                rpl_dag_root_set_prefix
                0x0000000000021940                rpl_dag_root_start
                0x0000000000021a1d                rpl_dag_root_is_root
 .text          0x0000000000021a4c       0x30 build/cooja/mtype381.a(watchdog.o)
                0x0000000000021a4c                watchdog_init
                0x0000000000021a52                watchdog_start
                0x0000000000021a58                watchdog_periodic
                0x0000000000021a70                watchdog_stop
                0x0000000000021a76                watchdog_reboot
 .text          0x0000000000021a7c       0x4a build/cooja/mtype381.a(int-master.o)
                0x0000000000021a7c                int_master_enable
                0x0000000000021a8c                int_master_read_and_disable
                0x0000000000021aa9                int_master_status_set
                0x0000000000021ab7                int_master_is_enabled
 .text          0x0000000000021ac6      0xbea build/cooja/mtype381.a(coap-engine.o)
                0x0000000000021b5b                coap_add_handler
                0x0000000000021b78                coap_remove_handler
                0x0000000000021b95                coap_call_handlers
                0x0000000000021c9d                coap_receive
                0x0000000000022298                coap_engine_init
                0x00000000000222f6                coap_activate_resource
                0x00000000000223a1                coap_get_first_resource
                0x00000000000223ba                coap_get_next_resource
 .text          0x00000000000226b0      0x2d9 build/cooja/mtype381.a(coap-res-well-k)
 .text          0x0000000000022989      0x96a build/cooja/mtype381.a(coap-observe.o)
                0x0000000000022a9e                coap_remove_observer
                0x0000000000022ace                coap_remove_observer_by_client
                0x0000000000022b36                coap_remove_observer_by_token
                0x0000000000022bc9                coap_remove_observer_by_uri
                0x0000000000022c70                coap_remove_observer_by_mid
                0x0000000000022cec                coap_notify_observers
                0x0000000000022d05                coap_notify_observers_sub
                0x000000000002316f                coap_observe_handler
                0x000000000002328a                coap_has_observers
 .text          0x00000000000232f3      0x324 build/cooja/mtype381.a(coap-timer.o)
                0x00000000000233f0                coap_timer_stop
                0x000000000002341b                coap_timer_set
                0x000000000002345e                coap_timer_reset
                0x00000000000234a1                coap_timer_time_to_next_expiration
                0x000000000002350d                coap_timer_run
                0x00000000000235d9                coap_timer_init
 .text          0x0000000000023617       0xc7 build/cooja/mtype381.a(stimer.o)
                0x0000000000023617                stimer_set
                0x0000000000023635                stimer_reset
                0x0000000000023662                stimer_restart
                0x0000000000023677                stimer_expired
                0x00000000000236a2                stimer_remaining
                0x00000000000236c6                stimer_elapsed
 .text          0x00000000000236de      0x156 build/cooja/mtype381.a(ringbuf.o)
                0x00000000000236de                ringbuf_init
                0x0000000000023710                ringbuf_put
                0x000000000002378e                ringbuf_get
                0x00000000000237fb                ringbuf_size
                0x000000000002380d                ringbuf_elements
 .text          0x0000000000023834       0x1f build/cooja/mtype381.a(assert.o)
                0x0000000000023834                _xassert
 .text          0x0000000000023853      0x79b build/cooja/mtype381.a(nbr-table.o)
                0x0000000000023ccc                nbr_table_register
                0x0000000000023d39                nbr_table_is_registered
                0x0000000000023d74                nbr_table_head
                0x0000000000023dcf                nbr_table_next
                0x0000000000023e30                nbr_table_add_lladdr
                0x0000000000023f0a                nbr_table_get_from_lladdr
                0x0000000000023f56                nbr_table_remove
                0x0000000000023f8e                nbr_table_lock
                0x0000000000023fa8                nbr_table_unlock
                0x0000000000023fc2                nbr_table_get_lladdr
 .text          0x0000000000023fee      0x3a5 build/cooja/mtype381.a(link-stats.o)
                0x0000000000023fee                link_stats_from_lladdr
                0x000000000002400a                link_stats_get_lladdr
                0x0000000000024026                link_stats_is_fresh
                0x0000000000024062                guess_etx_from_rssi
                0x00000000000240de                link_stats_packet_sent
                0x00000000000241fe                link_stats_input_callback
                0x000000000002430e                link_stats_reset
                0x000000000002435e                link_stats_init
 .text          0x0000000000024393      0x187 build/cooja/mtype381.a(mac-sequence.o)
                0x0000000000024393                mac_sequence_is_duplicate
                0x0000000000024433                mac_sequence_register_seqno
 .text          0x000000000002451a       0x23 build/cooja/mtype381.a(mac.o)
                0x000000000002451a                mac_call_sent_callback
 .text          0x000000000002453d      0x432 build/cooja/mtype381.a(framer-802154.o)
                0x00000000000246cc                framer_802154_setup_params
 .text          0x000000000002496f      0xb6f build/cooja/mtype381.a(frame802154.o)
                0x00000000000249a0                frame802154_get_pan_id
                0x00000000000249ac                frame802154_set_pan_id
                0x00000000000249c6                frame802154_has_panid
                0x0000000000024b75                frame802154_check_dest_panid
                0x0000000000024bfd                frame802154_is_broadcast_addr
                0x0000000000024c4a                frame802154_extract_linkaddr
                0x0000000000024eaf                frame802154_hdrlen
                0x0000000000024f22                frame802154_create_fcf
                0x0000000000024fda                frame802154_create
                0x000000000002514f                frame802154_parse_fcf
                0x0000000000025231                frame802154_parse
 .text          0x00000000000254de       0x2d build/cooja/mtype381.a(csma-security.o)
                0x00000000000254de                csma_security_create_frame
                0x00000000000254fc                csma_security_parse_frame
 .text          0x000000000002550b      0x4e4 build/cooja/mtype381.a(uipbuf.o)
                0x000000000002550b                uipbuf_clear
                0x0000000000025532                uipbuf_add_ext_hdr
                0x00000000000255b2                uipbuf_set_len
                0x00000000000255df                uipbuf_set_len_field
                0x000000000002560b                uipbuf_get_len_field
                0x000000000002562b                uipbuf_get_next_header
                0x000000000002575d                uipbuf_get_last_header
                0x00000000000257d6                uipbuf_search_header
                0x000000000002588c                uipbuf_get_attr
                0x00000000000258b3                uipbuf_set_attr
                0x00000000000258ea                uipbuf_set_default_attr
                0x0000000000025921                uipbuf_clear_attr
                0x0000000000025945                uipbuf_set_attr_flag
                0x0000000000025966                uipbuf_clr_attr_flag
                0x000000000002598d                uipbuf_is_attr_flag
                0x00000000000259b1                uipbuf_init
 .text          0x00000000000259ef      0x73f build/cooja/mtype381.a(uip-icmp6.o)
                0x0000000000025a64                uip_icmp6_input
                0x0000000000025abb                uip_icmp6_register_input_handler
                0x0000000000025c0e                uip_icmp6_error_output
                0x0000000000025ebf                uip_icmp6_send
                0x00000000000260b6                uip_icmp6_echo_reply_callback_add
                0x00000000000260e8                uip_icmp6_echo_reply_callback_rm
                0x0000000000026105                uip_icmp6_init
 .text          0x000000000002612e      0x69b build/cooja/mtype381.a(uip-sr.o)
                0x000000000002612e                uip_sr_num_nodes
                0x00000000000261bc                uip_sr_get_node
                0x0000000000026213                uip_sr_is_addr_reachable
                0x00000000000262c1                uip_sr_expire_parent
                0x000000000002630a                uip_sr_update_node
                0x000000000002643a                uip_sr_init
                0x000000000002646e                uip_sr_node_head
                0x0000000000026487                uip_sr_node_next
                0x000000000002649d                uip_sr_periodic
                0x00000000000265a3                uip_sr_free_all
                0x0000000000026613                uip_sr_link_snprint
 .text          0x00000000000267c9      0x146 build/cooja/mtype381.a(uip-packetqueue)
                0x00000000000267f7                uip_packetqueue_new
                0x0000000000026806                uip_packetqueue_alloc
                0x0000000000026861                uip_packetqueue_free
                0x00000000000268a8                uip_packetqueue_buf
                0x00000000000268c5                uip_packetqueue_buflen
                0x00000000000268e6                uip_packetqueue_set_buflen
 .text          0x000000000002690f      0x1b0 build/cooja/mtype381.a(rpl-nbr-policy.)
                0x0000000000026a7c                rpl_nbr_policy_find_removable
 .text          0x0000000000026abf      0x915 build/cooja/mtype381.a(rpl-neighbor.o)
                0x0000000000026b3b                rpl_neighbor_snprint
                0x0000000000026dee                rpl_neighbor_print_list
                0x0000000000026ea3                rpl_neighbor_count
                0x0000000000026f4a                rpl_neighbor_get_from_lladdr
                0x0000000000026f66                rpl_neighbor_is_acceptable_parent
                0x0000000000026f9a                rpl_neighbor_get_link_metric
                0x0000000000026fce                rpl_neighbor_rank_via_nbr
                0x0000000000027002                rpl_neighbor_get_lladdr
                0x000000000002701e                rpl_neighbor_get_ipaddr
                0x0000000000027045                rpl_neighbor_get_link_stats
                0x000000000002706c                rpl_neighbor_is_fresh
                0x0000000000027093                rpl_neighbor_is_reachable
                0x00000000000270de                rpl_neighbor_is_parent
                0x0000000000027108                rpl_neighbor_set_preferred_parent
                0x000000000002719f                rpl_neighbor_remove_all
                0x00000000000271fb                rpl_neighbor_get_from_ipaddr
                0x0000000000027309                rpl_neighbor_select_best
                0x00000000000273b5                rpl_neighbor_init
 .text          0x00000000000273d4      0xe69 build/cooja/mtype381.a(rpl-dag.o)
                0x00000000000273d4                rpl_dag_state_to_str
                0x0000000000027413                rpl_dag_get_root_ipaddr
                0x000000000002745b                rpl_dag_leave
                0x00000000000274e4                rpl_dag_poison_and_leave
                0x00000000000274fc                rpl_dag_periodic
                0x0000000000027584                rpl_is_addr_in_our_dag
                0x00000000000275c8                rpl_get_default_instance
                0x00000000000275e4                rpl_get_any_dag
                0x000000000002763d                rpl_refresh_routes
                0x000000000002767d                rpl_global_repair
                0x0000000000027716                rpl_local_repair
                0x0000000000027760                rpl_dag_ready_to_advertise
                0x00000000000277a3                rpl_dag_update_state
                0x0000000000027ed0                rpl_process_dio
                0x0000000000027f4e                rpl_process_dis
                0x0000000000027f93                rpl_process_dao
                0x0000000000028022                rpl_process_dao_ack
                0x00000000000280b9                rpl_process_hbh
                0x0000000000028109                rpl_dag_init_root
                0x000000000002821d                rpl_dag_init
 .text          0x000000000002823d      0x9e7 build/cooja/mtype381.a(rpl-timers.o)
                0x000000000002823d                rpl_timers_schedule_periodic_dis
                0x000000000002838b                rpl_timers_dio_reset
                0x0000000000028499                rpl_timers_schedule_unicast_dio
                0x00000000000285ed                rpl_timers_schedule_dao
                0x00000000000286ac                rpl_timers_schedule_dao_ack
                0x0000000000028732                rpl_timers_notify_dao_ack
                0x0000000000028790                get_probing_delay
                0x00000000000287c4                get_probing_target
                0x00000000000289ae                rpl_schedule_probing
                0x00000000000289dc                rpl_schedule_probing_now
                0x0000000000028a46                rpl_timers_unschedule_leaving
                0x0000000000028a7e                rpl_timers_schedule_leaving
                0x0000000000028abf                rpl_timers_init
                0x0000000000028b4f                rpl_timers_stop_dag_timers
                0x0000000000028bc8                rpl_timers_unschedule_state_update
                0x0000000000028bec                rpl_timers_schedule_state_update
 .text          0x0000000000028c24      0xb8e build/cooja/mtype381.a(rpl-ext-header.)
                0x0000000000028c24                rpl_ext_header_srh_get_next_hop
                0x0000000000028d0b                rpl_ext_header_srh_update
                0x0000000000029277                rpl_ext_header_hbh_update
                0x0000000000029577                rpl_ext_header_update
                0x0000000000029600                rpl_ext_header_remove
 .text          0x00000000000297b2      0x31b build/cooja/mtype381.a(rpl-mrhof.o)
 .text          0x0000000000029acd      0x226 build/cooja/mtype381.a(coap-timer-defa)
 *fill*         0x0000000000029cf3        0xd 
 .text          0x0000000000029d00      0x122 /usr/lib/gcc/i686-linux-gnu/5/libgcc.a(_udivdi3.o)
                0x0000000000029d00                __udivdi3
 .text          0x0000000000029e22        0x0 /usr/lib/gcc/i686-linux-gnu/5/crtendS.o
 .text          0x0000000000029e22        0x0 /usr/lib/gcc/i686-linux-gnu/5/../../../i386-linux-gnu/crtn.o
 *(.gnu.warning)

.fini           0x0000000000029e24       0x14
 *(SORT(.fini))
 .fini          0x0000000000029e24        0xf /usr/lib/gcc/i686-linux-gnu/5/../../../i386-linux-gnu/crti.o
                0x0000000000029e24                _fini
 .fini          0x0000000000029e33        0x5 /usr/lib/gcc/i686-linux-gnu/5/../../../i386-linux-gnu/crtn.o
                [!provide]                        PROVIDE (__etext, .)
                [!provide]                        PROVIDE (_etext, .)
                [!provide]                        PROVIDE (etext, .)

.rodata         0x0000000000029e40      0xa78
 *(.rodata .rodata.* .gnu.linkonce.r.*)
 .rodata        0x0000000000029e40      0x104 client.o
                0x0000000000029e68                autostart_processes
 .rodata        0x0000000000029f44        0x8 build/cooja/mtype381.a(beep.o)
                0x0000000000029f44                beep_interface
 .rodata        0x0000000000029f4c        0xe build/cooja/mtype381.a(leds-arch.o)
                0x0000000000029f4c                leds_interface
                0x0000000000029f54                leds_arch_leds
 *fill*         0x0000000000029f5a        0x2 
 .rodata        0x0000000000029f5c        0x8 build/cooja/mtype381.a(moteid.o)
                0x0000000000029f5c                moteid_interface
 .rodata        0x0000000000029f64       0x1c build/cooja/mtype381.a(pir-sensor.o)
                0x0000000000029f64                pir_interface
                0x0000000000029f70                pir_sensor
 .rodata        0x0000000000029f80        0xe build/cooja/mtype381.a(rs232.o)
                0x0000000000029f80                rs232_interface
 *fill*         0x0000000000029f8e        0x2 
 .rodata        0x0000000000029f90       0x24 build/cooja/mtype381.a(vib-sensor.o)
                0x0000000000029f90                vib_interface
                0x0000000000029fa4                vib_sensor
 .rodata        0x0000000000029fb4        0x8 build/cooja/mtype381.a(clock.o)
                0x0000000000029fb4                clock_interface
 .rodata        0x0000000000029fbc        0x8 build/cooja/mtype381.a(cooja-log.o)
                0x0000000000029fbc                simlog_interface
 .rodata        0x0000000000029fc4       0x2f build/cooja/mtype381.a(cfs-cooja.o)
                0x0000000000029fc4                cfs_interface
 *fill*         0x0000000000029ff3        0xd 
 .rodata        0x000000000002a000       0xb8 build/cooja/mtype381.a(cooja-radio.o)
                0x000000000002a000                radio_interface
                0x000000000002a080                cooja_radio_driver
 .rodata        0x000000000002a0b8        0x8 build/cooja/mtype381.a(eeprom.o)
                0x000000000002a0b8                eeprom_interface
 .rodata        0x000000000002a0c0        0x8 build/cooja/mtype381.a(sensors.o)
 .rodata        0x000000000002a0c8       0x2c build/cooja/mtype381.a(buttons.o)
                0x000000000002a0c8                button_interface
                0x000000000002a0dc                button_hal_button_count
                0x000000000002a0e4                button_sensor
 .rodata        0x000000000002a0f4       0x35 build/cooja/mtype381.a(coap-uip.o)
 *fill*         0x000000000002a129        0x3 
 .rodata        0x000000000002a12c      0x1ac build/cooja/mtype381.a(coap.o)
 .rodata        0x000000000002a2d8       0xf8 build/cooja/mtype381.a(contiki-main.o)
 .rodata        0x000000000002a3d0        0xf build/cooja/mtype381.a(ctimer.o)
 *fill*         0x000000000002a3df        0x1 
 .rodata        0x000000000002a3e0       0xc4 build/cooja/mtype381.a(log.o)
 .rodata        0x000000000002a4a4        0xc build/cooja/mtype381.a(etimer.o)
 .rodata        0x000000000002a4b0       0x13 build/cooja/mtype381.a(button-hal.o)
 .rodata        0x000000000002a4c3        0xe build/cooja/mtype381.a(serial-line.o)
 *fill*         0x000000000002a4d1        0x3 
 .rodata        0x000000000002a4d4        0x8 build/cooja/mtype381.a(linkaddr.o)
                0x000000000002a4d4                linkaddr_null
 .rodata        0x000000000002a4dc       0x24 build/cooja/mtype381.a(csma.o)
                0x000000000002a4e4                csma_driver
 .rodata        0x000000000002a500       0x27 build/cooja/mtype381.a(csma-output.o)
 *fill*         0x000000000002a527        0x1 
 .rodata        0x000000000002a528       0x4d build/cooja/mtype381.a(uip-ds6-route.o)
 .rodata        0x000000000002a575        0xd build/cooja/mtype381.a(tcpip.o)
 .rodata        0x000000000002a582       0x13 build/cooja/mtype381.a(simple-udp.o)
 *fill*         0x000000000002a595        0x3 
 .rodata        0x000000000002a598       0x30 build/cooja/mtype381.a(sicslowpan.o)
                0x000000000002a598                unc_llconf
                0x000000000002a59c                unc_ctxconf
                0x000000000002a5a0                unc_mxconf
                0x000000000002a5a4                llprefix
                0x000000000002a5b8                sicslowpan_driver
 .rodata        0x000000000002a5c8       0x2d build/cooja/mtype381.a(uiplib.o)
 *fill*         0x000000000002a5f5        0xb 
 .rodata        0x000000000002a600       0x74 build/cooja/mtype381.a(rpl.o)
                0x000000000002a620                rpl_lite_driver
 .rodata        0x000000000002a674       0x41 build/cooja/mtype381.a(coap-engine.o)
 .rodata        0x000000000002a6b5       0x19 build/cooja/mtype381.a(coap-res-well-k)
 .rodata        0x000000000002a6ce       0x11 build/cooja/mtype381.a(coap-observe.o)
 *fill*         0x000000000002a6df        0x1 
 .rodata        0x000000000002a6e0       0x25 build/cooja/mtype381.a(assert.o)
 *fill*         0x000000000002a705        0x3 
 .rodata        0x000000000002a708        0xc build/cooja/mtype381.a(framer-802154.o)
                0x000000000002a708                framer_802154
 .rodata        0x000000000002a714       0x44 build/cooja/mtype381.a(uip-sr.o)
 .rodata        0x000000000002a758       0x58 build/cooja/mtype381.a(rpl-neighbor.o)
 .rodata        0x000000000002a7b0       0xdb build/cooja/mtype381.a(rpl-dag.o)
 .rodata        0x000000000002a88b        0xc build/cooja/mtype381.a(rpl-timers.o)
 *fill*         0x000000000002a897        0x1 
 .rodata        0x000000000002a898       0x20 build/cooja/mtype381.a(coap-timer-defa)
                0x000000000002a8ac                coap_timer_default_driver

.rodata1
 *(.rodata1)

.eh_frame_hdr   0x000000000002a8b8     0x1a04
 *(.eh_frame_hdr)
 .eh_frame_hdr  0x000000000002a8b8     0x1a04 client.o
                0x000000000002a8b8                __GNU_EH_FRAME_HDR
 *(.eh_frame_entry .eh_frame_entry.*)

.eh_frame       0x000000000002c2bc     0x699c
 *(.eh_frame)
 .eh_frame      0x000000000002c2bc       0x3c /usr/lib/gcc/i686-linux-gnu/5/../../../i386-linux-gnu/crti.o
                                         0x40 (size before relaxing)
 .eh_frame      0x000000000002c2f8       0x80 client.o
                                         0x98 (size before relaxing)
 .eh_frame      0x000000000002c378      0x178 build/cooja/mtype381.o
                                        0x190 (size before relaxing)
 .eh_frame      0x000000000002c4f0       0x40 build/cooja/mtype381.a(simEnvChange.o)
                                         0x58 (size before relaxing)
 .eh_frame      0x000000000002c530       0x60 build/cooja/mtype381.a(cooja_mt.o)
                                         0x78 (size before relaxing)
 .eh_frame      0x000000000002c590       0x80 build/cooja/mtype381.a(cooja_mtarch.o)
                                         0x98 (size before relaxing)
 .eh_frame      0x000000000002c610       0xc8 build/cooja/mtype381.a(rtimer-arch.o)
                                         0xe0 (size before relaxing)
 .eh_frame      0x000000000002c6d8      0x160 build/cooja/mtype381.a(beep.o)
                                        0x178 (size before relaxing)
 .eh_frame      0x000000000002c838       0x80 build/cooja/mtype381.a(leds-arch.o)
                                         0x98 (size before relaxing)
 .eh_frame      0x000000000002c8b8       0x40 build/cooja/mtype381.a(moteid.o)
                                         0x58 (size before relaxing)
 .eh_frame      0x000000000002c8f8       0xa0 build/cooja/mtype381.a(pir-sensor.o)
                                         0xb8 (size before relaxing)
 .eh_frame      0x000000000002c998      0x100 build/cooja/mtype381.a(rs232.o)
                                        0x118 (size before relaxing)
 .eh_frame      0x000000000002ca98       0xa0 build/cooja/mtype381.a(vib-sensor.o)
                                         0xb8 (size before relaxing)
 .eh_frame      0x000000000002cb38       0xc0 build/cooja/mtype381.a(clock.o)
                                         0xd8 (size before relaxing)
 .eh_frame      0x000000000002cbf8      0x120 build/cooja/mtype381.a(cooja-log.o)
                                        0x138 (size before relaxing)
 .eh_frame      0x000000000002cd18      0x160 build/cooja/mtype381.a(cfs-cooja.o)
                                        0x178 (size before relaxing)
 .eh_frame      0x000000000002ce78      0x340 build/cooja/mtype381.a(cooja-radio.o)
                                        0x358 (size before relaxing)
 .eh_frame      0x000000000002d1b8       0xa0 build/cooja/mtype381.a(eeprom.o)
                                         0xb8 (size before relaxing)
 .eh_frame      0x000000000002d258       0x40 build/cooja/mtype381.a(random.o)
                                         0x58 (size before relaxing)
 .eh_frame      0x000000000002d298       0xc0 build/cooja/mtype381.a(sensors.o)
                                         0xd8 (size before relaxing)
 .eh_frame      0x000000000002d358      0x120 build/cooja/mtype381.a(leds.o)
                                        0x138 (size before relaxing)
 .eh_frame      0x000000000002d478      0x220 build/cooja/mtype381.a(gpio-hal-arch.o)
                                        0x238 (size before relaxing)
 .eh_frame      0x000000000002d698       0xa0 build/cooja/mtype381.a(buttons.o)
                                         0xb8 (size before relaxing)
 .eh_frame      0x000000000002d738       0x44 build/cooja/mtype381.a(coap-blocking-a)
                                         0x5c (size before relaxing)
 .eh_frame      0x000000000002d77c      0x250 build/cooja/mtype381.a(coap-uip.o)
                                        0x268 (size before relaxing)
 .eh_frame      0x000000000002d9cc      0x100 build/cooja/mtype381.a(coap-transactio)
                                        0x118 (size before relaxing)
 .eh_frame      0x000000000002dacc      0x6ec build/cooja/mtype381.a(coap.o)
                                        0x704 (size before relaxing)
 .eh_frame      0x000000000002e1b8       0x30 build/cooja/mtype381.a(contiki-main.o)
                                         0x48 (size before relaxing)
 .eh_frame      0x000000000002e1e8       0x40 build/cooja/mtype381.a(autostart.o)
                                         0x58 (size before relaxing)
 .eh_frame      0x000000000002e228      0x100 build/cooja/mtype381.a(ctimer.o)
                                        0x118 (size before relaxing)
 .eh_frame      0x000000000002e328      0x100 build/cooja/mtype381.a(log.o)
                                        0x118 (size before relaxing)
 .eh_frame      0x000000000002e428       0x60 build/cooja/mtype381.a(energest.o)
                                         0x78 (size before relaxing)
 .eh_frame      0x000000000002e488      0x1e0 build/cooja/mtype381.a(etimer.o)
                                        0x1f8 (size before relaxing)
 .eh_frame      0x000000000002e668       0x20 build/cooja/mtype381.a(node-id.o)
                                         0x38 (size before relaxing)
 .eh_frame      0x000000000002e688       0x60 build/cooja/mtype381.a(rtimer.o)
                                         0x78 (size before relaxing)
 .eh_frame      0x000000000002e6e8      0x1c4 build/cooja/mtype381.a(process.o)
                                        0x1dc (size before relaxing)
 .eh_frame      0x000000000002e8ac       0xa4 build/cooja/mtype381.a(timer.o)
                                         0xbc (size before relaxing)
 .eh_frame      0x000000000002e950      0x1a0 build/cooja/mtype381.a(list.o)
                                        0x1b8 (size before relaxing)
 .eh_frame      0x000000000002eaf0       0xa0 build/cooja/mtype381.a(memb.o)
                                         0xb8 (size before relaxing)
 .eh_frame      0x000000000002eb90      0x144 build/cooja/mtype381.a(button-hal.o)
                                        0x15c (size before relaxing)
 .eh_frame      0x000000000002ecd4       0x60 build/cooja/mtype381.a(serial-line.o)
                                         0x78 (size before relaxing)
 .eh_frame      0x000000000002ed34       0xe0 build/cooja/mtype381.a(gpio-hal.o)
                                         0xf8 (size before relaxing)
 .eh_frame      0x000000000002ee14      0x1a0 build/cooja/mtype381.a(queuebuf.o)
                                        0x1b8 (size before relaxing)
 .eh_frame      0x000000000002efb4      0x28c build/cooja/mtype381.a(packetbuf.o)
                                        0x2a4 (size before relaxing)
 .eh_frame      0x000000000002f240       0x80 build/cooja/mtype381.a(netstack.o)
                                         0x98 (size before relaxing)
 .eh_frame      0x000000000002f2c0       0x60 build/cooja/mtype381.a(linkaddr.o)
                                         0x78 (size before relaxing)
 .eh_frame      0x000000000002f320       0xe0 build/cooja/mtype381.a(csma.o)
                                         0xf8 (size before relaxing)
 .eh_frame      0x000000000002f400      0x1d0 build/cooja/mtype381.a(csma-output.o)
                                        0x1e8 (size before relaxing)
 .eh_frame      0x000000000002f5d0      0x328 build/cooja/mtype381.a(uip-ds6.o)
                                        0x340 (size before relaxing)
 .eh_frame      0x000000000002f8f8       0x40 build/cooja/mtype381.a(uip-udp-packet.)
                                         0x58 (size before relaxing)
 .eh_frame      0x000000000002f938      0x220 build/cooja/mtype381.a(uip-ds6-route.o)
                                        0x238 (size before relaxing)
 .eh_frame      0x000000000002fb58      0x244 build/cooja/mtype381.a(tcpip.o)
                                        0x25c (size before relaxing)
 .eh_frame      0x000000000002fd9c      0x1e8 build/cooja/mtype381.a(uip6.o)
                                        0x200 (size before relaxing)
 .eh_frame      0x000000000002ff84      0x1c0 build/cooja/mtype381.a(uip-ds6-nbr.o)
                                        0x1d8 (size before relaxing)
 .eh_frame      0x0000000000030144       0x84 build/cooja/mtype381.a(uip-nd6.o)
                                         0x9c (size before relaxing)
 .eh_frame      0x00000000000301c8       0xd4 build/cooja/mtype381.a(simple-udp.o)
                                         0xec (size before relaxing)
 .eh_frame      0x000000000003029c      0x2f8 build/cooja/mtype381.a(sicslowpan.o)
                                        0x310 (size before relaxing)
 .eh_frame      0x0000000000030594       0x88 build/cooja/mtype381.a(uiplib.o)
                                         0xa0 (size before relaxing)
 .eh_frame      0x000000000003061c      0x1e0 build/cooja/mtype381.a(rpl.o)
                                        0x1f8 (size before relaxing)
 .eh_frame      0x00000000000307fc      0x1c4 build/cooja/mtype381.a(rpl-icmp6.o)
                                        0x1dc (size before relaxing)
 .eh_frame      0x00000000000309c0       0xa0 build/cooja/mtype381.a(rpl-dag-root.o)
                                         0xb8 (size before relaxing)
 .eh_frame      0x0000000000030a60       0xa0 build/cooja/mtype381.a(watchdog.o)
                                         0xb8 (size before relaxing)
 .eh_frame      0x0000000000030b00       0x80 build/cooja/mtype381.a(int-master.o)
                                         0x98 (size before relaxing)
 .eh_frame      0x0000000000030b80      0x220 build/cooja/mtype381.a(coap-engine.o)
                                        0x238 (size before relaxing)
 .eh_frame      0x0000000000030da0       0x24 build/cooja/mtype381.a(coap-res-well-k)
                                         0x3c (size before relaxing)
 .eh_frame      0x0000000000030dc4      0x188 build/cooja/mtype381.a(coap-observe.o)
                                        0x1a0 (size before relaxing)
 .eh_frame      0x0000000000030f4c      0x114 build/cooja/mtype381.a(coap-timer.o)
                                        0x12c (size before relaxing)
 .eh_frame      0x0000000000031060       0xc4 build/cooja/mtype381.a(stimer.o)
                                         0xdc (size before relaxing)
 .eh_frame      0x0000000000031124       0xa0 build/cooja/mtype381.a(ringbuf.o)
                                         0xb8 (size before relaxing)
 .eh_frame      0x00000000000311c4       0x20 build/cooja/mtype381.a(assert.o)
                                         0x38 (size before relaxing)
 .eh_frame      0x00000000000311e4      0x2ac build/cooja/mtype381.a(nbr-table.o)
                                        0x2c4 (size before relaxing)
 .eh_frame      0x0000000000031490      0x120 build/cooja/mtype381.a(link-stats.o)
                                        0x138 (size before relaxing)
 .eh_frame      0x00000000000315b0       0x48 build/cooja/mtype381.a(mac-sequence.o)
                                         0x60 (size before relaxing)
 .eh_frame      0x00000000000315f8       0x20 build/cooja/mtype381.a(mac.o)
                                         0x38 (size before relaxing)
 .eh_frame      0x0000000000031618       0xa4 build/cooja/mtype381.a(framer-802154.o)
                                         0xbc (size before relaxing)
 .eh_frame      0x00000000000316bc      0x1a4 build/cooja/mtype381.a(frame802154.o)
                                        0x1bc (size before relaxing)
 .eh_frame      0x0000000000031860       0x40 build/cooja/mtype381.a(csma-security.o)
                                         0x58 (size before relaxing)
 .eh_frame      0x00000000000318a0      0x200 build/cooja/mtype381.a(uipbuf.o)
                                        0x218 (size before relaxing)
 .eh_frame      0x0000000000031aa0      0x150 build/cooja/mtype381.a(uip-icmp6.o)
                                        0x168 (size before relaxing)
 .eh_frame      0x0000000000031bf0      0x184 build/cooja/mtype381.a(uip-sr.o)
                                        0x19c (size before relaxing)
 .eh_frame      0x0000000000031d74       0xe0 build/cooja/mtype381.a(uip-packetqueue)
                                         0xf8 (size before relaxing)
 .eh_frame      0x0000000000031e54       0x80 build/cooja/mtype381.a(rpl-nbr-policy.)
                                         0x98 (size before relaxing)
 .eh_frame      0x0000000000031ed4      0x2d4 build/cooja/mtype381.a(rpl-neighbor.o)
                                        0x2ec (size before relaxing)
 .eh_frame      0x00000000000321a8      0x370 build/cooja/mtype381.a(rpl-dag.o)
                                        0x388 (size before relaxing)
 .eh_frame      0x0000000000032518      0x3a8 build/cooja/mtype381.a(rpl-timers.o)
                                        0x3c0 (size before relaxing)
 .eh_frame      0x00000000000328c0      0x124 build/cooja/mtype381.a(rpl-ext-header.)
                                        0x13c (size before relaxing)
 .eh_frame      0x00000000000329e4      0x148 build/cooja/mtype381.a(rpl-mrhof.o)
                                        0x160 (size before relaxing)
 .eh_frame      0x0000000000032b2c       0xa4 build/cooja/mtype381.a(coap-timer-defa)
                                         0xbc (size before relaxing)
 .eh_frame      0x0000000000032bd0       0x84 /usr/lib/gcc/i686-linux-gnu/5/libgcc.a(_udivdi3.o)
                                         0x9c (size before relaxing)
 .eh_frame      0x0000000000032c54        0x4 /usr/lib/gcc/i686-linux-gnu/5/crtendS.o
 *(.eh_frame.*)

.gcc_except_table
 *(.gcc_except_table .gcc_except_table.*)

.gnu_extab
 *(.gnu_extab*)

.exception_ranges
 *(.exception_ranges .exception_ranges*)
                0x0000000000033f10                . = DATA_SEGMENT_ALIGN (0x1000, 0x1000)

.eh_frame
 *(.eh_frame)
 *(.eh_frame.*)

.gnu_extab
 *(.gnu_extab)

.gcc_except_table
 *(.gcc_except_table .gcc_except_table.*)

.exception_ranges
 *(.exception_ranges .exception_ranges*)

.tdata
 *(.tdata .tdata.* .gnu.linkonce.td.*)

.tbss
 *(.tbss .tbss.* .gnu.linkonce.tb.*)
 *(.tcommon)

.preinit_array
 *(.preinit_array)

.init_array     0x0000000000033f10        0x4
 *(SORT(.init_array.*) SORT(.ctors.*))
 *(.init_array EXCLUDE_FILE(*crtend?.o *crtend.o *crtbegin?.o *crtbegin.o) .ctors)
 .init_array    0x0000000000033f10        0x4 /usr/lib/gcc/i686-linux-gnu/5/crtbeginS.o

.fini_array     0x0000000000033f14        0x4
 *(SORT(.fini_array.*) SORT(.dtors.*))
 *(.fini_array EXCLUDE_FILE(*crtend?.o *crtend.o *crtbegin?.o *crtbegin.o) .dtors)
 .fini_array    0x0000000000033f14        0x4 /usr/lib/gcc/i686-linux-gnu/5/crtbeginS.o

.ctors
 *crtbegin.o(.ctors)
 *crtbegin?.o(.ctors)
 *(EXCLUDE_FILE(*crtend?.o *crtend.o) .ctors)
 *(SORT(.ctors.*))
 *(.ctors)

.dtors
 *crtbegin.o(.dtors)
 *crtbegin?.o(.dtors)
 *(EXCLUDE_FILE(*crtend?.o *crtend.o) .dtors)
 *(SORT(.dtors.*))
 *(.dtors)

.jcr            0x0000000000033f18        0x4
 *(.jcr)
 .jcr           0x0000000000033f18        0x0 /usr/lib/gcc/i686-linux-gnu/5/crtbeginS.o
 .jcr           0x0000000000033f18        0x4 /usr/lib/gcc/i686-linux-gnu/5/crtendS.o

.data.rel.ro
 *(.data.rel.ro.local* .gnu.linkonce.d.rel.ro.local.*)
 *(.data.rel.ro .data.rel.ro.* .gnu.linkonce.d.rel.ro.*)

.dynamic        0x0000000000033f1c       0xd0
 *(.dynamic)
 .dynamic       0x0000000000033f1c       0xd0 /usr/lib/gcc/i686-linux-gnu/5/../../../i386-linux-gnu/crti.o
                0x0000000000033f1c                _DYNAMIC

.got            0x0000000000033fec       0x14
 *(.got)
 .got           0x0000000000033fec       0x14 /usr/lib/gcc/i686-linux-gnu/5/../../../i386-linux-gnu/crti.o
 *(.igot)
                0x0000000000034ff4                . = DATA_SEGMENT_RELRO_END (., (SIZEOF (.got.plt) >= 0xc)?0xc:0x0)

.got.plt        0x0000000000034000        0xc
 *(.got.plt)
 .got.plt       0x0000000000034000        0xc /usr/lib/gcc/i686-linux-gnu/5/../../../i386-linux-gnu/crti.o
                0x0000000000034000                _GLOBAL_OFFSET_TABLE_
 *(.igot.plt)

.data           0x0000000000034020      0x434
 *(.data .data.* .gnu.linkonce.d.*)
 .data          0x0000000000034020        0x0 /usr/lib/gcc/i686-linux-gnu/5/../../../i386-linux-gnu/crti.o
 .data          0x0000000000034020        0x0 /usr/lib/gcc/i686-linux-gnu/5/crtbeginS.o
 .data.rel.local
                0x0000000000034020        0x4 /usr/lib/gcc/i686-linux-gnu/5/crtbeginS.o
                0x0000000000034020                __dso_handle
 .data          0x0000000000034024       0x24 client.o
                0x0000000000034024                service_url
                0x0000000000034028                udp_client_process
                0x0000000000034038                er_example_client
 *fill*         0x0000000000034048       0x18 
 .data          0x0000000000034060       0x44 build/cooja/mtype381.o
                0x0000000000034060                simInterfaces
                0x0000000000034094                sensors
 .data          0x00000000000340a4        0x0 build/cooja/mtype381.a(simEnvChange.o)
 .data          0x00000000000340a4        0x0 build/cooja/mtype381.a(cooja_mt.o)
 .data          0x00000000000340a4        0x0 build/cooja/mtype381.a(cooja_mtarch.o)
 .data          0x00000000000340a4        0x0 build/cooja/mtype381.a(rtimer-arch.o)
 .data          0x00000000000340a4        0x0 build/cooja/mtype381.a(beep.o)
 .data          0x00000000000340a4        0x0 build/cooja/mtype381.a(leds-arch.o)
 .data          0x00000000000340a4        0x0 build/cooja/mtype381.a(moteid.o)
 .data          0x00000000000340a4        0x0 build/cooja/mtype381.a(pir-sensor.o)
 .data          0x00000000000340a4        0x0 build/cooja/mtype381.a(rs232.o)
 .data          0x00000000000340a4        0x0 build/cooja/mtype381.a(vib-sensor.o)
 .data          0x00000000000340a4        0x0 build/cooja/mtype381.a(clock.o)
 .data          0x00000000000340a4        0x0 build/cooja/mtype381.a(cooja-log.o)
 .data          0x00000000000340a4        0x0 build/cooja/mtype381.a(cfs-cooja.o)
 .data          0x00000000000340a4       0x2c build/cooja/mtype381.a(cooja-radio.o)
                0x00000000000340a4                simRadioHWOn
                0x00000000000340a8                simSignalStrength
                0x00000000000340ac                simLastSignalStrength
                0x00000000000340b0                simPower
                0x00000000000340b4                simRadioChannel
                0x00000000000340b8                simLQI
                0x00000000000340c0                cooja_radio_process
 .data          0x00000000000340d0        0x0 build/cooja/mtype381.a(eeprom.o)
 .data          0x00000000000340d0        0x0 build/cooja/mtype381.a(random.o)
 .data          0x00000000000340d0       0x10 build/cooja/mtype381.a(sensors.o)
                0x00000000000340d0                sensors_process
 .data          0x00000000000340e0        0x0 build/cooja/mtype381.a(leds.o)
 .data          0x00000000000340e0        0x0 build/cooja/mtype381.a(gpio-hal-arch.o)
 .data          0x00000000000340e0       0x78 build/cooja/mtype381.a(buttons.o)
                0x00000000000340e0                simButtonIsActive
                0x0000000000034150                button_hal_buttons
 .data          0x0000000000034158        0x0 build/cooja/mtype381.a(coap-blocking-a)
 .data          0x0000000000034158       0x10 build/cooja/mtype381.a(coap-uip.o)
                0x0000000000034158                coap_engine
 .data          0x0000000000034168       0x10 build/cooja/mtype381.a(coap-transactio)
 .data          0x0000000000034178        0x4 build/cooja/mtype381.a(coap.o)
                0x0000000000034178                coap_error_message
 .data          0x000000000003417c        0x0 build/cooja/mtype381.a(contiki-main.o)
 .data          0x000000000003417c        0x0 build/cooja/mtype381.a(autostart.o)
 .data          0x000000000003417c       0x14 build/cooja/mtype381.a(ctimer.o)
                0x0000000000034180                ctimer_process
 *fill*         0x0000000000034190       0x10 
 .data          0x00000000000341a0       0xbc build/cooja/mtype381.a(log.o)
                0x00000000000341a0                curr_log_level_main
                0x00000000000341c0                all_modules
 .data          0x000000000003425c        0x0 build/cooja/mtype381.a(energest.o)
 .data          0x000000000003425c       0x10 build/cooja/mtype381.a(etimer.o)
                0x000000000003425c                etimer_process
 .data          0x000000000003426c        0x0 build/cooja/mtype381.a(node-id.o)
 .data          0x000000000003426c        0x0 build/cooja/mtype381.a(rtimer.o)
 .data          0x000000000003426c        0x0 build/cooja/mtype381.a(process.o)
 .data          0x000000000003426c        0x0 build/cooja/mtype381.a(timer.o)
 .data          0x000000000003426c        0x0 build/cooja/mtype381.a(list.o)
 .data          0x000000000003426c        0x0 build/cooja/mtype381.a(memb.o)
 .data          0x000000000003426c       0x10 build/cooja/mtype381.a(button-hal.o)
                0x000000000003426c                button_hal_process
 .data          0x000000000003427c       0x10 build/cooja/mtype381.a(serial-line.o)
                0x000000000003427c                serial_line_process
 .data          0x000000000003428c        0x4 build/cooja/mtype381.a(gpio-hal.o)
 .data          0x0000000000034290       0x18 build/cooja/mtype381.a(queuebuf.o)
 .data          0x00000000000342a8        0x4 build/cooja/mtype381.a(packetbuf.o)
 .data          0x00000000000342ac        0x4 build/cooja/mtype381.a(netstack.o)
 .data          0x00000000000342b0        0x0 build/cooja/mtype381.a(linkaddr.o)
 .data          0x00000000000342b0        0x0 build/cooja/mtype381.a(csma.o)
 .data          0x00000000000342b0       0x28 build/cooja/mtype381.a(csma-output.o)
 .data          0x00000000000342d8        0x0 build/cooja/mtype381.a(uip-ds6.o)
 .data          0x00000000000342d8        0x0 build/cooja/mtype381.a(uip-udp-packet.)
 .data          0x00000000000342d8       0x10 build/cooja/mtype381.a(uip-ds6-route.o)
 .data          0x00000000000342e8       0x10 build/cooja/mtype381.a(tcpip.o)
                0x00000000000342e8                tcpip_process
 .data          0x00000000000342f8        0x0 build/cooja/mtype381.a(uip6.o)
 .data          0x00000000000342f8       0x14 build/cooja/mtype381.a(uip-ds6-nbr.o)
 .data          0x000000000003430c        0xc build/cooja/mtype381.a(uip-nd6.o)
 .data          0x0000000000034318       0x10 build/cooja/mtype381.a(simple-udp.o)
                0x0000000000034318                simple_udp_process
 .data          0x0000000000034328        0x0 build/cooja/mtype381.a(sicslowpan.o)
 .data          0x0000000000034328        0x0 build/cooja/mtype381.a(uiplib.o)
 .data          0x0000000000034328        0x0 build/cooja/mtype381.a(rpl.o)
 .data          0x0000000000034328       0x30 build/cooja/mtype381.a(rpl-icmp6.o)
 .data          0x0000000000034358        0x0 build/cooja/mtype381.a(rpl-dag-root.o)
 .data          0x0000000000034358        0x0 build/cooja/mtype381.a(watchdog.o)
 .data          0x0000000000034358        0x0 build/cooja/mtype381.a(int-master.o)
 .data          0x0000000000034358        0x8 build/cooja/mtype381.a(coap-engine.o)
 .data          0x0000000000034360       0x24 build/cooja/mtype381.a(coap-res-well-k)
                0x0000000000034360                res_well_known_core
 .data          0x0000000000034384       0x10 build/cooja/mtype381.a(coap-observe.o)
 .data          0x0000000000034394        0x4 build/cooja/mtype381.a(coap-timer.o)
 .data          0x0000000000034398        0x0 build/cooja/mtype381.a(stimer.o)
 .data          0x0000000000034398        0x0 build/cooja/mtype381.a(ringbuf.o)
 .data          0x0000000000034398        0x0 build/cooja/mtype381.a(assert.o)
 .data          0x0000000000034398       0x10 build/cooja/mtype381.a(nbr-table.o)
 .data          0x00000000000343a8       0x14 build/cooja/mtype381.a(link-stats.o)
 .data          0x00000000000343bc        0x0 build/cooja/mtype381.a(mac-sequence.o)
 .data          0x00000000000343bc        0x0 build/cooja/mtype381.a(mac.o)
 .data          0x00000000000343bc        0x0 build/cooja/mtype381.a(framer-802154.o)
 .data          0x00000000000343bc        0x2 build/cooja/mtype381.a(frame802154.o)
 .data          0x00000000000343be        0x0 build/cooja/mtype381.a(csma-security.o)
 .data          0x00000000000343be        0x0 build/cooja/mtype381.a(uipbuf.o)
 *fill*         0x00000000000343be        0x2 
 .data          0x00000000000343c0       0x20 build/cooja/mtype381.a(uip-icmp6.o)
 .data          0x00000000000343e0       0x10 build/cooja/mtype381.a(uip-sr.o)
 .data          0x00000000000343f0        0xc build/cooja/mtype381.a(uip-packetqueue)
 .data          0x00000000000343fc        0x0 build/cooja/mtype381.a(rpl-nbr-policy.)
 .data          0x00000000000343fc       0x14 build/cooja/mtype381.a(rpl-neighbor.o)
                0x000000000003440c                rpl_neighbors
 .data          0x0000000000034410        0x0 build/cooja/mtype381.a(rpl-dag.o)
 .data          0x0000000000034410        0x0 build/cooja/mtype381.a(rpl-timers.o)
 .data          0x0000000000034410        0x0 build/cooja/mtype381.a(rpl-ext-header.)
 *fill*         0x0000000000034410       0x10 
 .data          0x0000000000034420       0x24 build/cooja/mtype381.a(rpl-mrhof.o)
                0x0000000000034420                rpl_mrhof
 .data          0x0000000000034444       0x10 build/cooja/mtype381.a(coap-timer-defa)
                0x0000000000034444                coap_timer_process
 .data          0x0000000000034454        0x0 /usr/lib/gcc/i686-linux-gnu/5/libgcc.a(_udivdi3.o)
 .data          0x0000000000034454        0x0 /usr/lib/gcc/i686-linux-gnu/5/crtendS.o
 .data          0x0000000000034454        0x0 /usr/lib/gcc/i686-linux-gnu/5/../../../i386-linux-gnu/crtn.o

.tm_clone_table
                0x0000000000034454        0x0
 .tm_clone_table
                0x0000000000034454        0x0 /usr/lib/gcc/i686-linux-gnu/5/crtbeginS.o
 .tm_clone_table
                0x0000000000034454        0x0 /usr/lib/gcc/i686-linux-gnu/5/crtendS.o

.data1
 *(.data1)
                0x0000000000034454                _edata = .
                [!provide]                        PROVIDE (edata, .)
                0x0000000000034454                . = .
                0x0000000000034454                __bss_start = .

.bss            0x0000000000034460    0x144c4
 *(.dynbss)
 .dynbss        0x0000000000034460        0x0 /usr/lib/gcc/i686-linux-gnu/5/../../../i386-linux-gnu/crti.o
 *(.bss .bss.* .gnu.linkonce.b.*)
 .bss           0x0000000000034460        0x0 /usr/lib/gcc/i686-linux-gnu/5/../../../i386-linux-gnu/crti.o
 .bss           0x0000000000034460        0x1 /usr/lib/gcc/i686-linux-gnu/5/crtbeginS.o
 *fill*         0x0000000000034461       0x1f 
 .bss           0x0000000000034480      0x16c client.o
                0x0000000000034480                rpl_add
 *fill*         0x00000000000345ec       0x14 
 .bss           0x0000000000034600     0x2030 build/cooja/mtype381.o
 .bss           0x0000000000036630        0x1 build/cooja/mtype381.a(simEnvChange.o)
                0x0000000000036630                simDontFallAsleep
 *fill*         0x0000000000036631        0x3 
 .bss           0x0000000000036634        0x4 build/cooja/mtype381.a(cooja_mt.o)
 .bss           0x0000000000036638        0x4 build/cooja/mtype381.a(cooja_mtarch.o)
 .bss           0x000000000003663c        0x0 build/cooja/mtype381.a(rtimer-arch.o)
 .bss           0x000000000003663c        0x0 build/cooja/mtype381.a(beep.o)
 .bss           0x000000000003663c        0x1 build/cooja/mtype381.a(leds-arch.o)
                0x000000000003663c                simLedsValue
 .bss           0x000000000003663d        0x0 build/cooja/mtype381.a(moteid.o)
 .bss           0x000000000003663d        0x1 build/cooja/mtype381.a(pir-sensor.o)
                0x000000000003663d                simPirValue
 *fill*         0x000000000003663e        0x2 
 .bss           0x0000000000036640        0x4 build/cooja/mtype381.a(rs232.o)
 .bss           0x0000000000036644        0x1 build/cooja/mtype381.a(vib-sensor.o)
                0x0000000000036644                simVibValue
 .bss           0x0000000000036645        0x0 build/cooja/mtype381.a(clock.o)
 *fill*         0x0000000000036645       0x1b 
 .bss           0x0000000000036660     0x2020 build/cooja/mtype381.a(cooja-log.o)
 .bss           0x0000000000038680      0xfc0 build/cooja/mtype381.a(cfs-cooja.o)
                0x0000000000038680                simCFSData
                0x0000000000039620                simCFSSize
                0x0000000000039624                simCFSChanged
                0x0000000000039628                simCFSRead
                0x000000000003962c                simCFSWritten
 .bss           0x0000000000039640       0x24 build/cooja/mtype381.a(cooja-radio.o)
                0x0000000000039640                simReceiving
                0x0000000000039644                simInSize
                0x0000000000039648                simLastPacketTimestamp
                0x0000000000039650                simOutSize
 .bss           0x0000000000039664        0xc build/cooja/mtype381.a(eeprom.o)
                0x0000000000039664                simEEPROMChanged
                0x0000000000039668                simEEPROMRead
                0x000000000003966c                simEEPROMWritten
 .bss           0x0000000000039670        0x0 build/cooja/mtype381.a(random.o)
 .bss           0x0000000000039670        0xc build/cooja/mtype381.a(sensors.o)
 .bss           0x000000000003967c        0x0 build/cooja/mtype381.a(leds.o)
 .bss           0x000000000003967c       0x24 build/cooja/mtype381.a(gpio-hal-arch.o)
 .bss           0x00000000000396a0        0x0 build/cooja/mtype381.a(buttons.o)
 .bss           0x00000000000396a0        0x0 build/cooja/mtype381.a(coap-blocking-a)
 .bss           0x00000000000396a0       0x18 build/cooja/mtype381.a(coap-uip.o)
 *fill*         0x00000000000396b8        0x8 
 .bss           0x00000000000396c0      0x334 build/cooja/mtype381.a(coap-transactio)
 .bss           0x00000000000399f4        0x6 build/cooja/mtype381.a(coap.o)
                0x00000000000399f4                coap_status_code
 .bss           0x00000000000399fa        0x0 build/cooja/mtype381.a(contiki-main.o)
 .bss           0x00000000000399fa        0x0 build/cooja/mtype381.a(autostart.o)
 *fill*         0x00000000000399fa        0x2 
 .bss           0x00000000000399fc        0x5 build/cooja/mtype381.a(ctimer.o)
 *fill*         0x0000000000039a01        0x3 
 .bss           0x0000000000039a04       0x2c build/cooja/mtype381.a(log.o)
                0x0000000000039a04                curr_log_level_rpl
                0x0000000000039a08                curr_log_level_tcpip
                0x0000000000039a0c                curr_log_level_ipv6
                0x0000000000039a10                curr_log_level_6lowpan
                0x0000000000039a14                curr_log_level_nullnet
                0x0000000000039a18                curr_log_level_mac
                0x0000000000039a1c                curr_log_level_framer
                0x0000000000039a20                curr_log_level_6top
                0x0000000000039a24                curr_log_level_coap
                0x0000000000039a28                curr_log_level_snmp
                0x0000000000039a2c                curr_log_level_lwm2m
 .bss           0x0000000000039a30        0x0 build/cooja/mtype381.a(energest.o)
 .bss           0x0000000000039a30        0x8 build/cooja/mtype381.a(etimer.o)
 .bss           0x0000000000039a38        0x2 build/cooja/mtype381.a(node-id.o)
                0x0000000000039a38                node_id
 *fill*         0x0000000000039a3a        0x2 
 .bss           0x0000000000039a3c        0x4 build/cooja/mtype381.a(rtimer.o)
 .bss           0x0000000000039a40      0x1a1 build/cooja/mtype381.a(process.o)
                0x0000000000039a40                process_list
                0x0000000000039a44                process_current
 .bss           0x0000000000039be1        0x0 build/cooja/mtype381.a(timer.o)
 .bss           0x0000000000039be1        0x0 build/cooja/mtype381.a(list.o)
 .bss           0x0000000000039be1        0x0 build/cooja/mtype381.a(memb.o)
 *fill*         0x0000000000039be1        0x3 
 .bss           0x0000000000039be4       0x10 build/cooja/mtype381.a(button-hal.o)
 *fill*         0x0000000000039bf4        0xc 
 .bss           0x0000000000039c00      0x140 build/cooja/mtype381.a(serial-line.o)
 .bss           0x0000000000039d40        0x4 build/cooja/mtype381.a(gpio-hal.o)
 *fill*         0x0000000000039d44       0x1c 
 .bss           0x0000000000039d60     0x2c80 build/cooja/mtype381.a(queuebuf.o)
 .bss           0x000000000003c9e0       0xa0 build/cooja/mtype381.a(packetbuf.o)
 .bss           0x000000000003ca80        0x4 build/cooja/mtype381.a(netstack.o)
 .bss           0x000000000003ca84        0x0 build/cooja/mtype381.a(linkaddr.o)
 .bss           0x000000000003ca84        0x0 build/cooja/mtype381.a(csma.o)
 *fill*         0x000000000003ca84       0x1c 
 .bss           0x000000000003caa0      0x726 build/cooja/mtype381.a(csma-output.o)
 *fill*         0x000000000003d1c6        0x2 
 .bss           0x000000000003d1c8       0x30 build/cooja/mtype381.a(uip-ds6.o)
 .bss           0x000000000003d1f8        0x0 build/cooja/mtype381.a(uip-udp-packet.)
 *fill*         0x000000000003d1f8        0x8 
 .bss           0x000000000003d200       0x60 build/cooja/mtype381.a(uip-ds6-route.o)
 .bss           0x000000000003d260       0x10 build/cooja/mtype381.a(tcpip.o)
 .bss           0x000000000003d270        0x8 build/cooja/mtype381.a(uip6.o)
                0x000000000003d270                uip_ext_bitmap
                0x000000000003d272                uip_ext_len
                0x000000000003d274                uip_last_proto
 *fill*         0x000000000003d278        0x8 
 .bss           0x000000000003d280     0x1c20 build/cooja/mtype381.a(uip-ds6-nbr.o)
 .bss           0x000000000003eea0       0x10 build/cooja/mtype381.a(uip-nd6.o)
 *fill*         0x000000000003eeb0       0x10 
 .bss           0x000000000003eec0      0x520 build/cooja/mtype381.a(simple-udp.o)
 .bss           0x000000000003f3e0      0x724 build/cooja/mtype381.a(sicslowpan.o)
 .bss           0x000000000003fb04        0x0 build/cooja/mtype381.a(uiplib.o)
 .bss           0x000000000003fb04        0x1 build/cooja/mtype381.a(rpl.o)
 .bss           0x000000000003fb05        0x0 build/cooja/mtype381.a(rpl-icmp6.o)
 *fill*         0x000000000003fb05        0x3 
 .bss           0x000000000003fb08       0x11 build/cooja/mtype381.a(rpl-dag-root.o)
 .bss           0x000000000003fb19        0x0 build/cooja/mtype381.a(watchdog.o)