Archive member included to satisfy reference by file (symbol)

build/cooja/mtype569.a(simEnvChange.o)
                              build/cooja/mtype569.o (simDontFallAsleep)
build/cooja/mtype569.a(cooja_mt.o)
                              build/cooja/mtype569.o (cooja_mt_start)
build/cooja/mtype569.a(cooja_mtarch.o)
                              build/cooja/mtype569.a(cooja_mt.o) (cooja_mtarch_start)
build/cooja/mtype569.a(rtimer-arch.o)
                              build/cooja/mtype569.o (rtimer_arch_check)
build/cooja/mtype569.a(beep.o)
                              build/cooja/mtype569.o (beep_interface)
build/cooja/mtype569.a(leds-arch.o)
                              build/cooja/mtype569.o (leds_interface)
build/cooja/mtype569.a(moteid.o)
                              build/cooja/mtype569.o (moteid_interface)
build/cooja/mtype569.a(pir-sensor.o)
                              build/cooja/mtype569.o (pir_interface)
build/cooja/mtype569.a(rs232.o)
                              build/cooja/mtype569.o (rs232_interface)
build/cooja/mtype569.a(vib-sensor.o)
                              build/cooja/mtype569.o (vib_interface)
build/cooja/mtype569.a(clock.o)
                              build/cooja/mtype569.o (clock_interface)
build/cooja/mtype569.a(cooja-log.o)
                              build/cooja/mtype569.o (simlog_interface)
build/cooja/mtype569.a(cfs-cooja.o)
                              build/cooja/mtype569.o (cfs_interface)
build/cooja/mtype569.a(cooja-radio.o)
                              build/cooja/mtype569.o (radio_interface)
build/cooja/mtype569.a(eeprom.o)
                              build/cooja/mtype569.o (eeprom_interface)
build/cooja/mtype569.a(random.o)
                              build/cooja/mtype569.a(moteid.o) (random_init)
build/cooja/mtype569.a(sensors.o)
                              build/cooja/mtype569.a(pir-sensor.o) (sensors_changed)
build/cooja/mtype569.a(leds.o)
                              build/cooja/mtype569.a(leds-arch.o) (leds_get)
build/cooja/mtype569.a(gpio-hal-arch.o)
                              build/cooja/mtype569.a(leds-arch.o) (gpio_hal_arch_register_pin_callback)
build/cooja/mtype569.a(buttons.o)
                              build/cooja/mtype569.o (button_interface)
build/cooja/mtype569.a(res_window.o)
                              window.o (name_assigned)
build/cooja/mtype569.a(coap-blocking-a)
                              window.o (coap_blocking_request)
build/cooja/mtype569.a(coap-engine.o)
                              window.o (coap_activate_resource)
build/cooja/mtype569.a(coap-res-well-k)
                              build/cooja/mtype569.a(coap-engine.o) (res_well_known_core)
build/cooja/mtype569.a(coap-observe.o)
                              build/cooja/mtype569.a(coap-engine.o) (coap_remove_observer_by_mid)
build/cooja/mtype569.a(coap-uip.o)
                              build/cooja/mtype569.a(coap-observe.o) (coap_endpoint_copy)
build/cooja/mtype569.a(coap-timer.o)
                              build/cooja/mtype569.a(coap-engine.o) (coap_timer_set)
build/cooja/mtype569.a(coap-transactio)
                              build/cooja/mtype569.a(coap-blocking-a) (coap_send_transaction)
build/cooja/mtype569.a(coap.o)
                              build/cooja/mtype569.a(coap-engine.o) (coap_status_code)
build/cooja/mtype569.a(contiki-main.o)
                              build/cooja/mtype569.o (main)
build/cooja/mtype569.a(autostart.o)
                              build/cooja/mtype569.a(contiki-main.o) (autostart_start)
build/cooja/mtype569.a(ctimer.o)
                              build/cooja/mtype569.a(contiki-main.o) (ctimer_init)
build/cooja/mtype569.a(log.o)
                              build/cooja/mtype569.a(contiki-main.o) (curr_log_level_main)
build/cooja/mtype569.a(energest.o)
                              build/cooja/mtype569.a(contiki-main.o) (energest_init)
build/cooja/mtype569.a(etimer.o)
                              build/cooja/mtype569.a(contiki-main.o) (etimer_process)
build/cooja/mtype569.a(node-id.o)
                              build/cooja/mtype569.a(contiki-main.o) (node_id)
build/cooja/mtype569.a(rtimer.o)
                              build/cooja/mtype569.a(contiki-main.o) (rtimer_init)
build/cooja/mtype569.a(process.o)
                              build/cooja/mtype569.a(coap-blocking-a) (process_current)
build/cooja/mtype569.a(timer.o)
                              build/cooja/mtype569.a(etimer.o) (timer_set)
build/cooja/mtype569.a(list.o)
                              build/cooja/mtype569.a(coap-engine.o) (list_init)
build/cooja/mtype569.a(memb.o)
                              build/cooja/mtype569.a(coap-observe.o) (memb_alloc)
build/cooja/mtype569.a(button-hal.o)
                              build/cooja/mtype569.o (button_hal_init)
build/cooja/mtype569.a(serial-line.o)
                              build/cooja/mtype569.a(rs232.o) (serial_line_input_byte)
build/cooja/mtype569.a(gpio-hal.o)
[...]
Memory Configuration

Name             Origin             Length             Attributes
*default*        0x0000000000000000 0xffffffffffffffff

Linker script and memory map

LOAD /usr/lib/gcc/i686-linux-gnu/5/../../../i386-linux-gnu/crti.o
LOAD /usr/lib/gcc/i686-linux-gnu/5/crtbeginS.o
LOAD window.o
LOAD build/cooja/mtype569.o
LOAD build/cooja/mtype569.a
LOAD /usr/lib/gcc/i686-linux-gnu/5/libgcc.a
LOAD /usr/lib/gcc/i686-linux-gnu/5/libgcc_s.so
LOAD /usr/lib/gcc/i686-linux-gnu/5/../../../i386-linux-gnu/libc.so
START GROUP
LOAD /lib/i386-linux-gnu/libc.so.6
LOAD /usr/lib/i386-linux-gnu/libc_nonshared.a
LOAD /lib/i386-linux-gnu/ld-linux.so.2
END GROUP
LOAD /usr/lib/gcc/i686-linux-gnu/5/libgcc.a
LOAD /usr/lib/gcc/i686-linux-gnu/5/libgcc_s.so
LOAD /usr/lib/gcc/i686-linux-gnu/5/crtendS.o
LOAD /usr/lib/gcc/i686-linux-gnu/5/../../../i386-linux-gnu/crtn.o
                0x0000000000000114                . = (0x0 + SIZEOF_HEADERS)

.note.gnu.build-id
                0x0000000000000114       0x24
 *(.note.gnu.build-id)
 .note.gnu.build-id
                0x0000000000000114       0x24 /usr/lib/gcc/i686-linux-gnu/5/../../../i386-linux-gnu/crti.o

.hash
 *(.hash)

.gnu.hash       0x0000000000000138     0x15c0
 *(.gnu.hash)
 .gnu.hash      0x0000000000000138     0x15c0 /usr/lib/gcc/i686-linux-gnu/5/../../../i386-linux-gnu/crti.o

.dynsym         0x00000000000016f8     0x2fb0
 *(.dynsym)
 .dynsym        0x00000000000016f8     0x2fb0 /usr/lib/gcc/i686-linux-gnu/5/../../../i386-linux-gnu/crti.o

.dynstr         0x00000000000046a8     0x373e
 *(.dynstr)
 .dynstr        0x00000000000046a8     0x373e /usr/lib/gcc/i686-linux-gnu/5/../../../i386-linux-gnu/crti.o

.gnu.version    0x0000000000007de6      0x5f6
 *(.gnu.version)
 .gnu.version   0x0000000000007de6      0x5f6 /usr/lib/gcc/i686-linux-gnu/5/../../../i386-linux-gnu/crti.o

.gnu.version_d  0x00000000000083dc        0x0
 *(.gnu.version_d)
 .gnu.version_d
                0x00000000000083dc        0x0 /usr/lib/gcc/i686-linux-gnu/5/../../../i386-linux-gnu/crti.o

.gnu.version_r  0x00000000000083dc       0x40
 *(.gnu.version_r)
 .gnu.version_r
                0x00000000000083dc       0x40 /usr/lib/gcc/i686-linux-gnu/5/../../../i386-linux-gnu/crti.o

.rel.dyn        0x000000000000841c     0x9310
 *(.rel.init)
 .rel.init      0x000000000000841c        0x0 /usr/lib/gcc/i686-linux-gnu/5/../../../i386-linux-gnu/crti.o
 *(.rel.text .rel.text.* .rel.gnu.linkonce.t.*)
 .rel.text      0x000000000000841c     0x8910 /usr/lib/gcc/i686-linux-gnu/5/../../../i386-linux-gnu/crti.o
 *(.rel.fini)
 .rel.fini      0x0000000000010d2c        0x0 /usr/lib/gcc/i686-linux-gnu/5/../../../i386-linux-gnu/crti.o
 *(.rel.rodata .rel.rodata.* .rel.gnu.linkonce.r.*)
 .rel.rodata    0x0000000000010d2c      0x598 /usr/lib/gcc/i686-linux-gnu/5/../../../i386-linux-gnu/crti.o
 *(.rel.data.rel.ro .rel.data.rel.ro.* .rel.gnu.linkonce.d.rel.ro.*)
 *(.rel.data .rel.data.* .rel.gnu.linkonce.d.*)
 .rel.data.rel.local
                0x00000000000112c4        0x8 /usr/lib/gcc/i686-linux-gnu/5/../../../i386-linux-gnu/crti.o
 .rel.data      0x00000000000112cc      0x428 /usr/lib/gcc/i686-linux-gnu/5/../../../i386-linux-gnu/crti.o
 *(.rel.tdata .rel.tdata.* .rel.gnu.linkonce.td.*)
 *(.rel.tbss .rel.tbss.* .rel.gnu.linkonce.tb.*)
 *(.rel.ctors)
 *(.rel.dtors)
 *(.rel.got)
 .rel.got       0x00000000000116f4       0x28 /usr/lib/gcc/i686-linux-gnu/5/../../../i386-linux-gnu/crti.o
 *(.rel.bss .rel.bss.* .rel.gnu.linkonce.b.*)
 *(.rel.ifunc)
 .rel.ifunc     0x000000000001171c        0x0 /usr/lib/gcc/i686-linux-gnu/5/../../../i386-linux-gnu/crti.o
 .rel.fini_array
                0x000000000001171c        0x8 /usr/lib/gcc/i686-linux-gnu/5/../../../i386-linux-gnu/crti.o
 .rel.init_array
                0x0000000000011724        0x8 /usr/lib/gcc/i686-linux-gnu/5/../../../i386-linux-gnu/crti.o

.rel.plt        0x000000000001172c        0x0
 *(.rel.plt)
 .rel.plt       0x000000000001172c        0x0 /usr/lib/gcc/i686-linux-gnu/5/../../../i386-linux-gnu/crti.o
 *(.rel.iplt)

.init           0x000000000001172c       0x23
 *(SORT(.init))
 .init          0x000000000001172c       0x1e /usr/lib/gcc/i686-linux-gnu/5/../../../i386-linux-gnu/crti.o
                0x000000000001172c                _init
 .init          0x000000000001174a        0x5 /usr/lib/gcc/i686-linux-gnu/5/../../../i386-linux-gnu/crtn.o

.plt            0x0000000000011750       0x10
 *(.plt)
 .plt           0x0000000000011750       0x10 /usr/lib/gcc/i686-linux-gnu/5/../../../i386-linux-gnu/crti.o
 *(.iplt)

.plt.got        0x0000000000011760       0x10
 *(.plt.got)
 .plt.got       0x0000000000011760       0x10 /usr/lib/gcc/i686-linux-gnu/5/../../../i386-linux-gnu/crti.o

.text           0x0000000000011770    0x18e02
 *(.text.unlikely .text.*_unlikely .text.unlikely.*)
 .text.unlikely
                0x0000000000011770        0x0 /usr/lib/gcc/i686-linux-gnu/5/crtbeginS.o
 .text.unlikely
                0x0000000000011770        0x0 /usr/lib/gcc/i686-linux-gnu/5/libgcc.a(_udivdi3.o)
 *(.text.exit .text.exit.*)
 *(.text.startup .text.startup.*)
 *(.text.hot .text.hot.*)
 *(.text .stub .text.* .gnu.linkonce.t.*)
 .text          0x0000000000011770        0x0 /usr/lib/gcc/i686-linux-gnu/5/../../../i386-linux-gnu/crti.o
 .gnu.linkonce.t.__x86.get_pc_thunk.bx
                0x0000000000011770        0x4 /usr/lib/gcc/i686-linux-gnu/5/../../../i386-linux-gnu/crti.o
                0x0000000000011770                __x86.get_pc_thunk.bx
 *fill*         0x0000000000011774        0xc 
 .text          0x0000000000011780      0x11c /usr/lib/gcc/i686-linux-gnu/5/crtbeginS.o
 .text.__x86.get_pc_thunk.dx
                0x000000000001189c        0x4 /usr/lib/gcc/i686-linux-gnu/5/crtbeginS.o
                0x000000000001189c                __x86.get_pc_thunk.dx
 .text          0x00000000000118a0      0x544 window.o
                0x00000000000118d1                response_handler
 .text          0x0000000000011de4      0x283 build/cooja/mtype569.o
                0x0000000000011e76                platform_init_stage_one
                0x0000000000011e89                platform_init_stage_two
                0x0000000000011e9c                platform_init_stage_three
                0x0000000000011eaf                platform_main_loop
                0x0000000000011f22                Java_org_contikios_cooja_corecomm_Lib18_init
                0x0000000000011f59                Java_org_contikios_cooja_corecomm_Lib18_getMemory
                0x0000000000011f8c                Java_org_contikios_cooja_corecomm_Lib18_setMemory
                0x0000000000011fec                Java_org_contikios_cooja_corecomm_Lib18_tick
                0x0000000000012054                Java_org_contikios_cooja_corecomm_Lib18_setReferenceAddress
 .text          0x0000000000012067       0x65 build/cooja/mtype569.a(simEnvChange.o)
                0x0000000000012067                doActionsBeforeTick
                0x0000000000012099                doActionsAfterTick
 .text          0x00000000000120cc       0x83 build/cooja/mtype569.a(cooja_mt.o)
                0x00000000000120cc                cooja_mt_start
                0x00000000000120f6                cooja_mt_exec
                0x000000000001212c                cooja_mt_yield
 .text          0x000000000001214f       0xbe build/cooja/mtype569.a(cooja_mtarch.o)
                0x000000000001214f                cooja_mtarch_start
                0x00000000000121c2                cooja_sw
                0x00000000000121e5                cooja_mtarch_exec
                0x0000000000012202                cooja_mtarch_yield
 .text          0x000000000001220d       0xc5 build/cooja/mtype569.a(rtimer-arch.o)
                0x000000000001220d                rtimer_arch_init
                0x0000000000012231                rtimer_arch_schedule
                0x0000000000012261                rtimer_arch_next
                0x0000000000012271                rtimer_arch_pending
                0x000000000001227b                rtimer_arch_check
                0x00000000000122c2                rtimer_arch_now
 .text          0x00000000000122d2       0x81 build/cooja/mtype569.a(beep.o)
                0x00000000000122d2                beep_alarm
                0x00000000000122df                beep_beep
                0x00000000000122ec                beep
                0x00000000000122f9                beep_down
                0x0000000000012306                beep_on
                0x0000000000012313                beep_off
                0x0000000000012320                beep_spinup
                0x000000000001232d                beep_quick
                0x000000000001233a                beep_long
 .text          0x0000000000012353       0x65 build/cooja/mtype569.a(leds-arch.o)
                0x0000000000012366                leds_arch_init
 .text          0x00000000000123b8       0x35 build/cooja/mtype569.a(moteid.o)
 .text          0x00000000000123ed       0xb7 build/cooja/mtype569.a(pir-sensor.o)
 .text          0x00000000000124a4      0x148 build/cooja/mtype569.a(rs232.o)
                0x00000000000124a4                rs232_init
                0x00000000000124aa                rs232_set_speed
                0x00000000000124b9                rs232_set_input
                0x00000000000124c7                rs232_send
                0x00000000000124eb                rs232_print
                0x0000000000012507                slip_arch_writeb
 .text          0x00000000000125ec       0xb7 build/cooja/mtype569.a(vib-sensor.o)
 .text          0x00000000000126a3       0x38 build/cooja/mtype569.a(clock.o)
                0x00000000000126a3                clock_init
                0x00000000000126a9                clock_time
                0x00000000000126b3                clock_seconds
                0x00000000000126c9                clock_delay
 .text          0x00000000000126db      0x219 build/cooja/mtype569.a(cooja-log.o)
                0x00000000000126db                simlog_char
                0x000000000001271e                simlog
                0x0000000000012794                log_message
                0x00000000000127c5                log_set_putchar_with_slip
                0x00000000000127d3                log_putchar
                0x000000000001284e                log_puts
                0x0000000000012876                log_printf
 .text          0x00000000000128f4      0x2b9 build/cooja/mtype569.a(cfs-cooja.o)
                0x00000000000128f4                cfs_open
                0x000000000001295d                cfs_close
                0x000000000001296a                cfs_read
                0x00000000000129ff                cfs_write
                0x0000000000012adb                cfs_seek
                0x0000000000012b63                cfs_remove
                0x0000000000012b87                cfs_opendir
                0x0000000000012b91                cfs_readdir
                0x0000000000012b9b                cfs_closedir
 .text          0x0000000000012bad      0x620 build/cooja/mtype569.a(cooja-radio.o)
                0x0000000000012bef                radio_set_channel
                0x0000000000012bfd                radio_set_txpower
                0x0000000000012c15                radio_signal_strength_last
                0x0000000000012c1f                radio_signal_strength_current
                0x0000000000012c29                radio_LQI
 .text          0x00000000000131cd       0xee build/cooja/mtype569.a(eeprom.o)
                0x00000000000131cd                eeprom_init
                0x00000000000131d3                eeprom_read
                0x0000000000013241                eeprom_write
 .text          0x00000000000132bb       0x2d build/cooja/mtype569.a(random.o)
                0x00000000000132bb                random_init
                0x00000000000132db                random_rand
 .text          0x00000000000132e8      0x29c build/cooja/mtype569.a(sensors.o)
                0x0000000000013323                sensors_first
                0x000000000001332d                sensors_next
                0x0000000000013347                sensors_changed
                0x000000000001337b                sensors_find
 .text          0x0000000000013584      0x349 build/cooja/mtype569.a(leds.o)
                0x0000000000013584                leds_init
                0x00000000000135cb                leds_single_on
                0x000000000001362a                leds_single_off
                0x0000000000013689                leds_single_toggle
                0x00000000000136bb                leds_on
                0x000000000001373d                leds_off
                0x00000000000137bf                leds_toggle
                0x0000000000013814                leds_set
                0x0000000000013840                leds_get
 .text          0x00000000000138cd      0x343 build/cooja/mtype569.a(gpio-hal-arch.o)
                0x00000000000138cd                gpio_hal_arch_register_pin_callback
                0x0000000000013939                gpio_hal_arch_init
                0x000000000001397e                gpio_hal_arch_no_port_interrupt_enable
                0x00000000000139ae                gpio_hal_arch_no_port_interrupt_disable
                0x00000000000139de                gpio_hal_arch_no_port_pin_cfg_set
                0x0000000000013a03                gpio_hal_arch_no_port_pin_cfg_get
                0x0000000000013a29                gpio_hal_arch_no_port_pin_set_input
                0x0000000000013a3b                gpio_hal_arch_no_port_pin_set_output
                0x0000000000013a4d                gpio_hal_arch_no_port_set_pin
                0x0000000000013a6e                gpio_hal_arch_no_port_clear_pin
                0x0000000000013a8f                gpio_hal_arch_no_port_read_pin
                0x0000000000013ab5                gpio_hal_arch_no_port_write_pin
                0x0000000000013adf                gpio_hal_arch_no_port_set_pins
                0x0000000000013b26                gpio_hal_arch_no_port_clear_pins
                0x0000000000013b6d                gpio_hal_arch_no_port_read_pins
                0x0000000000013bb0                gpio_hal_arch_no_port_write_pins
 .text          0x0000000000013c10       0x89 build/cooja/mtype569.a(buttons.o)
 .text          0x0000000000013c99      0x455 build/cooja/mtype569.a(res_window.o)
 .text          0x00000000000140ee      0x27b build/cooja/mtype569.a(coap-blocking-a)
                0x00000000000140ee                coap_blocking_request_callback
                0x0000000000014118                coap_blocking_request
 .text          0x0000000000014369      0xbea build/cooja/mtype569.a(coap-engine.o)
                0x00000000000143fe                coap_add_handler
                0x000000000001441b                coap_remove_handler
                0x0000000000014438                coap_call_handlers
                0x0000000000014540                coap_receive
                0x0000000000014b3b                coap_engine_init
                0x0000000000014b99                coap_activate_resource
                0x0000000000014c44                coap_get_first_resource
                0x0000000000014c5d                coap_get_next_resource
 .text          0x0000000000014f53      0x2d9 build/cooja/mtype569.a(coap-res-well-k)
 .text          0x000000000001522c      0x96a build/cooja/mtype569.a(coap-observe.o)
                0x0000000000015341                coap_remove_observer
                0x0000000000015371                coap_remove_observer_by_client
                0x00000000000153d9                coap_remove_observer_by_token
                0x000000000001546c                coap_remove_observer_by_uri
                0x0000000000015513                coap_remove_observer_by_mid
                0x000000000001558f                coap_notify_observers
                0x00000000000155a8                coap_notify_observers_sub
                0x0000000000015a12                coap_observe_handler
                0x0000000000015b2d                coap_has_observers
 .text          0x0000000000015b96      0x733 build/cooja/mtype569.a(coap-uip.o)
                0x0000000000015b96                coap_endpoint_log
                0x0000000000015c1c                coap_endpoint_print
                0x0000000000015ca2                coap_endpoint_snprint
                0x0000000000015dd5                coap_endpoint_copy
                0x0000000000015e12                coap_endpoint_cmp
                0x0000000000015f20                coap_endpoint_parse
                0x000000000001610b                coap_endpoint_is_secure
                0x000000000001611a                coap_endpoint_is_connected
                0x000000000001614e                coap_endpoint_connect
                0x000000000001616a                coap_endpoint_disconnect
                0x0000000000016170                coap_databuf
                0x000000000001617a                coap_transport_init
                0x00000000000161ca                coap_sendto
 .text          0x00000000000162c9      0x324 build/cooja/mtype569.a(coap-timer.o)
                0x00000000000163c6                coap_timer_stop
                0x00000000000163f1                coap_timer_set
                0x0000000000016434                coap_timer_reset
                0x0000000000016477                coap_timer_time_to_next_expiration
                0x00000000000164e3                coap_timer_run
                0x00000000000165af                coap_timer_init
 .text          0x00000000000165ed      0x2c6 build/cooja/mtype569.a(coap-transactio)
                0x0000000000016653                coap_new_transaction
                0x00000000000166b9                coap_send_transaction
                0x000000000001681a                coap_clear_transaction
                0x0000000000016862                coap_get_transaction_by_mid
 .text          0x00000000000168b3     0x1c53 build/cooja/mtype569.a(coap.o)
                0x0000000000016e20                coap_init_connection
                0x0000000000016e34                coap_get_mid
                0x0000000000016e50                coap_init_message
                0x0000000000016e99                coap_serialize_message
                0x000000000001751b                coap_parse_message
                0x0000000000017b82                coap_get_query_variable
                0x0000000000017bc4                coap_get_post_variable
                0x0000000000017c08                coap_set_status_code
                0x0000000000017c2d                coap_set_token
                0x0000000000017c74                coap_get_header_content_format
                0x0000000000017ca5                coap_set_header_content_format
                0x0000000000017cc8                coap_get_header_accept
                0x0000000000017cf9                coap_set_header_accept
                0x0000000000017d1c                coap_get_header_max_age
                0x0000000000017d4d                coap_set_header_max_age
                0x0000000000017d6d                coap_get_header_etag
                0x0000000000017d9f                coap_set_header_etag
                0x0000000000017df6                coap_get_header_if_match
                0x0000000000017e28                coap_set_header_if_match
                0x0000000000017e7f                coap_get_header_if_none_match
                0x0000000000017e99                coap_set_header_if_none_match
                0x0000000000017eb0                coap_get_header_proxy_uri
                0x0000000000017ede                coap_set_header_proxy_uri
                0x0000000000017f1b                coap_get_header_uri_host
                0x0000000000017f49                coap_set_header_uri_host
                0x0000000000017f86                coap_get_header_uri_path
                0x0000000000017fb4                coap_set_header_uri_path
                0x0000000000018001                coap_get_header_uri_query
                0x0000000000018035                coap_set_header_uri_query
                0x000000000001808b                coap_get_header_location_path
                0x00000000000180b9                coap_set_header_location_path
                0x0000000000018152                coap_get_header_location_query
                0x0000000000018180                coap_set_header_location_query
                0x00000000000181cd                coap_get_header_observe
                0x00000000000181fc                coap_set_header_observe
                0x000000000001821c                coap_get_header_block2
                0x0000000000018288                coap_set_header_block2
                0x00000000000182ff                coap_get_header_block1
                0x0000000000018374                coap_set_header_block1
                0x00000000000183ef                coap_get_header_size2
                0x000000000001841f                coap_set_header_size2
                0x0000000000018442                coap_get_header_size1
                0x0000000000018472                coap_set_header_size1
                0x0000000000018495                coap_get_payload
                0x00000000000184cf                coap_set_payload
 .text          0x0000000000018506      0x332 build/cooja/mtype569.a(contiki-main.o)
                0x0000000000018506                main
 .text          0x0000000000018838       0x92 build/cooja/mtype569.a(autostart.o)
                0x0000000000018838                autostart_start
                0x0000000000018882                autostart_exit
 .text          0x00000000000188ca      0x355 build/cooja/mtype569.a(ctimer.o)
                0x00000000000189f2                ctimer_init
                0x0000000000018a25                ctimer_set
                0x0000000000018a4b                ctimer_set_with_process
                0x0000000000018ac8                ctimer_reset
                0x0000000000018b1c                ctimer_restart
                0x0000000000018b70                ctimer_stop
                0x0000000000018bc0                ctimer_expired
 .text          0x0000000000018c1f      0x394 build/cooja/mtype569.a(log.o)
                0x0000000000018c1f                log_6addr
                0x0000000000018c72                log_6addr_compact_snprint
                0x0000000000018d10                log_6addr_compact
                0x0000000000018d63                log_lladdr
                0x0000000000018dd5                log_lladdr_compact
                0x0000000000018e3d                log_set_level
                0x0000000000018ef8                log_get_level
                0x0000000000018f71                log_level_to_str
 .text          0x0000000000018fb3       0x1b build/cooja/mtype569.a(energest.o)
                0x0000000000018fb3                energest_init
                0x0000000000018fb9                energest_flush
                0x0000000000018fbf                energest_get_total_time
 .text          0x0000000000018fce      0x43f build/cooja/mtype569.a(etimer.o)
                0x00000000000191f2                etimer_request_poll
                0x000000000001927b                etimer_set
                0x00000000000192a4                etimer_reset_with_new_interval
                0x00000000000192d3                etimer_reset
                0x00000000000192f9                etimer_restart
                0x000000000001931f                etimer_adjust
                0x000000000001933c                etimer_expired
                0x000000000001934f                etimer_expiration_time
                0x0000000000019361                etimer_start_time
                0x000000000001936b                etimer_pending
                0x000000000001937d                etimer_next_expiration_time
                0x0000000000019397                etimer_stop
 .text          0x000000000001940d       0x25 build/cooja/mtype569.a(node-id.o)
                0x000000000001940d                node_id_init
 .text          0x0000000000019432       0xeb build/cooja/mtype569.a(rtimer.o)
                0x0000000000019432                rtimer_init
                0x0000000000019440                rtimer_set
                0x00000000000194bb                rtimer_run_next
 .text          0x000000000001951d      0x4fb build/cooja/mtype569.a(process.o)
                0x000000000001951d                process_alloc_event
                0x0000000000019532                process_start
                0x000000000001970c                process_exit
                0x0000000000019729                process_init
                0x00000000000198be                process_run
                0x00000000000198f1                process_nevents
                0x000000000001990c                process_post
                0x000000000001999f                process_post_synch
                0x00000000000199d4                process_poll
                0x0000000000019a04                process_is_running
 .text          0x0000000000019a18       0xb1 build/cooja/mtype569.a(timer.o)
                0x0000000000019a18                timer_set
                0x0000000000019a36                timer_reset
                0x0000000000019a63                timer_restart
                0x0000000000019a78                timer_expired
                0x0000000000019aa5                timer_remaining
 .text          0x0000000000019ac9      0x28f build/cooja/mtype569.a(list.o)
                0x0000000000019ac9                list_init
                0x0000000000019ad8                list_head
                0x0000000000019ae2                list_copy
                0x0000000000019af2                list_tail
                0x0000000000019b28                list_add
                0x0000000000019b74                list_push
                0x0000000000019ba0                list_chop
                0x0000000000019c0a                list_pop
                0x0000000000019c32                list_remove
                0x0000000000019c9a                list_length
                0x0000000000019cc8                list_insert
                0x0000000000019d0d                list_item_next
                0x0000000000019d24                list_contains
 .text          0x0000000000019d58      0x1b5 build/cooja/mtype569.a(memb.o)
                0x0000000000019d58                memb_init
                0x0000000000019dad                memb_alloc
                0x0000000000019e10                memb_free
                0x0000000000019e87                memb_inmemb
                0x0000000000019ec6                memb_numfree
 .text          0x0000000000019f0d      0x41c build/cooja/mtype569.a(button-hal.o)
                0x000000000001a086                button_hal_get_by_id
                0x000000000001a0c4                button_hal_get_by_index
                0x000000000001a0f0                button_hal_get_state
                0x000000000001a142                button_hal_init
 .text          0x000000000001a329      0x1f3 build/cooja/mtype569.a(serial-line.o)
                0x000000000001a329                serial_line_input_byte
                0x000000000001a4e7                serial_line_init
 .text          0x000000000001a51c      0x168 build/cooja/mtype569.a(gpio-hal.o)
                0x000000000001a51c                gpio_hal_register_handler
                0x000000000001a539                gpio_hal_event_handler
                0x000000000001a595                gpio_hal_init
                0x000000000001a5b4                gpio_hal_arch_port_toggle_pin
                0x000000000001a5f0                gpio_hal_arch_port_toggle_pins
                0x000000000001a61e                gpio_hal_arch_no_port_toggle_pin
                0x000000000001a65c                gpio_hal_arch_no_port_toggle_pins
 .text          0x000000000001a684      0x2e7 build/cooja/mtype569.a(queuebuf.o)
                0x000000000001a68e                queuebuf_init
                0x000000000001a6b7                queuebuf_numfree
                0x000000000001a6cf                queuebuf_new_from_packetbuf
                0x000000000001a76e                queuebuf_update_attr_from_packetbuf
                0x000000000001a7a3                queuebuf_update_from_packetbuf
                0x000000000001a7f3                queuebuf_free
                0x000000000001a83c                queuebuf_to_packetbuf
                0x000000000001a8a8                queuebuf_dataptr
                0x000000000001a8e2                queuebuf_datalen
                0x000000000001a905                queuebuf_addr
                0x000000000001a93a                queuebuf_attr
                0x000000000001a965                queuebuf_debug_print
 .text          0x000000000001a96b      0x407 build/cooja/mtype569.a(packetbuf.o)
                0x000000000001a96b                packetbuf_clear
                0x000000000001a996                packetbuf_copyfrom
                0x000000000001a9e5                packetbuf_copyto
                0x000000000001aa78                packetbuf_hdralloc
                0x000000000001aaf4                packetbuf_hdrreduce
                0x000000000001ab3a                packetbuf_set_datalen
                0x000000000001ab54                packetbuf_dataptr
                0x000000000001ab71                packetbuf_hdrptr
                0x000000000001ab7b                packetbuf_datalen
                0x000000000001ab87                packetbuf_hdrlen
                0x000000000001ab9e                packetbuf_totlen
                0x000000000001abb4                packetbuf_remaininglen
                0x000000000001abc7                packetbuf_attr_clear
                0x000000000001ac13                packetbuf_attr_copyto
                0x000000000001ac6b                packetbuf_attr_copyfrom
                0x000000000001acc3                packetbuf_set_attr
                0x000000000001aced                packetbuf_attr
                0x000000000001ad07                packetbuf_set_addr
                0x000000000001ad38                packetbuf_addr
                0x000000000001ad55                packetbuf_holds_broadcast
 .text          0x000000000001ad72       0xef build/cooja/mtype569.a(netstack.o)
                0x000000000001ad72                netstack_process_ip_callback
                0x000000000001ae03                netstack_ip_packet_processor_add
                0x000000000001ae26                uip_ds6_ip_packet_processor_rm
                0x000000000001ae43                netstack_init
 .text          0x000000000001ae61       0x4f build/cooja/mtype569.a(linkaddr.o)
                0x000000000001ae61                linkaddr_copy
                0x000000000001ae77                linkaddr_cmp
                0x000000000001ae9a                linkaddr_set_node_addr
 .text          0x000000000001aeb0      0x1f6 build/cooja/mtype569.a(csma.o)
 .text          0x000000000001b0a6      0x95d build/cooja/mtype569.a(csma-output.o)
                0x000000000001b73d                csma_output_packet
                0x000000000001b9ca                csma_output_init
 .text          0x000000000001ba03      0xc11 build/cooja/mtype569.a(uip-ds6.o)
                0x000000000001ba03                uip_ds6_default_prefix
                0x000000000001ba0d                uip_ds6_set_default_prefix
                0x000000000001ba38                uip_ds6_init
                0x000000000001bc9a                uip_ds6_periodic
                0x000000000001bd21                uip_ds6_list_loop
                0x000000000001bde1                uip_ds6_prefix_add
                0x000000000001be8d                uip_ds6_prefix_rm
                0x000000000001bea0                uip_ds6_prefix_lookup
                0x000000000001bedf                uip_ds6_is_addr_onlink
                0x000000000001bf52                uip_ds6_addr_add
                0x000000000001c072                uip_ds6_addr_rm
                0x000000000001c11b                uip_ds6_addr_lookup
                0x000000000001c154                uip_ds6_get_link_local
                0x000000000001c1d5                uip_ds6_get_global
                0x000000000001c256                uip_ds6_maddr_add
                0x000000000001c2b6                uip_ds6_maddr_rm
                0x000000000001c2c9                uip_ds6_maddr_lookup
                0x000000000001c302                uip_ds6_aaddr_add
                0x000000000001c362                uip_ds6_aaddr_rm
                0x000000000001c375                uip_ds6_aaddr_lookup
                0x000000000001c3ae                uip_ds6_select_src
                0x000000000001c4f7                uip_ds6_set_addr_iid
                0x000000000001c522                uip_ds6_set_lladdr_from_iid
                0x000000000001c54b                get_match_length
                0x000000000001c5dc                uip_ds6_compute_reachable_time
 .text          0x000000000001c614      0x128 build/cooja/mtype569.a(uip-udp-packet.)
                0x000000000001c614                uip_udp_packet_send
                0x000000000001c66f                uip_udp_packet_sendto
 .text          0x000000000001c73c      0x35b build/cooja/mtype569.a(uip-ds6-route.o)
                0x000000000001c78d                uip_ds6_route_init
                0x000000000001c7b7                uip_ds6_route_nexthop
                0x000000000001c7c1                uip_ds6_route_head
                0x000000000001c7cb                uip_ds6_route_next
                0x000000000001c7d5                uip_ds6_route_is_nexthop
                0x000000000001c7df                uip_ds6_route_num_routes
                0x000000000001c7e9                uip_ds6_route_lookup
                0x000000000001c7f3                uip_ds6_route_add
                0x000000000001c806                uip_ds6_route_rm
                0x000000000001c80c                uip_ds6_route_rm_by_nexthop
                0x000000000001c812                uip_ds6_defrt_head
                0x000000000001c82b                uip_ds6_defrt_add
                0x000000000001c8d9                uip_ds6_defrt_rm
                0x000000000001c93f                uip_ds6_defrt_lookup
                0x000000000001c9a6                uip_ds6_defrt_choose
                0x000000000001ca1c                uip_ds6_defrt_periodic
 .text          0x000000000001ca97      0x6f7 build/cooja/mtype569.a(tcpip.o)
                0x000000000001cab1                tcpip_output
                0x000000000001cb30                udp_attach
                0x000000000001cb48                udp_new
                0x000000000001cb92                udp_broadcast_new
                0x000000000001cd04                tcpip_input
                0x000000000001ce94                tcpip_ipv6_output
                0x000000000001d088                tcpip_poll_udp
                0x000000000001d0a6                tcpip_uipcall
 .text          0x000000000001d18e     0x1205 build/cooja/mtype569.a(uip6.o)
                0x000000000001d23d                uip_chksum
                0x000000000001d314                uip_icmp6chksum
                0x000000000001d329                uip_udpchksum
                0x000000000001d33e                uip_init
                0x000000000001d387                uip_remove_ext_hdr
                0x000000000001d461                uip_udp_new
                0x000000000001d775                uip_process
                0x000000000001e26d                uip_htons
                0x000000000001e28f                uip_htonl
                0x000000000001e2cd                uip_send
 .text          0x000000000001e393      0x369 build/cooja/mtype569.a(uip-ds6-nbr.o)
                0x000000000001e393                uip_ds6_neighbors_init
                0x000000000001e3b7                uip_ds6_nbr_add
                0x000000000001e43d                uip_ds6_nbr_rm
                0x000000000001e488                uip_ds6_nbr_update_ll
                0x000000000001e576                uip_ds6_nbr_get_ipaddr
                0x000000000001e58b                uip_ds6_nbr_get_ll
                0x000000000001e5a7                uip_ds6_nbr_num
                0x000000000001e5f0                uip_ds6_nbr_head
                0x000000000001e609                uip_ds6_nbr_next
                0x000000000001e625                uip_ds6_nbr_lookup
                0x000000000001e67d                uip_ds6_nbr_ll_lookup
                0x000000000001e699                uip_ds6_nbr_ipaddr_from_lladdr
                0x000000000001e6c2                uip_ds6_nbr_lladdr_from_ipaddr
                0x000000000001e6f6                uip_ds6_link_callback
 .text          0x000000000001e6fc      0x6a7 build/cooja/mtype569.a(uip-nd6.o)
                0x000000000001ed8a                uip_nd6_init
 .text          0x000000000001eda3      0x3b0 build/cooja/mtype569.a(simple-udp.o)
                0x000000000001edd0                simple_udp_send
                0x000000000001ee33                simple_udp_sendto
                0x000000000001ee8e                simple_udp_sendto_port
                0x000000000001eee7                simple_udp_register
 .text          0x000000000001f153     0x2c17 build/cooja/mtype569.a(sicslowpan.o)
                0x000000000001f75a                netstack_sniffer_add
                0x000000000001f768                netstack_sniffer_remove
                0x0000000000021d3e                sicslowpan_init
                0x0000000000021d60                sicslowpan_get_last_rssi
 .text          0x0000000000021d6a      0x4d1 build/cooja/mtype569.a(uiplib.o)
                0x0000000000021d6a                uiplib_ip6addrconv
                0x0000000000021f22                uiplib_ip4addrconv
                0x0000000000021fe5                uiplib_ipaddr_print
                0x0000000000022038                uiplib_ipaddr_snprint
 .text          0x000000000002223b      0x4c9 build/cooja/mtype569.a(rpl.o)
                0x000000000002223b                rpl_lollipop_greater_than
                0x0000000000022295                rpl_get_global_address
                0x000000000002238d                rpl_link_callback
                0x00000000000223d1                rpl_has_joined
                0x00000000000223f6                rpl_is_reachable
                0x0000000000022477                rpl_reset_prefix
                0x00000000000224e1                rpl_set_prefix_from_addr
                0x00000000000225c6                rpl_set_prefix
                0x00000000000226e0                rpl_set_leaf_only
                0x00000000000226f8                rpl_get_leaf_only
 .text          0x0000000000022704     0x138c build/cooja/mtype569.a(rpl-icmp6.o)
                0x0000000000022829                rpl_icmp6_update_nbr_table
                0x00000000000228b2                rpl_icmp6_dis_output
                0x0000000000022ef8                rpl_icmp6_dio_output
                0x00000000000236f6                rpl_icmp6_dao_output
                0x00000000000239d7                rpl_icmp6_dao_ack_output
                0x0000000000023a47                rpl_icmp6_init
 .text          0x0000000000023a90      0x264 build/cooja/mtype569.a(rpl-dag-root.o)
                0x0000000000023a90                rpl_dag_root_print_links
                0x0000000000023bbc                rpl_dag_root_set_prefix
                0x0000000000023be8                rpl_dag_root_start
                0x0000000000023cc5                rpl_dag_root_is_root
 .text          0x0000000000023cf4       0x30 build/cooja/mtype569.a(watchdog.o)
                0x0000000000023cf4                watchdog_init
                0x0000000000023cfa                watchdog_start
                0x0000000000023d00                watchdog_periodic
                0x0000000000023d18                watchdog_stop
                0x0000000000023d1e                watchdog_reboot
 .text          0x0000000000023d24       0x4a build/cooja/mtype569.a(int-master.o)
                0x0000000000023d24                int_master_enable
                0x0000000000023d34                int_master_read_and_disable
                0x0000000000023d51                int_master_status_set
                0x0000000000023d5f                int_master_is_enabled
 .text          0x0000000000023d6e      0x226 build/cooja/mtype569.a(coap-timer-defa)
 .text          0x0000000000023f94       0xc7 build/cooja/mtype569.a(stimer.o)
                0x0000000000023f94                stimer_set
                0x0000000000023fb2                stimer_reset
                0x0000000000023fdf                stimer_restart
                0x0000000000023ff4                stimer_expired
                0x000000000002401f                stimer_remaining
                0x0000000000024043                stimer_elapsed
 .text          0x000000000002405b      0x156 build/cooja/mtype569.a(ringbuf.o)
                0x000000000002405b                ringbuf_init
                0x000000000002408d                ringbuf_put
                0x000000000002410b                ringbuf_get
                0x0000000000024178                ringbuf_size
                0x000000000002418a                ringbuf_elements
 .text          0x00000000000241b1       0x1f build/cooja/mtype569.a(assert.o)
                0x00000000000241b1                _xassert
 .text          0x00000000000241d0      0x79b build/cooja/mtype569.a(nbr-table.o)
                0x0000000000024649                nbr_table_register
                0x00000000000246b6                nbr_table_is_registered
                0x00000000000246f1                nbr_table_head
                0x000000000002474c                nbr_table_next
                0x00000000000247ad                nbr_table_add_lladdr
                0x0000000000024887                nbr_table_get_from_lladdr
                0x00000000000248d3                nbr_table_remove
                0x000000000002490b                nbr_table_lock
                0x0000000000024925                nbr_table_unlock
                0x000000000002493f                nbr_table_get_lladdr
 .text          0x000000000002496b      0x3a5 build/cooja/mtype569.a(link-stats.o)
                0x000000000002496b                link_stats_from_lladdr
                0x0000000000024987                link_stats_get_lladdr
                0x00000000000249a3                link_stats_is_fresh
                0x00000000000249df                guess_etx_from_rssi
                0x0000000000024a5b                link_stats_packet_sent
                0x0000000000024b7b                link_stats_input_callback
                0x0000000000024c8b                link_stats_reset
                0x0000000000024cdb                link_stats_init
 .text          0x0000000000024d10      0x187 build/cooja/mtype569.a(mac-sequence.o)
                0x0000000000024d10                mac_sequence_is_duplicate
                0x0000000000024db0                mac_sequence_register_seqno
 .text          0x0000000000024e97       0x23 build/cooja/mtype569.a(mac.o)
                0x0000000000024e97                mac_call_sent_callback
 .text          0x0000000000024eba      0x432 build/cooja/mtype569.a(framer-802154.o)
                0x0000000000025049                framer_802154_setup_params
 .text          0x00000000000252ec      0xb6f build/cooja/mtype569.a(frame802154.o)
                0x000000000002531d                frame802154_get_pan_id
                0x0000000000025329                frame802154_set_pan_id
                0x0000000000025343                frame802154_has_panid
                0x00000000000254f2                frame802154_check_dest_panid
                0x000000000002557a                frame802154_is_broadcast_addr
                0x00000000000255c7                frame802154_extract_linkaddr
                0x000000000002582c                frame802154_hdrlen
                0x000000000002589f                frame802154_create_fcf
                0x0000000000025957                frame802154_create
                0x0000000000025acc                frame802154_parse_fcf
                0x0000000000025bae                frame802154_parse
 .text          0x0000000000025e5b       0x2d build/cooja/mtype569.a(csma-security.o)
                0x0000000000025e5b                csma_security_create_frame
                0x0000000000025e79                csma_security_parse_frame
 .text          0x0000000000025e88      0x4e4 build/cooja/mtype569.a(uipbuf.o)
                0x0000000000025e88                uipbuf_clear
                0x0000000000025eaf                uipbuf_add_ext_hdr
                0x0000000000025f2f                uipbuf_set_len
                0x0000000000025f5c                uipbuf_set_len_field
                0x0000000000025f88                uipbuf_get_len_field
                0x0000000000025fa8                uipbuf_get_next_header
                0x00000000000260da                uipbuf_get_last_header
                0x0000000000026153                uipbuf_search_header
                0x0000000000026209                uipbuf_get_attr
                0x0000000000026230                uipbuf_set_attr
                0x0000000000026267                uipbuf_set_default_attr
                0x000000000002629e                uipbuf_clear_attr
                0x00000000000262c2                uipbuf_set_attr_flag
                0x00000000000262e3                uipbuf_clr_attr_flag
                0x000000000002630a                uipbuf_is_attr_flag
                0x000000000002632e                uipbuf_init
 .text          0x000000000002636c      0x73f build/cooja/mtype569.a(uip-icmp6.o)
                0x00000000000263e1                uip_icmp6_input
                0x0000000000026438                uip_icmp6_register_input_handler
                0x000000000002658b                uip_icmp6_error_output
                0x000000000002683c                uip_icmp6_send
                0x0000000000026a33                uip_icmp6_echo_reply_callback_add
                0x0000000000026a65                uip_icmp6_echo_reply_callback_rm
                0x0000000000026a82                uip_icmp6_init
 .text          0x0000000000026aab      0x69b build/cooja/mtype569.a(uip-sr.o)
                0x0000000000026aab                uip_sr_num_nodes
                0x0000000000026b39                uip_sr_get_node
                0x0000000000026b90                uip_sr_is_addr_reachable
                0x0000000000026c3e                uip_sr_expire_parent
                0x0000000000026c87                uip_sr_update_node
                0x0000000000026db7                uip_sr_init
                0x0000000000026deb                uip_sr_node_head
                0x0000000000026e04                uip_sr_node_next
                0x0000000000026e1a                uip_sr_periodic
                0x0000000000026f20                uip_sr_free_all
                0x0000000000026f90                uip_sr_link_snprint
 .text          0x0000000000027146      0x146 build/cooja/mtype569.a(uip-packetqueue)
                0x0000000000027174                uip_packetqueue_new
                0x0000000000027183                uip_packetqueue_alloc
                0x00000000000271de                uip_packetqueue_free
                0x0000000000027225                uip_packetqueue_buf
                0x0000000000027242                uip_packetqueue_buflen
                0x0000000000027263                uip_packetqueue_set_buflen
 .text          0x000000000002728c      0x1b0 build/cooja/mtype569.a(rpl-nbr-policy.)
                0x00000000000273f9                rpl_nbr_policy_find_removable
 .text          0x000000000002743c      0x915 build/cooja/mtype569.a(rpl-neighbor.o)
                0x00000000000274b8                rpl_neighbor_snprint
                0x000000000002776b                rpl_neighbor_print_list
                0x0000000000027820                rpl_neighbor_count
                0x00000000000278c7                rpl_neighbor_get_from_lladdr
                0x00000000000278e3                rpl_neighbor_is_acceptable_parent
                0x0000000000027917                rpl_neighbor_get_link_metric
                0x000000000002794b                rpl_neighbor_rank_via_nbr
                0x000000000002797f                rpl_neighbor_get_lladdr
                0x000000000002799b                rpl_neighbor_get_ipaddr
                0x00000000000279c2                rpl_neighbor_get_link_stats
                0x00000000000279e9                rpl_neighbor_is_fresh
                0x0000000000027a10                rpl_neighbor_is_reachable
                0x0000000000027a5b                rpl_neighbor_is_parent
                0x0000000000027a85                rpl_neighbor_set_preferred_parent
                0x0000000000027b1c                rpl_neighbor_remove_all
                0x0000000000027b78                rpl_neighbor_get_from_ipaddr
                0x0000000000027c86                rpl_neighbor_select_best
                0x0000000000027d32                rpl_neighbor_init
 .text          0x0000000000027d51      0xe69 build/cooja/mtype569.a(rpl-dag.o)
                0x0000000000027d51                rpl_dag_state_to_str
                0x0000000000027d90                rpl_dag_get_root_ipaddr
                0x0000000000027dd8                rpl_dag_leave
                0x0000000000027e61                rpl_dag_poison_and_leave
                0x0000000000027e79                rpl_dag_periodic
                0x0000000000027f01                rpl_is_addr_in_our_dag
                0x0000000000027f45                rpl_get_default_instance
                0x0000000000027f61                rpl_get_any_dag
                0x0000000000027fba                rpl_refresh_routes
                0x0000000000027ffa                rpl_global_repair
                0x0000000000028093                rpl_local_repair
                0x00000000000280dd                rpl_dag_ready_to_advertise
                0x0000000000028120                rpl_dag_update_state
                0x000000000002884d                rpl_process_dio
                0x00000000000288cb                rpl_process_dis
                0x0000000000028910                rpl_process_dao
                0x000000000002899f                rpl_process_dao_ack
                0x0000000000028a36                rpl_process_hbh
                0x0000000000028a86                rpl_dag_init_root
                0x0000000000028b9a                rpl_dag_init
 .text          0x0000000000028bba      0x9e7 build/cooja/mtype569.a(rpl-timers.o)
                0x0000000000028bba                rpl_timers_schedule_periodic_dis
                0x0000000000028d08                rpl_timers_dio_reset
                0x0000000000028e16                rpl_timers_schedule_unicast_dio
                0x0000000000028f6a                rpl_timers_schedule_dao
                0x0000000000029029                rpl_timers_schedule_dao_ack
                0x00000000000290af                rpl_timers_notify_dao_ack
                0x000000000002910d                get_probing_delay
                0x0000000000029141                get_probing_target
                0x000000000002932b                rpl_schedule_probing
                0x0000000000029359                rpl_schedule_probing_now
                0x00000000000293c3                rpl_timers_unschedule_leaving
                0x00000000000293fb                rpl_timers_schedule_leaving
                0x000000000002943c                rpl_timers_init
                0x00000000000294cc                rpl_timers_stop_dag_timers
                0x0000000000029545                rpl_timers_unschedule_state_update
                0x0000000000029569                rpl_timers_schedule_state_update
 .text          0x00000000000295a1      0xb8e build/cooja/mtype569.a(rpl-ext-header.)
                0x00000000000295a1                rpl_ext_header_srh_get_next_hop
                0x0000000000029688                rpl_ext_header_srh_update
                0x0000000000029bf4                rpl_ext_header_hbh_update
                0x0000000000029ef4                rpl_ext_header_update
                0x0000000000029f7d                rpl_ext_header_remove
 .text          0x000000000002a12f      0x31b build/cooja/mtype569.a(rpl-mrhof.o)
 *fill*         0x000000000002a44a        0x6 
 .text          0x000000000002a450      0x122 /usr/lib/gcc/i686-linux-gnu/5/libgcc.a(_udivdi3.o)
                0x000000000002a450                __udivdi3
 .text          0x000000000002a572        0x0 /usr/lib/gcc/i686-linux-gnu/5/crtendS.o
 .text          0x000000000002a572        0x0 /usr/lib/gcc/i686-linux-gnu/5/../../../i386-linux-gnu/crtn.o
 *(.gnu.warning)

.fini           0x000000000002a574       0x14
 *(SORT(.fini))
 .fini          0x000000000002a574        0xf /usr/lib/gcc/i686-linux-gnu/5/../../../i386-linux-gnu/crti.o
                0x000000000002a574                _fini
 .fini          0x000000000002a583        0x5 /usr/lib/gcc/i686-linux-gnu/5/../../../i386-linux-gnu/crtn.o
                [!provide]                        PROVIDE (__etext, .)
                [!provide]                        PROVIDE (_etext, .)
                [!provide]                        PROVIDE (etext, .)

.rodata         0x000000000002a5a0      0xb4b
 *(.rodata .rodata.* .gnu.linkonce.r.*)
 .rodata        0x000000000002a5a0      0x12e window.o
                0x000000000002a5c4                autostart_processes
 *fill*         0x000000000002a6ce        0x2 
 .rodata        0x000000000002a6d0        0x8 build/cooja/mtype569.a(beep.o)
                0x000000000002a6d0                beep_interface
 .rodata        0x000000000002a6d8        0xe build/cooja/mtype569.a(leds-arch.o)
                0x000000000002a6d8                leds_interface
                0x000000000002a6e0                leds_arch_leds
 *fill*         0x000000000002a6e6        0x2 
 .rodata        0x000000000002a6e8        0x8 build/cooja/mtype569.a(moteid.o)
                0x000000000002a6e8                moteid_interface
 .rodata        0x000000000002a6f0       0x1c build/cooja/mtype569.a(pir-sensor.o)
                0x000000000002a6f0                pir_interface
                0x000000000002a6fc                pir_sensor
 .rodata        0x000000000002a70c        0xe build/cooja/mtype569.a(rs232.o)
                0x000000000002a70c                rs232_interface
 *fill*         0x000000000002a71a        0x2 
 .rodata        0x000000000002a71c       0x24 build/cooja/mtype569.a(vib-sensor.o)
                0x000000000002a71c                vib_interface
                0x000000000002a730                vib_sensor
 .rodata        0x000000000002a740        0x8 build/cooja/mtype569.a(clock.o)
                0x000000000002a740                clock_interface
 .rodata        0x000000000002a748        0x8 build/cooja/mtype569.a(cooja-log.o)
                0x000000000002a748                simlog_interface
 .rodata        0x000000000002a750       0x2f build/cooja/mtype569.a(cfs-cooja.o)
                0x000000000002a750                cfs_interface
 *fill*         0x000000000002a77f        0x1 
 .rodata        0x000000000002a780       0xb8 build/cooja/mtype569.a(cooja-radio.o)
                0x000000000002a780                radio_interface
                0x000000000002a800                cooja_radio_driver
 .rodata        0x000000000002a838        0x8 build/cooja/mtype569.a(eeprom.o)
                0x000000000002a838                eeprom_interface
 .rodata        0x000000000002a840        0x8 build/cooja/mtype569.a(sensors.o)
 .rodata        0x000000000002a848       0x2c build/cooja/mtype569.a(buttons.o)
                0x000000000002a848                button_interface
                0x000000000002a85c                button_hal_button_count
                0x000000000002a864                button_sensor
 .rodata        0x000000000002a874       0xb5 build/cooja/mtype569.a(res_window.o)
 .rodata        0x000000000002a929       0x41 build/cooja/mtype569.a(coap-engine.o)
 .rodata        0x000000000002a96a       0x19 build/cooja/mtype569.a(coap-res-well-k)
 .rodata        0x000000000002a983       0x11 build/cooja/mtype569.a(coap-observe.o)
 .rodata        0x000000000002a994       0x35 build/cooja/mtype569.a(coap-uip.o)
 *fill*         0x000000000002a9c9        0x3 
 .rodata        0x000000000002a9cc      0x1ac build/cooja/mtype569.a(coap.o)
 .rodata        0x000000000002ab78       0xf4 build/cooja/mtype569.a(contiki-main.o)
 .rodata        0x000000000002ac6c        0xf build/cooja/mtype569.a(ctimer.o)
 *fill*         0x000000000002ac7b        0x1 
 .rodata        0x000000000002ac7c       0xc4 build/cooja/mtype569.a(log.o)
 .rodata        0x000000000002ad40        0xc build/cooja/mtype569.a(etimer.o)
 .rodata        0x000000000002ad4c       0x13 build/cooja/mtype569.a(button-hal.o)
 .rodata        0x000000000002ad5f        0xe build/cooja/mtype569.a(serial-line.o)
 *fill*         0x000000000002ad6d        0x3 
 .rodata        0x000000000002ad70        0x8 build/cooja/mtype569.a(linkaddr.o)
                0x000000000002ad70                linkaddr_null
 .rodata        0x000000000002ad78       0x24 build/cooja/mtype569.a(csma.o)
                0x000000000002ad80                csma_driver
 .rodata        0x000000000002ad9c       0x2a build/cooja/mtype569.a(csma-output.o)
 *fill*         0x000000000002adc6        0x2 
 .rodata        0x000000000002adc8       0x4d build/cooja/mtype569.a(uip-ds6-route.o)
 .rodata        0x000000000002ae15        0xd build/cooja/mtype569.a(tcpip.o)
 .rodata        0x000000000002ae22       0x13 build/cooja/mtype569.a(simple-udp.o)
 *fill*         0x000000000002ae35        0x3 
 .rodata        0x000000000002ae38       0x30 build/cooja/mtype569.a(sicslowpan.o)
                0x000000000002ae38                unc_llconf
                0x000000000002ae3c                unc_ctxconf
                0x000000000002ae40                unc_mxconf
                0x000000000002ae44                llprefix
                0x000000000002ae58                sicslowpan_driver
 .rodata        0x000000000002ae68       0x2d build/cooja/mtype569.a(uiplib.o)
 *fill*         0x000000000002ae95        0xb 
 .rodata        0x000000000002aea0       0x74 build/cooja/mtype569.a(rpl.o)
                0x000000000002aec0                rpl_lite_driver
 .rodata        0x000000000002af14       0x20 build/cooja/mtype569.a(coap-timer-defa)
                0x000000000002af28                coap_timer_default_driver
 .rodata        0x000000000002af34       0x25 build/cooja/mtype569.a(assert.o)
 *fill*         0x000000000002af59        0x3 
 .rodata        0x000000000002af5c        0xc build/cooja/mtype569.a(framer-802154.o)
                0x000000000002af5c                framer_802154
 .rodata        0x000000000002af68       0x44 build/cooja/mtype569.a(uip-sr.o)
 .rodata        0x000000000002afac       0x58 build/cooja/mtype569.a(rpl-neighbor.o)
 .rodata        0x000000000002b004       0xdb build/cooja/mtype569.a(rpl-dag.o)
 .rodata        0x000000000002b0df        0xc build/cooja/mtype569.a(rpl-timers.o)

.rodata1
 *(.rodata1)

.eh_frame_hdr   0x000000000002b0ec     0x1a2c
 *(.eh_frame_hdr)
 .eh_frame_hdr  0x000000000002b0ec     0x1a2c window.o
                0x000000000002b0ec                __GNU_EH_FRAME_HDR
 *(.eh_frame_entry .eh_frame_entry.*)

.eh_frame       0x000000000002cb18     0x6a40
 *(.eh_frame)
 .eh_frame      0x000000000002cb18       0x3c /usr/lib/gcc/i686-linux-gnu/5/../../../i386-linux-gnu/crti.o
                                         0x40 (size before relaxing)
 .eh_frame      0x000000000002cb54       0xa0 window.o
                                         0xb8 (size before relaxing)
 .eh_frame      0x000000000002cbf4      0x178 build/cooja/mtype569.o
                                        0x190 (size before relaxing)
 .eh_frame      0x000000000002cd6c       0x40 build/cooja/mtype569.a(simEnvChange.o)
                                         0x58 (size before relaxing)
 .eh_frame      0x000000000002cdac       0x60 build/cooja/mtype569.a(cooja_mt.o)
                                         0x78 (size before relaxing)
 .eh_frame      0x000000000002ce0c       0x80 build/cooja/mtype569.a(cooja_mtarch.o)
                                         0x98 (size before relaxing)
 .eh_frame      0x000000000002ce8c       0xc8 build/cooja/mtype569.a(rtimer-arch.o)
                                         0xe0 (size before relaxing)
 .eh_frame      0x000000000002cf54      0x160 build/cooja/mtype569.a(beep.o)
                                        0x178 (size before relaxing)
 .eh_frame      0x000000000002d0b4       0x80 build/cooja/mtype569.a(leds-arch.o)
                                         0x98 (size before relaxing)
 .eh_frame      0x000000000002d134       0x40 build/cooja/mtype569.a(moteid.o)
                                         0x58 (size before relaxing)
 .eh_frame      0x000000000002d174       0xa0 build/cooja/mtype569.a(pir-sensor.o)
                                         0xb8 (size before relaxing)
 .eh_frame      0x000000000002d214      0x100 build/cooja/mtype569.a(rs232.o)
                                        0x118 (size before relaxing)
 .eh_frame      0x000000000002d314       0xa0 build/cooja/mtype569.a(vib-sensor.o)
                                         0xb8 (size before relaxing)
 .eh_frame      0x000000000002d3b4       0xc0 build/cooja/mtype569.a(clock.o)
                                         0xd8 (size before relaxing)
 .eh_frame      0x000000000002d474      0x120 build/cooja/mtype569.a(cooja-log.o)
                                        0x138 (size before relaxing)
 .eh_frame      0x000000000002d594      0x160 build/cooja/mtype569.a(cfs-cooja.o)
                                        0x178 (size before relaxing)
 .eh_frame      0x000000000002d6f4      0x340 build/cooja/mtype569.a(cooja-radio.o)
                                        0x358 (size before relaxing)
 .eh_frame      0x000000000002da34       0xa0 build/cooja/mtype569.a(eeprom.o)
                                         0xb8 (size before relaxing)
 .eh_frame      0x000000000002dad4       0x40 build/cooja/mtype569.a(random.o)
                                         0x58 (size before relaxing)
 .eh_frame      0x000000000002db14       0xc0 build/cooja/mtype569.a(sensors.o)
                                         0xd8 (size before relaxing)
 .eh_frame      0x000000000002dbd4      0x120 build/cooja/mtype569.a(leds.o)
                                        0x138 (size before relaxing)
 .eh_frame      0x000000000002dcf4      0x220 build/cooja/mtype569.a(gpio-hal-arch.o)
                                        0x238 (size before relaxing)
 .eh_frame      0x000000000002df14       0xa0 build/cooja/mtype569.a(buttons.o)
                                         0xb8 (size before relaxing)
 .eh_frame      0x000000000002dfb4       0x84 build/cooja/mtype569.a(res_window.o)
                                         0x9c (size before relaxing)
 .eh_frame      0x000000000002e038       0x44 build/cooja/mtype569.a(coap-blocking-a)
                                         0x5c (size before relaxing)
 .eh_frame      0x000000000002e07c      0x220 build/cooja/mtype569.a(coap-engine.o)
                                        0x238 (size before relaxing)
 .eh_frame      0x000000000002e29c       0x24 build/cooja/mtype569.a(coap-res-well-k)
                                         0x3c (size before relaxing)
 .eh_frame      0x000000000002e2c0      0x188 build/cooja/mtype569.a(coap-observe.o)
                                        0x1a0 (size before relaxing)
 .eh_frame      0x000000000002e448      0x250 build/cooja/mtype569.a(coap-uip.o)
                                        0x268 (size before relaxing)
 .eh_frame      0x000000000002e698      0x114 build/cooja/mtype569.a(coap-timer.o)
                                        0x12c (size before relaxing)
 .eh_frame      0x000000000002e7ac      0x100 build/cooja/mtype569.a(coap-transactio)
                                        0x118 (size before relaxing)
 .eh_frame      0x000000000002e8ac      0x6ec build/cooja/mtype569.a(coap.o)
                                        0x704 (size before relaxing)
 .eh_frame      0x000000000002ef98       0x30 build/cooja/mtype569.a(contiki-main.o)
                                         0x48 (size before relaxing)
 .eh_frame      0x000000000002efc8       0x40 build/cooja/mtype569.a(autostart.o)
                                         0x58 (size before relaxing)
 .eh_frame      0x000000000002f008      0x100 build/cooja/mtype569.a(ctimer.o)
                                        0x118 (size before relaxing)
 .eh_frame      0x000000000002f108      0x100 build/cooja/mtype569.a(log.o)
                                        0x118 (size before relaxing)
 .eh_frame      0x000000000002f208       0x60 build/cooja/mtype569.a(energest.o)
                                         0x78 (size before relaxing)
 .eh_frame      0x000000000002f268      0x1e0 build/cooja/mtype569.a(etimer.o)
                                        0x1f8 (size before relaxing)
 .eh_frame      0x000000000002f448       0x20 build/cooja/mtype569.a(node-id.o)
                                         0x38 (size before relaxing)
 .eh_frame      0x000000000002f468       0x60 build/cooja/mtype569.a(rtimer.o)
                                         0x78 (size before relaxing)
 .eh_frame      0x000000000002f4c8      0x1c4 build/cooja/mtype569.a(process.o)
                                        0x1dc (size before relaxing)
 .eh_frame      0x000000000002f68c       0xa4 build/cooja/mtype569.a(timer.o)
                                         0xbc (size before relaxing)
 .eh_frame      0x000000000002f730      0x1a0 build/cooja/mtype569.a(list.o)
                                        0x1b8 (size before relaxing)
 .eh_frame      0x000000000002f8d0       0xa0 build/cooja/mtype569.a(memb.o)
                                         0xb8 (size before relaxing)
 .eh_frame      0x000000000002f970      0x144 build/cooja/mtype569.a(button-hal.o)
                                        0x15c (size before relaxing)
 .eh_frame      0x000000000002fab4       0x60 build/cooja/mtype569.a(serial-line.o)
                                         0x78 (size before relaxing)
 .eh_frame      0x000000000002fb14       0xe0 build/cooja/mtype569.a(gpio-hal.o)
                                         0xf8 (size before relaxing)
 .eh_frame      0x000000000002fbf4      0x1a0 build/cooja/mtype569.a(queuebuf.o)
                                        0x1b8 (size before relaxing)
 .eh_frame      0x000000000002fd94      0x28c build/cooja/mtype569.a(packetbuf.o)
                                        0x2a4 (size before relaxing)
 .eh_frame      0x0000000000030020       0x80 build/cooja/mtype569.a(netstack.o)
                                         0x98 (size before relaxing)
 .eh_frame      0x00000000000300a0       0x60 build/cooja/mtype569.a(linkaddr.o)
                                         0x78 (size before relaxing)
 .eh_frame      0x0000000000030100       0xe0 build/cooja/mtype569.a(csma.o)
                                         0xf8 (size before relaxing)
 .eh_frame      0x00000000000301e0      0x1d0 build/cooja/mtype569.a(csma-output.o)
                                        0x1e8 (size before relaxing)
 .eh_frame      0x00000000000303b0      0x328 build/cooja/mtype569.a(uip-ds6.o)
                                        0x340 (size before relaxing)
 .eh_frame      0x00000000000306d8       0x40 build/cooja/mtype569.a(uip-udp-packet.)
                                         0x58 (size before relaxing)
 .eh_frame      0x0000000000030718      0x220 build/cooja/mtype569.a(uip-ds6-route.o)
                                        0x238 (size before relaxing)
 .eh_frame      0x0000000000030938      0x244 build/cooja/mtype569.a(tcpip.o)
                                        0x25c (size before relaxing)
 .eh_frame      0x0000000000030b7c      0x1e8 build/cooja/mtype569.a(uip6.o)
                                        0x200 (size before relaxing)
 .eh_frame      0x0000000000030d64      0x1c0 build/cooja/mtype569.a(uip-ds6-nbr.o)
                                        0x1d8 (size before relaxing)
 .eh_frame      0x0000000000030f24       0x84 build/cooja/mtype569.a(uip-nd6.o)
                                         0x9c (size before relaxing)
 .eh_frame      0x0000000000030fa8       0xd4 build/cooja/mtype569.a(simple-udp.o)
                                         0xec (size before relaxing)
 .eh_frame      0x000000000003107c      0x2f8 build/cooja/mtype569.a(sicslowpan.o)
                                        0x310 (size before relaxing)
 .eh_frame      0x0000000000031374       0x88 build/cooja/mtype569.a(uiplib.o)
                                         0xa0 (size before relaxing)
 .eh_frame      0x00000000000313fc      0x1e0 build/cooja/mtype569.a(rpl.o)
                                        0x1f8 (size before relaxing)
 .eh_frame      0x00000000000315dc      0x1c4 build/cooja/mtype569.a(rpl-icmp6.o)
                                        0x1dc (size before relaxing)
 .eh_frame      0x00000000000317a0       0xa0 build/cooja/mtype569.a(rpl-dag-root.o)
                                         0xb8 (size before relaxing)
 .eh_frame      0x0000000000031840       0xa0 build/cooja/mtype569.a(watchdog.o)
                                         0xb8 (size before relaxing)
 .eh_frame      0x00000000000318e0       0x80 build/cooja/mtype569.a(int-master.o)
                                         0x98 (size before relaxing)
 .eh_frame      0x0000000000031960       0xa4 build/cooja/mtype569.a(coap-timer-defa)
                                         0xbc (size before relaxing)
 .eh_frame      0x0000000000031a04       0xc4 build/cooja/mtype569.a(stimer.o)
                                         0xdc (size before relaxing)
 .eh_frame      0x0000000000031ac8       0xa0 build/cooja/mtype569.a(ringbuf.o)
                                         0xb8 (size before relaxing)
 .eh_frame      0x0000000000031b68       0x20 build/cooja/mtype569.a(assert.o)
                                         0x38 (size before relaxing)
 .eh_frame      0x0000000000031b88      0x2ac build/cooja/mtype569.a(nbr-table.o)
                                        0x2c4 (size before relaxing)
 .eh_frame      0x0000000000031e34      0x120 build/cooja/mtype569.a(link-stats.o)
                                        0x138 (size before relaxing)
 .eh_frame      0x0000000000031f54       0x48 build/cooja/mtype569.a(mac-sequence.o)
                                         0x60 (size before relaxing)
 .eh_frame      0x0000000000031f9c       0x20 build/cooja/mtype569.a(mac.o)
                                         0x38 (size before relaxing)
 .eh_frame      0x0000000000031fbc       0xa4 build/cooja/mtype569.a(framer-802154.o)
                                         0xbc (size before relaxing)
 .eh_frame      0x0000000000032060      0x1a4 build/cooja/mtype569.a(frame802154.o)
                                        0x1bc (size before relaxing)
 .eh_frame      0x0000000000032204       0x40 build/cooja/mtype569.a(csma-security.o)
                                         0x58 (size before relaxing)
 .eh_frame      0x0000000000032244      0x200 build/cooja/mtype569.a(uipbuf.o)
                                        0x218 (size before relaxing)
 .eh_frame      0x0000000000032444      0x150 build/cooja/mtype569.a(uip-icmp6.o)
                                        0x168 (size before relaxing)
 .eh_frame      0x0000000000032594      0x184 build/cooja/mtype569.a(uip-sr.o)
                                        0x19c (size before relaxing)
 .eh_frame      0x0000000000032718       0xe0 build/cooja/mtype569.a(uip-packetqueue)
                                         0xf8 (size before relaxing)
 .eh_frame      0x00000000000327f8       0x80 build/cooja/mtype569.a(rpl-nbr-policy.)
                                         0x98 (size before relaxing)
 .eh_frame      0x0000000000032878      0x2d4 build/cooja/mtype569.a(rpl-neighbor.o)
                                        0x2ec (size before relaxing)
 .eh_frame      0x0000000000032b4c      0x370 build/cooja/mtype569.a(rpl-dag.o)
                                        0x388 (size before relaxing)
 .eh_frame      0x0000000000032ebc      0x3a8 build/cooja/mtype569.a(rpl-timers.o)
                                        0x3c0 (size before relaxing)
 .eh_frame      0x0000000000033264      0x124 build/cooja/mtype569.a(rpl-ext-header.)
                                        0x13c (size before relaxing)
 .eh_frame      0x0000000000033388      0x148 build/cooja/mtype569.a(rpl-mrhof.o)
                                        0x160 (size before relaxing)
 .eh_frame      0x00000000000334d0       0x84 /usr/lib/gcc/i686-linux-gnu/5/libgcc.a(_udivdi3.o)
                                         0x9c (size before relaxing)
 .eh_frame      0x0000000000033554        0x4 /usr/lib/gcc/i686-linux-gnu/5/crtendS.o
 *(.eh_frame.*)

.gcc_except_table
 *(.gcc_except_table .gcc_except_table.*)

.gnu_extab
 *(.gnu_extab*)

.exception_ranges
 *(.exception_ranges .exception_ranges*)
                0x0000000000034f10                . = DATA_SEGMENT_ALIGN (0x1000, 0x1000)

.eh_frame
 *(.eh_frame)
 *(.eh_frame.*)

.gnu_extab
 *(.gnu_extab)

.gcc_except_table
 *(.gcc_except_table .gcc_except_table.*)

.exception_ranges
 *(.exception_ranges .exception_ranges*)

.tdata
 *(.tdata .tdata.* .gnu.linkonce.td.*)

.tbss
 *(.tbss .tbss.* .gnu.linkonce.tb.*)
 *(.tcommon)

.preinit_array
 *(.preinit_array)

.init_array     0x0000000000034f10        0x4
 *(SORT(.init_array.*) SORT(.ctors.*))
 *(.init_array EXCLUDE_FILE(*crtend?.o *crtend.o *crtbegin?.o *crtbegin.o) .ctors)
 .init_array    0x0000000000034f10        0x4 /usr/lib/gcc/i686-linux-gnu/5/crtbeginS.o

.fini_array     0x0000000000034f14        0x4
 *(SORT(.fini_array.*) SORT(.dtors.*))
 *(.fini_array EXCLUDE_FILE(*crtend?.o *crtend.o *crtbegin?.o *crtbegin.o) .dtors)
 .fini_array    0x0000000000034f14        0x4 /usr/lib/gcc/i686-linux-gnu/5/crtbeginS.o

.ctors
 *crtbegin.o(.ctors)
 *crtbegin?.o(.ctors)
 *(EXCLUDE_FILE(*crtend?.o *crtend.o) .ctors)
 *(SORT(.ctors.*))
 *(.ctors)

.dtors
 *crtbegin.o(.dtors)
 *crtbegin?.o(.dtors)
 *(EXCLUDE_FILE(*crtend?.o *crtend.o) .dtors)
 *(SORT(.dtors.*))
 *(.dtors)

.jcr            0x0000000000034f18        0x4
 *(.jcr)
 .jcr           0x0000000000034f18        0x0 /usr/lib/gcc/i686-linux-gnu/5/crtbeginS.o
 .jcr           0x0000000000034f18        0x4 /usr/lib/gcc/i686-linux-gnu/5/crtendS.o

.data.rel.ro
 *(.data.rel.ro.local* .gnu.linkonce.d.rel.ro.local.*)
 *(.data.rel.ro .data.rel.ro.* .gnu.linkonce.d.rel.ro.*)

.dynamic        0x0000000000034f1c       0xd0
 *(.dynamic)
 .dynamic       0x0000000000034f1c       0xd0 /usr/lib/gcc/i686-linux-gnu/5/../../../i386-linux-gnu/crti.o
                0x0000000000034f1c                _DYNAMIC

.got            0x0000000000034fec       0x14
 *(.got)
 .got           0x0000000000034fec       0x14 /usr/lib/gcc/i686-linux-gnu/5/../../../i386-linux-gnu/crti.o
 *(.igot)
                0x0000000000035ff4                . = DATA_SEGMENT_RELRO_END (., (SIZEOF (.got.plt) >= 0xc)?0xc:0x0)

.got.plt        0x0000000000035000        0xc
 *(.got.plt)
 .got.plt       0x0000000000035000        0xc /usr/lib/gcc/i686-linux-gnu/5/../../../i386-linux-gnu/crti.o
                0x0000000000035000                _GLOBAL_OFFSET_TABLE_
 *(.igot.plt)

.data           0x0000000000035020      0x464
 *(.data .data.* .gnu.linkonce.d.*)
 .data          0x0000000000035020        0x0 /usr/lib/gcc/i686-linux-gnu/5/../../../i386-linux-gnu/crti.o
 .data          0x0000000000035020        0x0 /usr/lib/gcc/i686-linux-gnu/5/crtbeginS.o
 .data.rel.local
                0x0000000000035020        0x4 /usr/lib/gcc/i686-linux-gnu/5/crtbeginS.o
                0x0000000000035020                __dso_handle
 .data          0x0000000000035024       0x30 window.o
                0x0000000000035024                udp_client
                0x0000000000035034                coap_client
                0x0000000000035044                coap_server
 *fill*         0x0000000000035054        0xc 
 .data          0x0000000000035060       0x44 build/cooja/mtype569.o
                0x0000000000035060                simInterfaces
                0x0000000000035094                sensors
 .data          0x00000000000350a4        0x0 build/cooja/mtype569.a(simEnvChange.o)
 .data          0x00000000000350a4        0x0 build/cooja/mtype569.a(cooja_mt.o)
 .data          0x00000000000350a4        0x0 build/cooja/mtype569.a(cooja_mtarch.o)
 .data          0x00000000000350a4        0x0 build/cooja/mtype569.a(rtimer-arch.o)
 .data          0x00000000000350a4        0x0 build/cooja/mtype569.a(beep.o)
 .data          0x00000000000350a4        0x0 build/cooja/mtype569.a(leds-arch.o)
 .data          0x00000000000350a4        0x0 build/cooja/mtype569.a(moteid.o)
 .data          0x00000000000350a4        0x0 build/cooja/mtype569.a(pir-sensor.o)
 .data          0x00000000000350a4        0x0 build/cooja/mtype569.a(rs232.o)
 .data          0x00000000000350a4        0x0 build/cooja/mtype569.a(vib-sensor.o)
 .data          0x00000000000350a4        0x0 build/cooja/mtype569.a(clock.o)
 .data          0x00000000000350a4        0x0 build/cooja/mtype569.a(cooja-log.o)
 .data          0x00000000000350a4        0x0 build/cooja/mtype569.a(cfs-cooja.o)
 .data          0x00000000000350a4       0x2c build/cooja/mtype569.a(cooja-radio.o)
                0x00000000000350a4                simRadioHWOn
                0x00000000000350a8                simSignalStrength
                0x00000000000350ac                simLastSignalStrength
                0x00000000000350b0                simPower
                0x00000000000350b4                simRadioChannel
                0x00000000000350b8                simLQI
                0x00000000000350c0                cooja_radio_process
 .data          0x00000000000350d0        0x0 build/cooja/mtype569.a(eeprom.o)
 .data          0x00000000000350d0        0x0 build/cooja/mtype569.a(random.o)
 .data          0x00000000000350d0       0x10 build/cooja/mtype569.a(sensors.o)
                0x00000000000350d0                sensors_process
 .data          0x00000000000350e0        0x0 build/cooja/mtype569.a(leds.o)
 .data          0x00000000000350e0        0x0 build/cooja/mtype569.a(gpio-hal-arch.o)
 .data          0x00000000000350e0       0x78 build/cooja/mtype569.a(buttons.o)
                0x00000000000350e0                simButtonIsActive
                0x0000000000035150                button_hal_buttons
 *fill*         0x0000000000035158        0x8 
 .data          0x0000000000035160       0x24 build/cooja/mtype569.a(res_window.o)
                0x0000000000035160                res_window
 .data          0x0000000000035184        0x0 build/cooja/mtype569.a(coap-blocking-a)
 .data          0x0000000000035184        0x8 build/cooja/mtype569.a(coap-engine.o)
 *fill*         0x000000000003518c       0x14 
 .data          0x00000000000351a0       0x24 build/cooja/mtype569.a(coap-res-well-k)
                0x00000000000351a0                res_well_known_core
 .data          0x00000000000351c4       0x10 build/cooja/mtype569.a(coap-observe.o)
 .data          0x00000000000351d4       0x10 build/cooja/mtype569.a(coap-uip.o)
                0x00000000000351d4                coap_engine
 .data          0x00000000000351e4        0x4 build/cooja/mtype569.a(coap-timer.o)
 .data          0x00000000000351e8       0x10 build/cooja/mtype569.a(coap-transactio)
 .data          0x00000000000351f8        0x4 build/cooja/mtype569.a(coap.o)
                0x00000000000351f8                coap_error_message
 .data          0x00000000000351fc        0x0 build/cooja/mtype569.a(contiki-main.o)
 .data          0x00000000000351fc        0x0 build/cooja/mtype569.a(autostart.o)
 .data          0x00000000000351fc       0x14 build/cooja/mtype569.a(ctimer.o)
                0x0000000000035200                ctimer_process
 *fill*         0x0000000000035210       0x10 
 .data          0x0000000000035220       0xbc build/cooja/mtype569.a(log.o)
                0x0000000000035220                curr_log_level_main
                0x0000000000035240                all_modules
 .data          0x00000000000352dc        0x0 build/cooja/mtype569.a(energest.o)
 .data          0x00000000000352dc       0x10 build/cooja/mtype569.a(etimer.o)
                0x00000000000352dc                etimer_process
 .data          0x00000000000352ec        0x0 build/cooja/mtype569.a(node-id.o)
 .data          0x00000000000352ec        0x0 build/cooja/mtype569.a(rtimer.o)
 .data          0x00000000000352ec        0x0 build/cooja/mtype569.a(process.o)
 .data          0x00000000000352ec        0x0 build/cooja/mtype569.a(timer.o)
 .data          0x00000000000352ec        0x0 build/cooja/mtype569.a(list.o)
 .data          0x00000000000352ec        0x0 build/cooja/mtype569.a(memb.o)
 .data          0x00000000000352ec       0x10 build/cooja/mtype569.a(button-hal.o)
                0x00000000000352ec                button_hal_process
 .data          0x00000000000352fc       0x10 build/cooja/mtype569.a(serial-line.o)
                0x00000000000352fc                serial_line_process
 .data          0x000000000003530c        0x4 build/cooja/mtype569.a(gpio-hal.o)
 .data          0x0000000000035310       0x18 build/cooja/mtype569.a(queuebuf.o)
 .data          0x0000000000035328        0x4 build/cooja/mtype569.a(packetbuf.o)
 .data          0x000000000003532c        0x4 build/cooja/mtype569.a(netstack.o)
 .data          0x0000000000035330        0x0 build/cooja/mtype569.a(linkaddr.o)
 .data          0x0000000000035330        0x0 build/cooja/mtype569.a(csma.o)
 .data          0x0000000000035330       0x28 build/cooja/mtype569.a(csma-output.o)
 .data          0x0000000000035358        0x0 build/cooja/mtype569.a(uip-ds6.o)
 .data          0x0000000000035358        0x0 build/cooja/mtype569.a(uip-udp-packet.)
 .data          0x0000000000035358       0x10 build/cooja/mtype569.a(uip-ds6-route.o)
 .data          0x0000000000035368       0x10 build/cooja/mtype569.a(tcpip.o)
                0x0000000000035368                tcpip_process
 .data          0x0000000000035378        0x0 build/cooja/mtype569.a(uip6.o)
 .data          0x0000000000035378       0x14 build/cooja/mtype569.a(uip-ds6-nbr.o)
 .data          0x000000000003538c        0xc build/cooja/mtype569.a(uip-nd6.o)
 .data          0x0000000000035398       0x10 build/cooja/mtype569.a(simple-udp.o)
                0x0000000000035398                simple_udp_process
 .data          0x00000000000353a8        0x0 build/cooja/mtype569.a(sicslowpan.o)
 .data          0x00000000000353a8        0x0 build/cooja/mtype569.a(uiplib.o)
 .data          0x00000000000353a8        0x0 build/cooja/mtype569.a(rpl.o)
 .data          0x00000000000353a8       0x30 build/cooja/mtype569.a(rpl-icmp6.o)
 .data          0x00000000000353d8        0x0 build/cooja/mtype569.a(rpl-dag-root.o)
 .data          0x00000000000353d8        0x0 build/cooja/mtype569.a(watchdog.o)
 .data          0x00000000000353d8        0x0 build/cooja/mtype569.a(int-master.o)
 .data          0x00000000000353d8       0x10 build/cooja/mtype569.a(coap-timer-defa)
                0x00000000000353d8                coap_timer_process
 .data          0x00000000000353e8        0x0 build/cooja/mtype569.a(stimer.o)
 .data          0x00000000000353e8        0x0 build/cooja/mtype569.a(ringbuf.o)
 .data          0x00000000000353e8        0x0 build/cooja/mtype569.a(assert.o)
 .data          0x00000000000353e8       0x10 build/cooja/mtype569.a(nbr-table.o)
 .data          0x00000000000353f8       0x14 build/cooja/mtype569.a(link-stats.o)
 .data          0x000000000003540c        0x0 build/cooja/mtype569.a(mac-sequence.o)
 .data          0x000000000003540c        0x0 build/cooja/mtype569.a(mac.o)
 .data          0x000000000003540c        0x0 build/cooja/mtype569.a(framer-802154.o)
 .data          0x000000000003540c        0x2 build/cooja/mtype569.a(frame802154.o)
 .data          0x000000000003540e        0x0 build/cooja/mtype569.a(csma-security.o)
 .data          0x000000000003540e        0x0 build/cooja/mtype569.a(uipbuf.o)
 *fill*         0x000000000003540e        0x2 
 .data          0x0000000000035410       0x20 build/cooja/mtype569.a(uip-icmp6.o)
 .data          0x0000000000035430       0x10 build/cooja/mtype569.a(uip-sr.o)
 .data          0x0000000000035440        0xc build/cooja/mtype569.a(uip-packetqueue)
 .data          0x000000000003544c        0x0 build/cooja/mtype569.a(rpl-nbr-policy.)
 .data          0x000000000003544c       0x14 build/cooja/mtype569.a(rpl-neighbor.o)
                0x000000000003545c                rpl_neighbors
 .data          0x0000000000035460        0x0 build/cooja/mtype569.a(rpl-dag.o)
 .data          0x0000000000035460        0x0 build/cooja/mtype569.a(rpl-timers.o)
 .data          0x0000000000035460        0x0 build/cooja/mtype569.a(rpl-ext-header.)
 .data          0x0000000000035460       0x24 build/cooja/mtype569.a(rpl-mrhof.o)
                0x0000000000035460                rpl_mrhof
 .data          0x0000000000035484        0x0 /usr/lib/gcc/i686-linux-gnu/5/libgcc.a(_udivdi3.o)
 .data          0x0000000000035484        0x0 /usr/lib/gcc/i686-linux-gnu/5/crtendS.o
 .data          0x0000000000035484        0x0 /usr/lib/gcc/i686-linux-gnu/5/../../../i386-linux-gnu/crtn.o

.tm_clone_table
                0x0000000000035484        0x0
 .tm_clone_table
                0x0000000000035484        0x0 /usr/lib/gcc/i686-linux-gnu/5/crtbeginS.o
 .tm_clone_table
                0x0000000000035484        0x0 /usr/lib/gcc/i686-linux-gnu/5/crtendS.o

.data1
 *(.data1)
                0x0000000000035484                _edata = .
                [!provide]                        PROVIDE (edata, .)
                0x0000000000035484                . = .
                0x0000000000035484                __bss_start = .

.bss            0x00000000000354a0    0x14524
 *(.dynbss)
 .dynbss        0x00000000000354a0        0x0 /usr/lib/gcc/i686-linux-gnu/5/../../../i386-linux-gnu/crti.o
 *(.bss .bss.* .gnu.linkonce.b.*)
 .bss           0x00000000000354a0        0x0 /usr/lib/gcc/i686-linux-gnu/5/../../../i386-linux-gnu/crti.o
 .bss           0x00000000000354a0        0x1 /usr/lib/gcc/i686-linux-gnu/5/crtbeginS.o
 *fill*         0x00000000000354a1       0x1f 
 .bss           0x00000000000354c0      0x18c window.o
                0x00000000000354c0                rpl_add
                0x00000000000354c1                registered
 *fill*         0x000000000003564c       0x14 
 .bss           0x0000000000035660     0x2030 build/cooja/mtype569.o
 .bss           0x0000000000037690        0x1 build/cooja/mtype569.a(simEnvChange.o)
                0x0000000000037690                simDontFallAsleep
 *fill*         0x0000000000037691        0x3 
 .bss           0x0000000000037694        0x4 build/cooja/mtype569.a(cooja_mt.o)
 .bss           0x0000000000037698        0x4 build/cooja/mtype569.a(cooja_mtarch.o)
 .bss           0x000000000003769c        0x0 build/cooja/mtype569.a(rtimer-arch.o)
 .bss           0x000000000003769c        0x0 build/cooja/mtype569.a(beep.o)
 .bss           0x000000000003769c        0x1 build/cooja/mtype569.a(leds-arch.o)
                0x000000000003769c                simLedsValue
 .bss           0x000000000003769d        0x0 build/cooja/mtype569.a(moteid.o)
 .bss           0x000000000003769d        0x1 build/cooja/mtype569.a(pir-sensor.o)
                0x000000000003769d                simPirValue
 *fill*         0x000000000003769e        0x2 
 .bss           0x00000000000376a0        0x4 build/cooja/mtype569.a(rs232.o)
 .bss           0x00000000000376a4        0x1 build/cooja/mtype569.a(vib-sensor.o)
                0x00000000000376a4                simVibValue
 .bss           0x00000000000376a5        0x0 build/cooja/mtype569.a(clock.o)
 *fill*         0x00000000000376a5       0x1b 
 .bss           0x00000000000376c0     0x2020 build/cooja/mtype569.a(cooja-log.o)
 .bss           0x00000000000396e0      0xfc0 build/cooja/mtype569.a(cfs-cooja.o)
                0x00000000000396e0                simCFSData
                0x000000000003a680                simCFSSize
                0x000000000003a684                simCFSChanged
                0x000000000003a688                simCFSRead
                0x000000000003a68c                simCFSWritten
 .bss           0x000000000003a6a0       0x24 build/cooja/mtype569.a(cooja-radio.o)
                0x000000000003a6a0                simReceiving
                0x000000000003a6a4                simInSize
                0x000000000003a6a8                simLastPacketTimestamp
                0x000000000003a6b0                simOutSize
 .bss           0x000000000003a6c4        0xc build/cooja/mtype569.a(eeprom.o)
                0x000000000003a6c4                simEEPROMChanged
                0x000000000003a6c8                simEEPROMRead
                0x000000000003a6cc                simEEPROMWritten
 .bss           0x000000000003a6d0        0x0 build/cooja/mtype569.a(random.o)
 .bss           0x000000000003a6d0        0xc build/cooja/mtype569.a(sensors.o)
 .bss           0x000000000003a6dc        0x0 build/cooja/mtype569.a(leds.o)
 .bss           0x000000000003a6dc       0x24 build/cooja/mtype569.a(gpio-hal-arch.o)
 .bss           0x000000000003a700        0x0 build/cooja/mtype569.a(buttons.o)
 .bss           0x000000000003a700        0x3 build/cooja/mtype569.a(res_window.o)
                0x000000000003a700                name_assigned
                0x000000000003a701                status_changed
                0x000000000003a702                window_open
 .bss           0x000000000003a703        0x0 build/cooja/mtype569.a(coap-blocking-a)
 *fill*         0x000000000003a703       0x1d 
 .bss           0x000000000003a720      0x190 build/cooja/mtype569.a(coap-engine.o)
 .bss           0x000000000003a8b0        0x0 build/cooja/mtype569.a(coap-res-well-k)
 *fill*         0x000000000003a8b0       0x10 
 .bss           0x000000000003a8c0      0x120 build/cooja/mtype569.a(coap-observe.o)
 .bss           0x000000000003a9e0       0x18 build/cooja/mtype569.a(coap-uip.o)
 .bss           0x000000000003a9f8        0x5 build/cooja/mtype569.a(coap-timer.o)
 *fill*         0x000000000003a9fd        0x3 
 .bss           0x000000000003aa00      0x334 build/cooja/mtype569.a(coap-transactio)
 .bss           0x000000000003ad34        0x6 build/cooja/mtype569.a(coap.o)
                0x000000000003ad34                coap_status_code
 .bss           0x000000000003ad3a        0x0 build/cooja/mtype569.a(contiki-main.o)
 .bss           0x000000000003ad3a        0x0 build/cooja/mtype569.a(autostart.o)
 *fill*         0x000000000003ad3a        0x2 
 .bss           0x000000000003ad3c        0x5 build/cooja/mtype569.a(ctimer.o)
 *fill*         0x000000000003ad41        0x3 
 .bss           0x000000000003ad44       0x2c build/cooja/mtype569.a(log.o)
                0x000000000003ad44                curr_log_level_rpl
                0x000000000003ad48                curr_log_level_tcpip
                0x000000000003ad4c                curr_log_level_ipv6
                0x000000000003ad50                curr_log_level_6lowpan
                0x000000000003ad54                curr_log_level_nullnet
                0x000000000003ad58                curr_log_level_mac
                0x000000000003ad5c                curr_log_level_framer
                0x000000000003ad60                curr_log_level_6top
                0x000000000003ad64                curr_log_level_coap
                0x000000000003ad68                curr_log_level_snmp
                0x000000000003ad6c                curr_log_level_lwm2m
 .bss           0x000000000003ad70        0x0 build/cooja/mtype569.a(energest.o)
 .bss           0x000000000003ad70        0x8 build/cooja/mtype569.a(etimer.o)
 .bss           0x000000000003ad78        0x2 build/cooja/mtype569.a(node-id.o)
                0x000000000003ad78                node_id
 *fill*         0x000000000003ad7a        0x2 
 .bss           0x000000000003ad7c        0x4 build/cooja/mtype569.a(rtimer.o)
 .bss           0x000000000003ad80      0x1a1 build/cooja/mtype569.a(process.o)
                0x000000000003ad80                process_list
                0x000000000003ad84                process_current
 .bss           0x000000000003af21        0x0 build/cooja/mtype569.a(timer.o)
 .bss           0x000000000003af21        0x0 build/cooja/mtype569.a(list.o)
 .bss           0x000000000003af21        0x0 build/cooja/mtype569.a(memb.o)
 *fill*         0x000000000003af21        0x3 
 .bss           0x000000000003af24       0x10 build/cooja/mtype569.a(button-hal.o)
 *fill*         0x000000000003af34        0xc 
 .bss           0x000000000003af40      0x140 build/cooja/mtype569.a(serial-line.o)
 .bss           0x000000000003b080        0x4 build/cooja/mtype569.a(gpio-hal.o)
 *fill*         0x000000000003b084       0x1c 
 .bss           0x000000000003b0a0     0x2c80 build/cooja/mtype569.a(queuebuf.o)
 .bss           0x000000000003dd20       0xa0 build/cooja/mtype569.a(packetbuf.o)
 .bss           0x000000000003ddc0        0x4 build/cooja/mtype569.a(netstack.o)
 .bss           0x000000000003ddc4        0x0 build/cooja/mtype569.a(linkaddr.o)
 .bss           0x000000000003ddc4        0x0 build/cooja/mtype569.a(csma.o)
 *fill*         0x000000000003ddc4       0x1c 
 .bss           0x000000000003dde0      0x726 build/cooja/mtype569.a(csma-output.o)
 *fill*         0x000000000003e506        0x2 
 .bss           0x000000000003e508       0x30 build/cooja/mtype569.a(uip-ds6.o)
 .bss           0x000000000003e538        0x0 build/cooja/mtype569.a(uip-udp-packet.)
 *fill*         0x000000000003e538        0x8 
 .bss           0x000000000003e540       0x60 build/cooja/mtype569.a(uip-ds6-route.o)