Archive member included to satisfy reference by file (symbol)

build/cooja/mtype880.a(simEnvChange.o)
                              build/cooja/mtype880.o (simDontFallAsleep)
build/cooja/mtype880.a(cooja_mt.o)
                              build/cooja/mtype880.o (cooja_mt_start)
build/cooja/mtype880.a(cooja_mtarch.o)
                              build/cooja/mtype880.a(cooja_mt.o) (cooja_mtarch_start)
build/cooja/mtype880.a(rtimer-arch.o)
                              build/cooja/mtype880.o (rtimer_arch_check)
build/cooja/mtype880.a(beep.o)
                              build/cooja/mtype880.o (beep_interface)
build/cooja/mtype880.a(leds-arch.o)
                              build/cooja/mtype880.o (leds_interface)
build/cooja/mtype880.a(moteid.o)
                              build/cooja/mtype880.o (moteid_interface)
build/cooja/mtype880.a(pir-sensor.o)
                              build/cooja/mtype880.o (pir_interface)
build/cooja/mtype880.a(rs232.o)
                              build/cooja/mtype880.o (rs232_interface)
build/cooja/mtype880.a(vib-sensor.o)
                              build/cooja/mtype880.o (vib_interface)
build/cooja/mtype880.a(clock.o)
                              build/cooja/mtype880.o (clock_interface)
build/cooja/mtype880.a(cooja-log.o)
                              build/cooja/mtype880.o (simlog_interface)
build/cooja/mtype880.a(cfs-cooja.o)
                              build/cooja/mtype880.o (cfs_interface)
build/cooja/mtype880.a(cooja-radio.o)
                              build/cooja/mtype880.o (radio_interface)
build/cooja/mtype880.a(eeprom.o)
                              build/cooja/mtype880.o (eeprom_interface)
build/cooja/mtype880.a(random.o)
                              build/cooja/mtype880.a(moteid.o) (random_init)
build/cooja/mtype880.a(sensors.o)
                              build/cooja/mtype880.a(pir-sensor.o) (sensors_changed)
build/cooja/mtype880.a(leds.o)
                              build/cooja/mtype880.a(leds-arch.o) (leds_get)
build/cooja/mtype880.a(gpio-hal-arch.o)
                              build/cooja/mtype880.a(leds-arch.o) (gpio_hal_arch_register_pin_callback)
build/cooja/mtype880.a(buttons.o)
                              build/cooja/mtype880.o (button_interface)
build/cooja/mtype880.a(coap-blocking-a)
                              client.o (coap_blocking_request)
build/cooja/mtype880.a(coap-uip.o)
                              client.o (coap_endpoint_parse)
build/cooja/mtype880.a(coap-transactio)
                              build/cooja/mtype880.a(coap-blocking-a) (coap_send_transaction)
build/cooja/mtype880.a(coap.o)
                              build/cooja/mtype880.a(coap-blocking-a) (coap_get_mid)
build/cooja/mtype880.a(contiki-main.o)
                              build/cooja/mtype880.o (main)
build/cooja/mtype880.a(autostart.o)
                              build/cooja/mtype880.a(contiki-main.o) (autostart_start)
build/cooja/mtype880.a(ctimer.o)
                              build/cooja/mtype880.a(contiki-main.o) (ctimer_init)
build/cooja/mtype880.a(log.o)
                              build/cooja/mtype880.a(contiki-main.o) (curr_log_level_main)
build/cooja/mtype880.a(energest.o)
                              build/cooja/mtype880.a(contiki-main.o) (energest_init)
build/cooja/mtype880.a(etimer.o)
                              build/cooja/mtype880.a(contiki-main.o) (etimer_process)
build/cooja/mtype880.a(node-id.o)
                              client.o (node_id)
build/cooja/mtype880.a(rtimer.o)
                              build/cooja/mtype880.a(contiki-main.o) (rtimer_init)
build/cooja/mtype880.a(process.o)
                              build/cooja/mtype880.a(coap-blocking-a) (process_current)
build/cooja/mtype880.a(timer.o)
                              build/cooja/mtype880.a(etimer.o) (timer_set)
build/cooja/mtype880.a(list.o)
                              build/cooja/mtype880.a(ctimer.o) (list_init)
build/cooja/mtype880.a(memb.o)
                              build/cooja/mtype880.a(coap-transactio) (memb_alloc)
build/cooja/mtype880.a(button-hal.o)
                              build/cooja/mtype880.o (button_hal_init)
build/cooja/mtype880.a(serial-line.o)
                              build/cooja/mtype880.a(rs232.o) (serial_line_input_byte)
build/cooja/mtype880.a(gpio-hal.o)
                              build/cooja/mtype880.a(button-hal.o) (gpio_hal_register_handler)
build/cooja/mtype880.a(queuebuf.o)
                              build/cooja/mtype880.a(contiki-main.o) (queuebuf_init)
build/cooja/mtype880.a(packetbuf.o)
                              build/cooja/mtype880.a(cooja-radio.o) (packetbuf_clear)
build/cooja/mtype880.a(netstack.o)
                              build/cooja/mtype880.a(contiki-main.o) (netstack_init)
build/cooja/mtype880.a(linkaddr.o)
                              build/cooja/mtype880.a(contiki-main.o) (linkaddr_node_addr)
build/cooja/mtype880.a(csma.o)
[...]
Memory Configuration

Name             Origin             Length             Attributes
*default*        0x0000000000000000 0xffffffffffffffff

Linker script and memory map

LOAD /usr/lib/gcc/i686-linux-gnu/5/../../../i386-linux-gnu/crti.o
LOAD /usr/lib/gcc/i686-linux-gnu/5/crtbeginS.o
LOAD client.o
LOAD build/cooja/mtype880.o
LOAD build/cooja/mtype880.a
LOAD /usr/lib/gcc/i686-linux-gnu/5/libgcc.a
LOAD /usr/lib/gcc/i686-linux-gnu/5/libgcc_s.so
LOAD /usr/lib/gcc/i686-linux-gnu/5/../../../i386-linux-gnu/libc.so
START GROUP
LOAD /lib/i386-linux-gnu/libc.so.6
LOAD /usr/lib/i386-linux-gnu/libc_nonshared.a
LOAD /lib/i386-linux-gnu/ld-linux.so.2
END GROUP
LOAD /usr/lib/gcc/i686-linux-gnu/5/libgcc.a
LOAD /usr/lib/gcc/i686-linux-gnu/5/libgcc_s.so
LOAD /usr/lib/gcc/i686-linux-gnu/5/crtendS.o
LOAD /usr/lib/gcc/i686-linux-gnu/5/../../../i386-linux-gnu/crtn.o
                0x0000000000000114                . = (0x0 + SIZEOF_HEADERS)

.note.gnu.build-id
                0x0000000000000114       0x24
 *(.note.gnu.build-id)
 .note.gnu.build-id
                0x0000000000000114       0x24 /usr/lib/gcc/i686-linux-gnu/5/../../../i386-linux-gnu/crti.o

.hash
 *(.hash)

.gnu.hash       0x0000000000000138     0x15a8
 *(.gnu.hash)
 .gnu.hash      0x0000000000000138     0x15a8 /usr/lib/gcc/i686-linux-gnu/5/../../../i386-linux-gnu/crti.o

.dynsym         0x00000000000016e0     0x2f30
 *(.dynsym)
 .dynsym        0x00000000000016e0     0x2f30 /usr/lib/gcc/i686-linux-gnu/5/../../../i386-linux-gnu/crti.o

.dynstr         0x0000000000004610     0x3707
 *(.dynstr)
 .dynstr        0x0000000000004610     0x3707 /usr/lib/gcc/i686-linux-gnu/5/../../../i386-linux-gnu/crti.o

.gnu.version    0x0000000000007d18      0x5e6
 *(.gnu.version)
 .gnu.version   0x0000000000007d18      0x5e6 /usr/lib/gcc/i686-linux-gnu/5/../../../i386-linux-gnu/crti.o

.gnu.version_d  0x0000000000008300        0x0
 *(.gnu.version_d)
 .gnu.version_d
                0x0000000000008300        0x0 /usr/lib/gcc/i686-linux-gnu/5/../../../i386-linux-gnu/crti.o

.gnu.version_r  0x0000000000008300       0x40
 *(.gnu.version_r)
 .gnu.version_r
                0x0000000000008300       0x40 /usr/lib/gcc/i686-linux-gnu/5/../../../i386-linux-gnu/crti.o

.rel.dyn        0x0000000000008340     0x91a0
 *(.rel.init)
 .rel.init      0x0000000000008340        0x0 /usr/lib/gcc/i686-linux-gnu/5/../../../i386-linux-gnu/crti.o
 *(.rel.text .rel.text.* .rel.gnu.linkonce.t.*)
 .rel.text      0x0000000000008340     0x87d8 /usr/lib/gcc/i686-linux-gnu/5/../../../i386-linux-gnu/crti.o
 *(.rel.fini)
 .rel.fini      0x0000000000010b18        0x0 /usr/lib/gcc/i686-linux-gnu/5/../../../i386-linux-gnu/crti.o
 *(.rel.rodata .rel.rodata.* .rel.gnu.linkonce.r.*)
 .rel.rodata    0x0000000000010b18      0x590 /usr/lib/gcc/i686-linux-gnu/5/../../../i386-linux-gnu/crti.o
 *(.rel.data.rel.ro .rel.data.rel.ro.* .rel.gnu.linkonce.d.rel.ro.*)
 *(.rel.data .rel.data.* .rel.gnu.linkonce.d.*)
 .rel.data.rel.local
                0x00000000000110a8        0x8 /usr/lib/gcc/i686-linux-gnu/5/../../../i386-linux-gnu/crti.o
 .rel.data      0x00000000000110b0      0x3f8 /usr/lib/gcc/i686-linux-gnu/5/../../../i386-linux-gnu/crti.o
 *(.rel.tdata .rel.tdata.* .rel.gnu.linkonce.td.*)
 *(.rel.tbss .rel.tbss.* .rel.gnu.linkonce.tb.*)
 *(.rel.ctors)
 *(.rel.dtors)
 *(.rel.got)
 .rel.got       0x00000000000114a8       0x28 /usr/lib/gcc/i686-linux-gnu/5/../../../i386-linux-gnu/crti.o
 *(.rel.bss .rel.bss.* .rel.gnu.linkonce.b.*)
 *(.rel.ifunc)
 .rel.ifunc     0x00000000000114d0        0x0 /usr/lib/gcc/i686-linux-gnu/5/../../../i386-linux-gnu/crti.o
 .rel.fini_array
                0x00000000000114d0        0x8 /usr/lib/gcc/i686-linux-gnu/5/../../../i386-linux-gnu/crti.o
 .rel.init_array
                0x00000000000114d8        0x8 /usr/lib/gcc/i686-linux-gnu/5/../../../i386-linux-gnu/crti.o

.rel.plt        0x00000000000114e0        0x0
 *(.rel.plt)
 .rel.plt       0x00000000000114e0        0x0 /usr/lib/gcc/i686-linux-gnu/5/../../../i386-linux-gnu/crti.o
 *(.rel.iplt)

.init           0x00000000000114e0       0x23
 *(SORT(.init))
 .init          0x00000000000114e0       0x1e /usr/lib/gcc/i686-linux-gnu/5/../../../i386-linux-gnu/crti.o
                0x00000000000114e0                _init
 .init          0x00000000000114fe        0x5 /usr/lib/gcc/i686-linux-gnu/5/../../../i386-linux-gnu/crtn.o

.plt            0x0000000000011510       0x10
 *(.plt)
 .plt           0x0000000000011510       0x10 /usr/lib/gcc/i686-linux-gnu/5/../../../i386-linux-gnu/crti.o
 *(.iplt)

.plt.got        0x0000000000011520       0x10
 *(.plt.got)
 .plt.got       0x0000000000011520       0x10 /usr/lib/gcc/i686-linux-gnu/5/../../../i386-linux-gnu/crti.o

.text           0x0000000000011530    0x18942
 *(.text.unlikely .text.*_unlikely .text.unlikely.*)
 .text.unlikely
                0x0000000000011530        0x0 /usr/lib/gcc/i686-linux-gnu/5/crtbeginS.o
 .text.unlikely
                0x0000000000011530        0x0 /usr/lib/gcc/i686-linux-gnu/5/libgcc.a(_udivdi3.o)
 *(.text.exit .text.exit.*)
 *(.text.startup .text.startup.*)
 *(.text.hot .text.hot.*)
 *(.text .stub .text.* .gnu.linkonce.t.*)
 .text          0x0000000000011530        0x0 /usr/lib/gcc/i686-linux-gnu/5/../../../i386-linux-gnu/crti.o
 .gnu.linkonce.t.__x86.get_pc_thunk.bx
                0x0000000000011530        0x4 /usr/lib/gcc/i686-linux-gnu/5/../../../i386-linux-gnu/crti.o
                0x0000000000011530                __x86.get_pc_thunk.bx
 *fill*         0x0000000000011534        0xc 
 .text          0x0000000000011540      0x11c /usr/lib/gcc/i686-linux-gnu/5/crtbeginS.o
 .text.__x86.get_pc_thunk.dx
                0x000000000001165c        0x4 /usr/lib/gcc/i686-linux-gnu/5/crtbeginS.o
                0x000000000001165c                __x86.get_pc_thunk.dx
 .text          0x0000000000011660      0x4d8 client.o
                0x00000000000116c9                client_chunk_handler
 .text          0x0000000000011b38      0x283 build/cooja/mtype880.o
                0x0000000000011bca                platform_init_stage_one
                0x0000000000011bdd                platform_init_stage_two
                0x0000000000011bf0                platform_init_stage_three
                0x0000000000011c03                platform_main_loop
                0x0000000000011c76                Java_org_contikios_cooja_corecomm_Lib28_init
                0x0000000000011cad                Java_org_contikios_cooja_corecomm_Lib28_getMemory
                0x0000000000011ce0                Java_org_contikios_cooja_corecomm_Lib28_setMemory
                0x0000000000011d40                Java_org_contikios_cooja_corecomm_Lib28_tick
                0x0000000000011da8                Java_org_contikios_cooja_corecomm_Lib28_setReferenceAddress
 .text          0x0000000000011dbb       0x65 build/cooja/mtype880.a(simEnvChange.o)
                0x0000000000011dbb                doActionsBeforeTick
                0x0000000000011ded                doActionsAfterTick
 .text          0x0000000000011e20       0x83 build/cooja/mtype880.a(cooja_mt.o)
                0x0000000000011e20                cooja_mt_start
                0x0000000000011e4a                cooja_mt_exec
                0x0000000000011e80                cooja_mt_yield
 .text          0x0000000000011ea3       0xbe build/cooja/mtype880.a(cooja_mtarch.o)
                0x0000000000011ea3                cooja_mtarch_start
                0x0000000000011f16                cooja_sw
                0x0000000000011f39                cooja_mtarch_exec
                0x0000000000011f56                cooja_mtarch_yield
 .text          0x0000000000011f61       0xc5 build/cooja/mtype880.a(rtimer-arch.o)
                0x0000000000011f61                rtimer_arch_init
                0x0000000000011f85                rtimer_arch_schedule
                0x0000000000011fb5                rtimer_arch_next
                0x0000000000011fc5                rtimer_arch_pending
                0x0000000000011fcf                rtimer_arch_check
                0x0000000000012016                rtimer_arch_now
 .text          0x0000000000012026       0x81 build/cooja/mtype880.a(beep.o)
                0x0000000000012026                beep_alarm
                0x0000000000012033                beep_beep
                0x0000000000012040                beep
                0x000000000001204d                beep_down
                0x000000000001205a                beep_on
                0x0000000000012067                beep_off
                0x0000000000012074                beep_spinup
                0x0000000000012081                beep_quick
                0x000000000001208e                beep_long
 .text          0x00000000000120a7       0x65 build/cooja/mtype880.a(leds-arch.o)
                0x00000000000120ba                leds_arch_init
 .text          0x000000000001210c       0x35 build/cooja/mtype880.a(moteid.o)
 .text          0x0000000000012141       0xb7 build/cooja/mtype880.a(pir-sensor.o)
 .text          0x00000000000121f8      0x148 build/cooja/mtype880.a(rs232.o)
                0x00000000000121f8                rs232_init
                0x00000000000121fe                rs232_set_speed
                0x000000000001220d                rs232_set_input
                0x000000000001221b                rs232_send
                0x000000000001223f                rs232_print
                0x000000000001225b                slip_arch_writeb
 .text          0x0000000000012340       0xb7 build/cooja/mtype880.a(vib-sensor.o)
 .text          0x00000000000123f7       0x38 build/cooja/mtype880.a(clock.o)
                0x00000000000123f7                clock_init
                0x00000000000123fd                clock_time
                0x0000000000012407                clock_seconds
                0x000000000001241d                clock_delay
 .text          0x000000000001242f      0x219 build/cooja/mtype880.a(cooja-log.o)
                0x000000000001242f                simlog_char
                0x0000000000012472                simlog
                0x00000000000124e8                log_message
                0x0000000000012519                log_set_putchar_with_slip
                0x0000000000012527                log_putchar
                0x00000000000125a2                log_puts
                0x00000000000125ca                log_printf
 .text          0x0000000000012648      0x2b9 build/cooja/mtype880.a(cfs-cooja.o)
                0x0000000000012648                cfs_open
                0x00000000000126b1                cfs_close
                0x00000000000126be                cfs_read
                0x0000000000012753                cfs_write
                0x000000000001282f                cfs_seek
                0x00000000000128b7                cfs_remove
                0x00000000000128db                cfs_opendir
                0x00000000000128e5                cfs_readdir
                0x00000000000128ef                cfs_closedir
 .text          0x0000000000012901      0x620 build/cooja/mtype880.a(cooja-radio.o)
                0x0000000000012943                radio_set_channel
                0x0000000000012951                radio_set_txpower
                0x0000000000012969                radio_signal_strength_last
                0x0000000000012973                radio_signal_strength_current
                0x000000000001297d                radio_LQI
 .text          0x0000000000012f21       0xee build/cooja/mtype880.a(eeprom.o)
                0x0000000000012f21                eeprom_init
                0x0000000000012f27                eeprom_read
                0x0000000000012f95                eeprom_write
 .text          0x000000000001300f       0x2d build/cooja/mtype880.a(random.o)
                0x000000000001300f                random_init
                0x000000000001302f                random_rand
 .text          0x000000000001303c      0x29c build/cooja/mtype880.a(sensors.o)
                0x0000000000013077                sensors_first
                0x0000000000013081                sensors_next
                0x000000000001309b                sensors_changed
                0x00000000000130cf                sensors_find
 .text          0x00000000000132d8      0x349 build/cooja/mtype880.a(leds.o)
                0x00000000000132d8                leds_init
                0x000000000001331f                leds_single_on
                0x000000000001337e                leds_single_off
                0x00000000000133dd                leds_single_toggle
                0x000000000001340f                leds_on
                0x0000000000013491                leds_off
                0x0000000000013513                leds_toggle
                0x0000000000013568                leds_set
                0x0000000000013594                leds_get
 .text          0x0000000000013621      0x343 build/cooja/mtype880.a(gpio-hal-arch.o)
                0x0000000000013621                gpio_hal_arch_register_pin_callback
                0x000000000001368d                gpio_hal_arch_init
                0x00000000000136d2                gpio_hal_arch_no_port_interrupt_enable
                0x0000000000013702                gpio_hal_arch_no_port_interrupt_disable
                0x0000000000013732                gpio_hal_arch_no_port_pin_cfg_set
                0x0000000000013757                gpio_hal_arch_no_port_pin_cfg_get
                0x000000000001377d                gpio_hal_arch_no_port_pin_set_input
                0x000000000001378f                gpio_hal_arch_no_port_pin_set_output
                0x00000000000137a1                gpio_hal_arch_no_port_set_pin
                0x00000000000137c2                gpio_hal_arch_no_port_clear_pin
                0x00000000000137e3                gpio_hal_arch_no_port_read_pin
                0x0000000000013809                gpio_hal_arch_no_port_write_pin
                0x0000000000013833                gpio_hal_arch_no_port_set_pins
                0x000000000001387a                gpio_hal_arch_no_port_clear_pins
                0x00000000000138c1                gpio_hal_arch_no_port_read_pins
                0x0000000000013904                gpio_hal_arch_no_port_write_pins
 .text          0x0000000000013964       0x89 build/cooja/mtype880.a(buttons.o)
 .text          0x00000000000139ed      0x27b build/cooja/mtype880.a(coap-blocking-a)
                0x00000000000139ed                coap_blocking_request_callback
                0x0000000000013a17                coap_blocking_request
 .text          0x0000000000013c68      0x733 build/cooja/mtype880.a(coap-uip.o)
                0x0000000000013c68                coap_endpoint_log
                0x0000000000013cee                coap_endpoint_print
                0x0000000000013d74                coap_endpoint_snprint
                0x0000000000013ea7                coap_endpoint_copy
                0x0000000000013ee4                coap_endpoint_cmp
                0x0000000000013ff2                coap_endpoint_parse
                0x00000000000141dd                coap_endpoint_is_secure
                0x00000000000141ec                coap_endpoint_is_connected
                0x0000000000014220                coap_endpoint_connect
                0x000000000001423c                coap_endpoint_disconnect
                0x0000000000014242                coap_databuf
                0x000000000001424c                coap_transport_init
                0x000000000001429c                coap_sendto
 .text          0x000000000001439b      0x2c6 build/cooja/mtype880.a(coap-transactio)
                0x0000000000014401                coap_new_transaction
                0x0000000000014467                coap_send_transaction
                0x00000000000145c8                coap_clear_transaction
                0x0000000000014610                coap_get_transaction_by_mid
 .text          0x0000000000014661     0x1c53 build/cooja/mtype880.a(coap.o)
                0x0000000000014bce                coap_init_connection
                0x0000000000014be2                coap_get_mid
                0x0000000000014bfe                coap_init_message
                0x0000000000014c47                coap_serialize_message
                0x00000000000152c9                coap_parse_message
                0x0000000000015930                coap_get_query_variable
                0x0000000000015972                coap_get_post_variable
                0x00000000000159b6                coap_set_status_code
                0x00000000000159db                coap_set_token
                0x0000000000015a22                coap_get_header_content_format
                0x0000000000015a53                coap_set_header_content_format
                0x0000000000015a76                coap_get_header_accept
                0x0000000000015aa7                coap_set_header_accept
                0x0000000000015aca                coap_get_header_max_age
                0x0000000000015afb                coap_set_header_max_age
                0x0000000000015b1b                coap_get_header_etag
                0x0000000000015b4d                coap_set_header_etag
                0x0000000000015ba4                coap_get_header_if_match
                0x0000000000015bd6                coap_set_header_if_match
                0x0000000000015c2d                coap_get_header_if_none_match
                0x0000000000015c47                coap_set_header_if_none_match
                0x0000000000015c5e                coap_get_header_proxy_uri
                0x0000000000015c8c                coap_set_header_proxy_uri
                0x0000000000015cc9                coap_get_header_uri_host
                0x0000000000015cf7                coap_set_header_uri_host
                0x0000000000015d34                coap_get_header_uri_path
                0x0000000000015d62                coap_set_header_uri_path
                0x0000000000015daf                coap_get_header_uri_query
                0x0000000000015de3                coap_set_header_uri_query
                0x0000000000015e39                coap_get_header_location_path
                0x0000000000015e67                coap_set_header_location_path
                0x0000000000015f00                coap_get_header_location_query
                0x0000000000015f2e                coap_set_header_location_query
                0x0000000000015f7b                coap_get_header_observe
                0x0000000000015faa                coap_set_header_observe
                0x0000000000015fca                coap_get_header_block2
                0x0000000000016036                coap_set_header_block2
                0x00000000000160ad                coap_get_header_block1
                0x0000000000016122                coap_set_header_block1
                0x000000000001619d                coap_get_header_size2
                0x00000000000161cd                coap_set_header_size2
                0x00000000000161f0                coap_get_header_size1
                0x0000000000016220                coap_set_header_size1
                0x0000000000016243                coap_get_payload
                0x000000000001627d                coap_set_payload
 .text          0x00000000000162b4      0x332 build/cooja/mtype880.a(contiki-main.o)
                0x00000000000162b4                main
 .text          0x00000000000165e6       0x92 build/cooja/mtype880.a(autostart.o)
                0x00000000000165e6                autostart_start
                0x0000000000016630                autostart_exit
 .text          0x0000000000016678      0x355 build/cooja/mtype880.a(ctimer.o)
                0x00000000000167a0                ctimer_init
                0x00000000000167d3                ctimer_set
                0x00000000000167f9                ctimer_set_with_process
                0x0000000000016876                ctimer_reset
                0x00000000000168ca                ctimer_restart
                0x000000000001691e                ctimer_stop
                0x000000000001696e                ctimer_expired
 .text          0x00000000000169cd      0x394 build/cooja/mtype880.a(log.o)
                0x00000000000169cd                log_6addr
                0x0000000000016a20                log_6addr_compact_snprint
                0x0000000000016abe                log_6addr_compact
                0x0000000000016b11                log_lladdr
                0x0000000000016b83                log_lladdr_compact
                0x0000000000016beb                log_set_level
                0x0000000000016ca6                log_get_level
                0x0000000000016d1f                log_level_to_str
 .text          0x0000000000016d61       0x1b build/cooja/mtype880.a(energest.o)
                0x0000000000016d61                energest_init
                0x0000000000016d67                energest_flush
                0x0000000000016d6d                energest_get_total_time
 .text          0x0000000000016d7c      0x43f build/cooja/mtype880.a(etimer.o)
                0x0000000000016fa0                etimer_request_poll
                0x0000000000017029                etimer_set
                0x0000000000017052                etimer_reset_with_new_interval
                0x0000000000017081                etimer_reset
                0x00000000000170a7                etimer_restart
                0x00000000000170cd                etimer_adjust
                0x00000000000170ea                etimer_expired
                0x00000000000170fd                etimer_expiration_time
                0x000000000001710f                etimer_start_time
                0x0000000000017119                etimer_pending
                0x000000000001712b                etimer_next_expiration_time
                0x0000000000017145                etimer_stop
 .text          0x00000000000171bb       0x25 build/cooja/mtype880.a(node-id.o)
                0x00000000000171bb                node_id_init
 .text          0x00000000000171e0       0xeb build/cooja/mtype880.a(rtimer.o)
                0x00000000000171e0                rtimer_init
                0x00000000000171ee                rtimer_set
                0x0000000000017269                rtimer_run_next
 .text          0x00000000000172cb      0x4fb build/cooja/mtype880.a(process.o)
                0x00000000000172cb                process_alloc_event
                0x00000000000172e0                process_start
                0x00000000000174ba                process_exit
                0x00000000000174d7                process_init
                0x000000000001766c                process_run
                0x000000000001769f                process_nevents
                0x00000000000176ba                process_post
                0x000000000001774d                process_post_synch
                0x0000000000017782                process_poll
                0x00000000000177b2                process_is_running
 .text          0x00000000000177c6       0xb1 build/cooja/mtype880.a(timer.o)
                0x00000000000177c6                timer_set
                0x00000000000177e4                timer_reset
                0x0000000000017811                timer_restart
                0x0000000000017826                timer_expired
                0x0000000000017853                timer_remaining
 .text          0x0000000000017877      0x28f build/cooja/mtype880.a(list.o)
                0x0000000000017877                list_init
                0x0000000000017886                list_head
                0x0000000000017890                list_copy
                0x00000000000178a0                list_tail
                0x00000000000178d6                list_add
                0x0000000000017922                list_push
                0x000000000001794e                list_chop
                0x00000000000179b8                list_pop
                0x00000000000179e0                list_remove
                0x0000000000017a48                list_length
                0x0000000000017a76                list_insert
                0x0000000000017abb                list_item_next
                0x0000000000017ad2                list_contains
 .text          0x0000000000017b06      0x1b5 build/cooja/mtype880.a(memb.o)
                0x0000000000017b06                memb_init
                0x0000000000017b5b                memb_alloc
                0x0000000000017bbe                memb_free
                0x0000000000017c35                memb_inmemb
                0x0000000000017c74                memb_numfree
 .text          0x0000000000017cbb      0x41c build/cooja/mtype880.a(button-hal.o)
                0x0000000000017e34                button_hal_get_by_id
                0x0000000000017e72                button_hal_get_by_index
                0x0000000000017e9e                button_hal_get_state
                0x0000000000017ef0                button_hal_init
 .text          0x00000000000180d7      0x1f3 build/cooja/mtype880.a(serial-line.o)
                0x00000000000180d7                serial_line_input_byte
                0x0000000000018295                serial_line_init
 .text          0x00000000000182ca      0x168 build/cooja/mtype880.a(gpio-hal.o)
                0x00000000000182ca                gpio_hal_register_handler
                0x00000000000182e7                gpio_hal_event_handler
                0x0000000000018343                gpio_hal_init
                0x0000000000018362                gpio_hal_arch_port_toggle_pin
                0x000000000001839e                gpio_hal_arch_port_toggle_pins
                0x00000000000183cc                gpio_hal_arch_no_port_toggle_pin
                0x000000000001840a                gpio_hal_arch_no_port_toggle_pins
 .text          0x0000000000018432      0x2e7 build/cooja/mtype880.a(queuebuf.o)
                0x000000000001843c                queuebuf_init
                0x0000000000018465                queuebuf_numfree
                0x000000000001847d                queuebuf_new_from_packetbuf
                0x000000000001851c                queuebuf_update_attr_from_packetbuf
                0x0000000000018551                queuebuf_update_from_packetbuf
                0x00000000000185a1                queuebuf_free
                0x00000000000185ea                queuebuf_to_packetbuf
                0x0000000000018656                queuebuf_dataptr
                0x0000000000018690                queuebuf_datalen
                0x00000000000186b3                queuebuf_addr
                0x00000000000186e8                queuebuf_attr
                0x0000000000018713                queuebuf_debug_print
 .text          0x0000000000018719      0x407 build/cooja/mtype880.a(packetbuf.o)
                0x0000000000018719                packetbuf_clear
                0x0000000000018744                packetbuf_copyfrom
                0x0000000000018793                packetbuf_copyto
                0x0000000000018826                packetbuf_hdralloc
                0x00000000000188a2                packetbuf_hdrreduce
                0x00000000000188e8                packetbuf_set_datalen
                0x0000000000018902                packetbuf_dataptr
                0x000000000001891f                packetbuf_hdrptr
                0x0000000000018929                packetbuf_datalen
                0x0000000000018935                packetbuf_hdrlen
                0x000000000001894c                packetbuf_totlen
                0x0000000000018962                packetbuf_remaininglen
                0x0000000000018975                packetbuf_attr_clear
                0x00000000000189c1                packetbuf_attr_copyto
                0x0000000000018a19                packetbuf_attr_copyfrom
                0x0000000000018a71                packetbuf_set_attr
                0x0000000000018a9b                packetbuf_attr
                0x0000000000018ab5                packetbuf_set_addr
                0x0000000000018ae6                packetbuf_addr
                0x0000000000018b03                packetbuf_holds_broadcast
 .text          0x0000000000018b20       0xef build/cooja/mtype880.a(netstack.o)
                0x0000000000018b20                netstack_process_ip_callback
                0x0000000000018bb1                netstack_ip_packet_processor_add
                0x0000000000018bd4                uip_ds6_ip_packet_processor_rm
                0x0000000000018bf1                netstack_init
 .text          0x0000000000018c0f       0x4f build/cooja/mtype880.a(linkaddr.o)
                0x0000000000018c0f                linkaddr_copy
                0x0000000000018c25                linkaddr_cmp
                0x0000000000018c48                linkaddr_set_node_addr
 .text          0x0000000000018c5e      0x1f6 build/cooja/mtype880.a(csma.o)
 .text          0x0000000000018e54      0x95d build/cooja/mtype880.a(csma-output.o)
                0x00000000000194eb                csma_output_packet
                0x0000000000019778                csma_output_init
 .text          0x00000000000197b1      0xc11 build/cooja/mtype880.a(uip-ds6.o)
                0x00000000000197b1                uip_ds6_default_prefix
                0x00000000000197bb                uip_ds6_set_default_prefix
                0x00000000000197e6                uip_ds6_init
                0x0000000000019a48                uip_ds6_periodic
                0x0000000000019acf                uip_ds6_list_loop
                0x0000000000019b8f                uip_ds6_prefix_add
                0x0000000000019c3b                uip_ds6_prefix_rm
                0x0000000000019c4e                uip_ds6_prefix_lookup
                0x0000000000019c8d                uip_ds6_is_addr_onlink
                0x0000000000019d00                uip_ds6_addr_add
                0x0000000000019e20                uip_ds6_addr_rm
                0x0000000000019ec9                uip_ds6_addr_lookup
                0x0000000000019f02                uip_ds6_get_link_local
                0x0000000000019f83                uip_ds6_get_global
                0x000000000001a004                uip_ds6_maddr_add
                0x000000000001a064                uip_ds6_maddr_rm
                0x000000000001a077                uip_ds6_maddr_lookup
                0x000000000001a0b0                uip_ds6_aaddr_add
                0x000000000001a110                uip_ds6_aaddr_rm
                0x000000000001a123                uip_ds6_aaddr_lookup
                0x000000000001a15c                uip_ds6_select_src
                0x000000000001a2a5                uip_ds6_set_addr_iid
                0x000000000001a2d0                uip_ds6_set_lladdr_from_iid
                0x000000000001a2f9                get_match_length
                0x000000000001a38a                uip_ds6_compute_reachable_time
 .text          0x000000000001a3c2      0x128 build/cooja/mtype880.a(uip-udp-packet.)
                0x000000000001a3c2                uip_udp_packet_send
                0x000000000001a41d                uip_udp_packet_sendto
 .text          0x000000000001a4ea      0x35b build/cooja/mtype880.a(uip-ds6-route.o)
                0x000000000001a53b                uip_ds6_route_init
                0x000000000001a565                uip_ds6_route_nexthop
                0x000000000001a56f                uip_ds6_route_head
                0x000000000001a579                uip_ds6_route_next
                0x000000000001a583                uip_ds6_route_is_nexthop
                0x000000000001a58d                uip_ds6_route_num_routes
                0x000000000001a597                uip_ds6_route_lookup
                0x000000000001a5a1                uip_ds6_route_add
                0x000000000001a5b4                uip_ds6_route_rm
                0x000000000001a5ba                uip_ds6_route_rm_by_nexthop
                0x000000000001a5c0                uip_ds6_defrt_head
                0x000000000001a5d9                uip_ds6_defrt_add
                0x000000000001a687                uip_ds6_defrt_rm
                0x000000000001a6ed                uip_ds6_defrt_lookup
                0x000000000001a754                uip_ds6_defrt_choose
                0x000000000001a7ca                uip_ds6_defrt_periodic
 .text          0x000000000001a845      0x6f7 build/cooja/mtype880.a(tcpip.o)
                0x000000000001a85f                tcpip_output
                0x000000000001a8de                udp_attach
                0x000000000001a8f6                udp_new
                0x000000000001a940                udp_broadcast_new
                0x000000000001aab2                tcpip_input
                0x000000000001ac42                tcpip_ipv6_output
                0x000000000001ae36                tcpip_poll_udp
                0x000000000001ae54                tcpip_uipcall
 .text          0x000000000001af3c     0x1205 build/cooja/mtype880.a(uip6.o)
                0x000000000001afeb                uip_chksum
                0x000000000001b0c2                uip_icmp6chksum
                0x000000000001b0d7                uip_udpchksum
                0x000000000001b0ec                uip_init
                0x000000000001b135                uip_remove_ext_hdr
                0x000000000001b20f                uip_udp_new
                0x000000000001b523                uip_process
                0x000000000001c01b                uip_htons
                0x000000000001c03d                uip_htonl
                0x000000000001c07b                uip_send
 .text          0x000000000001c141      0x369 build/cooja/mtype880.a(uip-ds6-nbr.o)
                0x000000000001c141                uip_ds6_neighbors_init
                0x000000000001c165                uip_ds6_nbr_add
                0x000000000001c1eb                uip_ds6_nbr_rm
                0x000000000001c236                uip_ds6_nbr_update_ll
                0x000000000001c324                uip_ds6_nbr_get_ipaddr
                0x000000000001c339                uip_ds6_nbr_get_ll
                0x000000000001c355                uip_ds6_nbr_num
                0x000000000001c39e                uip_ds6_nbr_head
                0x000000000001c3b7                uip_ds6_nbr_next
                0x000000000001c3d3                uip_ds6_nbr_lookup
                0x000000000001c42b                uip_ds6_nbr_ll_lookup
                0x000000000001c447                uip_ds6_nbr_ipaddr_from_lladdr
                0x000000000001c470                uip_ds6_nbr_lladdr_from_ipaddr
                0x000000000001c4a4                uip_ds6_link_callback
 .text          0x000000000001c4aa      0x6a7 build/cooja/mtype880.a(uip-nd6.o)
                0x000000000001cb38                uip_nd6_init
 .text          0x000000000001cb51      0x3b0 build/cooja/mtype880.a(simple-udp.o)
                0x000000000001cb7e                simple_udp_send
                0x000000000001cbe1                simple_udp_sendto
                0x000000000001cc3c                simple_udp_sendto_port
                0x000000000001cc95                simple_udp_register
 .text          0x000000000001cf01     0x2c17 build/cooja/mtype880.a(sicslowpan.o)
                0x000000000001d508                netstack_sniffer_add
                0x000000000001d516                netstack_sniffer_remove
                0x000000000001faec                sicslowpan_init
                0x000000000001fb0e                sicslowpan_get_last_rssi
 .text          0x000000000001fb18      0x4d1 build/cooja/mtype880.a(uiplib.o)
                0x000000000001fb18                uiplib_ip6addrconv
                0x000000000001fcd0                uiplib_ip4addrconv
                0x000000000001fd93                uiplib_ipaddr_print
                0x000000000001fde6                uiplib_ipaddr_snprint
 .text          0x000000000001ffe9      0x4c9 build/cooja/mtype880.a(rpl.o)
                0x000000000001ffe9                rpl_lollipop_greater_than
                0x0000000000020043                rpl_get_global_address
                0x000000000002013b                rpl_link_callback
                0x000000000002017f                rpl_has_joined
                0x00000000000201a4                rpl_is_reachable
                0x0000000000020225                rpl_reset_prefix
                0x000000000002028f                rpl_set_prefix_from_addr
                0x0000000000020374                rpl_set_prefix
                0x000000000002048e                rpl_set_leaf_only
                0x00000000000204a6                rpl_get_leaf_only
 .text          0x00000000000204b2     0x138c build/cooja/mtype880.a(rpl-icmp6.o)
                0x00000000000205d7                rpl_icmp6_update_nbr_table
                0x0000000000020660                rpl_icmp6_dis_output
                0x0000000000020ca6                rpl_icmp6_dio_output
                0x00000000000214a4                rpl_icmp6_dao_output
                0x0000000000021785                rpl_icmp6_dao_ack_output
                0x00000000000217f5                rpl_icmp6_init
 .text          0x000000000002183e      0x264 build/cooja/mtype880.a(rpl-dag-root.o)
                0x000000000002183e                rpl_dag_root_print_links
                0x000000000002196a                rpl_dag_root_set_prefix
                0x0000000000021996                rpl_dag_root_start
                0x0000000000021a73                rpl_dag_root_is_root
 .text          0x0000000000021aa2       0x30 build/cooja/mtype880.a(watchdog.o)
                0x0000000000021aa2                watchdog_init
                0x0000000000021aa8                watchdog_start
                0x0000000000021aae                watchdog_periodic
                0x0000000000021ac6                watchdog_stop
                0x0000000000021acc                watchdog_reboot
 .text          0x0000000000021ad2       0x4a build/cooja/mtype880.a(int-master.o)
                0x0000000000021ad2                int_master_enable
                0x0000000000021ae2                int_master_read_and_disable
                0x0000000000021aff                int_master_status_set
                0x0000000000021b0d                int_master_is_enabled
 .text          0x0000000000021b1c      0xbea build/cooja/mtype880.a(coap-engine.o)
                0x0000000000021bb1                coap_add_handler
                0x0000000000021bce                coap_remove_handler
                0x0000000000021beb                coap_call_handlers
                0x0000000000021cf3                coap_receive
                0x00000000000222ee                coap_engine_init
                0x000000000002234c                coap_activate_resource
                0x00000000000223f7                coap_get_first_resource
                0x0000000000022410                coap_get_next_resource
 .text          0x0000000000022706      0x2d9 build/cooja/mtype880.a(coap-res-well-k)
 .text          0x00000000000229df      0x96a build/cooja/mtype880.a(coap-observe.o)
                0x0000000000022af4                coap_remove_observer
                0x0000000000022b24                coap_remove_observer_by_client
                0x0000000000022b8c                coap_remove_observer_by_token
                0x0000000000022c1f                coap_remove_observer_by_uri
                0x0000000000022cc6                coap_remove_observer_by_mid
                0x0000000000022d42                coap_notify_observers
                0x0000000000022d5b                coap_notify_observers_sub
                0x00000000000231c5                coap_observe_handler
                0x00000000000232e0                coap_has_observers
 .text          0x0000000000023349      0x324 build/cooja/mtype880.a(coap-timer.o)
                0x0000000000023446                coap_timer_stop
                0x0000000000023471                coap_timer_set
                0x00000000000234b4                coap_timer_reset
                0x00000000000234f7                coap_timer_time_to_next_expiration
                0x0000000000023563                coap_timer_run
                0x000000000002362f                coap_timer_init
 .text          0x000000000002366d       0xc7 build/cooja/mtype880.a(stimer.o)
                0x000000000002366d                stimer_set
                0x000000000002368b                stimer_reset
                0x00000000000236b8                stimer_restart
                0x00000000000236cd                stimer_expired
                0x00000000000236f8                stimer_remaining
                0x000000000002371c                stimer_elapsed
 .text          0x0000000000023734      0x156 build/cooja/mtype880.a(ringbuf.o)
                0x0000000000023734                ringbuf_init
                0x0000000000023766                ringbuf_put
                0x00000000000237e4                ringbuf_get
                0x0000000000023851                ringbuf_size
                0x0000000000023863                ringbuf_elements
 .text          0x000000000002388a       0x1f build/cooja/mtype880.a(assert.o)
                0x000000000002388a                _xassert
 .text          0x00000000000238a9      0x79b build/cooja/mtype880.a(nbr-table.o)
                0x0000000000023d22                nbr_table_register
                0x0000000000023d8f                nbr_table_is_registered
                0x0000000000023dca                nbr_table_head
                0x0000000000023e25                nbr_table_next
                0x0000000000023e86                nbr_table_add_lladdr
                0x0000000000023f60                nbr_table_get_from_lladdr
                0x0000000000023fac                nbr_table_remove
                0x0000000000023fe4                nbr_table_lock
                0x0000000000023ffe                nbr_table_unlock
                0x0000000000024018                nbr_table_get_lladdr
 .text          0x0000000000024044      0x3a5 build/cooja/mtype880.a(link-stats.o)
                0x0000000000024044                link_stats_from_lladdr
                0x0000000000024060                link_stats_get_lladdr
                0x000000000002407c                link_stats_is_fresh
                0x00000000000240b8                guess_etx_from_rssi
                0x0000000000024134                link_stats_packet_sent
                0x0000000000024254                link_stats_input_callback
                0x0000000000024364                link_stats_reset
                0x00000000000243b4                link_stats_init
 .text          0x00000000000243e9      0x187 build/cooja/mtype880.a(mac-sequence.o)
                0x00000000000243e9                mac_sequence_is_duplicate
                0x0000000000024489                mac_sequence_register_seqno
 .text          0x0000000000024570       0x23 build/cooja/mtype880.a(mac.o)
                0x0000000000024570                mac_call_sent_callback
 .text          0x0000000000024593      0x432 build/cooja/mtype880.a(framer-802154.o)
                0x0000000000024722                framer_802154_setup_params
 .text          0x00000000000249c5      0xb6f build/cooja/mtype880.a(frame802154.o)
                0x00000000000249f6                frame802154_get_pan_id
                0x0000000000024a02                frame802154_set_pan_id
                0x0000000000024a1c                frame802154_has_panid
                0x0000000000024bcb                frame802154_check_dest_panid
                0x0000000000024c53                frame802154_is_broadcast_addr
                0x0000000000024ca0                frame802154_extract_linkaddr
                0x0000000000024f05                frame802154_hdrlen
                0x0000000000024f78                frame802154_create_fcf
                0x0000000000025030                frame802154_create
                0x00000000000251a5                frame802154_parse_fcf
                0x0000000000025287                frame802154_parse
 .text          0x0000000000025534       0x2d build/cooja/mtype880.a(csma-security.o)
                0x0000000000025534                csma_security_create_frame
                0x0000000000025552                csma_security_parse_frame
 .text          0x0000000000025561      0x4e4 build/cooja/mtype880.a(uipbuf.o)
                0x0000000000025561                uipbuf_clear
                0x0000000000025588                uipbuf_add_ext_hdr
                0x0000000000025608                uipbuf_set_len
                0x0000000000025635                uipbuf_set_len_field
                0x0000000000025661                uipbuf_get_len_field
                0x0000000000025681                uipbuf_get_next_header
                0x00000000000257b3                uipbuf_get_last_header
                0x000000000002582c                uipbuf_search_header
                0x00000000000258e2                uipbuf_get_attr
                0x0000000000025909                uipbuf_set_attr
                0x0000000000025940                uipbuf_set_default_attr
                0x0000000000025977                uipbuf_clear_attr
                0x000000000002599b                uipbuf_set_attr_flag
                0x00000000000259bc                uipbuf_clr_attr_flag
                0x00000000000259e3                uipbuf_is_attr_flag
                0x0000000000025a07                uipbuf_init
 .text          0x0000000000025a45      0x73f build/cooja/mtype880.a(uip-icmp6.o)
                0x0000000000025aba                uip_icmp6_input
                0x0000000000025b11                uip_icmp6_register_input_handler
                0x0000000000025c64                uip_icmp6_error_output
                0x0000000000025f15                uip_icmp6_send
                0x000000000002610c                uip_icmp6_echo_reply_callback_add
                0x000000000002613e                uip_icmp6_echo_reply_callback_rm
                0x000000000002615b                uip_icmp6_init
 .text          0x0000000000026184      0x69b build/cooja/mtype880.a(uip-sr.o)
                0x0000000000026184                uip_sr_num_nodes
                0x0000000000026212                uip_sr_get_node
                0x0000000000026269                uip_sr_is_addr_reachable
                0x0000000000026317                uip_sr_expire_parent
                0x0000000000026360                uip_sr_update_node
                0x0000000000026490                uip_sr_init
                0x00000000000264c4                uip_sr_node_head
                0x00000000000264dd                uip_sr_node_next
                0x00000000000264f3                uip_sr_periodic
                0x00000000000265f9                uip_sr_free_all
                0x0000000000026669                uip_sr_link_snprint
 .text          0x000000000002681f      0x146 build/cooja/mtype880.a(uip-packetqueue)
                0x000000000002684d                uip_packetqueue_new
                0x000000000002685c                uip_packetqueue_alloc
                0x00000000000268b7                uip_packetqueue_free
                0x00000000000268fe                uip_packetqueue_buf
                0x000000000002691b                uip_packetqueue_buflen
                0x000000000002693c                uip_packetqueue_set_buflen
 .text          0x0000000000026965      0x1b0 build/cooja/mtype880.a(rpl-nbr-policy.)
                0x0000000000026ad2                rpl_nbr_policy_find_removable
 .text          0x0000000000026b15      0x915 build/cooja/mtype880.a(rpl-neighbor.o)
                0x0000000000026b91                rpl_neighbor_snprint
                0x0000000000026e44                rpl_neighbor_print_list
                0x0000000000026ef9                rpl_neighbor_count
                0x0000000000026fa0                rpl_neighbor_get_from_lladdr
                0x0000000000026fbc                rpl_neighbor_is_acceptable_parent
                0x0000000000026ff0                rpl_neighbor_get_link_metric
                0x0000000000027024                rpl_neighbor_rank_via_nbr
                0x0000000000027058                rpl_neighbor_get_lladdr
                0x0000000000027074                rpl_neighbor_get_ipaddr
                0x000000000002709b                rpl_neighbor_get_link_stats
                0x00000000000270c2                rpl_neighbor_is_fresh
                0x00000000000270e9                rpl_neighbor_is_reachable
                0x0000000000027134                rpl_neighbor_is_parent
                0x000000000002715e                rpl_neighbor_set_preferred_parent
                0x00000000000271f5                rpl_neighbor_remove_all
                0x0000000000027251                rpl_neighbor_get_from_ipaddr
                0x000000000002735f                rpl_neighbor_select_best
                0x000000000002740b                rpl_neighbor_init
 .text          0x000000000002742a      0xe69 build/cooja/mtype880.a(rpl-dag.o)
                0x000000000002742a                rpl_dag_state_to_str
                0x0000000000027469                rpl_dag_get_root_ipaddr
                0x00000000000274b1                rpl_dag_leave
                0x000000000002753a                rpl_dag_poison_and_leave
                0x0000000000027552                rpl_dag_periodic
                0x00000000000275da                rpl_is_addr_in_our_dag
                0x000000000002761e                rpl_get_default_instance
                0x000000000002763a                rpl_get_any_dag
                0x0000000000027693                rpl_refresh_routes
                0x00000000000276d3                rpl_global_repair
                0x000000000002776c                rpl_local_repair
                0x00000000000277b6                rpl_dag_ready_to_advertise
                0x00000000000277f9                rpl_dag_update_state
                0x0000000000027f26                rpl_process_dio
                0x0000000000027fa4                rpl_process_dis
                0x0000000000027fe9                rpl_process_dao
                0x0000000000028078                rpl_process_dao_ack
                0x000000000002810f                rpl_process_hbh
                0x000000000002815f                rpl_dag_init_root
                0x0000000000028273                rpl_dag_init
 .text          0x0000000000028293      0x9e7 build/cooja/mtype880.a(rpl-timers.o)
                0x0000000000028293                rpl_timers_schedule_periodic_dis
                0x00000000000283e1                rpl_timers_dio_reset
                0x00000000000284ef                rpl_timers_schedule_unicast_dio
                0x0000000000028643                rpl_timers_schedule_dao
                0x0000000000028702                rpl_timers_schedule_dao_ack
                0x0000000000028788                rpl_timers_notify_dao_ack
                0x00000000000287e6                get_probing_delay
                0x000000000002881a                get_probing_target
                0x0000000000028a04                rpl_schedule_probing
                0x0000000000028a32                rpl_schedule_probing_now
                0x0000000000028a9c                rpl_timers_unschedule_leaving
                0x0000000000028ad4                rpl_timers_schedule_leaving
                0x0000000000028b15                rpl_timers_init
                0x0000000000028ba5                rpl_timers_stop_dag_timers
                0x0000000000028c1e                rpl_timers_unschedule_state_update
                0x0000000000028c42                rpl_timers_schedule_state_update
 .text          0x0000000000028c7a      0xb8e build/cooja/mtype880.a(rpl-ext-header.)
                0x0000000000028c7a                rpl_ext_header_srh_get_next_hop
                0x0000000000028d61                rpl_ext_header_srh_update
                0x00000000000292cd                rpl_ext_header_hbh_update
                0x00000000000295cd                rpl_ext_header_update
                0x0000000000029656                rpl_ext_header_remove
 .text          0x0000000000029808      0x31b build/cooja/mtype880.a(rpl-mrhof.o)
 .text          0x0000000000029b23      0x226 build/cooja/mtype880.a(coap-timer-defa)
 *fill*         0x0000000000029d49        0x7 
 .text          0x0000000000029d50      0x122 /usr/lib/gcc/i686-linux-gnu/5/libgcc.a(_udivdi3.o)
                0x0000000000029d50                __udivdi3
 .text          0x0000000000029e72        0x0 /usr/lib/gcc/i686-linux-gnu/5/crtendS.o
 .text          0x0000000000029e72        0x0 /usr/lib/gcc/i686-linux-gnu/5/../../../i386-linux-gnu/crtn.o
 *(.gnu.warning)

.fini           0x0000000000029e74       0x14
 *(SORT(.fini))
 .fini          0x0000000000029e74        0xf /usr/lib/gcc/i686-linux-gnu/5/../../../i386-linux-gnu/crti.o
                0x0000000000029e74                _fini
 .fini          0x0000000000029e83        0x5 /usr/lib/gcc/i686-linux-gnu/5/../../../i386-linux-gnu/crtn.o
                [!provide]                        PROVIDE (__etext, .)
                [!provide]                        PROVIDE (_etext, .)
                [!provide]                        PROVIDE (etext, .)

.rodata         0x0000000000029ea0      0xa78
 *(.rodata .rodata.* .gnu.linkonce.r.*)
 .rodata        0x0000000000029ea0      0x104 client.o
                0x0000000000029ec8                autostart_processes
 .rodata        0x0000000000029fa4        0x8 build/cooja/mtype880.a(beep.o)
                0x0000000000029fa4                beep_interface
 .rodata        0x0000000000029fac        0xe build/cooja/mtype880.a(leds-arch.o)
                0x0000000000029fac                leds_interface
                0x0000000000029fb4                leds_arch_leds
 *fill*         0x0000000000029fba        0x2 
 .rodata        0x0000000000029fbc        0x8 build/cooja/mtype880.a(moteid.o)
                0x0000000000029fbc                moteid_interface
 .rodata        0x0000000000029fc4       0x1c build/cooja/mtype880.a(pir-sensor.o)
                0x0000000000029fc4                pir_interface
                0x0000000000029fd0                pir_sensor
 .rodata        0x0000000000029fe0        0xe build/cooja/mtype880.a(rs232.o)
                0x0000000000029fe0                rs232_interface
 *fill*         0x0000000000029fee        0x2 
 .rodata        0x0000000000029ff0       0x24 build/cooja/mtype880.a(vib-sensor.o)
                0x0000000000029ff0                vib_interface
                0x000000000002a004                vib_sensor
 .rodata        0x000000000002a014        0x8 build/cooja/mtype880.a(clock.o)
                0x000000000002a014                clock_interface
 .rodata        0x000000000002a01c        0x8 build/cooja/mtype880.a(cooja-log.o)
                0x000000000002a01c                simlog_interface
 .rodata        0x000000000002a024       0x2f build/cooja/mtype880.a(cfs-cooja.o)
                0x000000000002a024                cfs_interface
 *fill*         0x000000000002a053        0xd 
 .rodata        0x000000000002a060       0xb8 build/cooja/mtype880.a(cooja-radio.o)
                0x000000000002a060                radio_interface
                0x000000000002a0e0                cooja_radio_driver
 .rodata        0x000000000002a118        0x8 build/cooja/mtype880.a(eeprom.o)
                0x000000000002a118                eeprom_interface
 .rodata        0x000000000002a120        0x8 build/cooja/mtype880.a(sensors.o)
 .rodata        0x000000000002a128       0x2c build/cooja/mtype880.a(buttons.o)
                0x000000000002a128                button_interface
                0x000000000002a13c                button_hal_button_count
                0x000000000002a144                button_sensor
 .rodata        0x000000000002a154       0x35 build/cooja/mtype880.a(coap-uip.o)
 *fill*         0x000000000002a189        0x3 
 .rodata        0x000000000002a18c      0x1ac build/cooja/mtype880.a(coap.o)
 .rodata        0x000000000002a338       0xf8 build/cooja/mtype880.a(contiki-main.o)
 .rodata        0x000000000002a430        0xf build/cooja/mtype880.a(ctimer.o)
 *fill*         0x000000000002a43f        0x1 
 .rodata        0x000000000002a440       0xc4 build/cooja/mtype880.a(log.o)
 .rodata        0x000000000002a504        0xc build/cooja/mtype880.a(etimer.o)
 .rodata        0x000000000002a510       0x13 build/cooja/mtype880.a(button-hal.o)
 .rodata        0x000000000002a523        0xe build/cooja/mtype880.a(serial-line.o)
 *fill*         0x000000000002a531        0x3 
 .rodata        0x000000000002a534        0x8 build/cooja/mtype880.a(linkaddr.o)
                0x000000000002a534                linkaddr_null
 .rodata        0x000000000002a53c       0x24 build/cooja/mtype880.a(csma.o)
                0x000000000002a544                csma_driver
 .rodata        0x000000000002a560       0x27 build/cooja/mtype880.a(csma-output.o)
 *fill*         0x000000000002a587        0x1 
 .rodata        0x000000000002a588       0x4d build/cooja/mtype880.a(uip-ds6-route.o)
 .rodata        0x000000000002a5d5        0xd build/cooja/mtype880.a(tcpip.o)
 .rodata        0x000000000002a5e2       0x13 build/cooja/mtype880.a(simple-udp.o)
 *fill*         0x000000000002a5f5        0x3 
 .rodata        0x000000000002a5f8       0x30 build/cooja/mtype880.a(sicslowpan.o)
                0x000000000002a5f8                unc_llconf
                0x000000000002a5fc                unc_ctxconf
                0x000000000002a600                unc_mxconf
                0x000000000002a604                llprefix
                0x000000000002a618                sicslowpan_driver
 .rodata        0x000000000002a628       0x2d build/cooja/mtype880.a(uiplib.o)
 *fill*         0x000000000002a655        0xb 
 .rodata        0x000000000002a660       0x74 build/cooja/mtype880.a(rpl.o)
                0x000000000002a680                rpl_lite_driver
 .rodata        0x000000000002a6d4       0x41 build/cooja/mtype880.a(coap-engine.o)
 .rodata        0x000000000002a715       0x19 build/cooja/mtype880.a(coap-res-well-k)
 .rodata        0x000000000002a72e       0x11 build/cooja/mtype880.a(coap-observe.o)
 *fill*         0x000000000002a73f        0x1 
 .rodata        0x000000000002a740       0x25 build/cooja/mtype880.a(assert.o)
 *fill*         0x000000000002a765        0x3 
 .rodata        0x000000000002a768        0xc build/cooja/mtype880.a(framer-802154.o)
                0x000000000002a768                framer_802154
 .rodata        0x000000000002a774       0x44 build/cooja/mtype880.a(uip-sr.o)
 .rodata        0x000000000002a7b8       0x58 build/cooja/mtype880.a(rpl-neighbor.o)
 .rodata        0x000000000002a810       0xdb build/cooja/mtype880.a(rpl-dag.o)
 .rodata        0x000000000002a8eb        0xc build/cooja/mtype880.a(rpl-timers.o)
 *fill*         0x000000000002a8f7        0x1 
 .rodata        0x000000000002a8f8       0x20 build/cooja/mtype880.a(coap-timer-defa)
                0x000000000002a90c                coap_timer_default_driver

.rodata1
 *(.rodata1)

.eh_frame_hdr   0x000000000002a918     0x1a04
 *(.eh_frame_hdr)
 .eh_frame_hdr  0x000000000002a918     0x1a04 client.o
                0x000000000002a918                __GNU_EH_FRAME_HDR
 *(.eh_frame_entry .eh_frame_entry.*)

.eh_frame       0x000000000002c31c     0x699c
 *(.eh_frame)
 .eh_frame      0x000000000002c31c       0x3c /usr/lib/gcc/i686-linux-gnu/5/../../../i386-linux-gnu/crti.o
                                         0x40 (size before relaxing)
 .eh_frame      0x000000000002c358       0x80 client.o
                                         0x98 (size before relaxing)
 .eh_frame      0x000000000002c3d8      0x178 build/cooja/mtype880.o
                                        0x190 (size before relaxing)
 .eh_frame      0x000000000002c550       0x40 build/cooja/mtype880.a(simEnvChange.o)
                                         0x58 (size before relaxing)
 .eh_frame      0x000000000002c590       0x60 build/cooja/mtype880.a(cooja_mt.o)
                                         0x78 (size before relaxing)
 .eh_frame      0x000000000002c5f0       0x80 build/cooja/mtype880.a(cooja_mtarch.o)
                                         0x98 (size before relaxing)
 .eh_frame      0x000000000002c670       0xc8 build/cooja/mtype880.a(rtimer-arch.o)
                                         0xe0 (size before relaxing)
 .eh_frame      0x000000000002c738      0x160 build/cooja/mtype880.a(beep.o)
                                        0x178 (size before relaxing)
 .eh_frame      0x000000000002c898       0x80 build/cooja/mtype880.a(leds-arch.o)
                                         0x98 (size before relaxing)
 .eh_frame      0x000000000002c918       0x40 build/cooja/mtype880.a(moteid.o)
                                         0x58 (size before relaxing)
 .eh_frame      0x000000000002c958       0xa0 build/cooja/mtype880.a(pir-sensor.o)
                                         0xb8 (size before relaxing)
 .eh_frame      0x000000000002c9f8      0x100 build/cooja/mtype880.a(rs232.o)
                                        0x118 (size before relaxing)
 .eh_frame      0x000000000002caf8       0xa0 build/cooja/mtype880.a(vib-sensor.o)
                                         0xb8 (size before relaxing)
 .eh_frame      0x000000000002cb98       0xc0 build/cooja/mtype880.a(clock.o)
                                         0xd8 (size before relaxing)
 .eh_frame      0x000000000002cc58      0x120 build/cooja/mtype880.a(cooja-log.o)
                                        0x138 (size before relaxing)
 .eh_frame      0x000000000002cd78      0x160 build/cooja/mtype880.a(cfs-cooja.o)
                                        0x178 (size before relaxing)
 .eh_frame      0x000000000002ced8      0x340 build/cooja/mtype880.a(cooja-radio.o)
                                        0x358 (size before relaxing)
 .eh_frame      0x000000000002d218       0xa0 build/cooja/mtype880.a(eeprom.o)
                                         0xb8 (size before relaxing)
 .eh_frame      0x000000000002d2b8       0x40 build/cooja/mtype880.a(random.o)
                                         0x58 (size before relaxing)
 .eh_frame      0x000000000002d2f8       0xc0 build/cooja/mtype880.a(sensors.o)
                                         0xd8 (size before relaxing)
 .eh_frame      0x000000000002d3b8      0x120 build/cooja/mtype880.a(leds.o)
                                        0x138 (size before relaxing)
 .eh_frame      0x000000000002d4d8      0x220 build/cooja/mtype880.a(gpio-hal-arch.o)
                                        0x238 (size before relaxing)
 .eh_frame      0x000000000002d6f8       0xa0 build/cooja/mtype880.a(buttons.o)
                                         0xb8 (size before relaxing)
 .eh_frame      0x000000000002d798       0x44 build/cooja/mtype880.a(coap-blocking-a)
                                         0x5c (size before relaxing)
 .eh_frame      0x000000000002d7dc      0x250 build/cooja/mtype880.a(coap-uip.o)
                                        0x268 (size before relaxing)
 .eh_frame      0x000000000002da2c      0x100 build/cooja/mtype880.a(coap-transactio)
                                        0x118 (size before relaxing)
 .eh_frame      0x000000000002db2c      0x6ec build/cooja/mtype880.a(coap.o)
                                        0x704 (size before relaxing)
 .eh_frame      0x000000000002e218       0x30 build/cooja/mtype880.a(contiki-main.o)
                                         0x48 (size before relaxing)
 .eh_frame      0x000000000002e248       0x40 build/cooja/mtype880.a(autostart.o)
                                         0x58 (size before relaxing)
 .eh_frame      0x000000000002e288      0x100 build/cooja/mtype880.a(ctimer.o)
                                        0x118 (size before relaxing)
 .eh_frame      0x000000000002e388      0x100 build/cooja/mtype880.a(log.o)
                                        0x118 (size before relaxing)
 .eh_frame      0x000000000002e488       0x60 build/cooja/mtype880.a(energest.o)
                                         0x78 (size before relaxing)
 .eh_frame      0x000000000002e4e8      0x1e0 build/cooja/mtype880.a(etimer.o)
                                        0x1f8 (size before relaxing)
 .eh_frame      0x000000000002e6c8       0x20 build/cooja/mtype880.a(node-id.o)
                                         0x38 (size before relaxing)
 .eh_frame      0x000000000002e6e8       0x60 build/cooja/mtype880.a(rtimer.o)
                                         0x78 (size before relaxing)
 .eh_frame      0x000000000002e748      0x1c4 build/cooja/mtype880.a(process.o)
                                        0x1dc (size before relaxing)
 .eh_frame      0x000000000002e90c       0xa4 build/cooja/mtype880.a(timer.o)
                                         0xbc (size before relaxing)
 .eh_frame      0x000000000002e9b0      0x1a0 build/cooja/mtype880.a(list.o)
                                        0x1b8 (size before relaxing)
 .eh_frame      0x000000000002eb50       0xa0 build/cooja/mtype880.a(memb.o)
                                         0xb8 (size before relaxing)
 .eh_frame      0x000000000002ebf0      0x144 build/cooja/mtype880.a(button-hal.o)
                                        0x15c (size before relaxing)
 .eh_frame      0x000000000002ed34       0x60 build/cooja/mtype880.a(serial-line.o)
                                         0x78 (size before relaxing)
 .eh_frame      0x000000000002ed94       0xe0 build/cooja/mtype880.a(gpio-hal.o)
                                         0xf8 (size before relaxing)
 .eh_frame      0x000000000002ee74      0x1a0 build/cooja/mtype880.a(queuebuf.o)
                                        0x1b8 (size before relaxing)
 .eh_frame      0x000000000002f014      0x28c build/cooja/mtype880.a(packetbuf.o)
                                        0x2a4 (size before relaxing)
 .eh_frame      0x000000000002f2a0       0x80 build/cooja/mtype880.a(netstack.o)
                                         0x98 (size before relaxing)
 .eh_frame      0x000000000002f320       0x60 build/cooja/mtype880.a(linkaddr.o)
                                         0x78 (size before relaxing)
 .eh_frame      0x000000000002f380       0xe0 build/cooja/mtype880.a(csma.o)
                                         0xf8 (size before relaxing)
 .eh_frame      0x000000000002f460      0x1d0 build/cooja/mtype880.a(csma-output.o)
                                        0x1e8 (size before relaxing)
 .eh_frame      0x000000000002f630      0x328 build/cooja/mtype880.a(uip-ds6.o)
                                        0x340 (size before relaxing)
 .eh_frame      0x000000000002f958       0x40 build/cooja/mtype880.a(uip-udp-packet.)
                                         0x58 (size before relaxing)
 .eh_frame      0x000000000002f998      0x220 build/cooja/mtype880.a(uip-ds6-route.o)
                                        0x238 (size before relaxing)
 .eh_frame      0x000000000002fbb8      0x244 build/cooja/mtype880.a(tcpip.o)
                                        0x25c (size before relaxing)
 .eh_frame      0x000000000002fdfc      0x1e8 build/cooja/mtype880.a(uip6.o)
                                        0x200 (size before relaxing)
 .eh_frame      0x000000000002ffe4      0x1c0 build/cooja/mtype880.a(uip-ds6-nbr.o)
                                        0x1d8 (size before relaxing)
 .eh_frame      0x00000000000301a4       0x84 build/cooja/mtype880.a(uip-nd6.o)
                                         0x9c (size before relaxing)
 .eh_frame      0x0000000000030228       0xd4 build/cooja/mtype880.a(simple-udp.o)
                                         0xec (size before relaxing)
 .eh_frame      0x00000000000302fc      0x2f8 build/cooja/mtype880.a(sicslowpan.o)
                                        0x310 (size before relaxing)
 .eh_frame      0x00000000000305f4       0x88 build/cooja/mtype880.a(uiplib.o)
                                         0xa0 (size before relaxing)
 .eh_frame      0x000000000003067c      0x1e0 build/cooja/mtype880.a(rpl.o)
                                        0x1f8 (size before relaxing)
 .eh_frame      0x000000000003085c      0x1c4 build/cooja/mtype880.a(rpl-icmp6.o)
                                        0x1dc (size before relaxing)
 .eh_frame      0x0000000000030a20       0xa0 build/cooja/mtype880.a(rpl-dag-root.o)
                                         0xb8 (size before relaxing)
 .eh_frame      0x0000000000030ac0       0xa0 build/cooja/mtype880.a(watchdog.o)
                                         0xb8 (size before relaxing)
 .eh_frame      0x0000000000030b60       0x80 build/cooja/mtype880.a(int-master.o)
                                         0x98 (size before relaxing)
 .eh_frame      0x0000000000030be0      0x220 build/cooja/mtype880.a(coap-engine.o)
                                        0x238 (size before relaxing)
 .eh_frame      0x0000000000030e00       0x24 build/cooja/mtype880.a(coap-res-well-k)
                                         0x3c (size before relaxing)
 .eh_frame      0x0000000000030e24      0x188 build/cooja/mtype880.a(coap-observe.o)
                                        0x1a0 (size before relaxing)
 .eh_frame      0x0000000000030fac      0x114 build/cooja/mtype880.a(coap-timer.o)
                                        0x12c (size before relaxing)
 .eh_frame      0x00000000000310c0       0xc4 build/cooja/mtype880.a(stimer.o)
                                         0xdc (size before relaxing)
 .eh_frame      0x0000000000031184       0xa0 build/cooja/mtype880.a(ringbuf.o)
                                         0xb8 (size before relaxing)
 .eh_frame      0x0000000000031224       0x20 build/cooja/mtype880.a(assert.o)
                                         0x38 (size before relaxing)
 .eh_frame      0x0000000000031244      0x2ac build/cooja/mtype880.a(nbr-table.o)
                                        0x2c4 (size before relaxing)
 .eh_frame      0x00000000000314f0      0x120 build/cooja/mtype880.a(link-stats.o)
                                        0x138 (size before relaxing)
 .eh_frame      0x0000000000031610       0x48 build/cooja/mtype880.a(mac-sequence.o)
                                         0x60 (size before relaxing)
 .eh_frame      0x0000000000031658       0x20 build/cooja/mtype880.a(mac.o)
                                         0x38 (size before relaxing)
 .eh_frame      0x0000000000031678       0xa4 build/cooja/mtype880.a(framer-802154.o)
                                         0xbc (size before relaxing)
 .eh_frame      0x000000000003171c      0x1a4 build/cooja/mtype880.a(frame802154.o)
                                        0x1bc (size before relaxing)
 .eh_frame      0x00000000000318c0       0x40 build/cooja/mtype880.a(csma-security.o)
                                         0x58 (size before relaxing)
 .eh_frame      0x0000000000031900      0x200 build/cooja/mtype880.a(uipbuf.o)
                                        0x218 (size before relaxing)
 .eh_frame      0x0000000000031b00      0x150 build/cooja/mtype880.a(uip-icmp6.o)
                                        0x168 (size before relaxing)
 .eh_frame      0x0000000000031c50      0x184 build/cooja/mtype880.a(uip-sr.o)
                                        0x19c (size before relaxing)
 .eh_frame      0x0000000000031dd4       0xe0 build/cooja/mtype880.a(uip-packetqueue)
                                         0xf8 (size before relaxing)
 .eh_frame      0x0000000000031eb4       0x80 build/cooja/mtype880.a(rpl-nbr-policy.)
                                         0x98 (size before relaxing)
 .eh_frame      0x0000000000031f34      0x2d4 build/cooja/mtype880.a(rpl-neighbor.o)
                                        0x2ec (size before relaxing)
 .eh_frame      0x0000000000032208      0x370 build/cooja/mtype880.a(rpl-dag.o)
                                        0x388 (size before relaxing)
 .eh_frame      0x0000000000032578      0x3a8 build/cooja/mtype880.a(rpl-timers.o)
                                        0x3c0 (size before relaxing)
 .eh_frame      0x0000000000032920      0x124 build/cooja/mtype880.a(rpl-ext-header.)
                                        0x13c (size before relaxing)
 .eh_frame      0x0000000000032a44      0x148 build/cooja/mtype880.a(rpl-mrhof.o)
                                        0x160 (size before relaxing)
 .eh_frame      0x0000000000032b8c       0xa4 build/cooja/mtype880.a(coap-timer-defa)
                                         0xbc (size before relaxing)
 .eh_frame      0x0000000000032c30       0x84 /usr/lib/gcc/i686-linux-gnu/5/libgcc.a(_udivdi3.o)
                                         0x9c (size before relaxing)
 .eh_frame      0x0000000000032cb4        0x4 /usr/lib/gcc/i686-linux-gnu/5/crtendS.o
 *(.eh_frame.*)

.gcc_except_table
 *(.gcc_except_table .gcc_except_table.*)

.gnu_extab
 *(.gnu_extab*)

.exception_ranges
 *(.exception_ranges .exception_ranges*)
                0x0000000000033f10                . = DATA_SEGMENT_ALIGN (0x1000, 0x1000)

.eh_frame
 *(.eh_frame)
 *(.eh_frame.*)

.gnu_extab
 *(.gnu_extab)

.gcc_except_table
 *(.gcc_except_table .gcc_except_table.*)

.exception_ranges
 *(.exception_ranges .exception_ranges*)

.tdata
 *(.tdata .tdata.* .gnu.linkonce.td.*)

.tbss
 *(.tbss .tbss.* .gnu.linkonce.tb.*)
 *(.tcommon)

.preinit_array
 *(.preinit_array)

.init_array     0x0000000000033f10        0x4
 *(SORT(.init_array.*) SORT(.ctors.*))
 *(.init_array EXCLUDE_FILE(*crtend?.o *crtend.o *crtbegin?.o *crtbegin.o) .ctors)
 .init_array    0x0000000000033f10        0x4 /usr/lib/gcc/i686-linux-gnu/5/crtbeginS.o

.fini_array     0x0000000000033f14        0x4
 *(SORT(.fini_array.*) SORT(.dtors.*))
 *(.fini_array EXCLUDE_FILE(*crtend?.o *crtend.o *crtbegin?.o *crtbegin.o) .dtors)
 .fini_array    0x0000000000033f14        0x4 /usr/lib/gcc/i686-linux-gnu/5/crtbeginS.o

.ctors
 *crtbegin.o(.ctors)
 *crtbegin?.o(.ctors)
 *(EXCLUDE_FILE(*crtend?.o *crtend.o) .ctors)
 *(SORT(.ctors.*))
 *(.ctors)

.dtors
 *crtbegin.o(.dtors)
 *crtbegin?.o(.dtors)
 *(EXCLUDE_FILE(*crtend?.o *crtend.o) .dtors)
 *(SORT(.dtors.*))
 *(.dtors)

.jcr            0x0000000000033f18        0x4
 *(.jcr)
 .jcr           0x0000000000033f18        0x0 /usr/lib/gcc/i686-linux-gnu/5/crtbeginS.o
 .jcr           0x0000000000033f18        0x4 /usr/lib/gcc/i686-linux-gnu/5/crtendS.o

.data.rel.ro
 *(.data.rel.ro.local* .gnu.linkonce.d.rel.ro.local.*)
 *(.data.rel.ro .data.rel.ro.* .gnu.linkonce.d.rel.ro.*)

.dynamic        0x0000000000033f1c       0xd0
 *(.dynamic)
 .dynamic       0x0000000000033f1c       0xd0 /usr/lib/gcc/i686-linux-gnu/5/../../../i386-linux-gnu/crti.o
                0x0000000000033f1c                _DYNAMIC

.got            0x0000000000033fec       0x14
 *(.got)
 .got           0x0000000000033fec       0x14 /usr/lib/gcc/i686-linux-gnu/5/../../../i386-linux-gnu/crti.o
 *(.igot)
                0x0000000000034ff4                . = DATA_SEGMENT_RELRO_END (., (SIZEOF (.got.plt) >= 0xc)?0xc:0x0)

.got.plt        0x0000000000034000        0xc
 *(.got.plt)
 .got.plt       0x0000000000034000        0xc /usr/lib/gcc/i686-linux-gnu/5/../../../i386-linux-gnu/crti.o
                0x0000000000034000                _GLOBAL_OFFSET_TABLE_
 *(.igot.plt)

.data           0x0000000000034020      0x434
 *(.data .data.* .gnu.linkonce.d.*)
 .data          0x0000000000034020        0x0 /usr/lib/gcc/i686-linux-gnu/5/../../../i386-linux-gnu/crti.o
 .data          0x0000000000034020        0x0 /usr/lib/gcc/i686-linux-gnu/5/crtbeginS.o
 .data.rel.local
                0x0000000000034020        0x4 /usr/lib/gcc/i686-linux-gnu/5/crtbeginS.o
                0x0000000000034020                __dso_handle
 .data          0x0000000000034024       0x24 client.o
                0x0000000000034024                service_url
                0x0000000000034028                udp_client_process
                0x0000000000034038                er_example_client
 *fill*         0x0000000000034048       0x18 
 .data          0x0000000000034060       0x44 build/cooja/mtype880.o
                0x0000000000034060                simInterfaces
                0x0000000000034094                sensors
 .data          0x00000000000340a4        0x0 build/cooja/mtype880.a(simEnvChange.o)
 .data          0x00000000000340a4        0x0 build/cooja/mtype880.a(cooja_mt.o)
 .data          0x00000000000340a4        0x0 build/cooja/mtype880.a(cooja_mtarch.o)
 .data          0x00000000000340a4        0x0 build/cooja/mtype880.a(rtimer-arch.o)
 .data          0x00000000000340a4        0x0 build/cooja/mtype880.a(beep.o)
 .data          0x00000000000340a4        0x0 build/cooja/mtype880.a(leds-arch.o)
 .data          0x00000000000340a4        0x0 build/cooja/mtype880.a(moteid.o)
 .data          0x00000000000340a4        0x0 build/cooja/mtype880.a(pir-sensor.o)
 .data          0x00000000000340a4        0x0 build/cooja/mtype880.a(rs232.o)
 .data          0x00000000000340a4        0x0 build/cooja/mtype880.a(vib-sensor.o)
 .data          0x00000000000340a4        0x0 build/cooja/mtype880.a(clock.o)
 .data          0x00000000000340a4        0x0 build/cooja/mtype880.a(cooja-log.o)
 .data          0x00000000000340a4        0x0 build/cooja/mtype880.a(cfs-cooja.o)
 .data          0x00000000000340a4       0x2c build/cooja/mtype880.a(cooja-radio.o)
                0x00000000000340a4                simRadioHWOn
                0x00000000000340a8                simSignalStrength
                0x00000000000340ac                simLastSignalStrength
                0x00000000000340b0                simPower
                0x00000000000340b4                simRadioChannel
                0x00000000000340b8                simLQI
                0x00000000000340c0                cooja_radio_process
 .data          0x00000000000340d0        0x0 build/cooja/mtype880.a(eeprom.o)
 .data          0x00000000000340d0        0x0 build/cooja/mtype880.a(random.o)
 .data          0x00000000000340d0       0x10 build/cooja/mtype880.a(sensors.o)
                0x00000000000340d0                sensors_process
 .data          0x00000000000340e0        0x0 build/cooja/mtype880.a(leds.o)
 .data          0x00000000000340e0        0x0 build/cooja/mtype880.a(gpio-hal-arch.o)
 .data          0x00000000000340e0       0x78 build/cooja/mtype880.a(buttons.o)
                0x00000000000340e0                simButtonIsActive
                0x0000000000034150                button_hal_buttons
 .data          0x0000000000034158        0x0 build/cooja/mtype880.a(coap-blocking-a)
 .data          0x0000000000034158       0x10 build/cooja/mtype880.a(coap-uip.o)
                0x0000000000034158                coap_engine
 .data          0x0000000000034168       0x10 build/cooja/mtype880.a(coap-transactio)
 .data          0x0000000000034178        0x4 build/cooja/mtype880.a(coap.o)
                0x0000000000034178                coap_error_message
 .data          0x000000000003417c        0x0 build/cooja/mtype880.a(contiki-main.o)
 .data          0x000000000003417c        0x0 build/cooja/mtype880.a(autostart.o)
 .data          0x000000000003417c       0x14 build/cooja/mtype880.a(ctimer.o)
                0x0000000000034180                ctimer_process
 *fill*         0x0000000000034190       0x10 
 .data          0x00000000000341a0       0xbc build/cooja/mtype880.a(log.o)
                0x00000000000341a0                curr_log_level_main
                0x00000000000341c0                all_modules
 .data          0x000000000003425c        0x0 build/cooja/mtype880.a(energest.o)
 .data          0x000000000003425c       0x10 build/cooja/mtype880.a(etimer.o)
                0x000000000003425c                etimer_process
 .data          0x000000000003426c        0x0 build/cooja/mtype880.a(node-id.o)
 .data          0x000000000003426c        0x0 build/cooja/mtype880.a(rtimer.o)
 .data          0x000000000003426c        0x0 build/cooja/mtype880.a(process.o)
 .data          0x000000000003426c        0x0 build/cooja/mtype880.a(timer.o)
 .data          0x000000000003426c        0x0 build/cooja/mtype880.a(list.o)
 .data          0x000000000003426c        0x0 build/cooja/mtype880.a(memb.o)
 .data          0x000000000003426c       0x10 build/cooja/mtype880.a(button-hal.o)
                0x000000000003426c                button_hal_process
 .data          0x000000000003427c       0x10 build/cooja/mtype880.a(serial-line.o)
                0x000000000003427c                serial_line_process
 .data          0x000000000003428c        0x4 build/cooja/mtype880.a(gpio-hal.o)
 .data          0x0000000000034290       0x18 build/cooja/mtype880.a(queuebuf.o)
 .data          0x00000000000342a8        0x4 build/cooja/mtype880.a(packetbuf.o)
 .data          0x00000000000342ac        0x4 build/cooja/mtype880.a(netstack.o)
 .data          0x00000000000342b0        0x0 build/cooja/mtype880.a(linkaddr.o)
 .data          0x00000000000342b0        0x0 build/cooja/mtype880.a(csma.o)
 .data          0x00000000000342b0       0x28 build/cooja/mtype880.a(csma-output.o)
 .data          0x00000000000342d8        0x0 build/cooja/mtype880.a(uip-ds6.o)
 .data          0x00000000000342d8        0x0 build/cooja/mtype880.a(uip-udp-packet.)
 .data          0x00000000000342d8       0x10 build/cooja/mtype880.a(uip-ds6-route.o)
 .data          0x00000000000342e8       0x10 build/cooja/mtype880.a(tcpip.o)
                0x00000000000342e8                tcpip_process
 .data          0x00000000000342f8        0x0 build/cooja/mtype880.a(uip6.o)
 .data          0x00000000000342f8       0x14 build/cooja/mtype880.a(uip-ds6-nbr.o)
 .data          0x000000000003430c        0xc build/cooja/mtype880.a(uip-nd6.o)
 .data          0x0000000000034318       0x10 build/cooja/mtype880.a(simple-udp.o)
                0x0000000000034318                simple_udp_process
 .data          0x0000000000034328        0x0 build/cooja/mtype880.a(sicslowpan.o)
 .data          0x0000000000034328        0x0 build/cooja/mtype880.a(uiplib.o)
 .data          0x0000000000034328        0x0 build/cooja/mtype880.a(rpl.o)
 .data          0x0000000000034328       0x30 build/cooja/mtype880.a(rpl-icmp6.o)
 .data          0x0000000000034358        0x0 build/cooja/mtype880.a(rpl-dag-root.o)
 .data          0x0000000000034358        0x0 build/cooja/mtype880.a(watchdog.o)
 .data          0x0000000000034358        0x0 build/cooja/mtype880.a(int-master.o)
 .data          0x0000000000034358        0x8 build/cooja/mtype880.a(coap-engine.o)
 .data          0x0000000000034360       0x24 build/cooja/mtype880.a(coap-res-well-k)
                0x0000000000034360                res_well_known_core
 .data          0x0000000000034384       0x10 build/cooja/mtype880.a(coap-observe.o)
 .data          0x0000000000034394        0x4 build/cooja/mtype880.a(coap-timer.o)
 .data          0x0000000000034398        0x0 build/cooja/mtype880.a(stimer.o)
 .data          0x0000000000034398        0x0 build/cooja/mtype880.a(ringbuf.o)
 .data          0x0000000000034398        0x0 build/cooja/mtype880.a(assert.o)
 .data          0x0000000000034398       0x10 build/cooja/mtype880.a(nbr-table.o)
 .data          0x00000000000343a8       0x14 build/cooja/mtype880.a(link-stats.o)
 .data          0x00000000000343bc        0x0 build/cooja/mtype880.a(mac-sequence.o)
 .data          0x00000000000343bc        0x0 build/cooja/mtype880.a(mac.o)
 .data          0x00000000000343bc        0x0 build/cooja/mtype880.a(framer-802154.o)
 .data          0x00000000000343bc        0x2 build/cooja/mtype880.a(frame802154.o)
 .data          0x00000000000343be        0x0 build/cooja/mtype880.a(csma-security.o)
 .data          0x00000000000343be        0x0 build/cooja/mtype880.a(uipbuf.o)
 *fill*         0x00000000000343be        0x2 
 .data          0x00000000000343c0       0x20 build/cooja/mtype880.a(uip-icmp6.o)
 .data          0x00000000000343e0       0x10 build/cooja/mtype880.a(uip-sr.o)
 .data          0x00000000000343f0        0xc build/cooja/mtype880.a(uip-packetqueue)
 .data          0x00000000000343fc        0x0 build/cooja/mtype880.a(rpl-nbr-policy.)
 .data          0x00000000000343fc       0x14 build/cooja/mtype880.a(rpl-neighbor.o)
                0x000000000003440c                rpl_neighbors
 .data          0x0000000000034410        0x0 build/cooja/mtype880.a(rpl-dag.o)
 .data          0x0000000000034410        0x0 build/cooja/mtype880.a(rpl-timers.o)
 .data          0x0000000000034410        0x0 build/cooja/mtype880.a(rpl-ext-header.)
 *fill*         0x0000000000034410       0x10 
 .data          0x0000000000034420       0x24 build/cooja/mtype880.a(rpl-mrhof.o)
                0x0000000000034420                rpl_mrhof
 .data          0x0000000000034444       0x10 build/cooja/mtype880.a(coap-timer-defa)
                0x0000000000034444                coap_timer_process
 .data          0x0000000000034454        0x0 /usr/lib/gcc/i686-linux-gnu/5/libgcc.a(_udivdi3.o)
 .data          0x0000000000034454        0x0 /usr/lib/gcc/i686-linux-gnu/5/crtendS.o
 .data          0x0000000000034454        0x0 /usr/lib/gcc/i686-linux-gnu/5/../../../i386-linux-gnu/crtn.o

.tm_clone_table
                0x0000000000034454        0x0
 .tm_clone_table
                0x0000000000034454        0x0 /usr/lib/gcc/i686-linux-gnu/5/crtbeginS.o
 .tm_clone_table
                0x0000000000034454        0x0 /usr/lib/gcc/i686-linux-gnu/5/crtendS.o

.data1
 *(.data1)
                0x0000000000034454                _edata = .
                [!provide]                        PROVIDE (edata, .)
                0x0000000000034454                . = .
                0x0000000000034454                __bss_start = .

.bss            0x0000000000034460    0x144c4
 *(.dynbss)
 .dynbss        0x0000000000034460        0x0 /usr/lib/gcc/i686-linux-gnu/5/../../../i386-linux-gnu/crti.o
 *(.bss .bss.* .gnu.linkonce.b.*)
 .bss           0x0000000000034460        0x0 /usr/lib/gcc/i686-linux-gnu/5/../../../i386-linux-gnu/crti.o
 .bss           0x0000000000034460        0x1 /usr/lib/gcc/i686-linux-gnu/5/crtbeginS.o
 *fill*         0x0000000000034461       0x1f 
 .bss           0x0000000000034480      0x16c client.o
                0x0000000000034480                rpl_add
 *fill*         0x00000000000345ec       0x14 
 .bss           0x0000000000034600     0x2030 build/cooja/mtype880.o
 .bss           0x0000000000036630        0x1 build/cooja/mtype880.a(simEnvChange.o)
                0x0000000000036630                simDontFallAsleep
 *fill*         0x0000000000036631        0x3 
 .bss           0x0000000000036634        0x4 build/cooja/mtype880.a(cooja_mt.o)
 .bss           0x0000000000036638        0x4 build/cooja/mtype880.a(cooja_mtarch.o)
 .bss           0x000000000003663c        0x0 build/cooja/mtype880.a(rtimer-arch.o)
 .bss           0x000000000003663c        0x0 build/cooja/mtype880.a(beep.o)
 .bss           0x000000000003663c        0x1 build/cooja/mtype880.a(leds-arch.o)
                0x000000000003663c                simLedsValue
 .bss           0x000000000003663d        0x0 build/cooja/mtype880.a(moteid.o)
 .bss           0x000000000003663d        0x1 build/cooja/mtype880.a(pir-sensor.o)
                0x000000000003663d                simPirValue
 *fill*         0x000000000003663e        0x2 
 .bss           0x0000000000036640        0x4 build/cooja/mtype880.a(rs232.o)
 .bss           0x0000000000036644        0x1 build/cooja/mtype880.a(vib-sensor.o)
                0x0000000000036644                simVibValue
 .bss           0x0000000000036645        0x0 build/cooja/mtype880.a(clock.o)
 *fill*         0x0000000000036645       0x1b 
 .bss           0x0000000000036660     0x2020 build/cooja/mtype880.a(cooja-log.o)
 .bss           0x0000000000038680      0xfc0 build/cooja/mtype880.a(cfs-cooja.o)
                0x0000000000038680                simCFSData
                0x0000000000039620                simCFSSize
                0x0000000000039624                simCFSChanged
                0x0000000000039628                simCFSRead
                0x000000000003962c                simCFSWritten
 .bss           0x0000000000039640       0x24 build/cooja/mtype880.a(cooja-radio.o)
                0x0000000000039640                simReceiving
                0x0000000000039644                simInSize
                0x0000000000039648                simLastPacketTimestamp
                0x0000000000039650                simOutSize
 .bss           0x0000000000039664        0xc build/cooja/mtype880.a(eeprom.o)
                0x0000000000039664                simEEPROMChanged
                0x0000000000039668                simEEPROMRead
                0x000000000003966c                simEEPROMWritten
 .bss           0x0000000000039670        0x0 build/cooja/mtype880.a(random.o)
 .bss           0x0000000000039670        0xc build/cooja/mtype880.a(sensors.o)
 .bss           0x000000000003967c        0x0 build/cooja/mtype880.a(leds.o)
 .bss           0x000000000003967c       0x24 build/cooja/mtype880.a(gpio-hal-arch.o)
 .bss           0x00000000000396a0        0x0 build/cooja/mtype880.a(buttons.o)
 .bss           0x00000000000396a0        0x0 build/cooja/mtype880.a(coap-blocking-a)
 .bss           0x00000000000396a0       0x18 build/cooja/mtype880.a(coap-uip.o)
 *fill*         0x00000000000396b8        0x8 
 .bss           0x00000000000396c0      0x334 build/cooja/mtype880.a(coap-transactio)
 .bss           0x00000000000399f4        0x6 build/cooja/mtype880.a(coap.o)
                0x00000000000399f4                coap_status_code
 .bss           0x00000000000399fa        0x0 build/cooja/mtype880.a(contiki-main.o)
 .bss           0x00000000000399fa        0x0 build/cooja/mtype880.a(autostart.o)
 *fill*         0x00000000000399fa        0x2 
 .bss           0x00000000000399fc        0x5 build/cooja/mtype880.a(ctimer.o)
 *fill*         0x0000000000039a01        0x3 
 .bss           0x0000000000039a04       0x2c build/cooja/mtype880.a(log.o)
                0x0000000000039a04                curr_log_level_rpl
                0x0000000000039a08                curr_log_level_tcpip
                0x0000000000039a0c                curr_log_level_ipv6
                0x0000000000039a10                curr_log_level_6lowpan
                0x0000000000039a14                curr_log_level_nullnet
                0x0000000000039a18                curr_log_level_mac
                0x0000000000039a1c                curr_log_level_framer
                0x0000000000039a20                curr_log_level_6top
                0x0000000000039a24                curr_log_level_coap
                0x0000000000039a28                curr_log_level_snmp
                0x0000000000039a2c                curr_log_level_lwm2m
 .bss           0x0000000000039a30        0x0 build/cooja/mtype880.a(energest.o)
 .bss           0x0000000000039a30        0x8 build/cooja/mtype880.a(etimer.o)
 .bss           0x0000000000039a38        0x2 build/cooja/mtype880.a(node-id.o)
                0x0000000000039a38                node_id
 *fill*         0x0000000000039a3a        0x2 
 .bss           0x0000000000039a3c        0x4 build/cooja/mtype880.a(rtimer.o)
 .bss           0x0000000000039a40      0x1a1 build/cooja/mtype880.a(process.o)
                0x0000000000039a40                process_list
                0x0000000000039a44                process_current
 .bss           0x0000000000039be1        0x0 build/cooja/mtype880.a(timer.o)
 .bss           0x0000000000039be1        0x0 build/cooja/mtype880.a(list.o)
 .bss           0x0000000000039be1        0x0 build/cooja/mtype880.a(memb.o)
 *fill*         0x0000000000039be1        0x3 
 .bss           0x0000000000039be4       0x10 build/cooja/mtype880.a(button-hal.o)
 *fill*         0x0000000000039bf4        0xc 
 .bss           0x0000000000039c00      0x140 build/cooja/mtype880.a(serial-line.o)
 .bss           0x0000000000039d40        0x4 build/cooja/mtype880.a(gpio-hal.o)
 *fill*         0x0000000000039d44       0x1c 
 .bss           0x0000000000039d60     0x2c80 build/cooja/mtype880.a(queuebuf.o)
 .bss           0x000000000003c9e0       0xa0 build/cooja/mtype880.a(packetbuf.o)
 .bss           0x000000000003ca80        0x4 build/cooja/mtype880.a(netstack.o)
 .bss           0x000000000003ca84        0x0 build/cooja/mtype880.a(linkaddr.o)
 .bss           0x000000000003ca84        0x0 build/cooja/mtype880.a(csma.o)
 *fill*         0x000000000003ca84       0x1c 
 .bss           0x000000000003caa0      0x726 build/cooja/mtype880.a(csma-output.o)
 *fill*         0x000000000003d1c6        0x2 
 .bss           0x000000000003d1c8       0x30 build/cooja/mtype880.a(uip-ds6.o)
 .bss           0x000000000003d1f8        0x0 build/cooja/mtype880.a(uip-udp-packet.)
 *fill*         0x000000000003d1f8        0x8 
 .bss           0x000000000003d200       0x60 build/cooja/mtype880.a(uip-ds6-route.o)
 .bss           0x000000000003d260       0x10 build/cooja/mtype880.a(tcpip.o)
 .bss           0x000000000003d270        0x8 build/cooja/mtype880.a(uip6.o)
                0x000000000003d270                uip_ext_bitmap
                0x000000000003d272                uip_ext_len
                0x000000000003d274                uip_last_proto
 *fill*         0x000000000003d278        0x8 
 .bss           0x000000000003d280     0x1c20 build/cooja/mtype880.a(uip-ds6-nbr.o)
 .bss           0x000000000003eea0       0x10 build/cooja/mtype880.a(uip-nd6.o)
 *fill*         0x000000000003eeb0       0x10 
 .bss           0x000000000003eec0      0x520 build/cooja/mtype880.a(simple-udp.o)
 .bss           0x000000000003f3e0      0x724 build/cooja/mtype880.a(sicslowpan.o)
 .bss           0x000000000003fb04        0x0 build/cooja/mtype880.a(uiplib.o)
 .bss           0x000000000003fb04        0x1 build/cooja/mtype880.a(rpl.o)
 .bss           0x000000000003fb05        0x0 build/cooja/mtype880.a(rpl-icmp6.o)
 *fill*         0x000000000003fb05        0x3 
 .bss           0x000000000003fb08       0x11 build/cooja/mtype880.a(rpl-dag-root.o)
 .bss           0x000000000003fb19        0x0 build/cooja/mtype880.a(watchdog.o)