Archive member included to satisfy reference by file (symbol)

build/cooja/mtype467.a(simEnvChange.o)
                              build/cooja/mtype467.o (simDontFallAsleep)
build/cooja/mtype467.a(cooja_mt.o)
                              build/cooja/mtype467.o (cooja_mt_start)
build/cooja/mtype467.a(cooja_mtarch.o)
                              build/cooja/mtype467.a(cooja_mt.o) (cooja_mtarch_start)
build/cooja/mtype467.a(rtimer-arch.o)
                              build/cooja/mtype467.o (rtimer_arch_check)
build/cooja/mtype467.a(beep.o)
                              build/cooja/mtype467.o (beep_interface)
build/cooja/mtype467.a(leds-arch.o)
                              build/cooja/mtype467.o (leds_interface)
build/cooja/mtype467.a(moteid.o)
                              build/cooja/mtype467.o (moteid_interface)
build/cooja/mtype467.a(pir-sensor.o)
                              build/cooja/mtype467.o (pir_interface)
build/cooja/mtype467.a(rs232.o)
                              build/cooja/mtype467.o (rs232_interface)
build/cooja/mtype467.a(vib-sensor.o)
                              build/cooja/mtype467.o (vib_interface)
build/cooja/mtype467.a(clock.o)
                              build/cooja/mtype467.o (clock_interface)
build/cooja/mtype467.a(cooja-log.o)
                              build/cooja/mtype467.o (simlog_interface)
build/cooja/mtype467.a(cfs-cooja.o)
                              build/cooja/mtype467.o (cfs_interface)
build/cooja/mtype467.a(cooja-radio.o)
                              build/cooja/mtype467.o (radio_interface)
build/cooja/mtype467.a(eeprom.o)
                              build/cooja/mtype467.o (eeprom_interface)
build/cooja/mtype467.a(random.o)
                              build/cooja/mtype467.a(moteid.o) (random_init)
build/cooja/mtype467.a(sensors.o)
                              build/cooja/mtype467.a(pir-sensor.o) (sensors_changed)
build/cooja/mtype467.a(leds.o)
                              build/cooja/mtype467.a(leds-arch.o) (leds_get)
build/cooja/mtype467.a(gpio-hal-arch.o)
                              build/cooja/mtype467.a(leds-arch.o) (gpio_hal_arch_register_pin_callback)
build/cooja/mtype467.a(buttons.o)
                              build/cooja/mtype467.o (button_interface)
build/cooja/mtype467.a(res_power.o)
                              sensor_power.o (name_assigned)
build/cooja/mtype467.a(coap-blocking-a)
                              sensor_power.o (coap_blocking_request)
build/cooja/mtype467.a(coap-engine.o)
                              sensor_power.o (coap_activate_resource)
build/cooja/mtype467.a(coap-res-well-k)
                              build/cooja/mtype467.a(coap-engine.o) (res_well_known_core)
build/cooja/mtype467.a(coap-observe.o)
                              build/cooja/mtype467.a(coap-engine.o) (coap_remove_observer_by_mid)
build/cooja/mtype467.a(coap-uip.o)
                              build/cooja/mtype467.a(coap-observe.o) (coap_endpoint_copy)
build/cooja/mtype467.a(coap-timer.o)
                              build/cooja/mtype467.a(coap-engine.o) (coap_timer_set)
build/cooja/mtype467.a(coap-transactio)
                              build/cooja/mtype467.a(coap-blocking-a) (coap_send_transaction)
build/cooja/mtype467.a(coap.o)
                              build/cooja/mtype467.a(coap-engine.o) (coap_status_code)
build/cooja/mtype467.a(contiki-main.o)
                              build/cooja/mtype467.o (main)
build/cooja/mtype467.a(autostart.o)
                              build/cooja/mtype467.a(contiki-main.o) (autostart_start)
build/cooja/mtype467.a(ctimer.o)
                              build/cooja/mtype467.a(contiki-main.o) (ctimer_init)
build/cooja/mtype467.a(log.o)
                              build/cooja/mtype467.a(contiki-main.o) (curr_log_level_main)
build/cooja/mtype467.a(energest.o)
                              build/cooja/mtype467.a(contiki-main.o) (energest_init)
build/cooja/mtype467.a(etimer.o)
                              build/cooja/mtype467.a(contiki-main.o) (etimer_process)
build/cooja/mtype467.a(node-id.o)
                              build/cooja/mtype467.a(contiki-main.o) (node_id)
build/cooja/mtype467.a(rtimer.o)
                              build/cooja/mtype467.a(contiki-main.o) (rtimer_init)
build/cooja/mtype467.a(process.o)
                              build/cooja/mtype467.a(coap-blocking-a) (process_current)
build/cooja/mtype467.a(timer.o)
                              build/cooja/mtype467.a(etimer.o) (timer_set)
build/cooja/mtype467.a(list.o)
                              build/cooja/mtype467.a(coap-engine.o) (list_init)
build/cooja/mtype467.a(memb.o)
                              build/cooja/mtype467.a(coap-observe.o) (memb_alloc)
build/cooja/mtype467.a(button-hal.o)
                              build/cooja/mtype467.o (button_hal_init)
build/cooja/mtype467.a(serial-line.o)
                              build/cooja/mtype467.a(rs232.o) (serial_line_input_byte)
build/cooja/mtype467.a(gpio-hal.o)
[...]
Memory Configuration

Name             Origin             Length             Attributes
*default*        0x0000000000000000 0xffffffffffffffff

Linker script and memory map

LOAD /usr/lib/gcc/i686-linux-gnu/5/../../../i386-linux-gnu/crti.o
LOAD /usr/lib/gcc/i686-linux-gnu/5/crtbeginS.o
LOAD sensor_power.o
LOAD build/cooja/mtype467.o
LOAD build/cooja/mtype467.a
LOAD /usr/lib/gcc/i686-linux-gnu/5/libgcc.a
LOAD /usr/lib/gcc/i686-linux-gnu/5/libgcc_s.so
LOAD /usr/lib/gcc/i686-linux-gnu/5/../../../i386-linux-gnu/libc.so
START GROUP
LOAD /lib/i386-linux-gnu/libc.so.6
LOAD /usr/lib/i386-linux-gnu/libc_nonshared.a
LOAD /lib/i386-linux-gnu/ld-linux.so.2
END GROUP
LOAD /usr/lib/gcc/i686-linux-gnu/5/libgcc.a
LOAD /usr/lib/gcc/i686-linux-gnu/5/libgcc_s.so
LOAD /usr/lib/gcc/i686-linux-gnu/5/crtendS.o
LOAD /usr/lib/gcc/i686-linux-gnu/5/../../../i386-linux-gnu/crtn.o
                0x0000000000000114                . = (0x0 + SIZEOF_HEADERS)

.note.gnu.build-id
                0x0000000000000114       0x24
 *(.note.gnu.build-id)
 .note.gnu.build-id
                0x0000000000000114       0x24 /usr/lib/gcc/i686-linux-gnu/5/../../../i386-linux-gnu/crti.o

.hash
 *(.hash)

.gnu.hash       0x0000000000000138     0x15a0
 *(.gnu.hash)
 .gnu.hash      0x0000000000000138     0x15a0 /usr/lib/gcc/i686-linux-gnu/5/../../../i386-linux-gnu/crti.o

.dynsym         0x00000000000016d8     0x2f30
 *(.dynsym)
 .dynsym        0x00000000000016d8     0x2f30 /usr/lib/gcc/i686-linux-gnu/5/../../../i386-linux-gnu/crti.o

.dynstr         0x0000000000004608     0x36b8
 *(.dynstr)
 .dynstr        0x0000000000004608     0x36b8 /usr/lib/gcc/i686-linux-gnu/5/../../../i386-linux-gnu/crti.o

.gnu.version    0x0000000000007cc0      0x5e6
 *(.gnu.version)
 .gnu.version   0x0000000000007cc0      0x5e6 /usr/lib/gcc/i686-linux-gnu/5/../../../i386-linux-gnu/crti.o

.gnu.version_d  0x00000000000082a8        0x0
 *(.gnu.version_d)
 .gnu.version_d
                0x00000000000082a8        0x0 /usr/lib/gcc/i686-linux-gnu/5/../../../i386-linux-gnu/crti.o

.gnu.version_r  0x00000000000082a8       0x40
 *(.gnu.version_r)
 .gnu.version_r
                0x00000000000082a8       0x40 /usr/lib/gcc/i686-linux-gnu/5/../../../i386-linux-gnu/crti.o

.rel.dyn        0x00000000000082e8     0x90f0
 *(.rel.init)
 .rel.init      0x00000000000082e8        0x0 /usr/lib/gcc/i686-linux-gnu/5/../../../i386-linux-gnu/crti.o
 *(.rel.text .rel.text.* .rel.gnu.linkonce.t.*)
 .rel.text      0x00000000000082e8     0x8718 /usr/lib/gcc/i686-linux-gnu/5/../../../i386-linux-gnu/crti.o
 *(.rel.fini)
 .rel.fini      0x0000000000010a00        0x0 /usr/lib/gcc/i686-linux-gnu/5/../../../i386-linux-gnu/crti.o
 *(.rel.rodata .rel.rodata.* .rel.gnu.linkonce.r.*)
 .rel.rodata    0x0000000000010a00      0x590 /usr/lib/gcc/i686-linux-gnu/5/../../../i386-linux-gnu/crti.o
 *(.rel.data.rel.ro .rel.data.rel.ro.* .rel.gnu.linkonce.d.rel.ro.*)
 *(.rel.data .rel.data.* .rel.gnu.linkonce.d.*)
 .rel.data.rel.local
                0x0000000000010f90        0x8 /usr/lib/gcc/i686-linux-gnu/5/../../../i386-linux-gnu/crti.o
 .rel.data      0x0000000000010f98      0x408 /usr/lib/gcc/i686-linux-gnu/5/../../../i386-linux-gnu/crti.o
 *(.rel.tdata .rel.tdata.* .rel.gnu.linkonce.td.*)
 *(.rel.tbss .rel.tbss.* .rel.gnu.linkonce.tb.*)
 *(.rel.ctors)
 *(.rel.dtors)
 *(.rel.got)
 .rel.got       0x00000000000113a0       0x28 /usr/lib/gcc/i686-linux-gnu/5/../../../i386-linux-gnu/crti.o
 *(.rel.bss .rel.bss.* .rel.gnu.linkonce.b.*)
 *(.rel.ifunc)
 .rel.ifunc     0x00000000000113c8        0x0 /usr/lib/gcc/i686-linux-gnu/5/../../../i386-linux-gnu/crti.o
 .rel.fini_array
                0x00000000000113c8        0x8 /usr/lib/gcc/i686-linux-gnu/5/../../../i386-linux-gnu/crti.o
 .rel.init_array
                0x00000000000113d0        0x8 /usr/lib/gcc/i686-linux-gnu/5/../../../i386-linux-gnu/crti.o

.rel.plt        0x00000000000113d8        0x0
 *(.rel.plt)
 .rel.plt       0x00000000000113d8        0x0 /usr/lib/gcc/i686-linux-gnu/5/../../../i386-linux-gnu/crti.o
 *(.rel.iplt)

.init           0x00000000000113d8       0x23
 *(SORT(.init))
 .init          0x00000000000113d8       0x1e /usr/lib/gcc/i686-linux-gnu/5/../../../i386-linux-gnu/crti.o
                0x00000000000113d8                _init
 .init          0x00000000000113f6        0x5 /usr/lib/gcc/i686-linux-gnu/5/../../../i386-linux-gnu/crtn.o

.plt            0x0000000000011400       0x10
 *(.plt)
 .plt           0x0000000000011400       0x10 /usr/lib/gcc/i686-linux-gnu/5/../../../i386-linux-gnu/crti.o
 *(.iplt)

.plt.got        0x0000000000011410       0x10
 *(.plt.got)
 .plt.got       0x0000000000011410       0x10 /usr/lib/gcc/i686-linux-gnu/5/../../../i386-linux-gnu/crti.o

.text           0x0000000000011420    0x18832
 *(.text.unlikely .text.*_unlikely .text.unlikely.*)
 .text.unlikely
                0x0000000000011420        0x0 /usr/lib/gcc/i686-linux-gnu/5/crtbeginS.o
 .text.unlikely
                0x0000000000011420        0x0 /usr/lib/gcc/i686-linux-gnu/5/libgcc.a(_udivdi3.o)
 *(.text.exit .text.exit.*)
 *(.text.startup .text.startup.*)
 *(.text.hot .text.hot.*)
 *(.text .stub .text.* .gnu.linkonce.t.*)
 .text          0x0000000000011420        0x0 /usr/lib/gcc/i686-linux-gnu/5/../../../i386-linux-gnu/crti.o
 .gnu.linkonce.t.__x86.get_pc_thunk.bx
                0x0000000000011420        0x4 /usr/lib/gcc/i686-linux-gnu/5/../../../i386-linux-gnu/crti.o
                0x0000000000011420                __x86.get_pc_thunk.bx
 *fill*         0x0000000000011424        0xc 
 .text          0x0000000000011430      0x11c /usr/lib/gcc/i686-linux-gnu/5/crtbeginS.o
 .text.__x86.get_pc_thunk.dx
                0x000000000001154c        0x4 /usr/lib/gcc/i686-linux-gnu/5/crtbeginS.o
                0x000000000001154c                __x86.get_pc_thunk.dx
 .text          0x0000000000011550      0x38d sensor_power.o
                0x0000000000011550                response_handler
 .text          0x00000000000118dd      0x283 build/cooja/mtype467.o
                0x000000000001196f                platform_init_stage_one
                0x0000000000011982                platform_init_stage_two
                0x0000000000011995                platform_init_stage_three
                0x00000000000119a8                platform_main_loop
                0x0000000000011a1b                Java_org_contikios_cooja_corecomm_Lib24_init
                0x0000000000011a52                Java_org_contikios_cooja_corecomm_Lib24_getMemory
                0x0000000000011a85                Java_org_contikios_cooja_corecomm_Lib24_setMemory
                0x0000000000011ae5                Java_org_contikios_cooja_corecomm_Lib24_tick
                0x0000000000011b4d                Java_org_contikios_cooja_corecomm_Lib24_setReferenceAddress
 .text          0x0000000000011b60       0x65 build/cooja/mtype467.a(simEnvChange.o)
                0x0000000000011b60                doActionsBeforeTick
                0x0000000000011b92                doActionsAfterTick
 .text          0x0000000000011bc5       0x83 build/cooja/mtype467.a(cooja_mt.o)
                0x0000000000011bc5                cooja_mt_start
                0x0000000000011bef                cooja_mt_exec
                0x0000000000011c25                cooja_mt_yield
 .text          0x0000000000011c48       0xbe build/cooja/mtype467.a(cooja_mtarch.o)
                0x0000000000011c48                cooja_mtarch_start
                0x0000000000011cbb                cooja_sw
                0x0000000000011cde                cooja_mtarch_exec
                0x0000000000011cfb                cooja_mtarch_yield
 .text          0x0000000000011d06       0xc5 build/cooja/mtype467.a(rtimer-arch.o)
                0x0000000000011d06                rtimer_arch_init
                0x0000000000011d2a                rtimer_arch_schedule
                0x0000000000011d5a                rtimer_arch_next
                0x0000000000011d6a                rtimer_arch_pending
                0x0000000000011d74                rtimer_arch_check
                0x0000000000011dbb                rtimer_arch_now
 .text          0x0000000000011dcb       0x81 build/cooja/mtype467.a(beep.o)
                0x0000000000011dcb                beep_alarm
                0x0000000000011dd8                beep_beep
                0x0000000000011de5                beep
                0x0000000000011df2                beep_down
                0x0000000000011dff                beep_on
                0x0000000000011e0c                beep_off
                0x0000000000011e19                beep_spinup
                0x0000000000011e26                beep_quick
                0x0000000000011e33                beep_long
 .text          0x0000000000011e4c       0x65 build/cooja/mtype467.a(leds-arch.o)
                0x0000000000011e5f                leds_arch_init
 .text          0x0000000000011eb1       0x35 build/cooja/mtype467.a(moteid.o)
 .text          0x0000000000011ee6       0xb7 build/cooja/mtype467.a(pir-sensor.o)
 .text          0x0000000000011f9d      0x148 build/cooja/mtype467.a(rs232.o)
                0x0000000000011f9d                rs232_init
                0x0000000000011fa3                rs232_set_speed
                0x0000000000011fb2                rs232_set_input
                0x0000000000011fc0                rs232_send
                0x0000000000011fe4                rs232_print
                0x0000000000012000                slip_arch_writeb
 .text          0x00000000000120e5       0xb7 build/cooja/mtype467.a(vib-sensor.o)
 .text          0x000000000001219c       0x38 build/cooja/mtype467.a(clock.o)
                0x000000000001219c                clock_init
                0x00000000000121a2                clock_time
                0x00000000000121ac                clock_seconds
                0x00000000000121c2                clock_delay
 .text          0x00000000000121d4      0x219 build/cooja/mtype467.a(cooja-log.o)
                0x00000000000121d4                simlog_char
                0x0000000000012217                simlog
                0x000000000001228d                log_message
                0x00000000000122be                log_set_putchar_with_slip
                0x00000000000122cc                log_putchar
                0x0000000000012347                log_puts
                0x000000000001236f                log_printf
 .text          0x00000000000123ed      0x2b9 build/cooja/mtype467.a(cfs-cooja.o)
                0x00000000000123ed                cfs_open
                0x0000000000012456                cfs_close
                0x0000000000012463                cfs_read
                0x00000000000124f8                cfs_write
                0x00000000000125d4                cfs_seek
                0x000000000001265c                cfs_remove
                0x0000000000012680                cfs_opendir
                0x000000000001268a                cfs_readdir
                0x0000000000012694                cfs_closedir
 .text          0x00000000000126a6      0x620 build/cooja/mtype467.a(cooja-radio.o)
                0x00000000000126e8                radio_set_channel
                0x00000000000126f6                radio_set_txpower
                0x000000000001270e                radio_signal_strength_last
                0x0000000000012718                radio_signal_strength_current
                0x0000000000012722                radio_LQI
 .text          0x0000000000012cc6       0xee build/cooja/mtype467.a(eeprom.o)
                0x0000000000012cc6                eeprom_init
                0x0000000000012ccc                eeprom_read
                0x0000000000012d3a                eeprom_write
 .text          0x0000000000012db4       0x2d build/cooja/mtype467.a(random.o)
                0x0000000000012db4                random_init
                0x0000000000012dd4                random_rand
 .text          0x0000000000012de1      0x29c build/cooja/mtype467.a(sensors.o)
                0x0000000000012e1c                sensors_first
                0x0000000000012e26                sensors_next
                0x0000000000012e40                sensors_changed
                0x0000000000012e74                sensors_find
 .text          0x000000000001307d      0x349 build/cooja/mtype467.a(leds.o)
                0x000000000001307d                leds_init
                0x00000000000130c4                leds_single_on
                0x0000000000013123                leds_single_off
                0x0000000000013182                leds_single_toggle
                0x00000000000131b4                leds_on
                0x0000000000013236                leds_off
                0x00000000000132b8                leds_toggle
                0x000000000001330d                leds_set
                0x0000000000013339                leds_get
 .text          0x00000000000133c6      0x343 build/cooja/mtype467.a(gpio-hal-arch.o)
                0x00000000000133c6                gpio_hal_arch_register_pin_callback
                0x0000000000013432                gpio_hal_arch_init
                0x0000000000013477                gpio_hal_arch_no_port_interrupt_enable
                0x00000000000134a7                gpio_hal_arch_no_port_interrupt_disable
                0x00000000000134d7                gpio_hal_arch_no_port_pin_cfg_set
                0x00000000000134fc                gpio_hal_arch_no_port_pin_cfg_get
                0x0000000000013522                gpio_hal_arch_no_port_pin_set_input
                0x0000000000013534                gpio_hal_arch_no_port_pin_set_output
                0x0000000000013546                gpio_hal_arch_no_port_set_pin
                0x0000000000013567                gpio_hal_arch_no_port_clear_pin
                0x0000000000013588                gpio_hal_arch_no_port_read_pin
                0x00000000000135ae                gpio_hal_arch_no_port_write_pin
                0x00000000000135d8                gpio_hal_arch_no_port_set_pins
                0x000000000001361f                gpio_hal_arch_no_port_clear_pins
                0x0000000000013666                gpio_hal_arch_no_port_read_pins
                0x00000000000136a9                gpio_hal_arch_no_port_write_pins
 .text          0x0000000000013709       0x89 build/cooja/mtype467.a(buttons.o)
 .text          0x0000000000013792      0x3e4 build/cooja/mtype467.a(res_power.o)
 .text          0x0000000000013b76      0x27b build/cooja/mtype467.a(coap-blocking-a)
                0x0000000000013b76                coap_blocking_request_callback
                0x0000000000013ba0                coap_blocking_request
 .text          0x0000000000013df1      0xbea build/cooja/mtype467.a(coap-engine.o)
                0x0000000000013e86                coap_add_handler
                0x0000000000013ea3                coap_remove_handler
                0x0000000000013ec0                coap_call_handlers
                0x0000000000013fc8                coap_receive
                0x00000000000145c3                coap_engine_init
                0x0000000000014621                coap_activate_resource
                0x00000000000146cc                coap_get_first_resource
                0x00000000000146e5                coap_get_next_resource
 .text          0x00000000000149db      0x2d9 build/cooja/mtype467.a(coap-res-well-k)
 .text          0x0000000000014cb4      0x96a build/cooja/mtype467.a(coap-observe.o)
                0x0000000000014dc9                coap_remove_observer
                0x0000000000014df9                coap_remove_observer_by_client
                0x0000000000014e61                coap_remove_observer_by_token
                0x0000000000014ef4                coap_remove_observer_by_uri
                0x0000000000014f9b                coap_remove_observer_by_mid
                0x0000000000015017                coap_notify_observers
                0x0000000000015030                coap_notify_observers_sub
                0x000000000001549a                coap_observe_handler
                0x00000000000155b5                coap_has_observers
 .text          0x000000000001561e      0x733 build/cooja/mtype467.a(coap-uip.o)
                0x000000000001561e                coap_endpoint_log
                0x00000000000156a4                coap_endpoint_print
                0x000000000001572a                coap_endpoint_snprint
                0x000000000001585d                coap_endpoint_copy
                0x000000000001589a                coap_endpoint_cmp
                0x00000000000159a8                coap_endpoint_parse
                0x0000000000015b93                coap_endpoint_is_secure
                0x0000000000015ba2                coap_endpoint_is_connected
                0x0000000000015bd6                coap_endpoint_connect
                0x0000000000015bf2                coap_endpoint_disconnect
                0x0000000000015bf8                coap_databuf
                0x0000000000015c02                coap_transport_init
                0x0000000000015c52                coap_sendto
 .text          0x0000000000015d51      0x324 build/cooja/mtype467.a(coap-timer.o)
                0x0000000000015e4e                coap_timer_stop
                0x0000000000015e79                coap_timer_set
                0x0000000000015ebc                coap_timer_reset
                0x0000000000015eff                coap_timer_time_to_next_expiration
                0x0000000000015f6b                coap_timer_run
                0x0000000000016037                coap_timer_init
 .text          0x0000000000016075      0x2c6 build/cooja/mtype467.a(coap-transactio)
                0x00000000000160db                coap_new_transaction
                0x0000000000016141                coap_send_transaction
                0x00000000000162a2                coap_clear_transaction
                0x00000000000162ea                coap_get_transaction_by_mid
 .text          0x000000000001633b     0x1c53 build/cooja/mtype467.a(coap.o)
                0x00000000000168a8                coap_init_connection
                0x00000000000168bc                coap_get_mid
                0x00000000000168d8                coap_init_message
                0x0000000000016921                coap_serialize_message
                0x0000000000016fa3                coap_parse_message
                0x000000000001760a                coap_get_query_variable
                0x000000000001764c                coap_get_post_variable
                0x0000000000017690                coap_set_status_code
                0x00000000000176b5                coap_set_token
                0x00000000000176fc                coap_get_header_content_format
                0x000000000001772d                coap_set_header_content_format
                0x0000000000017750                coap_get_header_accept
                0x0000000000017781                coap_set_header_accept
                0x00000000000177a4                coap_get_header_max_age
                0x00000000000177d5                coap_set_header_max_age
                0x00000000000177f5                coap_get_header_etag
                0x0000000000017827                coap_set_header_etag
                0x000000000001787e                coap_get_header_if_match
                0x00000000000178b0                coap_set_header_if_match
                0x0000000000017907                coap_get_header_if_none_match
                0x0000000000017921                coap_set_header_if_none_match
                0x0000000000017938                coap_get_header_proxy_uri
                0x0000000000017966                coap_set_header_proxy_uri
                0x00000000000179a3                coap_get_header_uri_host
                0x00000000000179d1                coap_set_header_uri_host
                0x0000000000017a0e                coap_get_header_uri_path
                0x0000000000017a3c                coap_set_header_uri_path
                0x0000000000017a89                coap_get_header_uri_query
                0x0000000000017abd                coap_set_header_uri_query
                0x0000000000017b13                coap_get_header_location_path
                0x0000000000017b41                coap_set_header_location_path
                0x0000000000017bda                coap_get_header_location_query
                0x0000000000017c08                coap_set_header_location_query
                0x0000000000017c55                coap_get_header_observe
                0x0000000000017c84                coap_set_header_observe
                0x0000000000017ca4                coap_get_header_block2
                0x0000000000017d10                coap_set_header_block2
                0x0000000000017d87                coap_get_header_block1
                0x0000000000017dfc                coap_set_header_block1
                0x0000000000017e77                coap_get_header_size2
                0x0000000000017ea7                coap_set_header_size2
                0x0000000000017eca                coap_get_header_size1
                0x0000000000017efa                coap_set_header_size1
                0x0000000000017f1d                coap_get_payload
                0x0000000000017f57                coap_set_payload
 .text          0x0000000000017f8e      0x332 build/cooja/mtype467.a(contiki-main.o)
                0x0000000000017f8e                main
 .text          0x00000000000182c0       0x92 build/cooja/mtype467.a(autostart.o)
                0x00000000000182c0                autostart_start
                0x000000000001830a                autostart_exit
 .text          0x0000000000018352      0x355 build/cooja/mtype467.a(ctimer.o)
                0x000000000001847a                ctimer_init
                0x00000000000184ad                ctimer_set
                0x00000000000184d3                ctimer_set_with_process
                0x0000000000018550                ctimer_reset
                0x00000000000185a4                ctimer_restart
                0x00000000000185f8                ctimer_stop
                0x0000000000018648                ctimer_expired
 .text          0x00000000000186a7      0x394 build/cooja/mtype467.a(log.o)
                0x00000000000186a7                log_6addr
                0x00000000000186fa                log_6addr_compact_snprint
                0x0000000000018798                log_6addr_compact
                0x00000000000187eb                log_lladdr
                0x000000000001885d                log_lladdr_compact
                0x00000000000188c5                log_set_level
                0x0000000000018980                log_get_level
                0x00000000000189f9                log_level_to_str
 .text          0x0000000000018a3b       0x1b build/cooja/mtype467.a(energest.o)
                0x0000000000018a3b                energest_init
                0x0000000000018a41                energest_flush
                0x0000000000018a47                energest_get_total_time
 .text          0x0000000000018a56      0x43f build/cooja/mtype467.a(etimer.o)
                0x0000000000018c7a                etimer_request_poll
                0x0000000000018d03                etimer_set
                0x0000000000018d2c                etimer_reset_with_new_interval
                0x0000000000018d5b                etimer_reset
                0x0000000000018d81                etimer_restart
                0x0000000000018da7                etimer_adjust
                0x0000000000018dc4                etimer_expired
                0x0000000000018dd7                etimer_expiration_time
                0x0000000000018de9                etimer_start_time
                0x0000000000018df3                etimer_pending
                0x0000000000018e05                etimer_next_expiration_time
                0x0000000000018e1f                etimer_stop
 .text          0x0000000000018e95       0x25 build/cooja/mtype467.a(node-id.o)
                0x0000000000018e95                node_id_init
 .text          0x0000000000018eba       0xeb build/cooja/mtype467.a(rtimer.o)
                0x0000000000018eba                rtimer_init
                0x0000000000018ec8                rtimer_set
                0x0000000000018f43                rtimer_run_next
 .text          0x0000000000018fa5      0x4fb build/cooja/mtype467.a(process.o)
                0x0000000000018fa5                process_alloc_event
                0x0000000000018fba                process_start
                0x0000000000019194                process_exit
                0x00000000000191b1                process_init
                0x0000000000019346                process_run
                0x0000000000019379                process_nevents
                0x0000000000019394                process_post
                0x0000000000019427                process_post_synch
                0x000000000001945c                process_poll
                0x000000000001948c                process_is_running
 .text          0x00000000000194a0       0xb1 build/cooja/mtype467.a(timer.o)
                0x00000000000194a0                timer_set
                0x00000000000194be                timer_reset
                0x00000000000194eb                timer_restart
                0x0000000000019500                timer_expired
                0x000000000001952d                timer_remaining
 .text          0x0000000000019551      0x28f build/cooja/mtype467.a(list.o)
                0x0000000000019551                list_init
                0x0000000000019560                list_head
                0x000000000001956a                list_copy
                0x000000000001957a                list_tail
                0x00000000000195b0                list_add
                0x00000000000195fc                list_push
                0x0000000000019628                list_chop
                0x0000000000019692                list_pop
                0x00000000000196ba                list_remove
                0x0000000000019722                list_length
                0x0000000000019750                list_insert
                0x0000000000019795                list_item_next
                0x00000000000197ac                list_contains
 .text          0x00000000000197e0      0x1b5 build/cooja/mtype467.a(memb.o)
                0x00000000000197e0                memb_init
                0x0000000000019835                memb_alloc
                0x0000000000019898                memb_free
                0x000000000001990f                memb_inmemb
                0x000000000001994e                memb_numfree
 .text          0x0000000000019995      0x41c build/cooja/mtype467.a(button-hal.o)
                0x0000000000019b0e                button_hal_get_by_id
                0x0000000000019b4c                button_hal_get_by_index
                0x0000000000019b78                button_hal_get_state
                0x0000000000019bca                button_hal_init
 .text          0x0000000000019db1      0x1f3 build/cooja/mtype467.a(serial-line.o)
                0x0000000000019db1                serial_line_input_byte
                0x0000000000019f6f                serial_line_init
 .text          0x0000000000019fa4      0x168 build/cooja/mtype467.a(gpio-hal.o)
                0x0000000000019fa4                gpio_hal_register_handler
                0x0000000000019fc1                gpio_hal_event_handler
                0x000000000001a01d                gpio_hal_init
                0x000000000001a03c                gpio_hal_arch_port_toggle_pin
                0x000000000001a078                gpio_hal_arch_port_toggle_pins
                0x000000000001a0a6                gpio_hal_arch_no_port_toggle_pin
                0x000000000001a0e4                gpio_hal_arch_no_port_toggle_pins
 .text          0x000000000001a10c      0x2e7 build/cooja/mtype467.a(queuebuf.o)
                0x000000000001a116                queuebuf_init
                0x000000000001a13f                queuebuf_numfree
                0x000000000001a157                queuebuf_new_from_packetbuf
                0x000000000001a1f6                queuebuf_update_attr_from_packetbuf
                0x000000000001a22b                queuebuf_update_from_packetbuf
                0x000000000001a27b                queuebuf_free
                0x000000000001a2c4                queuebuf_to_packetbuf
                0x000000000001a330                queuebuf_dataptr
                0x000000000001a36a                queuebuf_datalen
                0x000000000001a38d                queuebuf_addr
                0x000000000001a3c2                queuebuf_attr
                0x000000000001a3ed                queuebuf_debug_print
 .text          0x000000000001a3f3      0x407 build/cooja/mtype467.a(packetbuf.o)
                0x000000000001a3f3                packetbuf_clear
                0x000000000001a41e                packetbuf_copyfrom
                0x000000000001a46d                packetbuf_copyto
                0x000000000001a500                packetbuf_hdralloc
                0x000000000001a57c                packetbuf_hdrreduce
                0x000000000001a5c2                packetbuf_set_datalen
                0x000000000001a5dc                packetbuf_dataptr
                0x000000000001a5f9                packetbuf_hdrptr
                0x000000000001a603                packetbuf_datalen
                0x000000000001a60f                packetbuf_hdrlen
                0x000000000001a626                packetbuf_totlen
                0x000000000001a63c                packetbuf_remaininglen
                0x000000000001a64f                packetbuf_attr_clear
                0x000000000001a69b                packetbuf_attr_copyto
                0x000000000001a6f3                packetbuf_attr_copyfrom
                0x000000000001a74b                packetbuf_set_attr
                0x000000000001a775                packetbuf_attr
                0x000000000001a78f                packetbuf_set_addr
                0x000000000001a7c0                packetbuf_addr
                0x000000000001a7dd                packetbuf_holds_broadcast
 .text          0x000000000001a7fa       0xef build/cooja/mtype467.a(netstack.o)
                0x000000000001a7fa                netstack_process_ip_callback
                0x000000000001a88b                netstack_ip_packet_processor_add
                0x000000000001a8ae                uip_ds6_ip_packet_processor_rm
                0x000000000001a8cb                netstack_init
 .text          0x000000000001a8e9       0x4f build/cooja/mtype467.a(linkaddr.o)
                0x000000000001a8e9                linkaddr_copy
                0x000000000001a8ff                linkaddr_cmp
                0x000000000001a922                linkaddr_set_node_addr
 .text          0x000000000001a938      0x1f6 build/cooja/mtype467.a(csma.o)
 .text          0x000000000001ab2e      0x95d build/cooja/mtype467.a(csma-output.o)
                0x000000000001b1c5                csma_output_packet
                0x000000000001b452                csma_output_init
 .text          0x000000000001b48b      0xc11 build/cooja/mtype467.a(uip-ds6.o)
                0x000000000001b48b                uip_ds6_default_prefix
                0x000000000001b495                uip_ds6_set_default_prefix
                0x000000000001b4c0                uip_ds6_init
                0x000000000001b722                uip_ds6_periodic
                0x000000000001b7a9                uip_ds6_list_loop
                0x000000000001b869                uip_ds6_prefix_add
                0x000000000001b915                uip_ds6_prefix_rm
                0x000000000001b928                uip_ds6_prefix_lookup
                0x000000000001b967                uip_ds6_is_addr_onlink
                0x000000000001b9da                uip_ds6_addr_add
                0x000000000001bafa                uip_ds6_addr_rm
                0x000000000001bba3                uip_ds6_addr_lookup
                0x000000000001bbdc                uip_ds6_get_link_local
                0x000000000001bc5d                uip_ds6_get_global
                0x000000000001bcde                uip_ds6_maddr_add
                0x000000000001bd3e                uip_ds6_maddr_rm
                0x000000000001bd51                uip_ds6_maddr_lookup
                0x000000000001bd8a                uip_ds6_aaddr_add
                0x000000000001bdea                uip_ds6_aaddr_rm
                0x000000000001bdfd                uip_ds6_aaddr_lookup
                0x000000000001be36                uip_ds6_select_src
                0x000000000001bf7f                uip_ds6_set_addr_iid
                0x000000000001bfaa                uip_ds6_set_lladdr_from_iid
                0x000000000001bfd3                get_match_length
                0x000000000001c064                uip_ds6_compute_reachable_time
 .text          0x000000000001c09c      0x128 build/cooja/mtype467.a(uip-udp-packet.)
                0x000000000001c09c                uip_udp_packet_send
                0x000000000001c0f7                uip_udp_packet_sendto
 .text          0x000000000001c1c4      0x35b build/cooja/mtype467.a(uip-ds6-route.o)
                0x000000000001c215                uip_ds6_route_init
                0x000000000001c23f                uip_ds6_route_nexthop
                0x000000000001c249                uip_ds6_route_head
                0x000000000001c253                uip_ds6_route_next
                0x000000000001c25d                uip_ds6_route_is_nexthop
                0x000000000001c267                uip_ds6_route_num_routes
                0x000000000001c271                uip_ds6_route_lookup
                0x000000000001c27b                uip_ds6_route_add
                0x000000000001c28e                uip_ds6_route_rm
                0x000000000001c294                uip_ds6_route_rm_by_nexthop
                0x000000000001c29a                uip_ds6_defrt_head
                0x000000000001c2b3                uip_ds6_defrt_add
                0x000000000001c361                uip_ds6_defrt_rm
                0x000000000001c3c7                uip_ds6_defrt_lookup
                0x000000000001c42e                uip_ds6_defrt_choose
                0x000000000001c4a4                uip_ds6_defrt_periodic
 .text          0x000000000001c51f      0x6f7 build/cooja/mtype467.a(tcpip.o)
                0x000000000001c539                tcpip_output
                0x000000000001c5b8                udp_attach
                0x000000000001c5d0                udp_new
                0x000000000001c61a                udp_broadcast_new
                0x000000000001c78c                tcpip_input
                0x000000000001c91c                tcpip_ipv6_output
                0x000000000001cb10                tcpip_poll_udp
                0x000000000001cb2e                tcpip_uipcall
 .text          0x000000000001cc16     0x1205 build/cooja/mtype467.a(uip6.o)
                0x000000000001ccc5                uip_chksum
                0x000000000001cd9c                uip_icmp6chksum
                0x000000000001cdb1                uip_udpchksum
                0x000000000001cdc6                uip_init
                0x000000000001ce0f                uip_remove_ext_hdr
                0x000000000001cee9                uip_udp_new
                0x000000000001d1fd                uip_process
                0x000000000001dcf5                uip_htons
                0x000000000001dd17                uip_htonl
                0x000000000001dd55                uip_send
 .text          0x000000000001de1b      0x369 build/cooja/mtype467.a(uip-ds6-nbr.o)
                0x000000000001de1b                uip_ds6_neighbors_init
                0x000000000001de3f                uip_ds6_nbr_add
                0x000000000001dec5                uip_ds6_nbr_rm
                0x000000000001df10                uip_ds6_nbr_update_ll
                0x000000000001dffe                uip_ds6_nbr_get_ipaddr
                0x000000000001e013                uip_ds6_nbr_get_ll
                0x000000000001e02f                uip_ds6_nbr_num
                0x000000000001e078                uip_ds6_nbr_head
                0x000000000001e091                uip_ds6_nbr_next
                0x000000000001e0ad                uip_ds6_nbr_lookup
                0x000000000001e105                uip_ds6_nbr_ll_lookup
                0x000000000001e121                uip_ds6_nbr_ipaddr_from_lladdr
                0x000000000001e14a                uip_ds6_nbr_lladdr_from_ipaddr
                0x000000000001e17e                uip_ds6_link_callback
 .text          0x000000000001e184      0x6a7 build/cooja/mtype467.a(uip-nd6.o)
                0x000000000001e812                uip_nd6_init
 .text          0x000000000001e82b     0x2c17 build/cooja/mtype467.a(sicslowpan.o)
                0x000000000001ee32                netstack_sniffer_add
                0x000000000001ee40                netstack_sniffer_remove
                0x0000000000021416                sicslowpan_init
                0x0000000000021438                sicslowpan_get_last_rssi
 .text          0x0000000000021442      0x4d1 build/cooja/mtype467.a(uiplib.o)
                0x0000000000021442                uiplib_ip6addrconv
                0x00000000000215fa                uiplib_ip4addrconv
                0x00000000000216bd                uiplib_ipaddr_print
                0x0000000000021710                uiplib_ipaddr_snprint
 .text          0x0000000000021913      0x4c9 build/cooja/mtype467.a(rpl.o)
                0x0000000000021913                rpl_lollipop_greater_than
                0x000000000002196d                rpl_get_global_address
                0x0000000000021a65                rpl_link_callback
                0x0000000000021aa9                rpl_has_joined
                0x0000000000021ace                rpl_is_reachable
                0x0000000000021b4f                rpl_reset_prefix
                0x0000000000021bb9                rpl_set_prefix_from_addr
                0x0000000000021c9e                rpl_set_prefix
                0x0000000000021db8                rpl_set_leaf_only
                0x0000000000021dd0                rpl_get_leaf_only
 .text          0x0000000000021ddc     0x138c build/cooja/mtype467.a(rpl-icmp6.o)
                0x0000000000021f01                rpl_icmp6_update_nbr_table
                0x0000000000021f8a                rpl_icmp6_dis_output
                0x00000000000225d0                rpl_icmp6_dio_output
                0x0000000000022dce                rpl_icmp6_dao_output
                0x00000000000230af                rpl_icmp6_dao_ack_output
                0x000000000002311f                rpl_icmp6_init
 .text          0x0000000000023168      0x264 build/cooja/mtype467.a(rpl-dag-root.o)
                0x0000000000023168                rpl_dag_root_print_links
                0x0000000000023294                rpl_dag_root_set_prefix
                0x00000000000232c0                rpl_dag_root_start
                0x000000000002339d                rpl_dag_root_is_root
 .text          0x00000000000233cc       0x30 build/cooja/mtype467.a(watchdog.o)
                0x00000000000233cc                watchdog_init
                0x00000000000233d2                watchdog_start
                0x00000000000233d8                watchdog_periodic
                0x00000000000233f0                watchdog_stop
                0x00000000000233f6                watchdog_reboot
 .text          0x00000000000233fc       0x4a build/cooja/mtype467.a(int-master.o)
                0x00000000000233fc                int_master_enable
                0x000000000002340c                int_master_read_and_disable
                0x0000000000023429                int_master_status_set
                0x0000000000023437                int_master_is_enabled
 .text          0x0000000000023446      0x226 build/cooja/mtype467.a(coap-timer-defa)
 .text          0x000000000002366c       0xc7 build/cooja/mtype467.a(stimer.o)
                0x000000000002366c                stimer_set
                0x000000000002368a                stimer_reset
                0x00000000000236b7                stimer_restart
                0x00000000000236cc                stimer_expired
                0x00000000000236f7                stimer_remaining
                0x000000000002371b                stimer_elapsed
 .text          0x0000000000023733      0x156 build/cooja/mtype467.a(ringbuf.o)
                0x0000000000023733                ringbuf_init
                0x0000000000023765                ringbuf_put
                0x00000000000237e3                ringbuf_get
                0x0000000000023850                ringbuf_size
                0x0000000000023862                ringbuf_elements
 .text          0x0000000000023889       0x1f build/cooja/mtype467.a(assert.o)
                0x0000000000023889                _xassert
 .text          0x00000000000238a8      0x79b build/cooja/mtype467.a(nbr-table.o)
                0x0000000000023d21                nbr_table_register
                0x0000000000023d8e                nbr_table_is_registered
                0x0000000000023dc9                nbr_table_head
                0x0000000000023e24                nbr_table_next
                0x0000000000023e85                nbr_table_add_lladdr
                0x0000000000023f5f                nbr_table_get_from_lladdr
                0x0000000000023fab                nbr_table_remove
                0x0000000000023fe3                nbr_table_lock
                0x0000000000023ffd                nbr_table_unlock
                0x0000000000024017                nbr_table_get_lladdr
 .text          0x0000000000024043      0x3a5 build/cooja/mtype467.a(link-stats.o)
                0x0000000000024043                link_stats_from_lladdr
                0x000000000002405f                link_stats_get_lladdr
                0x000000000002407b                link_stats_is_fresh
                0x00000000000240b7                guess_etx_from_rssi
                0x0000000000024133                link_stats_packet_sent
                0x0000000000024253                link_stats_input_callback
                0x0000000000024363                link_stats_reset
                0x00000000000243b3                link_stats_init
 .text          0x00000000000243e8      0x187 build/cooja/mtype467.a(mac-sequence.o)
                0x00000000000243e8                mac_sequence_is_duplicate
                0x0000000000024488                mac_sequence_register_seqno
 .text          0x000000000002456f       0x23 build/cooja/mtype467.a(mac.o)
                0x000000000002456f                mac_call_sent_callback
 .text          0x0000000000024592      0x432 build/cooja/mtype467.a(framer-802154.o)
                0x0000000000024721                framer_802154_setup_params
 .text          0x00000000000249c4      0xb6f build/cooja/mtype467.a(frame802154.o)
                0x00000000000249f5                frame802154_get_pan_id
                0x0000000000024a01                frame802154_set_pan_id
                0x0000000000024a1b                frame802154_has_panid
                0x0000000000024bca                frame802154_check_dest_panid
                0x0000000000024c52                frame802154_is_broadcast_addr
                0x0000000000024c9f                frame802154_extract_linkaddr
                0x0000000000024f04                frame802154_hdrlen
                0x0000000000024f77                frame802154_create_fcf
                0x000000000002502f                frame802154_create
                0x00000000000251a4                frame802154_parse_fcf
                0x0000000000025286                frame802154_parse
 .text          0x0000000000025533       0x2d build/cooja/mtype467.a(csma-security.o)
                0x0000000000025533                csma_security_create_frame
                0x0000000000025551                csma_security_parse_frame
 .text          0x0000000000025560      0x4e4 build/cooja/mtype467.a(uipbuf.o)
                0x0000000000025560                uipbuf_clear
                0x0000000000025587                uipbuf_add_ext_hdr
                0x0000000000025607                uipbuf_set_len
                0x0000000000025634                uipbuf_set_len_field
                0x0000000000025660                uipbuf_get_len_field
                0x0000000000025680                uipbuf_get_next_header
                0x00000000000257b2                uipbuf_get_last_header
                0x000000000002582b                uipbuf_search_header
                0x00000000000258e1                uipbuf_get_attr
                0x0000000000025908                uipbuf_set_attr
                0x000000000002593f                uipbuf_set_default_attr
                0x0000000000025976                uipbuf_clear_attr
                0x000000000002599a                uipbuf_set_attr_flag
                0x00000000000259bb                uipbuf_clr_attr_flag
                0x00000000000259e2                uipbuf_is_attr_flag
                0x0000000000025a06                uipbuf_init
 .text          0x0000000000025a44      0x73f build/cooja/mtype467.a(uip-icmp6.o)
                0x0000000000025ab9                uip_icmp6_input
                0x0000000000025b10                uip_icmp6_register_input_handler
                0x0000000000025c63                uip_icmp6_error_output
                0x0000000000025f14                uip_icmp6_send
                0x000000000002610b                uip_icmp6_echo_reply_callback_add
                0x000000000002613d                uip_icmp6_echo_reply_callback_rm
                0x000000000002615a                uip_icmp6_init
 .text          0x0000000000026183      0x69b build/cooja/mtype467.a(uip-sr.o)
                0x0000000000026183                uip_sr_num_nodes
                0x0000000000026211                uip_sr_get_node
                0x0000000000026268                uip_sr_is_addr_reachable
                0x0000000000026316                uip_sr_expire_parent
                0x000000000002635f                uip_sr_update_node
                0x000000000002648f                uip_sr_init
                0x00000000000264c3                uip_sr_node_head
                0x00000000000264dc                uip_sr_node_next
                0x00000000000264f2                uip_sr_periodic
                0x00000000000265f8                uip_sr_free_all
                0x0000000000026668                uip_sr_link_snprint
 .text          0x000000000002681e      0x146 build/cooja/mtype467.a(uip-packetqueue)
                0x000000000002684c                uip_packetqueue_new
                0x000000000002685b                uip_packetqueue_alloc
                0x00000000000268b6                uip_packetqueue_free
                0x00000000000268fd                uip_packetqueue_buf
                0x000000000002691a                uip_packetqueue_buflen
                0x000000000002693b                uip_packetqueue_set_buflen
 .text          0x0000000000026964      0x1b0 build/cooja/mtype467.a(rpl-nbr-policy.)
                0x0000000000026ad1                rpl_nbr_policy_find_removable
 .text          0x0000000000026b14      0x915 build/cooja/mtype467.a(rpl-neighbor.o)
                0x0000000000026b90                rpl_neighbor_snprint
                0x0000000000026e43                rpl_neighbor_print_list
                0x0000000000026ef8                rpl_neighbor_count
                0x0000000000026f9f                rpl_neighbor_get_from_lladdr
                0x0000000000026fbb                rpl_neighbor_is_acceptable_parent
                0x0000000000026fef                rpl_neighbor_get_link_metric
                0x0000000000027023                rpl_neighbor_rank_via_nbr
                0x0000000000027057                rpl_neighbor_get_lladdr
                0x0000000000027073                rpl_neighbor_get_ipaddr
                0x000000000002709a                rpl_neighbor_get_link_stats
                0x00000000000270c1                rpl_neighbor_is_fresh
                0x00000000000270e8                rpl_neighbor_is_reachable
                0x0000000000027133                rpl_neighbor_is_parent
                0x000000000002715d                rpl_neighbor_set_preferred_parent
                0x00000000000271f4                rpl_neighbor_remove_all
                0x0000000000027250                rpl_neighbor_get_from_ipaddr
                0x000000000002735e                rpl_neighbor_select_best
                0x000000000002740a                rpl_neighbor_init
 .text          0x0000000000027429      0xe69 build/cooja/mtype467.a(rpl-dag.o)
                0x0000000000027429                rpl_dag_state_to_str
                0x0000000000027468                rpl_dag_get_root_ipaddr
                0x00000000000274b0                rpl_dag_leave
                0x0000000000027539                rpl_dag_poison_and_leave
                0x0000000000027551                rpl_dag_periodic
                0x00000000000275d9                rpl_is_addr_in_our_dag
                0x000000000002761d                rpl_get_default_instance
                0x0000000000027639                rpl_get_any_dag
                0x0000000000027692                rpl_refresh_routes
                0x00000000000276d2                rpl_global_repair
                0x000000000002776b                rpl_local_repair
                0x00000000000277b5                rpl_dag_ready_to_advertise
                0x00000000000277f8                rpl_dag_update_state
                0x0000000000027f25                rpl_process_dio
                0x0000000000027fa3                rpl_process_dis
                0x0000000000027fe8                rpl_process_dao
                0x0000000000028077                rpl_process_dao_ack
                0x000000000002810e                rpl_process_hbh
                0x000000000002815e                rpl_dag_init_root
                0x0000000000028272                rpl_dag_init
 .text          0x0000000000028292      0x9e7 build/cooja/mtype467.a(rpl-timers.o)
                0x0000000000028292                rpl_timers_schedule_periodic_dis
                0x00000000000283e0                rpl_timers_dio_reset
                0x00000000000284ee                rpl_timers_schedule_unicast_dio
                0x0000000000028642                rpl_timers_schedule_dao
                0x0000000000028701                rpl_timers_schedule_dao_ack
                0x0000000000028787                rpl_timers_notify_dao_ack
                0x00000000000287e5                get_probing_delay
                0x0000000000028819                get_probing_target
                0x0000000000028a03                rpl_schedule_probing
                0x0000000000028a31                rpl_schedule_probing_now
                0x0000000000028a9b                rpl_timers_unschedule_leaving
                0x0000000000028ad3                rpl_timers_schedule_leaving
                0x0000000000028b14                rpl_timers_init
                0x0000000000028ba4                rpl_timers_stop_dag_timers
                0x0000000000028c1d                rpl_timers_unschedule_state_update
                0x0000000000028c41                rpl_timers_schedule_state_update
 .text          0x0000000000028c79      0xb8e build/cooja/mtype467.a(rpl-ext-header.)
                0x0000000000028c79                rpl_ext_header_srh_get_next_hop
                0x0000000000028d60                rpl_ext_header_srh_update
                0x00000000000292cc                rpl_ext_header_hbh_update
                0x00000000000295cc                rpl_ext_header_update
                0x0000000000029655                rpl_ext_header_remove
 .text          0x0000000000029807      0x31b build/cooja/mtype467.a(rpl-mrhof.o)
 *fill*         0x0000000000029b22        0xe 
 .text          0x0000000000029b30      0x122 /usr/lib/gcc/i686-linux-gnu/5/libgcc.a(_udivdi3.o)
                0x0000000000029b30                __udivdi3
 .text          0x0000000000029c52        0x0 /usr/lib/gcc/i686-linux-gnu/5/crtendS.o
 .text          0x0000000000029c52        0x0 /usr/lib/gcc/i686-linux-gnu/5/../../../i386-linux-gnu/crtn.o
 *(.gnu.warning)

.fini           0x0000000000029c54       0x14
 *(SORT(.fini))
 .fini          0x0000000000029c54        0xf /usr/lib/gcc/i686-linux-gnu/5/../../../i386-linux-gnu/crti.o
                0x0000000000029c54                _fini
 .fini          0x0000000000029c63        0x5 /usr/lib/gcc/i686-linux-gnu/5/../../../i386-linux-gnu/crtn.o
                [!provide]                        PROVIDE (__etext, .)
                [!provide]                        PROVIDE (_etext, .)
                [!provide]                        PROVIDE (etext, .)

.rodata         0x0000000000029c80      0xaab
 *(.rodata .rodata.* .gnu.linkonce.r.*)
 .rodata        0x0000000000029c80       0xd5 sensor_power.o
                0x0000000000029c98                autostart_processes
 *fill*         0x0000000000029d55        0x3 
 .rodata        0x0000000000029d58        0x8 build/cooja/mtype467.a(beep.o)
                0x0000000000029d58                beep_interface
 .rodata        0x0000000000029d60        0xe build/cooja/mtype467.a(leds-arch.o)
                0x0000000000029d60                leds_interface
                0x0000000000029d68                leds_arch_leds
 *fill*         0x0000000000029d6e        0x2 
 .rodata        0x0000000000029d70        0x8 build/cooja/mtype467.a(moteid.o)
                0x0000000000029d70                moteid_interface
 .rodata        0x0000000000029d78       0x1c build/cooja/mtype467.a(pir-sensor.o)
                0x0000000000029d78                pir_interface
                0x0000000000029d84                pir_sensor
 .rodata        0x0000000000029d94        0xe build/cooja/mtype467.a(rs232.o)
                0x0000000000029d94                rs232_interface
 *fill*         0x0000000000029da2        0x2 
 .rodata        0x0000000000029da4       0x24 build/cooja/mtype467.a(vib-sensor.o)
                0x0000000000029da4                vib_interface
                0x0000000000029db8                vib_sensor
 .rodata        0x0000000000029dc8        0x8 build/cooja/mtype467.a(clock.o)
                0x0000000000029dc8                clock_interface
 .rodata        0x0000000000029dd0        0x8 build/cooja/mtype467.a(cooja-log.o)
                0x0000000000029dd0                simlog_interface
 .rodata        0x0000000000029dd8       0x2f build/cooja/mtype467.a(cfs-cooja.o)
                0x0000000000029dd8                cfs_interface
 *fill*         0x0000000000029e07       0x19 
 .rodata        0x0000000000029e20       0xb8 build/cooja/mtype467.a(cooja-radio.o)
                0x0000000000029e20                radio_interface
                0x0000000000029ea0                cooja_radio_driver
 .rodata        0x0000000000029ed8        0x8 build/cooja/mtype467.a(eeprom.o)
                0x0000000000029ed8                eeprom_interface
 .rodata        0x0000000000029ee0        0x8 build/cooja/mtype467.a(sensors.o)
 .rodata        0x0000000000029ee8       0x2c build/cooja/mtype467.a(buttons.o)
                0x0000000000029ee8                button_interface
                0x0000000000029efc                button_hal_button_count
                0x0000000000029f04                button_sensor
 .rodata        0x0000000000029f14       0x5e build/cooja/mtype467.a(res_power.o)
 .rodata        0x0000000000029f72       0x41 build/cooja/mtype467.a(coap-engine.o)
 .rodata        0x0000000000029fb3       0x19 build/cooja/mtype467.a(coap-res-well-k)
 .rodata        0x0000000000029fcc       0x11 build/cooja/mtype467.a(coap-observe.o)
 .rodata        0x0000000000029fdd       0x35 build/cooja/mtype467.a(coap-uip.o)
 *fill*         0x000000000002a012        0x2 
 .rodata        0x000000000002a014      0x1ac build/cooja/mtype467.a(coap.o)
 .rodata        0x000000000002a1c0       0xf4 build/cooja/mtype467.a(contiki-main.o)
 .rodata        0x000000000002a2b4        0xf build/cooja/mtype467.a(ctimer.o)
 *fill*         0x000000000002a2c3        0x1 
 .rodata        0x000000000002a2c4       0xc4 build/cooja/mtype467.a(log.o)
 .rodata        0x000000000002a388        0xc build/cooja/mtype467.a(etimer.o)
 .rodata        0x000000000002a394       0x13 build/cooja/mtype467.a(button-hal.o)
 .rodata        0x000000000002a3a7        0xe build/cooja/mtype467.a(serial-line.o)
 *fill*         0x000000000002a3b5        0x3 
 .rodata        0x000000000002a3b8        0x8 build/cooja/mtype467.a(linkaddr.o)
                0x000000000002a3b8                linkaddr_null
 .rodata        0x000000000002a3c0       0x24 build/cooja/mtype467.a(csma.o)
                0x000000000002a3c8                csma_driver
 .rodata        0x000000000002a3e4       0x2a build/cooja/mtype467.a(csma-output.o)
 *fill*         0x000000000002a40e        0x2 
 .rodata        0x000000000002a410       0x4d build/cooja/mtype467.a(uip-ds6-route.o)
 .rodata        0x000000000002a45d        0xd build/cooja/mtype467.a(tcpip.o)
 *fill*         0x000000000002a46a        0x2 
 .rodata        0x000000000002a46c       0x30 build/cooja/mtype467.a(sicslowpan.o)
                0x000000000002a46c                unc_llconf
                0x000000000002a470                unc_ctxconf
                0x000000000002a474                unc_mxconf
                0x000000000002a478                llprefix
                0x000000000002a48c                sicslowpan_driver
 .rodata        0x000000000002a49c       0x2d build/cooja/mtype467.a(uiplib.o)
 *fill*         0x000000000002a4c9       0x17 
 .rodata        0x000000000002a4e0       0x74 build/cooja/mtype467.a(rpl.o)
                0x000000000002a500                rpl_lite_driver
 .rodata        0x000000000002a554       0x20 build/cooja/mtype467.a(coap-timer-defa)
                0x000000000002a568                coap_timer_default_driver
 .rodata        0x000000000002a574       0x25 build/cooja/mtype467.a(assert.o)
 *fill*         0x000000000002a599        0x3 
 .rodata        0x000000000002a59c        0xc build/cooja/mtype467.a(framer-802154.o)
                0x000000000002a59c                framer_802154
 .rodata        0x000000000002a5a8       0x44 build/cooja/mtype467.a(uip-sr.o)
 .rodata        0x000000000002a5ec       0x58 build/cooja/mtype467.a(rpl-neighbor.o)
 .rodata        0x000000000002a644       0xdb build/cooja/mtype467.a(rpl-dag.o)
 .rodata        0x000000000002a71f        0xc build/cooja/mtype467.a(rpl-timers.o)

.rodata1
 *(.rodata1)

.eh_frame_hdr   0x000000000002a72c     0x19ec
 *(.eh_frame_hdr)
 .eh_frame_hdr  0x000000000002a72c     0x19ec sensor_power.o
                0x000000000002a72c                __GNU_EH_FRAME_HDR
 *(.eh_frame_entry .eh_frame_entry.*)

.eh_frame       0x000000000002c118     0x6930
 *(.eh_frame)
 .eh_frame      0x000000000002c118       0x3c /usr/lib/gcc/i686-linux-gnu/5/../../../i386-linux-gnu/crti.o
                                         0x40 (size before relaxing)
 .eh_frame      0x000000000002c154       0x60 sensor_power.o
                                         0x78 (size before relaxing)
 .eh_frame      0x000000000002c1b4      0x178 build/cooja/mtype467.o
                                        0x190 (size before relaxing)
 .eh_frame      0x000000000002c32c       0x40 build/cooja/mtype467.a(simEnvChange.o)
                                         0x58 (size before relaxing)
 .eh_frame      0x000000000002c36c       0x60 build/cooja/mtype467.a(cooja_mt.o)
                                         0x78 (size before relaxing)
 .eh_frame      0x000000000002c3cc       0x80 build/cooja/mtype467.a(cooja_mtarch.o)
                                         0x98 (size before relaxing)
 .eh_frame      0x000000000002c44c       0xc8 build/cooja/mtype467.a(rtimer-arch.o)
                                         0xe0 (size before relaxing)
 .eh_frame      0x000000000002c514      0x160 build/cooja/mtype467.a(beep.o)
                                        0x178 (size before relaxing)
 .eh_frame      0x000000000002c674       0x80 build/cooja/mtype467.a(leds-arch.o)
                                         0x98 (size before relaxing)
 .eh_frame      0x000000000002c6f4       0x40 build/cooja/mtype467.a(moteid.o)
                                         0x58 (size before relaxing)
 .eh_frame      0x000000000002c734       0xa0 build/cooja/mtype467.a(pir-sensor.o)
                                         0xb8 (size before relaxing)
 .eh_frame      0x000000000002c7d4      0x100 build/cooja/mtype467.a(rs232.o)
                                        0x118 (size before relaxing)
 .eh_frame      0x000000000002c8d4       0xa0 build/cooja/mtype467.a(vib-sensor.o)
                                         0xb8 (size before relaxing)
 .eh_frame      0x000000000002c974       0xc0 build/cooja/mtype467.a(clock.o)
                                         0xd8 (size before relaxing)
 .eh_frame      0x000000000002ca34      0x120 build/cooja/mtype467.a(cooja-log.o)
                                        0x138 (size before relaxing)
 .eh_frame      0x000000000002cb54      0x160 build/cooja/mtype467.a(cfs-cooja.o)
                                        0x178 (size before relaxing)
 .eh_frame      0x000000000002ccb4      0x340 build/cooja/mtype467.a(cooja-radio.o)
                                        0x358 (size before relaxing)
 .eh_frame      0x000000000002cff4       0xa0 build/cooja/mtype467.a(eeprom.o)
                                         0xb8 (size before relaxing)
 .eh_frame      0x000000000002d094       0x40 build/cooja/mtype467.a(random.o)
                                         0x58 (size before relaxing)
 .eh_frame      0x000000000002d0d4       0xc0 build/cooja/mtype467.a(sensors.o)
                                         0xd8 (size before relaxing)
 .eh_frame      0x000000000002d194      0x120 build/cooja/mtype467.a(leds.o)
                                        0x138 (size before relaxing)
 .eh_frame      0x000000000002d2b4      0x220 build/cooja/mtype467.a(gpio-hal-arch.o)
                                        0x238 (size before relaxing)
 .eh_frame      0x000000000002d4d4       0xa0 build/cooja/mtype467.a(buttons.o)
                                         0xb8 (size before relaxing)
 .eh_frame      0x000000000002d574       0x88 build/cooja/mtype467.a(res_power.o)
                                         0xa0 (size before relaxing)
 .eh_frame      0x000000000002d5fc       0x44 build/cooja/mtype467.a(coap-blocking-a)
                                         0x5c (size before relaxing)
 .eh_frame      0x000000000002d640      0x220 build/cooja/mtype467.a(coap-engine.o)
                                        0x238 (size before relaxing)
 .eh_frame      0x000000000002d860       0x24 build/cooja/mtype467.a(coap-res-well-k)
                                         0x3c (size before relaxing)
 .eh_frame      0x000000000002d884      0x188 build/cooja/mtype467.a(coap-observe.o)
                                        0x1a0 (size before relaxing)
 .eh_frame      0x000000000002da0c      0x250 build/cooja/mtype467.a(coap-uip.o)
                                        0x268 (size before relaxing)
 .eh_frame      0x000000000002dc5c      0x114 build/cooja/mtype467.a(coap-timer.o)
                                        0x12c (size before relaxing)
 .eh_frame      0x000000000002dd70      0x100 build/cooja/mtype467.a(coap-transactio)
                                        0x118 (size before relaxing)
 .eh_frame      0x000000000002de70      0x6ec build/cooja/mtype467.a(coap.o)
                                        0x704 (size before relaxing)
 .eh_frame      0x000000000002e55c       0x30 build/cooja/mtype467.a(contiki-main.o)
                                         0x48 (size before relaxing)
 .eh_frame      0x000000000002e58c       0x40 build/cooja/mtype467.a(autostart.o)
                                         0x58 (size before relaxing)
 .eh_frame      0x000000000002e5cc      0x100 build/cooja/mtype467.a(ctimer.o)
                                        0x118 (size before relaxing)
 .eh_frame      0x000000000002e6cc      0x100 build/cooja/mtype467.a(log.o)
                                        0x118 (size before relaxing)
 .eh_frame      0x000000000002e7cc       0x60 build/cooja/mtype467.a(energest.o)
                                         0x78 (size before relaxing)
 .eh_frame      0x000000000002e82c      0x1e0 build/cooja/mtype467.a(etimer.o)
                                        0x1f8 (size before relaxing)
 .eh_frame      0x000000000002ea0c       0x20 build/cooja/mtype467.a(node-id.o)
                                         0x38 (size before relaxing)
 .eh_frame      0x000000000002ea2c       0x60 build/cooja/mtype467.a(rtimer.o)
                                         0x78 (size before relaxing)
 .eh_frame      0x000000000002ea8c      0x1c4 build/cooja/mtype467.a(process.o)
                                        0x1dc (size before relaxing)
 .eh_frame      0x000000000002ec50       0xa4 build/cooja/mtype467.a(timer.o)
                                         0xbc (size before relaxing)
 .eh_frame      0x000000000002ecf4      0x1a0 build/cooja/mtype467.a(list.o)
                                        0x1b8 (size before relaxing)
 .eh_frame      0x000000000002ee94       0xa0 build/cooja/mtype467.a(memb.o)
                                         0xb8 (size before relaxing)
 .eh_frame      0x000000000002ef34      0x144 build/cooja/mtype467.a(button-hal.o)
                                        0x15c (size before relaxing)
 .eh_frame      0x000000000002f078       0x60 build/cooja/mtype467.a(serial-line.o)
                                         0x78 (size before relaxing)
 .eh_frame      0x000000000002f0d8       0xe0 build/cooja/mtype467.a(gpio-hal.o)
                                         0xf8 (size before relaxing)
 .eh_frame      0x000000000002f1b8      0x1a0 build/cooja/mtype467.a(queuebuf.o)
                                        0x1b8 (size before relaxing)
 .eh_frame      0x000000000002f358      0x28c build/cooja/mtype467.a(packetbuf.o)
                                        0x2a4 (size before relaxing)
 .eh_frame      0x000000000002f5e4       0x80 build/cooja/mtype467.a(netstack.o)
                                         0x98 (size before relaxing)
 .eh_frame      0x000000000002f664       0x60 build/cooja/mtype467.a(linkaddr.o)
                                         0x78 (size before relaxing)
 .eh_frame      0x000000000002f6c4       0xe0 build/cooja/mtype467.a(csma.o)
                                         0xf8 (size before relaxing)
 .eh_frame      0x000000000002f7a4      0x1d0 build/cooja/mtype467.a(csma-output.o)
                                        0x1e8 (size before relaxing)
 .eh_frame      0x000000000002f974      0x328 build/cooja/mtype467.a(uip-ds6.o)
                                        0x340 (size before relaxing)
 .eh_frame      0x000000000002fc9c       0x40 build/cooja/mtype467.a(uip-udp-packet.)
                                         0x58 (size before relaxing)
 .eh_frame      0x000000000002fcdc      0x220 build/cooja/mtype467.a(uip-ds6-route.o)
                                        0x238 (size before relaxing)
 .eh_frame      0x000000000002fefc      0x244 build/cooja/mtype467.a(tcpip.o)
                                        0x25c (size before relaxing)
 .eh_frame      0x0000000000030140      0x1e8 build/cooja/mtype467.a(uip6.o)
                                        0x200 (size before relaxing)
 .eh_frame      0x0000000000030328      0x1c0 build/cooja/mtype467.a(uip-ds6-nbr.o)
                                        0x1d8 (size before relaxing)
 .eh_frame      0x00000000000304e8       0x84 build/cooja/mtype467.a(uip-nd6.o)
                                         0x9c (size before relaxing)
 .eh_frame      0x000000000003056c      0x2f8 build/cooja/mtype467.a(sicslowpan.o)
                                        0x310 (size before relaxing)
 .eh_frame      0x0000000000030864       0x88 build/cooja/mtype467.a(uiplib.o)
                                         0xa0 (size before relaxing)
 .eh_frame      0x00000000000308ec      0x1e0 build/cooja/mtype467.a(rpl.o)
                                        0x1f8 (size before relaxing)
 .eh_frame      0x0000000000030acc      0x1c4 build/cooja/mtype467.a(rpl-icmp6.o)
                                        0x1dc (size before relaxing)
 .eh_frame      0x0000000000030c90       0xa0 build/cooja/mtype467.a(rpl-dag-root.o)
                                         0xb8 (size before relaxing)
 .eh_frame      0x0000000000030d30       0xa0 build/cooja/mtype467.a(watchdog.o)
                                         0xb8 (size before relaxing)
 .eh_frame      0x0000000000030dd0       0x80 build/cooja/mtype467.a(int-master.o)
                                         0x98 (size before relaxing)
 .eh_frame      0x0000000000030e50       0xa4 build/cooja/mtype467.a(coap-timer-defa)
                                         0xbc (size before relaxing)
 .eh_frame      0x0000000000030ef4       0xc4 build/cooja/mtype467.a(stimer.o)
                                         0xdc (size before relaxing)
 .eh_frame      0x0000000000030fb8       0xa0 build/cooja/mtype467.a(ringbuf.o)
                                         0xb8 (size before relaxing)
 .eh_frame      0x0000000000031058       0x20 build/cooja/mtype467.a(assert.o)
                                         0x38 (size before relaxing)
 .eh_frame      0x0000000000031078      0x2ac build/cooja/mtype467.a(nbr-table.o)
                                        0x2c4 (size before relaxing)
 .eh_frame      0x0000000000031324      0x120 build/cooja/mtype467.a(link-stats.o)
                                        0x138 (size before relaxing)
 .eh_frame      0x0000000000031444       0x48 build/cooja/mtype467.a(mac-sequence.o)
                                         0x60 (size before relaxing)
 .eh_frame      0x000000000003148c       0x20 build/cooja/mtype467.a(mac.o)
                                         0x38 (size before relaxing)
 .eh_frame      0x00000000000314ac       0xa4 build/cooja/mtype467.a(framer-802154.o)
                                         0xbc (size before relaxing)
 .eh_frame      0x0000000000031550      0x1a4 build/cooja/mtype467.a(frame802154.o)
                                        0x1bc (size before relaxing)
 .eh_frame      0x00000000000316f4       0x40 build/cooja/mtype467.a(csma-security.o)
                                         0x58 (size before relaxing)
 .eh_frame      0x0000000000031734      0x200 build/cooja/mtype467.a(uipbuf.o)
                                        0x218 (size before relaxing)
 .eh_frame      0x0000000000031934      0x150 build/cooja/mtype467.a(uip-icmp6.o)
                                        0x168 (size before relaxing)
 .eh_frame      0x0000000000031a84      0x184 build/cooja/mtype467.a(uip-sr.o)
                                        0x19c (size before relaxing)
 .eh_frame      0x0000000000031c08       0xe0 build/cooja/mtype467.a(uip-packetqueue)
                                         0xf8 (size before relaxing)
 .eh_frame      0x0000000000031ce8       0x80 build/cooja/mtype467.a(rpl-nbr-policy.)
                                         0x98 (size before relaxing)
 .eh_frame      0x0000000000031d68      0x2d4 build/cooja/mtype467.a(rpl-neighbor.o)
                                        0x2ec (size before relaxing)
 .eh_frame      0x000000000003203c      0x370 build/cooja/mtype467.a(rpl-dag.o)
                                        0x388 (size before relaxing)
 .eh_frame      0x00000000000323ac      0x3a8 build/cooja/mtype467.a(rpl-timers.o)
                                        0x3c0 (size before relaxing)
 .eh_frame      0x0000000000032754      0x124 build/cooja/mtype467.a(rpl-ext-header.)
                                        0x13c (size before relaxing)
 .eh_frame      0x0000000000032878      0x148 build/cooja/mtype467.a(rpl-mrhof.o)
                                        0x160 (size before relaxing)
 .eh_frame      0x00000000000329c0       0x84 /usr/lib/gcc/i686-linux-gnu/5/libgcc.a(_udivdi3.o)
                                         0x9c (size before relaxing)
 .eh_frame      0x0000000000032a44        0x4 /usr/lib/gcc/i686-linux-gnu/5/crtendS.o
 *(.eh_frame.*)

.gcc_except_table
 *(.gcc_except_table .gcc_except_table.*)

.gnu_extab
 *(.gnu_extab*)

.exception_ranges
 *(.exception_ranges .exception_ranges*)
                0x0000000000033f10                . = DATA_SEGMENT_ALIGN (0x1000, 0x1000)

.eh_frame
 *(.eh_frame)
 *(.eh_frame.*)

.gnu_extab
 *(.gnu_extab)

.gcc_except_table
 *(.gcc_except_table .gcc_except_table.*)

.exception_ranges
 *(.exception_ranges .exception_ranges*)

.tdata
 *(.tdata .tdata.* .gnu.linkonce.td.*)

.tbss
 *(.tbss .tbss.* .gnu.linkonce.tb.*)
 *(.tcommon)

.preinit_array
 *(.preinit_array)

.init_array     0x0000000000033f10        0x4
 *(SORT(.init_array.*) SORT(.ctors.*))
 *(.init_array EXCLUDE_FILE(*crtend?.o *crtend.o *crtbegin?.o *crtbegin.o) .ctors)
 .init_array    0x0000000000033f10        0x4 /usr/lib/gcc/i686-linux-gnu/5/crtbeginS.o

.fini_array     0x0000000000033f14        0x4
 *(SORT(.fini_array.*) SORT(.dtors.*))
 *(.fini_array EXCLUDE_FILE(*crtend?.o *crtend.o *crtbegin?.o *crtbegin.o) .dtors)
 .fini_array    0x0000000000033f14        0x4 /usr/lib/gcc/i686-linux-gnu/5/crtbeginS.o

.ctors
 *crtbegin.o(.ctors)
 *crtbegin?.o(.ctors)
 *(EXCLUDE_FILE(*crtend?.o *crtend.o) .ctors)
 *(SORT(.ctors.*))
 *(.ctors)

.dtors
 *crtbegin.o(.dtors)
 *crtbegin?.o(.dtors)
 *(EXCLUDE_FILE(*crtend?.o *crtend.o) .dtors)
 *(SORT(.dtors.*))
 *(.dtors)

.jcr            0x0000000000033f18        0x4
 *(.jcr)
 .jcr           0x0000000000033f18        0x0 /usr/lib/gcc/i686-linux-gnu/5/crtbeginS.o
 .jcr           0x0000000000033f18        0x4 /usr/lib/gcc/i686-linux-gnu/5/crtendS.o

.data.rel.ro
 *(.data.rel.ro.local* .gnu.linkonce.d.rel.ro.local.*)
 *(.data.rel.ro .data.rel.ro.* .gnu.linkonce.d.rel.ro.*)

.dynamic        0x0000000000033f1c       0xd0
 *(.dynamic)
 .dynamic       0x0000000000033f1c       0xd0 /usr/lib/gcc/i686-linux-gnu/5/../../../i386-linux-gnu/crti.o
                0x0000000000033f1c                _DYNAMIC

.got            0x0000000000033fec       0x14
 *(.got)
 .got           0x0000000000033fec       0x14 /usr/lib/gcc/i686-linux-gnu/5/../../../i386-linux-gnu/crti.o
 *(.igot)
                0x0000000000034ff4                . = DATA_SEGMENT_RELRO_END (., (SIZEOF (.got.plt) >= 0xc)?0xc:0x0)

.got.plt        0x0000000000034000        0xc
 *(.got.plt)
 .got.plt       0x0000000000034000        0xc /usr/lib/gcc/i686-linux-gnu/5/../../../i386-linux-gnu/crti.o
                0x0000000000034000                _GLOBAL_OFFSET_TABLE_
 *(.igot.plt)

.data           0x0000000000034020      0x484
 *(.data .data.* .gnu.linkonce.d.*)
 .data          0x0000000000034020        0x0 /usr/lib/gcc/i686-linux-gnu/5/../../../i386-linux-gnu/crti.o
 .data          0x0000000000034020        0x0 /usr/lib/gcc/i686-linux-gnu/5/crtbeginS.o
 .data.rel.local
                0x0000000000034020        0x4 /usr/lib/gcc/i686-linux-gnu/5/crtbeginS.o
                0x0000000000034020                __dso_handle
 .data          0x0000000000034024       0x20 sensor_power.o
                0x0000000000034024                coap_client
                0x0000000000034034                coap_server
 *fill*         0x0000000000034044       0x1c 
 .data          0x0000000000034060       0x44 build/cooja/mtype467.o
                0x0000000000034060                simInterfaces
                0x0000000000034094                sensors
 .data          0x00000000000340a4        0x0 build/cooja/mtype467.a(simEnvChange.o)
 .data          0x00000000000340a4        0x0 build/cooja/mtype467.a(cooja_mt.o)
 .data          0x00000000000340a4        0x0 build/cooja/mtype467.a(cooja_mtarch.o)
 .data          0x00000000000340a4        0x0 build/cooja/mtype467.a(rtimer-arch.o)
 .data          0x00000000000340a4        0x0 build/cooja/mtype467.a(beep.o)
 .data          0x00000000000340a4        0x0 build/cooja/mtype467.a(leds-arch.o)
 .data          0x00000000000340a4        0x0 build/cooja/mtype467.a(moteid.o)
 .data          0x00000000000340a4        0x0 build/cooja/mtype467.a(pir-sensor.o)
 .data          0x00000000000340a4        0x0 build/cooja/mtype467.a(rs232.o)
 .data          0x00000000000340a4        0x0 build/cooja/mtype467.a(vib-sensor.o)
 .data          0x00000000000340a4        0x0 build/cooja/mtype467.a(clock.o)
 .data          0x00000000000340a4        0x0 build/cooja/mtype467.a(cooja-log.o)
 .data          0x00000000000340a4        0x0 build/cooja/mtype467.a(cfs-cooja.o)
 .data          0x00000000000340a4       0x2c build/cooja/mtype467.a(cooja-radio.o)
                0x00000000000340a4                simRadioHWOn
                0x00000000000340a8                simSignalStrength
                0x00000000000340ac                simLastSignalStrength
                0x00000000000340b0                simPower
                0x00000000000340b4                simRadioChannel
                0x00000000000340b8                simLQI
                0x00000000000340c0                cooja_radio_process
 .data          0x00000000000340d0        0x0 build/cooja/mtype467.a(eeprom.o)
 .data          0x00000000000340d0        0x0 build/cooja/mtype467.a(random.o)
 .data          0x00000000000340d0       0x10 build/cooja/mtype467.a(sensors.o)
                0x00000000000340d0                sensors_process
 .data          0x00000000000340e0        0x0 build/cooja/mtype467.a(leds.o)
 .data          0x00000000000340e0        0x0 build/cooja/mtype467.a(gpio-hal-arch.o)
 .data          0x00000000000340e0       0x78 build/cooja/mtype467.a(buttons.o)
                0x00000000000340e0                simButtonIsActive
                0x0000000000034150                button_hal_buttons
 *fill*         0x0000000000034158        0x8 
 .data          0x0000000000034160       0x44 build/cooja/mtype467.a(res_power.o)
                0x0000000000034164                s_pow
                0x0000000000034180                res_power
 .data          0x00000000000341a4        0x0 build/cooja/mtype467.a(coap-blocking-a)
 .data          0x00000000000341a4        0x8 build/cooja/mtype467.a(coap-engine.o)
 *fill*         0x00000000000341ac       0x14 
 .data          0x00000000000341c0       0x24 build/cooja/mtype467.a(coap-res-well-k)
                0x00000000000341c0                res_well_known_core
 .data          0x00000000000341e4       0x10 build/cooja/mtype467.a(coap-observe.o)
 .data          0x00000000000341f4       0x10 build/cooja/mtype467.a(coap-uip.o)
                0x00000000000341f4                coap_engine
 .data          0x0000000000034204        0x4 build/cooja/mtype467.a(coap-timer.o)
 .data          0x0000000000034208       0x10 build/cooja/mtype467.a(coap-transactio)
 .data          0x0000000000034218        0x4 build/cooja/mtype467.a(coap.o)
                0x0000000000034218                coap_error_message
 .data          0x000000000003421c        0x0 build/cooja/mtype467.a(contiki-main.o)
 .data          0x000000000003421c        0x0 build/cooja/mtype467.a(autostart.o)
 .data          0x000000000003421c       0x14 build/cooja/mtype467.a(ctimer.o)
                0x0000000000034220                ctimer_process
 *fill*         0x0000000000034230       0x10 
 .data          0x0000000000034240       0xbc build/cooja/mtype467.a(log.o)
                0x0000000000034240                curr_log_level_main
                0x0000000000034260                all_modules
 .data          0x00000000000342fc        0x0 build/cooja/mtype467.a(energest.o)
 .data          0x00000000000342fc       0x10 build/cooja/mtype467.a(etimer.o)
                0x00000000000342fc                etimer_process
 .data          0x000000000003430c        0x0 build/cooja/mtype467.a(node-id.o)
 .data          0x000000000003430c        0x0 build/cooja/mtype467.a(rtimer.o)
 .data          0x000000000003430c        0x0 build/cooja/mtype467.a(process.o)
 .data          0x000000000003430c        0x0 build/cooja/mtype467.a(timer.o)
 .data          0x000000000003430c        0x0 build/cooja/mtype467.a(list.o)
 .data          0x000000000003430c        0x0 build/cooja/mtype467.a(memb.o)
 .data          0x000000000003430c       0x10 build/cooja/mtype467.a(button-hal.o)
                0x000000000003430c                button_hal_process
 .data          0x000000000003431c       0x10 build/cooja/mtype467.a(serial-line.o)
                0x000000000003431c                serial_line_process
 .data          0x000000000003432c        0x4 build/cooja/mtype467.a(gpio-hal.o)
 .data          0x0000000000034330       0x18 build/cooja/mtype467.a(queuebuf.o)
 .data          0x0000000000034348        0x4 build/cooja/mtype467.a(packetbuf.o)
 .data          0x000000000003434c        0x4 build/cooja/mtype467.a(netstack.o)
 .data          0x0000000000034350        0x0 build/cooja/mtype467.a(linkaddr.o)
 .data          0x0000000000034350        0x0 build/cooja/mtype467.a(csma.o)
 .data          0x0000000000034350       0x28 build/cooja/mtype467.a(csma-output.o)
 .data          0x0000000000034378        0x0 build/cooja/mtype467.a(uip-ds6.o)
 .data          0x0000000000034378        0x0 build/cooja/mtype467.a(uip-udp-packet.)
 .data          0x0000000000034378       0x10 build/cooja/mtype467.a(uip-ds6-route.o)
 .data          0x0000000000034388       0x10 build/cooja/mtype467.a(tcpip.o)
                0x0000000000034388                tcpip_process
 .data          0x0000000000034398        0x0 build/cooja/mtype467.a(uip6.o)
 .data          0x0000000000034398       0x14 build/cooja/mtype467.a(uip-ds6-nbr.o)
 .data          0x00000000000343ac        0xc build/cooja/mtype467.a(uip-nd6.o)
 .data          0x00000000000343b8        0x0 build/cooja/mtype467.a(sicslowpan.o)
 .data          0x00000000000343b8        0x0 build/cooja/mtype467.a(uiplib.o)
 .data          0x00000000000343b8        0x0 build/cooja/mtype467.a(rpl.o)
 .data          0x00000000000343b8       0x30 build/cooja/mtype467.a(rpl-icmp6.o)
 .data          0x00000000000343e8        0x0 build/cooja/mtype467.a(rpl-dag-root.o)
 .data          0x00000000000343e8        0x0 build/cooja/mtype467.a(watchdog.o)
 .data          0x00000000000343e8        0x0 build/cooja/mtype467.a(int-master.o)
 .data          0x00000000000343e8       0x10 build/cooja/mtype467.a(coap-timer-defa)
                0x00000000000343e8                coap_timer_process
 .data          0x00000000000343f8        0x0 build/cooja/mtype467.a(stimer.o)
 .data          0x00000000000343f8        0x0 build/cooja/mtype467.a(ringbuf.o)
 .data          0x00000000000343f8        0x0 build/cooja/mtype467.a(assert.o)
 .data          0x00000000000343f8       0x10 build/cooja/mtype467.a(nbr-table.o)
 .data          0x0000000000034408       0x14 build/cooja/mtype467.a(link-stats.o)
 .data          0x000000000003441c        0x0 build/cooja/mtype467.a(mac-sequence.o)
 .data          0x000000000003441c        0x0 build/cooja/mtype467.a(mac.o)
 .data          0x000000000003441c        0x0 build/cooja/mtype467.a(framer-802154.o)
 .data          0x000000000003441c        0x2 build/cooja/mtype467.a(frame802154.o)
 .data          0x000000000003441e        0x0 build/cooja/mtype467.a(csma-security.o)
 .data          0x000000000003441e        0x0 build/cooja/mtype467.a(uipbuf.o)
 *fill*         0x000000000003441e        0x2 
 .data          0x0000000000034420       0x20 build/cooja/mtype467.a(uip-icmp6.o)
 .data          0x0000000000034440       0x10 build/cooja/mtype467.a(uip-sr.o)
 .data          0x0000000000034450        0xc build/cooja/mtype467.a(uip-packetqueue)
 .data          0x000000000003445c        0x0 build/cooja/mtype467.a(rpl-nbr-policy.)
 .data          0x000000000003445c       0x14 build/cooja/mtype467.a(rpl-neighbor.o)
                0x000000000003446c                rpl_neighbors
 .data          0x0000000000034470        0x0 build/cooja/mtype467.a(rpl-dag.o)
 .data          0x0000000000034470        0x0 build/cooja/mtype467.a(rpl-timers.o)
 .data          0x0000000000034470        0x0 build/cooja/mtype467.a(rpl-ext-header.)
 *fill*         0x0000000000034470       0x10 
 .data          0x0000000000034480       0x24 build/cooja/mtype467.a(rpl-mrhof.o)
                0x0000000000034480                rpl_mrhof
 .data          0x00000000000344a4        0x0 /usr/lib/gcc/i686-linux-gnu/5/libgcc.a(_udivdi3.o)
 .data          0x00000000000344a4        0x0 /usr/lib/gcc/i686-linux-gnu/5/crtendS.o
 .data          0x00000000000344a4        0x0 /usr/lib/gcc/i686-linux-gnu/5/../../../i386-linux-gnu/crtn.o

.tm_clone_table
                0x00000000000344a4        0x0
 .tm_clone_table
                0x00000000000344a4        0x0 /usr/lib/gcc/i686-linux-gnu/5/crtbeginS.o
 .tm_clone_table
                0x00000000000344a4        0x0 /usr/lib/gcc/i686-linux-gnu/5/crtendS.o

.data1
 *(.data1)
                0x00000000000344a4                _edata = .
                [!provide]                        PROVIDE (edata, .)
                0x00000000000344a4                . = .
                0x00000000000344a4                __bss_start = .

.bss            0x00000000000344c0    0x13fa4
 *(.dynbss)
 .dynbss        0x00000000000344c0        0x0 /usr/lib/gcc/i686-linux-gnu/5/../../../i386-linux-gnu/crti.o
 *(.bss .bss.* .gnu.linkonce.b.*)
 .bss           0x00000000000344c0        0x0 /usr/lib/gcc/i686-linux-gnu/5/../../../i386-linux-gnu/crti.o
 .bss           0x00000000000344c0        0x1 /usr/lib/gcc/i686-linux-gnu/5/crtbeginS.o
 *fill*         0x00000000000344c1       0x1f 
 .bss           0x00000000000344e0      0x12c sensor_power.o
                0x00000000000344e0                registered
 *fill*         0x000000000003460c       0x14 
 .bss           0x0000000000034620     0x2030 build/cooja/mtype467.o
 .bss           0x0000000000036650        0x1 build/cooja/mtype467.a(simEnvChange.o)
                0x0000000000036650                simDontFallAsleep
 *fill*         0x0000000000036651        0x3 
 .bss           0x0000000000036654        0x4 build/cooja/mtype467.a(cooja_mt.o)
 .bss           0x0000000000036658        0x4 build/cooja/mtype467.a(cooja_mtarch.o)
 .bss           0x000000000003665c        0x0 build/cooja/mtype467.a(rtimer-arch.o)
 .bss           0x000000000003665c        0x0 build/cooja/mtype467.a(beep.o)
 .bss           0x000000000003665c        0x1 build/cooja/mtype467.a(leds-arch.o)
                0x000000000003665c                simLedsValue
 .bss           0x000000000003665d        0x0 build/cooja/mtype467.a(moteid.o)
 .bss           0x000000000003665d        0x1 build/cooja/mtype467.a(pir-sensor.o)
                0x000000000003665d                simPirValue
 *fill*         0x000000000003665e        0x2 
 .bss           0x0000000000036660        0x4 build/cooja/mtype467.a(rs232.o)
 .bss           0x0000000000036664        0x1 build/cooja/mtype467.a(vib-sensor.o)
                0x0000000000036664                simVibValue
 .bss           0x0000000000036665        0x0 build/cooja/mtype467.a(clock.o)
 *fill*         0x0000000000036665       0x1b 
 .bss           0x0000000000036680     0x2020 build/cooja/mtype467.a(cooja-log.o)
 .bss           0x00000000000386a0      0xfc0 build/cooja/mtype467.a(cfs-cooja.o)
                0x00000000000386a0                simCFSData
                0x0000000000039640                simCFSSize
                0x0000000000039644                simCFSChanged
                0x0000000000039648                simCFSRead
                0x000000000003964c                simCFSWritten
 .bss           0x0000000000039660       0x24 build/cooja/mtype467.a(cooja-radio.o)
                0x0000000000039660                simReceiving
                0x0000000000039664                simInSize
                0x0000000000039668                simLastPacketTimestamp
                0x0000000000039670                simOutSize
 .bss           0x0000000000039684        0xc build/cooja/mtype467.a(eeprom.o)
                0x0000000000039684                simEEPROMChanged
                0x0000000000039688                simEEPROMRead
                0x000000000003968c                simEEPROMWritten
 .bss           0x0000000000039690        0x0 build/cooja/mtype467.a(random.o)
 .bss           0x0000000000039690        0xc build/cooja/mtype467.a(sensors.o)
 .bss           0x000000000003969c        0x0 build/cooja/mtype467.a(leds.o)
 .bss           0x000000000003969c       0x24 build/cooja/mtype467.a(gpio-hal-arch.o)
 .bss           0x00000000000396c0        0x0 build/cooja/mtype467.a(buttons.o)
 .bss           0x00000000000396c0        0x8 build/cooja/mtype467.a(res_power.o)
                0x00000000000396c0                name_assigned
 .bss           0x00000000000396c8        0x0 build/cooja/mtype467.a(coap-blocking-a)
 *fill*         0x00000000000396c8       0x18 
 .bss           0x00000000000396e0      0x190 build/cooja/mtype467.a(coap-engine.o)
 .bss           0x0000000000039870        0x0 build/cooja/mtype467.a(coap-res-well-k)
 *fill*         0x0000000000039870       0x10 
 .bss           0x0000000000039880      0x120 build/cooja/mtype467.a(coap-observe.o)
 .bss           0x00000000000399a0       0x18 build/cooja/mtype467.a(coap-uip.o)
 .bss           0x00000000000399b8        0x5 build/cooja/mtype467.a(coap-timer.o)
 *fill*         0x00000000000399bd        0x3 
 .bss           0x00000000000399c0      0x334 build/cooja/mtype467.a(coap-transactio)
 .bss           0x0000000000039cf4        0x6 build/cooja/mtype467.a(coap.o)
                0x0000000000039cf4                coap_status_code
 .bss           0x0000000000039cfa        0x0 build/cooja/mtype467.a(contiki-main.o)
 .bss           0x0000000000039cfa        0x0 build/cooja/mtype467.a(autostart.o)
 *fill*         0x0000000000039cfa        0x2 
 .bss           0x0000000000039cfc        0x5 build/cooja/mtype467.a(ctimer.o)
 *fill*         0x0000000000039d01        0x3 
 .bss           0x0000000000039d04       0x2c build/cooja/mtype467.a(log.o)
                0x0000000000039d04                curr_log_level_rpl
                0x0000000000039d08                curr_log_level_tcpip
                0x0000000000039d0c                curr_log_level_ipv6
                0x0000000000039d10                curr_log_level_6lowpan
                0x0000000000039d14                curr_log_level_nullnet
                0x0000000000039d18                curr_log_level_mac
                0x0000000000039d1c                curr_log_level_framer
                0x0000000000039d20                curr_log_level_6top
                0x0000000000039d24                curr_log_level_coap
                0x0000000000039d28                curr_log_level_snmp
                0x0000000000039d2c                curr_log_level_lwm2m
 .bss           0x0000000000039d30        0x0 build/cooja/mtype467.a(energest.o)
 .bss           0x0000000000039d30        0x8 build/cooja/mtype467.a(etimer.o)
 .bss           0x0000000000039d38        0x2 build/cooja/mtype467.a(node-id.o)
                0x0000000000039d38                node_id
 *fill*         0x0000000000039d3a        0x2 
 .bss           0x0000000000039d3c        0x4 build/cooja/mtype467.a(rtimer.o)
 .bss           0x0000000000039d40      0x1a1 build/cooja/mtype467.a(process.o)
                0x0000000000039d40                process_list
                0x0000000000039d44                process_current
 .bss           0x0000000000039ee1        0x0 build/cooja/mtype467.a(timer.o)
 .bss           0x0000000000039ee1        0x0 build/cooja/mtype467.a(list.o)
 .bss           0x0000000000039ee1        0x0 build/cooja/mtype467.a(memb.o)
 *fill*         0x0000000000039ee1        0x3 
 .bss           0x0000000000039ee4       0x10 build/cooja/mtype467.a(button-hal.o)
 *fill*         0x0000000000039ef4        0xc 
 .bss           0x0000000000039f00      0x140 build/cooja/mtype467.a(serial-line.o)
 .bss           0x000000000003a040        0x4 build/cooja/mtype467.a(gpio-hal.o)
 *fill*         0x000000000003a044       0x1c 
 .bss           0x000000000003a060     0x2c80 build/cooja/mtype467.a(queuebuf.o)
 .bss           0x000000000003cce0       0xa0 build/cooja/mtype467.a(packetbuf.o)
 .bss           0x000000000003cd80        0x4 build/cooja/mtype467.a(netstack.o)
 .bss           0x000000000003cd84        0x0 build/cooja/mtype467.a(linkaddr.o)
 .bss           0x000000000003cd84        0x0 build/cooja/mtype467.a(csma.o)
 *fill*         0x000000000003cd84       0x1c 
 .bss           0x000000000003cda0      0x726 build/cooja/mtype467.a(csma-output.o)
 *fill*         0x000000000003d4c6        0x2 
 .bss           0x000000000003d4c8       0x30 build/cooja/mtype467.a(uip-ds6.o)
 .bss           0x000000000003d4f8        0x0 build/cooja/mtype467.a(uip-udp-packet.)
 *fill*         0x000000000003d4f8        0x8 
 .bss           0x000000000003d500       0x60 build/cooja/mtype467.a(uip-ds6-route.o)
 .bss           0x000000000003d560       0x10 build/cooja/mtype467.a(tcpip.o)
 .bss           0x000000000003d570        0x8 build/cooja/mtype467.a(uip6.o)
                0x000000000003d570                uip_ext_bitmap
                0x000000000003d572                uip_ext_len
                0x000000000003d574                uip_last_proto
 *fill*         0x000000000003d578        0x8 
 .bss           0x000000000003d580     0x1c20 build/cooja/mtype467.a(uip-ds6-nbr.o)
 .bss           0x000000000003f1a0       0x10 build/cooja/mtype467.a(uip-nd6.o)
 *fill*         0x000000000003f1b0       0x10 
 .bss           0x000000000003f1c0      0x724 build/cooja/mtype467.a(sicslowpan.o)
 .bss           0x000000000003f8e4        0x0 build/cooja/mtype467.a(uiplib.o)
 .bss           0x000000000003f8e4        0x1 build/cooja/mtype467.a(rpl.o)