Archive member included to satisfy reference by file (symbol)

build/cooja/mtype489.a(simEnvChange.o)
                              build/cooja/mtype489.o (simDontFallAsleep)
build/cooja/mtype489.a(cooja_mt.o)
                              build/cooja/mtype489.o (cooja_mt_start)
build/cooja/mtype489.a(cooja_mtarch.o)
                              build/cooja/mtype489.a(cooja_mt.o) (cooja_mtarch_start)
build/cooja/mtype489.a(rtimer-arch.o)
                              build/cooja/mtype489.o (rtimer_arch_check)
build/cooja/mtype489.a(beep.o)
                              build/cooja/mtype489.o (beep_interface)
build/cooja/mtype489.a(leds-arch.o)
                              build/cooja/mtype489.o (leds_interface)
build/cooja/mtype489.a(moteid.o)
                              build/cooja/mtype489.o (moteid_interface)
build/cooja/mtype489.a(pir-sensor.o)
                              build/cooja/mtype489.o (pir_interface)
build/cooja/mtype489.a(rs232.o)
                              build/cooja/mtype489.o (rs232_interface)
build/cooja/mtype489.a(vib-sensor.o)
                              build/cooja/mtype489.o (vib_interface)
build/cooja/mtype489.a(clock.o)
                              build/cooja/mtype489.o (clock_interface)
build/cooja/mtype489.a(cooja-log.o)
                              build/cooja/mtype489.o (simlog_interface)
build/cooja/mtype489.a(cfs-cooja.o)
                              build/cooja/mtype489.o (cfs_interface)
build/cooja/mtype489.a(cooja-radio.o)
                              build/cooja/mtype489.o (radio_interface)
build/cooja/mtype489.a(eeprom.o)
                              build/cooja/mtype489.o (eeprom_interface)
build/cooja/mtype489.a(random.o)
                              build/cooja/mtype489.a(moteid.o) (random_init)
build/cooja/mtype489.a(sensors.o)
                              build/cooja/mtype489.a(pir-sensor.o) (sensors_changed)
build/cooja/mtype489.a(leds.o)
                              build/cooja/mtype489.a(leds-arch.o) (leds_get)
build/cooja/mtype489.a(gpio-hal-arch.o)
                              build/cooja/mtype489.a(leds-arch.o) (gpio_hal_arch_register_pin_callback)
build/cooja/mtype489.a(buttons.o)
                              build/cooja/mtype489.o (button_interface)
build/cooja/mtype489.a(res_power.o)
                              sensor_power.o (name_assigned)
build/cooja/mtype489.a(coap-blocking-a)
                              sensor_power.o (coap_blocking_request)
build/cooja/mtype489.a(coap-engine.o)
                              sensor_power.o (coap_activate_resource)
build/cooja/mtype489.a(coap-res-well-k)
                              build/cooja/mtype489.a(coap-engine.o) (res_well_known_core)
build/cooja/mtype489.a(coap-observe.o)
                              build/cooja/mtype489.a(coap-engine.o) (coap_remove_observer_by_mid)
build/cooja/mtype489.a(coap-uip.o)
                              build/cooja/mtype489.a(coap-observe.o) (coap_endpoint_copy)
build/cooja/mtype489.a(coap-timer.o)
                              build/cooja/mtype489.a(coap-engine.o) (coap_timer_set)
build/cooja/mtype489.a(coap-transactio)
                              build/cooja/mtype489.a(coap-blocking-a) (coap_send_transaction)
build/cooja/mtype489.a(coap.o)
                              build/cooja/mtype489.a(coap-engine.o) (coap_status_code)
build/cooja/mtype489.a(contiki-main.o)
                              build/cooja/mtype489.o (main)
build/cooja/mtype489.a(autostart.o)
                              build/cooja/mtype489.a(contiki-main.o) (autostart_start)
build/cooja/mtype489.a(ctimer.o)
                              build/cooja/mtype489.a(contiki-main.o) (ctimer_init)
build/cooja/mtype489.a(log.o)
                              build/cooja/mtype489.a(contiki-main.o) (curr_log_level_main)
build/cooja/mtype489.a(energest.o)
                              build/cooja/mtype489.a(contiki-main.o) (energest_init)
build/cooja/mtype489.a(etimer.o)
                              build/cooja/mtype489.a(contiki-main.o) (etimer_process)
build/cooja/mtype489.a(node-id.o)
                              build/cooja/mtype489.a(contiki-main.o) (node_id)
build/cooja/mtype489.a(rtimer.o)
                              build/cooja/mtype489.a(contiki-main.o) (rtimer_init)
build/cooja/mtype489.a(process.o)
                              build/cooja/mtype489.a(coap-blocking-a) (process_current)
build/cooja/mtype489.a(timer.o)
                              build/cooja/mtype489.a(etimer.o) (timer_set)
build/cooja/mtype489.a(list.o)
                              build/cooja/mtype489.a(coap-engine.o) (list_init)
build/cooja/mtype489.a(memb.o)
                              build/cooja/mtype489.a(coap-observe.o) (memb_alloc)
build/cooja/mtype489.a(button-hal.o)
                              build/cooja/mtype489.o (button_hal_init)
build/cooja/mtype489.a(serial-line.o)
                              build/cooja/mtype489.a(rs232.o) (serial_line_input_byte)
build/cooja/mtype489.a(gpio-hal.o)
[...]
Memory Configuration

Name             Origin             Length             Attributes
*default*        0x0000000000000000 0xffffffffffffffff

Linker script and memory map

LOAD /usr/lib/gcc/i686-linux-gnu/5/../../../i386-linux-gnu/crti.o
LOAD /usr/lib/gcc/i686-linux-gnu/5/crtbeginS.o
LOAD sensor_power.o
LOAD build/cooja/mtype489.o
LOAD build/cooja/mtype489.a
LOAD /usr/lib/gcc/i686-linux-gnu/5/libgcc.a
LOAD /usr/lib/gcc/i686-linux-gnu/5/libgcc_s.so
LOAD /usr/lib/gcc/i686-linux-gnu/5/../../../i386-linux-gnu/libc.so
START GROUP
LOAD /lib/i386-linux-gnu/libc.so.6
LOAD /usr/lib/i386-linux-gnu/libc_nonshared.a
LOAD /lib/i386-linux-gnu/ld-linux.so.2
END GROUP
LOAD /usr/lib/gcc/i686-linux-gnu/5/libgcc.a
LOAD /usr/lib/gcc/i686-linux-gnu/5/libgcc_s.so
LOAD /usr/lib/gcc/i686-linux-gnu/5/crtendS.o
LOAD /usr/lib/gcc/i686-linux-gnu/5/../../../i386-linux-gnu/crtn.o
                0x0000000000000114                . = (0x0 + SIZEOF_HEADERS)

.note.gnu.build-id
                0x0000000000000114       0x24
 *(.note.gnu.build-id)
 .note.gnu.build-id
                0x0000000000000114       0x24 /usr/lib/gcc/i686-linux-gnu/5/../../../i386-linux-gnu/crti.o

.hash
 *(.hash)

.gnu.hash       0x0000000000000138     0x15bc
 *(.gnu.hash)
 .gnu.hash      0x0000000000000138     0x15bc /usr/lib/gcc/i686-linux-gnu/5/../../../i386-linux-gnu/crti.o

.dynsym         0x00000000000016f4     0x2fa0
 *(.dynsym)
 .dynsym        0x00000000000016f4     0x2fa0 /usr/lib/gcc/i686-linux-gnu/5/../../../i386-linux-gnu/crti.o

.dynstr         0x0000000000004694     0x372b
 *(.dynstr)
 .dynstr        0x0000000000004694     0x372b /usr/lib/gcc/i686-linux-gnu/5/../../../i386-linux-gnu/crti.o

.gnu.version    0x0000000000007dc0      0x5f4
 *(.gnu.version)
 .gnu.version   0x0000000000007dc0      0x5f4 /usr/lib/gcc/i686-linux-gnu/5/../../../i386-linux-gnu/crti.o

.gnu.version_d  0x00000000000083b4        0x0
 *(.gnu.version_d)
 .gnu.version_d
                0x00000000000083b4        0x0 /usr/lib/gcc/i686-linux-gnu/5/../../../i386-linux-gnu/crti.o

.gnu.version_r  0x00000000000083b4       0x40
 *(.gnu.version_r)
 .gnu.version_r
                0x00000000000083b4       0x40 /usr/lib/gcc/i686-linux-gnu/5/../../../i386-linux-gnu/crti.o

.rel.dyn        0x00000000000083f4     0x92b0
 *(.rel.init)
 .rel.init      0x00000000000083f4        0x0 /usr/lib/gcc/i686-linux-gnu/5/../../../i386-linux-gnu/crti.o
 *(.rel.text .rel.text.* .rel.gnu.linkonce.t.*)
 .rel.text      0x00000000000083f4     0x88b0 /usr/lib/gcc/i686-linux-gnu/5/../../../i386-linux-gnu/crti.o
 *(.rel.fini)
 .rel.fini      0x0000000000010ca4        0x0 /usr/lib/gcc/i686-linux-gnu/5/../../../i386-linux-gnu/crti.o
 *(.rel.rodata .rel.rodata.* .rel.gnu.linkonce.r.*)
 .rel.rodata    0x0000000000010ca4      0x598 /usr/lib/gcc/i686-linux-gnu/5/../../../i386-linux-gnu/crti.o
 *(.rel.data.rel.ro .rel.data.rel.ro.* .rel.gnu.linkonce.d.rel.ro.*)
 *(.rel.data .rel.data.* .rel.gnu.linkonce.d.*)
 .rel.data.rel.local
                0x000000000001123c        0x8 /usr/lib/gcc/i686-linux-gnu/5/../../../i386-linux-gnu/crti.o
 .rel.data      0x0000000000011244      0x428 /usr/lib/gcc/i686-linux-gnu/5/../../../i386-linux-gnu/crti.o
 *(.rel.tdata .rel.tdata.* .rel.gnu.linkonce.td.*)
 *(.rel.tbss .rel.tbss.* .rel.gnu.linkonce.tb.*)
 *(.rel.ctors)
 *(.rel.dtors)
 *(.rel.got)
 .rel.got       0x000000000001166c       0x28 /usr/lib/gcc/i686-linux-gnu/5/../../../i386-linux-gnu/crti.o
 *(.rel.bss .rel.bss.* .rel.gnu.linkonce.b.*)
 *(.rel.ifunc)
 .rel.ifunc     0x0000000000011694        0x0 /usr/lib/gcc/i686-linux-gnu/5/../../../i386-linux-gnu/crti.o
 .rel.fini_array
                0x0000000000011694        0x8 /usr/lib/gcc/i686-linux-gnu/5/../../../i386-linux-gnu/crti.o
 .rel.init_array
                0x000000000001169c        0x8 /usr/lib/gcc/i686-linux-gnu/5/../../../i386-linux-gnu/crti.o

.rel.plt        0x00000000000116a4        0x0
 *(.rel.plt)
 .rel.plt       0x00000000000116a4        0x0 /usr/lib/gcc/i686-linux-gnu/5/../../../i386-linux-gnu/crti.o
 *(.rel.iplt)

.init           0x00000000000116a4       0x23
 *(SORT(.init))
 .init          0x00000000000116a4       0x1e /usr/lib/gcc/i686-linux-gnu/5/../../../i386-linux-gnu/crti.o
                0x00000000000116a4                _init
 .init          0x00000000000116c2        0x5 /usr/lib/gcc/i686-linux-gnu/5/../../../i386-linux-gnu/crtn.o

.plt            0x00000000000116d0       0x10
 *(.plt)
 .plt           0x00000000000116d0       0x10 /usr/lib/gcc/i686-linux-gnu/5/../../../i386-linux-gnu/crti.o
 *(.iplt)

.plt.got        0x00000000000116e0       0x10
 *(.plt.got)
 .plt.got       0x00000000000116e0       0x10 /usr/lib/gcc/i686-linux-gnu/5/../../../i386-linux-gnu/crti.o

.text           0x00000000000116f0    0x18d62
 *(.text.unlikely .text.*_unlikely .text.unlikely.*)
 .text.unlikely
                0x00000000000116f0        0x0 /usr/lib/gcc/i686-linux-gnu/5/crtbeginS.o
 .text.unlikely
                0x00000000000116f0        0x0 /usr/lib/gcc/i686-linux-gnu/5/libgcc.a(_udivdi3.o)
 *(.text.exit .text.exit.*)
 *(.text.startup .text.startup.*)
 *(.text.hot .text.hot.*)
 *(.text .stub .text.* .gnu.linkonce.t.*)
 .text          0x00000000000116f0        0x0 /usr/lib/gcc/i686-linux-gnu/5/../../../i386-linux-gnu/crti.o
 .gnu.linkonce.t.__x86.get_pc_thunk.bx
                0x00000000000116f0        0x4 /usr/lib/gcc/i686-linux-gnu/5/../../../i386-linux-gnu/crti.o
                0x00000000000116f0                __x86.get_pc_thunk.bx
 *fill*         0x00000000000116f4        0xc 
 .text          0x0000000000011700      0x11c /usr/lib/gcc/i686-linux-gnu/5/crtbeginS.o
 .text.__x86.get_pc_thunk.dx
                0x000000000001181c        0x4 /usr/lib/gcc/i686-linux-gnu/5/crtbeginS.o
                0x000000000001181c                __x86.get_pc_thunk.dx
 .text          0x0000000000011820      0x51a sensor_power.o
                0x0000000000011851                response_handler
 .text          0x0000000000011d3a      0x283 build/cooja/mtype489.o
                0x0000000000011dcc                platform_init_stage_one
                0x0000000000011ddf                platform_init_stage_two
                0x0000000000011df2                platform_init_stage_three
                0x0000000000011e05                platform_main_loop
                0x0000000000011e78                Java_org_contikios_cooja_corecomm_Lib16_init
                0x0000000000011eaf                Java_org_contikios_cooja_corecomm_Lib16_getMemory
                0x0000000000011ee2                Java_org_contikios_cooja_corecomm_Lib16_setMemory
                0x0000000000011f42                Java_org_contikios_cooja_corecomm_Lib16_tick
                0x0000000000011faa                Java_org_contikios_cooja_corecomm_Lib16_setReferenceAddress
 .text          0x0000000000011fbd       0x65 build/cooja/mtype489.a(simEnvChange.o)
                0x0000000000011fbd                doActionsBeforeTick
                0x0000000000011fef                doActionsAfterTick
 .text          0x0000000000012022       0x83 build/cooja/mtype489.a(cooja_mt.o)
                0x0000000000012022                cooja_mt_start
                0x000000000001204c                cooja_mt_exec
                0x0000000000012082                cooja_mt_yield
 .text          0x00000000000120a5       0xbe build/cooja/mtype489.a(cooja_mtarch.o)
                0x00000000000120a5                cooja_mtarch_start
                0x0000000000012118                cooja_sw
                0x000000000001213b                cooja_mtarch_exec
                0x0000000000012158                cooja_mtarch_yield
 .text          0x0000000000012163       0xc5 build/cooja/mtype489.a(rtimer-arch.o)
                0x0000000000012163                rtimer_arch_init
                0x0000000000012187                rtimer_arch_schedule
                0x00000000000121b7                rtimer_arch_next
                0x00000000000121c7                rtimer_arch_pending
                0x00000000000121d1                rtimer_arch_check
                0x0000000000012218                rtimer_arch_now
 .text          0x0000000000012228       0x81 build/cooja/mtype489.a(beep.o)
                0x0000000000012228                beep_alarm
                0x0000000000012235                beep_beep
                0x0000000000012242                beep
                0x000000000001224f                beep_down
                0x000000000001225c                beep_on
                0x0000000000012269                beep_off
                0x0000000000012276                beep_spinup
                0x0000000000012283                beep_quick
                0x0000000000012290                beep_long
 .text          0x00000000000122a9       0x65 build/cooja/mtype489.a(leds-arch.o)
                0x00000000000122bc                leds_arch_init
 .text          0x000000000001230e       0x35 build/cooja/mtype489.a(moteid.o)
 .text          0x0000000000012343       0xb7 build/cooja/mtype489.a(pir-sensor.o)
 .text          0x00000000000123fa      0x148 build/cooja/mtype489.a(rs232.o)
                0x00000000000123fa                rs232_init
                0x0000000000012400                rs232_set_speed
                0x000000000001240f                rs232_set_input
                0x000000000001241d                rs232_send
                0x0000000000012441                rs232_print
                0x000000000001245d                slip_arch_writeb
 .text          0x0000000000012542       0xb7 build/cooja/mtype489.a(vib-sensor.o)
 .text          0x00000000000125f9       0x38 build/cooja/mtype489.a(clock.o)
                0x00000000000125f9                clock_init
                0x00000000000125ff                clock_time
                0x0000000000012609                clock_seconds
                0x000000000001261f                clock_delay
 .text          0x0000000000012631      0x219 build/cooja/mtype489.a(cooja-log.o)
                0x0000000000012631                simlog_char
                0x0000000000012674                simlog
                0x00000000000126ea                log_message
                0x000000000001271b                log_set_putchar_with_slip
                0x0000000000012729                log_putchar
                0x00000000000127a4                log_puts
                0x00000000000127cc                log_printf
 .text          0x000000000001284a      0x2b9 build/cooja/mtype489.a(cfs-cooja.o)
                0x000000000001284a                cfs_open
                0x00000000000128b3                cfs_close
                0x00000000000128c0                cfs_read
                0x0000000000012955                cfs_write
                0x0000000000012a31                cfs_seek
                0x0000000000012ab9                cfs_remove
                0x0000000000012add                cfs_opendir
                0x0000000000012ae7                cfs_readdir
                0x0000000000012af1                cfs_closedir
 .text          0x0000000000012b03      0x620 build/cooja/mtype489.a(cooja-radio.o)
                0x0000000000012b45                radio_set_channel
                0x0000000000012b53                radio_set_txpower
                0x0000000000012b6b                radio_signal_strength_last
                0x0000000000012b75                radio_signal_strength_current
                0x0000000000012b7f                radio_LQI
 .text          0x0000000000013123       0xee build/cooja/mtype489.a(eeprom.o)
                0x0000000000013123                eeprom_init
                0x0000000000013129                eeprom_read
                0x0000000000013197                eeprom_write
 .text          0x0000000000013211       0x2d build/cooja/mtype489.a(random.o)
                0x0000000000013211                random_init
                0x0000000000013231                random_rand
 .text          0x000000000001323e      0x29c build/cooja/mtype489.a(sensors.o)
                0x0000000000013279                sensors_first
                0x0000000000013283                sensors_next
                0x000000000001329d                sensors_changed
                0x00000000000132d1                sensors_find
 .text          0x00000000000134da      0x349 build/cooja/mtype489.a(leds.o)
                0x00000000000134da                leds_init
                0x0000000000013521                leds_single_on
                0x0000000000013580                leds_single_off
                0x00000000000135df                leds_single_toggle
                0x0000000000013611                leds_on
                0x0000000000013693                leds_off
                0x0000000000013715                leds_toggle
                0x000000000001376a                leds_set
                0x0000000000013796                leds_get
 .text          0x0000000000013823      0x343 build/cooja/mtype489.a(gpio-hal-arch.o)
                0x0000000000013823                gpio_hal_arch_register_pin_callback
                0x000000000001388f                gpio_hal_arch_init
                0x00000000000138d4                gpio_hal_arch_no_port_interrupt_enable
                0x0000000000013904                gpio_hal_arch_no_port_interrupt_disable
                0x0000000000013934                gpio_hal_arch_no_port_pin_cfg_set
                0x0000000000013959                gpio_hal_arch_no_port_pin_cfg_get
                0x000000000001397f                gpio_hal_arch_no_port_pin_set_input
                0x0000000000013991                gpio_hal_arch_no_port_pin_set_output
                0x00000000000139a3                gpio_hal_arch_no_port_set_pin
                0x00000000000139c4                gpio_hal_arch_no_port_clear_pin
                0x00000000000139e5                gpio_hal_arch_no_port_read_pin
                0x0000000000013a0b                gpio_hal_arch_no_port_write_pin
                0x0000000000013a35                gpio_hal_arch_no_port_set_pins
                0x0000000000013a7c                gpio_hal_arch_no_port_clear_pins
                0x0000000000013ac3                gpio_hal_arch_no_port_read_pins
                0x0000000000013b06                gpio_hal_arch_no_port_write_pins
 .text          0x0000000000013b66       0x89 build/cooja/mtype489.a(buttons.o)
 .text          0x0000000000013bef      0x3e4 build/cooja/mtype489.a(res_power.o)
 .text          0x0000000000013fd3      0x27b build/cooja/mtype489.a(coap-blocking-a)
                0x0000000000013fd3                coap_blocking_request_callback
                0x0000000000013ffd                coap_blocking_request
 .text          0x000000000001424e      0xbea build/cooja/mtype489.a(coap-engine.o)
                0x00000000000142e3                coap_add_handler
                0x0000000000014300                coap_remove_handler
                0x000000000001431d                coap_call_handlers
                0x0000000000014425                coap_receive
                0x0000000000014a20                coap_engine_init
                0x0000000000014a7e                coap_activate_resource
                0x0000000000014b29                coap_get_first_resource
                0x0000000000014b42                coap_get_next_resource
 .text          0x0000000000014e38      0x2d9 build/cooja/mtype489.a(coap-res-well-k)
 .text          0x0000000000015111      0x96a build/cooja/mtype489.a(coap-observe.o)
                0x0000000000015226                coap_remove_observer
                0x0000000000015256                coap_remove_observer_by_client
                0x00000000000152be                coap_remove_observer_by_token
                0x0000000000015351                coap_remove_observer_by_uri
                0x00000000000153f8                coap_remove_observer_by_mid
                0x0000000000015474                coap_notify_observers
                0x000000000001548d                coap_notify_observers_sub
                0x00000000000158f7                coap_observe_handler
                0x0000000000015a12                coap_has_observers
 .text          0x0000000000015a7b      0x733 build/cooja/mtype489.a(coap-uip.o)
                0x0000000000015a7b                coap_endpoint_log
                0x0000000000015b01                coap_endpoint_print
                0x0000000000015b87                coap_endpoint_snprint
                0x0000000000015cba                coap_endpoint_copy
                0x0000000000015cf7                coap_endpoint_cmp
                0x0000000000015e05                coap_endpoint_parse
                0x0000000000015ff0                coap_endpoint_is_secure
                0x0000000000015fff                coap_endpoint_is_connected
                0x0000000000016033                coap_endpoint_connect
                0x000000000001604f                coap_endpoint_disconnect
                0x0000000000016055                coap_databuf
                0x000000000001605f                coap_transport_init
                0x00000000000160af                coap_sendto
 .text          0x00000000000161ae      0x324 build/cooja/mtype489.a(coap-timer.o)
                0x00000000000162ab                coap_timer_stop
                0x00000000000162d6                coap_timer_set
                0x0000000000016319                coap_timer_reset
                0x000000000001635c                coap_timer_time_to_next_expiration
                0x00000000000163c8                coap_timer_run
                0x0000000000016494                coap_timer_init
 .text          0x00000000000164d2      0x2c6 build/cooja/mtype489.a(coap-transactio)
                0x0000000000016538                coap_new_transaction
                0x000000000001659e                coap_send_transaction
                0x00000000000166ff                coap_clear_transaction
                0x0000000000016747                coap_get_transaction_by_mid
 .text          0x0000000000016798     0x1c53 build/cooja/mtype489.a(coap.o)
                0x0000000000016d05                coap_init_connection
                0x0000000000016d19                coap_get_mid
                0x0000000000016d35                coap_init_message
                0x0000000000016d7e                coap_serialize_message
                0x0000000000017400                coap_parse_message
                0x0000000000017a67                coap_get_query_variable
                0x0000000000017aa9                coap_get_post_variable
                0x0000000000017aed                coap_set_status_code
                0x0000000000017b12                coap_set_token
                0x0000000000017b59                coap_get_header_content_format
                0x0000000000017b8a                coap_set_header_content_format
                0x0000000000017bad                coap_get_header_accept
                0x0000000000017bde                coap_set_header_accept
                0x0000000000017c01                coap_get_header_max_age
                0x0000000000017c32                coap_set_header_max_age
                0x0000000000017c52                coap_get_header_etag
                0x0000000000017c84                coap_set_header_etag
                0x0000000000017cdb                coap_get_header_if_match
                0x0000000000017d0d                coap_set_header_if_match
                0x0000000000017d64                coap_get_header_if_none_match
                0x0000000000017d7e                coap_set_header_if_none_match
                0x0000000000017d95                coap_get_header_proxy_uri
                0x0000000000017dc3                coap_set_header_proxy_uri
                0x0000000000017e00                coap_get_header_uri_host
                0x0000000000017e2e                coap_set_header_uri_host
                0x0000000000017e6b                coap_get_header_uri_path
                0x0000000000017e99                coap_set_header_uri_path
                0x0000000000017ee6                coap_get_header_uri_query
                0x0000000000017f1a                coap_set_header_uri_query
                0x0000000000017f70                coap_get_header_location_path
                0x0000000000017f9e                coap_set_header_location_path
                0x0000000000018037                coap_get_header_location_query
                0x0000000000018065                coap_set_header_location_query
                0x00000000000180b2                coap_get_header_observe
                0x00000000000180e1                coap_set_header_observe
                0x0000000000018101                coap_get_header_block2
                0x000000000001816d                coap_set_header_block2
                0x00000000000181e4                coap_get_header_block1
                0x0000000000018259                coap_set_header_block1
                0x00000000000182d4                coap_get_header_size2
                0x0000000000018304                coap_set_header_size2
                0x0000000000018327                coap_get_header_size1
                0x0000000000018357                coap_set_header_size1
                0x000000000001837a                coap_get_payload
                0x00000000000183b4                coap_set_payload
 .text          0x00000000000183eb      0x332 build/cooja/mtype489.a(contiki-main.o)
                0x00000000000183eb                main
 .text          0x000000000001871d       0x92 build/cooja/mtype489.a(autostart.o)
                0x000000000001871d                autostart_start
                0x0000000000018767                autostart_exit
 .text          0x00000000000187af      0x355 build/cooja/mtype489.a(ctimer.o)
                0x00000000000188d7                ctimer_init
                0x000000000001890a                ctimer_set
                0x0000000000018930                ctimer_set_with_process
                0x00000000000189ad                ctimer_reset
                0x0000000000018a01                ctimer_restart
                0x0000000000018a55                ctimer_stop
                0x0000000000018aa5                ctimer_expired
 .text          0x0000000000018b04      0x394 build/cooja/mtype489.a(log.o)
                0x0000000000018b04                log_6addr
                0x0000000000018b57                log_6addr_compact_snprint
                0x0000000000018bf5                log_6addr_compact
                0x0000000000018c48                log_lladdr
                0x0000000000018cba                log_lladdr_compact
                0x0000000000018d22                log_set_level
                0x0000000000018ddd                log_get_level
                0x0000000000018e56                log_level_to_str
 .text          0x0000000000018e98       0x1b build/cooja/mtype489.a(energest.o)
                0x0000000000018e98                energest_init
                0x0000000000018e9e                energest_flush
                0x0000000000018ea4                energest_get_total_time
 .text          0x0000000000018eb3      0x43f build/cooja/mtype489.a(etimer.o)
                0x00000000000190d7                etimer_request_poll
                0x0000000000019160                etimer_set
                0x0000000000019189                etimer_reset_with_new_interval
                0x00000000000191b8                etimer_reset
                0x00000000000191de                etimer_restart
                0x0000000000019204                etimer_adjust
                0x0000000000019221                etimer_expired
                0x0000000000019234                etimer_expiration_time
                0x0000000000019246                etimer_start_time
                0x0000000000019250                etimer_pending
                0x0000000000019262                etimer_next_expiration_time
                0x000000000001927c                etimer_stop
 .text          0x00000000000192f2       0x25 build/cooja/mtype489.a(node-id.o)
                0x00000000000192f2                node_id_init
 .text          0x0000000000019317       0xeb build/cooja/mtype489.a(rtimer.o)
                0x0000000000019317                rtimer_init
                0x0000000000019325                rtimer_set
                0x00000000000193a0                rtimer_run_next
 .text          0x0000000000019402      0x4fb build/cooja/mtype489.a(process.o)
                0x0000000000019402                process_alloc_event
                0x0000000000019417                process_start
                0x00000000000195f1                process_exit
                0x000000000001960e                process_init
                0x00000000000197a3                process_run
                0x00000000000197d6                process_nevents
                0x00000000000197f1                process_post
                0x0000000000019884                process_post_synch
                0x00000000000198b9                process_poll
                0x00000000000198e9                process_is_running
 .text          0x00000000000198fd       0xb1 build/cooja/mtype489.a(timer.o)
                0x00000000000198fd                timer_set
                0x000000000001991b                timer_reset
                0x0000000000019948                timer_restart
                0x000000000001995d                timer_expired
                0x000000000001998a                timer_remaining
 .text          0x00000000000199ae      0x28f build/cooja/mtype489.a(list.o)
                0x00000000000199ae                list_init
                0x00000000000199bd                list_head
                0x00000000000199c7                list_copy
                0x00000000000199d7                list_tail
                0x0000000000019a0d                list_add
                0x0000000000019a59                list_push
                0x0000000000019a85                list_chop
                0x0000000000019aef                list_pop
                0x0000000000019b17                list_remove
                0x0000000000019b7f                list_length
                0x0000000000019bad                list_insert
                0x0000000000019bf2                list_item_next
                0x0000000000019c09                list_contains
 .text          0x0000000000019c3d      0x1b5 build/cooja/mtype489.a(memb.o)
                0x0000000000019c3d                memb_init
                0x0000000000019c92                memb_alloc
                0x0000000000019cf5                memb_free
                0x0000000000019d6c                memb_inmemb
                0x0000000000019dab                memb_numfree
 .text          0x0000000000019df2      0x41c build/cooja/mtype489.a(button-hal.o)
                0x0000000000019f6b                button_hal_get_by_id
                0x0000000000019fa9                button_hal_get_by_index
                0x0000000000019fd5                button_hal_get_state
                0x000000000001a027                button_hal_init
 .text          0x000000000001a20e      0x1f3 build/cooja/mtype489.a(serial-line.o)
                0x000000000001a20e                serial_line_input_byte
                0x000000000001a3cc                serial_line_init
 .text          0x000000000001a401      0x168 build/cooja/mtype489.a(gpio-hal.o)
                0x000000000001a401                gpio_hal_register_handler
                0x000000000001a41e                gpio_hal_event_handler
                0x000000000001a47a                gpio_hal_init
                0x000000000001a499                gpio_hal_arch_port_toggle_pin
                0x000000000001a4d5                gpio_hal_arch_port_toggle_pins
                0x000000000001a503                gpio_hal_arch_no_port_toggle_pin
                0x000000000001a541                gpio_hal_arch_no_port_toggle_pins
 .text          0x000000000001a569      0x2e7 build/cooja/mtype489.a(queuebuf.o)
                0x000000000001a573                queuebuf_init
                0x000000000001a59c                queuebuf_numfree
                0x000000000001a5b4                queuebuf_new_from_packetbuf
                0x000000000001a653                queuebuf_update_attr_from_packetbuf
                0x000000000001a688                queuebuf_update_from_packetbuf
                0x000000000001a6d8                queuebuf_free
                0x000000000001a721                queuebuf_to_packetbuf
                0x000000000001a78d                queuebuf_dataptr
                0x000000000001a7c7                queuebuf_datalen
                0x000000000001a7ea                queuebuf_addr
                0x000000000001a81f                queuebuf_attr
                0x000000000001a84a                queuebuf_debug_print
 .text          0x000000000001a850      0x407 build/cooja/mtype489.a(packetbuf.o)
                0x000000000001a850                packetbuf_clear
                0x000000000001a87b                packetbuf_copyfrom
                0x000000000001a8ca                packetbuf_copyto
                0x000000000001a95d                packetbuf_hdralloc
                0x000000000001a9d9                packetbuf_hdrreduce
                0x000000000001aa1f                packetbuf_set_datalen
                0x000000000001aa39                packetbuf_dataptr
                0x000000000001aa56                packetbuf_hdrptr
                0x000000000001aa60                packetbuf_datalen
                0x000000000001aa6c                packetbuf_hdrlen
                0x000000000001aa83                packetbuf_totlen
                0x000000000001aa99                packetbuf_remaininglen
                0x000000000001aaac                packetbuf_attr_clear
                0x000000000001aaf8                packetbuf_attr_copyto
                0x000000000001ab50                packetbuf_attr_copyfrom
                0x000000000001aba8                packetbuf_set_attr
                0x000000000001abd2                packetbuf_attr
                0x000000000001abec                packetbuf_set_addr
                0x000000000001ac1d                packetbuf_addr
                0x000000000001ac3a                packetbuf_holds_broadcast
 .text          0x000000000001ac57       0xef build/cooja/mtype489.a(netstack.o)
                0x000000000001ac57                netstack_process_ip_callback
                0x000000000001ace8                netstack_ip_packet_processor_add
                0x000000000001ad0b                uip_ds6_ip_packet_processor_rm
                0x000000000001ad28                netstack_init
 .text          0x000000000001ad46       0x4f build/cooja/mtype489.a(linkaddr.o)
                0x000000000001ad46                linkaddr_copy
                0x000000000001ad5c                linkaddr_cmp
                0x000000000001ad7f                linkaddr_set_node_addr
 .text          0x000000000001ad95      0x1f6 build/cooja/mtype489.a(csma.o)
 .text          0x000000000001af8b      0x95d build/cooja/mtype489.a(csma-output.o)
                0x000000000001b622                csma_output_packet
                0x000000000001b8af                csma_output_init
 .text          0x000000000001b8e8      0xc11 build/cooja/mtype489.a(uip-ds6.o)
                0x000000000001b8e8                uip_ds6_default_prefix
                0x000000000001b8f2                uip_ds6_set_default_prefix
                0x000000000001b91d                uip_ds6_init
                0x000000000001bb7f                uip_ds6_periodic
                0x000000000001bc06                uip_ds6_list_loop
                0x000000000001bcc6                uip_ds6_prefix_add
                0x000000000001bd72                uip_ds6_prefix_rm
                0x000000000001bd85                uip_ds6_prefix_lookup
                0x000000000001bdc4                uip_ds6_is_addr_onlink
                0x000000000001be37                uip_ds6_addr_add
                0x000000000001bf57                uip_ds6_addr_rm
                0x000000000001c000                uip_ds6_addr_lookup
                0x000000000001c039                uip_ds6_get_link_local
                0x000000000001c0ba                uip_ds6_get_global
                0x000000000001c13b                uip_ds6_maddr_add
                0x000000000001c19b                uip_ds6_maddr_rm
                0x000000000001c1ae                uip_ds6_maddr_lookup
                0x000000000001c1e7                uip_ds6_aaddr_add
                0x000000000001c247                uip_ds6_aaddr_rm
                0x000000000001c25a                uip_ds6_aaddr_lookup
                0x000000000001c293                uip_ds6_select_src
                0x000000000001c3dc                uip_ds6_set_addr_iid
                0x000000000001c407                uip_ds6_set_lladdr_from_iid
                0x000000000001c430                get_match_length
                0x000000000001c4c1                uip_ds6_compute_reachable_time
 .text          0x000000000001c4f9      0x128 build/cooja/mtype489.a(uip-udp-packet.)
                0x000000000001c4f9                uip_udp_packet_send
                0x000000000001c554                uip_udp_packet_sendto
 .text          0x000000000001c621      0x35b build/cooja/mtype489.a(uip-ds6-route.o)
                0x000000000001c672                uip_ds6_route_init
                0x000000000001c69c                uip_ds6_route_nexthop
                0x000000000001c6a6                uip_ds6_route_head
                0x000000000001c6b0                uip_ds6_route_next
                0x000000000001c6ba                uip_ds6_route_is_nexthop
                0x000000000001c6c4                uip_ds6_route_num_routes
                0x000000000001c6ce                uip_ds6_route_lookup
                0x000000000001c6d8                uip_ds6_route_add
                0x000000000001c6eb                uip_ds6_route_rm
                0x000000000001c6f1                uip_ds6_route_rm_by_nexthop
                0x000000000001c6f7                uip_ds6_defrt_head
                0x000000000001c710                uip_ds6_defrt_add
                0x000000000001c7be                uip_ds6_defrt_rm
                0x000000000001c824                uip_ds6_defrt_lookup
                0x000000000001c88b                uip_ds6_defrt_choose
                0x000000000001c901                uip_ds6_defrt_periodic
 .text          0x000000000001c97c      0x6f7 build/cooja/mtype489.a(tcpip.o)
                0x000000000001c996                tcpip_output
                0x000000000001ca15                udp_attach
                0x000000000001ca2d                udp_new
                0x000000000001ca77                udp_broadcast_new
                0x000000000001cbe9                tcpip_input
                0x000000000001cd79                tcpip_ipv6_output
                0x000000000001cf6d                tcpip_poll_udp
                0x000000000001cf8b                tcpip_uipcall
 .text          0x000000000001d073     0x1205 build/cooja/mtype489.a(uip6.o)
                0x000000000001d122                uip_chksum
                0x000000000001d1f9                uip_icmp6chksum
                0x000000000001d20e                uip_udpchksum
                0x000000000001d223                uip_init
                0x000000000001d26c                uip_remove_ext_hdr
                0x000000000001d346                uip_udp_new
                0x000000000001d65a                uip_process
                0x000000000001e152                uip_htons
                0x000000000001e174                uip_htonl
                0x000000000001e1b2                uip_send
 .text          0x000000000001e278      0x369 build/cooja/mtype489.a(uip-ds6-nbr.o)
                0x000000000001e278                uip_ds6_neighbors_init
                0x000000000001e29c                uip_ds6_nbr_add
                0x000000000001e322                uip_ds6_nbr_rm
                0x000000000001e36d                uip_ds6_nbr_update_ll
                0x000000000001e45b                uip_ds6_nbr_get_ipaddr
                0x000000000001e470                uip_ds6_nbr_get_ll
                0x000000000001e48c                uip_ds6_nbr_num
                0x000000000001e4d5                uip_ds6_nbr_head
                0x000000000001e4ee                uip_ds6_nbr_next
                0x000000000001e50a                uip_ds6_nbr_lookup
                0x000000000001e562                uip_ds6_nbr_ll_lookup
                0x000000000001e57e                uip_ds6_nbr_ipaddr_from_lladdr
                0x000000000001e5a7                uip_ds6_nbr_lladdr_from_ipaddr
                0x000000000001e5db                uip_ds6_link_callback
 .text          0x000000000001e5e1      0x6a7 build/cooja/mtype489.a(uip-nd6.o)
                0x000000000001ec6f                uip_nd6_init
 .text          0x000000000001ec88      0x3b0 build/cooja/mtype489.a(simple-udp.o)
                0x000000000001ecb5                simple_udp_send
                0x000000000001ed18                simple_udp_sendto
                0x000000000001ed73                simple_udp_sendto_port
                0x000000000001edcc                simple_udp_register
 .text          0x000000000001f038     0x2c17 build/cooja/mtype489.a(sicslowpan.o)
                0x000000000001f63f                netstack_sniffer_add
                0x000000000001f64d                netstack_sniffer_remove
                0x0000000000021c23                sicslowpan_init
                0x0000000000021c45                sicslowpan_get_last_rssi
 .text          0x0000000000021c4f      0x4d1 build/cooja/mtype489.a(uiplib.o)
                0x0000000000021c4f                uiplib_ip6addrconv
                0x0000000000021e07                uiplib_ip4addrconv
                0x0000000000021eca                uiplib_ipaddr_print
                0x0000000000021f1d                uiplib_ipaddr_snprint
 .text          0x0000000000022120      0x4c9 build/cooja/mtype489.a(rpl.o)
                0x0000000000022120                rpl_lollipop_greater_than
                0x000000000002217a                rpl_get_global_address
                0x0000000000022272                rpl_link_callback
                0x00000000000222b6                rpl_has_joined
                0x00000000000222db                rpl_is_reachable
                0x000000000002235c                rpl_reset_prefix
                0x00000000000223c6                rpl_set_prefix_from_addr
                0x00000000000224ab                rpl_set_prefix
                0x00000000000225c5                rpl_set_leaf_only
                0x00000000000225dd                rpl_get_leaf_only
 .text          0x00000000000225e9     0x138c build/cooja/mtype489.a(rpl-icmp6.o)
                0x000000000002270e                rpl_icmp6_update_nbr_table
                0x0000000000022797                rpl_icmp6_dis_output
                0x0000000000022ddd                rpl_icmp6_dio_output
                0x00000000000235db                rpl_icmp6_dao_output
                0x00000000000238bc                rpl_icmp6_dao_ack_output
                0x000000000002392c                rpl_icmp6_init
 .text          0x0000000000023975      0x264 build/cooja/mtype489.a(rpl-dag-root.o)
                0x0000000000023975                rpl_dag_root_print_links
                0x0000000000023aa1                rpl_dag_root_set_prefix
                0x0000000000023acd                rpl_dag_root_start
                0x0000000000023baa                rpl_dag_root_is_root
 .text          0x0000000000023bd9       0x30 build/cooja/mtype489.a(watchdog.o)
                0x0000000000023bd9                watchdog_init
                0x0000000000023bdf                watchdog_start
                0x0000000000023be5                watchdog_periodic
                0x0000000000023bfd                watchdog_stop
                0x0000000000023c03                watchdog_reboot
 .text          0x0000000000023c09       0x4a build/cooja/mtype489.a(int-master.o)
                0x0000000000023c09                int_master_enable
                0x0000000000023c19                int_master_read_and_disable
                0x0000000000023c36                int_master_status_set
                0x0000000000023c44                int_master_is_enabled
 .text          0x0000000000023c53      0x226 build/cooja/mtype489.a(coap-timer-defa)
 .text          0x0000000000023e79       0xc7 build/cooja/mtype489.a(stimer.o)
                0x0000000000023e79                stimer_set
                0x0000000000023e97                stimer_reset
                0x0000000000023ec4                stimer_restart
                0x0000000000023ed9                stimer_expired
                0x0000000000023f04                stimer_remaining
                0x0000000000023f28                stimer_elapsed
 .text          0x0000000000023f40      0x156 build/cooja/mtype489.a(ringbuf.o)
                0x0000000000023f40                ringbuf_init
                0x0000000000023f72                ringbuf_put
                0x0000000000023ff0                ringbuf_get
                0x000000000002405d                ringbuf_size
                0x000000000002406f                ringbuf_elements
 .text          0x0000000000024096       0x1f build/cooja/mtype489.a(assert.o)
                0x0000000000024096                _xassert
 .text          0x00000000000240b5      0x79b build/cooja/mtype489.a(nbr-table.o)
                0x000000000002452e                nbr_table_register
                0x000000000002459b                nbr_table_is_registered
                0x00000000000245d6                nbr_table_head
                0x0000000000024631                nbr_table_next
                0x0000000000024692                nbr_table_add_lladdr
                0x000000000002476c                nbr_table_get_from_lladdr
                0x00000000000247b8                nbr_table_remove
                0x00000000000247f0                nbr_table_lock
                0x000000000002480a                nbr_table_unlock
                0x0000000000024824                nbr_table_get_lladdr
 .text          0x0000000000024850      0x3a5 build/cooja/mtype489.a(link-stats.o)
                0x0000000000024850                link_stats_from_lladdr
                0x000000000002486c                link_stats_get_lladdr
                0x0000000000024888                link_stats_is_fresh
                0x00000000000248c4                guess_etx_from_rssi
                0x0000000000024940                link_stats_packet_sent
                0x0000000000024a60                link_stats_input_callback
                0x0000000000024b70                link_stats_reset
                0x0000000000024bc0                link_stats_init
 .text          0x0000000000024bf5      0x187 build/cooja/mtype489.a(mac-sequence.o)
                0x0000000000024bf5                mac_sequence_is_duplicate
                0x0000000000024c95                mac_sequence_register_seqno
 .text          0x0000000000024d7c       0x23 build/cooja/mtype489.a(mac.o)
                0x0000000000024d7c                mac_call_sent_callback
 .text          0x0000000000024d9f      0x432 build/cooja/mtype489.a(framer-802154.o)
                0x0000000000024f2e                framer_802154_setup_params
 .text          0x00000000000251d1      0xb6f build/cooja/mtype489.a(frame802154.o)
                0x0000000000025202                frame802154_get_pan_id
                0x000000000002520e                frame802154_set_pan_id
                0x0000000000025228                frame802154_has_panid
                0x00000000000253d7                frame802154_check_dest_panid
                0x000000000002545f                frame802154_is_broadcast_addr
                0x00000000000254ac                frame802154_extract_linkaddr
                0x0000000000025711                frame802154_hdrlen
                0x0000000000025784                frame802154_create_fcf
                0x000000000002583c                frame802154_create
                0x00000000000259b1                frame802154_parse_fcf
                0x0000000000025a93                frame802154_parse
 .text          0x0000000000025d40       0x2d build/cooja/mtype489.a(csma-security.o)
                0x0000000000025d40                csma_security_create_frame
                0x0000000000025d5e                csma_security_parse_frame
 .text          0x0000000000025d6d      0x4e4 build/cooja/mtype489.a(uipbuf.o)
                0x0000000000025d6d                uipbuf_clear
                0x0000000000025d94                uipbuf_add_ext_hdr
                0x0000000000025e14                uipbuf_set_len
                0x0000000000025e41                uipbuf_set_len_field
                0x0000000000025e6d                uipbuf_get_len_field
                0x0000000000025e8d                uipbuf_get_next_header
                0x0000000000025fbf                uipbuf_get_last_header
                0x0000000000026038                uipbuf_search_header
                0x00000000000260ee                uipbuf_get_attr
                0x0000000000026115                uipbuf_set_attr
                0x000000000002614c                uipbuf_set_default_attr
                0x0000000000026183                uipbuf_clear_attr
                0x00000000000261a7                uipbuf_set_attr_flag
                0x00000000000261c8                uipbuf_clr_attr_flag
                0x00000000000261ef                uipbuf_is_attr_flag
                0x0000000000026213                uipbuf_init
 .text          0x0000000000026251      0x73f build/cooja/mtype489.a(uip-icmp6.o)
                0x00000000000262c6                uip_icmp6_input
                0x000000000002631d                uip_icmp6_register_input_handler
                0x0000000000026470                uip_icmp6_error_output
                0x0000000000026721                uip_icmp6_send
                0x0000000000026918                uip_icmp6_echo_reply_callback_add
                0x000000000002694a                uip_icmp6_echo_reply_callback_rm
                0x0000000000026967                uip_icmp6_init
 .text          0x0000000000026990      0x69b build/cooja/mtype489.a(uip-sr.o)
                0x0000000000026990                uip_sr_num_nodes
                0x0000000000026a1e                uip_sr_get_node
                0x0000000000026a75                uip_sr_is_addr_reachable
                0x0000000000026b23                uip_sr_expire_parent
                0x0000000000026b6c                uip_sr_update_node
                0x0000000000026c9c                uip_sr_init
                0x0000000000026cd0                uip_sr_node_head
                0x0000000000026ce9                uip_sr_node_next
                0x0000000000026cff                uip_sr_periodic
                0x0000000000026e05                uip_sr_free_all
                0x0000000000026e75                uip_sr_link_snprint
 .text          0x000000000002702b      0x146 build/cooja/mtype489.a(uip-packetqueue)
                0x0000000000027059                uip_packetqueue_new
                0x0000000000027068                uip_packetqueue_alloc
                0x00000000000270c3                uip_packetqueue_free
                0x000000000002710a                uip_packetqueue_buf
                0x0000000000027127                uip_packetqueue_buflen
                0x0000000000027148                uip_packetqueue_set_buflen
 .text          0x0000000000027171      0x1b0 build/cooja/mtype489.a(rpl-nbr-policy.)
                0x00000000000272de                rpl_nbr_policy_find_removable
 .text          0x0000000000027321      0x915 build/cooja/mtype489.a(rpl-neighbor.o)
                0x000000000002739d                rpl_neighbor_snprint
                0x0000000000027650                rpl_neighbor_print_list
                0x0000000000027705                rpl_neighbor_count
                0x00000000000277ac                rpl_neighbor_get_from_lladdr
                0x00000000000277c8                rpl_neighbor_is_acceptable_parent
                0x00000000000277fc                rpl_neighbor_get_link_metric
                0x0000000000027830                rpl_neighbor_rank_via_nbr
                0x0000000000027864                rpl_neighbor_get_lladdr
                0x0000000000027880                rpl_neighbor_get_ipaddr
                0x00000000000278a7                rpl_neighbor_get_link_stats
                0x00000000000278ce                rpl_neighbor_is_fresh
                0x00000000000278f5                rpl_neighbor_is_reachable
                0x0000000000027940                rpl_neighbor_is_parent
                0x000000000002796a                rpl_neighbor_set_preferred_parent
                0x0000000000027a01                rpl_neighbor_remove_all
                0x0000000000027a5d                rpl_neighbor_get_from_ipaddr
                0x0000000000027b6b                rpl_neighbor_select_best
                0x0000000000027c17                rpl_neighbor_init
 .text          0x0000000000027c36      0xe69 build/cooja/mtype489.a(rpl-dag.o)
                0x0000000000027c36                rpl_dag_state_to_str
                0x0000000000027c75                rpl_dag_get_root_ipaddr
                0x0000000000027cbd                rpl_dag_leave
                0x0000000000027d46                rpl_dag_poison_and_leave
                0x0000000000027d5e                rpl_dag_periodic
                0x0000000000027de6                rpl_is_addr_in_our_dag
                0x0000000000027e2a                rpl_get_default_instance
                0x0000000000027e46                rpl_get_any_dag
                0x0000000000027e9f                rpl_refresh_routes
                0x0000000000027edf                rpl_global_repair
                0x0000000000027f78                rpl_local_repair
                0x0000000000027fc2                rpl_dag_ready_to_advertise
                0x0000000000028005                rpl_dag_update_state
                0x0000000000028732                rpl_process_dio
                0x00000000000287b0                rpl_process_dis
                0x00000000000287f5                rpl_process_dao
                0x0000000000028884                rpl_process_dao_ack
                0x000000000002891b                rpl_process_hbh
                0x000000000002896b                rpl_dag_init_root
                0x0000000000028a7f                rpl_dag_init
 .text          0x0000000000028a9f      0x9e7 build/cooja/mtype489.a(rpl-timers.o)
                0x0000000000028a9f                rpl_timers_schedule_periodic_dis
                0x0000000000028bed                rpl_timers_dio_reset
                0x0000000000028cfb                rpl_timers_schedule_unicast_dio
                0x0000000000028e4f                rpl_timers_schedule_dao
                0x0000000000028f0e                rpl_timers_schedule_dao_ack
                0x0000000000028f94                rpl_timers_notify_dao_ack
                0x0000000000028ff2                get_probing_delay
                0x0000000000029026                get_probing_target
                0x0000000000029210                rpl_schedule_probing
                0x000000000002923e                rpl_schedule_probing_now
                0x00000000000292a8                rpl_timers_unschedule_leaving
                0x00000000000292e0                rpl_timers_schedule_leaving
                0x0000000000029321                rpl_timers_init
                0x00000000000293b1                rpl_timers_stop_dag_timers
                0x000000000002942a                rpl_timers_unschedule_state_update
                0x000000000002944e                rpl_timers_schedule_state_update
 .text          0x0000000000029486      0xb8e build/cooja/mtype489.a(rpl-ext-header.)
                0x0000000000029486                rpl_ext_header_srh_get_next_hop
                0x000000000002956d                rpl_ext_header_srh_update
                0x0000000000029ad9                rpl_ext_header_hbh_update
                0x0000000000029dd9                rpl_ext_header_update
                0x0000000000029e62                rpl_ext_header_remove
 .text          0x000000000002a014      0x31b build/cooja/mtype489.a(rpl-mrhof.o)
 *fill*         0x000000000002a32f        0x1 
 .text          0x000000000002a330      0x122 /usr/lib/gcc/i686-linux-gnu/5/libgcc.a(_udivdi3.o)
                0x000000000002a330                __udivdi3
 .text          0x000000000002a452        0x0 /usr/lib/gcc/i686-linux-gnu/5/crtendS.o
 .text          0x000000000002a452        0x0 /usr/lib/gcc/i686-linux-gnu/5/../../../i386-linux-gnu/crtn.o
 *(.gnu.warning)

.fini           0x000000000002a454       0x14
 *(SORT(.fini))
 .fini          0x000000000002a454        0xf /usr/lib/gcc/i686-linux-gnu/5/../../../i386-linux-gnu/crti.o
                0x000000000002a454                _fini
 .fini          0x000000000002a463        0x5 /usr/lib/gcc/i686-linux-gnu/5/../../../i386-linux-gnu/crtn.o
                [!provide]                        PROVIDE (__etext, .)
                [!provide]                        PROVIDE (_etext, .)
                [!provide]                        PROVIDE (etext, .)

.rodata         0x000000000002a480      0xacb
 *(.rodata .rodata.* .gnu.linkonce.r.*)
 .rodata        0x000000000002a480      0x10f sensor_power.o
                0x000000000002a4a4                autostart_processes
 *fill*         0x000000000002a58f        0x1 
 .rodata        0x000000000002a590        0x8 build/cooja/mtype489.a(beep.o)
                0x000000000002a590                beep_interface
 .rodata        0x000000000002a598        0xe build/cooja/mtype489.a(leds-arch.o)
                0x000000000002a598                leds_interface
                0x000000000002a5a0                leds_arch_leds
 *fill*         0x000000000002a5a6        0x2 
 .rodata        0x000000000002a5a8        0x8 build/cooja/mtype489.a(moteid.o)
                0x000000000002a5a8                moteid_interface
 .rodata        0x000000000002a5b0       0x1c build/cooja/mtype489.a(pir-sensor.o)
                0x000000000002a5b0                pir_interface
                0x000000000002a5bc                pir_sensor
 .rodata        0x000000000002a5cc        0xe build/cooja/mtype489.a(rs232.o)
                0x000000000002a5cc                rs232_interface
 *fill*         0x000000000002a5da        0x2 
 .rodata        0x000000000002a5dc       0x24 build/cooja/mtype489.a(vib-sensor.o)
                0x000000000002a5dc                vib_interface
                0x000000000002a5f0                vib_sensor
 .rodata        0x000000000002a600        0x8 build/cooja/mtype489.a(clock.o)
                0x000000000002a600                clock_interface
 .rodata        0x000000000002a608        0x8 build/cooja/mtype489.a(cooja-log.o)
                0x000000000002a608                simlog_interface
 .rodata        0x000000000002a610       0x2f build/cooja/mtype489.a(cfs-cooja.o)
                0x000000000002a610                cfs_interface
 *fill*         0x000000000002a63f        0x1 
 .rodata        0x000000000002a640       0xb8 build/cooja/mtype489.a(cooja-radio.o)
                0x000000000002a640                radio_interface
                0x000000000002a6c0                cooja_radio_driver
 .rodata        0x000000000002a6f8        0x8 build/cooja/mtype489.a(eeprom.o)
                0x000000000002a6f8                eeprom_interface
 .rodata        0x000000000002a700        0x8 build/cooja/mtype489.a(sensors.o)
 .rodata        0x000000000002a708       0x2c build/cooja/mtype489.a(buttons.o)
                0x000000000002a708                button_interface
                0x000000000002a71c                button_hal_button_count
                0x000000000002a724                button_sensor
 .rodata        0x000000000002a734       0x5e build/cooja/mtype489.a(res_power.o)
 .rodata        0x000000000002a792       0x41 build/cooja/mtype489.a(coap-engine.o)
 .rodata        0x000000000002a7d3       0x19 build/cooja/mtype489.a(coap-res-well-k)
 .rodata        0x000000000002a7ec       0x11 build/cooja/mtype489.a(coap-observe.o)
 .rodata        0x000000000002a7fd       0x35 build/cooja/mtype489.a(coap-uip.o)
 *fill*         0x000000000002a832        0x2 
 .rodata        0x000000000002a834      0x1ac build/cooja/mtype489.a(coap.o)
 .rodata        0x000000000002a9e0       0xf4 build/cooja/mtype489.a(contiki-main.o)
 .rodata        0x000000000002aad4        0xf build/cooja/mtype489.a(ctimer.o)
 *fill*         0x000000000002aae3        0x1 
 .rodata        0x000000000002aae4       0xc4 build/cooja/mtype489.a(log.o)
 .rodata        0x000000000002aba8        0xc build/cooja/mtype489.a(etimer.o)
 .rodata        0x000000000002abb4       0x13 build/cooja/mtype489.a(button-hal.o)
 .rodata        0x000000000002abc7        0xe build/cooja/mtype489.a(serial-line.o)
 *fill*         0x000000000002abd5        0x3 
 .rodata        0x000000000002abd8        0x8 build/cooja/mtype489.a(linkaddr.o)
                0x000000000002abd8                linkaddr_null
 .rodata        0x000000000002abe0       0x24 build/cooja/mtype489.a(csma.o)
                0x000000000002abe8                csma_driver
 .rodata        0x000000000002ac04       0x2a build/cooja/mtype489.a(csma-output.o)
 *fill*         0x000000000002ac2e        0x2 
 .rodata        0x000000000002ac30       0x4d build/cooja/mtype489.a(uip-ds6-route.o)
 .rodata        0x000000000002ac7d        0xd build/cooja/mtype489.a(tcpip.o)
 .rodata        0x000000000002ac8a       0x13 build/cooja/mtype489.a(simple-udp.o)
 *fill*         0x000000000002ac9d        0x3 
 .rodata        0x000000000002aca0       0x30 build/cooja/mtype489.a(sicslowpan.o)
                0x000000000002aca0                unc_llconf
                0x000000000002aca4                unc_ctxconf
                0x000000000002aca8                unc_mxconf
                0x000000000002acac                llprefix
                0x000000000002acc0                sicslowpan_driver
 .rodata        0x000000000002acd0       0x2d build/cooja/mtype489.a(uiplib.o)
 *fill*         0x000000000002acfd        0x3 
 .rodata        0x000000000002ad00       0x74 build/cooja/mtype489.a(rpl.o)
                0x000000000002ad20                rpl_lite_driver
 .rodata        0x000000000002ad74       0x20 build/cooja/mtype489.a(coap-timer-defa)
                0x000000000002ad88                coap_timer_default_driver
 .rodata        0x000000000002ad94       0x25 build/cooja/mtype489.a(assert.o)
 *fill*         0x000000000002adb9        0x3 
 .rodata        0x000000000002adbc        0xc build/cooja/mtype489.a(framer-802154.o)
                0x000000000002adbc                framer_802154
 .rodata        0x000000000002adc8       0x44 build/cooja/mtype489.a(uip-sr.o)
 .rodata        0x000000000002ae0c       0x58 build/cooja/mtype489.a(rpl-neighbor.o)
 .rodata        0x000000000002ae64       0xdb build/cooja/mtype489.a(rpl-dag.o)
 .rodata        0x000000000002af3f        0xc build/cooja/mtype489.a(rpl-timers.o)

.rodata1
 *(.rodata1)

.eh_frame_hdr   0x000000000002af4c     0x1a2c
 *(.eh_frame_hdr)
 .eh_frame_hdr  0x000000000002af4c     0x1a2c sensor_power.o
                0x000000000002af4c                __GNU_EH_FRAME_HDR
 *(.eh_frame_entry .eh_frame_entry.*)

.eh_frame       0x000000000002c978     0x6a44
 *(.eh_frame)
 .eh_frame      0x000000000002c978       0x3c /usr/lib/gcc/i686-linux-gnu/5/../../../i386-linux-gnu/crti.o
                                         0x40 (size before relaxing)
 .eh_frame      0x000000000002c9b4       0xa0 sensor_power.o
                                         0xb8 (size before relaxing)
 .eh_frame      0x000000000002ca54      0x178 build/cooja/mtype489.o
                                        0x190 (size before relaxing)
 .eh_frame      0x000000000002cbcc       0x40 build/cooja/mtype489.a(simEnvChange.o)
                                         0x58 (size before relaxing)
 .eh_frame      0x000000000002cc0c       0x60 build/cooja/mtype489.a(cooja_mt.o)
                                         0x78 (size before relaxing)
 .eh_frame      0x000000000002cc6c       0x80 build/cooja/mtype489.a(cooja_mtarch.o)
                                         0x98 (size before relaxing)
 .eh_frame      0x000000000002ccec       0xc8 build/cooja/mtype489.a(rtimer-arch.o)
                                         0xe0 (size before relaxing)
 .eh_frame      0x000000000002cdb4      0x160 build/cooja/mtype489.a(beep.o)
                                        0x178 (size before relaxing)
 .eh_frame      0x000000000002cf14       0x80 build/cooja/mtype489.a(leds-arch.o)
                                         0x98 (size before relaxing)
 .eh_frame      0x000000000002cf94       0x40 build/cooja/mtype489.a(moteid.o)
                                         0x58 (size before relaxing)
 .eh_frame      0x000000000002cfd4       0xa0 build/cooja/mtype489.a(pir-sensor.o)
                                         0xb8 (size before relaxing)
 .eh_frame      0x000000000002d074      0x100 build/cooja/mtype489.a(rs232.o)
                                        0x118 (size before relaxing)
 .eh_frame      0x000000000002d174       0xa0 build/cooja/mtype489.a(vib-sensor.o)
                                         0xb8 (size before relaxing)
 .eh_frame      0x000000000002d214       0xc0 build/cooja/mtype489.a(clock.o)
                                         0xd8 (size before relaxing)
 .eh_frame      0x000000000002d2d4      0x120 build/cooja/mtype489.a(cooja-log.o)
                                        0x138 (size before relaxing)
 .eh_frame      0x000000000002d3f4      0x160 build/cooja/mtype489.a(cfs-cooja.o)
                                        0x178 (size before relaxing)
 .eh_frame      0x000000000002d554      0x340 build/cooja/mtype489.a(cooja-radio.o)
                                        0x358 (size before relaxing)
 .eh_frame      0x000000000002d894       0xa0 build/cooja/mtype489.a(eeprom.o)
                                         0xb8 (size before relaxing)
 .eh_frame      0x000000000002d934       0x40 build/cooja/mtype489.a(random.o)
                                         0x58 (size before relaxing)
 .eh_frame      0x000000000002d974       0xc0 build/cooja/mtype489.a(sensors.o)
                                         0xd8 (size before relaxing)
 .eh_frame      0x000000000002da34      0x120 build/cooja/mtype489.a(leds.o)
                                        0x138 (size before relaxing)
 .eh_frame      0x000000000002db54      0x220 build/cooja/mtype489.a(gpio-hal-arch.o)
                                        0x238 (size before relaxing)
 .eh_frame      0x000000000002dd74       0xa0 build/cooja/mtype489.a(buttons.o)
                                         0xb8 (size before relaxing)
 .eh_frame      0x000000000002de14       0x88 build/cooja/mtype489.a(res_power.o)
                                         0xa0 (size before relaxing)
 .eh_frame      0x000000000002de9c       0x44 build/cooja/mtype489.a(coap-blocking-a)
                                         0x5c (size before relaxing)
 .eh_frame      0x000000000002dee0      0x220 build/cooja/mtype489.a(coap-engine.o)
                                        0x238 (size before relaxing)
 .eh_frame      0x000000000002e100       0x24 build/cooja/mtype489.a(coap-res-well-k)
                                         0x3c (size before relaxing)
 .eh_frame      0x000000000002e124      0x188 build/cooja/mtype489.a(coap-observe.o)
                                        0x1a0 (size before relaxing)
 .eh_frame      0x000000000002e2ac      0x250 build/cooja/mtype489.a(coap-uip.o)
                                        0x268 (size before relaxing)
 .eh_frame      0x000000000002e4fc      0x114 build/cooja/mtype489.a(coap-timer.o)
                                        0x12c (size before relaxing)
 .eh_frame      0x000000000002e610      0x100 build/cooja/mtype489.a(coap-transactio)
                                        0x118 (size before relaxing)
 .eh_frame      0x000000000002e710      0x6ec build/cooja/mtype489.a(coap.o)
                                        0x704 (size before relaxing)
 .eh_frame      0x000000000002edfc       0x30 build/cooja/mtype489.a(contiki-main.o)
                                         0x48 (size before relaxing)
 .eh_frame      0x000000000002ee2c       0x40 build/cooja/mtype489.a(autostart.o)
                                         0x58 (size before relaxing)
 .eh_frame      0x000000000002ee6c      0x100 build/cooja/mtype489.a(ctimer.o)
                                        0x118 (size before relaxing)
 .eh_frame      0x000000000002ef6c      0x100 build/cooja/mtype489.a(log.o)
                                        0x118 (size before relaxing)
 .eh_frame      0x000000000002f06c       0x60 build/cooja/mtype489.a(energest.o)
                                         0x78 (size before relaxing)
 .eh_frame      0x000000000002f0cc      0x1e0 build/cooja/mtype489.a(etimer.o)
                                        0x1f8 (size before relaxing)
 .eh_frame      0x000000000002f2ac       0x20 build/cooja/mtype489.a(node-id.o)
                                         0x38 (size before relaxing)
 .eh_frame      0x000000000002f2cc       0x60 build/cooja/mtype489.a(rtimer.o)
                                         0x78 (size before relaxing)
 .eh_frame      0x000000000002f32c      0x1c4 build/cooja/mtype489.a(process.o)
                                        0x1dc (size before relaxing)
 .eh_frame      0x000000000002f4f0       0xa4 build/cooja/mtype489.a(timer.o)
                                         0xbc (size before relaxing)
 .eh_frame      0x000000000002f594      0x1a0 build/cooja/mtype489.a(list.o)
                                        0x1b8 (size before relaxing)
 .eh_frame      0x000000000002f734       0xa0 build/cooja/mtype489.a(memb.o)
                                         0xb8 (size before relaxing)
 .eh_frame      0x000000000002f7d4      0x144 build/cooja/mtype489.a(button-hal.o)
                                        0x15c (size before relaxing)
 .eh_frame      0x000000000002f918       0x60 build/cooja/mtype489.a(serial-line.o)
                                         0x78 (size before relaxing)
 .eh_frame      0x000000000002f978       0xe0 build/cooja/mtype489.a(gpio-hal.o)
                                         0xf8 (size before relaxing)
 .eh_frame      0x000000000002fa58      0x1a0 build/cooja/mtype489.a(queuebuf.o)
                                        0x1b8 (size before relaxing)
 .eh_frame      0x000000000002fbf8      0x28c build/cooja/mtype489.a(packetbuf.o)
                                        0x2a4 (size before relaxing)
 .eh_frame      0x000000000002fe84       0x80 build/cooja/mtype489.a(netstack.o)
                                         0x98 (size before relaxing)
 .eh_frame      0x000000000002ff04       0x60 build/cooja/mtype489.a(linkaddr.o)
                                         0x78 (size before relaxing)
 .eh_frame      0x000000000002ff64       0xe0 build/cooja/mtype489.a(csma.o)
                                         0xf8 (size before relaxing)
 .eh_frame      0x0000000000030044      0x1d0 build/cooja/mtype489.a(csma-output.o)
                                        0x1e8 (size before relaxing)
 .eh_frame      0x0000000000030214      0x328 build/cooja/mtype489.a(uip-ds6.o)
                                        0x340 (size before relaxing)
 .eh_frame      0x000000000003053c       0x40 build/cooja/mtype489.a(uip-udp-packet.)
                                         0x58 (size before relaxing)
 .eh_frame      0x000000000003057c      0x220 build/cooja/mtype489.a(uip-ds6-route.o)
                                        0x238 (size before relaxing)
 .eh_frame      0x000000000003079c      0x244 build/cooja/mtype489.a(tcpip.o)
                                        0x25c (size before relaxing)
 .eh_frame      0x00000000000309e0      0x1e8 build/cooja/mtype489.a(uip6.o)
                                        0x200 (size before relaxing)
 .eh_frame      0x0000000000030bc8      0x1c0 build/cooja/mtype489.a(uip-ds6-nbr.o)
                                        0x1d8 (size before relaxing)
 .eh_frame      0x0000000000030d88       0x84 build/cooja/mtype489.a(uip-nd6.o)
                                         0x9c (size before relaxing)
 .eh_frame      0x0000000000030e0c       0xd4 build/cooja/mtype489.a(simple-udp.o)
                                         0xec (size before relaxing)
 .eh_frame      0x0000000000030ee0      0x2f8 build/cooja/mtype489.a(sicslowpan.o)
                                        0x310 (size before relaxing)
 .eh_frame      0x00000000000311d8       0x88 build/cooja/mtype489.a(uiplib.o)
                                         0xa0 (size before relaxing)
 .eh_frame      0x0000000000031260      0x1e0 build/cooja/mtype489.a(rpl.o)
                                        0x1f8 (size before relaxing)
 .eh_frame      0x0000000000031440      0x1c4 build/cooja/mtype489.a(rpl-icmp6.o)
                                        0x1dc (size before relaxing)
 .eh_frame      0x0000000000031604       0xa0 build/cooja/mtype489.a(rpl-dag-root.o)
                                         0xb8 (size before relaxing)
 .eh_frame      0x00000000000316a4       0xa0 build/cooja/mtype489.a(watchdog.o)
                                         0xb8 (size before relaxing)
 .eh_frame      0x0000000000031744       0x80 build/cooja/mtype489.a(int-master.o)
                                         0x98 (size before relaxing)
 .eh_frame      0x00000000000317c4       0xa4 build/cooja/mtype489.a(coap-timer-defa)
                                         0xbc (size before relaxing)
 .eh_frame      0x0000000000031868       0xc4 build/cooja/mtype489.a(stimer.o)
                                         0xdc (size before relaxing)
 .eh_frame      0x000000000003192c       0xa0 build/cooja/mtype489.a(ringbuf.o)
                                         0xb8 (size before relaxing)
 .eh_frame      0x00000000000319cc       0x20 build/cooja/mtype489.a(assert.o)
                                         0x38 (size before relaxing)
 .eh_frame      0x00000000000319ec      0x2ac build/cooja/mtype489.a(nbr-table.o)
                                        0x2c4 (size before relaxing)
 .eh_frame      0x0000000000031c98      0x120 build/cooja/mtype489.a(link-stats.o)
                                        0x138 (size before relaxing)
 .eh_frame      0x0000000000031db8       0x48 build/cooja/mtype489.a(mac-sequence.o)
                                         0x60 (size before relaxing)
 .eh_frame      0x0000000000031e00       0x20 build/cooja/mtype489.a(mac.o)
                                         0x38 (size before relaxing)
 .eh_frame      0x0000000000031e20       0xa4 build/cooja/mtype489.a(framer-802154.o)
                                         0xbc (size before relaxing)
 .eh_frame      0x0000000000031ec4      0x1a4 build/cooja/mtype489.a(frame802154.o)
                                        0x1bc (size before relaxing)
 .eh_frame      0x0000000000032068       0x40 build/cooja/mtype489.a(csma-security.o)
                                         0x58 (size before relaxing)
 .eh_frame      0x00000000000320a8      0x200 build/cooja/mtype489.a(uipbuf.o)
                                        0x218 (size before relaxing)
 .eh_frame      0x00000000000322a8      0x150 build/cooja/mtype489.a(uip-icmp6.o)
                                        0x168 (size before relaxing)
 .eh_frame      0x00000000000323f8      0x184 build/cooja/mtype489.a(uip-sr.o)
                                        0x19c (size before relaxing)
 .eh_frame      0x000000000003257c       0xe0 build/cooja/mtype489.a(uip-packetqueue)
                                         0xf8 (size before relaxing)
 .eh_frame      0x000000000003265c       0x80 build/cooja/mtype489.a(rpl-nbr-policy.)
                                         0x98 (size before relaxing)
 .eh_frame      0x00000000000326dc      0x2d4 build/cooja/mtype489.a(rpl-neighbor.o)
                                        0x2ec (size before relaxing)
 .eh_frame      0x00000000000329b0      0x370 build/cooja/mtype489.a(rpl-dag.o)
                                        0x388 (size before relaxing)
 .eh_frame      0x0000000000032d20      0x3a8 build/cooja/mtype489.a(rpl-timers.o)
                                        0x3c0 (size before relaxing)
 .eh_frame      0x00000000000330c8      0x124 build/cooja/mtype489.a(rpl-ext-header.)
                                        0x13c (size before relaxing)
 .eh_frame      0x00000000000331ec      0x148 build/cooja/mtype489.a(rpl-mrhof.o)
                                        0x160 (size before relaxing)
 .eh_frame      0x0000000000033334       0x84 /usr/lib/gcc/i686-linux-gnu/5/libgcc.a(_udivdi3.o)
                                         0x9c (size before relaxing)
 .eh_frame      0x00000000000333b8        0x4 /usr/lib/gcc/i686-linux-gnu/5/crtendS.o
 *(.eh_frame.*)

.gcc_except_table
 *(.gcc_except_table .gcc_except_table.*)

.gnu_extab
 *(.gnu_extab*)

.exception_ranges
 *(.exception_ranges .exception_ranges*)
                0x0000000000034f10                . = DATA_SEGMENT_ALIGN (0x1000, 0x1000)

.eh_frame
 *(.eh_frame)
 *(.eh_frame.*)

.gnu_extab
 *(.gnu_extab)

.gcc_except_table
 *(.gcc_except_table .gcc_except_table.*)

.exception_ranges
 *(.exception_ranges .exception_ranges*)

.tdata
 *(.tdata .tdata.* .gnu.linkonce.td.*)

.tbss
 *(.tbss .tbss.* .gnu.linkonce.tb.*)
 *(.tcommon)

.preinit_array
 *(.preinit_array)

.init_array     0x0000000000034f10        0x4
 *(SORT(.init_array.*) SORT(.ctors.*))
 *(.init_array EXCLUDE_FILE(*crtend?.o *crtend.o *crtbegin?.o *crtbegin.o) .ctors)
 .init_array    0x0000000000034f10        0x4 /usr/lib/gcc/i686-linux-gnu/5/crtbeginS.o

.fini_array     0x0000000000034f14        0x4
 *(SORT(.fini_array.*) SORT(.dtors.*))
 *(.fini_array EXCLUDE_FILE(*crtend?.o *crtend.o *crtbegin?.o *crtbegin.o) .dtors)
 .fini_array    0x0000000000034f14        0x4 /usr/lib/gcc/i686-linux-gnu/5/crtbeginS.o

.ctors
 *crtbegin.o(.ctors)
 *crtbegin?.o(.ctors)
 *(EXCLUDE_FILE(*crtend?.o *crtend.o) .ctors)
 *(SORT(.ctors.*))
 *(.ctors)

.dtors
 *crtbegin.o(.dtors)
 *crtbegin?.o(.dtors)
 *(EXCLUDE_FILE(*crtend?.o *crtend.o) .dtors)
 *(SORT(.dtors.*))
 *(.dtors)

.jcr            0x0000000000034f18        0x4
 *(.jcr)
 .jcr           0x0000000000034f18        0x0 /usr/lib/gcc/i686-linux-gnu/5/crtbeginS.o
 .jcr           0x0000000000034f18        0x4 /usr/lib/gcc/i686-linux-gnu/5/crtendS.o

.data.rel.ro
 *(.data.rel.ro.local* .gnu.linkonce.d.rel.ro.local.*)
 *(.data.rel.ro .data.rel.ro.* .gnu.linkonce.d.rel.ro.*)

.dynamic        0x0000000000034f1c       0xd0
 *(.dynamic)
 .dynamic       0x0000000000034f1c       0xd0 /usr/lib/gcc/i686-linux-gnu/5/../../../i386-linux-gnu/crti.o
                0x0000000000034f1c                _DYNAMIC

.got            0x0000000000034fec       0x14
 *(.got)
 .got           0x0000000000034fec       0x14 /usr/lib/gcc/i686-linux-gnu/5/../../../i386-linux-gnu/crti.o
 *(.igot)
                0x0000000000035ff4                . = DATA_SEGMENT_RELRO_END (., (SIZEOF (.got.plt) >= 0xc)?0xc:0x0)

.got.plt        0x0000000000035000        0xc
 *(.got.plt)
 .got.plt       0x0000000000035000        0xc /usr/lib/gcc/i686-linux-gnu/5/../../../i386-linux-gnu/crti.o
                0x0000000000035000                _GLOBAL_OFFSET_TABLE_
 *(.igot.plt)

.data           0x0000000000035020      0x484
 *(.data .data.* .gnu.linkonce.d.*)
 .data          0x0000000000035020        0x0 /usr/lib/gcc/i686-linux-gnu/5/../../../i386-linux-gnu/crti.o
 .data          0x0000000000035020        0x0 /usr/lib/gcc/i686-linux-gnu/5/crtbeginS.o
 .data.rel.local
                0x0000000000035020        0x4 /usr/lib/gcc/i686-linux-gnu/5/crtbeginS.o
                0x0000000000035020                __dso_handle
 .data          0x0000000000035024       0x30 sensor_power.o
                0x0000000000035024                udp_client
                0x0000000000035034                coap_client
                0x0000000000035044                coap_server
 *fill*         0x0000000000035054        0xc 
 .data          0x0000000000035060       0x44 build/cooja/mtype489.o
                0x0000000000035060                simInterfaces
                0x0000000000035094                sensors
 .data          0x00000000000350a4        0x0 build/cooja/mtype489.a(simEnvChange.o)
 .data          0x00000000000350a4        0x0 build/cooja/mtype489.a(cooja_mt.o)
 .data          0x00000000000350a4        0x0 build/cooja/mtype489.a(cooja_mtarch.o)
 .data          0x00000000000350a4        0x0 build/cooja/mtype489.a(rtimer-arch.o)
 .data          0x00000000000350a4        0x0 build/cooja/mtype489.a(beep.o)
 .data          0x00000000000350a4        0x0 build/cooja/mtype489.a(leds-arch.o)
 .data          0x00000000000350a4        0x0 build/cooja/mtype489.a(moteid.o)
 .data          0x00000000000350a4        0x0 build/cooja/mtype489.a(pir-sensor.o)
 .data          0x00000000000350a4        0x0 build/cooja/mtype489.a(rs232.o)
 .data          0x00000000000350a4        0x0 build/cooja/mtype489.a(vib-sensor.o)
 .data          0x00000000000350a4        0x0 build/cooja/mtype489.a(clock.o)
 .data          0x00000000000350a4        0x0 build/cooja/mtype489.a(cooja-log.o)
 .data          0x00000000000350a4        0x0 build/cooja/mtype489.a(cfs-cooja.o)
 .data          0x00000000000350a4       0x2c build/cooja/mtype489.a(cooja-radio.o)
                0x00000000000350a4                simRadioHWOn
                0x00000000000350a8                simSignalStrength
                0x00000000000350ac                simLastSignalStrength
                0x00000000000350b0                simPower
                0x00000000000350b4                simRadioChannel
                0x00000000000350b8                simLQI
                0x00000000000350c0                cooja_radio_process
 .data          0x00000000000350d0        0x0 build/cooja/mtype489.a(eeprom.o)
 .data          0x00000000000350d0        0x0 build/cooja/mtype489.a(random.o)
 .data          0x00000000000350d0       0x10 build/cooja/mtype489.a(sensors.o)
                0x00000000000350d0                sensors_process
 .data          0x00000000000350e0        0x0 build/cooja/mtype489.a(leds.o)
 .data          0x00000000000350e0        0x0 build/cooja/mtype489.a(gpio-hal-arch.o)
 .data          0x00000000000350e0       0x78 build/cooja/mtype489.a(buttons.o)
                0x00000000000350e0                simButtonIsActive
                0x0000000000035150                button_hal_buttons
 *fill*         0x0000000000035158        0x8 
 .data          0x0000000000035160       0x44 build/cooja/mtype489.a(res_power.o)
                0x0000000000035164                s_pow
                0x0000000000035180                res_power
 .data          0x00000000000351a4        0x0 build/cooja/mtype489.a(coap-blocking-a)
 .data          0x00000000000351a4        0x8 build/cooja/mtype489.a(coap-engine.o)
 *fill*         0x00000000000351ac       0x14 
 .data          0x00000000000351c0       0x24 build/cooja/mtype489.a(coap-res-well-k)
                0x00000000000351c0                res_well_known_core
 .data          0x00000000000351e4       0x10 build/cooja/mtype489.a(coap-observe.o)
 .data          0x00000000000351f4       0x10 build/cooja/mtype489.a(coap-uip.o)
                0x00000000000351f4                coap_engine
 .data          0x0000000000035204        0x4 build/cooja/mtype489.a(coap-timer.o)
 .data          0x0000000000035208       0x10 build/cooja/mtype489.a(coap-transactio)
 .data          0x0000000000035218        0x4 build/cooja/mtype489.a(coap.o)
                0x0000000000035218                coap_error_message
 .data          0x000000000003521c        0x0 build/cooja/mtype489.a(contiki-main.o)
 .data          0x000000000003521c        0x0 build/cooja/mtype489.a(autostart.o)
 .data          0x000000000003521c       0x14 build/cooja/mtype489.a(ctimer.o)
                0x0000000000035220                ctimer_process
 *fill*         0x0000000000035230       0x10 
 .data          0x0000000000035240       0xbc build/cooja/mtype489.a(log.o)
                0x0000000000035240                curr_log_level_main
                0x0000000000035260                all_modules
 .data          0x00000000000352fc        0x0 build/cooja/mtype489.a(energest.o)
 .data          0x00000000000352fc       0x10 build/cooja/mtype489.a(etimer.o)
                0x00000000000352fc                etimer_process
 .data          0x000000000003530c        0x0 build/cooja/mtype489.a(node-id.o)
 .data          0x000000000003530c        0x0 build/cooja/mtype489.a(rtimer.o)
 .data          0x000000000003530c        0x0 build/cooja/mtype489.a(process.o)
 .data          0x000000000003530c        0x0 build/cooja/mtype489.a(timer.o)
 .data          0x000000000003530c        0x0 build/cooja/mtype489.a(list.o)
 .data          0x000000000003530c        0x0 build/cooja/mtype489.a(memb.o)
 .data          0x000000000003530c       0x10 build/cooja/mtype489.a(button-hal.o)
                0x000000000003530c                button_hal_process
 .data          0x000000000003531c       0x10 build/cooja/mtype489.a(serial-line.o)
                0x000000000003531c                serial_line_process
 .data          0x000000000003532c        0x4 build/cooja/mtype489.a(gpio-hal.o)
 .data          0x0000000000035330       0x18 build/cooja/mtype489.a(queuebuf.o)
 .data          0x0000000000035348        0x4 build/cooja/mtype489.a(packetbuf.o)
 .data          0x000000000003534c        0x4 build/cooja/mtype489.a(netstack.o)
 .data          0x0000000000035350        0x0 build/cooja/mtype489.a(linkaddr.o)
 .data          0x0000000000035350        0x0 build/cooja/mtype489.a(csma.o)
 .data          0x0000000000035350       0x28 build/cooja/mtype489.a(csma-output.o)
 .data          0x0000000000035378        0x0 build/cooja/mtype489.a(uip-ds6.o)
 .data          0x0000000000035378        0x0 build/cooja/mtype489.a(uip-udp-packet.)
 .data          0x0000000000035378       0x10 build/cooja/mtype489.a(uip-ds6-route.o)
 .data          0x0000000000035388       0x10 build/cooja/mtype489.a(tcpip.o)
                0x0000000000035388                tcpip_process
 .data          0x0000000000035398        0x0 build/cooja/mtype489.a(uip6.o)
 .data          0x0000000000035398       0x14 build/cooja/mtype489.a(uip-ds6-nbr.o)
 .data          0x00000000000353ac        0xc build/cooja/mtype489.a(uip-nd6.o)
 .data          0x00000000000353b8       0x10 build/cooja/mtype489.a(simple-udp.o)
                0x00000000000353b8                simple_udp_process
 .data          0x00000000000353c8        0x0 build/cooja/mtype489.a(sicslowpan.o)
 .data          0x00000000000353c8        0x0 build/cooja/mtype489.a(uiplib.o)
 .data          0x00000000000353c8        0x0 build/cooja/mtype489.a(rpl.o)
 .data          0x00000000000353c8       0x30 build/cooja/mtype489.a(rpl-icmp6.o)
 .data          0x00000000000353f8        0x0 build/cooja/mtype489.a(rpl-dag-root.o)
 .data          0x00000000000353f8        0x0 build/cooja/mtype489.a(watchdog.o)
 .data          0x00000000000353f8        0x0 build/cooja/mtype489.a(int-master.o)
 .data          0x00000000000353f8       0x10 build/cooja/mtype489.a(coap-timer-defa)
                0x00000000000353f8                coap_timer_process
 .data          0x0000000000035408        0x0 build/cooja/mtype489.a(stimer.o)
 .data          0x0000000000035408        0x0 build/cooja/mtype489.a(ringbuf.o)
 .data          0x0000000000035408        0x0 build/cooja/mtype489.a(assert.o)
 .data          0x0000000000035408       0x10 build/cooja/mtype489.a(nbr-table.o)
 .data          0x0000000000035418       0x14 build/cooja/mtype489.a(link-stats.o)
 .data          0x000000000003542c        0x0 build/cooja/mtype489.a(mac-sequence.o)
 .data          0x000000000003542c        0x0 build/cooja/mtype489.a(mac.o)
 .data          0x000000000003542c        0x0 build/cooja/mtype489.a(framer-802154.o)
 .data          0x000000000003542c        0x2 build/cooja/mtype489.a(frame802154.o)
 .data          0x000000000003542e        0x0 build/cooja/mtype489.a(csma-security.o)
 .data          0x000000000003542e        0x0 build/cooja/mtype489.a(uipbuf.o)
 *fill*         0x000000000003542e        0x2 
 .data          0x0000000000035430       0x20 build/cooja/mtype489.a(uip-icmp6.o)
 .data          0x0000000000035450       0x10 build/cooja/mtype489.a(uip-sr.o)
 .data          0x0000000000035460        0xc build/cooja/mtype489.a(uip-packetqueue)
 .data          0x000000000003546c        0x0 build/cooja/mtype489.a(rpl-nbr-policy.)
 .data          0x000000000003546c       0x14 build/cooja/mtype489.a(rpl-neighbor.o)
                0x000000000003547c                rpl_neighbors
 .data          0x0000000000035480        0x0 build/cooja/mtype489.a(rpl-dag.o)
 .data          0x0000000000035480        0x0 build/cooja/mtype489.a(rpl-timers.o)
 .data          0x0000000000035480        0x0 build/cooja/mtype489.a(rpl-ext-header.)
 .data          0x0000000000035480       0x24 build/cooja/mtype489.a(rpl-mrhof.o)
                0x0000000000035480                rpl_mrhof
 .data          0x00000000000354a4        0x0 /usr/lib/gcc/i686-linux-gnu/5/libgcc.a(_udivdi3.o)
 .data          0x00000000000354a4        0x0 /usr/lib/gcc/i686-linux-gnu/5/crtendS.o
 .data          0x00000000000354a4        0x0 /usr/lib/gcc/i686-linux-gnu/5/../../../i386-linux-gnu/crtn.o

.tm_clone_table
                0x00000000000354a4        0x0
 .tm_clone_table
                0x00000000000354a4        0x0 /usr/lib/gcc/i686-linux-gnu/5/crtbeginS.o
 .tm_clone_table
                0x00000000000354a4        0x0 /usr/lib/gcc/i686-linux-gnu/5/crtendS.o

.data1
 *(.data1)
                0x00000000000354a4                _edata = .
                [!provide]                        PROVIDE (edata, .)
                0x00000000000354a4                . = .
                0x00000000000354a4                __bss_start = .

.bss            0x00000000000354c0    0x14524
 *(.dynbss)
 .dynbss        0x00000000000354c0        0x0 /usr/lib/gcc/i686-linux-gnu/5/../../../i386-linux-gnu/crti.o
 *(.bss .bss.* .gnu.linkonce.b.*)
 .bss           0x00000000000354c0        0x0 /usr/lib/gcc/i686-linux-gnu/5/../../../i386-linux-gnu/crti.o
 .bss           0x00000000000354c0        0x1 /usr/lib/gcc/i686-linux-gnu/5/crtbeginS.o
 *fill*         0x00000000000354c1       0x1f 
 .bss           0x00000000000354e0      0x18c sensor_power.o
                0x00000000000354e0                rpl_add
                0x00000000000354e1                registered
 *fill*         0x000000000003566c       0x14 
 .bss           0x0000000000035680     0x2030 build/cooja/mtype489.o
 .bss           0x00000000000376b0        0x1 build/cooja/mtype489.a(simEnvChange.o)
                0x00000000000376b0                simDontFallAsleep
 *fill*         0x00000000000376b1        0x3 
 .bss           0x00000000000376b4        0x4 build/cooja/mtype489.a(cooja_mt.o)
 .bss           0x00000000000376b8        0x4 build/cooja/mtype489.a(cooja_mtarch.o)
 .bss           0x00000000000376bc        0x0 build/cooja/mtype489.a(rtimer-arch.o)
 .bss           0x00000000000376bc        0x0 build/cooja/mtype489.a(beep.o)
 .bss           0x00000000000376bc        0x1 build/cooja/mtype489.a(leds-arch.o)
                0x00000000000376bc                simLedsValue
 .bss           0x00000000000376bd        0x0 build/cooja/mtype489.a(moteid.o)
 .bss           0x00000000000376bd        0x1 build/cooja/mtype489.a(pir-sensor.o)
                0x00000000000376bd                simPirValue
 *fill*         0x00000000000376be        0x2 
 .bss           0x00000000000376c0        0x4 build/cooja/mtype489.a(rs232.o)
 .bss           0x00000000000376c4        0x1 build/cooja/mtype489.a(vib-sensor.o)
                0x00000000000376c4                simVibValue
 .bss           0x00000000000376c5        0x0 build/cooja/mtype489.a(clock.o)
 *fill*         0x00000000000376c5       0x1b 
 .bss           0x00000000000376e0     0x2020 build/cooja/mtype489.a(cooja-log.o)
 .bss           0x0000000000039700      0xfc0 build/cooja/mtype489.a(cfs-cooja.o)
                0x0000000000039700                simCFSData
                0x000000000003a6a0                simCFSSize
                0x000000000003a6a4                simCFSChanged
                0x000000000003a6a8                simCFSRead
                0x000000000003a6ac                simCFSWritten
 .bss           0x000000000003a6c0       0x24 build/cooja/mtype489.a(cooja-radio.o)
                0x000000000003a6c0                simReceiving
                0x000000000003a6c4                simInSize
                0x000000000003a6c8                simLastPacketTimestamp
                0x000000000003a6d0                simOutSize
 .bss           0x000000000003a6e4        0xc build/cooja/mtype489.a(eeprom.o)
                0x000000000003a6e4                simEEPROMChanged
                0x000000000003a6e8                simEEPROMRead
                0x000000000003a6ec                simEEPROMWritten
 .bss           0x000000000003a6f0        0x0 build/cooja/mtype489.a(random.o)
 .bss           0x000000000003a6f0        0xc build/cooja/mtype489.a(sensors.o)
 .bss           0x000000000003a6fc        0x0 build/cooja/mtype489.a(leds.o)
 .bss           0x000000000003a6fc       0x24 build/cooja/mtype489.a(gpio-hal-arch.o)
 .bss           0x000000000003a720        0x0 build/cooja/mtype489.a(buttons.o)
 .bss           0x000000000003a720        0x8 build/cooja/mtype489.a(res_power.o)
                0x000000000003a720                name_assigned
 .bss           0x000000000003a728        0x0 build/cooja/mtype489.a(coap-blocking-a)
 *fill*         0x000000000003a728       0x18 
 .bss           0x000000000003a740      0x190 build/cooja/mtype489.a(coap-engine.o)
 .bss           0x000000000003a8d0        0x0 build/cooja/mtype489.a(coap-res-well-k)
 *fill*         0x000000000003a8d0       0x10 
 .bss           0x000000000003a8e0      0x120 build/cooja/mtype489.a(coap-observe.o)
 .bss           0x000000000003aa00       0x18 build/cooja/mtype489.a(coap-uip.o)
 .bss           0x000000000003aa18        0x5 build/cooja/mtype489.a(coap-timer.o)
 *fill*         0x000000000003aa1d        0x3 
 .bss           0x000000000003aa20      0x334 build/cooja/mtype489.a(coap-transactio)
 .bss           0x000000000003ad54        0x6 build/cooja/mtype489.a(coap.o)
                0x000000000003ad54                coap_status_code
 .bss           0x000000000003ad5a        0x0 build/cooja/mtype489.a(contiki-main.o)
 .bss           0x000000000003ad5a        0x0 build/cooja/mtype489.a(autostart.o)
 *fill*         0x000000000003ad5a        0x2 
 .bss           0x000000000003ad5c        0x5 build/cooja/mtype489.a(ctimer.o)
 *fill*         0x000000000003ad61        0x3 
 .bss           0x000000000003ad64       0x2c build/cooja/mtype489.a(log.o)
                0x000000000003ad64                curr_log_level_rpl
                0x000000000003ad68                curr_log_level_tcpip
                0x000000000003ad6c                curr_log_level_ipv6
                0x000000000003ad70                curr_log_level_6lowpan
                0x000000000003ad74                curr_log_level_nullnet
                0x000000000003ad78                curr_log_level_mac
                0x000000000003ad7c                curr_log_level_framer
                0x000000000003ad80                curr_log_level_6top
                0x000000000003ad84                curr_log_level_coap
                0x000000000003ad88                curr_log_level_snmp
                0x000000000003ad8c                curr_log_level_lwm2m
 .bss           0x000000000003ad90        0x0 build/cooja/mtype489.a(energest.o)
 .bss           0x000000000003ad90        0x8 build/cooja/mtype489.a(etimer.o)
 .bss           0x000000000003ad98        0x2 build/cooja/mtype489.a(node-id.o)
                0x000000000003ad98                node_id
 *fill*         0x000000000003ad9a        0x2 
 .bss           0x000000000003ad9c        0x4 build/cooja/mtype489.a(rtimer.o)
 .bss           0x000000000003ada0      0x1a1 build/cooja/mtype489.a(process.o)
                0x000000000003ada0                process_list
                0x000000000003ada4                process_current
 .bss           0x000000000003af41        0x0 build/cooja/mtype489.a(timer.o)
 .bss           0x000000000003af41        0x0 build/cooja/mtype489.a(list.o)
 .bss           0x000000000003af41        0x0 build/cooja/mtype489.a(memb.o)
 *fill*         0x000000000003af41        0x3 
 .bss           0x000000000003af44       0x10 build/cooja/mtype489.a(button-hal.o)
 *fill*         0x000000000003af54        0xc 
 .bss           0x000000000003af60      0x140 build/cooja/mtype489.a(serial-line.o)
 .bss           0x000000000003b0a0        0x4 build/cooja/mtype489.a(gpio-hal.o)
 *fill*         0x000000000003b0a4       0x1c 
 .bss           0x000000000003b0c0     0x2c80 build/cooja/mtype489.a(queuebuf.o)
 .bss           0x000000000003dd40       0xa0 build/cooja/mtype489.a(packetbuf.o)
 .bss           0x000000000003dde0        0x4 build/cooja/mtype489.a(netstack.o)
 .bss           0x000000000003dde4        0x0 build/cooja/mtype489.a(linkaddr.o)
 .bss           0x000000000003dde4        0x0 build/cooja/mtype489.a(csma.o)
 *fill*         0x000000000003dde4       0x1c 
 .bss           0x000000000003de00      0x726 build/cooja/mtype489.a(csma-output.o)
 *fill*         0x000000000003e526        0x2 
 .bss           0x000000000003e528       0x30 build/cooja/mtype489.a(uip-ds6.o)
 .bss           0x000000000003e558        0x0 build/cooja/mtype489.a(uip-udp-packet.)
 *fill*         0x000000000003e558        0x8 
 .bss           0x000000000003e560       0x60 build/cooja/mtype489.a(uip-ds6-route.o)
 .bss           0x000000000003e5c0       0x10 build/cooja/mtype489.a(tcpip.o)