Archive member included to satisfy reference by file (symbol)

build/cooja/mtype97.a(simEnvChange.o)
                              build/cooja/mtype97.o (simDontFallAsleep)
build/cooja/mtype97.a(cooja_mt.o)
                              build/cooja/mtype97.o (cooja_mt_start)
build/cooja/mtype97.a(cooja_mtarch.o)
                              build/cooja/mtype97.a(cooja_mt.o) (cooja_mtarch_start)
build/cooja/mtype97.a(rtimer-arch.o)
                              build/cooja/mtype97.o (rtimer_arch_check)
build/cooja/mtype97.a(beep.o)
                              build/cooja/mtype97.o (beep_interface)
build/cooja/mtype97.a(leds-arch.o)
                              build/cooja/mtype97.o (leds_interface)
build/cooja/mtype97.a(moteid.o)
                              build/cooja/mtype97.o (moteid_interface)
build/cooja/mtype97.a(pir-sensor.o)
                              build/cooja/mtype97.o (pir_interface)
build/cooja/mtype97.a(rs232.o)
                              build/cooja/mtype97.o (rs232_interface)
build/cooja/mtype97.a(vib-sensor.o)
                              build/cooja/mtype97.o (vib_interface)
build/cooja/mtype97.a(clock.o)
                              build/cooja/mtype97.o (clock_interface)
build/cooja/mtype97.a(cooja-log.o)
                              build/cooja/mtype97.o (simlog_interface)
build/cooja/mtype97.a(cfs-cooja.o)
                              build/cooja/mtype97.o (cfs_interface)
build/cooja/mtype97.a(cooja-radio.o)
                              build/cooja/mtype97.o (radio_interface)
build/cooja/mtype97.a(eeprom.o)
                              build/cooja/mtype97.o (eeprom_interface)
build/cooja/mtype97.a(random.o)
                              build/cooja/mtype97.a(moteid.o) (random_init)
build/cooja/mtype97.a(sensors.o)
                              build/cooja/mtype97.a(pir-sensor.o) (sensors_changed)
build/cooja/mtype97.a(leds.o)
                              build/cooja/mtype97.a(leds-arch.o) (leds_get)
build/cooja/mtype97.a(gpio-hal-arch.o)
                              build/cooja/mtype97.a(leds-arch.o) (gpio_hal_arch_register_pin_callback)
build/cooja/mtype97.a(buttons.o)
                              build/cooja/mtype97.o (button_interface)
build/cooja/mtype97.a(res-power.o)
                              client.o (res_power)
build/cooja/mtype97.a(res-temperature)
                              client.o (res_temperature)
build/cooja/mtype97.a(coap-blocking-a)
                              client.o (coap_blocking_request)
build/cooja/mtype97.a(coap-engine.o)
                              client.o (coap_activate_resource)
build/cooja/mtype97.a(coap-res-well-k)
                              build/cooja/mtype97.a(coap-engine.o) (res_well_known_core)
build/cooja/mtype97.a(coap-observe.o)
                              build/cooja/mtype97.a(coap-engine.o) (coap_remove_observer_by_mid)
build/cooja/mtype97.a(coap-uip.o)
                              build/cooja/mtype97.a(coap-observe.o) (coap_endpoint_copy)
build/cooja/mtype97.a(coap-timer.o)
                              build/cooja/mtype97.a(coap-engine.o) (coap_timer_set)
build/cooja/mtype97.a(coap-transactio)
                              build/cooja/mtype97.a(coap-blocking-a) (coap_send_transaction)
build/cooja/mtype97.a(coap.o)
                              build/cooja/mtype97.a(coap-engine.o) (coap_status_code)
build/cooja/mtype97.a(contiki-main.o)
                              build/cooja/mtype97.o (main)
build/cooja/mtype97.a(autostart.o)
                              build/cooja/mtype97.a(contiki-main.o) (autostart_start)
build/cooja/mtype97.a(ctimer.o)
                              build/cooja/mtype97.a(contiki-main.o) (ctimer_init)
build/cooja/mtype97.a(log.o)  build/cooja/mtype97.a(contiki-main.o) (curr_log_level_main)
build/cooja/mtype97.a(energest.o)
                              build/cooja/mtype97.a(contiki-main.o) (energest_init)
build/cooja/mtype97.a(etimer.o)
                              build/cooja/mtype97.a(contiki-main.o) (etimer_process)
build/cooja/mtype97.a(node-id.o)
                              client.o (node_id)
build/cooja/mtype97.a(rtimer.o)
                              build/cooja/mtype97.a(contiki-main.o) (rtimer_init)
build/cooja/mtype97.a(process.o)
                              build/cooja/mtype97.a(coap-blocking-a) (process_current)
build/cooja/mtype97.a(timer.o)
                              build/cooja/mtype97.a(etimer.o) (timer_set)
build/cooja/mtype97.a(list.o)
                              build/cooja/mtype97.a(coap-engine.o) (list_init)
build/cooja/mtype97.a(memb.o)
                              build/cooja/mtype97.a(coap-observe.o) (memb_alloc)
build/cooja/mtype97.a(button-hal.o)
                              build/cooja/mtype97.o (button_hal_init)
build/cooja/mtype97.a(serial-line.o)
                              build/cooja/mtype97.a(rs232.o) (serial_line_input_byte)
build/cooja/mtype97.a(gpio-hal.o)
[...]
Memory Configuration

Name             Origin             Length             Attributes
*default*        0x0000000000000000 0xffffffffffffffff

Linker script and memory map

LOAD /usr/lib/gcc/i686-linux-gnu/5/../../../i386-linux-gnu/crti.o
LOAD /usr/lib/gcc/i686-linux-gnu/5/crtbeginS.o
LOAD client.o
LOAD build/cooja/mtype97.o
LOAD build/cooja/mtype97.a
LOAD /usr/lib/gcc/i686-linux-gnu/5/libgcc.a
LOAD /usr/lib/gcc/i686-linux-gnu/5/libgcc_s.so
LOAD /usr/lib/gcc/i686-linux-gnu/5/../../../i386-linux-gnu/libc.so
START GROUP
LOAD /lib/i386-linux-gnu/libc.so.6
LOAD /usr/lib/i386-linux-gnu/libc_nonshared.a
LOAD /lib/i386-linux-gnu/ld-linux.so.2
END GROUP
LOAD /usr/lib/gcc/i686-linux-gnu/5/libgcc.a
LOAD /usr/lib/gcc/i686-linux-gnu/5/libgcc_s.so
LOAD /usr/lib/gcc/i686-linux-gnu/5/crtendS.o
LOAD /usr/lib/gcc/i686-linux-gnu/5/../../../i386-linux-gnu/crtn.o
                0x0000000000000114                . = (0x0 + SIZEOF_HEADERS)

.note.gnu.build-id
                0x0000000000000114       0x24
 *(.note.gnu.build-id)
 .note.gnu.build-id
                0x0000000000000114       0x24 /usr/lib/gcc/i686-linux-gnu/5/../../../i386-linux-gnu/crti.o

.hash
 *(.hash)

.gnu.hash       0x0000000000000138     0x15e8
 *(.gnu.hash)
 .gnu.hash      0x0000000000000138     0x15e8 /usr/lib/gcc/i686-linux-gnu/5/../../../i386-linux-gnu/crti.o

.dynsym         0x0000000000001720     0x3050
 *(.dynsym)
 .dynsym        0x0000000000001720     0x3050 /usr/lib/gcc/i686-linux-gnu/5/../../../i386-linux-gnu/crti.o

.dynstr         0x0000000000004770     0x37fd
 *(.dynstr)
 .dynstr        0x0000000000004770     0x37fd /usr/lib/gcc/i686-linux-gnu/5/../../../i386-linux-gnu/crti.o

.gnu.version    0x0000000000007f6e      0x60a
 *(.gnu.version)
 .gnu.version   0x0000000000007f6e      0x60a /usr/lib/gcc/i686-linux-gnu/5/../../../i386-linux-gnu/crti.o

.gnu.version_d  0x0000000000008578        0x0
 *(.gnu.version_d)
 .gnu.version_d
                0x0000000000008578        0x0 /usr/lib/gcc/i686-linux-gnu/5/../../../i386-linux-gnu/crti.o

.gnu.version_r  0x0000000000008578       0x40
 *(.gnu.version_r)
 .gnu.version_r
                0x0000000000008578       0x40 /usr/lib/gcc/i686-linux-gnu/5/../../../i386-linux-gnu/crti.o

.rel.dyn        0x00000000000085b8     0x9ba0
 *(.rel.init)
 .rel.init      0x00000000000085b8        0x0 /usr/lib/gcc/i686-linux-gnu/5/../../../i386-linux-gnu/crti.o
 *(.rel.text .rel.text.* .rel.gnu.linkonce.t.*)
 .rel.text      0x00000000000085b8     0x9150 /usr/lib/gcc/i686-linux-gnu/5/../../../i386-linux-gnu/crti.o
 *(.rel.fini)
 .rel.fini      0x0000000000011708        0x0 /usr/lib/gcc/i686-linux-gnu/5/../../../i386-linux-gnu/crti.o
 *(.rel.rodata .rel.rodata.* .rel.gnu.linkonce.r.*)
 .rel.rodata    0x0000000000011708      0x5a8 /usr/lib/gcc/i686-linux-gnu/5/../../../i386-linux-gnu/crti.o
 *(.rel.data.rel.ro .rel.data.rel.ro.* .rel.gnu.linkonce.d.rel.ro.*)
 *(.rel.data .rel.data.* .rel.gnu.linkonce.d.*)
 .rel.data.rel.local
                0x0000000000011cb0        0x8 /usr/lib/gcc/i686-linux-gnu/5/../../../i386-linux-gnu/crti.o
 .rel.data      0x0000000000011cb8      0x468 /usr/lib/gcc/i686-linux-gnu/5/../../../i386-linux-gnu/crti.o
 *(.rel.tdata .rel.tdata.* .rel.gnu.linkonce.td.*)
 *(.rel.tbss .rel.tbss.* .rel.gnu.linkonce.tb.*)
 *(.rel.ctors)
 *(.rel.dtors)
 *(.rel.got)
 .rel.got       0x0000000000012120       0x28 /usr/lib/gcc/i686-linux-gnu/5/../../../i386-linux-gnu/crti.o
 *(.rel.bss .rel.bss.* .rel.gnu.linkonce.b.*)
 *(.rel.ifunc)
 .rel.ifunc     0x0000000000012148        0x0 /usr/lib/gcc/i686-linux-gnu/5/../../../i386-linux-gnu/crti.o
 .rel.fini_array
                0x0000000000012148        0x8 /usr/lib/gcc/i686-linux-gnu/5/../../../i386-linux-gnu/crti.o
 .rel.init_array
                0x0000000000012150        0x8 /usr/lib/gcc/i686-linux-gnu/5/../../../i386-linux-gnu/crti.o

.rel.plt        0x0000000000012158        0x0
 *(.rel.plt)
 .rel.plt       0x0000000000012158        0x0 /usr/lib/gcc/i686-linux-gnu/5/../../../i386-linux-gnu/crti.o
 *(.rel.iplt)

.init           0x0000000000012158       0x23
 *(SORT(.init))
 .init          0x0000000000012158       0x1e /usr/lib/gcc/i686-linux-gnu/5/../../../i386-linux-gnu/crti.o
                0x0000000000012158                _init
 .init          0x0000000000012176        0x5 /usr/lib/gcc/i686-linux-gnu/5/../../../i386-linux-gnu/crtn.o

.plt            0x0000000000012180       0x10
 *(.plt)
 .plt           0x0000000000012180       0x10 /usr/lib/gcc/i686-linux-gnu/5/../../../i386-linux-gnu/crti.o
 *(.iplt)

.plt.got        0x0000000000012190       0x10
 *(.plt.got)
 .plt.got       0x0000000000012190       0x10 /usr/lib/gcc/i686-linux-gnu/5/../../../i386-linux-gnu/crti.o

.text           0x00000000000121a0    0x19dd2
 *(.text.unlikely .text.*_unlikely .text.unlikely.*)
 .text.unlikely
                0x00000000000121a0        0x0 /usr/lib/gcc/i686-linux-gnu/5/crtbeginS.o
 .text.unlikely
                0x00000000000121a0        0x0 /usr/lib/gcc/i686-linux-gnu/5/libgcc.a(_udivdi3.o)
 *(.text.exit .text.exit.*)
 *(.text.startup .text.startup.*)
 *(.text.hot .text.hot.*)
 *(.text .stub .text.* .gnu.linkonce.t.*)
 .text          0x00000000000121a0        0x0 /usr/lib/gcc/i686-linux-gnu/5/../../../i386-linux-gnu/crti.o
 .gnu.linkonce.t.__x86.get_pc_thunk.bx
                0x00000000000121a0        0x4 /usr/lib/gcc/i686-linux-gnu/5/../../../i386-linux-gnu/crti.o
                0x00000000000121a0                __x86.get_pc_thunk.bx
 *fill*         0x00000000000121a4        0xc 
 .text          0x00000000000121b0      0x11c /usr/lib/gcc/i686-linux-gnu/5/crtbeginS.o
 .text.__x86.get_pc_thunk.dx
                0x00000000000122cc        0x4 /usr/lib/gcc/i686-linux-gnu/5/crtbeginS.o
                0x00000000000122cc                __x86.get_pc_thunk.dx
 .text          0x00000000000122d0      0x589 client.o
                0x0000000000012339                client_chunk_handler
 .text          0x0000000000012859      0x283 build/cooja/mtype97.o
                0x00000000000128eb                platform_init_stage_one
                0x00000000000128fe                platform_init_stage_two
                0x0000000000012911                platform_init_stage_three
                0x0000000000012924                platform_main_loop
                0x0000000000012997                Java_org_contikios_cooja_corecomm_Lib10_init
                0x00000000000129ce                Java_org_contikios_cooja_corecomm_Lib10_getMemory
                0x0000000000012a01                Java_org_contikios_cooja_corecomm_Lib10_setMemory
                0x0000000000012a61                Java_org_contikios_cooja_corecomm_Lib10_tick
                0x0000000000012ac9                Java_org_contikios_cooja_corecomm_Lib10_setReferenceAddress
 .text          0x0000000000012adc       0x65 build/cooja/mtype97.a(simEnvChange.o)
                0x0000000000012adc                doActionsBeforeTick
                0x0000000000012b0e                doActionsAfterTick
 .text          0x0000000000012b41       0x83 build/cooja/mtype97.a(cooja_mt.o)
                0x0000000000012b41                cooja_mt_start
                0x0000000000012b6b                cooja_mt_exec
                0x0000000000012ba1                cooja_mt_yield
 .text          0x0000000000012bc4       0xbe build/cooja/mtype97.a(cooja_mtarch.o)
                0x0000000000012bc4                cooja_mtarch_start
                0x0000000000012c37                cooja_sw
                0x0000000000012c5a                cooja_mtarch_exec
                0x0000000000012c77                cooja_mtarch_yield
 .text          0x0000000000012c82       0xc5 build/cooja/mtype97.a(rtimer-arch.o)
                0x0000000000012c82                rtimer_arch_init
                0x0000000000012ca6                rtimer_arch_schedule
                0x0000000000012cd6                rtimer_arch_next
                0x0000000000012ce6                rtimer_arch_pending
                0x0000000000012cf0                rtimer_arch_check
                0x0000000000012d37                rtimer_arch_now
 .text          0x0000000000012d47       0x81 build/cooja/mtype97.a(beep.o)
                0x0000000000012d47                beep_alarm
                0x0000000000012d54                beep_beep
                0x0000000000012d61                beep
                0x0000000000012d6e                beep_down
                0x0000000000012d7b                beep_on
                0x0000000000012d88                beep_off
                0x0000000000012d95                beep_spinup
                0x0000000000012da2                beep_quick
                0x0000000000012daf                beep_long
 .text          0x0000000000012dc8       0x65 build/cooja/mtype97.a(leds-arch.o)
                0x0000000000012ddb                leds_arch_init
 .text          0x0000000000012e2d       0x35 build/cooja/mtype97.a(moteid.o)
 .text          0x0000000000012e62       0xb7 build/cooja/mtype97.a(pir-sensor.o)
 .text          0x0000000000012f19      0x148 build/cooja/mtype97.a(rs232.o)
                0x0000000000012f19                rs232_init
                0x0000000000012f1f                rs232_set_speed
                0x0000000000012f2e                rs232_set_input
                0x0000000000012f3c                rs232_send
                0x0000000000012f60                rs232_print
                0x0000000000012f7c                slip_arch_writeb
 .text          0x0000000000013061       0xb7 build/cooja/mtype97.a(vib-sensor.o)
 .text          0x0000000000013118       0x38 build/cooja/mtype97.a(clock.o)
                0x0000000000013118                clock_init
                0x000000000001311e                clock_time
                0x0000000000013128                clock_seconds
                0x000000000001313e                clock_delay
 .text          0x0000000000013150      0x219 build/cooja/mtype97.a(cooja-log.o)
                0x0000000000013150                simlog_char
                0x0000000000013193                simlog
                0x0000000000013209                log_message
                0x000000000001323a                log_set_putchar_with_slip
                0x0000000000013248                log_putchar
                0x00000000000132c3                log_puts
                0x00000000000132eb                log_printf
 .text          0x0000000000013369      0x2b9 build/cooja/mtype97.a(cfs-cooja.o)
                0x0000000000013369                cfs_open
                0x00000000000133d2                cfs_close
                0x00000000000133df                cfs_read
                0x0000000000013474                cfs_write
                0x0000000000013550                cfs_seek
                0x00000000000135d8                cfs_remove
                0x00000000000135fc                cfs_opendir
                0x0000000000013606                cfs_readdir
                0x0000000000013610                cfs_closedir
 .text          0x0000000000013622      0x620 build/cooja/mtype97.a(cooja-radio.o)
                0x0000000000013664                radio_set_channel
                0x0000000000013672                radio_set_txpower
                0x000000000001368a                radio_signal_strength_last
                0x0000000000013694                radio_signal_strength_current
                0x000000000001369e                radio_LQI
 .text          0x0000000000013c42       0xee build/cooja/mtype97.a(eeprom.o)
                0x0000000000013c42                eeprom_init
                0x0000000000013c48                eeprom_read
                0x0000000000013cb6                eeprom_write
 .text          0x0000000000013d30       0x2d build/cooja/mtype97.a(random.o)
                0x0000000000013d30                random_init
                0x0000000000013d50                random_rand
 .text          0x0000000000013d5d      0x29c build/cooja/mtype97.a(sensors.o)
                0x0000000000013d98                sensors_first
                0x0000000000013da2                sensors_next
                0x0000000000013dbc                sensors_changed
                0x0000000000013df0                sensors_find
 .text          0x0000000000013ff9      0x349 build/cooja/mtype97.a(leds.o)
                0x0000000000013ff9                leds_init
                0x0000000000014040                leds_single_on
                0x000000000001409f                leds_single_off
                0x00000000000140fe                leds_single_toggle
                0x0000000000014130                leds_on
                0x00000000000141b2                leds_off
                0x0000000000014234                leds_toggle
                0x0000000000014289                leds_set
                0x00000000000142b5                leds_get
 .text          0x0000000000014342      0x343 build/cooja/mtype97.a(gpio-hal-arch.o)
                0x0000000000014342                gpio_hal_arch_register_pin_callback
                0x00000000000143ae                gpio_hal_arch_init
                0x00000000000143f3                gpio_hal_arch_no_port_interrupt_enable
                0x0000000000014423                gpio_hal_arch_no_port_interrupt_disable
                0x0000000000014453                gpio_hal_arch_no_port_pin_cfg_set
                0x0000000000014478                gpio_hal_arch_no_port_pin_cfg_get
                0x000000000001449e                gpio_hal_arch_no_port_pin_set_input
                0x00000000000144b0                gpio_hal_arch_no_port_pin_set_output
                0x00000000000144c2                gpio_hal_arch_no_port_set_pin
                0x00000000000144e3                gpio_hal_arch_no_port_clear_pin
                0x0000000000014504                gpio_hal_arch_no_port_read_pin
                0x000000000001452a                gpio_hal_arch_no_port_write_pin
                0x0000000000014554                gpio_hal_arch_no_port_set_pins
                0x000000000001459b                gpio_hal_arch_no_port_clear_pins
                0x00000000000145e2                gpio_hal_arch_no_port_read_pins
                0x0000000000014625                gpio_hal_arch_no_port_write_pins
 .text          0x0000000000014685       0x89 build/cooja/mtype97.a(buttons.o)
 .text          0x000000000001470e      0x3fe build/cooja/mtype97.a(res-power.o)
 .text          0x0000000000014b0c      0x3fe build/cooja/mtype97.a(res-temperature)
 .text          0x0000000000014f0a      0x27b build/cooja/mtype97.a(coap-blocking-a)
                0x0000000000014f0a                coap_blocking_request_callback
                0x0000000000014f34                coap_blocking_request
 .text          0x0000000000015185      0xbea build/cooja/mtype97.a(coap-engine.o)
                0x000000000001521a                coap_add_handler
                0x0000000000015237                coap_remove_handler
                0x0000000000015254                coap_call_handlers
                0x000000000001535c                coap_receive
                0x0000000000015957                coap_engine_init
                0x00000000000159b5                coap_activate_resource
                0x0000000000015a60                coap_get_first_resource
                0x0000000000015a79                coap_get_next_resource
 .text          0x0000000000015d6f      0x2d9 build/cooja/mtype97.a(coap-res-well-k)
 .text          0x0000000000016048      0x96a build/cooja/mtype97.a(coap-observe.o)
                0x000000000001615d                coap_remove_observer
                0x000000000001618d                coap_remove_observer_by_client
                0x00000000000161f5                coap_remove_observer_by_token
                0x0000000000016288                coap_remove_observer_by_uri
                0x000000000001632f                coap_remove_observer_by_mid
                0x00000000000163ab                coap_notify_observers
                0x00000000000163c4                coap_notify_observers_sub
                0x000000000001682e                coap_observe_handler
                0x0000000000016949                coap_has_observers
 .text          0x00000000000169b2      0x733 build/cooja/mtype97.a(coap-uip.o)
                0x00000000000169b2                coap_endpoint_log
                0x0000000000016a38                coap_endpoint_print
                0x0000000000016abe                coap_endpoint_snprint
                0x0000000000016bf1                coap_endpoint_copy
                0x0000000000016c2e                coap_endpoint_cmp
                0x0000000000016d3c                coap_endpoint_parse
                0x0000000000016f27                coap_endpoint_is_secure
                0x0000000000016f36                coap_endpoint_is_connected
                0x0000000000016f6a                coap_endpoint_connect
                0x0000000000016f86                coap_endpoint_disconnect
                0x0000000000016f8c                coap_databuf
                0x0000000000016f96                coap_transport_init
                0x0000000000016fe6                coap_sendto
 .text          0x00000000000170e5      0x324 build/cooja/mtype97.a(coap-timer.o)
                0x00000000000171e2                coap_timer_stop
                0x000000000001720d                coap_timer_set
                0x0000000000017250                coap_timer_reset
                0x0000000000017293                coap_timer_time_to_next_expiration
                0x00000000000172ff                coap_timer_run
                0x00000000000173cb                coap_timer_init
 .text          0x0000000000017409      0x2c6 build/cooja/mtype97.a(coap-transactio)
                0x000000000001746f                coap_new_transaction
                0x00000000000174d5                coap_send_transaction
                0x0000000000017636                coap_clear_transaction
                0x000000000001767e                coap_get_transaction_by_mid
 .text          0x00000000000176cf     0x1c53 build/cooja/mtype97.a(coap.o)
                0x0000000000017c3c                coap_init_connection
                0x0000000000017c50                coap_get_mid
                0x0000000000017c6c                coap_init_message
                0x0000000000017cb5                coap_serialize_message
                0x0000000000018337                coap_parse_message
                0x000000000001899e                coap_get_query_variable
                0x00000000000189e0                coap_get_post_variable
                0x0000000000018a24                coap_set_status_code
                0x0000000000018a49                coap_set_token
                0x0000000000018a90                coap_get_header_content_format
                0x0000000000018ac1                coap_set_header_content_format
                0x0000000000018ae4                coap_get_header_accept
                0x0000000000018b15                coap_set_header_accept
                0x0000000000018b38                coap_get_header_max_age
                0x0000000000018b69                coap_set_header_max_age
                0x0000000000018b89                coap_get_header_etag
                0x0000000000018bbb                coap_set_header_etag
                0x0000000000018c12                coap_get_header_if_match
                0x0000000000018c44                coap_set_header_if_match
                0x0000000000018c9b                coap_get_header_if_none_match
                0x0000000000018cb5                coap_set_header_if_none_match
                0x0000000000018ccc                coap_get_header_proxy_uri
                0x0000000000018cfa                coap_set_header_proxy_uri
                0x0000000000018d37                coap_get_header_uri_host
                0x0000000000018d65                coap_set_header_uri_host
                0x0000000000018da2                coap_get_header_uri_path
                0x0000000000018dd0                coap_set_header_uri_path
                0x0000000000018e1d                coap_get_header_uri_query
                0x0000000000018e51                coap_set_header_uri_query
                0x0000000000018ea7                coap_get_header_location_path
                0x0000000000018ed5                coap_set_header_location_path
                0x0000000000018f6e                coap_get_header_location_query
                0x0000000000018f9c                coap_set_header_location_query
                0x0000000000018fe9                coap_get_header_observe
                0x0000000000019018                coap_set_header_observe
                0x0000000000019038                coap_get_header_block2
                0x00000000000190a4                coap_set_header_block2
                0x000000000001911b                coap_get_header_block1
                0x0000000000019190                coap_set_header_block1
                0x000000000001920b                coap_get_header_size2
                0x000000000001923b                coap_set_header_size2
                0x000000000001925e                coap_get_header_size1
                0x000000000001928e                coap_set_header_size1
                0x00000000000192b1                coap_get_payload
                0x00000000000192eb                coap_set_payload
 .text          0x0000000000019322      0x337 build/cooja/mtype97.a(contiki-main.o)
                0x0000000000019322                main
 .text          0x0000000000019659       0x92 build/cooja/mtype97.a(autostart.o)
                0x0000000000019659                autostart_start
                0x00000000000196a3                autostart_exit
 .text          0x00000000000196eb      0x355 build/cooja/mtype97.a(ctimer.o)
                0x0000000000019813                ctimer_init
                0x0000000000019846                ctimer_set
                0x000000000001986c                ctimer_set_with_process
                0x00000000000198e9                ctimer_reset
                0x000000000001993d                ctimer_restart
                0x0000000000019991                ctimer_stop
                0x00000000000199e1                ctimer_expired
 .text          0x0000000000019a40      0x394 build/cooja/mtype97.a(log.o)
                0x0000000000019a40                log_6addr
                0x0000000000019a93                log_6addr_compact_snprint
                0x0000000000019b31                log_6addr_compact
                0x0000000000019b84                log_lladdr
                0x0000000000019bf6                log_lladdr_compact
                0x0000000000019c5e                log_set_level
                0x0000000000019d19                log_get_level
                0x0000000000019d92                log_level_to_str
 .text          0x0000000000019dd4       0x1b build/cooja/mtype97.a(energest.o)
                0x0000000000019dd4                energest_init
                0x0000000000019dda                energest_flush
                0x0000000000019de0                energest_get_total_time
 .text          0x0000000000019def      0x43f build/cooja/mtype97.a(etimer.o)
                0x000000000001a013                etimer_request_poll
                0x000000000001a09c                etimer_set
                0x000000000001a0c5                etimer_reset_with_new_interval
                0x000000000001a0f4                etimer_reset
                0x000000000001a11a                etimer_restart
                0x000000000001a140                etimer_adjust
                0x000000000001a15d                etimer_expired
                0x000000000001a170                etimer_expiration_time
                0x000000000001a182                etimer_start_time
                0x000000000001a18c                etimer_pending
                0x000000000001a19e                etimer_next_expiration_time
                0x000000000001a1b8                etimer_stop
 .text          0x000000000001a22e       0x25 build/cooja/mtype97.a(node-id.o)
                0x000000000001a22e                node_id_init
 .text          0x000000000001a253       0xeb build/cooja/mtype97.a(rtimer.o)
                0x000000000001a253                rtimer_init
                0x000000000001a261                rtimer_set
                0x000000000001a2dc                rtimer_run_next
 .text          0x000000000001a33e      0x4fb build/cooja/mtype97.a(process.o)
                0x000000000001a33e                process_alloc_event
                0x000000000001a353                process_start
                0x000000000001a52d                process_exit
                0x000000000001a54a                process_init
                0x000000000001a6df                process_run
                0x000000000001a712                process_nevents
                0x000000000001a72d                process_post
                0x000000000001a7c0                process_post_synch
                0x000000000001a7f5                process_poll
                0x000000000001a825                process_is_running
 .text          0x000000000001a839       0xb1 build/cooja/mtype97.a(timer.o)
                0x000000000001a839                timer_set
                0x000000000001a857                timer_reset
                0x000000000001a884                timer_restart
                0x000000000001a899                timer_expired
                0x000000000001a8c6                timer_remaining
 .text          0x000000000001a8ea      0x28f build/cooja/mtype97.a(list.o)
                0x000000000001a8ea                list_init
                0x000000000001a8f9                list_head
                0x000000000001a903                list_copy
                0x000000000001a913                list_tail
                0x000000000001a949                list_add
                0x000000000001a995                list_push
                0x000000000001a9c1                list_chop
                0x000000000001aa2b                list_pop
                0x000000000001aa53                list_remove
                0x000000000001aabb                list_length
                0x000000000001aae9                list_insert
                0x000000000001ab2e                list_item_next
                0x000000000001ab45                list_contains
 .text          0x000000000001ab79      0x1b5 build/cooja/mtype97.a(memb.o)
                0x000000000001ab79                memb_init
                0x000000000001abce                memb_alloc
                0x000000000001ac31                memb_free
                0x000000000001aca8                memb_inmemb
                0x000000000001ace7                memb_numfree
 .text          0x000000000001ad2e      0x41c build/cooja/mtype97.a(button-hal.o)
                0x000000000001aea7                button_hal_get_by_id
                0x000000000001aee5                button_hal_get_by_index
                0x000000000001af11                button_hal_get_state
                0x000000000001af63                button_hal_init
 .text          0x000000000001b14a      0x1f3 build/cooja/mtype97.a(serial-line.o)
                0x000000000001b14a                serial_line_input_byte
                0x000000000001b308                serial_line_init
 .text          0x000000000001b33d      0x168 build/cooja/mtype97.a(gpio-hal.o)
                0x000000000001b33d                gpio_hal_register_handler
                0x000000000001b35a                gpio_hal_event_handler
                0x000000000001b3b6                gpio_hal_init
                0x000000000001b3d5                gpio_hal_arch_port_toggle_pin
                0x000000000001b411                gpio_hal_arch_port_toggle_pins
                0x000000000001b43f                gpio_hal_arch_no_port_toggle_pin
                0x000000000001b47d                gpio_hal_arch_no_port_toggle_pins
 .text          0x000000000001b4a5      0x2e7 build/cooja/mtype97.a(queuebuf.o)
                0x000000000001b4af                queuebuf_init
                0x000000000001b4d8                queuebuf_numfree
                0x000000000001b4f0                queuebuf_new_from_packetbuf
                0x000000000001b58f                queuebuf_update_attr_from_packetbuf
                0x000000000001b5c4                queuebuf_update_from_packetbuf
                0x000000000001b614                queuebuf_free
                0x000000000001b65d                queuebuf_to_packetbuf
                0x000000000001b6c9                queuebuf_dataptr
                0x000000000001b703                queuebuf_datalen
                0x000000000001b726                queuebuf_addr
                0x000000000001b75b                queuebuf_attr
                0x000000000001b786                queuebuf_debug_print
 .text          0x000000000001b78c      0x407 build/cooja/mtype97.a(packetbuf.o)
                0x000000000001b78c                packetbuf_clear
                0x000000000001b7b7                packetbuf_copyfrom
                0x000000000001b806                packetbuf_copyto
                0x000000000001b899                packetbuf_hdralloc
                0x000000000001b915                packetbuf_hdrreduce
                0x000000000001b95b                packetbuf_set_datalen
                0x000000000001b975                packetbuf_dataptr
                0x000000000001b992                packetbuf_hdrptr
                0x000000000001b99c                packetbuf_datalen
                0x000000000001b9a8                packetbuf_hdrlen
                0x000000000001b9bf                packetbuf_totlen
                0x000000000001b9d5                packetbuf_remaininglen
                0x000000000001b9e8                packetbuf_attr_clear
                0x000000000001ba34                packetbuf_attr_copyto
                0x000000000001ba8c                packetbuf_attr_copyfrom
                0x000000000001bae4                packetbuf_set_attr
                0x000000000001bb0e                packetbuf_attr
                0x000000000001bb28                packetbuf_set_addr
                0x000000000001bb59                packetbuf_addr
                0x000000000001bb76                packetbuf_holds_broadcast
 .text          0x000000000001bb93       0xef build/cooja/mtype97.a(netstack.o)
                0x000000000001bb93                netstack_process_ip_callback
                0x000000000001bc24                netstack_ip_packet_processor_add
                0x000000000001bc47                uip_ds6_ip_packet_processor_rm
                0x000000000001bc64                netstack_init
 .text          0x000000000001bc82       0x4f build/cooja/mtype97.a(linkaddr.o)
                0x000000000001bc82                linkaddr_copy
                0x000000000001bc98                linkaddr_cmp
                0x000000000001bcbb                linkaddr_set_node_addr
 .text          0x000000000001bcd1      0x1f6 build/cooja/mtype97.a(csma.o)
 .text          0x000000000001bec7      0x95d build/cooja/mtype97.a(csma-output.o)
                0x000000000001c55e                csma_output_packet
                0x000000000001c7eb                csma_output_init
 .text          0x000000000001c824      0xc11 build/cooja/mtype97.a(uip-ds6.o)
                0x000000000001c824                uip_ds6_default_prefix
                0x000000000001c82e                uip_ds6_set_default_prefix
                0x000000000001c859                uip_ds6_init
                0x000000000001cabb                uip_ds6_periodic
                0x000000000001cb42                uip_ds6_list_loop
                0x000000000001cc02                uip_ds6_prefix_add
                0x000000000001ccae                uip_ds6_prefix_rm
                0x000000000001ccc1                uip_ds6_prefix_lookup
                0x000000000001cd00                uip_ds6_is_addr_onlink
                0x000000000001cd73                uip_ds6_addr_add
                0x000000000001ce93                uip_ds6_addr_rm
                0x000000000001cf3c                uip_ds6_addr_lookup
                0x000000000001cf75                uip_ds6_get_link_local
                0x000000000001cff6                uip_ds6_get_global
                0x000000000001d077                uip_ds6_maddr_add
                0x000000000001d0d7                uip_ds6_maddr_rm
                0x000000000001d0ea                uip_ds6_maddr_lookup
                0x000000000001d123                uip_ds6_aaddr_add
                0x000000000001d183                uip_ds6_aaddr_rm
                0x000000000001d196                uip_ds6_aaddr_lookup
                0x000000000001d1cf                uip_ds6_select_src
                0x000000000001d318                uip_ds6_set_addr_iid
                0x000000000001d343                uip_ds6_set_lladdr_from_iid
                0x000000000001d36c                get_match_length
                0x000000000001d3fd                uip_ds6_compute_reachable_time
 .text          0x000000000001d435      0x128 build/cooja/mtype97.a(uip-udp-packet.)
                0x000000000001d435                uip_udp_packet_send
                0x000000000001d490                uip_udp_packet_sendto
 .text          0x000000000001d55d      0x35b build/cooja/mtype97.a(uip-ds6-route.o)
                0x000000000001d5ae                uip_ds6_route_init
                0x000000000001d5d8                uip_ds6_route_nexthop
                0x000000000001d5e2                uip_ds6_route_head
                0x000000000001d5ec                uip_ds6_route_next
                0x000000000001d5f6                uip_ds6_route_is_nexthop
                0x000000000001d600                uip_ds6_route_num_routes
                0x000000000001d60a                uip_ds6_route_lookup
                0x000000000001d614                uip_ds6_route_add
                0x000000000001d627                uip_ds6_route_rm
                0x000000000001d62d                uip_ds6_route_rm_by_nexthop
                0x000000000001d633                uip_ds6_defrt_head
                0x000000000001d64c                uip_ds6_defrt_add
                0x000000000001d6fa                uip_ds6_defrt_rm
                0x000000000001d760                uip_ds6_defrt_lookup
                0x000000000001d7c7                uip_ds6_defrt_choose
                0x000000000001d83d                uip_ds6_defrt_periodic
 .text          0x000000000001d8b8      0x73a build/cooja/mtype97.a(tcpip.o)
                0x000000000001d8d2                tcpip_output
                0x000000000001d951                udp_attach
                0x000000000001d969                udp_new
                0x000000000001d9b3                udp_broadcast_new
                0x000000000001db25                tcpip_input
                0x000000000001dcf1                tcpip_ipv6_output
                0x000000000001dee5                tcpip_poll_udp
                0x000000000001df03                tcpip_uipcall
 .text          0x000000000001dff2     0x1205 build/cooja/mtype97.a(uip6.o)
                0x000000000001e0a1                uip_chksum
                0x000000000001e178                uip_icmp6chksum
                0x000000000001e18d                uip_udpchksum
                0x000000000001e1a2                uip_init
                0x000000000001e1eb                uip_remove_ext_hdr
                0x000000000001e2c5                uip_udp_new
                0x000000000001e5d9                uip_process
                0x000000000001f0d1                uip_htons
                0x000000000001f0f3                uip_htonl
                0x000000000001f131                uip_send
 .text          0x000000000001f1f7      0x369 build/cooja/mtype97.a(uip-ds6-nbr.o)
                0x000000000001f1f7                uip_ds6_neighbors_init
                0x000000000001f21b                uip_ds6_nbr_add
                0x000000000001f2a1                uip_ds6_nbr_rm
                0x000000000001f2ec                uip_ds6_nbr_update_ll
                0x000000000001f3da                uip_ds6_nbr_get_ipaddr
                0x000000000001f3ef                uip_ds6_nbr_get_ll
                0x000000000001f40b                uip_ds6_nbr_num
                0x000000000001f454                uip_ds6_nbr_head
                0x000000000001f46d                uip_ds6_nbr_next
                0x000000000001f489                uip_ds6_nbr_lookup
                0x000000000001f4e1                uip_ds6_nbr_ll_lookup
                0x000000000001f4fd                uip_ds6_nbr_ipaddr_from_lladdr
                0x000000000001f526                uip_ds6_nbr_lladdr_from_ipaddr
                0x000000000001f55a                uip_ds6_link_callback
 .text          0x000000000001f560      0x6a7 build/cooja/mtype97.a(uip-nd6.o)
                0x000000000001fbee                uip_nd6_init
 .text          0x000000000001fc07      0x3b0 build/cooja/mtype97.a(simple-udp.o)
                0x000000000001fc34                simple_udp_send
                0x000000000001fc97                simple_udp_sendto
                0x000000000001fcf2                simple_udp_sendto_port
                0x000000000001fd4b                simple_udp_register
 .text          0x000000000001ffb7     0x2c17 build/cooja/mtype97.a(sicslowpan.o)
                0x00000000000205be                netstack_sniffer_add
                0x00000000000205cc                netstack_sniffer_remove
                0x0000000000022ba2                sicslowpan_init
                0x0000000000022bc4                sicslowpan_get_last_rssi
 .text          0x0000000000022bce      0x4d1 build/cooja/mtype97.a(uiplib.o)
                0x0000000000022bce                uiplib_ip6addrconv
                0x0000000000022d86                uiplib_ip4addrconv
                0x0000000000022e49                uiplib_ipaddr_print
                0x0000000000022e9c                uiplib_ipaddr_snprint
 .text          0x000000000002309f      0x4c9 build/cooja/mtype97.a(rpl.o)
                0x000000000002309f                rpl_lollipop_greater_than
                0x00000000000230f9                rpl_get_global_address
                0x00000000000231f1                rpl_link_callback
                0x0000000000023235                rpl_has_joined
                0x000000000002325a                rpl_is_reachable
                0x00000000000232db                rpl_reset_prefix
                0x0000000000023345                rpl_set_prefix_from_addr
                0x000000000002342a                rpl_set_prefix
                0x0000000000023544                rpl_set_leaf_only
                0x000000000002355c                rpl_get_leaf_only
 .text          0x0000000000023568     0x138c build/cooja/mtype97.a(rpl-icmp6.o)
                0x000000000002368d                rpl_icmp6_update_nbr_table
                0x0000000000023716                rpl_icmp6_dis_output
                0x0000000000023d5c                rpl_icmp6_dio_output
                0x000000000002455a                rpl_icmp6_dao_output
                0x000000000002483b                rpl_icmp6_dao_ack_output
                0x00000000000248ab                rpl_icmp6_init
 .text          0x00000000000248f4      0x264 build/cooja/mtype97.a(rpl-dag-root.o)
                0x00000000000248f4                rpl_dag_root_print_links
                0x0000000000024a20                rpl_dag_root_set_prefix
                0x0000000000024a4c                rpl_dag_root_start
                0x0000000000024b29                rpl_dag_root_is_root
 .text          0x0000000000024b58      0x1fe build/cooja/mtype97.a(slip-bridge.o)
                0x0000000000024b58                request_prefix
 .text          0x0000000000024d56      0x68a build/cooja/mtype97.a(slip.o)
                0x0000000000024d56                slip_set_input_callback
                0x0000000000024d64                slip_send
                0x0000000000024d88                slip_write
                0x000000000002529e                slip_input_byte
 .text          0x00000000000253e0       0x30 build/cooja/mtype97.a(watchdog.o)
                0x00000000000253e0                watchdog_init
                0x00000000000253e6                watchdog_start
                0x00000000000253ec                watchdog_periodic
                0x0000000000025404                watchdog_stop
                0x000000000002540a                watchdog_reboot
 .text          0x0000000000025410       0x4a build/cooja/mtype97.a(int-master.o)
                0x0000000000025410                int_master_enable
                0x0000000000025420                int_master_read_and_disable
                0x000000000002543d                int_master_status_set
                0x000000000002544b                int_master_is_enabled
 .text          0x000000000002545a       0x19 build/cooja/mtype97.a(slip-arch.o)
                0x000000000002545a                slip_arch_init
 .text          0x0000000000025473      0x11a build/cooja/mtype97.a(rpl-border-rout)
                0x0000000000025473                print_local_addresses
                0x0000000000025549                set_prefix_64
                0x0000000000025572                rpl_border_router_init
 .text          0x000000000002558d      0x226 build/cooja/mtype97.a(coap-timer-defa)
 .text          0x00000000000257b3       0xc7 build/cooja/mtype97.a(stimer.o)
                0x00000000000257b3                stimer_set
                0x00000000000257d1                stimer_reset
                0x00000000000257fe                stimer_restart
                0x0000000000025813                stimer_expired
                0x000000000002583e                stimer_remaining
                0x0000000000025862                stimer_elapsed
 .text          0x000000000002587a      0x156 build/cooja/mtype97.a(ringbuf.o)
                0x000000000002587a                ringbuf_init
                0x00000000000258ac                ringbuf_put
                0x000000000002592a                ringbuf_get
                0x0000000000025997                ringbuf_size
                0x00000000000259a9                ringbuf_elements
 .text          0x00000000000259d0       0x1f build/cooja/mtype97.a(assert.o)
                0x00000000000259d0                _xassert
 .text          0x00000000000259ef      0x79b build/cooja/mtype97.a(nbr-table.o)
                0x0000000000025e68                nbr_table_register
                0x0000000000025ed5                nbr_table_is_registered
                0x0000000000025f10                nbr_table_head
                0x0000000000025f6b                nbr_table_next
                0x0000000000025fcc                nbr_table_add_lladdr
                0x00000000000260a6                nbr_table_get_from_lladdr
                0x00000000000260f2                nbr_table_remove
                0x000000000002612a                nbr_table_lock
                0x0000000000026144                nbr_table_unlock
                0x000000000002615e                nbr_table_get_lladdr
 .text          0x000000000002618a      0x3a5 build/cooja/mtype97.a(link-stats.o)
                0x000000000002618a                link_stats_from_lladdr
                0x00000000000261a6                link_stats_get_lladdr
                0x00000000000261c2                link_stats_is_fresh
                0x00000000000261fe                guess_etx_from_rssi
                0x000000000002627a                link_stats_packet_sent
                0x000000000002639a                link_stats_input_callback
                0x00000000000264aa                link_stats_reset
                0x00000000000264fa                link_stats_init
 .text          0x000000000002652f      0x187 build/cooja/mtype97.a(mac-sequence.o)
                0x000000000002652f                mac_sequence_is_duplicate
                0x00000000000265cf                mac_sequence_register_seqno
 .text          0x00000000000266b6       0x23 build/cooja/mtype97.a(mac.o)
                0x00000000000266b6                mac_call_sent_callback
 .text          0x00000000000266d9      0x432 build/cooja/mtype97.a(framer-802154.o)
                0x0000000000026868                framer_802154_setup_params
 .text          0x0000000000026b0b      0xb6f build/cooja/mtype97.a(frame802154.o)
                0x0000000000026b3c                frame802154_get_pan_id
                0x0000000000026b48                frame802154_set_pan_id
                0x0000000000026b62                frame802154_has_panid
                0x0000000000026d11                frame802154_check_dest_panid
                0x0000000000026d99                frame802154_is_broadcast_addr
                0x0000000000026de6                frame802154_extract_linkaddr
                0x000000000002704b                frame802154_hdrlen
                0x00000000000270be                frame802154_create_fcf
                0x0000000000027176                frame802154_create
                0x00000000000272eb                frame802154_parse_fcf
                0x00000000000273cd                frame802154_parse
 .text          0x000000000002767a       0x2d build/cooja/mtype97.a(csma-security.o)
                0x000000000002767a                csma_security_create_frame
                0x0000000000027698                csma_security_parse_frame
 .text          0x00000000000276a7      0x4e4 build/cooja/mtype97.a(uipbuf.o)
                0x00000000000276a7                uipbuf_clear
                0x00000000000276ce                uipbuf_add_ext_hdr
                0x000000000002774e                uipbuf_set_len
                0x000000000002777b                uipbuf_set_len_field
                0x00000000000277a7                uipbuf_get_len_field
                0x00000000000277c7                uipbuf_get_next_header
                0x00000000000278f9                uipbuf_get_last_header
                0x0000000000027972                uipbuf_search_header
                0x0000000000027a28                uipbuf_get_attr
                0x0000000000027a4f                uipbuf_set_attr
                0x0000000000027a86                uipbuf_set_default_attr
                0x0000000000027abd                uipbuf_clear_attr
                0x0000000000027ae1                uipbuf_set_attr_flag
                0x0000000000027b02                uipbuf_clr_attr_flag
                0x0000000000027b29                uipbuf_is_attr_flag
                0x0000000000027b4d                uipbuf_init
 .text          0x0000000000027b8b      0x73f build/cooja/mtype97.a(uip-icmp6.o)
                0x0000000000027c00                uip_icmp6_input
                0x0000000000027c57                uip_icmp6_register_input_handler
                0x0000000000027daa                uip_icmp6_error_output
                0x000000000002805b                uip_icmp6_send
                0x0000000000028252                uip_icmp6_echo_reply_callback_add
                0x0000000000028284                uip_icmp6_echo_reply_callback_rm
                0x00000000000282a1                uip_icmp6_init
 .text          0x00000000000282ca      0x69b build/cooja/mtype97.a(uip-sr.o)
                0x00000000000282ca                uip_sr_num_nodes
                0x0000000000028358                uip_sr_get_node
                0x00000000000283af                uip_sr_is_addr_reachable
                0x000000000002845d                uip_sr_expire_parent
                0x00000000000284a6                uip_sr_update_node
                0x00000000000285d6                uip_sr_init
                0x000000000002860a                uip_sr_node_head
                0x0000000000028623                uip_sr_node_next
                0x0000000000028639                uip_sr_periodic
                0x000000000002873f                uip_sr_free_all
                0x00000000000287af                uip_sr_link_snprint
 .text          0x0000000000028965      0x146 build/cooja/mtype97.a(uip-packetqueue)
                0x0000000000028993                uip_packetqueue_new
                0x00000000000289a2                uip_packetqueue_alloc
                0x00000000000289fd                uip_packetqueue_free
                0x0000000000028a44                uip_packetqueue_buf
                0x0000000000028a61                uip_packetqueue_buflen
                0x0000000000028a82                uip_packetqueue_set_buflen
 .text          0x0000000000028aab      0x1b0 build/cooja/mtype97.a(rpl-nbr-policy.)
                0x0000000000028c18                rpl_nbr_policy_find_removable
 .text          0x0000000000028c5b      0x915 build/cooja/mtype97.a(rpl-neighbor.o)
                0x0000000000028cd7                rpl_neighbor_snprint
                0x0000000000028f8a                rpl_neighbor_print_list
                0x000000000002903f                rpl_neighbor_count
                0x00000000000290e6                rpl_neighbor_get_from_lladdr
                0x0000000000029102                rpl_neighbor_is_acceptable_parent
                0x0000000000029136                rpl_neighbor_get_link_metric
                0x000000000002916a                rpl_neighbor_rank_via_nbr
                0x000000000002919e                rpl_neighbor_get_lladdr
                0x00000000000291ba                rpl_neighbor_get_ipaddr
                0x00000000000291e1                rpl_neighbor_get_link_stats
                0x0000000000029208                rpl_neighbor_is_fresh
                0x000000000002922f                rpl_neighbor_is_reachable
                0x000000000002927a                rpl_neighbor_is_parent
                0x00000000000292a4                rpl_neighbor_set_preferred_parent
                0x000000000002933b                rpl_neighbor_remove_all
                0x0000000000029397                rpl_neighbor_get_from_ipaddr
                0x00000000000294a5                rpl_neighbor_select_best
                0x0000000000029551                rpl_neighbor_init
 .text          0x0000000000029570      0xe69 build/cooja/mtype97.a(rpl-dag.o)
                0x0000000000029570                rpl_dag_state_to_str
                0x00000000000295af                rpl_dag_get_root_ipaddr
                0x00000000000295f7                rpl_dag_leave
                0x0000000000029680                rpl_dag_poison_and_leave
                0x0000000000029698                rpl_dag_periodic
                0x0000000000029720                rpl_is_addr_in_our_dag
                0x0000000000029764                rpl_get_default_instance
                0x0000000000029780                rpl_get_any_dag
                0x00000000000297d9                rpl_refresh_routes
                0x0000000000029819                rpl_global_repair
                0x00000000000298b2                rpl_local_repair
                0x00000000000298fc                rpl_dag_ready_to_advertise
                0x000000000002993f                rpl_dag_update_state
                0x000000000002a06c                rpl_process_dio
                0x000000000002a0ea                rpl_process_dis
                0x000000000002a12f                rpl_process_dao
                0x000000000002a1be                rpl_process_dao_ack
                0x000000000002a255                rpl_process_hbh
                0x000000000002a2a5                rpl_dag_init_root
                0x000000000002a3b9                rpl_dag_init
 .text          0x000000000002a3d9      0x9e7 build/cooja/mtype97.a(rpl-timers.o)
                0x000000000002a3d9                rpl_timers_schedule_periodic_dis
                0x000000000002a527                rpl_timers_dio_reset
                0x000000000002a635                rpl_timers_schedule_unicast_dio
                0x000000000002a789                rpl_timers_schedule_dao
                0x000000000002a848                rpl_timers_schedule_dao_ack
                0x000000000002a8ce                rpl_timers_notify_dao_ack
                0x000000000002a92c                get_probing_delay
                0x000000000002a960                get_probing_target
                0x000000000002ab4a                rpl_schedule_probing
                0x000000000002ab78                rpl_schedule_probing_now
                0x000000000002abe2                rpl_timers_unschedule_leaving
                0x000000000002ac1a                rpl_timers_schedule_leaving
                0x000000000002ac5b                rpl_timers_init
                0x000000000002aceb                rpl_timers_stop_dag_timers
                0x000000000002ad64                rpl_timers_unschedule_state_update
                0x000000000002ad88                rpl_timers_schedule_state_update
 .text          0x000000000002adc0      0xb8e build/cooja/mtype97.a(rpl-ext-header.)
                0x000000000002adc0                rpl_ext_header_srh_get_next_hop
                0x000000000002aea7                rpl_ext_header_srh_update
                0x000000000002b413                rpl_ext_header_hbh_update
                0x000000000002b713                rpl_ext_header_update
                0x000000000002b79c                rpl_ext_header_remove
 .text          0x000000000002b94e      0x31b build/cooja/mtype97.a(rpl-mrhof.o)
 .text          0x000000000002bc69      0x1d8 build/cooja/mtype97.a(border-router-e)
 *fill*         0x000000000002be41        0xf 
 .text          0x000000000002be50      0x122 /usr/lib/gcc/i686-linux-gnu/5/libgcc.a(_udivdi3.o)
                0x000000000002be50                __udivdi3
 .text          0x000000000002bf72        0x0 /usr/lib/gcc/i686-linux-gnu/5/crtendS.o
 .text          0x000000000002bf72        0x0 /usr/lib/gcc/i686-linux-gnu/5/../../../i386-linux-gnu/crtn.o
 *(.gnu.warning)

.fini           0x000000000002bf74       0x14
 *(SORT(.fini))
 .fini          0x000000000002bf74        0xf /usr/lib/gcc/i686-linux-gnu/5/../../../i386-linux-gnu/crti.o
                0x000000000002bf74                _fini
 .fini          0x000000000002bf83        0x5 /usr/lib/gcc/i686-linux-gnu/5/../../../i386-linux-gnu/crtn.o
                [!provide]                        PROVIDE (__etext, .)
                [!provide]                        PROVIDE (_etext, .)
                [!provide]                        PROVIDE (etext, .)

.rodata         0x000000000002bfa0      0xcca
 *(.rodata .rodata.* .gnu.linkonce.r.*)
 .rodata        0x000000000002bfa0      0x182 client.o
                0x000000000002bfcc                autostart_processes
 *fill*         0x000000000002c122        0x2 
 .rodata        0x000000000002c124        0x8 build/cooja/mtype97.a(beep.o)
                0x000000000002c124                beep_interface
 .rodata        0x000000000002c12c        0xe build/cooja/mtype97.a(leds-arch.o)
                0x000000000002c12c                leds_interface
                0x000000000002c134                leds_arch_leds
 *fill*         0x000000000002c13a        0x2 
 .rodata        0x000000000002c13c        0x8 build/cooja/mtype97.a(moteid.o)
                0x000000000002c13c                moteid_interface
 .rodata        0x000000000002c144       0x1c build/cooja/mtype97.a(pir-sensor.o)
                0x000000000002c144                pir_interface
                0x000000000002c150                pir_sensor
 .rodata        0x000000000002c160        0xe build/cooja/mtype97.a(rs232.o)
                0x000000000002c160                rs232_interface
 *fill*         0x000000000002c16e        0x2 
 .rodata        0x000000000002c170       0x24 build/cooja/mtype97.a(vib-sensor.o)
                0x000000000002c170                vib_interface
                0x000000000002c184                vib_sensor
 .rodata        0x000000000002c194        0x8 build/cooja/mtype97.a(clock.o)
                0x000000000002c194                clock_interface
 .rodata        0x000000000002c19c        0x8 build/cooja/mtype97.a(cooja-log.o)
                0x000000000002c19c                simlog_interface
 .rodata        0x000000000002c1a4       0x2f build/cooja/mtype97.a(cfs-cooja.o)
                0x000000000002c1a4                cfs_interface
 *fill*         0x000000000002c1d3        0xd 
 .rodata        0x000000000002c1e0       0xb8 build/cooja/mtype97.a(cooja-radio.o)
                0x000000000002c1e0                radio_interface
                0x000000000002c260                cooja_radio_driver
 .rodata        0x000000000002c298        0x8 build/cooja/mtype97.a(eeprom.o)
                0x000000000002c298                eeprom_interface
 .rodata        0x000000000002c2a0        0x8 build/cooja/mtype97.a(sensors.o)
 .rodata        0x000000000002c2a8       0x2c build/cooja/mtype97.a(buttons.o)
                0x000000000002c2a8                button_interface
                0x000000000002c2bc                button_hal_button_count
                0x000000000002c2c4                button_sensor
 .rodata        0x000000000002c2d4       0x79 build/cooja/mtype97.a(res-power.o)
 *fill*         0x000000000002c34d        0x3 
 .rodata        0x000000000002c350       0x7a build/cooja/mtype97.a(res-temperature)
 .rodata        0x000000000002c3ca       0x41 build/cooja/mtype97.a(coap-engine.o)
 .rodata        0x000000000002c40b       0x19 build/cooja/mtype97.a(coap-res-well-k)
 .rodata        0x000000000002c424       0x11 build/cooja/mtype97.a(coap-observe.o)
 .rodata        0x000000000002c435       0x35 build/cooja/mtype97.a(coap-uip.o)
 *fill*         0x000000000002c46a        0x2 
 .rodata        0x000000000002c46c      0x1ac build/cooja/mtype97.a(coap.o)
 .rodata        0x000000000002c618       0xf8 build/cooja/mtype97.a(contiki-main.o)
 .rodata        0x000000000002c710        0xf build/cooja/mtype97.a(ctimer.o)
 *fill*         0x000000000002c71f        0x1 
 .rodata        0x000000000002c720       0xc4 build/cooja/mtype97.a(log.o)
 .rodata        0x000000000002c7e4        0xc build/cooja/mtype97.a(etimer.o)
 .rodata        0x000000000002c7f0       0x13 build/cooja/mtype97.a(button-hal.o)
 .rodata        0x000000000002c803        0xe build/cooja/mtype97.a(serial-line.o)
 *fill*         0x000000000002c811        0x3 
 .rodata        0x000000000002c814        0x8 build/cooja/mtype97.a(linkaddr.o)
                0x000000000002c814                linkaddr_null
 .rodata        0x000000000002c81c       0x24 build/cooja/mtype97.a(csma.o)
                0x000000000002c824                csma_driver
 .rodata        0x000000000002c840       0x2a build/cooja/mtype97.a(csma-output.o)
 *fill*         0x000000000002c86a        0x2 
 .rodata        0x000000000002c86c       0x4d build/cooja/mtype97.a(uip-ds6-route.o)
 .rodata        0x000000000002c8b9        0xd build/cooja/mtype97.a(tcpip.o)
 .rodata        0x000000000002c8c6       0x13 build/cooja/mtype97.a(simple-udp.o)
 *fill*         0x000000000002c8d9        0x3 
 .rodata        0x000000000002c8dc       0x30 build/cooja/mtype97.a(sicslowpan.o)
                0x000000000002c8dc                unc_llconf
                0x000000000002c8e0                unc_ctxconf
                0x000000000002c8e4                unc_mxconf
                0x000000000002c8e8                llprefix
                0x000000000002c8fc                sicslowpan_driver
 .rodata        0x000000000002c90c       0x2d build/cooja/mtype97.a(uiplib.o)
 *fill*         0x000000000002c939        0x7 
 .rodata        0x000000000002c940       0x74 build/cooja/mtype97.a(rpl.o)
                0x000000000002c960                rpl_lite_driver
 .rodata        0x000000000002c9b4       0x1c build/cooja/mtype97.a(slip-bridge.o)
                0x000000000002c9c8                rpl_interface
 .rodata        0x000000000002c9d0        0xc build/cooja/mtype97.a(slip.o)
 .rodata        0x000000000002c9dc       0x34 build/cooja/mtype97.a(rpl-border-rout)
 .rodata        0x000000000002ca10       0x20 build/cooja/mtype97.a(coap-timer-defa)
                0x000000000002ca24                coap_timer_default_driver
 .rodata        0x000000000002ca30       0x25 build/cooja/mtype97.a(assert.o)
 *fill*         0x000000000002ca55        0x3 
 .rodata        0x000000000002ca58        0xc build/cooja/mtype97.a(framer-802154.o)
                0x000000000002ca58                framer_802154
 .rodata        0x000000000002ca64       0x44 build/cooja/mtype97.a(uip-sr.o)
 .rodata        0x000000000002caa8       0x58 build/cooja/mtype97.a(rpl-neighbor.o)
 .rodata        0x000000000002cb00       0xdb build/cooja/mtype97.a(rpl-dag.o)
 .rodata        0x000000000002cbdb        0xc build/cooja/mtype97.a(rpl-timers.o)
 .rodata        0x000000000002cbe7       0x83 build/cooja/mtype97.a(border-router-e)

.rodata1
 *(.rodata1)

.eh_frame_hdr   0x000000000002cc6c     0x1abc
 *(.eh_frame_hdr)
 .eh_frame_hdr  0x000000000002cc6c     0x1abc client.o
                0x000000000002cc6c                __GNU_EH_FRAME_HDR
 *(.eh_frame_entry .eh_frame_entry.*)

.eh_frame       0x000000000002e728     0x6c7c
 *(.eh_frame)
 .eh_frame      0x000000000002e728       0x3c /usr/lib/gcc/i686-linux-gnu/5/../../../i386-linux-gnu/crti.o
                                         0x40 (size before relaxing)
 .eh_frame      0x000000000002e764       0xa0 client.o
                                         0xb8 (size before relaxing)
 .eh_frame      0x000000000002e804      0x178 build/cooja/mtype97.o
                                        0x190 (size before relaxing)
 .eh_frame      0x000000000002e97c       0x40 build/cooja/mtype97.a(simEnvChange.o)
                                         0x58 (size before relaxing)
 .eh_frame      0x000000000002e9bc       0x60 build/cooja/mtype97.a(cooja_mt.o)
                                         0x78 (size before relaxing)
 .eh_frame      0x000000000002ea1c       0x80 build/cooja/mtype97.a(cooja_mtarch.o)
                                         0x98 (size before relaxing)
 .eh_frame      0x000000000002ea9c       0xc8 build/cooja/mtype97.a(rtimer-arch.o)
                                         0xe0 (size before relaxing)
 .eh_frame      0x000000000002eb64      0x160 build/cooja/mtype97.a(beep.o)
                                        0x178 (size before relaxing)
 .eh_frame      0x000000000002ecc4       0x80 build/cooja/mtype97.a(leds-arch.o)
                                         0x98 (size before relaxing)
 .eh_frame      0x000000000002ed44       0x40 build/cooja/mtype97.a(moteid.o)
                                         0x58 (size before relaxing)
 .eh_frame      0x000000000002ed84       0xa0 build/cooja/mtype97.a(pir-sensor.o)
                                         0xb8 (size before relaxing)
 .eh_frame      0x000000000002ee24      0x100 build/cooja/mtype97.a(rs232.o)
                                        0x118 (size before relaxing)
 .eh_frame      0x000000000002ef24       0xa0 build/cooja/mtype97.a(vib-sensor.o)
                                         0xb8 (size before relaxing)
 .eh_frame      0x000000000002efc4       0xc0 build/cooja/mtype97.a(clock.o)
                                         0xd8 (size before relaxing)
 .eh_frame      0x000000000002f084      0x120 build/cooja/mtype97.a(cooja-log.o)
                                        0x138 (size before relaxing)
 .eh_frame      0x000000000002f1a4      0x160 build/cooja/mtype97.a(cfs-cooja.o)
                                        0x178 (size before relaxing)
 .eh_frame      0x000000000002f304      0x340 build/cooja/mtype97.a(cooja-radio.o)
                                        0x358 (size before relaxing)
 .eh_frame      0x000000000002f644       0xa0 build/cooja/mtype97.a(eeprom.o)
                                         0xb8 (size before relaxing)
 .eh_frame      0x000000000002f6e4       0x40 build/cooja/mtype97.a(random.o)
                                         0x58 (size before relaxing)
 .eh_frame      0x000000000002f724       0xc0 build/cooja/mtype97.a(sensors.o)
                                         0xd8 (size before relaxing)
 .eh_frame      0x000000000002f7e4      0x120 build/cooja/mtype97.a(leds.o)
                                        0x138 (size before relaxing)
 .eh_frame      0x000000000002f904      0x220 build/cooja/mtype97.a(gpio-hal-arch.o)
                                        0x238 (size before relaxing)
 .eh_frame      0x000000000002fb24       0xa0 build/cooja/mtype97.a(buttons.o)
                                         0xb8 (size before relaxing)
 .eh_frame      0x000000000002fbc4       0x60 build/cooja/mtype97.a(res-power.o)
                                         0x78 (size before relaxing)
 .eh_frame      0x000000000002fc24       0x60 build/cooja/mtype97.a(res-temperature)
                                         0x78 (size before relaxing)
 .eh_frame      0x000000000002fc84       0x44 build/cooja/mtype97.a(coap-blocking-a)
                                         0x5c (size before relaxing)
 .eh_frame      0x000000000002fcc8      0x220 build/cooja/mtype97.a(coap-engine.o)
                                        0x238 (size before relaxing)
 .eh_frame      0x000000000002fee8       0x24 build/cooja/mtype97.a(coap-res-well-k)
                                         0x3c (size before relaxing)
 .eh_frame      0x000000000002ff0c      0x188 build/cooja/mtype97.a(coap-observe.o)
                                        0x1a0 (size before relaxing)
 .eh_frame      0x0000000000030094      0x250 build/cooja/mtype97.a(coap-uip.o)
                                        0x268 (size before relaxing)
 .eh_frame      0x00000000000302e4      0x114 build/cooja/mtype97.a(coap-timer.o)
                                        0x12c (size before relaxing)
 .eh_frame      0x00000000000303f8      0x100 build/cooja/mtype97.a(coap-transactio)
                                        0x118 (size before relaxing)
 .eh_frame      0x00000000000304f8      0x6ec build/cooja/mtype97.a(coap.o)
                                        0x704 (size before relaxing)
 .eh_frame      0x0000000000030be4       0x30 build/cooja/mtype97.a(contiki-main.o)
                                         0x48 (size before relaxing)
 .eh_frame      0x0000000000030c14       0x40 build/cooja/mtype97.a(autostart.o)
                                         0x58 (size before relaxing)
 .eh_frame      0x0000000000030c54      0x100 build/cooja/mtype97.a(ctimer.o)
                                        0x118 (size before relaxing)
 .eh_frame      0x0000000000030d54      0x100 build/cooja/mtype97.a(log.o)
                                        0x118 (size before relaxing)
 .eh_frame      0x0000000000030e54       0x60 build/cooja/mtype97.a(energest.o)
                                         0x78 (size before relaxing)
 .eh_frame      0x0000000000030eb4      0x1e0 build/cooja/mtype97.a(etimer.o)
                                        0x1f8 (size before relaxing)
 .eh_frame      0x0000000000031094       0x20 build/cooja/mtype97.a(node-id.o)
                                         0x38 (size before relaxing)
 .eh_frame      0x00000000000310b4       0x60 build/cooja/mtype97.a(rtimer.o)
                                         0x78 (size before relaxing)
 .eh_frame      0x0000000000031114      0x1c4 build/cooja/mtype97.a(process.o)
                                        0x1dc (size before relaxing)
 .eh_frame      0x00000000000312d8       0xa4 build/cooja/mtype97.a(timer.o)
                                         0xbc (size before relaxing)
 .eh_frame      0x000000000003137c      0x1a0 build/cooja/mtype97.a(list.o)
                                        0x1b8 (size before relaxing)
 .eh_frame      0x000000000003151c       0xa0 build/cooja/mtype97.a(memb.o)
                                         0xb8 (size before relaxing)
 .eh_frame      0x00000000000315bc      0x144 build/cooja/mtype97.a(button-hal.o)
                                        0x15c (size before relaxing)
 .eh_frame      0x0000000000031700       0x60 build/cooja/mtype97.a(serial-line.o)
                                         0x78 (size before relaxing)
 .eh_frame      0x0000000000031760       0xe0 build/cooja/mtype97.a(gpio-hal.o)
                                         0xf8 (size before relaxing)
 .eh_frame      0x0000000000031840      0x1a0 build/cooja/mtype97.a(queuebuf.o)
                                        0x1b8 (size before relaxing)
 .eh_frame      0x00000000000319e0      0x28c build/cooja/mtype97.a(packetbuf.o)
                                        0x2a4 (size before relaxing)
 .eh_frame      0x0000000000031c6c       0x80 build/cooja/mtype97.a(netstack.o)
                                         0x98 (size before relaxing)
 .eh_frame      0x0000000000031cec       0x60 build/cooja/mtype97.a(linkaddr.o)
                                         0x78 (size before relaxing)
 .eh_frame      0x0000000000031d4c       0xe0 build/cooja/mtype97.a(csma.o)
                                         0xf8 (size before relaxing)
 .eh_frame      0x0000000000031e2c      0x1d0 build/cooja/mtype97.a(csma-output.o)
                                        0x1e8 (size before relaxing)
 .eh_frame      0x0000000000031ffc      0x328 build/cooja/mtype97.a(uip-ds6.o)
                                        0x340 (size before relaxing)
 .eh_frame      0x0000000000032324       0x40 build/cooja/mtype97.a(uip-udp-packet.)
                                         0x58 (size before relaxing)
 .eh_frame      0x0000000000032364      0x220 build/cooja/mtype97.a(uip-ds6-route.o)
                                        0x238 (size before relaxing)
 .eh_frame      0x0000000000032584      0x244 build/cooja/mtype97.a(tcpip.o)
                                        0x25c (size before relaxing)
 .eh_frame      0x00000000000327c8      0x1e8 build/cooja/mtype97.a(uip6.o)
                                        0x200 (size before relaxing)
 .eh_frame      0x00000000000329b0      0x1c0 build/cooja/mtype97.a(uip-ds6-nbr.o)
                                        0x1d8 (size before relaxing)
 .eh_frame      0x0000000000032b70       0x84 build/cooja/mtype97.a(uip-nd6.o)
                                         0x9c (size before relaxing)
 .eh_frame      0x0000000000032bf4       0xd4 build/cooja/mtype97.a(simple-udp.o)
                                         0xec (size before relaxing)
 .eh_frame      0x0000000000032cc8      0x2f8 build/cooja/mtype97.a(sicslowpan.o)
                                        0x310 (size before relaxing)
 .eh_frame      0x0000000000032fc0       0x88 build/cooja/mtype97.a(uiplib.o)
                                         0xa0 (size before relaxing)
 .eh_frame      0x0000000000033048      0x1e0 build/cooja/mtype97.a(rpl.o)
                                        0x1f8 (size before relaxing)
 .eh_frame      0x0000000000033228      0x1c4 build/cooja/mtype97.a(rpl-icmp6.o)
                                        0x1dc (size before relaxing)
 .eh_frame      0x00000000000333ec       0xa0 build/cooja/mtype97.a(rpl-dag-root.o)
                                         0xb8 (size before relaxing)
 .eh_frame      0x000000000003348c       0x80 build/cooja/mtype97.a(slip-bridge.o)
                                         0x98 (size before relaxing)
 .eh_frame      0x000000000003350c       0xe0 build/cooja/mtype97.a(slip.o)
                                         0xf8 (size before relaxing)
 .eh_frame      0x00000000000335ec       0xa0 build/cooja/mtype97.a(watchdog.o)
                                         0xb8 (size before relaxing)
 .eh_frame      0x000000000003368c       0x80 build/cooja/mtype97.a(int-master.o)
                                         0x98 (size before relaxing)
 .eh_frame      0x000000000003370c       0x20 build/cooja/mtype97.a(slip-arch.o)
                                         0x38 (size before relaxing)
 .eh_frame      0x000000000003372c       0x60 build/cooja/mtype97.a(rpl-border-rout)
                                         0x78 (size before relaxing)
 .eh_frame      0x000000000003378c       0xa4 build/cooja/mtype97.a(coap-timer-defa)
                                         0xbc (size before relaxing)
 .eh_frame      0x0000000000033830       0xc4 build/cooja/mtype97.a(stimer.o)
                                         0xdc (size before relaxing)
 .eh_frame      0x00000000000338f4       0xa0 build/cooja/mtype97.a(ringbuf.o)
                                         0xb8 (size before relaxing)
 .eh_frame      0x0000000000033994       0x20 build/cooja/mtype97.a(assert.o)
                                         0x38 (size before relaxing)
 .eh_frame      0x00000000000339b4      0x2ac build/cooja/mtype97.a(nbr-table.o)
                                        0x2c4 (size before relaxing)
 .eh_frame      0x0000000000033c60      0x120 build/cooja/mtype97.a(link-stats.o)
                                        0x138 (size before relaxing)
 .eh_frame      0x0000000000033d80       0x48 build/cooja/mtype97.a(mac-sequence.o)
                                         0x60 (size before relaxing)
 .eh_frame      0x0000000000033dc8       0x20 build/cooja/mtype97.a(mac.o)
                                         0x38 (size before relaxing)
 .eh_frame      0x0000000000033de8       0xa4 build/cooja/mtype97.a(framer-802154.o)
                                         0xbc (size before relaxing)
 .eh_frame      0x0000000000033e8c      0x1a4 build/cooja/mtype97.a(frame802154.o)
                                        0x1bc (size before relaxing)
 .eh_frame      0x0000000000034030       0x40 build/cooja/mtype97.a(csma-security.o)
                                         0x58 (size before relaxing)
 .eh_frame      0x0000000000034070      0x200 build/cooja/mtype97.a(uipbuf.o)
                                        0x218 (size before relaxing)
 .eh_frame      0x0000000000034270      0x150 build/cooja/mtype97.a(uip-icmp6.o)
                                        0x168 (size before relaxing)
 .eh_frame      0x00000000000343c0      0x184 build/cooja/mtype97.a(uip-sr.o)
                                        0x19c (size before relaxing)
 .eh_frame      0x0000000000034544       0xe0 build/cooja/mtype97.a(uip-packetqueue)
                                         0xf8 (size before relaxing)
 .eh_frame      0x0000000000034624       0x80 build/cooja/mtype97.a(rpl-nbr-policy.)
                                         0x98 (size before relaxing)
 .eh_frame      0x00000000000346a4      0x2d4 build/cooja/mtype97.a(rpl-neighbor.o)
                                        0x2ec (size before relaxing)
 .eh_frame      0x0000000000034978      0x370 build/cooja/mtype97.a(rpl-dag.o)
                                        0x388 (size before relaxing)
 .eh_frame      0x0000000000034ce8      0x3a8 build/cooja/mtype97.a(rpl-timers.o)
                                        0x3c0 (size before relaxing)
 .eh_frame      0x0000000000035090      0x124 build/cooja/mtype97.a(rpl-ext-header.)
                                        0x13c (size before relaxing)
 .eh_frame      0x00000000000351b4      0x148 build/cooja/mtype97.a(rpl-mrhof.o)
                                        0x160 (size before relaxing)
 .eh_frame      0x00000000000352fc       0x20 build/cooja/mtype97.a(border-router-e)
                                         0x38 (size before relaxing)
 .eh_frame      0x000000000003531c       0x84 /usr/lib/gcc/i686-linux-gnu/5/libgcc.a(_udivdi3.o)
                                         0x9c (size before relaxing)
 .eh_frame      0x00000000000353a0        0x4 /usr/lib/gcc/i686-linux-gnu/5/crtendS.o
 *(.eh_frame.*)

.gcc_except_table
 *(.gcc_except_table .gcc_except_table.*)

.gnu_extab
 *(.gnu_extab*)

.exception_ranges
 *(.exception_ranges .exception_ranges*)
                0x0000000000036f10                . = DATA_SEGMENT_ALIGN (0x1000, 0x1000)

.eh_frame
 *(.eh_frame)
 *(.eh_frame.*)

.gnu_extab
 *(.gnu_extab)

.gcc_except_table
 *(.gcc_except_table .gcc_except_table.*)

.exception_ranges
 *(.exception_ranges .exception_ranges*)

.tdata
 *(.tdata .tdata.* .gnu.linkonce.td.*)

.tbss
 *(.tbss .tbss.* .gnu.linkonce.tb.*)
 *(.tcommon)

.preinit_array
 *(.preinit_array)

.init_array     0x0000000000036f10        0x4
 *(SORT(.init_array.*) SORT(.ctors.*))
 *(.init_array EXCLUDE_FILE(*crtend?.o *crtend.o *crtbegin?.o *crtbegin.o) .ctors)
 .init_array    0x0000000000036f10        0x4 /usr/lib/gcc/i686-linux-gnu/5/crtbeginS.o

.fini_array     0x0000000000036f14        0x4
 *(SORT(.fini_array.*) SORT(.dtors.*))
 *(.fini_array EXCLUDE_FILE(*crtend?.o *crtend.o *crtbegin?.o *crtbegin.o) .dtors)
 .fini_array    0x0000000000036f14        0x4 /usr/lib/gcc/i686-linux-gnu/5/crtbeginS.o

.ctors
 *crtbegin.o(.ctors)
 *crtbegin?.o(.ctors)
 *(EXCLUDE_FILE(*crtend?.o *crtend.o) .ctors)
 *(SORT(.ctors.*))
 *(.ctors)

.dtors
 *crtbegin.o(.dtors)
 *crtbegin?.o(.dtors)
 *(EXCLUDE_FILE(*crtend?.o *crtend.o) .dtors)
 *(SORT(.dtors.*))
 *(.dtors)

.jcr            0x0000000000036f18        0x4
 *(.jcr)
 .jcr           0x0000000000036f18        0x0 /usr/lib/gcc/i686-linux-gnu/5/crtbeginS.o
 .jcr           0x0000000000036f18        0x4 /usr/lib/gcc/i686-linux-gnu/5/crtendS.o

.data.rel.ro
 *(.data.rel.ro.local* .gnu.linkonce.d.rel.ro.local.*)
 *(.data.rel.ro .data.rel.ro.* .gnu.linkonce.d.rel.ro.*)

.dynamic        0x0000000000036f1c       0xd0
 *(.dynamic)
 .dynamic       0x0000000000036f1c       0xd0 /usr/lib/gcc/i686-linux-gnu/5/../../../i386-linux-gnu/crti.o
                0x0000000000036f1c                _DYNAMIC

.got            0x0000000000036fec       0x14
 *(.got)
 .got           0x0000000000036fec       0x14 /usr/lib/gcc/i686-linux-gnu/5/../../../i386-linux-gnu/crti.o
 *(.igot)
                0x0000000000037ff4                . = DATA_SEGMENT_RELRO_END (., (SIZEOF (.got.plt) >= 0xc)?0xc:0x0)

.got.plt        0x0000000000037000        0xc
 *(.got.plt)
 .got.plt       0x0000000000037000        0xc /usr/lib/gcc/i686-linux-gnu/5/../../../i386-linux-gnu/crti.o
                0x0000000000037000                _GLOBAL_OFFSET_TABLE_
 *(.igot.plt)

.data           0x0000000000037020      0x5d4
 *(.data .data.* .gnu.linkonce.d.*)
 .data          0x0000000000037020        0x0 /usr/lib/gcc/i686-linux-gnu/5/../../../i386-linux-gnu/crti.o
 .data          0x0000000000037020        0x0 /usr/lib/gcc/i686-linux-gnu/5/crtbeginS.o
 .data.rel.local
                0x0000000000037020        0x4 /usr/lib/gcc/i686-linux-gnu/5/crtbeginS.o
                0x0000000000037020                __dso_handle
 .data          0x0000000000037024       0x34 client.o
                0x0000000000037024                service_url
                0x0000000000037028                udp_client
                0x0000000000037038                coap_client
                0x0000000000037048                coap_server
 *fill*         0x0000000000037058        0x8 
 .data          0x0000000000037060       0x44 build/cooja/mtype97.o
                0x0000000000037060                simInterfaces
                0x0000000000037094                sensors
 .data          0x00000000000370a4        0x0 build/cooja/mtype97.a(simEnvChange.o)
 .data          0x00000000000370a4        0x0 build/cooja/mtype97.a(cooja_mt.o)
 .data          0x00000000000370a4        0x0 build/cooja/mtype97.a(cooja_mtarch.o)
 .data          0x00000000000370a4        0x0 build/cooja/mtype97.a(rtimer-arch.o)
 .data          0x00000000000370a4        0x0 build/cooja/mtype97.a(beep.o)
 .data          0x00000000000370a4        0x0 build/cooja/mtype97.a(leds-arch.o)
 .data          0x00000000000370a4        0x0 build/cooja/mtype97.a(moteid.o)
 .data          0x00000000000370a4        0x0 build/cooja/mtype97.a(pir-sensor.o)
 .data          0x00000000000370a4        0x0 build/cooja/mtype97.a(rs232.o)
 .data          0x00000000000370a4        0x0 build/cooja/mtype97.a(vib-sensor.o)
 .data          0x00000000000370a4        0x0 build/cooja/mtype97.a(clock.o)
 .data          0x00000000000370a4        0x0 build/cooja/mtype97.a(cooja-log.o)
 .data          0x00000000000370a4        0x0 build/cooja/mtype97.a(cfs-cooja.o)
 .data          0x00000000000370a4       0x2c build/cooja/mtype97.a(cooja-radio.o)
                0x00000000000370a4                simRadioHWOn
                0x00000000000370a8                simSignalStrength
                0x00000000000370ac                simLastSignalStrength
                0x00000000000370b0                simPower
                0x00000000000370b4                simRadioChannel
                0x00000000000370b8                simLQI
                0x00000000000370c0                cooja_radio_process
 .data          0x00000000000370d0        0x0 build/cooja/mtype97.a(eeprom.o)
 .data          0x00000000000370d0        0x0 build/cooja/mtype97.a(random.o)
 .data          0x00000000000370d0       0x10 build/cooja/mtype97.a(sensors.o)
                0x00000000000370d0                sensors_process
 .data          0x00000000000370e0        0x0 build/cooja/mtype97.a(leds.o)
 .data          0x00000000000370e0        0x0 build/cooja/mtype97.a(gpio-hal-arch.o)
 .data          0x00000000000370e0       0x78 build/cooja/mtype97.a(buttons.o)
                0x00000000000370e0                simButtonIsActive
                0x0000000000037150                button_hal_buttons
 *fill*         0x0000000000037158        0x8 
 .data          0x0000000000037160       0xa4 build/cooja/mtype97.a(res-power.o)
                0x00000000000371e0                res_power
 *fill*         0x0000000000037204       0x1c 
 .data          0x0000000000037220       0xa4 build/cooja/mtype97.a(res-temperature)
                0x00000000000372a0                res_temperature
 .data          0x00000000000372c4        0x0 build/cooja/mtype97.a(coap-blocking-a)
 .data          0x00000000000372c4        0x8 build/cooja/mtype97.a(coap-engine.o)
 *fill*         0x00000000000372cc       0x14 
 .data          0x00000000000372e0       0x24 build/cooja/mtype97.a(coap-res-well-k)
                0x00000000000372e0                res_well_known_core
 .data          0x0000000000037304       0x10 build/cooja/mtype97.a(coap-observe.o)
 .data          0x0000000000037314       0x10 build/cooja/mtype97.a(coap-uip.o)
                0x0000000000037314                coap_engine
 .data          0x0000000000037324        0x4 build/cooja/mtype97.a(coap-timer.o)
 .data          0x0000000000037328       0x10 build/cooja/mtype97.a(coap-transactio)
 .data          0x0000000000037338        0x4 build/cooja/mtype97.a(coap.o)
                0x0000000000037338                coap_error_message
 .data          0x000000000003733c        0x0 build/cooja/mtype97.a(contiki-main.o)
 .data          0x000000000003733c        0x0 build/cooja/mtype97.a(autostart.o)
 .data          0x000000000003733c       0x14 build/cooja/mtype97.a(ctimer.o)
                0x0000000000037340                ctimer_process
 *fill*         0x0000000000037350       0x10 
 .data          0x0000000000037360       0xbc build/cooja/mtype97.a(log.o)
                0x0000000000037360                curr_log_level_main
                0x0000000000037380                all_modules
 .data          0x000000000003741c        0x0 build/cooja/mtype97.a(energest.o)
 .data          0x000000000003741c       0x10 build/cooja/mtype97.a(etimer.o)
                0x000000000003741c                etimer_process
 .data          0x000000000003742c        0x0 build/cooja/mtype97.a(node-id.o)
 .data          0x000000000003742c        0x0 build/cooja/mtype97.a(rtimer.o)
 .data          0x000000000003742c        0x0 build/cooja/mtype97.a(process.o)
 .data          0x000000000003742c        0x0 build/cooja/mtype97.a(timer.o)
 .data          0x000000000003742c        0x0 build/cooja/mtype97.a(list.o)
 .data          0x000000000003742c        0x0 build/cooja/mtype97.a(memb.o)
 .data          0x000000000003742c       0x10 build/cooja/mtype97.a(button-hal.o)
                0x000000000003742c                button_hal_process
 .data          0x000000000003743c       0x10 build/cooja/mtype97.a(serial-line.o)
                0x000000000003743c                serial_line_process
 .data          0x000000000003744c        0x4 build/cooja/mtype97.a(gpio-hal.o)
 .data          0x0000000000037450       0x18 build/cooja/mtype97.a(queuebuf.o)
 .data          0x0000000000037468        0x4 build/cooja/mtype97.a(packetbuf.o)
 .data          0x000000000003746c        0x4 build/cooja/mtype97.a(netstack.o)
 .data          0x0000000000037470        0x0 build/cooja/mtype97.a(linkaddr.o)
 .data          0x0000000000037470        0x0 build/cooja/mtype97.a(csma.o)
 .data          0x0000000000037470       0x28 build/cooja/mtype97.a(csma-output.o)
 .data          0x0000000000037498        0x0 build/cooja/mtype97.a(uip-ds6.o)
 .data          0x0000000000037498        0x0 build/cooja/mtype97.a(uip-udp-packet.)
 .data          0x0000000000037498       0x10 build/cooja/mtype97.a(uip-ds6-route.o)
 .data          0x00000000000374a8       0x10 build/cooja/mtype97.a(tcpip.o)
                0x00000000000374a8                tcpip_process
 .data          0x00000000000374b8        0x0 build/cooja/mtype97.a(uip6.o)
 .data          0x00000000000374b8       0x14 build/cooja/mtype97.a(uip-ds6-nbr.o)
 .data          0x00000000000374cc        0xc build/cooja/mtype97.a(uip-nd6.o)
 .data          0x00000000000374d8       0x10 build/cooja/mtype97.a(simple-udp.o)
                0x00000000000374d8                simple_udp_process
 .data          0x00000000000374e8        0x0 build/cooja/mtype97.a(sicslowpan.o)
 .data          0x00000000000374e8        0x0 build/cooja/mtype97.a(uiplib.o)
 .data          0x00000000000374e8        0x0 build/cooja/mtype97.a(rpl.o)
 .data          0x00000000000374e8       0x30 build/cooja/mtype97.a(rpl-icmp6.o)
 .data          0x0000000000037518        0x0 build/cooja/mtype97.a(rpl-dag-root.o)
 .data          0x0000000000037518        0x0 build/cooja/mtype97.a(slip-bridge.o)
 .data          0x0000000000037518       0x10 build/cooja/mtype97.a(slip.o)
                0x0000000000037518                slip_process
 .data          0x0000000000037528        0x0 build/cooja/mtype97.a(watchdog.o)
 .data          0x0000000000037528        0x0 build/cooja/mtype97.a(int-master.o)
 .data          0x0000000000037528        0x0 build/cooja/mtype97.a(slip-arch.o)
 .data          0x0000000000037528        0x0 build/cooja/mtype97.a(rpl-border-rout)
 .data          0x0000000000037528       0x10 build/cooja/mtype97.a(coap-timer-defa)
                0x0000000000037528                coap_timer_process
 .data          0x0000000000037538        0x0 build/cooja/mtype97.a(stimer.o)
 .data          0x0000000000037538        0x0 build/cooja/mtype97.a(ringbuf.o)
 .data          0x0000000000037538        0x0 build/cooja/mtype97.a(assert.o)
 .data          0x0000000000037538       0x10 build/cooja/mtype97.a(nbr-table.o)
 .data          0x0000000000037548       0x14 build/cooja/mtype97.a(link-stats.o)
 .data          0x000000000003755c        0x0 build/cooja/mtype97.a(mac-sequence.o)
 .data          0x000000000003755c        0x0 build/cooja/mtype97.a(mac.o)
 .data          0x000000000003755c        0x0 build/cooja/mtype97.a(framer-802154.o)
 .data          0x000000000003755c        0x2 build/cooja/mtype97.a(frame802154.o)
 .data          0x000000000003755e        0x0 build/cooja/mtype97.a(csma-security.o)
 .data          0x000000000003755e        0x0 build/cooja/mtype97.a(uipbuf.o)
 *fill*         0x000000000003755e        0x2 
 .data          0x0000000000037560       0x20 build/cooja/mtype97.a(uip-icmp6.o)
 .data          0x0000000000037580       0x10 build/cooja/mtype97.a(uip-sr.o)
 .data          0x0000000000037590        0xc build/cooja/mtype97.a(uip-packetqueue)
 .data          0x000000000003759c        0x0 build/cooja/mtype97.a(rpl-nbr-policy.)
 .data          0x000000000003759c       0x14 build/cooja/mtype97.a(rpl-neighbor.o)
                0x00000000000375ac                rpl_neighbors
 .data          0x00000000000375b0        0x0 build/cooja/mtype97.a(rpl-dag.o)
 .data          0x00000000000375b0        0x0 build/cooja/mtype97.a(rpl-timers.o)
 .data          0x00000000000375b0        0x0 build/cooja/mtype97.a(rpl-ext-header.)
 *fill*         0x00000000000375b0       0x10 
 .data          0x00000000000375c0       0x24 build/cooja/mtype97.a(rpl-mrhof.o)
                0x00000000000375c0                rpl_mrhof
 .data          0x00000000000375e4       0x10 build/cooja/mtype97.a(border-router-e)
                0x00000000000375e4                border_router_process
 .data          0x00000000000375f4        0x0 /usr/lib/gcc/i686-linux-gnu/5/libgcc.a(_udivdi3.o)
 .data          0x00000000000375f4        0x0 /usr/lib/gcc/i686-linux-gnu/5/crtendS.o
 .data          0x00000000000375f4        0x0 /usr/lib/gcc/i686-linux-gnu/5/../../../i386-linux-gnu/crtn.o

.tm_clone_table
                0x00000000000375f4        0x0
 .tm_clone_table
                0x00000000000375f4        0x0 /usr/lib/gcc/i686-linux-gnu/5/crtbeginS.o
 .tm_clone_table
                0x00000000000375f4        0x0 /usr/lib/gcc/i686-linux-gnu/5/crtendS.o

.data1
 *(.data1)
                0x00000000000375f4                _edata = .
                [!provide]                        PROVIDE (edata, .)
                0x00000000000375f4                . = .
                0x00000000000375f4                __bss_start = .

.bss            0x0000000000037600    0x14a24
 *(.dynbss)
 .dynbss        0x0000000000037600        0x0 /usr/lib/gcc/i686-linux-gnu/5/../../../i386-linux-gnu/crti.o
 *(.bss .bss.* .gnu.linkonce.b.*)
 .bss           0x0000000000037600        0x0 /usr/lib/gcc/i686-linux-gnu/5/../../../i386-linux-gnu/crti.o
 .bss           0x0000000000037600        0x1 /usr/lib/gcc/i686-linux-gnu/5/crtbeginS.o
 *fill*         0x0000000000037601       0x1f 
 .bss           0x0000000000037620      0x16c client.o
                0x0000000000037620                rpl_add
 *fill*         0x000000000003778c       0x14 
 .bss           0x00000000000377a0     0x2030 build/cooja/mtype97.o
 .bss           0x00000000000397d0        0x1 build/cooja/mtype97.a(simEnvChange.o)
                0x00000000000397d0                simDontFallAsleep
 *fill*         0x00000000000397d1        0x3 
 .bss           0x00000000000397d4        0x4 build/cooja/mtype97.a(cooja_mt.o)
 .bss           0x00000000000397d8        0x4 build/cooja/mtype97.a(cooja_mtarch.o)
 .bss           0x00000000000397dc        0x0 build/cooja/mtype97.a(rtimer-arch.o)
 .bss           0x00000000000397dc        0x0 build/cooja/mtype97.a(beep.o)
 .bss           0x00000000000397dc        0x1 build/cooja/mtype97.a(leds-arch.o)
                0x00000000000397dc                simLedsValue
 .bss           0x00000000000397dd        0x0 build/cooja/mtype97.a(moteid.o)
 .bss           0x00000000000397dd        0x1 build/cooja/mtype97.a(pir-sensor.o)
                0x00000000000397dd                simPirValue
 *fill*         0x00000000000397de        0x2 
 .bss           0x00000000000397e0        0x4 build/cooja/mtype97.a(rs232.o)
 .bss           0x00000000000397e4        0x1 build/cooja/mtype97.a(vib-sensor.o)
                0x00000000000397e4                simVibValue
 .bss           0x00000000000397e5        0x0 build/cooja/mtype97.a(clock.o)
 *fill*         0x00000000000397e5       0x1b 
 .bss           0x0000000000039800     0x2020 build/cooja/mtype97.a(cooja-log.o)
 .bss           0x000000000003b820      0xfc0 build/cooja/mtype97.a(cfs-cooja.o)
                0x000000000003b820                simCFSData
                0x000000000003c7c0                simCFSSize
                0x000000000003c7c4                simCFSChanged
                0x000000000003c7c8                simCFSRead
                0x000000000003c7cc                simCFSWritten
 .bss           0x000000000003c7e0       0x24 build/cooja/mtype97.a(cooja-radio.o)
                0x000000000003c7e0                simReceiving
                0x000000000003c7e4                simInSize
                0x000000000003c7e8                simLastPacketTimestamp
                0x000000000003c7f0                simOutSize
 .bss           0x000000000003c804        0xc build/cooja/mtype97.a(eeprom.o)
                0x000000000003c804                simEEPROMChanged
                0x000000000003c808                simEEPROMRead
                0x000000000003c80c                simEEPROMWritten
 .bss           0x000000000003c810        0x0 build/cooja/mtype97.a(random.o)
 .bss           0x000000000003c810        0xc build/cooja/mtype97.a(sensors.o)
 .bss           0x000000000003c81c        0x0 build/cooja/mtype97.a(leds.o)
 .bss           0x000000000003c81c       0x24 build/cooja/mtype97.a(gpio-hal-arch.o)
 .bss           0x000000000003c840        0x0 build/cooja/mtype97.a(buttons.o)
 .bss           0x000000000003c840        0x0 build/cooja/mtype97.a(res-power.o)
 .bss           0x000000000003c840        0x0 build/cooja/mtype97.a(res-temperature)
 .bss           0x000000000003c840        0x0 build/cooja/mtype97.a(coap-blocking-a)
 .bss           0x000000000003c840      0x190 build/cooja/mtype97.a(coap-engine.o)
 .bss           0x000000000003c9d0        0x0 build/cooja/mtype97.a(coap-res-well-k)
 *fill*         0x000000000003c9d0       0x10 
 .bss           0x000000000003c9e0      0x120 build/cooja/mtype97.a(coap-observe.o)
 .bss           0x000000000003cb00       0x18 build/cooja/mtype97.a(coap-uip.o)
 .bss           0x000000000003cb18        0x5 build/cooja/mtype97.a(coap-timer.o)
 *fill*         0x000000000003cb1d        0x3 
 .bss           0x000000000003cb20      0x334 build/cooja/mtype97.a(coap-transactio)
 .bss           0x000000000003ce54        0x6 build/cooja/mtype97.a(coap.o)
                0x000000000003ce54                coap_status_code
 .bss           0x000000000003ce5a        0x0 build/cooja/mtype97.a(contiki-main.o)
 .bss           0x000000000003ce5a        0x0 build/cooja/mtype97.a(autostart.o)
 *fill*         0x000000000003ce5a        0x2 
 .bss           0x000000000003ce5c        0x5 build/cooja/mtype97.a(ctimer.o)
 *fill*         0x000000000003ce61        0x3 
 .bss           0x000000000003ce64       0x2c build/cooja/mtype97.a(log.o)
                0x000000000003ce64                curr_log_level_rpl