Archive member included to satisfy reference by file (symbol)

build/cooja/mtype577.a(simEnvChange.o)
                              build/cooja/mtype577.o (simDontFallAsleep)
build/cooja/mtype577.a(cooja_mt.o)
                              build/cooja/mtype577.o (cooja_mt_start)
build/cooja/mtype577.a(cooja_mtarch.o)
                              build/cooja/mtype577.a(cooja_mt.o) (cooja_mtarch_start)
build/cooja/mtype577.a(rtimer-arch.o)
                              build/cooja/mtype577.o (rtimer_arch_check)
build/cooja/mtype577.a(beep.o)
                              build/cooja/mtype577.o (beep_interface)
build/cooja/mtype577.a(leds-arch.o)
                              build/cooja/mtype577.o (leds_interface)
build/cooja/mtype577.a(moteid.o)
                              build/cooja/mtype577.o (moteid_interface)
build/cooja/mtype577.a(pir-sensor.o)
                              build/cooja/mtype577.o (pir_interface)
build/cooja/mtype577.a(rs232.o)
                              build/cooja/mtype577.o (rs232_interface)
build/cooja/mtype577.a(vib-sensor.o)
                              build/cooja/mtype577.o (vib_interface)
build/cooja/mtype577.a(clock.o)
                              build/cooja/mtype577.o (clock_interface)
build/cooja/mtype577.a(cooja-log.o)
                              build/cooja/mtype577.o (simlog_interface)
build/cooja/mtype577.a(cfs-cooja.o)
                              build/cooja/mtype577.o (cfs_interface)
build/cooja/mtype577.a(cooja-radio.o)
                              build/cooja/mtype577.o (radio_interface)
build/cooja/mtype577.a(eeprom.o)
                              build/cooja/mtype577.o (eeprom_interface)
build/cooja/mtype577.a(random.o)
                              build/cooja/mtype577.a(moteid.o) (random_init)
build/cooja/mtype577.a(sensors.o)
                              build/cooja/mtype577.a(pir-sensor.o) (sensors_changed)
build/cooja/mtype577.a(leds.o)
                              build/cooja/mtype577.a(leds-arch.o) (leds_get)
build/cooja/mtype577.a(gpio-hal-arch.o)
                              build/cooja/mtype577.a(leds-arch.o) (gpio_hal_arch_register_pin_callback)
build/cooja/mtype577.a(buttons.o)
                              build/cooja/mtype577.o (button_interface)
build/cooja/mtype577.a(res_temperature)
                              client.o (res_temperature)
build/cooja/mtype577.a(coap-blocking-a)
                              client.o (coap_blocking_request)
build/cooja/mtype577.a(coap-engine.o)
                              client.o (coap_activate_resource)
build/cooja/mtype577.a(coap-res-well-k)
                              build/cooja/mtype577.a(coap-engine.o) (res_well_known_core)
build/cooja/mtype577.a(coap-observe.o)
                              build/cooja/mtype577.a(coap-engine.o) (coap_remove_observer_by_mid)
build/cooja/mtype577.a(coap-uip.o)
                              build/cooja/mtype577.a(coap-observe.o) (coap_endpoint_copy)
build/cooja/mtype577.a(coap-timer.o)
                              build/cooja/mtype577.a(coap-engine.o) (coap_timer_set)
build/cooja/mtype577.a(coap-transactio)
                              build/cooja/mtype577.a(coap-blocking-a) (coap_send_transaction)
build/cooja/mtype577.a(coap.o)
                              build/cooja/mtype577.a(coap-engine.o) (coap_status_code)
build/cooja/mtype577.a(contiki-main.o)
                              build/cooja/mtype577.o (main)
build/cooja/mtype577.a(autostart.o)
                              build/cooja/mtype577.a(contiki-main.o) (autostart_start)
build/cooja/mtype577.a(ctimer.o)
                              build/cooja/mtype577.a(contiki-main.o) (ctimer_init)
build/cooja/mtype577.a(log.o)
                              build/cooja/mtype577.a(contiki-main.o) (curr_log_level_main)
build/cooja/mtype577.a(energest.o)
                              build/cooja/mtype577.a(contiki-main.o) (energest_init)
build/cooja/mtype577.a(etimer.o)
                              build/cooja/mtype577.a(contiki-main.o) (etimer_process)
build/cooja/mtype577.a(node-id.o)
                              build/cooja/mtype577.a(contiki-main.o) (node_id)
build/cooja/mtype577.a(rtimer.o)
                              build/cooja/mtype577.a(contiki-main.o) (rtimer_init)
build/cooja/mtype577.a(process.o)
                              build/cooja/mtype577.a(coap-blocking-a) (process_current)
build/cooja/mtype577.a(timer.o)
                              build/cooja/mtype577.a(etimer.o) (timer_set)
build/cooja/mtype577.a(list.o)
                              build/cooja/mtype577.a(coap-engine.o) (list_init)
build/cooja/mtype577.a(memb.o)
                              build/cooja/mtype577.a(coap-observe.o) (memb_alloc)
build/cooja/mtype577.a(button-hal.o)
                              build/cooja/mtype577.o (button_hal_init)
build/cooja/mtype577.a(serial-line.o)
                              build/cooja/mtype577.a(rs232.o) (serial_line_input_byte)
build/cooja/mtype577.a(gpio-hal.o)
[...]
Memory Configuration

Name             Origin             Length             Attributes
*default*        0x0000000000000000 0xffffffffffffffff

Linker script and memory map

LOAD /usr/lib/gcc/i686-linux-gnu/5/../../../i386-linux-gnu/crti.o
LOAD /usr/lib/gcc/i686-linux-gnu/5/crtbeginS.o
LOAD client.o
LOAD build/cooja/mtype577.o
LOAD build/cooja/mtype577.a
LOAD /usr/lib/gcc/i686-linux-gnu/5/libgcc.a
LOAD /usr/lib/gcc/i686-linux-gnu/5/libgcc_s.so
LOAD /usr/lib/gcc/i686-linux-gnu/5/../../../i386-linux-gnu/libc.so
START GROUP
LOAD /lib/i386-linux-gnu/libc.so.6
LOAD /usr/lib/i386-linux-gnu/libc_nonshared.a
LOAD /lib/i386-linux-gnu/ld-linux.so.2
END GROUP
LOAD /usr/lib/gcc/i686-linux-gnu/5/libgcc.a
LOAD /usr/lib/gcc/i686-linux-gnu/5/libgcc_s.so
LOAD /usr/lib/gcc/i686-linux-gnu/5/crtendS.o
LOAD /usr/lib/gcc/i686-linux-gnu/5/../../../i386-linux-gnu/crtn.o
                0x0000000000000114                . = (0x0 + SIZEOF_HEADERS)

.note.gnu.build-id
                0x0000000000000114       0x24
 *(.note.gnu.build-id)
 .note.gnu.build-id
                0x0000000000000114       0x24 /usr/lib/gcc/i686-linux-gnu/5/../../../i386-linux-gnu/crti.o

.hash
 *(.hash)

.gnu.hash       0x0000000000000138     0x15ac
 *(.gnu.hash)
 .gnu.hash      0x0000000000000138     0x15ac /usr/lib/gcc/i686-linux-gnu/5/../../../i386-linux-gnu/crti.o

.dynsym         0x00000000000016e4     0x2f70
 *(.dynsym)
 .dynsym        0x00000000000016e4     0x2f70 /usr/lib/gcc/i686-linux-gnu/5/../../../i386-linux-gnu/crti.o

.dynstr         0x0000000000004654     0x3713
 *(.dynstr)
 .dynstr        0x0000000000004654     0x3713 /usr/lib/gcc/i686-linux-gnu/5/../../../i386-linux-gnu/crti.o

.gnu.version    0x0000000000007d68      0x5ee
 *(.gnu.version)
 .gnu.version   0x0000000000007d68      0x5ee /usr/lib/gcc/i686-linux-gnu/5/../../../i386-linux-gnu/crti.o

.gnu.version_d  0x0000000000008358        0x0
 *(.gnu.version_d)
 .gnu.version_d
                0x0000000000008358        0x0 /usr/lib/gcc/i686-linux-gnu/5/../../../i386-linux-gnu/crti.o

.gnu.version_r  0x0000000000008358       0x40
 *(.gnu.version_r)
 .gnu.version_r
                0x0000000000008358       0x40 /usr/lib/gcc/i686-linux-gnu/5/../../../i386-linux-gnu/crti.o

.rel.dyn        0x0000000000008398     0x92d0
 *(.rel.init)
 .rel.init      0x0000000000008398        0x0 /usr/lib/gcc/i686-linux-gnu/5/../../../i386-linux-gnu/crti.o
 *(.rel.text .rel.text.* .rel.gnu.linkonce.t.*)
 .rel.text      0x0000000000008398     0x88d8 /usr/lib/gcc/i686-linux-gnu/5/../../../i386-linux-gnu/crti.o
 *(.rel.fini)
 .rel.fini      0x0000000000010c70        0x0 /usr/lib/gcc/i686-linux-gnu/5/../../../i386-linux-gnu/crti.o
 *(.rel.rodata .rel.rodata.* .rel.gnu.linkonce.r.*)
 .rel.rodata    0x0000000000010c70      0x598 /usr/lib/gcc/i686-linux-gnu/5/../../../i386-linux-gnu/crti.o
 *(.rel.data.rel.ro .rel.data.rel.ro.* .rel.gnu.linkonce.d.rel.ro.*)
 *(.rel.data .rel.data.* .rel.gnu.linkonce.d.*)
 .rel.data.rel.local
                0x0000000000011208        0x8 /usr/lib/gcc/i686-linux-gnu/5/../../../i386-linux-gnu/crti.o
 .rel.data      0x0000000000011210      0x420 /usr/lib/gcc/i686-linux-gnu/5/../../../i386-linux-gnu/crti.o
 *(.rel.tdata .rel.tdata.* .rel.gnu.linkonce.td.*)
 *(.rel.tbss .rel.tbss.* .rel.gnu.linkonce.tb.*)
 *(.rel.ctors)
 *(.rel.dtors)
 *(.rel.got)
 .rel.got       0x0000000000011630       0x28 /usr/lib/gcc/i686-linux-gnu/5/../../../i386-linux-gnu/crti.o
 *(.rel.bss .rel.bss.* .rel.gnu.linkonce.b.*)
 *(.rel.ifunc)
 .rel.ifunc     0x0000000000011658        0x0 /usr/lib/gcc/i686-linux-gnu/5/../../../i386-linux-gnu/crti.o
 .rel.fini_array
                0x0000000000011658        0x8 /usr/lib/gcc/i686-linux-gnu/5/../../../i386-linux-gnu/crti.o
 .rel.init_array
                0x0000000000011660        0x8 /usr/lib/gcc/i686-linux-gnu/5/../../../i386-linux-gnu/crti.o

.rel.plt        0x0000000000011668        0x0
 *(.rel.plt)
 .rel.plt       0x0000000000011668        0x0 /usr/lib/gcc/i686-linux-gnu/5/../../../i386-linux-gnu/crti.o
 *(.rel.iplt)

.init           0x0000000000011668       0x23
 *(SORT(.init))
 .init          0x0000000000011668       0x1e /usr/lib/gcc/i686-linux-gnu/5/../../../i386-linux-gnu/crti.o
                0x0000000000011668                _init
 .init          0x0000000000011686        0x5 /usr/lib/gcc/i686-linux-gnu/5/../../../i386-linux-gnu/crtn.o

.plt            0x0000000000011690       0x10
 *(.plt)
 .plt           0x0000000000011690       0x10 /usr/lib/gcc/i686-linux-gnu/5/../../../i386-linux-gnu/crti.o
 *(.iplt)

.plt.got        0x00000000000116a0       0x10
 *(.plt.got)
 .plt.got       0x00000000000116a0       0x10 /usr/lib/gcc/i686-linux-gnu/5/../../../i386-linux-gnu/crti.o

.text           0x00000000000116b0    0x18ea2
 *(.text.unlikely .text.*_unlikely .text.unlikely.*)
 .text.unlikely
                0x00000000000116b0        0x0 /usr/lib/gcc/i686-linux-gnu/5/crtbeginS.o
 .text.unlikely
                0x00000000000116b0        0x0 /usr/lib/gcc/i686-linux-gnu/5/libgcc.a(_udivdi3.o)
 *(.text.exit .text.exit.*)
 *(.text.startup .text.startup.*)
 *(.text.hot .text.hot.*)
 *(.text .stub .text.* .gnu.linkonce.t.*)
 .text          0x00000000000116b0        0x0 /usr/lib/gcc/i686-linux-gnu/5/../../../i386-linux-gnu/crti.o
 .gnu.linkonce.t.__x86.get_pc_thunk.bx
                0x00000000000116b0        0x4 /usr/lib/gcc/i686-linux-gnu/5/../../../i386-linux-gnu/crti.o
                0x00000000000116b0                __x86.get_pc_thunk.bx
 *fill*         0x00000000000116b4        0xc 
 .text          0x00000000000116c0      0x11c /usr/lib/gcc/i686-linux-gnu/5/crtbeginS.o
 .text.__x86.get_pc_thunk.dx
                0x00000000000117dc        0x4 /usr/lib/gcc/i686-linux-gnu/5/crtbeginS.o
                0x00000000000117dc                __x86.get_pc_thunk.dx
 .text          0x00000000000117e0      0x4b5 client.o
                0x0000000000011811                response_handler
 .text          0x0000000000011c95      0x283 build/cooja/mtype577.o
                0x0000000000011d27                platform_init_stage_one
                0x0000000000011d3a                platform_init_stage_two
                0x0000000000011d4d                platform_init_stage_three
                0x0000000000011d60                platform_main_loop
                0x0000000000011dd3                Java_org_contikios_cooja_corecomm_Lib1_init
                0x0000000000011e0a                Java_org_contikios_cooja_corecomm_Lib1_getMemory
                0x0000000000011e3d                Java_org_contikios_cooja_corecomm_Lib1_setMemory
                0x0000000000011e9d                Java_org_contikios_cooja_corecomm_Lib1_tick
                0x0000000000011f05                Java_org_contikios_cooja_corecomm_Lib1_setReferenceAddress
 .text          0x0000000000011f18       0x65 build/cooja/mtype577.a(simEnvChange.o)
                0x0000000000011f18                doActionsBeforeTick
                0x0000000000011f4a                doActionsAfterTick
 .text          0x0000000000011f7d       0x83 build/cooja/mtype577.a(cooja_mt.o)
                0x0000000000011f7d                cooja_mt_start
                0x0000000000011fa7                cooja_mt_exec
                0x0000000000011fdd                cooja_mt_yield
 .text          0x0000000000012000       0xbe build/cooja/mtype577.a(cooja_mtarch.o)
                0x0000000000012000                cooja_mtarch_start
                0x0000000000012073                cooja_sw
                0x0000000000012096                cooja_mtarch_exec
                0x00000000000120b3                cooja_mtarch_yield
 .text          0x00000000000120be       0xc5 build/cooja/mtype577.a(rtimer-arch.o)
                0x00000000000120be                rtimer_arch_init
                0x00000000000120e2                rtimer_arch_schedule
                0x0000000000012112                rtimer_arch_next
                0x0000000000012122                rtimer_arch_pending
                0x000000000001212c                rtimer_arch_check
                0x0000000000012173                rtimer_arch_now
 .text          0x0000000000012183       0x81 build/cooja/mtype577.a(beep.o)
                0x0000000000012183                beep_alarm
                0x0000000000012190                beep_beep
                0x000000000001219d                beep
                0x00000000000121aa                beep_down
                0x00000000000121b7                beep_on
                0x00000000000121c4                beep_off
                0x00000000000121d1                beep_spinup
                0x00000000000121de                beep_quick
                0x00000000000121eb                beep_long
 .text          0x0000000000012204       0x65 build/cooja/mtype577.a(leds-arch.o)
                0x0000000000012217                leds_arch_init
 .text          0x0000000000012269       0x35 build/cooja/mtype577.a(moteid.o)
 .text          0x000000000001229e       0xb7 build/cooja/mtype577.a(pir-sensor.o)
 .text          0x0000000000012355      0x148 build/cooja/mtype577.a(rs232.o)
                0x0000000000012355                rs232_init
                0x000000000001235b                rs232_set_speed
                0x000000000001236a                rs232_set_input
                0x0000000000012378                rs232_send
                0x000000000001239c                rs232_print
                0x00000000000123b8                slip_arch_writeb
 .text          0x000000000001249d       0xb7 build/cooja/mtype577.a(vib-sensor.o)
 .text          0x0000000000012554       0x38 build/cooja/mtype577.a(clock.o)
                0x0000000000012554                clock_init
                0x000000000001255a                clock_time
                0x0000000000012564                clock_seconds
                0x000000000001257a                clock_delay
 .text          0x000000000001258c      0x219 build/cooja/mtype577.a(cooja-log.o)
                0x000000000001258c                simlog_char
                0x00000000000125cf                simlog
                0x0000000000012645                log_message
                0x0000000000012676                log_set_putchar_with_slip
                0x0000000000012684                log_putchar
                0x00000000000126ff                log_puts
                0x0000000000012727                log_printf
 .text          0x00000000000127a5      0x2b9 build/cooja/mtype577.a(cfs-cooja.o)
                0x00000000000127a5                cfs_open
                0x000000000001280e                cfs_close
                0x000000000001281b                cfs_read
                0x00000000000128b0                cfs_write
                0x000000000001298c                cfs_seek
                0x0000000000012a14                cfs_remove
                0x0000000000012a38                cfs_opendir
                0x0000000000012a42                cfs_readdir
                0x0000000000012a4c                cfs_closedir
 .text          0x0000000000012a5e      0x620 build/cooja/mtype577.a(cooja-radio.o)
                0x0000000000012aa0                radio_set_channel
                0x0000000000012aae                radio_set_txpower
                0x0000000000012ac6                radio_signal_strength_last
                0x0000000000012ad0                radio_signal_strength_current
                0x0000000000012ada                radio_LQI
 .text          0x000000000001307e       0xee build/cooja/mtype577.a(eeprom.o)
                0x000000000001307e                eeprom_init
                0x0000000000013084                eeprom_read
                0x00000000000130f2                eeprom_write
 .text          0x000000000001316c       0x2d build/cooja/mtype577.a(random.o)
                0x000000000001316c                random_init
                0x000000000001318c                random_rand
 .text          0x0000000000013199      0x29c build/cooja/mtype577.a(sensors.o)
                0x00000000000131d4                sensors_first
                0x00000000000131de                sensors_next
                0x00000000000131f8                sensors_changed
                0x000000000001322c                sensors_find
 .text          0x0000000000013435      0x349 build/cooja/mtype577.a(leds.o)
                0x0000000000013435                leds_init
                0x000000000001347c                leds_single_on
                0x00000000000134db                leds_single_off
                0x000000000001353a                leds_single_toggle
                0x000000000001356c                leds_on
                0x00000000000135ee                leds_off
                0x0000000000013670                leds_toggle
                0x00000000000136c5                leds_set
                0x00000000000136f1                leds_get
 .text          0x000000000001377e      0x343 build/cooja/mtype577.a(gpio-hal-arch.o)
                0x000000000001377e                gpio_hal_arch_register_pin_callback
                0x00000000000137ea                gpio_hal_arch_init
                0x000000000001382f                gpio_hal_arch_no_port_interrupt_enable
                0x000000000001385f                gpio_hal_arch_no_port_interrupt_disable
                0x000000000001388f                gpio_hal_arch_no_port_pin_cfg_set
                0x00000000000138b4                gpio_hal_arch_no_port_pin_cfg_get
                0x00000000000138da                gpio_hal_arch_no_port_pin_set_input
                0x00000000000138ec                gpio_hal_arch_no_port_pin_set_output
                0x00000000000138fe                gpio_hal_arch_no_port_set_pin
                0x000000000001391f                gpio_hal_arch_no_port_clear_pin
                0x0000000000013940                gpio_hal_arch_no_port_read_pin
                0x0000000000013966                gpio_hal_arch_no_port_write_pin
                0x0000000000013990                gpio_hal_arch_no_port_set_pins
                0x00000000000139d7                gpio_hal_arch_no_port_clear_pins
                0x0000000000013a1e                gpio_hal_arch_no_port_read_pins
                0x0000000000013a61                gpio_hal_arch_no_port_write_pins
 .text          0x0000000000013ac1       0x89 build/cooja/mtype577.a(buttons.o)
 .text          0x0000000000013b4a      0x580 build/cooja/mtype577.a(res_temperature)
 .text          0x00000000000140ca      0x27b build/cooja/mtype577.a(coap-blocking-a)
                0x00000000000140ca                coap_blocking_request_callback
                0x00000000000140f4                coap_blocking_request
 .text          0x0000000000014345      0xbea build/cooja/mtype577.a(coap-engine.o)
                0x00000000000143da                coap_add_handler
                0x00000000000143f7                coap_remove_handler
                0x0000000000014414                coap_call_handlers
                0x000000000001451c                coap_receive
                0x0000000000014b17                coap_engine_init
                0x0000000000014b75                coap_activate_resource
                0x0000000000014c20                coap_get_first_resource
                0x0000000000014c39                coap_get_next_resource
 .text          0x0000000000014f2f      0x2d9 build/cooja/mtype577.a(coap-res-well-k)
 .text          0x0000000000015208      0x96a build/cooja/mtype577.a(coap-observe.o)
                0x000000000001531d                coap_remove_observer
                0x000000000001534d                coap_remove_observer_by_client
                0x00000000000153b5                coap_remove_observer_by_token
                0x0000000000015448                coap_remove_observer_by_uri
                0x00000000000154ef                coap_remove_observer_by_mid
                0x000000000001556b                coap_notify_observers
                0x0000000000015584                coap_notify_observers_sub
                0x00000000000159ee                coap_observe_handler
                0x0000000000015b09                coap_has_observers
 .text          0x0000000000015b72      0x733 build/cooja/mtype577.a(coap-uip.o)
                0x0000000000015b72                coap_endpoint_log
                0x0000000000015bf8                coap_endpoint_print
                0x0000000000015c7e                coap_endpoint_snprint
                0x0000000000015db1                coap_endpoint_copy
                0x0000000000015dee                coap_endpoint_cmp
                0x0000000000015efc                coap_endpoint_parse
                0x00000000000160e7                coap_endpoint_is_secure
                0x00000000000160f6                coap_endpoint_is_connected
                0x000000000001612a                coap_endpoint_connect
                0x0000000000016146                coap_endpoint_disconnect
                0x000000000001614c                coap_databuf
                0x0000000000016156                coap_transport_init
                0x00000000000161a6                coap_sendto
 .text          0x00000000000162a5      0x324 build/cooja/mtype577.a(coap-timer.o)
                0x00000000000163a2                coap_timer_stop
                0x00000000000163cd                coap_timer_set
                0x0000000000016410                coap_timer_reset
                0x0000000000016453                coap_timer_time_to_next_expiration
                0x00000000000164bf                coap_timer_run
                0x000000000001658b                coap_timer_init
 .text          0x00000000000165c9      0x2c6 build/cooja/mtype577.a(coap-transactio)
                0x000000000001662f                coap_new_transaction
                0x0000000000016695                coap_send_transaction
                0x00000000000167f6                coap_clear_transaction
                0x000000000001683e                coap_get_transaction_by_mid
 .text          0x000000000001688f     0x1c53 build/cooja/mtype577.a(coap.o)
                0x0000000000016dfc                coap_init_connection
                0x0000000000016e10                coap_get_mid
                0x0000000000016e2c                coap_init_message
                0x0000000000016e75                coap_serialize_message
                0x00000000000174f7                coap_parse_message
                0x0000000000017b5e                coap_get_query_variable
                0x0000000000017ba0                coap_get_post_variable
                0x0000000000017be4                coap_set_status_code
                0x0000000000017c09                coap_set_token
                0x0000000000017c50                coap_get_header_content_format
                0x0000000000017c81                coap_set_header_content_format
                0x0000000000017ca4                coap_get_header_accept
                0x0000000000017cd5                coap_set_header_accept
                0x0000000000017cf8                coap_get_header_max_age
                0x0000000000017d29                coap_set_header_max_age
                0x0000000000017d49                coap_get_header_etag
                0x0000000000017d7b                coap_set_header_etag
                0x0000000000017dd2                coap_get_header_if_match
                0x0000000000017e04                coap_set_header_if_match
                0x0000000000017e5b                coap_get_header_if_none_match
                0x0000000000017e75                coap_set_header_if_none_match
                0x0000000000017e8c                coap_get_header_proxy_uri
                0x0000000000017eba                coap_set_header_proxy_uri
                0x0000000000017ef7                coap_get_header_uri_host
                0x0000000000017f25                coap_set_header_uri_host
                0x0000000000017f62                coap_get_header_uri_path
                0x0000000000017f90                coap_set_header_uri_path
                0x0000000000017fdd                coap_get_header_uri_query
                0x0000000000018011                coap_set_header_uri_query
                0x0000000000018067                coap_get_header_location_path
                0x0000000000018095                coap_set_header_location_path
                0x000000000001812e                coap_get_header_location_query
                0x000000000001815c                coap_set_header_location_query
                0x00000000000181a9                coap_get_header_observe
                0x00000000000181d8                coap_set_header_observe
                0x00000000000181f8                coap_get_header_block2
                0x0000000000018264                coap_set_header_block2
                0x00000000000182db                coap_get_header_block1
                0x0000000000018350                coap_set_header_block1
                0x00000000000183cb                coap_get_header_size2
                0x00000000000183fb                coap_set_header_size2
                0x000000000001841e                coap_get_header_size1
                0x000000000001844e                coap_set_header_size1
                0x0000000000018471                coap_get_payload
                0x00000000000184ab                coap_set_payload
 .text          0x00000000000184e2      0x332 build/cooja/mtype577.a(contiki-main.o)
                0x00000000000184e2                main
 .text          0x0000000000018814       0x92 build/cooja/mtype577.a(autostart.o)
                0x0000000000018814                autostart_start
                0x000000000001885e                autostart_exit
 .text          0x00000000000188a6      0x355 build/cooja/mtype577.a(ctimer.o)
                0x00000000000189ce                ctimer_init
                0x0000000000018a01                ctimer_set
                0x0000000000018a27                ctimer_set_with_process
                0x0000000000018aa4                ctimer_reset
                0x0000000000018af8                ctimer_restart
                0x0000000000018b4c                ctimer_stop
                0x0000000000018b9c                ctimer_expired
 .text          0x0000000000018bfb      0x394 build/cooja/mtype577.a(log.o)
                0x0000000000018bfb                log_6addr
                0x0000000000018c4e                log_6addr_compact_snprint
                0x0000000000018cec                log_6addr_compact
                0x0000000000018d3f                log_lladdr
                0x0000000000018db1                log_lladdr_compact
                0x0000000000018e19                log_set_level
                0x0000000000018ed4                log_get_level
                0x0000000000018f4d                log_level_to_str
 .text          0x0000000000018f8f       0x1b build/cooja/mtype577.a(energest.o)
                0x0000000000018f8f                energest_init
                0x0000000000018f95                energest_flush
                0x0000000000018f9b                energest_get_total_time
 .text          0x0000000000018faa      0x43f build/cooja/mtype577.a(etimer.o)
                0x00000000000191ce                etimer_request_poll
                0x0000000000019257                etimer_set
                0x0000000000019280                etimer_reset_with_new_interval
                0x00000000000192af                etimer_reset
                0x00000000000192d5                etimer_restart
                0x00000000000192fb                etimer_adjust
                0x0000000000019318                etimer_expired
                0x000000000001932b                etimer_expiration_time
                0x000000000001933d                etimer_start_time
                0x0000000000019347                etimer_pending
                0x0000000000019359                etimer_next_expiration_time
                0x0000000000019373                etimer_stop
 .text          0x00000000000193e9       0x25 build/cooja/mtype577.a(node-id.o)
                0x00000000000193e9                node_id_init
 .text          0x000000000001940e       0xeb build/cooja/mtype577.a(rtimer.o)
                0x000000000001940e                rtimer_init
                0x000000000001941c                rtimer_set
                0x0000000000019497                rtimer_run_next
 .text          0x00000000000194f9      0x4fb build/cooja/mtype577.a(process.o)
                0x00000000000194f9                process_alloc_event
                0x000000000001950e                process_start
                0x00000000000196e8                process_exit
                0x0000000000019705                process_init
                0x000000000001989a                process_run
                0x00000000000198cd                process_nevents
                0x00000000000198e8                process_post
                0x000000000001997b                process_post_synch
                0x00000000000199b0                process_poll
                0x00000000000199e0                process_is_running
 .text          0x00000000000199f4       0xb1 build/cooja/mtype577.a(timer.o)
                0x00000000000199f4                timer_set
                0x0000000000019a12                timer_reset
                0x0000000000019a3f                timer_restart
                0x0000000000019a54                timer_expired
                0x0000000000019a81                timer_remaining
 .text          0x0000000000019aa5      0x28f build/cooja/mtype577.a(list.o)
                0x0000000000019aa5                list_init
                0x0000000000019ab4                list_head
                0x0000000000019abe                list_copy
                0x0000000000019ace                list_tail
                0x0000000000019b04                list_add
                0x0000000000019b50                list_push
                0x0000000000019b7c                list_chop
                0x0000000000019be6                list_pop
                0x0000000000019c0e                list_remove
                0x0000000000019c76                list_length
                0x0000000000019ca4                list_insert
                0x0000000000019ce9                list_item_next
                0x0000000000019d00                list_contains
 .text          0x0000000000019d34      0x1b5 build/cooja/mtype577.a(memb.o)
                0x0000000000019d34                memb_init
                0x0000000000019d89                memb_alloc
                0x0000000000019dec                memb_free
                0x0000000000019e63                memb_inmemb
                0x0000000000019ea2                memb_numfree
 .text          0x0000000000019ee9      0x41c build/cooja/mtype577.a(button-hal.o)
                0x000000000001a062                button_hal_get_by_id
                0x000000000001a0a0                button_hal_get_by_index
                0x000000000001a0cc                button_hal_get_state
                0x000000000001a11e                button_hal_init
 .text          0x000000000001a305      0x1f3 build/cooja/mtype577.a(serial-line.o)
                0x000000000001a305                serial_line_input_byte
                0x000000000001a4c3                serial_line_init
 .text          0x000000000001a4f8      0x168 build/cooja/mtype577.a(gpio-hal.o)
                0x000000000001a4f8                gpio_hal_register_handler
                0x000000000001a515                gpio_hal_event_handler
                0x000000000001a571                gpio_hal_init
                0x000000000001a590                gpio_hal_arch_port_toggle_pin
                0x000000000001a5cc                gpio_hal_arch_port_toggle_pins
                0x000000000001a5fa                gpio_hal_arch_no_port_toggle_pin
                0x000000000001a638                gpio_hal_arch_no_port_toggle_pins
 .text          0x000000000001a660      0x2e7 build/cooja/mtype577.a(queuebuf.o)
                0x000000000001a66a                queuebuf_init
                0x000000000001a693                queuebuf_numfree
                0x000000000001a6ab                queuebuf_new_from_packetbuf
                0x000000000001a74a                queuebuf_update_attr_from_packetbuf
                0x000000000001a77f                queuebuf_update_from_packetbuf
                0x000000000001a7cf                queuebuf_free
                0x000000000001a818                queuebuf_to_packetbuf
                0x000000000001a884                queuebuf_dataptr
                0x000000000001a8be                queuebuf_datalen
                0x000000000001a8e1                queuebuf_addr
                0x000000000001a916                queuebuf_attr
                0x000000000001a941                queuebuf_debug_print
 .text          0x000000000001a947      0x407 build/cooja/mtype577.a(packetbuf.o)
                0x000000000001a947                packetbuf_clear
                0x000000000001a972                packetbuf_copyfrom
                0x000000000001a9c1                packetbuf_copyto
                0x000000000001aa54                packetbuf_hdralloc
                0x000000000001aad0                packetbuf_hdrreduce
                0x000000000001ab16                packetbuf_set_datalen
                0x000000000001ab30                packetbuf_dataptr
                0x000000000001ab4d                packetbuf_hdrptr
                0x000000000001ab57                packetbuf_datalen
                0x000000000001ab63                packetbuf_hdrlen
                0x000000000001ab7a                packetbuf_totlen
                0x000000000001ab90                packetbuf_remaininglen
                0x000000000001aba3                packetbuf_attr_clear
                0x000000000001abef                packetbuf_attr_copyto
                0x000000000001ac47                packetbuf_attr_copyfrom
                0x000000000001ac9f                packetbuf_set_attr
                0x000000000001acc9                packetbuf_attr
                0x000000000001ace3                packetbuf_set_addr
                0x000000000001ad14                packetbuf_addr
                0x000000000001ad31                packetbuf_holds_broadcast
 .text          0x000000000001ad4e       0xef build/cooja/mtype577.a(netstack.o)
                0x000000000001ad4e                netstack_process_ip_callback
                0x000000000001addf                netstack_ip_packet_processor_add
                0x000000000001ae02                uip_ds6_ip_packet_processor_rm
                0x000000000001ae1f                netstack_init
 .text          0x000000000001ae3d       0x4f build/cooja/mtype577.a(linkaddr.o)
                0x000000000001ae3d                linkaddr_copy
                0x000000000001ae53                linkaddr_cmp
                0x000000000001ae76                linkaddr_set_node_addr
 .text          0x000000000001ae8c      0x1f6 build/cooja/mtype577.a(csma.o)
 .text          0x000000000001b082      0x95d build/cooja/mtype577.a(csma-output.o)
                0x000000000001b719                csma_output_packet
                0x000000000001b9a6                csma_output_init
 .text          0x000000000001b9df      0xc11 build/cooja/mtype577.a(uip-ds6.o)
                0x000000000001b9df                uip_ds6_default_prefix
                0x000000000001b9e9                uip_ds6_set_default_prefix
                0x000000000001ba14                uip_ds6_init
                0x000000000001bc76                uip_ds6_periodic
                0x000000000001bcfd                uip_ds6_list_loop
                0x000000000001bdbd                uip_ds6_prefix_add
                0x000000000001be69                uip_ds6_prefix_rm
                0x000000000001be7c                uip_ds6_prefix_lookup
                0x000000000001bebb                uip_ds6_is_addr_onlink
                0x000000000001bf2e                uip_ds6_addr_add
                0x000000000001c04e                uip_ds6_addr_rm
                0x000000000001c0f7                uip_ds6_addr_lookup
                0x000000000001c130                uip_ds6_get_link_local
                0x000000000001c1b1                uip_ds6_get_global
                0x000000000001c232                uip_ds6_maddr_add
                0x000000000001c292                uip_ds6_maddr_rm
                0x000000000001c2a5                uip_ds6_maddr_lookup
                0x000000000001c2de                uip_ds6_aaddr_add
                0x000000000001c33e                uip_ds6_aaddr_rm
                0x000000000001c351                uip_ds6_aaddr_lookup
                0x000000000001c38a                uip_ds6_select_src
                0x000000000001c4d3                uip_ds6_set_addr_iid
                0x000000000001c4fe                uip_ds6_set_lladdr_from_iid
                0x000000000001c527                get_match_length
                0x000000000001c5b8                uip_ds6_compute_reachable_time
 .text          0x000000000001c5f0      0x128 build/cooja/mtype577.a(uip-udp-packet.)
                0x000000000001c5f0                uip_udp_packet_send
                0x000000000001c64b                uip_udp_packet_sendto
 .text          0x000000000001c718      0x35b build/cooja/mtype577.a(uip-ds6-route.o)
                0x000000000001c769                uip_ds6_route_init
                0x000000000001c793                uip_ds6_route_nexthop
                0x000000000001c79d                uip_ds6_route_head
                0x000000000001c7a7                uip_ds6_route_next
                0x000000000001c7b1                uip_ds6_route_is_nexthop
                0x000000000001c7bb                uip_ds6_route_num_routes
                0x000000000001c7c5                uip_ds6_route_lookup
                0x000000000001c7cf                uip_ds6_route_add
                0x000000000001c7e2                uip_ds6_route_rm
                0x000000000001c7e8                uip_ds6_route_rm_by_nexthop
                0x000000000001c7ee                uip_ds6_defrt_head
                0x000000000001c807                uip_ds6_defrt_add
                0x000000000001c8b5                uip_ds6_defrt_rm
                0x000000000001c91b                uip_ds6_defrt_lookup
                0x000000000001c982                uip_ds6_defrt_choose
                0x000000000001c9f8                uip_ds6_defrt_periodic
 .text          0x000000000001ca73      0x6f7 build/cooja/mtype577.a(tcpip.o)
                0x000000000001ca8d                tcpip_output
                0x000000000001cb0c                udp_attach
                0x000000000001cb24                udp_new
                0x000000000001cb6e                udp_broadcast_new
                0x000000000001cce0                tcpip_input
                0x000000000001ce70                tcpip_ipv6_output
                0x000000000001d064                tcpip_poll_udp
                0x000000000001d082                tcpip_uipcall
 .text          0x000000000001d16a     0x1205 build/cooja/mtype577.a(uip6.o)
                0x000000000001d219                uip_chksum
                0x000000000001d2f0                uip_icmp6chksum
                0x000000000001d305                uip_udpchksum
                0x000000000001d31a                uip_init
                0x000000000001d363                uip_remove_ext_hdr
                0x000000000001d43d                uip_udp_new
                0x000000000001d751                uip_process
                0x000000000001e249                uip_htons
                0x000000000001e26b                uip_htonl
                0x000000000001e2a9                uip_send
 .text          0x000000000001e36f      0x369 build/cooja/mtype577.a(uip-ds6-nbr.o)
                0x000000000001e36f                uip_ds6_neighbors_init
                0x000000000001e393                uip_ds6_nbr_add
                0x000000000001e419                uip_ds6_nbr_rm
                0x000000000001e464                uip_ds6_nbr_update_ll
                0x000000000001e552                uip_ds6_nbr_get_ipaddr
                0x000000000001e567                uip_ds6_nbr_get_ll
                0x000000000001e583                uip_ds6_nbr_num
                0x000000000001e5cc                uip_ds6_nbr_head
                0x000000000001e5e5                uip_ds6_nbr_next
                0x000000000001e601                uip_ds6_nbr_lookup
                0x000000000001e659                uip_ds6_nbr_ll_lookup
                0x000000000001e675                uip_ds6_nbr_ipaddr_from_lladdr
                0x000000000001e69e                uip_ds6_nbr_lladdr_from_ipaddr
                0x000000000001e6d2                uip_ds6_link_callback
 .text          0x000000000001e6d8      0x6a7 build/cooja/mtype577.a(uip-nd6.o)
                0x000000000001ed66                uip_nd6_init
 .text          0x000000000001ed7f      0x3b0 build/cooja/mtype577.a(simple-udp.o)
                0x000000000001edac                simple_udp_send
                0x000000000001ee0f                simple_udp_sendto
                0x000000000001ee6a                simple_udp_sendto_port
                0x000000000001eec3                simple_udp_register
 .text          0x000000000001f12f     0x2c17 build/cooja/mtype577.a(sicslowpan.o)
                0x000000000001f736                netstack_sniffer_add
                0x000000000001f744                netstack_sniffer_remove
                0x0000000000021d1a                sicslowpan_init
                0x0000000000021d3c                sicslowpan_get_last_rssi
 .text          0x0000000000021d46      0x4d1 build/cooja/mtype577.a(uiplib.o)
                0x0000000000021d46                uiplib_ip6addrconv
                0x0000000000021efe                uiplib_ip4addrconv
                0x0000000000021fc1                uiplib_ipaddr_print
                0x0000000000022014                uiplib_ipaddr_snprint
 .text          0x0000000000022217      0x4c9 build/cooja/mtype577.a(rpl.o)
                0x0000000000022217                rpl_lollipop_greater_than
                0x0000000000022271                rpl_get_global_address
                0x0000000000022369                rpl_link_callback
                0x00000000000223ad                rpl_has_joined
                0x00000000000223d2                rpl_is_reachable
                0x0000000000022453                rpl_reset_prefix
                0x00000000000224bd                rpl_set_prefix_from_addr
                0x00000000000225a2                rpl_set_prefix
                0x00000000000226bc                rpl_set_leaf_only
                0x00000000000226d4                rpl_get_leaf_only
 .text          0x00000000000226e0     0x138c build/cooja/mtype577.a(rpl-icmp6.o)
                0x0000000000022805                rpl_icmp6_update_nbr_table
                0x000000000002288e                rpl_icmp6_dis_output
                0x0000000000022ed4                rpl_icmp6_dio_output
                0x00000000000236d2                rpl_icmp6_dao_output
                0x00000000000239b3                rpl_icmp6_dao_ack_output
                0x0000000000023a23                rpl_icmp6_init
 .text          0x0000000000023a6c      0x264 build/cooja/mtype577.a(rpl-dag-root.o)
                0x0000000000023a6c                rpl_dag_root_print_links
                0x0000000000023b98                rpl_dag_root_set_prefix
                0x0000000000023bc4                rpl_dag_root_start
                0x0000000000023ca1                rpl_dag_root_is_root
 .text          0x0000000000023cd0       0x30 build/cooja/mtype577.a(watchdog.o)
                0x0000000000023cd0                watchdog_init
                0x0000000000023cd6                watchdog_start
                0x0000000000023cdc                watchdog_periodic
                0x0000000000023cf4                watchdog_stop
                0x0000000000023cfa                watchdog_reboot
 .text          0x0000000000023d00       0x4a build/cooja/mtype577.a(int-master.o)
                0x0000000000023d00                int_master_enable
                0x0000000000023d10                int_master_read_and_disable
                0x0000000000023d2d                int_master_status_set
                0x0000000000023d3b                int_master_is_enabled
 .text          0x0000000000023d4a      0x226 build/cooja/mtype577.a(coap-timer-defa)
 .text          0x0000000000023f70       0xc7 build/cooja/mtype577.a(stimer.o)
                0x0000000000023f70                stimer_set
                0x0000000000023f8e                stimer_reset
                0x0000000000023fbb                stimer_restart
                0x0000000000023fd0                stimer_expired
                0x0000000000023ffb                stimer_remaining
                0x000000000002401f                stimer_elapsed
 .text          0x0000000000024037      0x156 build/cooja/mtype577.a(ringbuf.o)
                0x0000000000024037                ringbuf_init
                0x0000000000024069                ringbuf_put
                0x00000000000240e7                ringbuf_get
                0x0000000000024154                ringbuf_size
                0x0000000000024166                ringbuf_elements
 .text          0x000000000002418d       0x1f build/cooja/mtype577.a(assert.o)
                0x000000000002418d                _xassert
 .text          0x00000000000241ac      0x79b build/cooja/mtype577.a(nbr-table.o)
                0x0000000000024625                nbr_table_register
                0x0000000000024692                nbr_table_is_registered
                0x00000000000246cd                nbr_table_head
                0x0000000000024728                nbr_table_next
                0x0000000000024789                nbr_table_add_lladdr
                0x0000000000024863                nbr_table_get_from_lladdr
                0x00000000000248af                nbr_table_remove
                0x00000000000248e7                nbr_table_lock
                0x0000000000024901                nbr_table_unlock
                0x000000000002491b                nbr_table_get_lladdr
 .text          0x0000000000024947      0x3a5 build/cooja/mtype577.a(link-stats.o)
                0x0000000000024947                link_stats_from_lladdr
                0x0000000000024963                link_stats_get_lladdr
                0x000000000002497f                link_stats_is_fresh
                0x00000000000249bb                guess_etx_from_rssi
                0x0000000000024a37                link_stats_packet_sent
                0x0000000000024b57                link_stats_input_callback
                0x0000000000024c67                link_stats_reset
                0x0000000000024cb7                link_stats_init
 .text          0x0000000000024cec      0x187 build/cooja/mtype577.a(mac-sequence.o)
                0x0000000000024cec                mac_sequence_is_duplicate
                0x0000000000024d8c                mac_sequence_register_seqno
 .text          0x0000000000024e73       0x23 build/cooja/mtype577.a(mac.o)
                0x0000000000024e73                mac_call_sent_callback
 .text          0x0000000000024e96      0x432 build/cooja/mtype577.a(framer-802154.o)
                0x0000000000025025                framer_802154_setup_params
 .text          0x00000000000252c8      0xb6f build/cooja/mtype577.a(frame802154.o)
                0x00000000000252f9                frame802154_get_pan_id
                0x0000000000025305                frame802154_set_pan_id
                0x000000000002531f                frame802154_has_panid
                0x00000000000254ce                frame802154_check_dest_panid
                0x0000000000025556                frame802154_is_broadcast_addr
                0x00000000000255a3                frame802154_extract_linkaddr
                0x0000000000025808                frame802154_hdrlen
                0x000000000002587b                frame802154_create_fcf
                0x0000000000025933                frame802154_create
                0x0000000000025aa8                frame802154_parse_fcf
                0x0000000000025b8a                frame802154_parse
 .text          0x0000000000025e37       0x2d build/cooja/mtype577.a(csma-security.o)
                0x0000000000025e37                csma_security_create_frame
                0x0000000000025e55                csma_security_parse_frame
 .text          0x0000000000025e64      0x4e4 build/cooja/mtype577.a(uipbuf.o)
                0x0000000000025e64                uipbuf_clear
                0x0000000000025e8b                uipbuf_add_ext_hdr
                0x0000000000025f0b                uipbuf_set_len
                0x0000000000025f38                uipbuf_set_len_field
                0x0000000000025f64                uipbuf_get_len_field
                0x0000000000025f84                uipbuf_get_next_header
                0x00000000000260b6                uipbuf_get_last_header
                0x000000000002612f                uipbuf_search_header
                0x00000000000261e5                uipbuf_get_attr
                0x000000000002620c                uipbuf_set_attr
                0x0000000000026243                uipbuf_set_default_attr
                0x000000000002627a                uipbuf_clear_attr
                0x000000000002629e                uipbuf_set_attr_flag
                0x00000000000262bf                uipbuf_clr_attr_flag
                0x00000000000262e6                uipbuf_is_attr_flag
                0x000000000002630a                uipbuf_init
 .text          0x0000000000026348      0x73f build/cooja/mtype577.a(uip-icmp6.o)
                0x00000000000263bd                uip_icmp6_input
                0x0000000000026414                uip_icmp6_register_input_handler
                0x0000000000026567                uip_icmp6_error_output
                0x0000000000026818                uip_icmp6_send
                0x0000000000026a0f                uip_icmp6_echo_reply_callback_add
                0x0000000000026a41                uip_icmp6_echo_reply_callback_rm
                0x0000000000026a5e                uip_icmp6_init
 .text          0x0000000000026a87      0x69b build/cooja/mtype577.a(uip-sr.o)
                0x0000000000026a87                uip_sr_num_nodes
                0x0000000000026b15                uip_sr_get_node
                0x0000000000026b6c                uip_sr_is_addr_reachable
                0x0000000000026c1a                uip_sr_expire_parent
                0x0000000000026c63                uip_sr_update_node
                0x0000000000026d93                uip_sr_init
                0x0000000000026dc7                uip_sr_node_head
                0x0000000000026de0                uip_sr_node_next
                0x0000000000026df6                uip_sr_periodic
                0x0000000000026efc                uip_sr_free_all
                0x0000000000026f6c                uip_sr_link_snprint
 .text          0x0000000000027122      0x146 build/cooja/mtype577.a(uip-packetqueue)
                0x0000000000027150                uip_packetqueue_new
                0x000000000002715f                uip_packetqueue_alloc
                0x00000000000271ba                uip_packetqueue_free
                0x0000000000027201                uip_packetqueue_buf
                0x000000000002721e                uip_packetqueue_buflen
                0x000000000002723f                uip_packetqueue_set_buflen
 .text          0x0000000000027268      0x1b0 build/cooja/mtype577.a(rpl-nbr-policy.)
                0x00000000000273d5                rpl_nbr_policy_find_removable
 .text          0x0000000000027418      0x915 build/cooja/mtype577.a(rpl-neighbor.o)
                0x0000000000027494                rpl_neighbor_snprint
                0x0000000000027747                rpl_neighbor_print_list
                0x00000000000277fc                rpl_neighbor_count
                0x00000000000278a3                rpl_neighbor_get_from_lladdr
                0x00000000000278bf                rpl_neighbor_is_acceptable_parent
                0x00000000000278f3                rpl_neighbor_get_link_metric
                0x0000000000027927                rpl_neighbor_rank_via_nbr
                0x000000000002795b                rpl_neighbor_get_lladdr
                0x0000000000027977                rpl_neighbor_get_ipaddr
                0x000000000002799e                rpl_neighbor_get_link_stats
                0x00000000000279c5                rpl_neighbor_is_fresh
                0x00000000000279ec                rpl_neighbor_is_reachable
                0x0000000000027a37                rpl_neighbor_is_parent
                0x0000000000027a61                rpl_neighbor_set_preferred_parent
                0x0000000000027af8                rpl_neighbor_remove_all
                0x0000000000027b54                rpl_neighbor_get_from_ipaddr
                0x0000000000027c62                rpl_neighbor_select_best
                0x0000000000027d0e                rpl_neighbor_init
 .text          0x0000000000027d2d      0xe69 build/cooja/mtype577.a(rpl-dag.o)
                0x0000000000027d2d                rpl_dag_state_to_str
                0x0000000000027d6c                rpl_dag_get_root_ipaddr
                0x0000000000027db4                rpl_dag_leave
                0x0000000000027e3d                rpl_dag_poison_and_leave
                0x0000000000027e55                rpl_dag_periodic
                0x0000000000027edd                rpl_is_addr_in_our_dag
                0x0000000000027f21                rpl_get_default_instance
                0x0000000000027f3d                rpl_get_any_dag
                0x0000000000027f96                rpl_refresh_routes
                0x0000000000027fd6                rpl_global_repair
                0x000000000002806f                rpl_local_repair
                0x00000000000280b9                rpl_dag_ready_to_advertise
                0x00000000000280fc                rpl_dag_update_state
                0x0000000000028829                rpl_process_dio
                0x00000000000288a7                rpl_process_dis
                0x00000000000288ec                rpl_process_dao
                0x000000000002897b                rpl_process_dao_ack
                0x0000000000028a12                rpl_process_hbh
                0x0000000000028a62                rpl_dag_init_root
                0x0000000000028b76                rpl_dag_init
 .text          0x0000000000028b96      0x9e7 build/cooja/mtype577.a(rpl-timers.o)
                0x0000000000028b96                rpl_timers_schedule_periodic_dis
                0x0000000000028ce4                rpl_timers_dio_reset
                0x0000000000028df2                rpl_timers_schedule_unicast_dio
                0x0000000000028f46                rpl_timers_schedule_dao
                0x0000000000029005                rpl_timers_schedule_dao_ack
                0x000000000002908b                rpl_timers_notify_dao_ack
                0x00000000000290e9                get_probing_delay
                0x000000000002911d                get_probing_target
                0x0000000000029307                rpl_schedule_probing
                0x0000000000029335                rpl_schedule_probing_now
                0x000000000002939f                rpl_timers_unschedule_leaving
                0x00000000000293d7                rpl_timers_schedule_leaving
                0x0000000000029418                rpl_timers_init
                0x00000000000294a8                rpl_timers_stop_dag_timers
                0x0000000000029521                rpl_timers_unschedule_state_update
                0x0000000000029545                rpl_timers_schedule_state_update
 .text          0x000000000002957d      0xb8e build/cooja/mtype577.a(rpl-ext-header.)
                0x000000000002957d                rpl_ext_header_srh_get_next_hop
                0x0000000000029664                rpl_ext_header_srh_update
                0x0000000000029bd0                rpl_ext_header_hbh_update
                0x0000000000029ed0                rpl_ext_header_update
                0x0000000000029f59                rpl_ext_header_remove
 .text          0x000000000002a10b      0x31b build/cooja/mtype577.a(rpl-mrhof.o)
 *fill*         0x000000000002a426        0xa 
 .text          0x000000000002a430      0x122 /usr/lib/gcc/i686-linux-gnu/5/libgcc.a(_udivdi3.o)
                0x000000000002a430                __udivdi3
 .text          0x000000000002a552        0x0 /usr/lib/gcc/i686-linux-gnu/5/crtendS.o
 .text          0x000000000002a552        0x0 /usr/lib/gcc/i686-linux-gnu/5/../../../i386-linux-gnu/crtn.o
 *(.gnu.warning)

.fini           0x000000000002a554       0x14
 *(SORT(.fini))
 .fini          0x000000000002a554        0xf /usr/lib/gcc/i686-linux-gnu/5/../../../i386-linux-gnu/crti.o
                0x000000000002a554                _fini
 .fini          0x000000000002a563        0x5 /usr/lib/gcc/i686-linux-gnu/5/../../../i386-linux-gnu/crtn.o
                [!provide]                        PROVIDE (__etext, .)
                [!provide]                        PROVIDE (_etext, .)
                [!provide]                        PROVIDE (etext, .)

.rodata         0x000000000002a580      0xb2b
 *(.rodata .rodata.* .gnu.linkonce.r.*)
 .rodata        0x000000000002a580      0x12b client.o
                0x000000000002a5a4                autostart_processes
 *fill*         0x000000000002a6ab        0x1 
 .rodata        0x000000000002a6ac        0x8 build/cooja/mtype577.a(beep.o)
                0x000000000002a6ac                beep_interface
 .rodata        0x000000000002a6b4        0xe build/cooja/mtype577.a(leds-arch.o)
                0x000000000002a6b4                leds_interface
                0x000000000002a6bc                leds_arch_leds
 *fill*         0x000000000002a6c2        0x2 
 .rodata        0x000000000002a6c4        0x8 build/cooja/mtype577.a(moteid.o)
                0x000000000002a6c4                moteid_interface
 .rodata        0x000000000002a6cc       0x1c build/cooja/mtype577.a(pir-sensor.o)
                0x000000000002a6cc                pir_interface
                0x000000000002a6d8                pir_sensor
 .rodata        0x000000000002a6e8        0xe build/cooja/mtype577.a(rs232.o)
                0x000000000002a6e8                rs232_interface
 *fill*         0x000000000002a6f6        0x2 
 .rodata        0x000000000002a6f8       0x24 build/cooja/mtype577.a(vib-sensor.o)
                0x000000000002a6f8                vib_interface
                0x000000000002a70c                vib_sensor
 .rodata        0x000000000002a71c        0x8 build/cooja/mtype577.a(clock.o)
                0x000000000002a71c                clock_interface
 .rodata        0x000000000002a724        0x8 build/cooja/mtype577.a(cooja-log.o)
                0x000000000002a724                simlog_interface
 .rodata        0x000000000002a72c       0x2f build/cooja/mtype577.a(cfs-cooja.o)
                0x000000000002a72c                cfs_interface
 *fill*         0x000000000002a75b        0x5 
 .rodata        0x000000000002a760       0xb8 build/cooja/mtype577.a(cooja-radio.o)
                0x000000000002a760                radio_interface
                0x000000000002a7e0                cooja_radio_driver
 .rodata        0x000000000002a818        0x8 build/cooja/mtype577.a(eeprom.o)
                0x000000000002a818                eeprom_interface
 .rodata        0x000000000002a820        0x8 build/cooja/mtype577.a(sensors.o)
 .rodata        0x000000000002a828       0x2c build/cooja/mtype577.a(buttons.o)
                0x000000000002a828                button_interface
                0x000000000002a83c                button_hal_button_count
                0x000000000002a844                button_sensor
 .rodata        0x000000000002a854       0x7d build/cooja/mtype577.a(res_temperature)
 .rodata        0x000000000002a8d1       0x41 build/cooja/mtype577.a(coap-engine.o)
 .rodata        0x000000000002a912       0x19 build/cooja/mtype577.a(coap-res-well-k)
 .rodata        0x000000000002a92b       0x11 build/cooja/mtype577.a(coap-observe.o)
 .rodata        0x000000000002a93c       0x35 build/cooja/mtype577.a(coap-uip.o)
 *fill*         0x000000000002a971        0x3 
 .rodata        0x000000000002a974      0x1ac build/cooja/mtype577.a(coap.o)
 .rodata        0x000000000002ab20       0xf8 build/cooja/mtype577.a(contiki-main.o)
 .rodata        0x000000000002ac18        0xf build/cooja/mtype577.a(ctimer.o)
 *fill*         0x000000000002ac27        0x1 
 .rodata        0x000000000002ac28       0xc4 build/cooja/mtype577.a(log.o)
 .rodata        0x000000000002acec        0xc build/cooja/mtype577.a(etimer.o)
 .rodata        0x000000000002acf8       0x13 build/cooja/mtype577.a(button-hal.o)
 .rodata        0x000000000002ad0b        0xe build/cooja/mtype577.a(serial-line.o)
 *fill*         0x000000000002ad19        0x3 
 .rodata        0x000000000002ad1c        0x8 build/cooja/mtype577.a(linkaddr.o)
                0x000000000002ad1c                linkaddr_null
 .rodata        0x000000000002ad24       0x24 build/cooja/mtype577.a(csma.o)
                0x000000000002ad2c                csma_driver
 .rodata        0x000000000002ad48       0x2a build/cooja/mtype577.a(csma-output.o)
 *fill*         0x000000000002ad72        0x2 
 .rodata        0x000000000002ad74       0x4d build/cooja/mtype577.a(uip-ds6-route.o)
 .rodata        0x000000000002adc1        0xd build/cooja/mtype577.a(tcpip.o)
 .rodata        0x000000000002adce       0x13 build/cooja/mtype577.a(simple-udp.o)
 *fill*         0x000000000002ade1        0x3 
 .rodata        0x000000000002ade4       0x30 build/cooja/mtype577.a(sicslowpan.o)
                0x000000000002ade4                unc_llconf
                0x000000000002ade8                unc_ctxconf
                0x000000000002adec                unc_mxconf
                0x000000000002adf0                llprefix
                0x000000000002ae04                sicslowpan_driver
 .rodata        0x000000000002ae14       0x2d build/cooja/mtype577.a(uiplib.o)
 *fill*         0x000000000002ae41       0x1f 
 .rodata        0x000000000002ae60       0x74 build/cooja/mtype577.a(rpl.o)
                0x000000000002ae80                rpl_lite_driver
 .rodata        0x000000000002aed4       0x20 build/cooja/mtype577.a(coap-timer-defa)
                0x000000000002aee8                coap_timer_default_driver
 .rodata        0x000000000002aef4       0x25 build/cooja/mtype577.a(assert.o)
 *fill*         0x000000000002af19        0x3 
 .rodata        0x000000000002af1c        0xc build/cooja/mtype577.a(framer-802154.o)
                0x000000000002af1c                framer_802154
 .rodata        0x000000000002af28       0x44 build/cooja/mtype577.a(uip-sr.o)
 .rodata        0x000000000002af6c       0x58 build/cooja/mtype577.a(rpl-neighbor.o)
 .rodata        0x000000000002afc4       0xdb build/cooja/mtype577.a(rpl-dag.o)
 .rodata        0x000000000002b09f        0xc build/cooja/mtype577.a(rpl-timers.o)

.rodata1
 *(.rodata1)

.eh_frame_hdr   0x000000000002b0ac     0x1a24
 *(.eh_frame_hdr)
 .eh_frame_hdr  0x000000000002b0ac     0x1a24 client.o
                0x000000000002b0ac                __GNU_EH_FRAME_HDR
 *(.eh_frame_entry .eh_frame_entry.*)

.eh_frame       0x000000000002cad0     0x6a28
 *(.eh_frame)
 .eh_frame      0x000000000002cad0       0x3c /usr/lib/gcc/i686-linux-gnu/5/../../../i386-linux-gnu/crti.o
                                         0x40 (size before relaxing)
 .eh_frame      0x000000000002cb0c       0xa0 client.o
                                         0xb8 (size before relaxing)
 .eh_frame      0x000000000002cbac      0x178 build/cooja/mtype577.o
                                        0x190 (size before relaxing)
 .eh_frame      0x000000000002cd24       0x40 build/cooja/mtype577.a(simEnvChange.o)
                                         0x58 (size before relaxing)
 .eh_frame      0x000000000002cd64       0x60 build/cooja/mtype577.a(cooja_mt.o)
                                         0x78 (size before relaxing)
 .eh_frame      0x000000000002cdc4       0x80 build/cooja/mtype577.a(cooja_mtarch.o)
                                         0x98 (size before relaxing)
 .eh_frame      0x000000000002ce44       0xc8 build/cooja/mtype577.a(rtimer-arch.o)
                                         0xe0 (size before relaxing)
 .eh_frame      0x000000000002cf0c      0x160 build/cooja/mtype577.a(beep.o)
                                        0x178 (size before relaxing)
 .eh_frame      0x000000000002d06c       0x80 build/cooja/mtype577.a(leds-arch.o)
                                         0x98 (size before relaxing)
 .eh_frame      0x000000000002d0ec       0x40 build/cooja/mtype577.a(moteid.o)
                                         0x58 (size before relaxing)
 .eh_frame      0x000000000002d12c       0xa0 build/cooja/mtype577.a(pir-sensor.o)
                                         0xb8 (size before relaxing)
 .eh_frame      0x000000000002d1cc      0x100 build/cooja/mtype577.a(rs232.o)
                                        0x118 (size before relaxing)
 .eh_frame      0x000000000002d2cc       0xa0 build/cooja/mtype577.a(vib-sensor.o)
                                         0xb8 (size before relaxing)
 .eh_frame      0x000000000002d36c       0xc0 build/cooja/mtype577.a(clock.o)
                                         0xd8 (size before relaxing)
 .eh_frame      0x000000000002d42c      0x120 build/cooja/mtype577.a(cooja-log.o)
                                        0x138 (size before relaxing)
 .eh_frame      0x000000000002d54c      0x160 build/cooja/mtype577.a(cfs-cooja.o)
                                        0x178 (size before relaxing)
 .eh_frame      0x000000000002d6ac      0x340 build/cooja/mtype577.a(cooja-radio.o)
                                        0x358 (size before relaxing)
 .eh_frame      0x000000000002d9ec       0xa0 build/cooja/mtype577.a(eeprom.o)
                                         0xb8 (size before relaxing)
 .eh_frame      0x000000000002da8c       0x40 build/cooja/mtype577.a(random.o)
                                         0x58 (size before relaxing)
 .eh_frame      0x000000000002dacc       0xc0 build/cooja/mtype577.a(sensors.o)
                                         0xd8 (size before relaxing)
 .eh_frame      0x000000000002db8c      0x120 build/cooja/mtype577.a(leds.o)
                                        0x138 (size before relaxing)
 .eh_frame      0x000000000002dcac      0x220 build/cooja/mtype577.a(gpio-hal-arch.o)
                                        0x238 (size before relaxing)
 .eh_frame      0x000000000002decc       0xa0 build/cooja/mtype577.a(buttons.o)
                                         0xb8 (size before relaxing)
 .eh_frame      0x000000000002df6c       0x6c build/cooja/mtype577.a(res_temperature)
                                         0x84 (size before relaxing)
 .eh_frame      0x000000000002dfd8       0x44 build/cooja/mtype577.a(coap-blocking-a)
                                         0x5c (size before relaxing)
 .eh_frame      0x000000000002e01c      0x220 build/cooja/mtype577.a(coap-engine.o)
                                        0x238 (size before relaxing)
 .eh_frame      0x000000000002e23c       0x24 build/cooja/mtype577.a(coap-res-well-k)
                                         0x3c (size before relaxing)
 .eh_frame      0x000000000002e260      0x188 build/cooja/mtype577.a(coap-observe.o)
                                        0x1a0 (size before relaxing)
 .eh_frame      0x000000000002e3e8      0x250 build/cooja/mtype577.a(coap-uip.o)
                                        0x268 (size before relaxing)
 .eh_frame      0x000000000002e638      0x114 build/cooja/mtype577.a(coap-timer.o)
                                        0x12c (size before relaxing)
 .eh_frame      0x000000000002e74c      0x100 build/cooja/mtype577.a(coap-transactio)
                                        0x118 (size before relaxing)
 .eh_frame      0x000000000002e84c      0x6ec build/cooja/mtype577.a(coap.o)
                                        0x704 (size before relaxing)
 .eh_frame      0x000000000002ef38       0x30 build/cooja/mtype577.a(contiki-main.o)
                                         0x48 (size before relaxing)
 .eh_frame      0x000000000002ef68       0x40 build/cooja/mtype577.a(autostart.o)
                                         0x58 (size before relaxing)
 .eh_frame      0x000000000002efa8      0x100 build/cooja/mtype577.a(ctimer.o)
                                        0x118 (size before relaxing)
 .eh_frame      0x000000000002f0a8      0x100 build/cooja/mtype577.a(log.o)
                                        0x118 (size before relaxing)
 .eh_frame      0x000000000002f1a8       0x60 build/cooja/mtype577.a(energest.o)
                                         0x78 (size before relaxing)
 .eh_frame      0x000000000002f208      0x1e0 build/cooja/mtype577.a(etimer.o)
                                        0x1f8 (size before relaxing)
 .eh_frame      0x000000000002f3e8       0x20 build/cooja/mtype577.a(node-id.o)
                                         0x38 (size before relaxing)
 .eh_frame      0x000000000002f408       0x60 build/cooja/mtype577.a(rtimer.o)
                                         0x78 (size before relaxing)
 .eh_frame      0x000000000002f468      0x1c4 build/cooja/mtype577.a(process.o)
                                        0x1dc (size before relaxing)
 .eh_frame      0x000000000002f62c       0xa4 build/cooja/mtype577.a(timer.o)
                                         0xbc (size before relaxing)
 .eh_frame      0x000000000002f6d0      0x1a0 build/cooja/mtype577.a(list.o)
                                        0x1b8 (size before relaxing)
 .eh_frame      0x000000000002f870       0xa0 build/cooja/mtype577.a(memb.o)
                                         0xb8 (size before relaxing)
 .eh_frame      0x000000000002f910      0x144 build/cooja/mtype577.a(button-hal.o)
                                        0x15c (size before relaxing)
 .eh_frame      0x000000000002fa54       0x60 build/cooja/mtype577.a(serial-line.o)
                                         0x78 (size before relaxing)
 .eh_frame      0x000000000002fab4       0xe0 build/cooja/mtype577.a(gpio-hal.o)
                                         0xf8 (size before relaxing)
 .eh_frame      0x000000000002fb94      0x1a0 build/cooja/mtype577.a(queuebuf.o)
                                        0x1b8 (size before relaxing)
 .eh_frame      0x000000000002fd34      0x28c build/cooja/mtype577.a(packetbuf.o)
                                        0x2a4 (size before relaxing)
 .eh_frame      0x000000000002ffc0       0x80 build/cooja/mtype577.a(netstack.o)
                                         0x98 (size before relaxing)
 .eh_frame      0x0000000000030040       0x60 build/cooja/mtype577.a(linkaddr.o)
                                         0x78 (size before relaxing)
 .eh_frame      0x00000000000300a0       0xe0 build/cooja/mtype577.a(csma.o)
                                         0xf8 (size before relaxing)
 .eh_frame      0x0000000000030180      0x1d0 build/cooja/mtype577.a(csma-output.o)
                                        0x1e8 (size before relaxing)
 .eh_frame      0x0000000000030350      0x328 build/cooja/mtype577.a(uip-ds6.o)
                                        0x340 (size before relaxing)
 .eh_frame      0x0000000000030678       0x40 build/cooja/mtype577.a(uip-udp-packet.)
                                         0x58 (size before relaxing)
 .eh_frame      0x00000000000306b8      0x220 build/cooja/mtype577.a(uip-ds6-route.o)
                                        0x238 (size before relaxing)
 .eh_frame      0x00000000000308d8      0x244 build/cooja/mtype577.a(tcpip.o)
                                        0x25c (size before relaxing)
 .eh_frame      0x0000000000030b1c      0x1e8 build/cooja/mtype577.a(uip6.o)
                                        0x200 (size before relaxing)
 .eh_frame      0x0000000000030d04      0x1c0 build/cooja/mtype577.a(uip-ds6-nbr.o)
                                        0x1d8 (size before relaxing)
 .eh_frame      0x0000000000030ec4       0x84 build/cooja/mtype577.a(uip-nd6.o)
                                         0x9c (size before relaxing)
 .eh_frame      0x0000000000030f48       0xd4 build/cooja/mtype577.a(simple-udp.o)
                                         0xec (size before relaxing)
 .eh_frame      0x000000000003101c      0x2f8 build/cooja/mtype577.a(sicslowpan.o)
                                        0x310 (size before relaxing)
 .eh_frame      0x0000000000031314       0x88 build/cooja/mtype577.a(uiplib.o)
                                         0xa0 (size before relaxing)
 .eh_frame      0x000000000003139c      0x1e0 build/cooja/mtype577.a(rpl.o)
                                        0x1f8 (size before relaxing)
 .eh_frame      0x000000000003157c      0x1c4 build/cooja/mtype577.a(rpl-icmp6.o)
                                        0x1dc (size before relaxing)
 .eh_frame      0x0000000000031740       0xa0 build/cooja/mtype577.a(rpl-dag-root.o)
                                         0xb8 (size before relaxing)
 .eh_frame      0x00000000000317e0       0xa0 build/cooja/mtype577.a(watchdog.o)
                                         0xb8 (size before relaxing)
 .eh_frame      0x0000000000031880       0x80 build/cooja/mtype577.a(int-master.o)
                                         0x98 (size before relaxing)
 .eh_frame      0x0000000000031900       0xa4 build/cooja/mtype577.a(coap-timer-defa)
                                         0xbc (size before relaxing)
 .eh_frame      0x00000000000319a4       0xc4 build/cooja/mtype577.a(stimer.o)
                                         0xdc (size before relaxing)
 .eh_frame      0x0000000000031a68       0xa0 build/cooja/mtype577.a(ringbuf.o)
                                         0xb8 (size before relaxing)
 .eh_frame      0x0000000000031b08       0x20 build/cooja/mtype577.a(assert.o)
                                         0x38 (size before relaxing)
 .eh_frame      0x0000000000031b28      0x2ac build/cooja/mtype577.a(nbr-table.o)
                                        0x2c4 (size before relaxing)
 .eh_frame      0x0000000000031dd4      0x120 build/cooja/mtype577.a(link-stats.o)
                                        0x138 (size before relaxing)
 .eh_frame      0x0000000000031ef4       0x48 build/cooja/mtype577.a(mac-sequence.o)
                                         0x60 (size before relaxing)
 .eh_frame      0x0000000000031f3c       0x20 build/cooja/mtype577.a(mac.o)
                                         0x38 (size before relaxing)
 .eh_frame      0x0000000000031f5c       0xa4 build/cooja/mtype577.a(framer-802154.o)
                                         0xbc (size before relaxing)
 .eh_frame      0x0000000000032000      0x1a4 build/cooja/mtype577.a(frame802154.o)
                                        0x1bc (size before relaxing)
 .eh_frame      0x00000000000321a4       0x40 build/cooja/mtype577.a(csma-security.o)
                                         0x58 (size before relaxing)
 .eh_frame      0x00000000000321e4      0x200 build/cooja/mtype577.a(uipbuf.o)
                                        0x218 (size before relaxing)
 .eh_frame      0x00000000000323e4      0x150 build/cooja/mtype577.a(uip-icmp6.o)
                                        0x168 (size before relaxing)
 .eh_frame      0x0000000000032534      0x184 build/cooja/mtype577.a(uip-sr.o)
                                        0x19c (size before relaxing)
 .eh_frame      0x00000000000326b8       0xe0 build/cooja/mtype577.a(uip-packetqueue)
                                         0xf8 (size before relaxing)
 .eh_frame      0x0000000000032798       0x80 build/cooja/mtype577.a(rpl-nbr-policy.)
                                         0x98 (size before relaxing)
 .eh_frame      0x0000000000032818      0x2d4 build/cooja/mtype577.a(rpl-neighbor.o)
                                        0x2ec (size before relaxing)
 .eh_frame      0x0000000000032aec      0x370 build/cooja/mtype577.a(rpl-dag.o)
                                        0x388 (size before relaxing)
 .eh_frame      0x0000000000032e5c      0x3a8 build/cooja/mtype577.a(rpl-timers.o)
                                        0x3c0 (size before relaxing)
 .eh_frame      0x0000000000033204      0x124 build/cooja/mtype577.a(rpl-ext-header.)
                                        0x13c (size before relaxing)
 .eh_frame      0x0000000000033328      0x148 build/cooja/mtype577.a(rpl-mrhof.o)
                                        0x160 (size before relaxing)
 .eh_frame      0x0000000000033470       0x84 /usr/lib/gcc/i686-linux-gnu/5/libgcc.a(_udivdi3.o)
                                         0x9c (size before relaxing)
 .eh_frame      0x00000000000334f4        0x4 /usr/lib/gcc/i686-linux-gnu/5/crtendS.o
 *(.eh_frame.*)

.gcc_except_table
 *(.gcc_except_table .gcc_except_table.*)

.gnu_extab
 *(.gnu_extab*)

.exception_ranges
 *(.exception_ranges .exception_ranges*)
                0x0000000000034f10                . = DATA_SEGMENT_ALIGN (0x1000, 0x1000)

.eh_frame
 *(.eh_frame)
 *(.eh_frame.*)

.gnu_extab
 *(.gnu_extab)

.gcc_except_table
 *(.gcc_except_table .gcc_except_table.*)

.exception_ranges
 *(.exception_ranges .exception_ranges*)

.tdata
 *(.tdata .tdata.* .gnu.linkonce.td.*)

.tbss
 *(.tbss .tbss.* .gnu.linkonce.tb.*)
 *(.tcommon)

.preinit_array
 *(.preinit_array)

.init_array     0x0000000000034f10        0x4
 *(SORT(.init_array.*) SORT(.ctors.*))
 *(.init_array EXCLUDE_FILE(*crtend?.o *crtend.o *crtbegin?.o *crtbegin.o) .ctors)
 .init_array    0x0000000000034f10        0x4 /usr/lib/gcc/i686-linux-gnu/5/crtbeginS.o

.fini_array     0x0000000000034f14        0x4
 *(SORT(.fini_array.*) SORT(.dtors.*))
 *(.fini_array EXCLUDE_FILE(*crtend?.o *crtend.o *crtbegin?.o *crtbegin.o) .dtors)
 .fini_array    0x0000000000034f14        0x4 /usr/lib/gcc/i686-linux-gnu/5/crtbeginS.o

.ctors
 *crtbegin.o(.ctors)
 *crtbegin?.o(.ctors)
 *(EXCLUDE_FILE(*crtend?.o *crtend.o) .ctors)
 *(SORT(.ctors.*))
 *(.ctors)

.dtors
 *crtbegin.o(.dtors)
 *crtbegin?.o(.dtors)
 *(EXCLUDE_FILE(*crtend?.o *crtend.o) .dtors)
 *(SORT(.dtors.*))
 *(.dtors)

.jcr            0x0000000000034f18        0x4
 *(.jcr)
 .jcr           0x0000000000034f18        0x0 /usr/lib/gcc/i686-linux-gnu/5/crtbeginS.o
 .jcr           0x0000000000034f18        0x4 /usr/lib/gcc/i686-linux-gnu/5/crtendS.o

.data.rel.ro
 *(.data.rel.ro.local* .gnu.linkonce.d.rel.ro.local.*)
 *(.data.rel.ro .data.rel.ro.* .gnu.linkonce.d.rel.ro.*)

.dynamic        0x0000000000034f1c       0xd0
 *(.dynamic)
 .dynamic       0x0000000000034f1c       0xd0 /usr/lib/gcc/i686-linux-gnu/5/../../../i386-linux-gnu/crti.o
                0x0000000000034f1c                _DYNAMIC

.got            0x0000000000034fec       0x14
 *(.got)
 .got           0x0000000000034fec       0x14 /usr/lib/gcc/i686-linux-gnu/5/../../../i386-linux-gnu/crti.o
 *(.igot)
                0x0000000000035ff4                . = DATA_SEGMENT_RELRO_END (., (SIZEOF (.got.plt) >= 0xc)?0xc:0x0)

.got.plt        0x0000000000035000        0xc
 *(.got.plt)
 .got.plt       0x0000000000035000        0xc /usr/lib/gcc/i686-linux-gnu/5/../../../i386-linux-gnu/crti.o
                0x0000000000035000                _GLOBAL_OFFSET_TABLE_
 *(.igot.plt)

.data           0x0000000000035020      0x4e4
 *(.data .data.* .gnu.linkonce.d.*)
 .data          0x0000000000035020        0x0 /usr/lib/gcc/i686-linux-gnu/5/../../../i386-linux-gnu/crti.o
 .data          0x0000000000035020        0x0 /usr/lib/gcc/i686-linux-gnu/5/crtbeginS.o
 .data.rel.local
                0x0000000000035020        0x4 /usr/lib/gcc/i686-linux-gnu/5/crtbeginS.o
                0x0000000000035020                __dso_handle
 .data          0x0000000000035024       0x30 client.o
                0x0000000000035024                udp_client
                0x0000000000035034                coap_client
                0x0000000000035044                coap_server
 *fill*         0x0000000000035054        0xc 
 .data          0x0000000000035060       0x44 build/cooja/mtype577.o
                0x0000000000035060                simInterfaces
                0x0000000000035094                sensors
 .data          0x00000000000350a4        0x0 build/cooja/mtype577.a(simEnvChange.o)
 .data          0x00000000000350a4        0x0 build/cooja/mtype577.a(cooja_mt.o)
 .data          0x00000000000350a4        0x0 build/cooja/mtype577.a(cooja_mtarch.o)
 .data          0x00000000000350a4        0x0 build/cooja/mtype577.a(rtimer-arch.o)
 .data          0x00000000000350a4        0x0 build/cooja/mtype577.a(beep.o)
 .data          0x00000000000350a4        0x0 build/cooja/mtype577.a(leds-arch.o)
 .data          0x00000000000350a4        0x0 build/cooja/mtype577.a(moteid.o)
 .data          0x00000000000350a4        0x0 build/cooja/mtype577.a(pir-sensor.o)
 .data          0x00000000000350a4        0x0 build/cooja/mtype577.a(rs232.o)
 .data          0x00000000000350a4        0x0 build/cooja/mtype577.a(vib-sensor.o)
 .data          0x00000000000350a4        0x0 build/cooja/mtype577.a(clock.o)
 .data          0x00000000000350a4        0x0 build/cooja/mtype577.a(cooja-log.o)
 .data          0x00000000000350a4        0x0 build/cooja/mtype577.a(cfs-cooja.o)
 .data          0x00000000000350a4       0x2c build/cooja/mtype577.a(cooja-radio.o)
                0x00000000000350a4                simRadioHWOn
                0x00000000000350a8                simSignalStrength
                0x00000000000350ac                simLastSignalStrength
                0x00000000000350b0                simPower
                0x00000000000350b4                simRadioChannel
                0x00000000000350b8                simLQI
                0x00000000000350c0                cooja_radio_process
 .data          0x00000000000350d0        0x0 build/cooja/mtype577.a(eeprom.o)
 .data          0x00000000000350d0        0x0 build/cooja/mtype577.a(random.o)
 .data          0x00000000000350d0       0x10 build/cooja/mtype577.a(sensors.o)
                0x00000000000350d0                sensors_process
 .data          0x00000000000350e0        0x0 build/cooja/mtype577.a(leds.o)
 .data          0x00000000000350e0        0x0 build/cooja/mtype577.a(gpio-hal-arch.o)
 .data          0x00000000000350e0       0x78 build/cooja/mtype577.a(buttons.o)
                0x00000000000350e0                simButtonIsActive
                0x0000000000035150                button_hal_buttons
 *fill*         0x0000000000035158        0x8 
 .data          0x0000000000035160       0xa4 build/cooja/mtype577.a(res_temperature)
                0x00000000000351e0                res_temperature
 .data          0x0000000000035204        0x0 build/cooja/mtype577.a(coap-blocking-a)
 .data          0x0000000000035204        0x8 build/cooja/mtype577.a(coap-engine.o)
 *fill*         0x000000000003520c       0x14 
 .data          0x0000000000035220       0x24 build/cooja/mtype577.a(coap-res-well-k)
                0x0000000000035220                res_well_known_core
 .data          0x0000000000035244       0x10 build/cooja/mtype577.a(coap-observe.o)
 .data          0x0000000000035254       0x10 build/cooja/mtype577.a(coap-uip.o)
                0x0000000000035254                coap_engine
 .data          0x0000000000035264        0x4 build/cooja/mtype577.a(coap-timer.o)
 .data          0x0000000000035268       0x10 build/cooja/mtype577.a(coap-transactio)
 .data          0x0000000000035278        0x4 build/cooja/mtype577.a(coap.o)
                0x0000000000035278                coap_error_message
 .data          0x000000000003527c        0x0 build/cooja/mtype577.a(contiki-main.o)
 .data          0x000000000003527c        0x0 build/cooja/mtype577.a(autostart.o)
 .data          0x000000000003527c       0x14 build/cooja/mtype577.a(ctimer.o)
                0x0000000000035280                ctimer_process
 *fill*         0x0000000000035290       0x10 
 .data          0x00000000000352a0       0xbc build/cooja/mtype577.a(log.o)
                0x00000000000352a0                curr_log_level_main
                0x00000000000352c0                all_modules
 .data          0x000000000003535c        0x0 build/cooja/mtype577.a(energest.o)
 .data          0x000000000003535c       0x10 build/cooja/mtype577.a(etimer.o)
                0x000000000003535c                etimer_process
 .data          0x000000000003536c        0x0 build/cooja/mtype577.a(node-id.o)
 .data          0x000000000003536c        0x0 build/cooja/mtype577.a(rtimer.o)
 .data          0x000000000003536c        0x0 build/cooja/mtype577.a(process.o)
 .data          0x000000000003536c        0x0 build/cooja/mtype577.a(timer.o)
 .data          0x000000000003536c        0x0 build/cooja/mtype577.a(list.o)
 .data          0x000000000003536c        0x0 build/cooja/mtype577.a(memb.o)
 .data          0x000000000003536c       0x10 build/cooja/mtype577.a(button-hal.o)
                0x000000000003536c                button_hal_process
 .data          0x000000000003537c       0x10 build/cooja/mtype577.a(serial-line.o)
                0x000000000003537c                serial_line_process
 .data          0x000000000003538c        0x4 build/cooja/mtype577.a(gpio-hal.o)
 .data          0x0000000000035390       0x18 build/cooja/mtype577.a(queuebuf.o)
 .data          0x00000000000353a8        0x4 build/cooja/mtype577.a(packetbuf.o)
 .data          0x00000000000353ac        0x4 build/cooja/mtype577.a(netstack.o)
 .data          0x00000000000353b0        0x0 build/cooja/mtype577.a(linkaddr.o)
 .data          0x00000000000353b0        0x0 build/cooja/mtype577.a(csma.o)
 .data          0x00000000000353b0       0x28 build/cooja/mtype577.a(csma-output.o)
 .data          0x00000000000353d8        0x0 build/cooja/mtype577.a(uip-ds6.o)
 .data          0x00000000000353d8        0x0 build/cooja/mtype577.a(uip-udp-packet.)
 .data          0x00000000000353d8       0x10 build/cooja/mtype577.a(uip-ds6-route.o)
 .data          0x00000000000353e8       0x10 build/cooja/mtype577.a(tcpip.o)
                0x00000000000353e8                tcpip_process
 .data          0x00000000000353f8        0x0 build/cooja/mtype577.a(uip6.o)
 .data          0x00000000000353f8       0x14 build/cooja/mtype577.a(uip-ds6-nbr.o)
 .data          0x000000000003540c        0xc build/cooja/mtype577.a(uip-nd6.o)
 .data          0x0000000000035418       0x10 build/cooja/mtype577.a(simple-udp.o)
                0x0000000000035418                simple_udp_process
 .data          0x0000000000035428        0x0 build/cooja/mtype577.a(sicslowpan.o)
 .data          0x0000000000035428        0x0 build/cooja/mtype577.a(uiplib.o)
 .data          0x0000000000035428        0x0 build/cooja/mtype577.a(rpl.o)
 .data          0x0000000000035428       0x30 build/cooja/mtype577.a(rpl-icmp6.o)
 .data          0x0000000000035458        0x0 build/cooja/mtype577.a(rpl-dag-root.o)
 .data          0x0000000000035458        0x0 build/cooja/mtype577.a(watchdog.o)
 .data          0x0000000000035458        0x0 build/cooja/mtype577.a(int-master.o)
 .data          0x0000000000035458       0x10 build/cooja/mtype577.a(coap-timer-defa)
                0x0000000000035458                coap_timer_process
 .data          0x0000000000035468        0x0 build/cooja/mtype577.a(stimer.o)
 .data          0x0000000000035468        0x0 build/cooja/mtype577.a(ringbuf.o)
 .data          0x0000000000035468        0x0 build/cooja/mtype577.a(assert.o)
 .data          0x0000000000035468       0x10 build/cooja/mtype577.a(nbr-table.o)
 .data          0x0000000000035478       0x14 build/cooja/mtype577.a(link-stats.o)
 .data          0x000000000003548c        0x0 build/cooja/mtype577.a(mac-sequence.o)
 .data          0x000000000003548c        0x0 build/cooja/mtype577.a(mac.o)
 .data          0x000000000003548c        0x0 build/cooja/mtype577.a(framer-802154.o)
 .data          0x000000000003548c        0x2 build/cooja/mtype577.a(frame802154.o)
 .data          0x000000000003548e        0x0 build/cooja/mtype577.a(csma-security.o)
 .data          0x000000000003548e        0x0 build/cooja/mtype577.a(uipbuf.o)
 *fill*         0x000000000003548e        0x2 
 .data          0x0000000000035490       0x20 build/cooja/mtype577.a(uip-icmp6.o)
 .data          0x00000000000354b0       0x10 build/cooja/mtype577.a(uip-sr.o)
 .data          0x00000000000354c0        0xc build/cooja/mtype577.a(uip-packetqueue)
 .data          0x00000000000354cc        0x0 build/cooja/mtype577.a(rpl-nbr-policy.)
 .data          0x00000000000354cc       0x14 build/cooja/mtype577.a(rpl-neighbor.o)
                0x00000000000354dc                rpl_neighbors
 .data          0x00000000000354e0        0x0 build/cooja/mtype577.a(rpl-dag.o)
 .data          0x00000000000354e0        0x0 build/cooja/mtype577.a(rpl-timers.o)
 .data          0x00000000000354e0        0x0 build/cooja/mtype577.a(rpl-ext-header.)
 .data          0x00000000000354e0       0x24 build/cooja/mtype577.a(rpl-mrhof.o)
                0x00000000000354e0                rpl_mrhof
 .data          0x0000000000035504        0x0 /usr/lib/gcc/i686-linux-gnu/5/libgcc.a(_udivdi3.o)
 .data          0x0000000000035504        0x0 /usr/lib/gcc/i686-linux-gnu/5/crtendS.o
 .data          0x0000000000035504        0x0 /usr/lib/gcc/i686-linux-gnu/5/../../../i386-linux-gnu/crtn.o

.tm_clone_table
                0x0000000000035504        0x0
 .tm_clone_table
                0x0000000000035504        0x0 /usr/lib/gcc/i686-linux-gnu/5/crtbeginS.o
 .tm_clone_table
                0x0000000000035504        0x0 /usr/lib/gcc/i686-linux-gnu/5/crtendS.o

.data1
 *(.data1)
                0x0000000000035504                _edata = .
                [!provide]                        PROVIDE (edata, .)
                0x0000000000035504                . = .
                0x0000000000035504                __bss_start = .

.bss            0x0000000000035520    0x144e4
 *(.dynbss)
 .dynbss        0x0000000000035520        0x0 /usr/lib/gcc/i686-linux-gnu/5/../../../i386-linux-gnu/crti.o
 *(.bss .bss.* .gnu.linkonce.b.*)
 .bss           0x0000000000035520        0x0 /usr/lib/gcc/i686-linux-gnu/5/../../../i386-linux-gnu/crti.o
 .bss           0x0000000000035520        0x1 /usr/lib/gcc/i686-linux-gnu/5/crtbeginS.o
 *fill*         0x0000000000035521       0x1f 
 .bss           0x0000000000035540      0x16c client.o
                0x0000000000035540                rpl_add
 *fill*         0x00000000000356ac       0x14 
 .bss           0x00000000000356c0     0x2030 build/cooja/mtype577.o
 .bss           0x00000000000376f0        0x1 build/cooja/mtype577.a(simEnvChange.o)
                0x00000000000376f0                simDontFallAsleep
 *fill*         0x00000000000376f1        0x3 
 .bss           0x00000000000376f4        0x4 build/cooja/mtype577.a(cooja_mt.o)
 .bss           0x00000000000376f8        0x4 build/cooja/mtype577.a(cooja_mtarch.o)
 .bss           0x00000000000376fc        0x0 build/cooja/mtype577.a(rtimer-arch.o)
 .bss           0x00000000000376fc        0x0 build/cooja/mtype577.a(beep.o)
 .bss           0x00000000000376fc        0x1 build/cooja/mtype577.a(leds-arch.o)
                0x00000000000376fc                simLedsValue
 .bss           0x00000000000376fd        0x0 build/cooja/mtype577.a(moteid.o)
 .bss           0x00000000000376fd        0x1 build/cooja/mtype577.a(pir-sensor.o)
                0x00000000000376fd                simPirValue
 *fill*         0x00000000000376fe        0x2 
 .bss           0x0000000000037700        0x4 build/cooja/mtype577.a(rs232.o)
 .bss           0x0000000000037704        0x1 build/cooja/mtype577.a(vib-sensor.o)
                0x0000000000037704                simVibValue
 .bss           0x0000000000037705        0x0 build/cooja/mtype577.a(clock.o)
 *fill*         0x0000000000037705       0x1b 
 .bss           0x0000000000037720     0x2020 build/cooja/mtype577.a(cooja-log.o)
 .bss           0x0000000000039740      0xfc0 build/cooja/mtype577.a(cfs-cooja.o)
                0x0000000000039740                simCFSData
                0x000000000003a6e0                simCFSSize
                0x000000000003a6e4                simCFSChanged
                0x000000000003a6e8                simCFSRead
                0x000000000003a6ec                simCFSWritten
 .bss           0x000000000003a700       0x24 build/cooja/mtype577.a(cooja-radio.o)
                0x000000000003a700                simReceiving
                0x000000000003a704                simInSize
                0x000000000003a708                simLastPacketTimestamp
                0x000000000003a710                simOutSize
 .bss           0x000000000003a724        0xc build/cooja/mtype577.a(eeprom.o)
                0x000000000003a724                simEEPROMChanged
                0x000000000003a728                simEEPROMRead
                0x000000000003a72c                simEEPROMWritten
 .bss           0x000000000003a730        0x0 build/cooja/mtype577.a(random.o)
 .bss           0x000000000003a730        0xc build/cooja/mtype577.a(sensors.o)
 .bss           0x000000000003a73c        0x0 build/cooja/mtype577.a(leds.o)
 .bss           0x000000000003a73c       0x24 build/cooja/mtype577.a(gpio-hal-arch.o)
 .bss           0x000000000003a760        0x0 build/cooja/mtype577.a(buttons.o)
 .bss           0x000000000003a760        0x4 build/cooja/mtype577.a(res_temperature)
 .bss           0x000000000003a764        0x0 build/cooja/mtype577.a(coap-blocking-a)
 *fill*         0x000000000003a764       0x1c 
 .bss           0x000000000003a780      0x190 build/cooja/mtype577.a(coap-engine.o)
 .bss           0x000000000003a910        0x0 build/cooja/mtype577.a(coap-res-well-k)
 *fill*         0x000000000003a910       0x10 
 .bss           0x000000000003a920      0x120 build/cooja/mtype577.a(coap-observe.o)
 .bss           0x000000000003aa40       0x18 build/cooja/mtype577.a(coap-uip.o)
 .bss           0x000000000003aa58        0x5 build/cooja/mtype577.a(coap-timer.o)
 *fill*         0x000000000003aa5d        0x3 
 .bss           0x000000000003aa60      0x334 build/cooja/mtype577.a(coap-transactio)
 .bss           0x000000000003ad94        0x6 build/cooja/mtype577.a(coap.o)
                0x000000000003ad94                coap_status_code
 .bss           0x000000000003ad9a        0x0 build/cooja/mtype577.a(contiki-main.o)
 .bss           0x000000000003ad9a        0x0 build/cooja/mtype577.a(autostart.o)
 *fill*         0x000000000003ad9a        0x2 
 .bss           0x000000000003ad9c        0x5 build/cooja/mtype577.a(ctimer.o)
 *fill*         0x000000000003ada1        0x3 
 .bss           0x000000000003ada4       0x2c build/cooja/mtype577.a(log.o)
                0x000000000003ada4                curr_log_level_rpl
                0x000000000003ada8                curr_log_level_tcpip
                0x000000000003adac                curr_log_level_ipv6
                0x000000000003adb0                curr_log_level_6lowpan
                0x000000000003adb4                curr_log_level_nullnet
                0x000000000003adb8                curr_log_level_mac
                0x000000000003adbc                curr_log_level_framer
                0x000000000003adc0                curr_log_level_6top
                0x000000000003adc4                curr_log_level_coap
                0x000000000003adc8                curr_log_level_snmp
                0x000000000003adcc                curr_log_level_lwm2m
 .bss           0x000000000003add0        0x0 build/cooja/mtype577.a(energest.o)
 .bss           0x000000000003add0        0x8 build/cooja/mtype577.a(etimer.o)
 .bss           0x000000000003add8        0x2 build/cooja/mtype577.a(node-id.o)
                0x000000000003add8                node_id
 *fill*         0x000000000003adda        0x2 
 .bss           0x000000000003addc        0x4 build/cooja/mtype577.a(rtimer.o)
 .bss           0x000000000003ade0      0x1a1 build/cooja/mtype577.a(process.o)
                0x000000000003ade0                process_list
                0x000000000003ade4                process_current
 .bss           0x000000000003af81        0x0 build/cooja/mtype577.a(timer.o)
 .bss           0x000000000003af81        0x0 build/cooja/mtype577.a(list.o)
 .bss           0x000000000003af81        0x0 build/cooja/mtype577.a(memb.o)
 *fill*         0x000000000003af81        0x3 
 .bss           0x000000000003af84       0x10 build/cooja/mtype577.a(button-hal.o)
 *fill*         0x000000000003af94        0xc 
 .bss           0x000000000003afa0      0x140 build/cooja/mtype577.a(serial-line.o)
 .bss           0x000000000003b0e0        0x4 build/cooja/mtype577.a(gpio-hal.o)
 *fill*         0x000000000003b0e4       0x1c 
 .bss           0x000000000003b100     0x2c80 build/cooja/mtype577.a(queuebuf.o)
 .bss           0x000000000003dd80       0xa0 build/cooja/mtype577.a(packetbuf.o)
 .bss           0x000000000003de20        0x4 build/cooja/mtype577.a(netstack.o)
 .bss           0x000000000003de24        0x0 build/cooja/mtype577.a(linkaddr.o)
 .bss           0x000000000003de24        0x0 build/cooja/mtype577.a(csma.o)
 *fill*         0x000000000003de24       0x1c 
 .bss           0x000000000003de40      0x726 build/cooja/mtype577.a(csma-output.o)
 *fill*         0x000000000003e566        0x2 
 .bss           0x000000000003e568       0x30 build/cooja/mtype577.a(uip-ds6.o)
 .bss           0x000000000003e598        0x0 build/cooja/mtype577.a(uip-udp-packet.)
 *fill*         0x000000000003e598        0x8 
 .bss           0x000000000003e5a0       0x60 build/cooja/mtype577.a(uip-ds6-route.o)
 .bss           0x000000000003e600       0x10 build/cooja/mtype577.a(tcpip.o)
 .bss           0x000000000003e610        0x8 build/cooja/mtype577.a(uip6.o)
                0x000000000003e610                uip_ext_bitmap
                0x000000000003e612                uip_ext_len