Archive member included to satisfy reference by file (symbol)

build/cooja/mtype592.a(simEnvChange.o)
                              build/cooja/mtype592.o (simDontFallAsleep)
build/cooja/mtype592.a(cooja_mt.o)
                              build/cooja/mtype592.o (cooja_mt_start)
build/cooja/mtype592.a(cooja_mtarch.o)
                              build/cooja/mtype592.a(cooja_mt.o) (cooja_mtarch_start)
build/cooja/mtype592.a(rtimer-arch.o)
                              build/cooja/mtype592.o (rtimer_arch_check)
build/cooja/mtype592.a(beep.o)
                              build/cooja/mtype592.o (beep_interface)
build/cooja/mtype592.a(leds-arch.o)
                              build/cooja/mtype592.o (leds_interface)
build/cooja/mtype592.a(moteid.o)
                              build/cooja/mtype592.o (moteid_interface)
build/cooja/mtype592.a(pir-sensor.o)
                              build/cooja/mtype592.o (pir_interface)
build/cooja/mtype592.a(rs232.o)
                              build/cooja/mtype592.o (rs232_interface)
build/cooja/mtype592.a(vib-sensor.o)
                              build/cooja/mtype592.o (vib_interface)
build/cooja/mtype592.a(clock.o)
                              build/cooja/mtype592.o (clock_interface)
build/cooja/mtype592.a(cooja-log.o)
                              build/cooja/mtype592.o (simlog_interface)
build/cooja/mtype592.a(cfs-cooja.o)
                              build/cooja/mtype592.o (cfs_interface)
build/cooja/mtype592.a(cooja-radio.o)
                              build/cooja/mtype592.o (radio_interface)
build/cooja/mtype592.a(eeprom.o)
                              build/cooja/mtype592.o (eeprom_interface)
build/cooja/mtype592.a(random.o)
                              build/cooja/mtype592.a(moteid.o) (random_init)
build/cooja/mtype592.a(sensors.o)
                              build/cooja/mtype592.a(pir-sensor.o) (sensors_changed)
build/cooja/mtype592.a(leds.o)
                              build/cooja/mtype592.a(leds-arch.o) (leds_get)
build/cooja/mtype592.a(gpio-hal-arch.o)
                              build/cooja/mtype592.a(leds-arch.o) (gpio_hal_arch_register_pin_callback)
build/cooja/mtype592.a(buttons.o)
                              build/cooja/mtype592.o (button_interface)
build/cooja/mtype592.a(res-power.o)
                              client.o (res_power)
build/cooja/mtype592.a(res-temperature)
                              client.o (res_temperature)
build/cooja/mtype592.a(coap-blocking-a)
                              client.o (coap_blocking_request)
build/cooja/mtype592.a(coap-engine.o)
                              client.o (coap_activate_resource)
build/cooja/mtype592.a(coap-res-well-k)
                              build/cooja/mtype592.a(coap-engine.o) (res_well_known_core)
build/cooja/mtype592.a(coap-observe.o)
                              build/cooja/mtype592.a(coap-engine.o) (coap_remove_observer_by_mid)
build/cooja/mtype592.a(coap-uip.o)
                              build/cooja/mtype592.a(coap-observe.o) (coap_endpoint_copy)
build/cooja/mtype592.a(coap-timer.o)
                              build/cooja/mtype592.a(coap-engine.o) (coap_timer_set)
build/cooja/mtype592.a(coap-transactio)
                              build/cooja/mtype592.a(coap-blocking-a) (coap_send_transaction)
build/cooja/mtype592.a(coap.o)
                              build/cooja/mtype592.a(coap-engine.o) (coap_status_code)
build/cooja/mtype592.a(contiki-main.o)
                              build/cooja/mtype592.o (main)
build/cooja/mtype592.a(autostart.o)
                              build/cooja/mtype592.a(contiki-main.o) (autostart_start)
build/cooja/mtype592.a(ctimer.o)
                              build/cooja/mtype592.a(contiki-main.o) (ctimer_init)
build/cooja/mtype592.a(log.o)
                              build/cooja/mtype592.a(contiki-main.o) (curr_log_level_main)
build/cooja/mtype592.a(energest.o)
                              build/cooja/mtype592.a(contiki-main.o) (energest_init)
build/cooja/mtype592.a(etimer.o)
                              build/cooja/mtype592.a(contiki-main.o) (etimer_process)
build/cooja/mtype592.a(node-id.o)
                              client.o (node_id)
build/cooja/mtype592.a(rtimer.o)
                              build/cooja/mtype592.a(contiki-main.o) (rtimer_init)
build/cooja/mtype592.a(process.o)
                              build/cooja/mtype592.a(coap-blocking-a) (process_current)
build/cooja/mtype592.a(timer.o)
                              build/cooja/mtype592.a(etimer.o) (timer_set)
build/cooja/mtype592.a(list.o)
                              build/cooja/mtype592.a(coap-engine.o) (list_init)
build/cooja/mtype592.a(memb.o)
                              build/cooja/mtype592.a(coap-observe.o) (memb_alloc)
build/cooja/mtype592.a(button-hal.o)
                              build/cooja/mtype592.o (button_hal_init)
build/cooja/mtype592.a(serial-line.o)
                              build/cooja/mtype592.a(rs232.o) (serial_line_input_byte)
[...]
Memory Configuration

Name             Origin             Length             Attributes
*default*        0x0000000000000000 0xffffffffffffffff

Linker script and memory map

LOAD /usr/lib/gcc/i686-linux-gnu/5/../../../i386-linux-gnu/crti.o
LOAD /usr/lib/gcc/i686-linux-gnu/5/crtbeginS.o
LOAD client.o
LOAD build/cooja/mtype592.o
LOAD build/cooja/mtype592.a
LOAD /usr/lib/gcc/i686-linux-gnu/5/libgcc.a
LOAD /usr/lib/gcc/i686-linux-gnu/5/libgcc_s.so
LOAD /usr/lib/gcc/i686-linux-gnu/5/../../../i386-linux-gnu/libc.so
START GROUP
LOAD /lib/i386-linux-gnu/libc.so.6
LOAD /usr/lib/i386-linux-gnu/libc_nonshared.a
LOAD /lib/i386-linux-gnu/ld-linux.so.2
END GROUP
LOAD /usr/lib/gcc/i686-linux-gnu/5/libgcc.a
LOAD /usr/lib/gcc/i686-linux-gnu/5/libgcc_s.so
LOAD /usr/lib/gcc/i686-linux-gnu/5/crtendS.o
LOAD /usr/lib/gcc/i686-linux-gnu/5/../../../i386-linux-gnu/crtn.o
                0x0000000000000114                . = (0x0 + SIZEOF_HEADERS)

.note.gnu.build-id
                0x0000000000000114       0x24
 *(.note.gnu.build-id)
 .note.gnu.build-id
                0x0000000000000114       0x24 /usr/lib/gcc/i686-linux-gnu/5/../../../i386-linux-gnu/crti.o

.hash
 *(.hash)

.gnu.hash       0x0000000000000138     0x15b4
 *(.gnu.hash)
 .gnu.hash      0x0000000000000138     0x15b4 /usr/lib/gcc/i686-linux-gnu/5/../../../i386-linux-gnu/crti.o

.dynsym         0x00000000000016ec     0x2f80
 *(.dynsym)
 .dynsym        0x00000000000016ec     0x2f80 /usr/lib/gcc/i686-linux-gnu/5/../../../i386-linux-gnu/crti.o

.dynstr         0x000000000000466c     0x372b
 *(.dynstr)
 .dynstr        0x000000000000466c     0x372b /usr/lib/gcc/i686-linux-gnu/5/../../../i386-linux-gnu/crti.o

.gnu.version    0x0000000000007d98      0x5f0
 *(.gnu.version)
 .gnu.version   0x0000000000007d98      0x5f0 /usr/lib/gcc/i686-linux-gnu/5/../../../i386-linux-gnu/crti.o

.gnu.version_d  0x0000000000008388        0x0
 *(.gnu.version_d)
 .gnu.version_d
                0x0000000000008388        0x0 /usr/lib/gcc/i686-linux-gnu/5/../../../i386-linux-gnu/crti.o

.gnu.version_r  0x0000000000008388       0x40
 *(.gnu.version_r)
 .gnu.version_r
                0x0000000000008388       0x40 /usr/lib/gcc/i686-linux-gnu/5/../../../i386-linux-gnu/crti.o

.rel.dyn        0x00000000000083c8     0x9538
 *(.rel.init)
 .rel.init      0x00000000000083c8        0x0 /usr/lib/gcc/i686-linux-gnu/5/../../../i386-linux-gnu/crti.o
 *(.rel.text .rel.text.* .rel.gnu.linkonce.t.*)
 .rel.text      0x00000000000083c8     0x8b18 /usr/lib/gcc/i686-linux-gnu/5/../../../i386-linux-gnu/crti.o
 *(.rel.fini)
 .rel.fini      0x0000000000010ee0        0x0 /usr/lib/gcc/i686-linux-gnu/5/../../../i386-linux-gnu/crti.o
 *(.rel.rodata .rel.rodata.* .rel.gnu.linkonce.r.*)
 .rel.rodata    0x0000000000010ee0      0x598 /usr/lib/gcc/i686-linux-gnu/5/../../../i386-linux-gnu/crti.o
 *(.rel.data.rel.ro .rel.data.rel.ro.* .rel.gnu.linkonce.d.rel.ro.*)
 *(.rel.data .rel.data.* .rel.gnu.linkonce.d.*)
 .rel.data.rel.local
                0x0000000000011478        0x8 /usr/lib/gcc/i686-linux-gnu/5/../../../i386-linux-gnu/crti.o
 .rel.data      0x0000000000011480      0x448 /usr/lib/gcc/i686-linux-gnu/5/../../../i386-linux-gnu/crti.o
 *(.rel.tdata .rel.tdata.* .rel.gnu.linkonce.td.*)
 *(.rel.tbss .rel.tbss.* .rel.gnu.linkonce.tb.*)
 *(.rel.ctors)
 *(.rel.dtors)
 *(.rel.got)
 .rel.got       0x00000000000118c8       0x28 /usr/lib/gcc/i686-linux-gnu/5/../../../i386-linux-gnu/crti.o
 *(.rel.bss .rel.bss.* .rel.gnu.linkonce.b.*)
 *(.rel.ifunc)
 .rel.ifunc     0x00000000000118f0        0x0 /usr/lib/gcc/i686-linux-gnu/5/../../../i386-linux-gnu/crti.o
 .rel.fini_array
                0x00000000000118f0        0x8 /usr/lib/gcc/i686-linux-gnu/5/../../../i386-linux-gnu/crti.o
 .rel.init_array
                0x00000000000118f8        0x8 /usr/lib/gcc/i686-linux-gnu/5/../../../i386-linux-gnu/crti.o

.rel.plt        0x0000000000011900        0x0
 *(.rel.plt)
 .rel.plt       0x0000000000011900        0x0 /usr/lib/gcc/i686-linux-gnu/5/../../../i386-linux-gnu/crti.o
 *(.rel.iplt)

.init           0x0000000000011900       0x23
 *(SORT(.init))
 .init          0x0000000000011900       0x1e /usr/lib/gcc/i686-linux-gnu/5/../../../i386-linux-gnu/crti.o
                0x0000000000011900                _init
 .init          0x000000000001191e        0x5 /usr/lib/gcc/i686-linux-gnu/5/../../../i386-linux-gnu/crtn.o

.plt            0x0000000000011930       0x10
 *(.plt)
 .plt           0x0000000000011930       0x10 /usr/lib/gcc/i686-linux-gnu/5/../../../i386-linux-gnu/crti.o
 *(.iplt)

.plt.got        0x0000000000011940       0x10
 *(.plt.got)
 .plt.got       0x0000000000011940       0x10 /usr/lib/gcc/i686-linux-gnu/5/../../../i386-linux-gnu/crti.o

.text           0x0000000000011950    0x19202
 *(.text.unlikely .text.*_unlikely .text.unlikely.*)
 .text.unlikely
                0x0000000000011950        0x0 /usr/lib/gcc/i686-linux-gnu/5/crtbeginS.o
 .text.unlikely
                0x0000000000011950        0x0 /usr/lib/gcc/i686-linux-gnu/5/libgcc.a(_udivdi3.o)
 *(.text.exit .text.exit.*)
 *(.text.startup .text.startup.*)
 *(.text.hot .text.hot.*)
 *(.text .stub .text.* .gnu.linkonce.t.*)
 .text          0x0000000000011950        0x0 /usr/lib/gcc/i686-linux-gnu/5/../../../i386-linux-gnu/crti.o
 .gnu.linkonce.t.__x86.get_pc_thunk.bx
                0x0000000000011950        0x4 /usr/lib/gcc/i686-linux-gnu/5/../../../i386-linux-gnu/crti.o
                0x0000000000011950                __x86.get_pc_thunk.bx
 *fill*         0x0000000000011954        0xc 
 .text          0x0000000000011960      0x11c /usr/lib/gcc/i686-linux-gnu/5/crtbeginS.o
 .text.__x86.get_pc_thunk.dx
                0x0000000000011a7c        0x4 /usr/lib/gcc/i686-linux-gnu/5/crtbeginS.o
                0x0000000000011a7c                __x86.get_pc_thunk.dx
 .text          0x0000000000011a80      0x55f client.o
                0x0000000000011ae9                client_chunk_handler
 .text          0x0000000000011fdf      0x283 build/cooja/mtype592.o
                0x0000000000012071                platform_init_stage_one
                0x0000000000012084                platform_init_stage_two
                0x0000000000012097                platform_init_stage_three
                0x00000000000120aa                platform_main_loop
                0x000000000001211d                Java_org_contikios_cooja_corecomm_Lib16_init
                0x0000000000012154                Java_org_contikios_cooja_corecomm_Lib16_getMemory
                0x0000000000012187                Java_org_contikios_cooja_corecomm_Lib16_setMemory
                0x00000000000121e7                Java_org_contikios_cooja_corecomm_Lib16_tick
                0x000000000001224f                Java_org_contikios_cooja_corecomm_Lib16_setReferenceAddress
 .text          0x0000000000012262       0x65 build/cooja/mtype592.a(simEnvChange.o)
                0x0000000000012262                doActionsBeforeTick
                0x0000000000012294                doActionsAfterTick
 .text          0x00000000000122c7       0x83 build/cooja/mtype592.a(cooja_mt.o)
                0x00000000000122c7                cooja_mt_start
                0x00000000000122f1                cooja_mt_exec
                0x0000000000012327                cooja_mt_yield
 .text          0x000000000001234a       0xbe build/cooja/mtype592.a(cooja_mtarch.o)
                0x000000000001234a                cooja_mtarch_start
                0x00000000000123bd                cooja_sw
                0x00000000000123e0                cooja_mtarch_exec
                0x00000000000123fd                cooja_mtarch_yield
 .text          0x0000000000012408       0xc5 build/cooja/mtype592.a(rtimer-arch.o)
                0x0000000000012408                rtimer_arch_init
                0x000000000001242c                rtimer_arch_schedule
                0x000000000001245c                rtimer_arch_next
                0x000000000001246c                rtimer_arch_pending
                0x0000000000012476                rtimer_arch_check
                0x00000000000124bd                rtimer_arch_now
 .text          0x00000000000124cd       0x81 build/cooja/mtype592.a(beep.o)
                0x00000000000124cd                beep_alarm
                0x00000000000124da                beep_beep
                0x00000000000124e7                beep
                0x00000000000124f4                beep_down
                0x0000000000012501                beep_on
                0x000000000001250e                beep_off
                0x000000000001251b                beep_spinup
                0x0000000000012528                beep_quick
                0x0000000000012535                beep_long
 .text          0x000000000001254e       0x65 build/cooja/mtype592.a(leds-arch.o)
                0x0000000000012561                leds_arch_init
 .text          0x00000000000125b3       0x35 build/cooja/mtype592.a(moteid.o)
 .text          0x00000000000125e8       0xb7 build/cooja/mtype592.a(pir-sensor.o)
 .text          0x000000000001269f      0x148 build/cooja/mtype592.a(rs232.o)
                0x000000000001269f                rs232_init
                0x00000000000126a5                rs232_set_speed
                0x00000000000126b4                rs232_set_input
                0x00000000000126c2                rs232_send
                0x00000000000126e6                rs232_print
                0x0000000000012702                slip_arch_writeb
 .text          0x00000000000127e7       0xb7 build/cooja/mtype592.a(vib-sensor.o)
 .text          0x000000000001289e       0x38 build/cooja/mtype592.a(clock.o)
                0x000000000001289e                clock_init
                0x00000000000128a4                clock_time
                0x00000000000128ae                clock_seconds
                0x00000000000128c4                clock_delay
 .text          0x00000000000128d6      0x219 build/cooja/mtype592.a(cooja-log.o)
                0x00000000000128d6                simlog_char
                0x0000000000012919                simlog
                0x000000000001298f                log_message
                0x00000000000129c0                log_set_putchar_with_slip
                0x00000000000129ce                log_putchar
                0x0000000000012a49                log_puts
                0x0000000000012a71                log_printf
 .text          0x0000000000012aef      0x2b9 build/cooja/mtype592.a(cfs-cooja.o)
                0x0000000000012aef                cfs_open
                0x0000000000012b58                cfs_close
                0x0000000000012b65                cfs_read
                0x0000000000012bfa                cfs_write
                0x0000000000012cd6                cfs_seek
                0x0000000000012d5e                cfs_remove
                0x0000000000012d82                cfs_opendir
                0x0000000000012d8c                cfs_readdir
                0x0000000000012d96                cfs_closedir
 .text          0x0000000000012da8      0x620 build/cooja/mtype592.a(cooja-radio.o)
                0x0000000000012dea                radio_set_channel
                0x0000000000012df8                radio_set_txpower
                0x0000000000012e10                radio_signal_strength_last
                0x0000000000012e1a                radio_signal_strength_current
                0x0000000000012e24                radio_LQI
 .text          0x00000000000133c8       0xee build/cooja/mtype592.a(eeprom.o)
                0x00000000000133c8                eeprom_init
                0x00000000000133ce                eeprom_read
                0x000000000001343c                eeprom_write
 .text          0x00000000000134b6       0x2d build/cooja/mtype592.a(random.o)
                0x00000000000134b6                random_init
                0x00000000000134d6                random_rand
 .text          0x00000000000134e3      0x29c build/cooja/mtype592.a(sensors.o)
                0x000000000001351e                sensors_first
                0x0000000000013528                sensors_next
                0x0000000000013542                sensors_changed
                0x0000000000013576                sensors_find
 .text          0x000000000001377f      0x349 build/cooja/mtype592.a(leds.o)
                0x000000000001377f                leds_init
                0x00000000000137c6                leds_single_on
                0x0000000000013825                leds_single_off
                0x0000000000013884                leds_single_toggle
                0x00000000000138b6                leds_on
                0x0000000000013938                leds_off
                0x00000000000139ba                leds_toggle
                0x0000000000013a0f                leds_set
                0x0000000000013a3b                leds_get
 .text          0x0000000000013ac8      0x343 build/cooja/mtype592.a(gpio-hal-arch.o)
                0x0000000000013ac8                gpio_hal_arch_register_pin_callback
                0x0000000000013b34                gpio_hal_arch_init
                0x0000000000013b79                gpio_hal_arch_no_port_interrupt_enable
                0x0000000000013ba9                gpio_hal_arch_no_port_interrupt_disable
                0x0000000000013bd9                gpio_hal_arch_no_port_pin_cfg_set
                0x0000000000013bfe                gpio_hal_arch_no_port_pin_cfg_get
                0x0000000000013c24                gpio_hal_arch_no_port_pin_set_input
                0x0000000000013c36                gpio_hal_arch_no_port_pin_set_output
                0x0000000000013c48                gpio_hal_arch_no_port_set_pin
                0x0000000000013c69                gpio_hal_arch_no_port_clear_pin
                0x0000000000013c8a                gpio_hal_arch_no_port_read_pin
                0x0000000000013cb0                gpio_hal_arch_no_port_write_pin
                0x0000000000013cda                gpio_hal_arch_no_port_set_pins
                0x0000000000013d21                gpio_hal_arch_no_port_clear_pins
                0x0000000000013d68                gpio_hal_arch_no_port_read_pins
                0x0000000000013dab                gpio_hal_arch_no_port_write_pins
 .text          0x0000000000013e0b       0x89 build/cooja/mtype592.a(buttons.o)
 .text          0x0000000000013e94      0x435 build/cooja/mtype592.a(res-power.o)
 .text          0x00000000000142c9      0x3fe build/cooja/mtype592.a(res-temperature)
 .text          0x00000000000146c7      0x27b build/cooja/mtype592.a(coap-blocking-a)
                0x00000000000146c7                coap_blocking_request_callback
                0x00000000000146f1                coap_blocking_request
 .text          0x0000000000014942      0xbea build/cooja/mtype592.a(coap-engine.o)
                0x00000000000149d7                coap_add_handler
                0x00000000000149f4                coap_remove_handler
                0x0000000000014a11                coap_call_handlers
                0x0000000000014b19                coap_receive
                0x0000000000015114                coap_engine_init
                0x0000000000015172                coap_activate_resource
                0x000000000001521d                coap_get_first_resource
                0x0000000000015236                coap_get_next_resource
 .text          0x000000000001552c      0x2d9 build/cooja/mtype592.a(coap-res-well-k)
 .text          0x0000000000015805      0x96a build/cooja/mtype592.a(coap-observe.o)
                0x000000000001591a                coap_remove_observer
                0x000000000001594a                coap_remove_observer_by_client
                0x00000000000159b2                coap_remove_observer_by_token
                0x0000000000015a45                coap_remove_observer_by_uri
                0x0000000000015aec                coap_remove_observer_by_mid
                0x0000000000015b68                coap_notify_observers
                0x0000000000015b81                coap_notify_observers_sub
                0x0000000000015feb                coap_observe_handler
                0x0000000000016106                coap_has_observers
 .text          0x000000000001616f      0x733 build/cooja/mtype592.a(coap-uip.o)
                0x000000000001616f                coap_endpoint_log
                0x00000000000161f5                coap_endpoint_print
                0x000000000001627b                coap_endpoint_snprint
                0x00000000000163ae                coap_endpoint_copy
                0x00000000000163eb                coap_endpoint_cmp
                0x00000000000164f9                coap_endpoint_parse
                0x00000000000166e4                coap_endpoint_is_secure
                0x00000000000166f3                coap_endpoint_is_connected
                0x0000000000016727                coap_endpoint_connect
                0x0000000000016743                coap_endpoint_disconnect
                0x0000000000016749                coap_databuf
                0x0000000000016753                coap_transport_init
                0x00000000000167a3                coap_sendto
 .text          0x00000000000168a2      0x324 build/cooja/mtype592.a(coap-timer.o)
                0x000000000001699f                coap_timer_stop
                0x00000000000169ca                coap_timer_set
                0x0000000000016a0d                coap_timer_reset
                0x0000000000016a50                coap_timer_time_to_next_expiration
                0x0000000000016abc                coap_timer_run
                0x0000000000016b88                coap_timer_init
 .text          0x0000000000016bc6      0x2c6 build/cooja/mtype592.a(coap-transactio)
                0x0000000000016c2c                coap_new_transaction
                0x0000000000016c92                coap_send_transaction
                0x0000000000016df3                coap_clear_transaction
                0x0000000000016e3b                coap_get_transaction_by_mid
 .text          0x0000000000016e8c     0x1c53 build/cooja/mtype592.a(coap.o)
                0x00000000000173f9                coap_init_connection
                0x000000000001740d                coap_get_mid
                0x0000000000017429                coap_init_message
                0x0000000000017472                coap_serialize_message
                0x0000000000017af4                coap_parse_message
                0x000000000001815b                coap_get_query_variable
                0x000000000001819d                coap_get_post_variable
                0x00000000000181e1                coap_set_status_code
                0x0000000000018206                coap_set_token
                0x000000000001824d                coap_get_header_content_format
                0x000000000001827e                coap_set_header_content_format
                0x00000000000182a1                coap_get_header_accept
                0x00000000000182d2                coap_set_header_accept
                0x00000000000182f5                coap_get_header_max_age
                0x0000000000018326                coap_set_header_max_age
                0x0000000000018346                coap_get_header_etag
                0x0000000000018378                coap_set_header_etag
                0x00000000000183cf                coap_get_header_if_match
                0x0000000000018401                coap_set_header_if_match
                0x0000000000018458                coap_get_header_if_none_match
                0x0000000000018472                coap_set_header_if_none_match
                0x0000000000018489                coap_get_header_proxy_uri
                0x00000000000184b7                coap_set_header_proxy_uri
                0x00000000000184f4                coap_get_header_uri_host
                0x0000000000018522                coap_set_header_uri_host
                0x000000000001855f                coap_get_header_uri_path
                0x000000000001858d                coap_set_header_uri_path
                0x00000000000185da                coap_get_header_uri_query
                0x000000000001860e                coap_set_header_uri_query
                0x0000000000018664                coap_get_header_location_path
                0x0000000000018692                coap_set_header_location_path
                0x000000000001872b                coap_get_header_location_query
                0x0000000000018759                coap_set_header_location_query
                0x00000000000187a6                coap_get_header_observe
                0x00000000000187d5                coap_set_header_observe
                0x00000000000187f5                coap_get_header_block2
                0x0000000000018861                coap_set_header_block2
                0x00000000000188d8                coap_get_header_block1
                0x000000000001894d                coap_set_header_block1
                0x00000000000189c8                coap_get_header_size2
                0x00000000000189f8                coap_set_header_size2
                0x0000000000018a1b                coap_get_header_size1
                0x0000000000018a4b                coap_set_header_size1
                0x0000000000018a6e                coap_get_payload
                0x0000000000018aa8                coap_set_payload
 .text          0x0000000000018adf      0x332 build/cooja/mtype592.a(contiki-main.o)
                0x0000000000018adf                main
 .text          0x0000000000018e11       0x92 build/cooja/mtype592.a(autostart.o)
                0x0000000000018e11                autostart_start
                0x0000000000018e5b                autostart_exit
 .text          0x0000000000018ea3      0x355 build/cooja/mtype592.a(ctimer.o)
                0x0000000000018fcb                ctimer_init
                0x0000000000018ffe                ctimer_set
                0x0000000000019024                ctimer_set_with_process
                0x00000000000190a1                ctimer_reset
                0x00000000000190f5                ctimer_restart
                0x0000000000019149                ctimer_stop
                0x0000000000019199                ctimer_expired
 .text          0x00000000000191f8      0x394 build/cooja/mtype592.a(log.o)
                0x00000000000191f8                log_6addr
                0x000000000001924b                log_6addr_compact_snprint
                0x00000000000192e9                log_6addr_compact
                0x000000000001933c                log_lladdr
                0x00000000000193ae                log_lladdr_compact
                0x0000000000019416                log_set_level
                0x00000000000194d1                log_get_level
                0x000000000001954a                log_level_to_str
 .text          0x000000000001958c       0x1b build/cooja/mtype592.a(energest.o)
                0x000000000001958c                energest_init
                0x0000000000019592                energest_flush
                0x0000000000019598                energest_get_total_time
 .text          0x00000000000195a7      0x43f build/cooja/mtype592.a(etimer.o)
                0x00000000000197cb                etimer_request_poll
                0x0000000000019854                etimer_set
                0x000000000001987d                etimer_reset_with_new_interval
                0x00000000000198ac                etimer_reset
                0x00000000000198d2                etimer_restart
                0x00000000000198f8                etimer_adjust
                0x0000000000019915                etimer_expired
                0x0000000000019928                etimer_expiration_time
                0x000000000001993a                etimer_start_time
                0x0000000000019944                etimer_pending
                0x0000000000019956                etimer_next_expiration_time
                0x0000000000019970                etimer_stop
 .text          0x00000000000199e6       0x25 build/cooja/mtype592.a(node-id.o)
                0x00000000000199e6                node_id_init
 .text          0x0000000000019a0b       0xeb build/cooja/mtype592.a(rtimer.o)
                0x0000000000019a0b                rtimer_init
                0x0000000000019a19                rtimer_set
                0x0000000000019a94                rtimer_run_next
 .text          0x0000000000019af6      0x4fb build/cooja/mtype592.a(process.o)
                0x0000000000019af6                process_alloc_event
                0x0000000000019b0b                process_start
                0x0000000000019ce5                process_exit
                0x0000000000019d02                process_init
                0x0000000000019e97                process_run
                0x0000000000019eca                process_nevents
                0x0000000000019ee5                process_post
                0x0000000000019f78                process_post_synch
                0x0000000000019fad                process_poll
                0x0000000000019fdd                process_is_running
 .text          0x0000000000019ff1       0xb1 build/cooja/mtype592.a(timer.o)
                0x0000000000019ff1                timer_set
                0x000000000001a00f                timer_reset
                0x000000000001a03c                timer_restart
                0x000000000001a051                timer_expired
                0x000000000001a07e                timer_remaining
 .text          0x000000000001a0a2      0x28f build/cooja/mtype592.a(list.o)
                0x000000000001a0a2                list_init
                0x000000000001a0b1                list_head
                0x000000000001a0bb                list_copy
                0x000000000001a0cb                list_tail
                0x000000000001a101                list_add
                0x000000000001a14d                list_push
                0x000000000001a179                list_chop
                0x000000000001a1e3                list_pop
                0x000000000001a20b                list_remove
                0x000000000001a273                list_length
                0x000000000001a2a1                list_insert
                0x000000000001a2e6                list_item_next
                0x000000000001a2fd                list_contains
 .text          0x000000000001a331      0x1b5 build/cooja/mtype592.a(memb.o)
                0x000000000001a331                memb_init
                0x000000000001a386                memb_alloc
                0x000000000001a3e9                memb_free
                0x000000000001a460                memb_inmemb
                0x000000000001a49f                memb_numfree
 .text          0x000000000001a4e6      0x41c build/cooja/mtype592.a(button-hal.o)
                0x000000000001a65f                button_hal_get_by_id
                0x000000000001a69d                button_hal_get_by_index
                0x000000000001a6c9                button_hal_get_state
                0x000000000001a71b                button_hal_init
 .text          0x000000000001a902      0x1f3 build/cooja/mtype592.a(serial-line.o)
                0x000000000001a902                serial_line_input_byte
                0x000000000001aac0                serial_line_init
 .text          0x000000000001aaf5      0x168 build/cooja/mtype592.a(gpio-hal.o)
                0x000000000001aaf5                gpio_hal_register_handler
                0x000000000001ab12                gpio_hal_event_handler
                0x000000000001ab6e                gpio_hal_init
                0x000000000001ab8d                gpio_hal_arch_port_toggle_pin
                0x000000000001abc9                gpio_hal_arch_port_toggle_pins
                0x000000000001abf7                gpio_hal_arch_no_port_toggle_pin
                0x000000000001ac35                gpio_hal_arch_no_port_toggle_pins
 .text          0x000000000001ac5d      0x2e7 build/cooja/mtype592.a(queuebuf.o)
                0x000000000001ac67                queuebuf_init
                0x000000000001ac90                queuebuf_numfree
                0x000000000001aca8                queuebuf_new_from_packetbuf
                0x000000000001ad47                queuebuf_update_attr_from_packetbuf
                0x000000000001ad7c                queuebuf_update_from_packetbuf
                0x000000000001adcc                queuebuf_free
                0x000000000001ae15                queuebuf_to_packetbuf
                0x000000000001ae81                queuebuf_dataptr
                0x000000000001aebb                queuebuf_datalen
                0x000000000001aede                queuebuf_addr
                0x000000000001af13                queuebuf_attr
                0x000000000001af3e                queuebuf_debug_print
 .text          0x000000000001af44      0x407 build/cooja/mtype592.a(packetbuf.o)
                0x000000000001af44                packetbuf_clear
                0x000000000001af6f                packetbuf_copyfrom
                0x000000000001afbe                packetbuf_copyto
                0x000000000001b051                packetbuf_hdralloc
                0x000000000001b0cd                packetbuf_hdrreduce
                0x000000000001b113                packetbuf_set_datalen
                0x000000000001b12d                packetbuf_dataptr
                0x000000000001b14a                packetbuf_hdrptr
                0x000000000001b154                packetbuf_datalen
                0x000000000001b160                packetbuf_hdrlen
                0x000000000001b177                packetbuf_totlen
                0x000000000001b18d                packetbuf_remaininglen
                0x000000000001b1a0                packetbuf_attr_clear
                0x000000000001b1ec                packetbuf_attr_copyto
                0x000000000001b244                packetbuf_attr_copyfrom
                0x000000000001b29c                packetbuf_set_attr
                0x000000000001b2c6                packetbuf_attr
                0x000000000001b2e0                packetbuf_set_addr
                0x000000000001b311                packetbuf_addr
                0x000000000001b32e                packetbuf_holds_broadcast
 .text          0x000000000001b34b       0xef build/cooja/mtype592.a(netstack.o)
                0x000000000001b34b                netstack_process_ip_callback
                0x000000000001b3dc                netstack_ip_packet_processor_add
                0x000000000001b3ff                uip_ds6_ip_packet_processor_rm
                0x000000000001b41c                netstack_init
 .text          0x000000000001b43a       0x4f build/cooja/mtype592.a(linkaddr.o)
                0x000000000001b43a                linkaddr_copy
                0x000000000001b450                linkaddr_cmp
                0x000000000001b473                linkaddr_set_node_addr
 .text          0x000000000001b489      0x1f6 build/cooja/mtype592.a(csma.o)
 .text          0x000000000001b67f      0x95d build/cooja/mtype592.a(csma-output.o)
                0x000000000001bd16                csma_output_packet
                0x000000000001bfa3                csma_output_init
 .text          0x000000000001bfdc      0xc11 build/cooja/mtype592.a(uip-ds6.o)
                0x000000000001bfdc                uip_ds6_default_prefix
                0x000000000001bfe6                uip_ds6_set_default_prefix
                0x000000000001c011                uip_ds6_init
                0x000000000001c273                uip_ds6_periodic
                0x000000000001c2fa                uip_ds6_list_loop
                0x000000000001c3ba                uip_ds6_prefix_add
                0x000000000001c466                uip_ds6_prefix_rm
                0x000000000001c479                uip_ds6_prefix_lookup
                0x000000000001c4b8                uip_ds6_is_addr_onlink
                0x000000000001c52b                uip_ds6_addr_add
                0x000000000001c64b                uip_ds6_addr_rm
                0x000000000001c6f4                uip_ds6_addr_lookup
                0x000000000001c72d                uip_ds6_get_link_local
                0x000000000001c7ae                uip_ds6_get_global
                0x000000000001c82f                uip_ds6_maddr_add
                0x000000000001c88f                uip_ds6_maddr_rm
                0x000000000001c8a2                uip_ds6_maddr_lookup
                0x000000000001c8db                uip_ds6_aaddr_add
                0x000000000001c93b                uip_ds6_aaddr_rm
                0x000000000001c94e                uip_ds6_aaddr_lookup
                0x000000000001c987                uip_ds6_select_src
                0x000000000001cad0                uip_ds6_set_addr_iid
                0x000000000001cafb                uip_ds6_set_lladdr_from_iid
                0x000000000001cb24                get_match_length
                0x000000000001cbb5                uip_ds6_compute_reachable_time
 .text          0x000000000001cbed      0x128 build/cooja/mtype592.a(uip-udp-packet.)
                0x000000000001cbed                uip_udp_packet_send
                0x000000000001cc48                uip_udp_packet_sendto
 .text          0x000000000001cd15      0x35b build/cooja/mtype592.a(uip-ds6-route.o)
                0x000000000001cd66                uip_ds6_route_init
                0x000000000001cd90                uip_ds6_route_nexthop
                0x000000000001cd9a                uip_ds6_route_head
                0x000000000001cda4                uip_ds6_route_next
                0x000000000001cdae                uip_ds6_route_is_nexthop
                0x000000000001cdb8                uip_ds6_route_num_routes
                0x000000000001cdc2                uip_ds6_route_lookup
                0x000000000001cdcc                uip_ds6_route_add
                0x000000000001cddf                uip_ds6_route_rm
                0x000000000001cde5                uip_ds6_route_rm_by_nexthop
                0x000000000001cdeb                uip_ds6_defrt_head
                0x000000000001ce04                uip_ds6_defrt_add
                0x000000000001ceb2                uip_ds6_defrt_rm
                0x000000000001cf18                uip_ds6_defrt_lookup
                0x000000000001cf7f                uip_ds6_defrt_choose
                0x000000000001cff5                uip_ds6_defrt_periodic
 .text          0x000000000001d070      0x6f7 build/cooja/mtype592.a(tcpip.o)
                0x000000000001d08a                tcpip_output
                0x000000000001d109                udp_attach
                0x000000000001d121                udp_new
                0x000000000001d16b                udp_broadcast_new
                0x000000000001d2dd                tcpip_input
                0x000000000001d46d                tcpip_ipv6_output
                0x000000000001d661                tcpip_poll_udp
                0x000000000001d67f                tcpip_uipcall
 .text          0x000000000001d767     0x1205 build/cooja/mtype592.a(uip6.o)
                0x000000000001d816                uip_chksum
                0x000000000001d8ed                uip_icmp6chksum
                0x000000000001d902                uip_udpchksum
                0x000000000001d917                uip_init
                0x000000000001d960                uip_remove_ext_hdr
                0x000000000001da3a                uip_udp_new
                0x000000000001dd4e                uip_process
                0x000000000001e846                uip_htons
                0x000000000001e868                uip_htonl
                0x000000000001e8a6                uip_send
 .text          0x000000000001e96c      0x369 build/cooja/mtype592.a(uip-ds6-nbr.o)
                0x000000000001e96c                uip_ds6_neighbors_init
                0x000000000001e990                uip_ds6_nbr_add
                0x000000000001ea16                uip_ds6_nbr_rm
                0x000000000001ea61                uip_ds6_nbr_update_ll
                0x000000000001eb4f                uip_ds6_nbr_get_ipaddr
                0x000000000001eb64                uip_ds6_nbr_get_ll
                0x000000000001eb80                uip_ds6_nbr_num
                0x000000000001ebc9                uip_ds6_nbr_head
                0x000000000001ebe2                uip_ds6_nbr_next
                0x000000000001ebfe                uip_ds6_nbr_lookup
                0x000000000001ec56                uip_ds6_nbr_ll_lookup
                0x000000000001ec72                uip_ds6_nbr_ipaddr_from_lladdr
                0x000000000001ec9b                uip_ds6_nbr_lladdr_from_ipaddr
                0x000000000001eccf                uip_ds6_link_callback
 .text          0x000000000001ecd5      0x6a7 build/cooja/mtype592.a(uip-nd6.o)
                0x000000000001f363                uip_nd6_init
 .text          0x000000000001f37c      0x3b0 build/cooja/mtype592.a(simple-udp.o)
                0x000000000001f3a9                simple_udp_send
                0x000000000001f40c                simple_udp_sendto
                0x000000000001f467                simple_udp_sendto_port
                0x000000000001f4c0                simple_udp_register
 .text          0x000000000001f72c     0x2c17 build/cooja/mtype592.a(sicslowpan.o)
                0x000000000001fd33                netstack_sniffer_add
                0x000000000001fd41                netstack_sniffer_remove
                0x0000000000022317                sicslowpan_init
                0x0000000000022339                sicslowpan_get_last_rssi
 .text          0x0000000000022343      0x4d1 build/cooja/mtype592.a(uiplib.o)
                0x0000000000022343                uiplib_ip6addrconv
                0x00000000000224fb                uiplib_ip4addrconv
                0x00000000000225be                uiplib_ipaddr_print
                0x0000000000022611                uiplib_ipaddr_snprint
 .text          0x0000000000022814      0x4c9 build/cooja/mtype592.a(rpl.o)
                0x0000000000022814                rpl_lollipop_greater_than
                0x000000000002286e                rpl_get_global_address
                0x0000000000022966                rpl_link_callback
                0x00000000000229aa                rpl_has_joined
                0x00000000000229cf                rpl_is_reachable
                0x0000000000022a50                rpl_reset_prefix
                0x0000000000022aba                rpl_set_prefix_from_addr
                0x0000000000022b9f                rpl_set_prefix
                0x0000000000022cb9                rpl_set_leaf_only
                0x0000000000022cd1                rpl_get_leaf_only
 .text          0x0000000000022cdd     0x138c build/cooja/mtype592.a(rpl-icmp6.o)
                0x0000000000022e02                rpl_icmp6_update_nbr_table
                0x0000000000022e8b                rpl_icmp6_dis_output
                0x00000000000234d1                rpl_icmp6_dio_output
                0x0000000000023ccf                rpl_icmp6_dao_output
                0x0000000000023fb0                rpl_icmp6_dao_ack_output
                0x0000000000024020                rpl_icmp6_init
 .text          0x0000000000024069      0x264 build/cooja/mtype592.a(rpl-dag-root.o)
                0x0000000000024069                rpl_dag_root_print_links
                0x0000000000024195                rpl_dag_root_set_prefix
                0x00000000000241c1                rpl_dag_root_start
                0x000000000002429e                rpl_dag_root_is_root
 .text          0x00000000000242cd       0x30 build/cooja/mtype592.a(watchdog.o)
                0x00000000000242cd                watchdog_init
                0x00000000000242d3                watchdog_start
                0x00000000000242d9                watchdog_periodic
                0x00000000000242f1                watchdog_stop
                0x00000000000242f7                watchdog_reboot
 .text          0x00000000000242fd       0x4a build/cooja/mtype592.a(int-master.o)
                0x00000000000242fd                int_master_enable
                0x000000000002430d                int_master_read_and_disable
                0x000000000002432a                int_master_status_set
                0x0000000000024338                int_master_is_enabled
 .text          0x0000000000024347      0x226 build/cooja/mtype592.a(coap-timer-defa)
 .text          0x000000000002456d       0xc7 build/cooja/mtype592.a(stimer.o)
                0x000000000002456d                stimer_set
                0x000000000002458b                stimer_reset
                0x00000000000245b8                stimer_restart
                0x00000000000245cd                stimer_expired
                0x00000000000245f8                stimer_remaining
                0x000000000002461c                stimer_elapsed
 .text          0x0000000000024634      0x156 build/cooja/mtype592.a(ringbuf.o)
                0x0000000000024634                ringbuf_init
                0x0000000000024666                ringbuf_put
                0x00000000000246e4                ringbuf_get
                0x0000000000024751                ringbuf_size
                0x0000000000024763                ringbuf_elements
 .text          0x000000000002478a       0x1f build/cooja/mtype592.a(assert.o)
                0x000000000002478a                _xassert
 .text          0x00000000000247a9      0x79b build/cooja/mtype592.a(nbr-table.o)
                0x0000000000024c22                nbr_table_register
                0x0000000000024c8f                nbr_table_is_registered
                0x0000000000024cca                nbr_table_head
                0x0000000000024d25                nbr_table_next
                0x0000000000024d86                nbr_table_add_lladdr
                0x0000000000024e60                nbr_table_get_from_lladdr
                0x0000000000024eac                nbr_table_remove
                0x0000000000024ee4                nbr_table_lock
                0x0000000000024efe                nbr_table_unlock
                0x0000000000024f18                nbr_table_get_lladdr
 .text          0x0000000000024f44      0x3a5 build/cooja/mtype592.a(link-stats.o)
                0x0000000000024f44                link_stats_from_lladdr
                0x0000000000024f60                link_stats_get_lladdr
                0x0000000000024f7c                link_stats_is_fresh
                0x0000000000024fb8                guess_etx_from_rssi
                0x0000000000025034                link_stats_packet_sent
                0x0000000000025154                link_stats_input_callback
                0x0000000000025264                link_stats_reset
                0x00000000000252b4                link_stats_init
 .text          0x00000000000252e9      0x187 build/cooja/mtype592.a(mac-sequence.o)
                0x00000000000252e9                mac_sequence_is_duplicate
                0x0000000000025389                mac_sequence_register_seqno
 .text          0x0000000000025470       0x23 build/cooja/mtype592.a(mac.o)
                0x0000000000025470                mac_call_sent_callback
 .text          0x0000000000025493      0x432 build/cooja/mtype592.a(framer-802154.o)
                0x0000000000025622                framer_802154_setup_params
 .text          0x00000000000258c5      0xb6f build/cooja/mtype592.a(frame802154.o)
                0x00000000000258f6                frame802154_get_pan_id
                0x0000000000025902                frame802154_set_pan_id
                0x000000000002591c                frame802154_has_panid
                0x0000000000025acb                frame802154_check_dest_panid
                0x0000000000025b53                frame802154_is_broadcast_addr
                0x0000000000025ba0                frame802154_extract_linkaddr
                0x0000000000025e05                frame802154_hdrlen
                0x0000000000025e78                frame802154_create_fcf
                0x0000000000025f30                frame802154_create
                0x00000000000260a5                frame802154_parse_fcf
                0x0000000000026187                frame802154_parse
 .text          0x0000000000026434       0x2d build/cooja/mtype592.a(csma-security.o)
                0x0000000000026434                csma_security_create_frame
                0x0000000000026452                csma_security_parse_frame
 .text          0x0000000000026461      0x4e4 build/cooja/mtype592.a(uipbuf.o)
                0x0000000000026461                uipbuf_clear
                0x0000000000026488                uipbuf_add_ext_hdr
                0x0000000000026508                uipbuf_set_len
                0x0000000000026535                uipbuf_set_len_field
                0x0000000000026561                uipbuf_get_len_field
                0x0000000000026581                uipbuf_get_next_header
                0x00000000000266b3                uipbuf_get_last_header
                0x000000000002672c                uipbuf_search_header
                0x00000000000267e2                uipbuf_get_attr
                0x0000000000026809                uipbuf_set_attr
                0x0000000000026840                uipbuf_set_default_attr
                0x0000000000026877                uipbuf_clear_attr
                0x000000000002689b                uipbuf_set_attr_flag
                0x00000000000268bc                uipbuf_clr_attr_flag
                0x00000000000268e3                uipbuf_is_attr_flag
                0x0000000000026907                uipbuf_init
 .text          0x0000000000026945      0x73f build/cooja/mtype592.a(uip-icmp6.o)
                0x00000000000269ba                uip_icmp6_input
                0x0000000000026a11                uip_icmp6_register_input_handler
                0x0000000000026b64                uip_icmp6_error_output
                0x0000000000026e15                uip_icmp6_send
                0x000000000002700c                uip_icmp6_echo_reply_callback_add
                0x000000000002703e                uip_icmp6_echo_reply_callback_rm
                0x000000000002705b                uip_icmp6_init
 .text          0x0000000000027084      0x69b build/cooja/mtype592.a(uip-sr.o)
                0x0000000000027084                uip_sr_num_nodes
                0x0000000000027112                uip_sr_get_node
                0x0000000000027169                uip_sr_is_addr_reachable
                0x0000000000027217                uip_sr_expire_parent
                0x0000000000027260                uip_sr_update_node
                0x0000000000027390                uip_sr_init
                0x00000000000273c4                uip_sr_node_head
                0x00000000000273dd                uip_sr_node_next
                0x00000000000273f3                uip_sr_periodic
                0x00000000000274f9                uip_sr_free_all
                0x0000000000027569                uip_sr_link_snprint
 .text          0x000000000002771f      0x146 build/cooja/mtype592.a(uip-packetqueue)
                0x000000000002774d                uip_packetqueue_new
                0x000000000002775c                uip_packetqueue_alloc
                0x00000000000277b7                uip_packetqueue_free
                0x00000000000277fe                uip_packetqueue_buf
                0x000000000002781b                uip_packetqueue_buflen
                0x000000000002783c                uip_packetqueue_set_buflen
 .text          0x0000000000027865      0x1b0 build/cooja/mtype592.a(rpl-nbr-policy.)
                0x00000000000279d2                rpl_nbr_policy_find_removable
 .text          0x0000000000027a15      0x915 build/cooja/mtype592.a(rpl-neighbor.o)
                0x0000000000027a91                rpl_neighbor_snprint
                0x0000000000027d44                rpl_neighbor_print_list
                0x0000000000027df9                rpl_neighbor_count
                0x0000000000027ea0                rpl_neighbor_get_from_lladdr
                0x0000000000027ebc                rpl_neighbor_is_acceptable_parent
                0x0000000000027ef0                rpl_neighbor_get_link_metric
                0x0000000000027f24                rpl_neighbor_rank_via_nbr
                0x0000000000027f58                rpl_neighbor_get_lladdr
                0x0000000000027f74                rpl_neighbor_get_ipaddr
                0x0000000000027f9b                rpl_neighbor_get_link_stats
                0x0000000000027fc2                rpl_neighbor_is_fresh
                0x0000000000027fe9                rpl_neighbor_is_reachable
                0x0000000000028034                rpl_neighbor_is_parent
                0x000000000002805e                rpl_neighbor_set_preferred_parent
                0x00000000000280f5                rpl_neighbor_remove_all
                0x0000000000028151                rpl_neighbor_get_from_ipaddr
                0x000000000002825f                rpl_neighbor_select_best
                0x000000000002830b                rpl_neighbor_init
 .text          0x000000000002832a      0xe69 build/cooja/mtype592.a(rpl-dag.o)
                0x000000000002832a                rpl_dag_state_to_str
                0x0000000000028369                rpl_dag_get_root_ipaddr
                0x00000000000283b1                rpl_dag_leave
                0x000000000002843a                rpl_dag_poison_and_leave
                0x0000000000028452                rpl_dag_periodic
                0x00000000000284da                rpl_is_addr_in_our_dag
                0x000000000002851e                rpl_get_default_instance
                0x000000000002853a                rpl_get_any_dag
                0x0000000000028593                rpl_refresh_routes
                0x00000000000285d3                rpl_global_repair
                0x000000000002866c                rpl_local_repair
                0x00000000000286b6                rpl_dag_ready_to_advertise
                0x00000000000286f9                rpl_dag_update_state
                0x0000000000028e26                rpl_process_dio
                0x0000000000028ea4                rpl_process_dis
                0x0000000000028ee9                rpl_process_dao
                0x0000000000028f78                rpl_process_dao_ack
                0x000000000002900f                rpl_process_hbh
                0x000000000002905f                rpl_dag_init_root
                0x0000000000029173                rpl_dag_init
 .text          0x0000000000029193      0x9e7 build/cooja/mtype592.a(rpl-timers.o)
                0x0000000000029193                rpl_timers_schedule_periodic_dis
                0x00000000000292e1                rpl_timers_dio_reset
                0x00000000000293ef                rpl_timers_schedule_unicast_dio
                0x0000000000029543                rpl_timers_schedule_dao
                0x0000000000029602                rpl_timers_schedule_dao_ack
                0x0000000000029688                rpl_timers_notify_dao_ack
                0x00000000000296e6                get_probing_delay
                0x000000000002971a                get_probing_target
                0x0000000000029904                rpl_schedule_probing
                0x0000000000029932                rpl_schedule_probing_now
                0x000000000002999c                rpl_timers_unschedule_leaving
                0x00000000000299d4                rpl_timers_schedule_leaving
                0x0000000000029a15                rpl_timers_init
                0x0000000000029aa5                rpl_timers_stop_dag_timers
                0x0000000000029b1e                rpl_timers_unschedule_state_update
                0x0000000000029b42                rpl_timers_schedule_state_update
 .text          0x0000000000029b7a      0xb8e build/cooja/mtype592.a(rpl-ext-header.)
                0x0000000000029b7a                rpl_ext_header_srh_get_next_hop
                0x0000000000029c61                rpl_ext_header_srh_update
                0x000000000002a1cd                rpl_ext_header_hbh_update
                0x000000000002a4cd                rpl_ext_header_update
                0x000000000002a556                rpl_ext_header_remove
 .text          0x000000000002a708      0x31b build/cooja/mtype592.a(rpl-mrhof.o)
 *fill*         0x000000000002aa23        0xd 
 .text          0x000000000002aa30      0x122 /usr/lib/gcc/i686-linux-gnu/5/libgcc.a(_udivdi3.o)
                0x000000000002aa30                __udivdi3
 .text          0x000000000002ab52        0x0 /usr/lib/gcc/i686-linux-gnu/5/crtendS.o
 .text          0x000000000002ab52        0x0 /usr/lib/gcc/i686-linux-gnu/5/../../../i386-linux-gnu/crtn.o
 *(.gnu.warning)

.fini           0x000000000002ab54       0x14
 *(SORT(.fini))
 .fini          0x000000000002ab54        0xf /usr/lib/gcc/i686-linux-gnu/5/../../../i386-linux-gnu/crti.o
                0x000000000002ab54                _fini
 .fini          0x000000000002ab63        0x5 /usr/lib/gcc/i686-linux-gnu/5/../../../i386-linux-gnu/crtn.o
                [!provide]                        PROVIDE (__etext, .)
                [!provide]                        PROVIDE (_etext, .)
                [!provide]                        PROVIDE (etext, .)

.rodata         0x000000000002ab80      0xbcb
 *(.rodata .rodata.* .gnu.linkonce.r.*)
 .rodata        0x000000000002ab80      0x15e client.o
                0x000000000002abac                autostart_processes
 *fill*         0x000000000002acde        0x2 
 .rodata        0x000000000002ace0        0x8 build/cooja/mtype592.a(beep.o)
                0x000000000002ace0                beep_interface
 .rodata        0x000000000002ace8        0xe build/cooja/mtype592.a(leds-arch.o)
                0x000000000002ace8                leds_interface
                0x000000000002acf0                leds_arch_leds
 *fill*         0x000000000002acf6        0x2 
 .rodata        0x000000000002acf8        0x8 build/cooja/mtype592.a(moteid.o)
                0x000000000002acf8                moteid_interface
 .rodata        0x000000000002ad00       0x1c build/cooja/mtype592.a(pir-sensor.o)
                0x000000000002ad00                pir_interface
                0x000000000002ad0c                pir_sensor
 .rodata        0x000000000002ad1c        0xe build/cooja/mtype592.a(rs232.o)
                0x000000000002ad1c                rs232_interface
 *fill*         0x000000000002ad2a        0x2 
 .rodata        0x000000000002ad2c       0x24 build/cooja/mtype592.a(vib-sensor.o)
                0x000000000002ad2c                vib_interface
                0x000000000002ad40                vib_sensor
 .rodata        0x000000000002ad50        0x8 build/cooja/mtype592.a(clock.o)
                0x000000000002ad50                clock_interface
 .rodata        0x000000000002ad58        0x8 build/cooja/mtype592.a(cooja-log.o)
                0x000000000002ad58                simlog_interface
 .rodata        0x000000000002ad60       0x2f build/cooja/mtype592.a(cfs-cooja.o)
                0x000000000002ad60                cfs_interface
 *fill*         0x000000000002ad8f       0x11 
 .rodata        0x000000000002ada0       0xb8 build/cooja/mtype592.a(cooja-radio.o)
                0x000000000002ada0                radio_interface
                0x000000000002ae20                cooja_radio_driver
 .rodata        0x000000000002ae58        0x8 build/cooja/mtype592.a(eeprom.o)
                0x000000000002ae58                eeprom_interface
 .rodata        0x000000000002ae60        0x8 build/cooja/mtype592.a(sensors.o)
 .rodata        0x000000000002ae68       0x2c build/cooja/mtype592.a(buttons.o)
                0x000000000002ae68                button_interface
                0x000000000002ae7c                button_hal_button_count
                0x000000000002ae84                button_sensor
 .rodata        0x000000000002ae94       0x7d build/cooja/mtype592.a(res-power.o)
 *fill*         0x000000000002af11        0x3 
 .rodata        0x000000000002af14       0x7a build/cooja/mtype592.a(res-temperature)
 .rodata        0x000000000002af8e       0x41 build/cooja/mtype592.a(coap-engine.o)
 .rodata        0x000000000002afcf       0x19 build/cooja/mtype592.a(coap-res-well-k)
 .rodata        0x000000000002afe8       0x11 build/cooja/mtype592.a(coap-observe.o)
 .rodata        0x000000000002aff9       0x35 build/cooja/mtype592.a(coap-uip.o)
 *fill*         0x000000000002b02e        0x2 
 .rodata        0x000000000002b030      0x1ac build/cooja/mtype592.a(coap.o)
 .rodata        0x000000000002b1dc       0xf8 build/cooja/mtype592.a(contiki-main.o)
 .rodata        0x000000000002b2d4        0xf build/cooja/mtype592.a(ctimer.o)
 *fill*         0x000000000002b2e3        0x1 
 .rodata        0x000000000002b2e4       0xc4 build/cooja/mtype592.a(log.o)
 .rodata        0x000000000002b3a8        0xc build/cooja/mtype592.a(etimer.o)
 .rodata        0x000000000002b3b4       0x13 build/cooja/mtype592.a(button-hal.o)
 .rodata        0x000000000002b3c7        0xe build/cooja/mtype592.a(serial-line.o)
 *fill*         0x000000000002b3d5        0x3 
 .rodata        0x000000000002b3d8        0x8 build/cooja/mtype592.a(linkaddr.o)
                0x000000000002b3d8                linkaddr_null
 .rodata        0x000000000002b3e0       0x24 build/cooja/mtype592.a(csma.o)
                0x000000000002b3e8                csma_driver
 .rodata        0x000000000002b404       0x2a build/cooja/mtype592.a(csma-output.o)
 *fill*         0x000000000002b42e        0x2 
 .rodata        0x000000000002b430       0x4d build/cooja/mtype592.a(uip-ds6-route.o)
 .rodata        0x000000000002b47d        0xd build/cooja/mtype592.a(tcpip.o)
 .rodata        0x000000000002b48a       0x13 build/cooja/mtype592.a(simple-udp.o)
 *fill*         0x000000000002b49d        0x3 
 .rodata        0x000000000002b4a0       0x30 build/cooja/mtype592.a(sicslowpan.o)
                0x000000000002b4a0                unc_llconf
                0x000000000002b4a4                unc_ctxconf
                0x000000000002b4a8                unc_mxconf
                0x000000000002b4ac                llprefix
                0x000000000002b4c0                sicslowpan_driver
 .rodata        0x000000000002b4d0       0x2d build/cooja/mtype592.a(uiplib.o)
 *fill*         0x000000000002b4fd        0x3 
 .rodata        0x000000000002b500       0x74 build/cooja/mtype592.a(rpl.o)
                0x000000000002b520                rpl_lite_driver
 .rodata        0x000000000002b574       0x20 build/cooja/mtype592.a(coap-timer-defa)
                0x000000000002b588                coap_timer_default_driver
 .rodata        0x000000000002b594       0x25 build/cooja/mtype592.a(assert.o)
 *fill*         0x000000000002b5b9        0x3 
 .rodata        0x000000000002b5bc        0xc build/cooja/mtype592.a(framer-802154.o)
                0x000000000002b5bc                framer_802154
 .rodata        0x000000000002b5c8       0x44 build/cooja/mtype592.a(uip-sr.o)
 .rodata        0x000000000002b60c       0x58 build/cooja/mtype592.a(rpl-neighbor.o)
 .rodata        0x000000000002b664       0xdb build/cooja/mtype592.a(rpl-dag.o)
 .rodata        0x000000000002b73f        0xc build/cooja/mtype592.a(rpl-timers.o)

.rodata1
 *(.rodata1)

.eh_frame_hdr   0x000000000002b74c     0x1a3c
 *(.eh_frame_hdr)
 .eh_frame_hdr  0x000000000002b74c     0x1a3c client.o
                0x000000000002b74c                __GNU_EH_FRAME_HDR
 *(.eh_frame_entry .eh_frame_entry.*)

.eh_frame       0x000000000002d188     0x6a7c
 *(.eh_frame)
 .eh_frame      0x000000000002d188       0x3c /usr/lib/gcc/i686-linux-gnu/5/../../../i386-linux-gnu/crti.o
                                         0x40 (size before relaxing)
 .eh_frame      0x000000000002d1c4       0xa0 client.o
                                         0xb8 (size before relaxing)
 .eh_frame      0x000000000002d264      0x178 build/cooja/mtype592.o
                                        0x190 (size before relaxing)
 .eh_frame      0x000000000002d3dc       0x40 build/cooja/mtype592.a(simEnvChange.o)
                                         0x58 (size before relaxing)
 .eh_frame      0x000000000002d41c       0x60 build/cooja/mtype592.a(cooja_mt.o)
                                         0x78 (size before relaxing)
 .eh_frame      0x000000000002d47c       0x80 build/cooja/mtype592.a(cooja_mtarch.o)
                                         0x98 (size before relaxing)
 .eh_frame      0x000000000002d4fc       0xc8 build/cooja/mtype592.a(rtimer-arch.o)
                                         0xe0 (size before relaxing)
 .eh_frame      0x000000000002d5c4      0x160 build/cooja/mtype592.a(beep.o)
                                        0x178 (size before relaxing)
 .eh_frame      0x000000000002d724       0x80 build/cooja/mtype592.a(leds-arch.o)
                                         0x98 (size before relaxing)
 .eh_frame      0x000000000002d7a4       0x40 build/cooja/mtype592.a(moteid.o)
                                         0x58 (size before relaxing)
 .eh_frame      0x000000000002d7e4       0xa0 build/cooja/mtype592.a(pir-sensor.o)
                                         0xb8 (size before relaxing)
 .eh_frame      0x000000000002d884      0x100 build/cooja/mtype592.a(rs232.o)
                                        0x118 (size before relaxing)
 .eh_frame      0x000000000002d984       0xa0 build/cooja/mtype592.a(vib-sensor.o)
                                         0xb8 (size before relaxing)
 .eh_frame      0x000000000002da24       0xc0 build/cooja/mtype592.a(clock.o)
                                         0xd8 (size before relaxing)
 .eh_frame      0x000000000002dae4      0x120 build/cooja/mtype592.a(cooja-log.o)
                                        0x138 (size before relaxing)
 .eh_frame      0x000000000002dc04      0x160 build/cooja/mtype592.a(cfs-cooja.o)
                                        0x178 (size before relaxing)
 .eh_frame      0x000000000002dd64      0x340 build/cooja/mtype592.a(cooja-radio.o)
                                        0x358 (size before relaxing)
 .eh_frame      0x000000000002e0a4       0xa0 build/cooja/mtype592.a(eeprom.o)
                                         0xb8 (size before relaxing)
 .eh_frame      0x000000000002e144       0x40 build/cooja/mtype592.a(random.o)
                                         0x58 (size before relaxing)
 .eh_frame      0x000000000002e184       0xc0 build/cooja/mtype592.a(sensors.o)
                                         0xd8 (size before relaxing)
 .eh_frame      0x000000000002e244      0x120 build/cooja/mtype592.a(leds.o)
                                        0x138 (size before relaxing)
 .eh_frame      0x000000000002e364      0x220 build/cooja/mtype592.a(gpio-hal-arch.o)
                                        0x238 (size before relaxing)
 .eh_frame      0x000000000002e584       0xa0 build/cooja/mtype592.a(buttons.o)
                                         0xb8 (size before relaxing)
 .eh_frame      0x000000000002e624       0x60 build/cooja/mtype592.a(res-power.o)
                                         0x78 (size before relaxing)
 .eh_frame      0x000000000002e684       0x60 build/cooja/mtype592.a(res-temperature)
                                         0x78 (size before relaxing)
 .eh_frame      0x000000000002e6e4       0x44 build/cooja/mtype592.a(coap-blocking-a)
                                         0x5c (size before relaxing)
 .eh_frame      0x000000000002e728      0x220 build/cooja/mtype592.a(coap-engine.o)
                                        0x238 (size before relaxing)
 .eh_frame      0x000000000002e948       0x24 build/cooja/mtype592.a(coap-res-well-k)
                                         0x3c (size before relaxing)
 .eh_frame      0x000000000002e96c      0x188 build/cooja/mtype592.a(coap-observe.o)
                                        0x1a0 (size before relaxing)
 .eh_frame      0x000000000002eaf4      0x250 build/cooja/mtype592.a(coap-uip.o)
                                        0x268 (size before relaxing)
 .eh_frame      0x000000000002ed44      0x114 build/cooja/mtype592.a(coap-timer.o)
                                        0x12c (size before relaxing)
 .eh_frame      0x000000000002ee58      0x100 build/cooja/mtype592.a(coap-transactio)
                                        0x118 (size before relaxing)
 .eh_frame      0x000000000002ef58      0x6ec build/cooja/mtype592.a(coap.o)
                                        0x704 (size before relaxing)
 .eh_frame      0x000000000002f644       0x30 build/cooja/mtype592.a(contiki-main.o)
                                         0x48 (size before relaxing)
 .eh_frame      0x000000000002f674       0x40 build/cooja/mtype592.a(autostart.o)
                                         0x58 (size before relaxing)
 .eh_frame      0x000000000002f6b4      0x100 build/cooja/mtype592.a(ctimer.o)
                                        0x118 (size before relaxing)
 .eh_frame      0x000000000002f7b4      0x100 build/cooja/mtype592.a(log.o)
                                        0x118 (size before relaxing)
 .eh_frame      0x000000000002f8b4       0x60 build/cooja/mtype592.a(energest.o)
                                         0x78 (size before relaxing)
 .eh_frame      0x000000000002f914      0x1e0 build/cooja/mtype592.a(etimer.o)
                                        0x1f8 (size before relaxing)
 .eh_frame      0x000000000002faf4       0x20 build/cooja/mtype592.a(node-id.o)
                                         0x38 (size before relaxing)
 .eh_frame      0x000000000002fb14       0x60 build/cooja/mtype592.a(rtimer.o)
                                         0x78 (size before relaxing)
 .eh_frame      0x000000000002fb74      0x1c4 build/cooja/mtype592.a(process.o)
                                        0x1dc (size before relaxing)
 .eh_frame      0x000000000002fd38       0xa4 build/cooja/mtype592.a(timer.o)
                                         0xbc (size before relaxing)
 .eh_frame      0x000000000002fddc      0x1a0 build/cooja/mtype592.a(list.o)
                                        0x1b8 (size before relaxing)
 .eh_frame      0x000000000002ff7c       0xa0 build/cooja/mtype592.a(memb.o)
                                         0xb8 (size before relaxing)
 .eh_frame      0x000000000003001c      0x144 build/cooja/mtype592.a(button-hal.o)
                                        0x15c (size before relaxing)
 .eh_frame      0x0000000000030160       0x60 build/cooja/mtype592.a(serial-line.o)
                                         0x78 (size before relaxing)
 .eh_frame      0x00000000000301c0       0xe0 build/cooja/mtype592.a(gpio-hal.o)
                                         0xf8 (size before relaxing)
 .eh_frame      0x00000000000302a0      0x1a0 build/cooja/mtype592.a(queuebuf.o)
                                        0x1b8 (size before relaxing)
 .eh_frame      0x0000000000030440      0x28c build/cooja/mtype592.a(packetbuf.o)
                                        0x2a4 (size before relaxing)
 .eh_frame      0x00000000000306cc       0x80 build/cooja/mtype592.a(netstack.o)
                                         0x98 (size before relaxing)
 .eh_frame      0x000000000003074c       0x60 build/cooja/mtype592.a(linkaddr.o)
                                         0x78 (size before relaxing)
 .eh_frame      0x00000000000307ac       0xe0 build/cooja/mtype592.a(csma.o)
                                         0xf8 (size before relaxing)
 .eh_frame      0x000000000003088c      0x1d0 build/cooja/mtype592.a(csma-output.o)
                                        0x1e8 (size before relaxing)
 .eh_frame      0x0000000000030a5c      0x328 build/cooja/mtype592.a(uip-ds6.o)
                                        0x340 (size before relaxing)
 .eh_frame      0x0000000000030d84       0x40 build/cooja/mtype592.a(uip-udp-packet.)
                                         0x58 (size before relaxing)
 .eh_frame      0x0000000000030dc4      0x220 build/cooja/mtype592.a(uip-ds6-route.o)
                                        0x238 (size before relaxing)
 .eh_frame      0x0000000000030fe4      0x244 build/cooja/mtype592.a(tcpip.o)
                                        0x25c (size before relaxing)
 .eh_frame      0x0000000000031228      0x1e8 build/cooja/mtype592.a(uip6.o)
                                        0x200 (size before relaxing)
 .eh_frame      0x0000000000031410      0x1c0 build/cooja/mtype592.a(uip-ds6-nbr.o)
                                        0x1d8 (size before relaxing)
 .eh_frame      0x00000000000315d0       0x84 build/cooja/mtype592.a(uip-nd6.o)
                                         0x9c (size before relaxing)
 .eh_frame      0x0000000000031654       0xd4 build/cooja/mtype592.a(simple-udp.o)
                                         0xec (size before relaxing)
 .eh_frame      0x0000000000031728      0x2f8 build/cooja/mtype592.a(sicslowpan.o)
                                        0x310 (size before relaxing)
 .eh_frame      0x0000000000031a20       0x88 build/cooja/mtype592.a(uiplib.o)
                                         0xa0 (size before relaxing)
 .eh_frame      0x0000000000031aa8      0x1e0 build/cooja/mtype592.a(rpl.o)
                                        0x1f8 (size before relaxing)
 .eh_frame      0x0000000000031c88      0x1c4 build/cooja/mtype592.a(rpl-icmp6.o)
                                        0x1dc (size before relaxing)
 .eh_frame      0x0000000000031e4c       0xa0 build/cooja/mtype592.a(rpl-dag-root.o)
                                         0xb8 (size before relaxing)
 .eh_frame      0x0000000000031eec       0xa0 build/cooja/mtype592.a(watchdog.o)
                                         0xb8 (size before relaxing)
 .eh_frame      0x0000000000031f8c       0x80 build/cooja/mtype592.a(int-master.o)
                                         0x98 (size before relaxing)
 .eh_frame      0x000000000003200c       0xa4 build/cooja/mtype592.a(coap-timer-defa)
                                         0xbc (size before relaxing)
 .eh_frame      0x00000000000320b0       0xc4 build/cooja/mtype592.a(stimer.o)
                                         0xdc (size before relaxing)
 .eh_frame      0x0000000000032174       0xa0 build/cooja/mtype592.a(ringbuf.o)
                                         0xb8 (size before relaxing)
 .eh_frame      0x0000000000032214       0x20 build/cooja/mtype592.a(assert.o)
                                         0x38 (size before relaxing)
 .eh_frame      0x0000000000032234      0x2ac build/cooja/mtype592.a(nbr-table.o)
                                        0x2c4 (size before relaxing)
 .eh_frame      0x00000000000324e0      0x120 build/cooja/mtype592.a(link-stats.o)
                                        0x138 (size before relaxing)
 .eh_frame      0x0000000000032600       0x48 build/cooja/mtype592.a(mac-sequence.o)
                                         0x60 (size before relaxing)
 .eh_frame      0x0000000000032648       0x20 build/cooja/mtype592.a(mac.o)
                                         0x38 (size before relaxing)
 .eh_frame      0x0000000000032668       0xa4 build/cooja/mtype592.a(framer-802154.o)
                                         0xbc (size before relaxing)
 .eh_frame      0x000000000003270c      0x1a4 build/cooja/mtype592.a(frame802154.o)
                                        0x1bc (size before relaxing)
 .eh_frame      0x00000000000328b0       0x40 build/cooja/mtype592.a(csma-security.o)
                                         0x58 (size before relaxing)
 .eh_frame      0x00000000000328f0      0x200 build/cooja/mtype592.a(uipbuf.o)
                                        0x218 (size before relaxing)
 .eh_frame      0x0000000000032af0      0x150 build/cooja/mtype592.a(uip-icmp6.o)
                                        0x168 (size before relaxing)
 .eh_frame      0x0000000000032c40      0x184 build/cooja/mtype592.a(uip-sr.o)
                                        0x19c (size before relaxing)
 .eh_frame      0x0000000000032dc4       0xe0 build/cooja/mtype592.a(uip-packetqueue)
                                         0xf8 (size before relaxing)
 .eh_frame      0x0000000000032ea4       0x80 build/cooja/mtype592.a(rpl-nbr-policy.)
                                         0x98 (size before relaxing)
 .eh_frame      0x0000000000032f24      0x2d4 build/cooja/mtype592.a(rpl-neighbor.o)
                                        0x2ec (size before relaxing)
 .eh_frame      0x00000000000331f8      0x370 build/cooja/mtype592.a(rpl-dag.o)
                                        0x388 (size before relaxing)
 .eh_frame      0x0000000000033568      0x3a8 build/cooja/mtype592.a(rpl-timers.o)
                                        0x3c0 (size before relaxing)
 .eh_frame      0x0000000000033910      0x124 build/cooja/mtype592.a(rpl-ext-header.)
                                        0x13c (size before relaxing)
 .eh_frame      0x0000000000033a34      0x148 build/cooja/mtype592.a(rpl-mrhof.o)
                                        0x160 (size before relaxing)
 .eh_frame      0x0000000000033b7c       0x84 /usr/lib/gcc/i686-linux-gnu/5/libgcc.a(_udivdi3.o)
                                         0x9c (size before relaxing)
 .eh_frame      0x0000000000033c00        0x4 /usr/lib/gcc/i686-linux-gnu/5/crtendS.o
 *(.eh_frame.*)

.gcc_except_table
 *(.gcc_except_table .gcc_except_table.*)

.gnu_extab
 *(.gnu_extab*)

.exception_ranges
 *(.exception_ranges .exception_ranges*)
                0x0000000000034f10                . = DATA_SEGMENT_ALIGN (0x1000, 0x1000)

.eh_frame
 *(.eh_frame)
 *(.eh_frame.*)

.gnu_extab
 *(.gnu_extab)

.gcc_except_table
 *(.gcc_except_table .gcc_except_table.*)

.exception_ranges
 *(.exception_ranges .exception_ranges*)

.tdata
 *(.tdata .tdata.* .gnu.linkonce.td.*)

.tbss
 *(.tbss .tbss.* .gnu.linkonce.tb.*)
 *(.tcommon)

.preinit_array
 *(.preinit_array)

.init_array     0x0000000000034f10        0x4
 *(SORT(.init_array.*) SORT(.ctors.*))
 *(.init_array EXCLUDE_FILE(*crtend?.o *crtend.o *crtbegin?.o *crtbegin.o) .ctors)
 .init_array    0x0000000000034f10        0x4 /usr/lib/gcc/i686-linux-gnu/5/crtbeginS.o

.fini_array     0x0000000000034f14        0x4
 *(SORT(.fini_array.*) SORT(.dtors.*))
 *(.fini_array EXCLUDE_FILE(*crtend?.o *crtend.o *crtbegin?.o *crtbegin.o) .dtors)
 .fini_array    0x0000000000034f14        0x4 /usr/lib/gcc/i686-linux-gnu/5/crtbeginS.o

.ctors
 *crtbegin.o(.ctors)
 *crtbegin?.o(.ctors)
 *(EXCLUDE_FILE(*crtend?.o *crtend.o) .ctors)
 *(SORT(.ctors.*))
 *(.ctors)

.dtors
 *crtbegin.o(.dtors)
 *crtbegin?.o(.dtors)
 *(EXCLUDE_FILE(*crtend?.o *crtend.o) .dtors)
 *(SORT(.dtors.*))
 *(.dtors)

.jcr            0x0000000000034f18        0x4
 *(.jcr)
 .jcr           0x0000000000034f18        0x0 /usr/lib/gcc/i686-linux-gnu/5/crtbeginS.o
 .jcr           0x0000000000034f18        0x4 /usr/lib/gcc/i686-linux-gnu/5/crtendS.o

.data.rel.ro
 *(.data.rel.ro.local* .gnu.linkonce.d.rel.ro.local.*)
 *(.data.rel.ro .data.rel.ro.* .gnu.linkonce.d.rel.ro.*)

.dynamic        0x0000000000034f1c       0xd0
 *(.dynamic)
 .dynamic       0x0000000000034f1c       0xd0 /usr/lib/gcc/i686-linux-gnu/5/../../../i386-linux-gnu/crti.o
                0x0000000000034f1c                _DYNAMIC

.got            0x0000000000034fec       0x14
 *(.got)
 .got           0x0000000000034fec       0x14 /usr/lib/gcc/i686-linux-gnu/5/../../../i386-linux-gnu/crti.o
 *(.igot)
                0x0000000000035ff4                . = DATA_SEGMENT_RELRO_END (., (SIZEOF (.got.plt) >= 0xc)?0xc:0x0)

.got.plt        0x0000000000035000        0xc
 *(.got.plt)
 .got.plt       0x0000000000035000        0xc /usr/lib/gcc/i686-linux-gnu/5/../../../i386-linux-gnu/crti.o
                0x0000000000035000                _GLOBAL_OFFSET_TABLE_
 *(.igot.plt)

.data           0x0000000000035020      0x5c4
 *(.data .data.* .gnu.linkonce.d.*)
 .data          0x0000000000035020        0x0 /usr/lib/gcc/i686-linux-gnu/5/../../../i386-linux-gnu/crti.o
 .data          0x0000000000035020        0x0 /usr/lib/gcc/i686-linux-gnu/5/crtbeginS.o
 .data.rel.local
                0x0000000000035020        0x4 /usr/lib/gcc/i686-linux-gnu/5/crtbeginS.o
                0x0000000000035020                __dso_handle
 .data          0x0000000000035024       0x34 client.o
                0x0000000000035024                service_url
                0x0000000000035028                udp_client
                0x0000000000035038                coap_client
                0x0000000000035048                coap_server
 *fill*         0x0000000000035058        0x8 
 .data          0x0000000000035060       0x44 build/cooja/mtype592.o
                0x0000000000035060                simInterfaces
                0x0000000000035094                sensors
 .data          0x00000000000350a4        0x0 build/cooja/mtype592.a(simEnvChange.o)
 .data          0x00000000000350a4        0x0 build/cooja/mtype592.a(cooja_mt.o)
 .data          0x00000000000350a4        0x0 build/cooja/mtype592.a(cooja_mtarch.o)
 .data          0x00000000000350a4        0x0 build/cooja/mtype592.a(rtimer-arch.o)
 .data          0x00000000000350a4        0x0 build/cooja/mtype592.a(beep.o)
 .data          0x00000000000350a4        0x0 build/cooja/mtype592.a(leds-arch.o)
 .data          0x00000000000350a4        0x0 build/cooja/mtype592.a(moteid.o)
 .data          0x00000000000350a4        0x0 build/cooja/mtype592.a(pir-sensor.o)
 .data          0x00000000000350a4        0x0 build/cooja/mtype592.a(rs232.o)
 .data          0x00000000000350a4        0x0 build/cooja/mtype592.a(vib-sensor.o)
 .data          0x00000000000350a4        0x0 build/cooja/mtype592.a(clock.o)
 .data          0x00000000000350a4        0x0 build/cooja/mtype592.a(cooja-log.o)
 .data          0x00000000000350a4        0x0 build/cooja/mtype592.a(cfs-cooja.o)
 .data          0x00000000000350a4       0x2c build/cooja/mtype592.a(cooja-radio.o)
                0x00000000000350a4                simRadioHWOn
                0x00000000000350a8                simSignalStrength
                0x00000000000350ac                simLastSignalStrength
                0x00000000000350b0                simPower
                0x00000000000350b4                simRadioChannel
                0x00000000000350b8                simLQI
                0x00000000000350c0                cooja_radio_process
 .data          0x00000000000350d0        0x0 build/cooja/mtype592.a(eeprom.o)
 .data          0x00000000000350d0        0x0 build/cooja/mtype592.a(random.o)
 .data          0x00000000000350d0       0x10 build/cooja/mtype592.a(sensors.o)
                0x00000000000350d0                sensors_process
 .data          0x00000000000350e0        0x0 build/cooja/mtype592.a(leds.o)
 .data          0x00000000000350e0        0x0 build/cooja/mtype592.a(gpio-hal-arch.o)
 .data          0x00000000000350e0       0x78 build/cooja/mtype592.a(buttons.o)
                0x00000000000350e0                simButtonIsActive
                0x0000000000035150                button_hal_buttons
 *fill*         0x0000000000035158        0x8 
 .data          0x0000000000035160       0xc4 build/cooja/mtype592.a(res-power.o)
                0x0000000000035200                res_power
 *fill*         0x0000000000035224       0x1c 
 .data          0x0000000000035240       0xa4 build/cooja/mtype592.a(res-temperature)
                0x00000000000352c0                res_temperature
 .data          0x00000000000352e4        0x0 build/cooja/mtype592.a(coap-blocking-a)
 .data          0x00000000000352e4        0x8 build/cooja/mtype592.a(coap-engine.o)
 *fill*         0x00000000000352ec       0x14 
 .data          0x0000000000035300       0x24 build/cooja/mtype592.a(coap-res-well-k)
                0x0000000000035300                res_well_known_core
 .data          0x0000000000035324       0x10 build/cooja/mtype592.a(coap-observe.o)
 .data          0x0000000000035334       0x10 build/cooja/mtype592.a(coap-uip.o)
                0x0000000000035334                coap_engine
 .data          0x0000000000035344        0x4 build/cooja/mtype592.a(coap-timer.o)
 .data          0x0000000000035348       0x10 build/cooja/mtype592.a(coap-transactio)
 .data          0x0000000000035358        0x4 build/cooja/mtype592.a(coap.o)
                0x0000000000035358                coap_error_message
 .data          0x000000000003535c        0x0 build/cooja/mtype592.a(contiki-main.o)
 .data          0x000000000003535c        0x0 build/cooja/mtype592.a(autostart.o)
 .data          0x000000000003535c       0x14 build/cooja/mtype592.a(ctimer.o)
                0x0000000000035360                ctimer_process
 *fill*         0x0000000000035370       0x10 
 .data          0x0000000000035380       0xbc build/cooja/mtype592.a(log.o)
                0x0000000000035380                curr_log_level_main
                0x00000000000353a0                all_modules
 .data          0x000000000003543c        0x0 build/cooja/mtype592.a(energest.o)
 .data          0x000000000003543c       0x10 build/cooja/mtype592.a(etimer.o)
                0x000000000003543c                etimer_process
 .data          0x000000000003544c        0x0 build/cooja/mtype592.a(node-id.o)
 .data          0x000000000003544c        0x0 build/cooja/mtype592.a(rtimer.o)
 .data          0x000000000003544c        0x0 build/cooja/mtype592.a(process.o)
 .data          0x000000000003544c        0x0 build/cooja/mtype592.a(timer.o)
 .data          0x000000000003544c        0x0 build/cooja/mtype592.a(list.o)
 .data          0x000000000003544c        0x0 build/cooja/mtype592.a(memb.o)
 .data          0x000000000003544c       0x10 build/cooja/mtype592.a(button-hal.o)
                0x000000000003544c                button_hal_process
 .data          0x000000000003545c       0x10 build/cooja/mtype592.a(serial-line.o)
                0x000000000003545c                serial_line_process
 .data          0x000000000003546c        0x4 build/cooja/mtype592.a(gpio-hal.o)
 .data          0x0000000000035470       0x18 build/cooja/mtype592.a(queuebuf.o)
 .data          0x0000000000035488        0x4 build/cooja/mtype592.a(packetbuf.o)
 .data          0x000000000003548c        0x4 build/cooja/mtype592.a(netstack.o)
 .data          0x0000000000035490        0x0 build/cooja/mtype592.a(linkaddr.o)
 .data          0x0000000000035490        0x0 build/cooja/mtype592.a(csma.o)
 .data          0x0000000000035490       0x28 build/cooja/mtype592.a(csma-output.o)
 .data          0x00000000000354b8        0x0 build/cooja/mtype592.a(uip-ds6.o)
 .data          0x00000000000354b8        0x0 build/cooja/mtype592.a(uip-udp-packet.)
 .data          0x00000000000354b8       0x10 build/cooja/mtype592.a(uip-ds6-route.o)
 .data          0x00000000000354c8       0x10 build/cooja/mtype592.a(tcpip.o)
                0x00000000000354c8                tcpip_process
 .data          0x00000000000354d8        0x0 build/cooja/mtype592.a(uip6.o)
 .data          0x00000000000354d8       0x14 build/cooja/mtype592.a(uip-ds6-nbr.o)
 .data          0x00000000000354ec        0xc build/cooja/mtype592.a(uip-nd6.o)
 .data          0x00000000000354f8       0x10 build/cooja/mtype592.a(simple-udp.o)
                0x00000000000354f8                simple_udp_process
 .data          0x0000000000035508        0x0 build/cooja/mtype592.a(sicslowpan.o)
 .data          0x0000000000035508        0x0 build/cooja/mtype592.a(uiplib.o)
 .data          0x0000000000035508        0x0 build/cooja/mtype592.a(rpl.o)
 .data          0x0000000000035508       0x30 build/cooja/mtype592.a(rpl-icmp6.o)
 .data          0x0000000000035538        0x0 build/cooja/mtype592.a(rpl-dag-root.o)
 .data          0x0000000000035538        0x0 build/cooja/mtype592.a(watchdog.o)
 .data          0x0000000000035538        0x0 build/cooja/mtype592.a(int-master.o)
 .data          0x0000000000035538       0x10 build/cooja/mtype592.a(coap-timer-defa)
                0x0000000000035538                coap_timer_process
 .data          0x0000000000035548        0x0 build/cooja/mtype592.a(stimer.o)
 .data          0x0000000000035548        0x0 build/cooja/mtype592.a(ringbuf.o)
 .data          0x0000000000035548        0x0 build/cooja/mtype592.a(assert.o)
 .data          0x0000000000035548       0x10 build/cooja/mtype592.a(nbr-table.o)
 .data          0x0000000000035558       0x14 build/cooja/mtype592.a(link-stats.o)
 .data          0x000000000003556c        0x0 build/cooja/mtype592.a(mac-sequence.o)
 .data          0x000000000003556c        0x0 build/cooja/mtype592.a(mac.o)
 .data          0x000000000003556c        0x0 build/cooja/mtype592.a(framer-802154.o)
 .data          0x000000000003556c        0x2 build/cooja/mtype592.a(frame802154.o)
 .data          0x000000000003556e        0x0 build/cooja/mtype592.a(csma-security.o)
 .data          0x000000000003556e        0x0 build/cooja/mtype592.a(uipbuf.o)
 *fill*         0x000000000003556e        0x2 
 .data          0x0000000000035570       0x20 build/cooja/mtype592.a(uip-icmp6.o)
 .data          0x0000000000035590       0x10 build/cooja/mtype592.a(uip-sr.o)
 .data          0x00000000000355a0        0xc build/cooja/mtype592.a(uip-packetqueue)
 .data          0x00000000000355ac        0x0 build/cooja/mtype592.a(rpl-nbr-policy.)
 .data          0x00000000000355ac       0x14 build/cooja/mtype592.a(rpl-neighbor.o)
                0x00000000000355bc                rpl_neighbors
 .data          0x00000000000355c0        0x0 build/cooja/mtype592.a(rpl-dag.o)
 .data          0x00000000000355c0        0x0 build/cooja/mtype592.a(rpl-timers.o)
 .data          0x00000000000355c0        0x0 build/cooja/mtype592.a(rpl-ext-header.)
 .data          0x00000000000355c0       0x24 build/cooja/mtype592.a(rpl-mrhof.o)
                0x00000000000355c0                rpl_mrhof
 .data          0x00000000000355e4        0x0 /usr/lib/gcc/i686-linux-gnu/5/libgcc.a(_udivdi3.o)
 .data          0x00000000000355e4        0x0 /usr/lib/gcc/i686-linux-gnu/5/crtendS.o
 .data          0x00000000000355e4        0x0 /usr/lib/gcc/i686-linux-gnu/5/../../../i386-linux-gnu/crtn.o

.tm_clone_table
                0x00000000000355e4        0x0
 .tm_clone_table
                0x00000000000355e4        0x0 /usr/lib/gcc/i686-linux-gnu/5/crtbeginS.o
 .tm_clone_table
                0x00000000000355e4        0x0 /usr/lib/gcc/i686-linux-gnu/5/crtendS.o

.data1
 *(.data1)
                0x00000000000355e4                _edata = .
                [!provide]                        PROVIDE (edata, .)
                0x00000000000355e4                . = .
                0x00000000000355e4                __bss_start = .

.bss            0x0000000000035600    0x144c4
 *(.dynbss)
 .dynbss        0x0000000000035600        0x0 /usr/lib/gcc/i686-linux-gnu/5/../../../i386-linux-gnu/crti.o
 *(.bss .bss.* .gnu.linkonce.b.*)
 .bss           0x0000000000035600        0x0 /usr/lib/gcc/i686-linux-gnu/5/../../../i386-linux-gnu/crti.o
 .bss           0x0000000000035600        0x1 /usr/lib/gcc/i686-linux-gnu/5/crtbeginS.o
 *fill*         0x0000000000035601       0x1f 
 .bss           0x0000000000035620      0x16c client.o
                0x0000000000035620                rpl_add
 *fill*         0x000000000003578c       0x14 
 .bss           0x00000000000357a0     0x2030 build/cooja/mtype592.o
 .bss           0x00000000000377d0        0x1 build/cooja/mtype592.a(simEnvChange.o)
                0x00000000000377d0                simDontFallAsleep
 *fill*         0x00000000000377d1        0x3 
 .bss           0x00000000000377d4        0x4 build/cooja/mtype592.a(cooja_mt.o)
 .bss           0x00000000000377d8        0x4 build/cooja/mtype592.a(cooja_mtarch.o)
 .bss           0x00000000000377dc        0x0 build/cooja/mtype592.a(rtimer-arch.o)
 .bss           0x00000000000377dc        0x0 build/cooja/mtype592.a(beep.o)
 .bss           0x00000000000377dc        0x1 build/cooja/mtype592.a(leds-arch.o)
                0x00000000000377dc                simLedsValue
 .bss           0x00000000000377dd        0x0 build/cooja/mtype592.a(moteid.o)
 .bss           0x00000000000377dd        0x1 build/cooja/mtype592.a(pir-sensor.o)
                0x00000000000377dd                simPirValue
 *fill*         0x00000000000377de        0x2 
 .bss           0x00000000000377e0        0x4 build/cooja/mtype592.a(rs232.o)
 .bss           0x00000000000377e4        0x1 build/cooja/mtype592.a(vib-sensor.o)
                0x00000000000377e4                simVibValue
 .bss           0x00000000000377e5        0x0 build/cooja/mtype592.a(clock.o)
 *fill*         0x00000000000377e5       0x1b 
 .bss           0x0000000000037800     0x2020 build/cooja/mtype592.a(cooja-log.o)
 .bss           0x0000000000039820      0xfc0 build/cooja/mtype592.a(cfs-cooja.o)
                0x0000000000039820                simCFSData
                0x000000000003a7c0                simCFSSize
                0x000000000003a7c4                simCFSChanged
                0x000000000003a7c8                simCFSRead
                0x000000000003a7cc                simCFSWritten
 .bss           0x000000000003a7e0       0x24 build/cooja/mtype592.a(cooja-radio.o)
                0x000000000003a7e0                simReceiving
                0x000000000003a7e4                simInSize
                0x000000000003a7e8                simLastPacketTimestamp
                0x000000000003a7f0                simOutSize
 .bss           0x000000000003a804        0xc build/cooja/mtype592.a(eeprom.o)
                0x000000000003a804                simEEPROMChanged
                0x000000000003a808                simEEPROMRead
                0x000000000003a80c                simEEPROMWritten
 .bss           0x000000000003a810        0x0 build/cooja/mtype592.a(random.o)
 .bss           0x000000000003a810        0xc build/cooja/mtype592.a(sensors.o)
 .bss           0x000000000003a81c        0x0 build/cooja/mtype592.a(leds.o)
 .bss           0x000000000003a81c       0x24 build/cooja/mtype592.a(gpio-hal-arch.o)
 .bss           0x000000000003a840        0x0 build/cooja/mtype592.a(buttons.o)
 .bss           0x000000000003a840        0x0 build/cooja/mtype592.a(res-power.o)
 .bss           0x000000000003a840        0x0 build/cooja/mtype592.a(res-temperature)
 .bss           0x000000000003a840        0x0 build/cooja/mtype592.a(coap-blocking-a)
 .bss           0x000000000003a840      0x190 build/cooja/mtype592.a(coap-engine.o)
 .bss           0x000000000003a9d0        0x0 build/cooja/mtype592.a(coap-res-well-k)
 *fill*         0x000000000003a9d0       0x10 
 .bss           0x000000000003a9e0      0x120 build/cooja/mtype592.a(coap-observe.o)
 .bss           0x000000000003ab00       0x18 build/cooja/mtype592.a(coap-uip.o)
 .bss           0x000000000003ab18        0x5 build/cooja/mtype592.a(coap-timer.o)
 *fill*         0x000000000003ab1d        0x3 
 .bss           0x000000000003ab20      0x334 build/cooja/mtype592.a(coap-transactio)
 .bss           0x000000000003ae54        0x6 build/cooja/mtype592.a(coap.o)
                0x000000000003ae54                coap_status_code
 .bss           0x000000000003ae5a        0x0 build/cooja/mtype592.a(contiki-main.o)
 .bss           0x000000000003ae5a        0x0 build/cooja/mtype592.a(autostart.o)
 *fill*         0x000000000003ae5a        0x2 
 .bss           0x000000000003ae5c        0x5 build/cooja/mtype592.a(ctimer.o)
 *fill*         0x000000000003ae61        0x3 
 .bss           0x000000000003ae64       0x2c build/cooja/mtype592.a(log.o)
                0x000000000003ae64                curr_log_level_rpl
                0x000000000003ae68                curr_log_level_tcpip
                0x000000000003ae6c                curr_log_level_ipv6
                0x000000000003ae70                curr_log_level_6lowpan
                0x000000000003ae74                curr_log_level_nullnet
                0x000000000003ae78                curr_log_level_mac
                0x000000000003ae7c                curr_log_level_framer
                0x000000000003ae80                curr_log_level_6top
                0x000000000003ae84                curr_log_level_coap
                0x000000000003ae88                curr_log_level_snmp
                0x000000000003ae8c                curr_log_level_lwm2m
 .bss           0x000000000003ae90        0x0 build/cooja/mtype592.a(energest.o)
 .bss           0x000000000003ae90        0x8 build/cooja/mtype592.a(etimer.o)
 .bss           0x000000000003ae98        0x2 build/cooja/mtype592.a(node-id.o)
                0x000000000003ae98                node_id
 *fill*         0x000000000003ae9a        0x2 
 .bss           0x000000000003ae9c        0x4 build/cooja/mtype592.a(rtimer.o)
 .bss           0x000000000003aea0      0x1a1 build/cooja/mtype592.a(process.o)
                0x000000000003aea0                process_list
                0x000000000003aea4                process_current
 .bss           0x000000000003b041        0x0 build/cooja/mtype592.a(timer.o)
 .bss           0x000000000003b041        0x0 build/cooja/mtype592.a(list.o)
 .bss           0x000000000003b041        0x0 build/cooja/mtype592.a(memb.o)
 *fill*         0x000000000003b041        0x3 
 .bss           0x000000000003b044       0x10 build/cooja/mtype592.a(button-hal.o)
 *fill*         0x000000000003b054        0xc 
 .bss           0x000000000003b060      0x140 build/cooja/mtype592.a(serial-line.o)
 .bss           0x000000000003b1a0        0x4 build/cooja/mtype592.a(gpio-hal.o)
 *fill*         0x000000000003b1a4       0x1c 
 .bss           0x000000000003b1c0     0x2c80 build/cooja/mtype592.a(queuebuf.o)
 .bss           0x000000000003de40       0xa0 build/cooja/mtype592.a(packetbuf.o)
 .bss           0x000000000003dee0        0x4 build/cooja/mtype592.a(netstack.o)
 .bss           0x000000000003dee4        0x0 build/cooja/mtype592.a(linkaddr.o)
 .bss           0x000000000003dee4        0x0 build/cooja/mtype592.a(csma.o)
 *fill*         0x000000000003dee4       0x1c 