Archive member included to satisfy reference by file (symbol)

build/cooja/mtype776.a(simEnvChange.o)
                              build/cooja/mtype776.o (simDontFallAsleep)
build/cooja/mtype776.a(cooja_mt.o)
                              build/cooja/mtype776.o (cooja_mt_start)
build/cooja/mtype776.a(cooja_mtarch.o)
                              build/cooja/mtype776.a(cooja_mt.o) (cooja_mtarch_start)
build/cooja/mtype776.a(rtimer-arch.o)
                              build/cooja/mtype776.o (rtimer_arch_check)
build/cooja/mtype776.a(beep.o)
                              build/cooja/mtype776.o (beep_interface)
build/cooja/mtype776.a(leds-arch.o)
                              build/cooja/mtype776.o (leds_interface)
build/cooja/mtype776.a(moteid.o)
                              build/cooja/mtype776.o (moteid_interface)
build/cooja/mtype776.a(pir-sensor.o)
                              build/cooja/mtype776.o (pir_interface)
build/cooja/mtype776.a(rs232.o)
                              build/cooja/mtype776.o (rs232_interface)
build/cooja/mtype776.a(vib-sensor.o)
                              build/cooja/mtype776.o (vib_interface)
build/cooja/mtype776.a(clock.o)
                              build/cooja/mtype776.o (clock_interface)
build/cooja/mtype776.a(cooja-log.o)
                              build/cooja/mtype776.o (simlog_interface)
build/cooja/mtype776.a(cfs-cooja.o)
                              build/cooja/mtype776.o (cfs_interface)
build/cooja/mtype776.a(cooja-radio.o)
                              build/cooja/mtype776.o (radio_interface)
build/cooja/mtype776.a(eeprom.o)
                              build/cooja/mtype776.o (eeprom_interface)
build/cooja/mtype776.a(random.o)
                              build/cooja/mtype776.a(moteid.o) (random_init)
build/cooja/mtype776.a(sensors.o)
                              build/cooja/mtype776.a(pir-sensor.o) (sensors_changed)
build/cooja/mtype776.a(leds.o)
                              build/cooja/mtype776.a(leds-arch.o) (leds_get)
build/cooja/mtype776.a(gpio-hal-arch.o)
                              build/cooja/mtype776.a(leds-arch.o) (gpio_hal_arch_register_pin_callback)
build/cooja/mtype776.a(buttons.o)
                              build/cooja/mtype776.o (button_interface)
build/cooja/mtype776.a(res-power.o)
                              client.o (res_power)
build/cooja/mtype776.a(res-temperature)
                              client.o (res_temperature)
build/cooja/mtype776.a(coap-blocking-a)
                              client.o (coap_blocking_request)
build/cooja/mtype776.a(coap-engine.o)
                              client.o (coap_activate_resource)
build/cooja/mtype776.a(coap-res-well-k)
                              build/cooja/mtype776.a(coap-engine.o) (res_well_known_core)
build/cooja/mtype776.a(coap-observe.o)
                              build/cooja/mtype776.a(coap-engine.o) (coap_remove_observer_by_mid)
build/cooja/mtype776.a(coap-uip.o)
                              build/cooja/mtype776.a(coap-observe.o) (coap_endpoint_copy)
build/cooja/mtype776.a(coap-timer.o)
                              build/cooja/mtype776.a(coap-engine.o) (coap_timer_set)
build/cooja/mtype776.a(coap-transactio)
                              build/cooja/mtype776.a(coap-blocking-a) (coap_send_transaction)
build/cooja/mtype776.a(coap.o)
                              build/cooja/mtype776.a(coap-engine.o) (coap_status_code)
build/cooja/mtype776.a(contiki-main.o)
                              build/cooja/mtype776.o (main)
build/cooja/mtype776.a(autostart.o)
                              build/cooja/mtype776.a(contiki-main.o) (autostart_start)
build/cooja/mtype776.a(ctimer.o)
                              build/cooja/mtype776.a(contiki-main.o) (ctimer_init)
build/cooja/mtype776.a(log.o)
                              build/cooja/mtype776.a(contiki-main.o) (curr_log_level_main)
build/cooja/mtype776.a(energest.o)
                              build/cooja/mtype776.a(contiki-main.o) (energest_init)
build/cooja/mtype776.a(etimer.o)
                              build/cooja/mtype776.a(contiki-main.o) (etimer_process)
build/cooja/mtype776.a(node-id.o)
                              client.o (node_id)
build/cooja/mtype776.a(rtimer.o)
                              build/cooja/mtype776.a(contiki-main.o) (rtimer_init)
build/cooja/mtype776.a(process.o)
                              build/cooja/mtype776.a(coap-blocking-a) (process_current)
build/cooja/mtype776.a(timer.o)
                              build/cooja/mtype776.a(etimer.o) (timer_set)
build/cooja/mtype776.a(list.o)
                              build/cooja/mtype776.a(coap-engine.o) (list_init)
build/cooja/mtype776.a(memb.o)
                              build/cooja/mtype776.a(coap-observe.o) (memb_alloc)
build/cooja/mtype776.a(button-hal.o)
                              build/cooja/mtype776.o (button_hal_init)
build/cooja/mtype776.a(serial-line.o)
                              build/cooja/mtype776.a(rs232.o) (serial_line_input_byte)
[...]
Memory Configuration

Name             Origin             Length             Attributes
*default*        0x0000000000000000 0xffffffffffffffff

Linker script and memory map

LOAD /usr/lib/gcc/i686-linux-gnu/5/../../../i386-linux-gnu/crti.o
LOAD /usr/lib/gcc/i686-linux-gnu/5/crtbeginS.o
LOAD client.o
LOAD build/cooja/mtype776.o
LOAD build/cooja/mtype776.a
LOAD /usr/lib/gcc/i686-linux-gnu/5/libgcc.a
LOAD /usr/lib/gcc/i686-linux-gnu/5/libgcc_s.so
LOAD /usr/lib/gcc/i686-linux-gnu/5/../../../i386-linux-gnu/libc.so
START GROUP
LOAD /lib/i386-linux-gnu/libc.so.6
LOAD /usr/lib/i386-linux-gnu/libc_nonshared.a
LOAD /lib/i386-linux-gnu/ld-linux.so.2
END GROUP
LOAD /usr/lib/gcc/i686-linux-gnu/5/libgcc.a
LOAD /usr/lib/gcc/i686-linux-gnu/5/libgcc_s.so
LOAD /usr/lib/gcc/i686-linux-gnu/5/crtendS.o
LOAD /usr/lib/gcc/i686-linux-gnu/5/../../../i386-linux-gnu/crtn.o
                0x0000000000000114                . = (0x0 + SIZEOF_HEADERS)

.note.gnu.build-id
                0x0000000000000114       0x24
 *(.note.gnu.build-id)
 .note.gnu.build-id
                0x0000000000000114       0x24 /usr/lib/gcc/i686-linux-gnu/5/../../../i386-linux-gnu/crti.o

.hash
 *(.hash)

.gnu.hash       0x0000000000000138     0x15b4
 *(.gnu.hash)
 .gnu.hash      0x0000000000000138     0x15b4 /usr/lib/gcc/i686-linux-gnu/5/../../../i386-linux-gnu/crti.o

.dynsym         0x00000000000016ec     0x2f80
 *(.dynsym)
 .dynsym        0x00000000000016ec     0x2f80 /usr/lib/gcc/i686-linux-gnu/5/../../../i386-linux-gnu/crti.o

.dynstr         0x000000000000466c     0x3726
 *(.dynstr)
 .dynstr        0x000000000000466c     0x3726 /usr/lib/gcc/i686-linux-gnu/5/../../../i386-linux-gnu/crti.o

.gnu.version    0x0000000000007d92      0x5f0
 *(.gnu.version)
 .gnu.version   0x0000000000007d92      0x5f0 /usr/lib/gcc/i686-linux-gnu/5/../../../i386-linux-gnu/crti.o

.gnu.version_d  0x0000000000008384        0x0
 *(.gnu.version_d)
 .gnu.version_d
                0x0000000000008384        0x0 /usr/lib/gcc/i686-linux-gnu/5/../../../i386-linux-gnu/crti.o

.gnu.version_r  0x0000000000008384       0x40
 *(.gnu.version_r)
 .gnu.version_r
                0x0000000000008384       0x40 /usr/lib/gcc/i686-linux-gnu/5/../../../i386-linux-gnu/crti.o

.rel.dyn        0x00000000000083c4     0x9520
 *(.rel.init)
 .rel.init      0x00000000000083c4        0x0 /usr/lib/gcc/i686-linux-gnu/5/../../../i386-linux-gnu/crti.o
 *(.rel.text .rel.text.* .rel.gnu.linkonce.t.*)
 .rel.text      0x00000000000083c4     0x8b00 /usr/lib/gcc/i686-linux-gnu/5/../../../i386-linux-gnu/crti.o
 *(.rel.fini)
 .rel.fini      0x0000000000010ec4        0x0 /usr/lib/gcc/i686-linux-gnu/5/../../../i386-linux-gnu/crti.o
 *(.rel.rodata .rel.rodata.* .rel.gnu.linkonce.r.*)
 .rel.rodata    0x0000000000010ec4      0x598 /usr/lib/gcc/i686-linux-gnu/5/../../../i386-linux-gnu/crti.o
 *(.rel.data.rel.ro .rel.data.rel.ro.* .rel.gnu.linkonce.d.rel.ro.*)
 *(.rel.data .rel.data.* .rel.gnu.linkonce.d.*)
 .rel.data.rel.local
                0x000000000001145c        0x8 /usr/lib/gcc/i686-linux-gnu/5/../../../i386-linux-gnu/crti.o
 .rel.data      0x0000000000011464      0x448 /usr/lib/gcc/i686-linux-gnu/5/../../../i386-linux-gnu/crti.o
 *(.rel.tdata .rel.tdata.* .rel.gnu.linkonce.td.*)
 *(.rel.tbss .rel.tbss.* .rel.gnu.linkonce.tb.*)
 *(.rel.ctors)
 *(.rel.dtors)
 *(.rel.got)
 .rel.got       0x00000000000118ac       0x28 /usr/lib/gcc/i686-linux-gnu/5/../../../i386-linux-gnu/crti.o
 *(.rel.bss .rel.bss.* .rel.gnu.linkonce.b.*)
 *(.rel.ifunc)
 .rel.ifunc     0x00000000000118d4        0x0 /usr/lib/gcc/i686-linux-gnu/5/../../../i386-linux-gnu/crti.o
 .rel.fini_array
                0x00000000000118d4        0x8 /usr/lib/gcc/i686-linux-gnu/5/../../../i386-linux-gnu/crti.o
 .rel.init_array
                0x00000000000118dc        0x8 /usr/lib/gcc/i686-linux-gnu/5/../../../i386-linux-gnu/crti.o

.rel.plt        0x00000000000118e4        0x0
 *(.rel.plt)
 .rel.plt       0x00000000000118e4        0x0 /usr/lib/gcc/i686-linux-gnu/5/../../../i386-linux-gnu/crti.o
 *(.rel.iplt)

.init           0x00000000000118e4       0x23
 *(SORT(.init))
 .init          0x00000000000118e4       0x1e /usr/lib/gcc/i686-linux-gnu/5/../../../i386-linux-gnu/crti.o
                0x00000000000118e4                _init
 .init          0x0000000000011902        0x5 /usr/lib/gcc/i686-linux-gnu/5/../../../i386-linux-gnu/crtn.o

.plt            0x0000000000011910       0x10
 *(.plt)
 .plt           0x0000000000011910       0x10 /usr/lib/gcc/i686-linux-gnu/5/../../../i386-linux-gnu/crti.o
 *(.iplt)

.plt.got        0x0000000000011920       0x10
 *(.plt.got)
 .plt.got       0x0000000000011920       0x10 /usr/lib/gcc/i686-linux-gnu/5/../../../i386-linux-gnu/crti.o

.text           0x0000000000011930    0x191d2
 *(.text.unlikely .text.*_unlikely .text.unlikely.*)
 .text.unlikely
                0x0000000000011930        0x0 /usr/lib/gcc/i686-linux-gnu/5/crtbeginS.o
 .text.unlikely
                0x0000000000011930        0x0 /usr/lib/gcc/i686-linux-gnu/5/libgcc.a(_udivdi3.o)
 *(.text.exit .text.exit.*)
 *(.text.startup .text.startup.*)
 *(.text.hot .text.hot.*)
 *(.text .stub .text.* .gnu.linkonce.t.*)
 .text          0x0000000000011930        0x0 /usr/lib/gcc/i686-linux-gnu/5/../../../i386-linux-gnu/crti.o
 .gnu.linkonce.t.__x86.get_pc_thunk.bx
                0x0000000000011930        0x4 /usr/lib/gcc/i686-linux-gnu/5/../../../i386-linux-gnu/crti.o
                0x0000000000011930                __x86.get_pc_thunk.bx
 *fill*         0x0000000000011934        0xc 
 .text          0x0000000000011940      0x11c /usr/lib/gcc/i686-linux-gnu/5/crtbeginS.o
 .text.__x86.get_pc_thunk.dx
                0x0000000000011a5c        0x4 /usr/lib/gcc/i686-linux-gnu/5/crtbeginS.o
                0x0000000000011a5c                __x86.get_pc_thunk.dx
 .text          0x0000000000011a60      0x55f client.o
                0x0000000000011ac9                client_chunk_handler
 .text          0x0000000000011fbf      0x283 build/cooja/mtype776.o
                0x0000000000012051                platform_init_stage_one
                0x0000000000012064                platform_init_stage_two
                0x0000000000012077                platform_init_stage_three
                0x000000000001208a                platform_main_loop
                0x00000000000120fd                Java_org_contikios_cooja_corecomm_Lib4_init
                0x0000000000012134                Java_org_contikios_cooja_corecomm_Lib4_getMemory
                0x0000000000012167                Java_org_contikios_cooja_corecomm_Lib4_setMemory
                0x00000000000121c7                Java_org_contikios_cooja_corecomm_Lib4_tick
                0x000000000001222f                Java_org_contikios_cooja_corecomm_Lib4_setReferenceAddress
 .text          0x0000000000012242       0x65 build/cooja/mtype776.a(simEnvChange.o)
                0x0000000000012242                doActionsBeforeTick
                0x0000000000012274                doActionsAfterTick
 .text          0x00000000000122a7       0x83 build/cooja/mtype776.a(cooja_mt.o)
                0x00000000000122a7                cooja_mt_start
                0x00000000000122d1                cooja_mt_exec
                0x0000000000012307                cooja_mt_yield
 .text          0x000000000001232a       0xbe build/cooja/mtype776.a(cooja_mtarch.o)
                0x000000000001232a                cooja_mtarch_start
                0x000000000001239d                cooja_sw
                0x00000000000123c0                cooja_mtarch_exec
                0x00000000000123dd                cooja_mtarch_yield
 .text          0x00000000000123e8       0xc5 build/cooja/mtype776.a(rtimer-arch.o)
                0x00000000000123e8                rtimer_arch_init
                0x000000000001240c                rtimer_arch_schedule
                0x000000000001243c                rtimer_arch_next
                0x000000000001244c                rtimer_arch_pending
                0x0000000000012456                rtimer_arch_check
                0x000000000001249d                rtimer_arch_now
 .text          0x00000000000124ad       0x81 build/cooja/mtype776.a(beep.o)
                0x00000000000124ad                beep_alarm
                0x00000000000124ba                beep_beep
                0x00000000000124c7                beep
                0x00000000000124d4                beep_down
                0x00000000000124e1                beep_on
                0x00000000000124ee                beep_off
                0x00000000000124fb                beep_spinup
                0x0000000000012508                beep_quick
                0x0000000000012515                beep_long
 .text          0x000000000001252e       0x65 build/cooja/mtype776.a(leds-arch.o)
                0x0000000000012541                leds_arch_init
 .text          0x0000000000012593       0x35 build/cooja/mtype776.a(moteid.o)
 .text          0x00000000000125c8       0xb7 build/cooja/mtype776.a(pir-sensor.o)
 .text          0x000000000001267f      0x148 build/cooja/mtype776.a(rs232.o)
                0x000000000001267f                rs232_init
                0x0000000000012685                rs232_set_speed
                0x0000000000012694                rs232_set_input
                0x00000000000126a2                rs232_send
                0x00000000000126c6                rs232_print
                0x00000000000126e2                slip_arch_writeb
 .text          0x00000000000127c7       0xb7 build/cooja/mtype776.a(vib-sensor.o)
 .text          0x000000000001287e       0x38 build/cooja/mtype776.a(clock.o)
                0x000000000001287e                clock_init
                0x0000000000012884                clock_time
                0x000000000001288e                clock_seconds
                0x00000000000128a4                clock_delay
 .text          0x00000000000128b6      0x219 build/cooja/mtype776.a(cooja-log.o)
                0x00000000000128b6                simlog_char
                0x00000000000128f9                simlog
                0x000000000001296f                log_message
                0x00000000000129a0                log_set_putchar_with_slip
                0x00000000000129ae                log_putchar
                0x0000000000012a29                log_puts
                0x0000000000012a51                log_printf
 .text          0x0000000000012acf      0x2b9 build/cooja/mtype776.a(cfs-cooja.o)
                0x0000000000012acf                cfs_open
                0x0000000000012b38                cfs_close
                0x0000000000012b45                cfs_read
                0x0000000000012bda                cfs_write
                0x0000000000012cb6                cfs_seek
                0x0000000000012d3e                cfs_remove
                0x0000000000012d62                cfs_opendir
                0x0000000000012d6c                cfs_readdir
                0x0000000000012d76                cfs_closedir
 .text          0x0000000000012d88      0x620 build/cooja/mtype776.a(cooja-radio.o)
                0x0000000000012dca                radio_set_channel
                0x0000000000012dd8                radio_set_txpower
                0x0000000000012df0                radio_signal_strength_last
                0x0000000000012dfa                radio_signal_strength_current
                0x0000000000012e04                radio_LQI
 .text          0x00000000000133a8       0xee build/cooja/mtype776.a(eeprom.o)
                0x00000000000133a8                eeprom_init
                0x00000000000133ae                eeprom_read
                0x000000000001341c                eeprom_write
 .text          0x0000000000013496       0x2d build/cooja/mtype776.a(random.o)
                0x0000000000013496                random_init
                0x00000000000134b6                random_rand
 .text          0x00000000000134c3      0x29c build/cooja/mtype776.a(sensors.o)
                0x00000000000134fe                sensors_first
                0x0000000000013508                sensors_next
                0x0000000000013522                sensors_changed
                0x0000000000013556                sensors_find
 .text          0x000000000001375f      0x349 build/cooja/mtype776.a(leds.o)
                0x000000000001375f                leds_init
                0x00000000000137a6                leds_single_on
                0x0000000000013805                leds_single_off
                0x0000000000013864                leds_single_toggle
                0x0000000000013896                leds_on
                0x0000000000013918                leds_off
                0x000000000001399a                leds_toggle
                0x00000000000139ef                leds_set
                0x0000000000013a1b                leds_get
 .text          0x0000000000013aa8      0x343 build/cooja/mtype776.a(gpio-hal-arch.o)
                0x0000000000013aa8                gpio_hal_arch_register_pin_callback
                0x0000000000013b14                gpio_hal_arch_init
                0x0000000000013b59                gpio_hal_arch_no_port_interrupt_enable
                0x0000000000013b89                gpio_hal_arch_no_port_interrupt_disable
                0x0000000000013bb9                gpio_hal_arch_no_port_pin_cfg_set
                0x0000000000013bde                gpio_hal_arch_no_port_pin_cfg_get
                0x0000000000013c04                gpio_hal_arch_no_port_pin_set_input
                0x0000000000013c16                gpio_hal_arch_no_port_pin_set_output
                0x0000000000013c28                gpio_hal_arch_no_port_set_pin
                0x0000000000013c49                gpio_hal_arch_no_port_clear_pin
                0x0000000000013c6a                gpio_hal_arch_no_port_read_pin
                0x0000000000013c90                gpio_hal_arch_no_port_write_pin
                0x0000000000013cba                gpio_hal_arch_no_port_set_pins
                0x0000000000013d01                gpio_hal_arch_no_port_clear_pins
                0x0000000000013d48                gpio_hal_arch_no_port_read_pins
                0x0000000000013d8b                gpio_hal_arch_no_port_write_pins
 .text          0x0000000000013deb       0x89 build/cooja/mtype776.a(buttons.o)
 .text          0x0000000000013e74      0x403 build/cooja/mtype776.a(res-power.o)
 .text          0x0000000000014277      0x3fe build/cooja/mtype776.a(res-temperature)
 .text          0x0000000000014675      0x27b build/cooja/mtype776.a(coap-blocking-a)
                0x0000000000014675                coap_blocking_request_callback
                0x000000000001469f                coap_blocking_request
 .text          0x00000000000148f0      0xbea build/cooja/mtype776.a(coap-engine.o)
                0x0000000000014985                coap_add_handler
                0x00000000000149a2                coap_remove_handler
                0x00000000000149bf                coap_call_handlers
                0x0000000000014ac7                coap_receive
                0x00000000000150c2                coap_engine_init
                0x0000000000015120                coap_activate_resource
                0x00000000000151cb                coap_get_first_resource
                0x00000000000151e4                coap_get_next_resource
 .text          0x00000000000154da      0x2d9 build/cooja/mtype776.a(coap-res-well-k)
 .text          0x00000000000157b3      0x96a build/cooja/mtype776.a(coap-observe.o)
                0x00000000000158c8                coap_remove_observer
                0x00000000000158f8                coap_remove_observer_by_client
                0x0000000000015960                coap_remove_observer_by_token
                0x00000000000159f3                coap_remove_observer_by_uri
                0x0000000000015a9a                coap_remove_observer_by_mid
                0x0000000000015b16                coap_notify_observers
                0x0000000000015b2f                coap_notify_observers_sub
                0x0000000000015f99                coap_observe_handler
                0x00000000000160b4                coap_has_observers
 .text          0x000000000001611d      0x733 build/cooja/mtype776.a(coap-uip.o)
                0x000000000001611d                coap_endpoint_log
                0x00000000000161a3                coap_endpoint_print
                0x0000000000016229                coap_endpoint_snprint
                0x000000000001635c                coap_endpoint_copy
                0x0000000000016399                coap_endpoint_cmp
                0x00000000000164a7                coap_endpoint_parse
                0x0000000000016692                coap_endpoint_is_secure
                0x00000000000166a1                coap_endpoint_is_connected
                0x00000000000166d5                coap_endpoint_connect
                0x00000000000166f1                coap_endpoint_disconnect
                0x00000000000166f7                coap_databuf
                0x0000000000016701                coap_transport_init
                0x0000000000016751                coap_sendto
 .text          0x0000000000016850      0x324 build/cooja/mtype776.a(coap-timer.o)
                0x000000000001694d                coap_timer_stop
                0x0000000000016978                coap_timer_set
                0x00000000000169bb                coap_timer_reset
                0x00000000000169fe                coap_timer_time_to_next_expiration
                0x0000000000016a6a                coap_timer_run
                0x0000000000016b36                coap_timer_init
 .text          0x0000000000016b74      0x2c6 build/cooja/mtype776.a(coap-transactio)
                0x0000000000016bda                coap_new_transaction
                0x0000000000016c40                coap_send_transaction
                0x0000000000016da1                coap_clear_transaction
                0x0000000000016de9                coap_get_transaction_by_mid
 .text          0x0000000000016e3a     0x1c53 build/cooja/mtype776.a(coap.o)
                0x00000000000173a7                coap_init_connection
                0x00000000000173bb                coap_get_mid
                0x00000000000173d7                coap_init_message
                0x0000000000017420                coap_serialize_message
                0x0000000000017aa2                coap_parse_message
                0x0000000000018109                coap_get_query_variable
                0x000000000001814b                coap_get_post_variable
                0x000000000001818f                coap_set_status_code
                0x00000000000181b4                coap_set_token
                0x00000000000181fb                coap_get_header_content_format
                0x000000000001822c                coap_set_header_content_format
                0x000000000001824f                coap_get_header_accept
                0x0000000000018280                coap_set_header_accept
                0x00000000000182a3                coap_get_header_max_age
                0x00000000000182d4                coap_set_header_max_age
                0x00000000000182f4                coap_get_header_etag
                0x0000000000018326                coap_set_header_etag
                0x000000000001837d                coap_get_header_if_match
                0x00000000000183af                coap_set_header_if_match
                0x0000000000018406                coap_get_header_if_none_match
                0x0000000000018420                coap_set_header_if_none_match
                0x0000000000018437                coap_get_header_proxy_uri
                0x0000000000018465                coap_set_header_proxy_uri
                0x00000000000184a2                coap_get_header_uri_host
                0x00000000000184d0                coap_set_header_uri_host
                0x000000000001850d                coap_get_header_uri_path
                0x000000000001853b                coap_set_header_uri_path
                0x0000000000018588                coap_get_header_uri_query
                0x00000000000185bc                coap_set_header_uri_query
                0x0000000000018612                coap_get_header_location_path
                0x0000000000018640                coap_set_header_location_path
                0x00000000000186d9                coap_get_header_location_query
                0x0000000000018707                coap_set_header_location_query
                0x0000000000018754                coap_get_header_observe
                0x0000000000018783                coap_set_header_observe
                0x00000000000187a3                coap_get_header_block2
                0x000000000001880f                coap_set_header_block2
                0x0000000000018886                coap_get_header_block1
                0x00000000000188fb                coap_set_header_block1
                0x0000000000018976                coap_get_header_size2
                0x00000000000189a6                coap_set_header_size2
                0x00000000000189c9                coap_get_header_size1
                0x00000000000189f9                coap_set_header_size1
                0x0000000000018a1c                coap_get_payload
                0x0000000000018a56                coap_set_payload
 .text          0x0000000000018a8d      0x332 build/cooja/mtype776.a(contiki-main.o)
                0x0000000000018a8d                main
 .text          0x0000000000018dbf       0x92 build/cooja/mtype776.a(autostart.o)
                0x0000000000018dbf                autostart_start
                0x0000000000018e09                autostart_exit
 .text          0x0000000000018e51      0x355 build/cooja/mtype776.a(ctimer.o)
                0x0000000000018f79                ctimer_init
                0x0000000000018fac                ctimer_set
                0x0000000000018fd2                ctimer_set_with_process
                0x000000000001904f                ctimer_reset
                0x00000000000190a3                ctimer_restart
                0x00000000000190f7                ctimer_stop
                0x0000000000019147                ctimer_expired
 .text          0x00000000000191a6      0x394 build/cooja/mtype776.a(log.o)
                0x00000000000191a6                log_6addr
                0x00000000000191f9                log_6addr_compact_snprint
                0x0000000000019297                log_6addr_compact
                0x00000000000192ea                log_lladdr
                0x000000000001935c                log_lladdr_compact
                0x00000000000193c4                log_set_level
                0x000000000001947f                log_get_level
                0x00000000000194f8                log_level_to_str
 .text          0x000000000001953a       0x1b build/cooja/mtype776.a(energest.o)
                0x000000000001953a                energest_init
                0x0000000000019540                energest_flush
                0x0000000000019546                energest_get_total_time
 .text          0x0000000000019555      0x43f build/cooja/mtype776.a(etimer.o)
                0x0000000000019779                etimer_request_poll
                0x0000000000019802                etimer_set
                0x000000000001982b                etimer_reset_with_new_interval
                0x000000000001985a                etimer_reset
                0x0000000000019880                etimer_restart
                0x00000000000198a6                etimer_adjust
                0x00000000000198c3                etimer_expired
                0x00000000000198d6                etimer_expiration_time
                0x00000000000198e8                etimer_start_time
                0x00000000000198f2                etimer_pending
                0x0000000000019904                etimer_next_expiration_time
                0x000000000001991e                etimer_stop
 .text          0x0000000000019994       0x25 build/cooja/mtype776.a(node-id.o)
                0x0000000000019994                node_id_init
 .text          0x00000000000199b9       0xeb build/cooja/mtype776.a(rtimer.o)
                0x00000000000199b9                rtimer_init
                0x00000000000199c7                rtimer_set
                0x0000000000019a42                rtimer_run_next
 .text          0x0000000000019aa4      0x4fb build/cooja/mtype776.a(process.o)
                0x0000000000019aa4                process_alloc_event
                0x0000000000019ab9                process_start
                0x0000000000019c93                process_exit
                0x0000000000019cb0                process_init
                0x0000000000019e45                process_run
                0x0000000000019e78                process_nevents
                0x0000000000019e93                process_post
                0x0000000000019f26                process_post_synch
                0x0000000000019f5b                process_poll
                0x0000000000019f8b                process_is_running
 .text          0x0000000000019f9f       0xb1 build/cooja/mtype776.a(timer.o)
                0x0000000000019f9f                timer_set
                0x0000000000019fbd                timer_reset
                0x0000000000019fea                timer_restart
                0x0000000000019fff                timer_expired
                0x000000000001a02c                timer_remaining
 .text          0x000000000001a050      0x28f build/cooja/mtype776.a(list.o)
                0x000000000001a050                list_init
                0x000000000001a05f                list_head
                0x000000000001a069                list_copy
                0x000000000001a079                list_tail
                0x000000000001a0af                list_add
                0x000000000001a0fb                list_push
                0x000000000001a127                list_chop
                0x000000000001a191                list_pop
                0x000000000001a1b9                list_remove
                0x000000000001a221                list_length
                0x000000000001a24f                list_insert
                0x000000000001a294                list_item_next
                0x000000000001a2ab                list_contains
 .text          0x000000000001a2df      0x1b5 build/cooja/mtype776.a(memb.o)
                0x000000000001a2df                memb_init
                0x000000000001a334                memb_alloc
                0x000000000001a397                memb_free
                0x000000000001a40e                memb_inmemb
                0x000000000001a44d                memb_numfree
 .text          0x000000000001a494      0x41c build/cooja/mtype776.a(button-hal.o)
                0x000000000001a60d                button_hal_get_by_id
                0x000000000001a64b                button_hal_get_by_index
                0x000000000001a677                button_hal_get_state
                0x000000000001a6c9                button_hal_init
 .text          0x000000000001a8b0      0x1f3 build/cooja/mtype776.a(serial-line.o)
                0x000000000001a8b0                serial_line_input_byte
                0x000000000001aa6e                serial_line_init
 .text          0x000000000001aaa3      0x168 build/cooja/mtype776.a(gpio-hal.o)
                0x000000000001aaa3                gpio_hal_register_handler
                0x000000000001aac0                gpio_hal_event_handler
                0x000000000001ab1c                gpio_hal_init
                0x000000000001ab3b                gpio_hal_arch_port_toggle_pin
                0x000000000001ab77                gpio_hal_arch_port_toggle_pins
                0x000000000001aba5                gpio_hal_arch_no_port_toggle_pin
                0x000000000001abe3                gpio_hal_arch_no_port_toggle_pins
 .text          0x000000000001ac0b      0x2e7 build/cooja/mtype776.a(queuebuf.o)
                0x000000000001ac15                queuebuf_init
                0x000000000001ac3e                queuebuf_numfree
                0x000000000001ac56                queuebuf_new_from_packetbuf
                0x000000000001acf5                queuebuf_update_attr_from_packetbuf
                0x000000000001ad2a                queuebuf_update_from_packetbuf
                0x000000000001ad7a                queuebuf_free
                0x000000000001adc3                queuebuf_to_packetbuf
                0x000000000001ae2f                queuebuf_dataptr
                0x000000000001ae69                queuebuf_datalen
                0x000000000001ae8c                queuebuf_addr
                0x000000000001aec1                queuebuf_attr
                0x000000000001aeec                queuebuf_debug_print
 .text          0x000000000001aef2      0x407 build/cooja/mtype776.a(packetbuf.o)
                0x000000000001aef2                packetbuf_clear
                0x000000000001af1d                packetbuf_copyfrom
                0x000000000001af6c                packetbuf_copyto
                0x000000000001afff                packetbuf_hdralloc
                0x000000000001b07b                packetbuf_hdrreduce
                0x000000000001b0c1                packetbuf_set_datalen
                0x000000000001b0db                packetbuf_dataptr
                0x000000000001b0f8                packetbuf_hdrptr
                0x000000000001b102                packetbuf_datalen
                0x000000000001b10e                packetbuf_hdrlen
                0x000000000001b125                packetbuf_totlen
                0x000000000001b13b                packetbuf_remaininglen
                0x000000000001b14e                packetbuf_attr_clear
                0x000000000001b19a                packetbuf_attr_copyto
                0x000000000001b1f2                packetbuf_attr_copyfrom
                0x000000000001b24a                packetbuf_set_attr
                0x000000000001b274                packetbuf_attr
                0x000000000001b28e                packetbuf_set_addr
                0x000000000001b2bf                packetbuf_addr
                0x000000000001b2dc                packetbuf_holds_broadcast
 .text          0x000000000001b2f9       0xef build/cooja/mtype776.a(netstack.o)
                0x000000000001b2f9                netstack_process_ip_callback
                0x000000000001b38a                netstack_ip_packet_processor_add
                0x000000000001b3ad                uip_ds6_ip_packet_processor_rm
                0x000000000001b3ca                netstack_init
 .text          0x000000000001b3e8       0x4f build/cooja/mtype776.a(linkaddr.o)
                0x000000000001b3e8                linkaddr_copy
                0x000000000001b3fe                linkaddr_cmp
                0x000000000001b421                linkaddr_set_node_addr
 .text          0x000000000001b437      0x1f6 build/cooja/mtype776.a(csma.o)
 .text          0x000000000001b62d      0x95d build/cooja/mtype776.a(csma-output.o)
                0x000000000001bcc4                csma_output_packet
                0x000000000001bf51                csma_output_init
 .text          0x000000000001bf8a      0xc11 build/cooja/mtype776.a(uip-ds6.o)
                0x000000000001bf8a                uip_ds6_default_prefix
                0x000000000001bf94                uip_ds6_set_default_prefix
                0x000000000001bfbf                uip_ds6_init
                0x000000000001c221                uip_ds6_periodic
                0x000000000001c2a8                uip_ds6_list_loop
                0x000000000001c368                uip_ds6_prefix_add
                0x000000000001c414                uip_ds6_prefix_rm
                0x000000000001c427                uip_ds6_prefix_lookup
                0x000000000001c466                uip_ds6_is_addr_onlink
                0x000000000001c4d9                uip_ds6_addr_add
                0x000000000001c5f9                uip_ds6_addr_rm
                0x000000000001c6a2                uip_ds6_addr_lookup
                0x000000000001c6db                uip_ds6_get_link_local
                0x000000000001c75c                uip_ds6_get_global
                0x000000000001c7dd                uip_ds6_maddr_add
                0x000000000001c83d                uip_ds6_maddr_rm
                0x000000000001c850                uip_ds6_maddr_lookup
                0x000000000001c889                uip_ds6_aaddr_add
                0x000000000001c8e9                uip_ds6_aaddr_rm
                0x000000000001c8fc                uip_ds6_aaddr_lookup
                0x000000000001c935                uip_ds6_select_src
                0x000000000001ca7e                uip_ds6_set_addr_iid
                0x000000000001caa9                uip_ds6_set_lladdr_from_iid
                0x000000000001cad2                get_match_length
                0x000000000001cb63                uip_ds6_compute_reachable_time
 .text          0x000000000001cb9b      0x128 build/cooja/mtype776.a(uip-udp-packet.)
                0x000000000001cb9b                uip_udp_packet_send
                0x000000000001cbf6                uip_udp_packet_sendto
 .text          0x000000000001ccc3      0x35b build/cooja/mtype776.a(uip-ds6-route.o)
                0x000000000001cd14                uip_ds6_route_init
                0x000000000001cd3e                uip_ds6_route_nexthop
                0x000000000001cd48                uip_ds6_route_head
                0x000000000001cd52                uip_ds6_route_next
                0x000000000001cd5c                uip_ds6_route_is_nexthop
                0x000000000001cd66                uip_ds6_route_num_routes
                0x000000000001cd70                uip_ds6_route_lookup
                0x000000000001cd7a                uip_ds6_route_add
                0x000000000001cd8d                uip_ds6_route_rm
                0x000000000001cd93                uip_ds6_route_rm_by_nexthop
                0x000000000001cd99                uip_ds6_defrt_head
                0x000000000001cdb2                uip_ds6_defrt_add
                0x000000000001ce60                uip_ds6_defrt_rm
                0x000000000001cec6                uip_ds6_defrt_lookup
                0x000000000001cf2d                uip_ds6_defrt_choose
                0x000000000001cfa3                uip_ds6_defrt_periodic
 .text          0x000000000001d01e      0x6f7 build/cooja/mtype776.a(tcpip.o)
                0x000000000001d038                tcpip_output
                0x000000000001d0b7                udp_attach
                0x000000000001d0cf                udp_new
                0x000000000001d119                udp_broadcast_new
                0x000000000001d28b                tcpip_input
                0x000000000001d41b                tcpip_ipv6_output
                0x000000000001d60f                tcpip_poll_udp
                0x000000000001d62d                tcpip_uipcall
 .text          0x000000000001d715     0x1205 build/cooja/mtype776.a(uip6.o)
                0x000000000001d7c4                uip_chksum
                0x000000000001d89b                uip_icmp6chksum
                0x000000000001d8b0                uip_udpchksum
                0x000000000001d8c5                uip_init
                0x000000000001d90e                uip_remove_ext_hdr
                0x000000000001d9e8                uip_udp_new
                0x000000000001dcfc                uip_process
                0x000000000001e7f4                uip_htons
                0x000000000001e816                uip_htonl
                0x000000000001e854                uip_send
 .text          0x000000000001e91a      0x369 build/cooja/mtype776.a(uip-ds6-nbr.o)
                0x000000000001e91a                uip_ds6_neighbors_init
                0x000000000001e93e                uip_ds6_nbr_add
                0x000000000001e9c4                uip_ds6_nbr_rm
                0x000000000001ea0f                uip_ds6_nbr_update_ll
                0x000000000001eafd                uip_ds6_nbr_get_ipaddr
                0x000000000001eb12                uip_ds6_nbr_get_ll
                0x000000000001eb2e                uip_ds6_nbr_num
                0x000000000001eb77                uip_ds6_nbr_head
                0x000000000001eb90                uip_ds6_nbr_next
                0x000000000001ebac                uip_ds6_nbr_lookup
                0x000000000001ec04                uip_ds6_nbr_ll_lookup
                0x000000000001ec20                uip_ds6_nbr_ipaddr_from_lladdr
                0x000000000001ec49                uip_ds6_nbr_lladdr_from_ipaddr
                0x000000000001ec7d                uip_ds6_link_callback
 .text          0x000000000001ec83      0x6a7 build/cooja/mtype776.a(uip-nd6.o)
                0x000000000001f311                uip_nd6_init
 .text          0x000000000001f32a      0x3b0 build/cooja/mtype776.a(simple-udp.o)
                0x000000000001f357                simple_udp_send
                0x000000000001f3ba                simple_udp_sendto
                0x000000000001f415                simple_udp_sendto_port
                0x000000000001f46e                simple_udp_register
 .text          0x000000000001f6da     0x2c17 build/cooja/mtype776.a(sicslowpan.o)
                0x000000000001fce1                netstack_sniffer_add
                0x000000000001fcef                netstack_sniffer_remove
                0x00000000000222c5                sicslowpan_init
                0x00000000000222e7                sicslowpan_get_last_rssi
 .text          0x00000000000222f1      0x4d1 build/cooja/mtype776.a(uiplib.o)
                0x00000000000222f1                uiplib_ip6addrconv
                0x00000000000224a9                uiplib_ip4addrconv
                0x000000000002256c                uiplib_ipaddr_print
                0x00000000000225bf                uiplib_ipaddr_snprint
 .text          0x00000000000227c2      0x4c9 build/cooja/mtype776.a(rpl.o)
                0x00000000000227c2                rpl_lollipop_greater_than
                0x000000000002281c                rpl_get_global_address
                0x0000000000022914                rpl_link_callback
                0x0000000000022958                rpl_has_joined
                0x000000000002297d                rpl_is_reachable
                0x00000000000229fe                rpl_reset_prefix
                0x0000000000022a68                rpl_set_prefix_from_addr
                0x0000000000022b4d                rpl_set_prefix
                0x0000000000022c67                rpl_set_leaf_only
                0x0000000000022c7f                rpl_get_leaf_only
 .text          0x0000000000022c8b     0x138c build/cooja/mtype776.a(rpl-icmp6.o)
                0x0000000000022db0                rpl_icmp6_update_nbr_table
                0x0000000000022e39                rpl_icmp6_dis_output
                0x000000000002347f                rpl_icmp6_dio_output
                0x0000000000023c7d                rpl_icmp6_dao_output
                0x0000000000023f5e                rpl_icmp6_dao_ack_output
                0x0000000000023fce                rpl_icmp6_init
 .text          0x0000000000024017      0x264 build/cooja/mtype776.a(rpl-dag-root.o)
                0x0000000000024017                rpl_dag_root_print_links
                0x0000000000024143                rpl_dag_root_set_prefix
                0x000000000002416f                rpl_dag_root_start
                0x000000000002424c                rpl_dag_root_is_root
 .text          0x000000000002427b       0x30 build/cooja/mtype776.a(watchdog.o)
                0x000000000002427b                watchdog_init
                0x0000000000024281                watchdog_start
                0x0000000000024287                watchdog_periodic
                0x000000000002429f                watchdog_stop
                0x00000000000242a5                watchdog_reboot
 .text          0x00000000000242ab       0x4a build/cooja/mtype776.a(int-master.o)
                0x00000000000242ab                int_master_enable
                0x00000000000242bb                int_master_read_and_disable
                0x00000000000242d8                int_master_status_set
                0x00000000000242e6                int_master_is_enabled
 .text          0x00000000000242f5      0x226 build/cooja/mtype776.a(coap-timer-defa)
 .text          0x000000000002451b       0xc7 build/cooja/mtype776.a(stimer.o)
                0x000000000002451b                stimer_set
                0x0000000000024539                stimer_reset
                0x0000000000024566                stimer_restart
                0x000000000002457b                stimer_expired
                0x00000000000245a6                stimer_remaining
                0x00000000000245ca                stimer_elapsed
 .text          0x00000000000245e2      0x156 build/cooja/mtype776.a(ringbuf.o)
                0x00000000000245e2                ringbuf_init
                0x0000000000024614                ringbuf_put
                0x0000000000024692                ringbuf_get
                0x00000000000246ff                ringbuf_size
                0x0000000000024711                ringbuf_elements
 .text          0x0000000000024738       0x1f build/cooja/mtype776.a(assert.o)
                0x0000000000024738                _xassert
 .text          0x0000000000024757      0x79b build/cooja/mtype776.a(nbr-table.o)
                0x0000000000024bd0                nbr_table_register
                0x0000000000024c3d                nbr_table_is_registered
                0x0000000000024c78                nbr_table_head
                0x0000000000024cd3                nbr_table_next
                0x0000000000024d34                nbr_table_add_lladdr
                0x0000000000024e0e                nbr_table_get_from_lladdr
                0x0000000000024e5a                nbr_table_remove
                0x0000000000024e92                nbr_table_lock
                0x0000000000024eac                nbr_table_unlock
                0x0000000000024ec6                nbr_table_get_lladdr
 .text          0x0000000000024ef2      0x3a5 build/cooja/mtype776.a(link-stats.o)
                0x0000000000024ef2                link_stats_from_lladdr
                0x0000000000024f0e                link_stats_get_lladdr
                0x0000000000024f2a                link_stats_is_fresh
                0x0000000000024f66                guess_etx_from_rssi
                0x0000000000024fe2                link_stats_packet_sent
                0x0000000000025102                link_stats_input_callback
                0x0000000000025212                link_stats_reset
                0x0000000000025262                link_stats_init
 .text          0x0000000000025297      0x187 build/cooja/mtype776.a(mac-sequence.o)
                0x0000000000025297                mac_sequence_is_duplicate
                0x0000000000025337                mac_sequence_register_seqno
 .text          0x000000000002541e       0x23 build/cooja/mtype776.a(mac.o)
                0x000000000002541e                mac_call_sent_callback
 .text          0x0000000000025441      0x432 build/cooja/mtype776.a(framer-802154.o)
                0x00000000000255d0                framer_802154_setup_params
 .text          0x0000000000025873      0xb6f build/cooja/mtype776.a(frame802154.o)
                0x00000000000258a4                frame802154_get_pan_id
                0x00000000000258b0                frame802154_set_pan_id
                0x00000000000258ca                frame802154_has_panid
                0x0000000000025a79                frame802154_check_dest_panid
                0x0000000000025b01                frame802154_is_broadcast_addr
                0x0000000000025b4e                frame802154_extract_linkaddr
                0x0000000000025db3                frame802154_hdrlen
                0x0000000000025e26                frame802154_create_fcf
                0x0000000000025ede                frame802154_create
                0x0000000000026053                frame802154_parse_fcf
                0x0000000000026135                frame802154_parse
 .text          0x00000000000263e2       0x2d build/cooja/mtype776.a(csma-security.o)
                0x00000000000263e2                csma_security_create_frame
                0x0000000000026400                csma_security_parse_frame
 .text          0x000000000002640f      0x4e4 build/cooja/mtype776.a(uipbuf.o)
                0x000000000002640f                uipbuf_clear
                0x0000000000026436                uipbuf_add_ext_hdr
                0x00000000000264b6                uipbuf_set_len
                0x00000000000264e3                uipbuf_set_len_field
                0x000000000002650f                uipbuf_get_len_field
                0x000000000002652f                uipbuf_get_next_header
                0x0000000000026661                uipbuf_get_last_header
                0x00000000000266da                uipbuf_search_header
                0x0000000000026790                uipbuf_get_attr
                0x00000000000267b7                uipbuf_set_attr
                0x00000000000267ee                uipbuf_set_default_attr
                0x0000000000026825                uipbuf_clear_attr
                0x0000000000026849                uipbuf_set_attr_flag
                0x000000000002686a                uipbuf_clr_attr_flag
                0x0000000000026891                uipbuf_is_attr_flag
                0x00000000000268b5                uipbuf_init
 .text          0x00000000000268f3      0x73f build/cooja/mtype776.a(uip-icmp6.o)
                0x0000000000026968                uip_icmp6_input
                0x00000000000269bf                uip_icmp6_register_input_handler
                0x0000000000026b12                uip_icmp6_error_output
                0x0000000000026dc3                uip_icmp6_send
                0x0000000000026fba                uip_icmp6_echo_reply_callback_add
                0x0000000000026fec                uip_icmp6_echo_reply_callback_rm
                0x0000000000027009                uip_icmp6_init
 .text          0x0000000000027032      0x69b build/cooja/mtype776.a(uip-sr.o)
                0x0000000000027032                uip_sr_num_nodes
                0x00000000000270c0                uip_sr_get_node
                0x0000000000027117                uip_sr_is_addr_reachable
                0x00000000000271c5                uip_sr_expire_parent
                0x000000000002720e                uip_sr_update_node
                0x000000000002733e                uip_sr_init
                0x0000000000027372                uip_sr_node_head
                0x000000000002738b                uip_sr_node_next
                0x00000000000273a1                uip_sr_periodic
                0x00000000000274a7                uip_sr_free_all
                0x0000000000027517                uip_sr_link_snprint
 .text          0x00000000000276cd      0x146 build/cooja/mtype776.a(uip-packetqueue)
                0x00000000000276fb                uip_packetqueue_new
                0x000000000002770a                uip_packetqueue_alloc
                0x0000000000027765                uip_packetqueue_free
                0x00000000000277ac                uip_packetqueue_buf
                0x00000000000277c9                uip_packetqueue_buflen
                0x00000000000277ea                uip_packetqueue_set_buflen
 .text          0x0000000000027813      0x1b0 build/cooja/mtype776.a(rpl-nbr-policy.)
                0x0000000000027980                rpl_nbr_policy_find_removable
 .text          0x00000000000279c3      0x915 build/cooja/mtype776.a(rpl-neighbor.o)
                0x0000000000027a3f                rpl_neighbor_snprint
                0x0000000000027cf2                rpl_neighbor_print_list
                0x0000000000027da7                rpl_neighbor_count
                0x0000000000027e4e                rpl_neighbor_get_from_lladdr
                0x0000000000027e6a                rpl_neighbor_is_acceptable_parent
                0x0000000000027e9e                rpl_neighbor_get_link_metric
                0x0000000000027ed2                rpl_neighbor_rank_via_nbr
                0x0000000000027f06                rpl_neighbor_get_lladdr
                0x0000000000027f22                rpl_neighbor_get_ipaddr
                0x0000000000027f49                rpl_neighbor_get_link_stats
                0x0000000000027f70                rpl_neighbor_is_fresh
                0x0000000000027f97                rpl_neighbor_is_reachable
                0x0000000000027fe2                rpl_neighbor_is_parent
                0x000000000002800c                rpl_neighbor_set_preferred_parent
                0x00000000000280a3                rpl_neighbor_remove_all
                0x00000000000280ff                rpl_neighbor_get_from_ipaddr
                0x000000000002820d                rpl_neighbor_select_best
                0x00000000000282b9                rpl_neighbor_init
 .text          0x00000000000282d8      0xe69 build/cooja/mtype776.a(rpl-dag.o)
                0x00000000000282d8                rpl_dag_state_to_str
                0x0000000000028317                rpl_dag_get_root_ipaddr
                0x000000000002835f                rpl_dag_leave
                0x00000000000283e8                rpl_dag_poison_and_leave
                0x0000000000028400                rpl_dag_periodic
                0x0000000000028488                rpl_is_addr_in_our_dag
                0x00000000000284cc                rpl_get_default_instance
                0x00000000000284e8                rpl_get_any_dag
                0x0000000000028541                rpl_refresh_routes
                0x0000000000028581                rpl_global_repair
                0x000000000002861a                rpl_local_repair
                0x0000000000028664                rpl_dag_ready_to_advertise
                0x00000000000286a7                rpl_dag_update_state
                0x0000000000028dd4                rpl_process_dio
                0x0000000000028e52                rpl_process_dis
                0x0000000000028e97                rpl_process_dao
                0x0000000000028f26                rpl_process_dao_ack
                0x0000000000028fbd                rpl_process_hbh
                0x000000000002900d                rpl_dag_init_root
                0x0000000000029121                rpl_dag_init
 .text          0x0000000000029141      0x9e7 build/cooja/mtype776.a(rpl-timers.o)
                0x0000000000029141                rpl_timers_schedule_periodic_dis
                0x000000000002928f                rpl_timers_dio_reset
                0x000000000002939d                rpl_timers_schedule_unicast_dio
                0x00000000000294f1                rpl_timers_schedule_dao
                0x00000000000295b0                rpl_timers_schedule_dao_ack
                0x0000000000029636                rpl_timers_notify_dao_ack
                0x0000000000029694                get_probing_delay
                0x00000000000296c8                get_probing_target
                0x00000000000298b2                rpl_schedule_probing
                0x00000000000298e0                rpl_schedule_probing_now
                0x000000000002994a                rpl_timers_unschedule_leaving
                0x0000000000029982                rpl_timers_schedule_leaving
                0x00000000000299c3                rpl_timers_init
                0x0000000000029a53                rpl_timers_stop_dag_timers
                0x0000000000029acc                rpl_timers_unschedule_state_update
                0x0000000000029af0                rpl_timers_schedule_state_update
 .text          0x0000000000029b28      0xb8e build/cooja/mtype776.a(rpl-ext-header.)
                0x0000000000029b28                rpl_ext_header_srh_get_next_hop
                0x0000000000029c0f                rpl_ext_header_srh_update
                0x000000000002a17b                rpl_ext_header_hbh_update
                0x000000000002a47b                rpl_ext_header_update
                0x000000000002a504                rpl_ext_header_remove
 .text          0x000000000002a6b6      0x31b build/cooja/mtype776.a(rpl-mrhof.o)
 *fill*         0x000000000002a9d1        0xf 
 .text          0x000000000002a9e0      0x122 /usr/lib/gcc/i686-linux-gnu/5/libgcc.a(_udivdi3.o)
                0x000000000002a9e0                __udivdi3
 .text          0x000000000002ab02        0x0 /usr/lib/gcc/i686-linux-gnu/5/crtendS.o
 .text          0x000000000002ab02        0x0 /usr/lib/gcc/i686-linux-gnu/5/../../../i386-linux-gnu/crtn.o
 *(.gnu.warning)

.fini           0x000000000002ab04       0x14
 *(SORT(.fini))
 .fini          0x000000000002ab04        0xf /usr/lib/gcc/i686-linux-gnu/5/../../../i386-linux-gnu/crti.o
                0x000000000002ab04                _fini
 .fini          0x000000000002ab13        0x5 /usr/lib/gcc/i686-linux-gnu/5/../../../i386-linux-gnu/crtn.o
                [!provide]                        PROVIDE (__etext, .)
                [!provide]                        PROVIDE (_etext, .)
                [!provide]                        PROVIDE (etext, .)

.rodata         0x000000000002ab20      0xbcb
 *(.rodata .rodata.* .gnu.linkonce.r.*)
 .rodata        0x000000000002ab20      0x15e client.o
                0x000000000002ab4c                autostart_processes
 *fill*         0x000000000002ac7e        0x2 
 .rodata        0x000000000002ac80        0x8 build/cooja/mtype776.a(beep.o)
                0x000000000002ac80                beep_interface
 .rodata        0x000000000002ac88        0xe build/cooja/mtype776.a(leds-arch.o)
                0x000000000002ac88                leds_interface
                0x000000000002ac90                leds_arch_leds
 *fill*         0x000000000002ac96        0x2 
 .rodata        0x000000000002ac98        0x8 build/cooja/mtype776.a(moteid.o)
                0x000000000002ac98                moteid_interface
 .rodata        0x000000000002aca0       0x1c build/cooja/mtype776.a(pir-sensor.o)
                0x000000000002aca0                pir_interface
                0x000000000002acac                pir_sensor
 .rodata        0x000000000002acbc        0xe build/cooja/mtype776.a(rs232.o)
                0x000000000002acbc                rs232_interface
 *fill*         0x000000000002acca        0x2 
 .rodata        0x000000000002accc       0x24 build/cooja/mtype776.a(vib-sensor.o)
                0x000000000002accc                vib_interface
                0x000000000002ace0                vib_sensor
 .rodata        0x000000000002acf0        0x8 build/cooja/mtype776.a(clock.o)
                0x000000000002acf0                clock_interface
 .rodata        0x000000000002acf8        0x8 build/cooja/mtype776.a(cooja-log.o)
                0x000000000002acf8                simlog_interface
 .rodata        0x000000000002ad00       0x2f build/cooja/mtype776.a(cfs-cooja.o)
                0x000000000002ad00                cfs_interface
 *fill*         0x000000000002ad2f       0x11 
 .rodata        0x000000000002ad40       0xb8 build/cooja/mtype776.a(cooja-radio.o)
                0x000000000002ad40                radio_interface
                0x000000000002adc0                cooja_radio_driver
 .rodata        0x000000000002adf8        0x8 build/cooja/mtype776.a(eeprom.o)
                0x000000000002adf8                eeprom_interface
 .rodata        0x000000000002ae00        0x8 build/cooja/mtype776.a(sensors.o)
 .rodata        0x000000000002ae08       0x2c build/cooja/mtype776.a(buttons.o)
                0x000000000002ae08                button_interface
                0x000000000002ae1c                button_hal_button_count
                0x000000000002ae24                button_sensor
 .rodata        0x000000000002ae34       0x79 build/cooja/mtype776.a(res-power.o)
 *fill*         0x000000000002aead        0x3 
 .rodata        0x000000000002aeb0       0x7a build/cooja/mtype776.a(res-temperature)
 .rodata        0x000000000002af2a       0x41 build/cooja/mtype776.a(coap-engine.o)
 .rodata        0x000000000002af6b       0x19 build/cooja/mtype776.a(coap-res-well-k)
 .rodata        0x000000000002af84       0x11 build/cooja/mtype776.a(coap-observe.o)
 .rodata        0x000000000002af95       0x35 build/cooja/mtype776.a(coap-uip.o)
 *fill*         0x000000000002afca        0x2 
 .rodata        0x000000000002afcc      0x1ac build/cooja/mtype776.a(coap.o)
 .rodata        0x000000000002b178       0xf8 build/cooja/mtype776.a(contiki-main.o)
 .rodata        0x000000000002b270        0xf build/cooja/mtype776.a(ctimer.o)
 *fill*         0x000000000002b27f        0x1 
 .rodata        0x000000000002b280       0xc4 build/cooja/mtype776.a(log.o)
 .rodata        0x000000000002b344        0xc build/cooja/mtype776.a(etimer.o)
 .rodata        0x000000000002b350       0x13 build/cooja/mtype776.a(button-hal.o)
 .rodata        0x000000000002b363        0xe build/cooja/mtype776.a(serial-line.o)
 *fill*         0x000000000002b371        0x3 
 .rodata        0x000000000002b374        0x8 build/cooja/mtype776.a(linkaddr.o)
                0x000000000002b374                linkaddr_null
 .rodata        0x000000000002b37c       0x24 build/cooja/mtype776.a(csma.o)
                0x000000000002b384                csma_driver
 .rodata        0x000000000002b3a0       0x2a build/cooja/mtype776.a(csma-output.o)
 *fill*         0x000000000002b3ca        0x2 
 .rodata        0x000000000002b3cc       0x4d build/cooja/mtype776.a(uip-ds6-route.o)
 .rodata        0x000000000002b419        0xd build/cooja/mtype776.a(tcpip.o)
 .rodata        0x000000000002b426       0x13 build/cooja/mtype776.a(simple-udp.o)
 *fill*         0x000000000002b439        0x3 
 .rodata        0x000000000002b43c       0x30 build/cooja/mtype776.a(sicslowpan.o)
                0x000000000002b43c                unc_llconf
                0x000000000002b440                unc_ctxconf
                0x000000000002b444                unc_mxconf
                0x000000000002b448                llprefix
                0x000000000002b45c                sicslowpan_driver
 .rodata        0x000000000002b46c       0x2d build/cooja/mtype776.a(uiplib.o)
 *fill*         0x000000000002b499        0x7 
 .rodata        0x000000000002b4a0       0x74 build/cooja/mtype776.a(rpl.o)
                0x000000000002b4c0                rpl_lite_driver
 .rodata        0x000000000002b514       0x20 build/cooja/mtype776.a(coap-timer-defa)
                0x000000000002b528                coap_timer_default_driver
 .rodata        0x000000000002b534       0x25 build/cooja/mtype776.a(assert.o)
 *fill*         0x000000000002b559        0x3 
 .rodata        0x000000000002b55c        0xc build/cooja/mtype776.a(framer-802154.o)
                0x000000000002b55c                framer_802154
 .rodata        0x000000000002b568       0x44 build/cooja/mtype776.a(uip-sr.o)
 .rodata        0x000000000002b5ac       0x58 build/cooja/mtype776.a(rpl-neighbor.o)
 .rodata        0x000000000002b604       0xdb build/cooja/mtype776.a(rpl-dag.o)
 .rodata        0x000000000002b6df        0xc build/cooja/mtype776.a(rpl-timers.o)

.rodata1
 *(.rodata1)

.eh_frame_hdr   0x000000000002b6ec     0x1a3c
 *(.eh_frame_hdr)
 .eh_frame_hdr  0x000000000002b6ec     0x1a3c client.o
                0x000000000002b6ec                __GNU_EH_FRAME_HDR
 *(.eh_frame_entry .eh_frame_entry.*)

.eh_frame       0x000000000002d128     0x6a7c
 *(.eh_frame)
 .eh_frame      0x000000000002d128       0x3c /usr/lib/gcc/i686-linux-gnu/5/../../../i386-linux-gnu/crti.o
                                         0x40 (size before relaxing)
 .eh_frame      0x000000000002d164       0xa0 client.o
                                         0xb8 (size before relaxing)
 .eh_frame      0x000000000002d204      0x178 build/cooja/mtype776.o
                                        0x190 (size before relaxing)
 .eh_frame      0x000000000002d37c       0x40 build/cooja/mtype776.a(simEnvChange.o)
                                         0x58 (size before relaxing)
 .eh_frame      0x000000000002d3bc       0x60 build/cooja/mtype776.a(cooja_mt.o)
                                         0x78 (size before relaxing)
 .eh_frame      0x000000000002d41c       0x80 build/cooja/mtype776.a(cooja_mtarch.o)
                                         0x98 (size before relaxing)
 .eh_frame      0x000000000002d49c       0xc8 build/cooja/mtype776.a(rtimer-arch.o)
                                         0xe0 (size before relaxing)
 .eh_frame      0x000000000002d564      0x160 build/cooja/mtype776.a(beep.o)
                                        0x178 (size before relaxing)
 .eh_frame      0x000000000002d6c4       0x80 build/cooja/mtype776.a(leds-arch.o)
                                         0x98 (size before relaxing)
 .eh_frame      0x000000000002d744       0x40 build/cooja/mtype776.a(moteid.o)
                                         0x58 (size before relaxing)
 .eh_frame      0x000000000002d784       0xa0 build/cooja/mtype776.a(pir-sensor.o)
                                         0xb8 (size before relaxing)
 .eh_frame      0x000000000002d824      0x100 build/cooja/mtype776.a(rs232.o)
                                        0x118 (size before relaxing)
 .eh_frame      0x000000000002d924       0xa0 build/cooja/mtype776.a(vib-sensor.o)
                                         0xb8 (size before relaxing)
 .eh_frame      0x000000000002d9c4       0xc0 build/cooja/mtype776.a(clock.o)
                                         0xd8 (size before relaxing)
 .eh_frame      0x000000000002da84      0x120 build/cooja/mtype776.a(cooja-log.o)
                                        0x138 (size before relaxing)
 .eh_frame      0x000000000002dba4      0x160 build/cooja/mtype776.a(cfs-cooja.o)
                                        0x178 (size before relaxing)
 .eh_frame      0x000000000002dd04      0x340 build/cooja/mtype776.a(cooja-radio.o)
                                        0x358 (size before relaxing)
 .eh_frame      0x000000000002e044       0xa0 build/cooja/mtype776.a(eeprom.o)
                                         0xb8 (size before relaxing)
 .eh_frame      0x000000000002e0e4       0x40 build/cooja/mtype776.a(random.o)
                                         0x58 (size before relaxing)
 .eh_frame      0x000000000002e124       0xc0 build/cooja/mtype776.a(sensors.o)
                                         0xd8 (size before relaxing)
 .eh_frame      0x000000000002e1e4      0x120 build/cooja/mtype776.a(leds.o)
                                        0x138 (size before relaxing)
 .eh_frame      0x000000000002e304      0x220 build/cooja/mtype776.a(gpio-hal-arch.o)
                                        0x238 (size before relaxing)
 .eh_frame      0x000000000002e524       0xa0 build/cooja/mtype776.a(buttons.o)
                                         0xb8 (size before relaxing)
 .eh_frame      0x000000000002e5c4       0x60 build/cooja/mtype776.a(res-power.o)
                                         0x78 (size before relaxing)
 .eh_frame      0x000000000002e624       0x60 build/cooja/mtype776.a(res-temperature)
                                         0x78 (size before relaxing)
 .eh_frame      0x000000000002e684       0x44 build/cooja/mtype776.a(coap-blocking-a)
                                         0x5c (size before relaxing)
 .eh_frame      0x000000000002e6c8      0x220 build/cooja/mtype776.a(coap-engine.o)
                                        0x238 (size before relaxing)
 .eh_frame      0x000000000002e8e8       0x24 build/cooja/mtype776.a(coap-res-well-k)
                                         0x3c (size before relaxing)
 .eh_frame      0x000000000002e90c      0x188 build/cooja/mtype776.a(coap-observe.o)
                                        0x1a0 (size before relaxing)
 .eh_frame      0x000000000002ea94      0x250 build/cooja/mtype776.a(coap-uip.o)
                                        0x268 (size before relaxing)
 .eh_frame      0x000000000002ece4      0x114 build/cooja/mtype776.a(coap-timer.o)
                                        0x12c (size before relaxing)
 .eh_frame      0x000000000002edf8      0x100 build/cooja/mtype776.a(coap-transactio)
                                        0x118 (size before relaxing)
 .eh_frame      0x000000000002eef8      0x6ec build/cooja/mtype776.a(coap.o)
                                        0x704 (size before relaxing)
 .eh_frame      0x000000000002f5e4       0x30 build/cooja/mtype776.a(contiki-main.o)
                                         0x48 (size before relaxing)
 .eh_frame      0x000000000002f614       0x40 build/cooja/mtype776.a(autostart.o)
                                         0x58 (size before relaxing)
 .eh_frame      0x000000000002f654      0x100 build/cooja/mtype776.a(ctimer.o)
                                        0x118 (size before relaxing)
 .eh_frame      0x000000000002f754      0x100 build/cooja/mtype776.a(log.o)
                                        0x118 (size before relaxing)
 .eh_frame      0x000000000002f854       0x60 build/cooja/mtype776.a(energest.o)
                                         0x78 (size before relaxing)
 .eh_frame      0x000000000002f8b4      0x1e0 build/cooja/mtype776.a(etimer.o)
                                        0x1f8 (size before relaxing)
 .eh_frame      0x000000000002fa94       0x20 build/cooja/mtype776.a(node-id.o)
                                         0x38 (size before relaxing)
 .eh_frame      0x000000000002fab4       0x60 build/cooja/mtype776.a(rtimer.o)
                                         0x78 (size before relaxing)
 .eh_frame      0x000000000002fb14      0x1c4 build/cooja/mtype776.a(process.o)
                                        0x1dc (size before relaxing)
 .eh_frame      0x000000000002fcd8       0xa4 build/cooja/mtype776.a(timer.o)
                                         0xbc (size before relaxing)
 .eh_frame      0x000000000002fd7c      0x1a0 build/cooja/mtype776.a(list.o)
                                        0x1b8 (size before relaxing)
 .eh_frame      0x000000000002ff1c       0xa0 build/cooja/mtype776.a(memb.o)
                                         0xb8 (size before relaxing)
 .eh_frame      0x000000000002ffbc      0x144 build/cooja/mtype776.a(button-hal.o)
                                        0x15c (size before relaxing)
 .eh_frame      0x0000000000030100       0x60 build/cooja/mtype776.a(serial-line.o)
                                         0x78 (size before relaxing)
 .eh_frame      0x0000000000030160       0xe0 build/cooja/mtype776.a(gpio-hal.o)
                                         0xf8 (size before relaxing)
 .eh_frame      0x0000000000030240      0x1a0 build/cooja/mtype776.a(queuebuf.o)
                                        0x1b8 (size before relaxing)
 .eh_frame      0x00000000000303e0      0x28c build/cooja/mtype776.a(packetbuf.o)
                                        0x2a4 (size before relaxing)
 .eh_frame      0x000000000003066c       0x80 build/cooja/mtype776.a(netstack.o)
                                         0x98 (size before relaxing)
 .eh_frame      0x00000000000306ec       0x60 build/cooja/mtype776.a(linkaddr.o)
                                         0x78 (size before relaxing)
 .eh_frame      0x000000000003074c       0xe0 build/cooja/mtype776.a(csma.o)
                                         0xf8 (size before relaxing)
 .eh_frame      0x000000000003082c      0x1d0 build/cooja/mtype776.a(csma-output.o)
                                        0x1e8 (size before relaxing)
 .eh_frame      0x00000000000309fc      0x328 build/cooja/mtype776.a(uip-ds6.o)
                                        0x340 (size before relaxing)
 .eh_frame      0x0000000000030d24       0x40 build/cooja/mtype776.a(uip-udp-packet.)
                                         0x58 (size before relaxing)
 .eh_frame      0x0000000000030d64      0x220 build/cooja/mtype776.a(uip-ds6-route.o)
                                        0x238 (size before relaxing)
 .eh_frame      0x0000000000030f84      0x244 build/cooja/mtype776.a(tcpip.o)
                                        0x25c (size before relaxing)
 .eh_frame      0x00000000000311c8      0x1e8 build/cooja/mtype776.a(uip6.o)
                                        0x200 (size before relaxing)
 .eh_frame      0x00000000000313b0      0x1c0 build/cooja/mtype776.a(uip-ds6-nbr.o)
                                        0x1d8 (size before relaxing)
 .eh_frame      0x0000000000031570       0x84 build/cooja/mtype776.a(uip-nd6.o)
                                         0x9c (size before relaxing)
 .eh_frame      0x00000000000315f4       0xd4 build/cooja/mtype776.a(simple-udp.o)
                                         0xec (size before relaxing)
 .eh_frame      0x00000000000316c8      0x2f8 build/cooja/mtype776.a(sicslowpan.o)
                                        0x310 (size before relaxing)
 .eh_frame      0x00000000000319c0       0x88 build/cooja/mtype776.a(uiplib.o)
                                         0xa0 (size before relaxing)
 .eh_frame      0x0000000000031a48      0x1e0 build/cooja/mtype776.a(rpl.o)
                                        0x1f8 (size before relaxing)
 .eh_frame      0x0000000000031c28      0x1c4 build/cooja/mtype776.a(rpl-icmp6.o)
                                        0x1dc (size before relaxing)
 .eh_frame      0x0000000000031dec       0xa0 build/cooja/mtype776.a(rpl-dag-root.o)
                                         0xb8 (size before relaxing)
 .eh_frame      0x0000000000031e8c       0xa0 build/cooja/mtype776.a(watchdog.o)
                                         0xb8 (size before relaxing)
 .eh_frame      0x0000000000031f2c       0x80 build/cooja/mtype776.a(int-master.o)
                                         0x98 (size before relaxing)
 .eh_frame      0x0000000000031fac       0xa4 build/cooja/mtype776.a(coap-timer-defa)
                                         0xbc (size before relaxing)
 .eh_frame      0x0000000000032050       0xc4 build/cooja/mtype776.a(stimer.o)
                                         0xdc (size before relaxing)
 .eh_frame      0x0000000000032114       0xa0 build/cooja/mtype776.a(ringbuf.o)
                                         0xb8 (size before relaxing)
 .eh_frame      0x00000000000321b4       0x20 build/cooja/mtype776.a(assert.o)
                                         0x38 (size before relaxing)
 .eh_frame      0x00000000000321d4      0x2ac build/cooja/mtype776.a(nbr-table.o)
                                        0x2c4 (size before relaxing)
 .eh_frame      0x0000000000032480      0x120 build/cooja/mtype776.a(link-stats.o)
                                        0x138 (size before relaxing)
 .eh_frame      0x00000000000325a0       0x48 build/cooja/mtype776.a(mac-sequence.o)
                                         0x60 (size before relaxing)
 .eh_frame      0x00000000000325e8       0x20 build/cooja/mtype776.a(mac.o)
                                         0x38 (size before relaxing)
 .eh_frame      0x0000000000032608       0xa4 build/cooja/mtype776.a(framer-802154.o)
                                         0xbc (size before relaxing)
 .eh_frame      0x00000000000326ac      0x1a4 build/cooja/mtype776.a(frame802154.o)
                                        0x1bc (size before relaxing)
 .eh_frame      0x0000000000032850       0x40 build/cooja/mtype776.a(csma-security.o)
                                         0x58 (size before relaxing)
 .eh_frame      0x0000000000032890      0x200 build/cooja/mtype776.a(uipbuf.o)
                                        0x218 (size before relaxing)
 .eh_frame      0x0000000000032a90      0x150 build/cooja/mtype776.a(uip-icmp6.o)
                                        0x168 (size before relaxing)
 .eh_frame      0x0000000000032be0      0x184 build/cooja/mtype776.a(uip-sr.o)
                                        0x19c (size before relaxing)
 .eh_frame      0x0000000000032d64       0xe0 build/cooja/mtype776.a(uip-packetqueue)
                                         0xf8 (size before relaxing)
 .eh_frame      0x0000000000032e44       0x80 build/cooja/mtype776.a(rpl-nbr-policy.)
                                         0x98 (size before relaxing)
 .eh_frame      0x0000000000032ec4      0x2d4 build/cooja/mtype776.a(rpl-neighbor.o)
                                        0x2ec (size before relaxing)
 .eh_frame      0x0000000000033198      0x370 build/cooja/mtype776.a(rpl-dag.o)
                                        0x388 (size before relaxing)
 .eh_frame      0x0000000000033508      0x3a8 build/cooja/mtype776.a(rpl-timers.o)
                                        0x3c0 (size before relaxing)
 .eh_frame      0x00000000000338b0      0x124 build/cooja/mtype776.a(rpl-ext-header.)
                                        0x13c (size before relaxing)
 .eh_frame      0x00000000000339d4      0x148 build/cooja/mtype776.a(rpl-mrhof.o)
                                        0x160 (size before relaxing)
 .eh_frame      0x0000000000033b1c       0x84 /usr/lib/gcc/i686-linux-gnu/5/libgcc.a(_udivdi3.o)
                                         0x9c (size before relaxing)
 .eh_frame      0x0000000000033ba0        0x4 /usr/lib/gcc/i686-linux-gnu/5/crtendS.o
 *(.eh_frame.*)

.gcc_except_table
 *(.gcc_except_table .gcc_except_table.*)

.gnu_extab
 *(.gnu_extab*)

.exception_ranges
 *(.exception_ranges .exception_ranges*)
                0x0000000000034f10                . = DATA_SEGMENT_ALIGN (0x1000, 0x1000)

.eh_frame
 *(.eh_frame)
 *(.eh_frame.*)

.gnu_extab
 *(.gnu_extab)

.gcc_except_table
 *(.gcc_except_table .gcc_except_table.*)

.exception_ranges
 *(.exception_ranges .exception_ranges*)

.tdata
 *(.tdata .tdata.* .gnu.linkonce.td.*)

.tbss
 *(.tbss .tbss.* .gnu.linkonce.tb.*)
 *(.tcommon)

.preinit_array
 *(.preinit_array)

.init_array     0x0000000000034f10        0x4
 *(SORT(.init_array.*) SORT(.ctors.*))
 *(.init_array EXCLUDE_FILE(*crtend?.o *crtend.o *crtbegin?.o *crtbegin.o) .ctors)
 .init_array    0x0000000000034f10        0x4 /usr/lib/gcc/i686-linux-gnu/5/crtbeginS.o

.fini_array     0x0000000000034f14        0x4
 *(SORT(.fini_array.*) SORT(.dtors.*))
 *(.fini_array EXCLUDE_FILE(*crtend?.o *crtend.o *crtbegin?.o *crtbegin.o) .dtors)
 .fini_array    0x0000000000034f14        0x4 /usr/lib/gcc/i686-linux-gnu/5/crtbeginS.o

.ctors
 *crtbegin.o(.ctors)
 *crtbegin?.o(.ctors)
 *(EXCLUDE_FILE(*crtend?.o *crtend.o) .ctors)
 *(SORT(.ctors.*))
 *(.ctors)

.dtors
 *crtbegin.o(.dtors)
 *crtbegin?.o(.dtors)
 *(EXCLUDE_FILE(*crtend?.o *crtend.o) .dtors)
 *(SORT(.dtors.*))
 *(.dtors)

.jcr            0x0000000000034f18        0x4
 *(.jcr)
 .jcr           0x0000000000034f18        0x0 /usr/lib/gcc/i686-linux-gnu/5/crtbeginS.o
 .jcr           0x0000000000034f18        0x4 /usr/lib/gcc/i686-linux-gnu/5/crtendS.o

.data.rel.ro
 *(.data.rel.ro.local* .gnu.linkonce.d.rel.ro.local.*)
 *(.data.rel.ro .data.rel.ro.* .gnu.linkonce.d.rel.ro.*)

.dynamic        0x0000000000034f1c       0xd0
 *(.dynamic)
 .dynamic       0x0000000000034f1c       0xd0 /usr/lib/gcc/i686-linux-gnu/5/../../../i386-linux-gnu/crti.o
                0x0000000000034f1c                _DYNAMIC

.got            0x0000000000034fec       0x14
 *(.got)
 .got           0x0000000000034fec       0x14 /usr/lib/gcc/i686-linux-gnu/5/../../../i386-linux-gnu/crti.o
 *(.igot)
                0x0000000000035ff4                . = DATA_SEGMENT_RELRO_END (., (SIZEOF (.got.plt) >= 0xc)?0xc:0x0)

.got.plt        0x0000000000035000        0xc
 *(.got.plt)
 .got.plt       0x0000000000035000        0xc /usr/lib/gcc/i686-linux-gnu/5/../../../i386-linux-gnu/crti.o
                0x0000000000035000                _GLOBAL_OFFSET_TABLE_
 *(.igot.plt)

.data           0x0000000000035020      0x584
 *(.data .data.* .gnu.linkonce.d.*)
 .data          0x0000000000035020        0x0 /usr/lib/gcc/i686-linux-gnu/5/../../../i386-linux-gnu/crti.o
 .data          0x0000000000035020        0x0 /usr/lib/gcc/i686-linux-gnu/5/crtbeginS.o
 .data.rel.local
                0x0000000000035020        0x4 /usr/lib/gcc/i686-linux-gnu/5/crtbeginS.o
                0x0000000000035020                __dso_handle
 .data          0x0000000000035024       0x34 client.o
                0x0000000000035024                service_url
                0x0000000000035028                udp_client
                0x0000000000035038                coap_client
                0x0000000000035048                coap_server
 *fill*         0x0000000000035058        0x8 
 .data          0x0000000000035060       0x44 build/cooja/mtype776.o
                0x0000000000035060                simInterfaces
                0x0000000000035094                sensors
 .data          0x00000000000350a4        0x0 build/cooja/mtype776.a(simEnvChange.o)
 .data          0x00000000000350a4        0x0 build/cooja/mtype776.a(cooja_mt.o)
 .data          0x00000000000350a4        0x0 build/cooja/mtype776.a(cooja_mtarch.o)
 .data          0x00000000000350a4        0x0 build/cooja/mtype776.a(rtimer-arch.o)
 .data          0x00000000000350a4        0x0 build/cooja/mtype776.a(beep.o)
 .data          0x00000000000350a4        0x0 build/cooja/mtype776.a(leds-arch.o)
 .data          0x00000000000350a4        0x0 build/cooja/mtype776.a(moteid.o)
 .data          0x00000000000350a4        0x0 build/cooja/mtype776.a(pir-sensor.o)
 .data          0x00000000000350a4        0x0 build/cooja/mtype776.a(rs232.o)
 .data          0x00000000000350a4        0x0 build/cooja/mtype776.a(vib-sensor.o)
 .data          0x00000000000350a4        0x0 build/cooja/mtype776.a(clock.o)
 .data          0x00000000000350a4        0x0 build/cooja/mtype776.a(cooja-log.o)
 .data          0x00000000000350a4        0x0 build/cooja/mtype776.a(cfs-cooja.o)
 .data          0x00000000000350a4       0x2c build/cooja/mtype776.a(cooja-radio.o)
                0x00000000000350a4                simRadioHWOn
                0x00000000000350a8                simSignalStrength
                0x00000000000350ac                simLastSignalStrength
                0x00000000000350b0                simPower
                0x00000000000350b4                simRadioChannel
                0x00000000000350b8                simLQI
                0x00000000000350c0                cooja_radio_process
 .data          0x00000000000350d0        0x0 build/cooja/mtype776.a(eeprom.o)
 .data          0x00000000000350d0        0x0 build/cooja/mtype776.a(random.o)
 .data          0x00000000000350d0       0x10 build/cooja/mtype776.a(sensors.o)
                0x00000000000350d0                sensors_process
 .data          0x00000000000350e0        0x0 build/cooja/mtype776.a(leds.o)
 .data          0x00000000000350e0        0x0 build/cooja/mtype776.a(gpio-hal-arch.o)
 .data          0x00000000000350e0       0x78 build/cooja/mtype776.a(buttons.o)
                0x00000000000350e0                simButtonIsActive
                0x0000000000035150                button_hal_buttons
 *fill*         0x0000000000035158        0x8 
 .data          0x0000000000035160       0x84 build/cooja/mtype776.a(res-power.o)
                0x00000000000351c0                res_power
 *fill*         0x00000000000351e4       0x1c 
 .data          0x0000000000035200       0xa4 build/cooja/mtype776.a(res-temperature)
                0x0000000000035280                res_temperature
 .data          0x00000000000352a4        0x0 build/cooja/mtype776.a(coap-blocking-a)
 .data          0x00000000000352a4        0x8 build/cooja/mtype776.a(coap-engine.o)
 *fill*         0x00000000000352ac       0x14 
 .data          0x00000000000352c0       0x24 build/cooja/mtype776.a(coap-res-well-k)
                0x00000000000352c0                res_well_known_core
 .data          0x00000000000352e4       0x10 build/cooja/mtype776.a(coap-observe.o)
 .data          0x00000000000352f4       0x10 build/cooja/mtype776.a(coap-uip.o)
                0x00000000000352f4                coap_engine
 .data          0x0000000000035304        0x4 build/cooja/mtype776.a(coap-timer.o)
 .data          0x0000000000035308       0x10 build/cooja/mtype776.a(coap-transactio)
 .data          0x0000000000035318        0x4 build/cooja/mtype776.a(coap.o)
                0x0000000000035318                coap_error_message
 .data          0x000000000003531c        0x0 build/cooja/mtype776.a(contiki-main.o)
 .data          0x000000000003531c        0x0 build/cooja/mtype776.a(autostart.o)
 .data          0x000000000003531c       0x14 build/cooja/mtype776.a(ctimer.o)
                0x0000000000035320                ctimer_process
 *fill*         0x0000000000035330       0x10 
 .data          0x0000000000035340       0xbc build/cooja/mtype776.a(log.o)
                0x0000000000035340                curr_log_level_main
                0x0000000000035360                all_modules
 .data          0x00000000000353fc        0x0 build/cooja/mtype776.a(energest.o)
 .data          0x00000000000353fc       0x10 build/cooja/mtype776.a(etimer.o)
                0x00000000000353fc                etimer_process
 .data          0x000000000003540c        0x0 build/cooja/mtype776.a(node-id.o)
 .data          0x000000000003540c        0x0 build/cooja/mtype776.a(rtimer.o)
 .data          0x000000000003540c        0x0 build/cooja/mtype776.a(process.o)
 .data          0x000000000003540c        0x0 build/cooja/mtype776.a(timer.o)
 .data          0x000000000003540c        0x0 build/cooja/mtype776.a(list.o)
 .data          0x000000000003540c        0x0 build/cooja/mtype776.a(memb.o)
 .data          0x000000000003540c       0x10 build/cooja/mtype776.a(button-hal.o)
                0x000000000003540c                button_hal_process
 .data          0x000000000003541c       0x10 build/cooja/mtype776.a(serial-line.o)
                0x000000000003541c                serial_line_process
 .data          0x000000000003542c        0x4 build/cooja/mtype776.a(gpio-hal.o)
 .data          0x0000000000035430       0x18 build/cooja/mtype776.a(queuebuf.o)
 .data          0x0000000000035448        0x4 build/cooja/mtype776.a(packetbuf.o)
 .data          0x000000000003544c        0x4 build/cooja/mtype776.a(netstack.o)
 .data          0x0000000000035450        0x0 build/cooja/mtype776.a(linkaddr.o)
 .data          0x0000000000035450        0x0 build/cooja/mtype776.a(csma.o)
 .data          0x0000000000035450       0x28 build/cooja/mtype776.a(csma-output.o)
 .data          0x0000000000035478        0x0 build/cooja/mtype776.a(uip-ds6.o)
 .data          0x0000000000035478        0x0 build/cooja/mtype776.a(uip-udp-packet.)
 .data          0x0000000000035478       0x10 build/cooja/mtype776.a(uip-ds6-route.o)
 .data          0x0000000000035488       0x10 build/cooja/mtype776.a(tcpip.o)
                0x0000000000035488                tcpip_process
 .data          0x0000000000035498        0x0 build/cooja/mtype776.a(uip6.o)
 .data          0x0000000000035498       0x14 build/cooja/mtype776.a(uip-ds6-nbr.o)
 .data          0x00000000000354ac        0xc build/cooja/mtype776.a(uip-nd6.o)
 .data          0x00000000000354b8       0x10 build/cooja/mtype776.a(simple-udp.o)
                0x00000000000354b8                simple_udp_process
 .data          0x00000000000354c8        0x0 build/cooja/mtype776.a(sicslowpan.o)
 .data          0x00000000000354c8        0x0 build/cooja/mtype776.a(uiplib.o)
 .data          0x00000000000354c8        0x0 build/cooja/mtype776.a(rpl.o)
 .data          0x00000000000354c8       0x30 build/cooja/mtype776.a(rpl-icmp6.o)
 .data          0x00000000000354f8        0x0 build/cooja/mtype776.a(rpl-dag-root.o)
 .data          0x00000000000354f8        0x0 build/cooja/mtype776.a(watchdog.o)
 .data          0x00000000000354f8        0x0 build/cooja/mtype776.a(int-master.o)
 .data          0x00000000000354f8       0x10 build/cooja/mtype776.a(coap-timer-defa)
                0x00000000000354f8                coap_timer_process
 .data          0x0000000000035508        0x0 build/cooja/mtype776.a(stimer.o)
 .data          0x0000000000035508        0x0 build/cooja/mtype776.a(ringbuf.o)
 .data          0x0000000000035508        0x0 build/cooja/mtype776.a(assert.o)
 .data          0x0000000000035508       0x10 build/cooja/mtype776.a(nbr-table.o)
 .data          0x0000000000035518       0x14 build/cooja/mtype776.a(link-stats.o)
 .data          0x000000000003552c        0x0 build/cooja/mtype776.a(mac-sequence.o)
 .data          0x000000000003552c        0x0 build/cooja/mtype776.a(mac.o)
 .data          0x000000000003552c        0x0 build/cooja/mtype776.a(framer-802154.o)
 .data          0x000000000003552c        0x2 build/cooja/mtype776.a(frame802154.o)
 .data          0x000000000003552e        0x0 build/cooja/mtype776.a(csma-security.o)
 .data          0x000000000003552e        0x0 build/cooja/mtype776.a(uipbuf.o)
 *fill*         0x000000000003552e        0x2 
 .data          0x0000000000035530       0x20 build/cooja/mtype776.a(uip-icmp6.o)
 .data          0x0000000000035550       0x10 build/cooja/mtype776.a(uip-sr.o)
 .data          0x0000000000035560        0xc build/cooja/mtype776.a(uip-packetqueue)
 .data          0x000000000003556c        0x0 build/cooja/mtype776.a(rpl-nbr-policy.)
 .data          0x000000000003556c       0x14 build/cooja/mtype776.a(rpl-neighbor.o)
                0x000000000003557c                rpl_neighbors
 .data          0x0000000000035580        0x0 build/cooja/mtype776.a(rpl-dag.o)
 .data          0x0000000000035580        0x0 build/cooja/mtype776.a(rpl-timers.o)
 .data          0x0000000000035580        0x0 build/cooja/mtype776.a(rpl-ext-header.)
 .data          0x0000000000035580       0x24 build/cooja/mtype776.a(rpl-mrhof.o)
                0x0000000000035580                rpl_mrhof
 .data          0x00000000000355a4        0x0 /usr/lib/gcc/i686-linux-gnu/5/libgcc.a(_udivdi3.o)
 .data          0x00000000000355a4        0x0 /usr/lib/gcc/i686-linux-gnu/5/crtendS.o
 .data          0x00000000000355a4        0x0 /usr/lib/gcc/i686-linux-gnu/5/../../../i386-linux-gnu/crtn.o

.tm_clone_table
                0x00000000000355a4        0x0
 .tm_clone_table
                0x00000000000355a4        0x0 /usr/lib/gcc/i686-linux-gnu/5/crtbeginS.o
 .tm_clone_table
                0x00000000000355a4        0x0 /usr/lib/gcc/i686-linux-gnu/5/crtendS.o

.data1
 *(.data1)
                0x00000000000355a4                _edata = .
                [!provide]                        PROVIDE (edata, .)
                0x00000000000355a4                . = .
                0x00000000000355a4                __bss_start = .

.bss            0x00000000000355c0    0x144c4
 *(.dynbss)
 .dynbss        0x00000000000355c0        0x0 /usr/lib/gcc/i686-linux-gnu/5/../../../i386-linux-gnu/crti.o
 *(.bss .bss.* .gnu.linkonce.b.*)
 .bss           0x00000000000355c0        0x0 /usr/lib/gcc/i686-linux-gnu/5/../../../i386-linux-gnu/crti.o
 .bss           0x00000000000355c0        0x1 /usr/lib/gcc/i686-linux-gnu/5/crtbeginS.o
 *fill*         0x00000000000355c1       0x1f 
 .bss           0x00000000000355e0      0x16c client.o
                0x00000000000355e0                rpl_add
 *fill*         0x000000000003574c       0x14 
 .bss           0x0000000000035760     0x2030 build/cooja/mtype776.o
 .bss           0x0000000000037790        0x1 build/cooja/mtype776.a(simEnvChange.o)
                0x0000000000037790                simDontFallAsleep
 *fill*         0x0000000000037791        0x3 
 .bss           0x0000000000037794        0x4 build/cooja/mtype776.a(cooja_mt.o)
 .bss           0x0000000000037798        0x4 build/cooja/mtype776.a(cooja_mtarch.o)
 .bss           0x000000000003779c        0x0 build/cooja/mtype776.a(rtimer-arch.o)
 .bss           0x000000000003779c        0x0 build/cooja/mtype776.a(beep.o)
 .bss           0x000000000003779c        0x1 build/cooja/mtype776.a(leds-arch.o)
                0x000000000003779c                simLedsValue
 .bss           0x000000000003779d        0x0 build/cooja/mtype776.a(moteid.o)
 .bss           0x000000000003779d        0x1 build/cooja/mtype776.a(pir-sensor.o)
                0x000000000003779d                simPirValue
 *fill*         0x000000000003779e        0x2 
 .bss           0x00000000000377a0        0x4 build/cooja/mtype776.a(rs232.o)
 .bss           0x00000000000377a4        0x1 build/cooja/mtype776.a(vib-sensor.o)
                0x00000000000377a4                simVibValue
 .bss           0x00000000000377a5        0x0 build/cooja/mtype776.a(clock.o)
 *fill*         0x00000000000377a5       0x1b 
 .bss           0x00000000000377c0     0x2020 build/cooja/mtype776.a(cooja-log.o)
 .bss           0x00000000000397e0      0xfc0 build/cooja/mtype776.a(cfs-cooja.o)
                0x00000000000397e0                simCFSData
                0x000000000003a780                simCFSSize
                0x000000000003a784                simCFSChanged
                0x000000000003a788                simCFSRead
                0x000000000003a78c                simCFSWritten
 .bss           0x000000000003a7a0       0x24 build/cooja/mtype776.a(cooja-radio.o)
                0x000000000003a7a0                simReceiving
                0x000000000003a7a4                simInSize
                0x000000000003a7a8                simLastPacketTimestamp
                0x000000000003a7b0                simOutSize
 .bss           0x000000000003a7c4        0xc build/cooja/mtype776.a(eeprom.o)
                0x000000000003a7c4                simEEPROMChanged
                0x000000000003a7c8                simEEPROMRead
                0x000000000003a7cc                simEEPROMWritten
 .bss           0x000000000003a7d0        0x0 build/cooja/mtype776.a(random.o)
 .bss           0x000000000003a7d0        0xc build/cooja/mtype776.a(sensors.o)
 .bss           0x000000000003a7dc        0x0 build/cooja/mtype776.a(leds.o)
 .bss           0x000000000003a7dc       0x24 build/cooja/mtype776.a(gpio-hal-arch.o)
 .bss           0x000000000003a800        0x0 build/cooja/mtype776.a(buttons.o)
 .bss           0x000000000003a800        0x0 build/cooja/mtype776.a(res-power.o)
 .bss           0x000000000003a800        0x0 build/cooja/mtype776.a(res-temperature)
 .bss           0x000000000003a800        0x0 build/cooja/mtype776.a(coap-blocking-a)
 .bss           0x000000000003a800      0x190 build/cooja/mtype776.a(coap-engine.o)
 .bss           0x000000000003a990        0x0 build/cooja/mtype776.a(coap-res-well-k)
 *fill*         0x000000000003a990       0x10 
 .bss           0x000000000003a9a0      0x120 build/cooja/mtype776.a(coap-observe.o)
 .bss           0x000000000003aac0       0x18 build/cooja/mtype776.a(coap-uip.o)
 .bss           0x000000000003aad8        0x5 build/cooja/mtype776.a(coap-timer.o)
 *fill*         0x000000000003aadd        0x3 
 .bss           0x000000000003aae0      0x334 build/cooja/mtype776.a(coap-transactio)
 .bss           0x000000000003ae14        0x6 build/cooja/mtype776.a(coap.o)
                0x000000000003ae14                coap_status_code
 .bss           0x000000000003ae1a        0x0 build/cooja/mtype776.a(contiki-main.o)
 .bss           0x000000000003ae1a        0x0 build/cooja/mtype776.a(autostart.o)
 *fill*         0x000000000003ae1a        0x2 
 .bss           0x000000000003ae1c        0x5 build/cooja/mtype776.a(ctimer.o)
 *fill*         0x000000000003ae21        0x3 
 .bss           0x000000000003ae24       0x2c build/cooja/mtype776.a(log.o)
                0x000000000003ae24                curr_log_level_rpl
                0x000000000003ae28                curr_log_level_tcpip
                0x000000000003ae2c                curr_log_level_ipv6
                0x000000000003ae30                curr_log_level_6lowpan
                0x000000000003ae34                curr_log_level_nullnet
                0x000000000003ae38                curr_log_level_mac
                0x000000000003ae3c                curr_log_level_framer
                0x000000000003ae40                curr_log_level_6top
                0x000000000003ae44                curr_log_level_coap
                0x000000000003ae48                curr_log_level_snmp
                0x000000000003ae4c                curr_log_level_lwm2m
 .bss           0x000000000003ae50        0x0 build/cooja/mtype776.a(energest.o)
 .bss           0x000000000003ae50        0x8 build/cooja/mtype776.a(etimer.o)
 .bss           0x000000000003ae58        0x2 build/cooja/mtype776.a(node-id.o)
                0x000000000003ae58                node_id
 *fill*         0x000000000003ae5a        0x2 
 .bss           0x000000000003ae5c        0x4 build/cooja/mtype776.a(rtimer.o)
 .bss           0x000000000003ae60      0x1a1 build/cooja/mtype776.a(process.o)
                0x000000000003ae60                process_list
                0x000000000003ae64                process_current
 .bss           0x000000000003b001        0x0 build/cooja/mtype776.a(timer.o)
 .bss           0x000000000003b001        0x0 build/cooja/mtype776.a(list.o)
 .bss           0x000000000003b001        0x0 build/cooja/mtype776.a(memb.o)
 *fill*         0x000000000003b001        0x3 
 .bss           0x000000000003b004       0x10 build/cooja/mtype776.a(button-hal.o)
 *fill*         0x000000000003b014        0xc 
 .bss           0x000000000003b020      0x140 build/cooja/mtype776.a(serial-line.o)
 .bss           0x000000000003b160        0x4 build/cooja/mtype776.a(gpio-hal.o)
 *fill*         0x000000000003b164       0x1c 
 .bss           0x000000000003b180     0x2c80 build/cooja/mtype776.a(queuebuf.o)
 .bss           0x000000000003de00       0xa0 build/cooja/mtype776.a(packetbuf.o)
 .bss           0x000000000003dea0        0x4 build/cooja/mtype776.a(netstack.o)
 .bss           0x000000000003dea4        0x0 build/cooja/mtype776.a(linkaddr.o)
 .bss           0x000000000003dea4        0x0 build/cooja/mtype776.a(csma.o)
 *fill*         0x000000000003dea4       0x1c 