Archive member included to satisfy reference by file (symbol)

build/cooja/mtype46.a(simEnvChange.o)
                              build/cooja/mtype46.o (simDontFallAsleep)
build/cooja/mtype46.a(cooja_mt.o)
                              build/cooja/mtype46.o (cooja_mt_start)
build/cooja/mtype46.a(cooja_mtarch.o)
                              build/cooja/mtype46.a(cooja_mt.o) (cooja_mtarch_start)
build/cooja/mtype46.a(rtimer-arch.o)
                              build/cooja/mtype46.o (rtimer_arch_check)
build/cooja/mtype46.a(beep.o)
                              build/cooja/mtype46.o (beep_interface)
build/cooja/mtype46.a(leds-arch.o)
                              build/cooja/mtype46.o (leds_interface)
build/cooja/mtype46.a(moteid.o)
                              build/cooja/mtype46.o (moteid_interface)
build/cooja/mtype46.a(pir-sensor.o)
                              build/cooja/mtype46.o (pir_interface)
build/cooja/mtype46.a(rs232.o)
                              build/cooja/mtype46.o (rs232_interface)
build/cooja/mtype46.a(vib-sensor.o)
                              build/cooja/mtype46.o (vib_interface)
build/cooja/mtype46.a(clock.o)
                              build/cooja/mtype46.o (clock_interface)
build/cooja/mtype46.a(cooja-log.o)
                              build/cooja/mtype46.o (simlog_interface)
build/cooja/mtype46.a(cfs-cooja.o)
                              build/cooja/mtype46.o (cfs_interface)
build/cooja/mtype46.a(cooja-radio.o)
                              build/cooja/mtype46.o (radio_interface)
build/cooja/mtype46.a(eeprom.o)
                              build/cooja/mtype46.o (eeprom_interface)
build/cooja/mtype46.a(random.o)
                              build/cooja/mtype46.a(moteid.o) (random_init)
build/cooja/mtype46.a(sensors.o)
                              build/cooja/mtype46.a(pir-sensor.o) (sensors_changed)
build/cooja/mtype46.a(leds.o)
                              build/cooja/mtype46.a(leds-arch.o) (leds_get)
build/cooja/mtype46.a(gpio-hal-arch.o)
                              build/cooja/mtype46.a(leds-arch.o) (gpio_hal_arch_register_pin_callback)
build/cooja/mtype46.a(buttons.o)
                              build/cooja/mtype46.o (button_interface)
build/cooja/mtype46.a(res_temperature)
                              temperature.o (name_assigned)
build/cooja/mtype46.a(coap-blocking-a)
                              temperature.o (coap_blocking_request)
build/cooja/mtype46.a(coap-engine.o)
                              temperature.o (coap_activate_resource)
build/cooja/mtype46.a(coap-res-well-k)
                              build/cooja/mtype46.a(coap-engine.o) (res_well_known_core)
build/cooja/mtype46.a(coap-observe.o)
                              build/cooja/mtype46.a(coap-engine.o) (coap_remove_observer_by_mid)
build/cooja/mtype46.a(coap-uip.o)
                              build/cooja/mtype46.a(coap-observe.o) (coap_endpoint_copy)
build/cooja/mtype46.a(coap-timer.o)
                              build/cooja/mtype46.a(coap-engine.o) (coap_timer_set)
build/cooja/mtype46.a(coap-transactio)
                              build/cooja/mtype46.a(coap-blocking-a) (coap_send_transaction)
build/cooja/mtype46.a(coap.o)
                              build/cooja/mtype46.a(coap-engine.o) (coap_status_code)
build/cooja/mtype46.a(contiki-main.o)
                              build/cooja/mtype46.o (main)
build/cooja/mtype46.a(autostart.o)
                              build/cooja/mtype46.a(contiki-main.o) (autostart_start)
build/cooja/mtype46.a(ctimer.o)
                              build/cooja/mtype46.a(contiki-main.o) (ctimer_init)
build/cooja/mtype46.a(log.o)  build/cooja/mtype46.a(contiki-main.o) (curr_log_level_main)
build/cooja/mtype46.a(energest.o)
                              build/cooja/mtype46.a(contiki-main.o) (energest_init)
build/cooja/mtype46.a(etimer.o)
                              build/cooja/mtype46.a(contiki-main.o) (etimer_process)
build/cooja/mtype46.a(node-id.o)
                              build/cooja/mtype46.a(contiki-main.o) (node_id)
build/cooja/mtype46.a(rtimer.o)
                              build/cooja/mtype46.a(contiki-main.o) (rtimer_init)
build/cooja/mtype46.a(process.o)
                              build/cooja/mtype46.a(coap-blocking-a) (process_current)
build/cooja/mtype46.a(timer.o)
                              build/cooja/mtype46.a(etimer.o) (timer_set)
build/cooja/mtype46.a(list.o)
                              build/cooja/mtype46.a(coap-engine.o) (list_init)
build/cooja/mtype46.a(memb.o)
                              build/cooja/mtype46.a(coap-observe.o) (memb_alloc)
build/cooja/mtype46.a(button-hal.o)
                              build/cooja/mtype46.o (button_hal_init)
build/cooja/mtype46.a(serial-line.o)
                              build/cooja/mtype46.a(rs232.o) (serial_line_input_byte)
build/cooja/mtype46.a(gpio-hal.o)
                              build/cooja/mtype46.a(button-hal.o) (gpio_hal_register_handler)
[...]
Memory Configuration

Name             Origin             Length             Attributes
*default*        0x0000000000000000 0xffffffffffffffff

Linker script and memory map

LOAD /usr/lib/gcc/i686-linux-gnu/5/../../../i386-linux-gnu/crti.o
LOAD /usr/lib/gcc/i686-linux-gnu/5/crtbeginS.o
LOAD temperature.o
LOAD build/cooja/mtype46.o
LOAD build/cooja/mtype46.a
LOAD /usr/lib/gcc/i686-linux-gnu/5/libgcc.a
LOAD /usr/lib/gcc/i686-linux-gnu/5/libgcc_s.so
LOAD /usr/lib/gcc/i686-linux-gnu/5/../../../i386-linux-gnu/libc.so
START GROUP
LOAD /lib/i386-linux-gnu/libc.so.6
LOAD /usr/lib/i386-linux-gnu/libc_nonshared.a
LOAD /lib/i386-linux-gnu/ld-linux.so.2
END GROUP
LOAD /usr/lib/gcc/i686-linux-gnu/5/libgcc.a
LOAD /usr/lib/gcc/i686-linux-gnu/5/libgcc_s.so
LOAD /usr/lib/gcc/i686-linux-gnu/5/crtendS.o
LOAD /usr/lib/gcc/i686-linux-gnu/5/../../../i386-linux-gnu/crtn.o
                0x0000000000000114                . = (0x0 + SIZEOF_HEADERS)

.note.gnu.build-id
                0x0000000000000114       0x24
 *(.note.gnu.build-id)
 .note.gnu.build-id
                0x0000000000000114       0x24 /usr/lib/gcc/i686-linux-gnu/5/../../../i386-linux-gnu/crti.o

.hash
 *(.hash)

.gnu.hash       0x0000000000000138     0x15cc
 *(.gnu.hash)
 .gnu.hash      0x0000000000000138     0x15cc /usr/lib/gcc/i686-linux-gnu/5/../../../i386-linux-gnu/crti.o

.dynsym         0x0000000000001704     0x2ff0
 *(.dynsym)
 .dynsym        0x0000000000001704     0x2ff0 /usr/lib/gcc/i686-linux-gnu/5/../../../i386-linux-gnu/crti.o

.dynstr         0x00000000000046f4     0x375f
 *(.dynstr)
 .dynstr        0x00000000000046f4     0x375f /usr/lib/gcc/i686-linux-gnu/5/../../../i386-linux-gnu/crti.o

.gnu.version    0x0000000000007e54      0x5fe
 *(.gnu.version)
 .gnu.version   0x0000000000007e54      0x5fe /usr/lib/gcc/i686-linux-gnu/5/../../../i386-linux-gnu/crti.o

.gnu.version_d  0x0000000000008454        0x0
 *(.gnu.version_d)
 .gnu.version_d
                0x0000000000008454        0x0 /usr/lib/gcc/i686-linux-gnu/5/../../../i386-linux-gnu/crti.o

.gnu.version_r  0x0000000000008454       0x40
 *(.gnu.version_r)
 .gnu.version_r
                0x0000000000008454       0x40 /usr/lib/gcc/i686-linux-gnu/5/../../../i386-linux-gnu/crti.o

.rel.dyn        0x0000000000008494     0x9410
 *(.rel.init)
 .rel.init      0x0000000000008494        0x0 /usr/lib/gcc/i686-linux-gnu/5/../../../i386-linux-gnu/crti.o
 *(.rel.text .rel.text.* .rel.gnu.linkonce.t.*)
 .rel.text      0x0000000000008494     0x8a10 /usr/lib/gcc/i686-linux-gnu/5/../../../i386-linux-gnu/crti.o
 *(.rel.fini)
 .rel.fini      0x0000000000010ea4        0x0 /usr/lib/gcc/i686-linux-gnu/5/../../../i386-linux-gnu/crti.o
 *(.rel.rodata .rel.rodata.* .rel.gnu.linkonce.r.*)
 .rel.rodata    0x0000000000010ea4      0x598 /usr/lib/gcc/i686-linux-gnu/5/../../../i386-linux-gnu/crti.o
 *(.rel.data.rel.ro .rel.data.rel.ro.* .rel.gnu.linkonce.d.rel.ro.*)
 *(.rel.data .rel.data.* .rel.gnu.linkonce.d.*)
 .rel.data.rel.local
                0x000000000001143c        0x8 /usr/lib/gcc/i686-linux-gnu/5/../../../i386-linux-gnu/crti.o
 .rel.data      0x0000000000011444      0x428 /usr/lib/gcc/i686-linux-gnu/5/../../../i386-linux-gnu/crti.o
 *(.rel.tdata .rel.tdata.* .rel.gnu.linkonce.td.*)
 *(.rel.tbss .rel.tbss.* .rel.gnu.linkonce.tb.*)
 *(.rel.ctors)
 *(.rel.dtors)
 *(.rel.got)
 .rel.got       0x000000000001186c       0x28 /usr/lib/gcc/i686-linux-gnu/5/../../../i386-linux-gnu/crti.o
 *(.rel.bss .rel.bss.* .rel.gnu.linkonce.b.*)
 *(.rel.ifunc)
 .rel.ifunc     0x0000000000011894        0x0 /usr/lib/gcc/i686-linux-gnu/5/../../../i386-linux-gnu/crti.o
 .rel.fini_array
                0x0000000000011894        0x8 /usr/lib/gcc/i686-linux-gnu/5/../../../i386-linux-gnu/crti.o
 .rel.init_array
                0x000000000001189c        0x8 /usr/lib/gcc/i686-linux-gnu/5/../../../i386-linux-gnu/crti.o

.rel.plt        0x00000000000118a4        0x0
 *(.rel.plt)
 .rel.plt       0x00000000000118a4        0x0 /usr/lib/gcc/i686-linux-gnu/5/../../../i386-linux-gnu/crti.o
 *(.rel.iplt)

.init           0x00000000000118a4       0x23
 *(SORT(.init))
 .init          0x00000000000118a4       0x1e /usr/lib/gcc/i686-linux-gnu/5/../../../i386-linux-gnu/crti.o
                0x00000000000118a4                _init
 .init          0x00000000000118c2        0x5 /usr/lib/gcc/i686-linux-gnu/5/../../../i386-linux-gnu/crtn.o

.plt            0x00000000000118d0       0x10
 *(.plt)
 .plt           0x00000000000118d0       0x10 /usr/lib/gcc/i686-linux-gnu/5/../../../i386-linux-gnu/crti.o
 *(.iplt)

.plt.got        0x00000000000118e0       0x10
 *(.plt.got)
 .plt.got       0x00000000000118e0       0x10 /usr/lib/gcc/i686-linux-gnu/5/../../../i386-linux-gnu/crti.o

.text           0x00000000000118f0    0x18f92
 *(.text.unlikely .text.*_unlikely .text.unlikely.*)
 .text.unlikely
                0x00000000000118f0        0x0 /usr/lib/gcc/i686-linux-gnu/5/crtbeginS.o
 .text.unlikely
                0x00000000000118f0        0x0 /usr/lib/gcc/i686-linux-gnu/5/libgcc.a(_udivdi3.o)
 *(.text.exit .text.exit.*)
 *(.text.startup .text.startup.*)
 *(.text.hot .text.hot.*)
 *(.text .stub .text.* .gnu.linkonce.t.*)
 .text          0x00000000000118f0        0x0 /usr/lib/gcc/i686-linux-gnu/5/../../../i386-linux-gnu/crti.o
 .gnu.linkonce.t.__x86.get_pc_thunk.bx
                0x00000000000118f0        0x4 /usr/lib/gcc/i686-linux-gnu/5/../../../i386-linux-gnu/crti.o
                0x00000000000118f0                __x86.get_pc_thunk.bx
 *fill*         0x00000000000118f4        0xc 
 .text          0x0000000000011900      0x11c /usr/lib/gcc/i686-linux-gnu/5/crtbeginS.o
 .text.__x86.get_pc_thunk.dx
                0x0000000000011a1c        0x4 /usr/lib/gcc/i686-linux-gnu/5/crtbeginS.o
                0x0000000000011a1c                __x86.get_pc_thunk.dx
 .text          0x0000000000011a20      0x69b temperature.o
                0x0000000000011a51                response_handler
 .text          0x00000000000120bb      0x283 build/cooja/mtype46.o
                0x000000000001214d                platform_init_stage_one
                0x0000000000012160                platform_init_stage_two
                0x0000000000012173                platform_init_stage_three
                0x0000000000012186                platform_main_loop
                0x00000000000121f9                Java_org_contikios_cooja_corecomm_Lib32_init
                0x0000000000012230                Java_org_contikios_cooja_corecomm_Lib32_getMemory
                0x0000000000012263                Java_org_contikios_cooja_corecomm_Lib32_setMemory
                0x00000000000122c3                Java_org_contikios_cooja_corecomm_Lib32_tick
                0x000000000001232b                Java_org_contikios_cooja_corecomm_Lib32_setReferenceAddress
 .text          0x000000000001233e       0x65 build/cooja/mtype46.a(simEnvChange.o)
                0x000000000001233e                doActionsBeforeTick
                0x0000000000012370                doActionsAfterTick
 .text          0x00000000000123a3       0x83 build/cooja/mtype46.a(cooja_mt.o)
                0x00000000000123a3                cooja_mt_start
                0x00000000000123cd                cooja_mt_exec
                0x0000000000012403                cooja_mt_yield
 .text          0x0000000000012426       0xbe build/cooja/mtype46.a(cooja_mtarch.o)
                0x0000000000012426                cooja_mtarch_start
                0x0000000000012499                cooja_sw
                0x00000000000124bc                cooja_mtarch_exec
                0x00000000000124d9                cooja_mtarch_yield
 .text          0x00000000000124e4       0xc5 build/cooja/mtype46.a(rtimer-arch.o)
                0x00000000000124e4                rtimer_arch_init
                0x0000000000012508                rtimer_arch_schedule
                0x0000000000012538                rtimer_arch_next
                0x0000000000012548                rtimer_arch_pending
                0x0000000000012552                rtimer_arch_check
                0x0000000000012599                rtimer_arch_now
 .text          0x00000000000125a9       0x81 build/cooja/mtype46.a(beep.o)
                0x00000000000125a9                beep_alarm
                0x00000000000125b6                beep_beep
                0x00000000000125c3                beep
                0x00000000000125d0                beep_down
                0x00000000000125dd                beep_on
                0x00000000000125ea                beep_off
                0x00000000000125f7                beep_spinup
                0x0000000000012604                beep_quick
                0x0000000000012611                beep_long
 .text          0x000000000001262a       0x65 build/cooja/mtype46.a(leds-arch.o)
                0x000000000001263d                leds_arch_init
 .text          0x000000000001268f       0x35 build/cooja/mtype46.a(moteid.o)
 .text          0x00000000000126c4       0xb7 build/cooja/mtype46.a(pir-sensor.o)
 .text          0x000000000001277b      0x148 build/cooja/mtype46.a(rs232.o)
                0x000000000001277b                rs232_init
                0x0000000000012781                rs232_set_speed
                0x0000000000012790                rs232_set_input
                0x000000000001279e                rs232_send
                0x00000000000127c2                rs232_print
                0x00000000000127de                slip_arch_writeb
 .text          0x00000000000128c3       0xb7 build/cooja/mtype46.a(vib-sensor.o)
 .text          0x000000000001297a       0x38 build/cooja/mtype46.a(clock.o)
                0x000000000001297a                clock_init
                0x0000000000012980                clock_time
                0x000000000001298a                clock_seconds
                0x00000000000129a0                clock_delay
 .text          0x00000000000129b2      0x219 build/cooja/mtype46.a(cooja-log.o)
                0x00000000000129b2                simlog_char
                0x00000000000129f5                simlog
                0x0000000000012a6b                log_message
                0x0000000000012a9c                log_set_putchar_with_slip
                0x0000000000012aaa                log_putchar
                0x0000000000012b25                log_puts
                0x0000000000012b4d                log_printf
 .text          0x0000000000012bcb      0x2b9 build/cooja/mtype46.a(cfs-cooja.o)
                0x0000000000012bcb                cfs_open
                0x0000000000012c34                cfs_close
                0x0000000000012c41                cfs_read
                0x0000000000012cd6                cfs_write
                0x0000000000012db2                cfs_seek
                0x0000000000012e3a                cfs_remove
                0x0000000000012e5e                cfs_opendir
                0x0000000000012e68                cfs_readdir
                0x0000000000012e72                cfs_closedir
 .text          0x0000000000012e84      0x620 build/cooja/mtype46.a(cooja-radio.o)
                0x0000000000012ec6                radio_set_channel
                0x0000000000012ed4                radio_set_txpower
                0x0000000000012eec                radio_signal_strength_last
                0x0000000000012ef6                radio_signal_strength_current
                0x0000000000012f00                radio_LQI
 .text          0x00000000000134a4       0xee build/cooja/mtype46.a(eeprom.o)
                0x00000000000134a4                eeprom_init
                0x00000000000134aa                eeprom_read
                0x0000000000013518                eeprom_write
 .text          0x0000000000013592       0x2d build/cooja/mtype46.a(random.o)
                0x0000000000013592                random_init
                0x00000000000135b2                random_rand
 .text          0x00000000000135bf      0x29c build/cooja/mtype46.a(sensors.o)
                0x00000000000135fa                sensors_first
                0x0000000000013604                sensors_next
                0x000000000001361e                sensors_changed
                0x0000000000013652                sensors_find
 .text          0x000000000001385b      0x349 build/cooja/mtype46.a(leds.o)
                0x000000000001385b                leds_init
                0x00000000000138a2                leds_single_on
                0x0000000000013901                leds_single_off
                0x0000000000013960                leds_single_toggle
                0x0000000000013992                leds_on
                0x0000000000013a14                leds_off
                0x0000000000013a96                leds_toggle
                0x0000000000013aeb                leds_set
                0x0000000000013b17                leds_get
 .text          0x0000000000013ba4      0x343 build/cooja/mtype46.a(gpio-hal-arch.o)
                0x0000000000013ba4                gpio_hal_arch_register_pin_callback
                0x0000000000013c10                gpio_hal_arch_init
                0x0000000000013c55                gpio_hal_arch_no_port_interrupt_enable
                0x0000000000013c85                gpio_hal_arch_no_port_interrupt_disable
                0x0000000000013cb5                gpio_hal_arch_no_port_pin_cfg_set
                0x0000000000013cda                gpio_hal_arch_no_port_pin_cfg_get
                0x0000000000013d00                gpio_hal_arch_no_port_pin_set_input
                0x0000000000013d12                gpio_hal_arch_no_port_pin_set_output
                0x0000000000013d24                gpio_hal_arch_no_port_set_pin
                0x0000000000013d45                gpio_hal_arch_no_port_clear_pin
                0x0000000000013d66                gpio_hal_arch_no_port_read_pin
                0x0000000000013d8c                gpio_hal_arch_no_port_write_pin
                0x0000000000013db6                gpio_hal_arch_no_port_set_pins
                0x0000000000013dfd                gpio_hal_arch_no_port_clear_pins
                0x0000000000013e44                gpio_hal_arch_no_port_read_pins
                0x0000000000013e87                gpio_hal_arch_no_port_write_pins
 .text          0x0000000000013ee7       0x89 build/cooja/mtype46.a(buttons.o)
 .text          0x0000000000013f70      0x48f build/cooja/mtype46.a(res_temperature)
 .text          0x00000000000143ff      0x27b build/cooja/mtype46.a(coap-blocking-a)
                0x00000000000143ff                coap_blocking_request_callback
                0x0000000000014429                coap_blocking_request
 .text          0x000000000001467a      0xbea build/cooja/mtype46.a(coap-engine.o)
                0x000000000001470f                coap_add_handler
                0x000000000001472c                coap_remove_handler
                0x0000000000014749                coap_call_handlers
                0x0000000000014851                coap_receive
                0x0000000000014e4c                coap_engine_init
                0x0000000000014eaa                coap_activate_resource
                0x0000000000014f55                coap_get_first_resource
                0x0000000000014f6e                coap_get_next_resource
 .text          0x0000000000015264      0x2d9 build/cooja/mtype46.a(coap-res-well-k)
 .text          0x000000000001553d      0x96a build/cooja/mtype46.a(coap-observe.o)
                0x0000000000015652                coap_remove_observer
                0x0000000000015682                coap_remove_observer_by_client
                0x00000000000156ea                coap_remove_observer_by_token
                0x000000000001577d                coap_remove_observer_by_uri
                0x0000000000015824                coap_remove_observer_by_mid
                0x00000000000158a0                coap_notify_observers
                0x00000000000158b9                coap_notify_observers_sub
                0x0000000000015d23                coap_observe_handler
                0x0000000000015e3e                coap_has_observers
 .text          0x0000000000015ea7      0x733 build/cooja/mtype46.a(coap-uip.o)
                0x0000000000015ea7                coap_endpoint_log
                0x0000000000015f2d                coap_endpoint_print
                0x0000000000015fb3                coap_endpoint_snprint
                0x00000000000160e6                coap_endpoint_copy
                0x0000000000016123                coap_endpoint_cmp
                0x0000000000016231                coap_endpoint_parse
                0x000000000001641c                coap_endpoint_is_secure
                0x000000000001642b                coap_endpoint_is_connected
                0x000000000001645f                coap_endpoint_connect
                0x000000000001647b                coap_endpoint_disconnect
                0x0000000000016481                coap_databuf
                0x000000000001648b                coap_transport_init
                0x00000000000164db                coap_sendto
 .text          0x00000000000165da      0x324 build/cooja/mtype46.a(coap-timer.o)
                0x00000000000166d7                coap_timer_stop
                0x0000000000016702                coap_timer_set
                0x0000000000016745                coap_timer_reset
                0x0000000000016788                coap_timer_time_to_next_expiration
                0x00000000000167f4                coap_timer_run
                0x00000000000168c0                coap_timer_init
 .text          0x00000000000168fe      0x2c6 build/cooja/mtype46.a(coap-transactio)
                0x0000000000016964                coap_new_transaction
                0x00000000000169ca                coap_send_transaction
                0x0000000000016b2b                coap_clear_transaction
                0x0000000000016b73                coap_get_transaction_by_mid
 .text          0x0000000000016bc4     0x1c53 build/cooja/mtype46.a(coap.o)
                0x0000000000017131                coap_init_connection
                0x0000000000017145                coap_get_mid
                0x0000000000017161                coap_init_message
                0x00000000000171aa                coap_serialize_message
                0x000000000001782c                coap_parse_message
                0x0000000000017e93                coap_get_query_variable
                0x0000000000017ed5                coap_get_post_variable
                0x0000000000017f19                coap_set_status_code
                0x0000000000017f3e                coap_set_token
                0x0000000000017f85                coap_get_header_content_format
                0x0000000000017fb6                coap_set_header_content_format
                0x0000000000017fd9                coap_get_header_accept
                0x000000000001800a                coap_set_header_accept
                0x000000000001802d                coap_get_header_max_age
                0x000000000001805e                coap_set_header_max_age
                0x000000000001807e                coap_get_header_etag
                0x00000000000180b0                coap_set_header_etag
                0x0000000000018107                coap_get_header_if_match
                0x0000000000018139                coap_set_header_if_match
                0x0000000000018190                coap_get_header_if_none_match
                0x00000000000181aa                coap_set_header_if_none_match
                0x00000000000181c1                coap_get_header_proxy_uri
                0x00000000000181ef                coap_set_header_proxy_uri
                0x000000000001822c                coap_get_header_uri_host
                0x000000000001825a                coap_set_header_uri_host
                0x0000000000018297                coap_get_header_uri_path
                0x00000000000182c5                coap_set_header_uri_path
                0x0000000000018312                coap_get_header_uri_query
                0x0000000000018346                coap_set_header_uri_query
                0x000000000001839c                coap_get_header_location_path
                0x00000000000183ca                coap_set_header_location_path
                0x0000000000018463                coap_get_header_location_query
                0x0000000000018491                coap_set_header_location_query
                0x00000000000184de                coap_get_header_observe
                0x000000000001850d                coap_set_header_observe
                0x000000000001852d                coap_get_header_block2
                0x0000000000018599                coap_set_header_block2
                0x0000000000018610                coap_get_header_block1
                0x0000000000018685                coap_set_header_block1
                0x0000000000018700                coap_get_header_size2
                0x0000000000018730                coap_set_header_size2
                0x0000000000018753                coap_get_header_size1
                0x0000000000018783                coap_set_header_size1
                0x00000000000187a6                coap_get_payload
                0x00000000000187e0                coap_set_payload
 .text          0x0000000000018817      0x332 build/cooja/mtype46.a(contiki-main.o)
                0x0000000000018817                main
 .text          0x0000000000018b49       0x92 build/cooja/mtype46.a(autostart.o)
                0x0000000000018b49                autostart_start
                0x0000000000018b93                autostart_exit
 .text          0x0000000000018bdb      0x355 build/cooja/mtype46.a(ctimer.o)
                0x0000000000018d03                ctimer_init
                0x0000000000018d36                ctimer_set
                0x0000000000018d5c                ctimer_set_with_process
                0x0000000000018dd9                ctimer_reset
                0x0000000000018e2d                ctimer_restart
                0x0000000000018e81                ctimer_stop
                0x0000000000018ed1                ctimer_expired
 .text          0x0000000000018f30      0x394 build/cooja/mtype46.a(log.o)
                0x0000000000018f30                log_6addr
                0x0000000000018f83                log_6addr_compact_snprint
                0x0000000000019021                log_6addr_compact
                0x0000000000019074                log_lladdr
                0x00000000000190e6                log_lladdr_compact
                0x000000000001914e                log_set_level
                0x0000000000019209                log_get_level
                0x0000000000019282                log_level_to_str
 .text          0x00000000000192c4       0x1b build/cooja/mtype46.a(energest.o)
                0x00000000000192c4                energest_init
                0x00000000000192ca                energest_flush
                0x00000000000192d0                energest_get_total_time
 .text          0x00000000000192df      0x43f build/cooja/mtype46.a(etimer.o)
                0x0000000000019503                etimer_request_poll
                0x000000000001958c                etimer_set
                0x00000000000195b5                etimer_reset_with_new_interval
                0x00000000000195e4                etimer_reset
                0x000000000001960a                etimer_restart
                0x0000000000019630                etimer_adjust
                0x000000000001964d                etimer_expired
                0x0000000000019660                etimer_expiration_time
                0x0000000000019672                etimer_start_time
                0x000000000001967c                etimer_pending
                0x000000000001968e                etimer_next_expiration_time
                0x00000000000196a8                etimer_stop
 .text          0x000000000001971e       0x25 build/cooja/mtype46.a(node-id.o)
                0x000000000001971e                node_id_init
 .text          0x0000000000019743       0xeb build/cooja/mtype46.a(rtimer.o)
                0x0000000000019743                rtimer_init
                0x0000000000019751                rtimer_set
                0x00000000000197cc                rtimer_run_next
 .text          0x000000000001982e      0x4fb build/cooja/mtype46.a(process.o)
                0x000000000001982e                process_alloc_event
                0x0000000000019843                process_start
                0x0000000000019a1d                process_exit
                0x0000000000019a3a                process_init
                0x0000000000019bcf                process_run
                0x0000000000019c02                process_nevents
                0x0000000000019c1d                process_post
                0x0000000000019cb0                process_post_synch
                0x0000000000019ce5                process_poll
                0x0000000000019d15                process_is_running
 .text          0x0000000000019d29       0xb1 build/cooja/mtype46.a(timer.o)
                0x0000000000019d29                timer_set
                0x0000000000019d47                timer_reset
                0x0000000000019d74                timer_restart
                0x0000000000019d89                timer_expired
                0x0000000000019db6                timer_remaining
 .text          0x0000000000019dda      0x28f build/cooja/mtype46.a(list.o)
                0x0000000000019dda                list_init
                0x0000000000019de9                list_head
                0x0000000000019df3                list_copy
                0x0000000000019e03                list_tail
                0x0000000000019e39                list_add
                0x0000000000019e85                list_push
                0x0000000000019eb1                list_chop
                0x0000000000019f1b                list_pop
                0x0000000000019f43                list_remove
                0x0000000000019fab                list_length
                0x0000000000019fd9                list_insert
                0x000000000001a01e                list_item_next
                0x000000000001a035                list_contains
 .text          0x000000000001a069      0x1b5 build/cooja/mtype46.a(memb.o)
                0x000000000001a069                memb_init
                0x000000000001a0be                memb_alloc
                0x000000000001a121                memb_free
                0x000000000001a198                memb_inmemb
                0x000000000001a1d7                memb_numfree
 .text          0x000000000001a21e      0x41c build/cooja/mtype46.a(button-hal.o)
                0x000000000001a397                button_hal_get_by_id
                0x000000000001a3d5                button_hal_get_by_index
                0x000000000001a401                button_hal_get_state
                0x000000000001a453                button_hal_init
 .text          0x000000000001a63a      0x1f3 build/cooja/mtype46.a(serial-line.o)
                0x000000000001a63a                serial_line_input_byte
                0x000000000001a7f8                serial_line_init
 .text          0x000000000001a82d      0x168 build/cooja/mtype46.a(gpio-hal.o)
                0x000000000001a82d                gpio_hal_register_handler
                0x000000000001a84a                gpio_hal_event_handler
                0x000000000001a8a6                gpio_hal_init
                0x000000000001a8c5                gpio_hal_arch_port_toggle_pin
                0x000000000001a901                gpio_hal_arch_port_toggle_pins
                0x000000000001a92f                gpio_hal_arch_no_port_toggle_pin
                0x000000000001a96d                gpio_hal_arch_no_port_toggle_pins
 .text          0x000000000001a995      0x2e7 build/cooja/mtype46.a(queuebuf.o)
                0x000000000001a99f                queuebuf_init
                0x000000000001a9c8                queuebuf_numfree
                0x000000000001a9e0                queuebuf_new_from_packetbuf
                0x000000000001aa7f                queuebuf_update_attr_from_packetbuf
                0x000000000001aab4                queuebuf_update_from_packetbuf
                0x000000000001ab04                queuebuf_free
                0x000000000001ab4d                queuebuf_to_packetbuf
                0x000000000001abb9                queuebuf_dataptr
                0x000000000001abf3                queuebuf_datalen
                0x000000000001ac16                queuebuf_addr
                0x000000000001ac4b                queuebuf_attr
                0x000000000001ac76                queuebuf_debug_print
 .text          0x000000000001ac7c      0x407 build/cooja/mtype46.a(packetbuf.o)
                0x000000000001ac7c                packetbuf_clear
                0x000000000001aca7                packetbuf_copyfrom
                0x000000000001acf6                packetbuf_copyto
                0x000000000001ad89                packetbuf_hdralloc
                0x000000000001ae05                packetbuf_hdrreduce
                0x000000000001ae4b                packetbuf_set_datalen
                0x000000000001ae65                packetbuf_dataptr
                0x000000000001ae82                packetbuf_hdrptr
                0x000000000001ae8c                packetbuf_datalen
                0x000000000001ae98                packetbuf_hdrlen
                0x000000000001aeaf                packetbuf_totlen
                0x000000000001aec5                packetbuf_remaininglen
                0x000000000001aed8                packetbuf_attr_clear
                0x000000000001af24                packetbuf_attr_copyto
                0x000000000001af7c                packetbuf_attr_copyfrom
                0x000000000001afd4                packetbuf_set_attr
                0x000000000001affe                packetbuf_attr
                0x000000000001b018                packetbuf_set_addr
                0x000000000001b049                packetbuf_addr
                0x000000000001b066                packetbuf_holds_broadcast
 .text          0x000000000001b083       0xef build/cooja/mtype46.a(netstack.o)
                0x000000000001b083                netstack_process_ip_callback
                0x000000000001b114                netstack_ip_packet_processor_add
                0x000000000001b137                uip_ds6_ip_packet_processor_rm
                0x000000000001b154                netstack_init
 .text          0x000000000001b172       0x4f build/cooja/mtype46.a(linkaddr.o)
                0x000000000001b172                linkaddr_copy
                0x000000000001b188                linkaddr_cmp
                0x000000000001b1ab                linkaddr_set_node_addr
 .text          0x000000000001b1c1      0x1f6 build/cooja/mtype46.a(csma.o)
 .text          0x000000000001b3b7      0x95d build/cooja/mtype46.a(csma-output.o)
                0x000000000001ba4e                csma_output_packet
                0x000000000001bcdb                csma_output_init
 .text          0x000000000001bd14      0xc11 build/cooja/mtype46.a(uip-ds6.o)
                0x000000000001bd14                uip_ds6_default_prefix
                0x000000000001bd1e                uip_ds6_set_default_prefix
                0x000000000001bd49                uip_ds6_init
                0x000000000001bfab                uip_ds6_periodic
                0x000000000001c032                uip_ds6_list_loop
                0x000000000001c0f2                uip_ds6_prefix_add
                0x000000000001c19e                uip_ds6_prefix_rm
                0x000000000001c1b1                uip_ds6_prefix_lookup
                0x000000000001c1f0                uip_ds6_is_addr_onlink
                0x000000000001c263                uip_ds6_addr_add
                0x000000000001c383                uip_ds6_addr_rm
                0x000000000001c42c                uip_ds6_addr_lookup
                0x000000000001c465                uip_ds6_get_link_local
                0x000000000001c4e6                uip_ds6_get_global
                0x000000000001c567                uip_ds6_maddr_add
                0x000000000001c5c7                uip_ds6_maddr_rm
                0x000000000001c5da                uip_ds6_maddr_lookup
                0x000000000001c613                uip_ds6_aaddr_add
                0x000000000001c673                uip_ds6_aaddr_rm
                0x000000000001c686                uip_ds6_aaddr_lookup
                0x000000000001c6bf                uip_ds6_select_src
                0x000000000001c808                uip_ds6_set_addr_iid
                0x000000000001c833                uip_ds6_set_lladdr_from_iid
                0x000000000001c85c                get_match_length
                0x000000000001c8ed                uip_ds6_compute_reachable_time
 .text          0x000000000001c925      0x128 build/cooja/mtype46.a(uip-udp-packet.)
                0x000000000001c925                uip_udp_packet_send
                0x000000000001c980                uip_udp_packet_sendto
 .text          0x000000000001ca4d      0x35b build/cooja/mtype46.a(uip-ds6-route.o)
                0x000000000001ca9e                uip_ds6_route_init
                0x000000000001cac8                uip_ds6_route_nexthop
                0x000000000001cad2                uip_ds6_route_head
                0x000000000001cadc                uip_ds6_route_next
                0x000000000001cae6                uip_ds6_route_is_nexthop
                0x000000000001caf0                uip_ds6_route_num_routes
                0x000000000001cafa                uip_ds6_route_lookup
                0x000000000001cb04                uip_ds6_route_add
                0x000000000001cb17                uip_ds6_route_rm
                0x000000000001cb1d                uip_ds6_route_rm_by_nexthop
                0x000000000001cb23                uip_ds6_defrt_head
                0x000000000001cb3c                uip_ds6_defrt_add
                0x000000000001cbea                uip_ds6_defrt_rm
                0x000000000001cc50                uip_ds6_defrt_lookup
                0x000000000001ccb7                uip_ds6_defrt_choose
                0x000000000001cd2d                uip_ds6_defrt_periodic
 .text          0x000000000001cda8      0x6f7 build/cooja/mtype46.a(tcpip.o)
                0x000000000001cdc2                tcpip_output
                0x000000000001ce41                udp_attach
                0x000000000001ce59                udp_new
                0x000000000001cea3                udp_broadcast_new
                0x000000000001d015                tcpip_input
                0x000000000001d1a5                tcpip_ipv6_output
                0x000000000001d399                tcpip_poll_udp
                0x000000000001d3b7                tcpip_uipcall
 .text          0x000000000001d49f     0x1205 build/cooja/mtype46.a(uip6.o)
                0x000000000001d54e                uip_chksum
                0x000000000001d625                uip_icmp6chksum
                0x000000000001d63a                uip_udpchksum
                0x000000000001d64f                uip_init
                0x000000000001d698                uip_remove_ext_hdr
                0x000000000001d772                uip_udp_new
                0x000000000001da86                uip_process
                0x000000000001e57e                uip_htons
                0x000000000001e5a0                uip_htonl
                0x000000000001e5de                uip_send
 .text          0x000000000001e6a4      0x369 build/cooja/mtype46.a(uip-ds6-nbr.o)
                0x000000000001e6a4                uip_ds6_neighbors_init
                0x000000000001e6c8                uip_ds6_nbr_add
                0x000000000001e74e                uip_ds6_nbr_rm
                0x000000000001e799                uip_ds6_nbr_update_ll
                0x000000000001e887                uip_ds6_nbr_get_ipaddr
                0x000000000001e89c                uip_ds6_nbr_get_ll
                0x000000000001e8b8                uip_ds6_nbr_num
                0x000000000001e901                uip_ds6_nbr_head
                0x000000000001e91a                uip_ds6_nbr_next
                0x000000000001e936                uip_ds6_nbr_lookup
                0x000000000001e98e                uip_ds6_nbr_ll_lookup
                0x000000000001e9aa                uip_ds6_nbr_ipaddr_from_lladdr
                0x000000000001e9d3                uip_ds6_nbr_lladdr_from_ipaddr
                0x000000000001ea07                uip_ds6_link_callback
 .text          0x000000000001ea0d      0x6a7 build/cooja/mtype46.a(uip-nd6.o)
                0x000000000001f09b                uip_nd6_init
 .text          0x000000000001f0b4      0x3b0 build/cooja/mtype46.a(simple-udp.o)
                0x000000000001f0e1                simple_udp_send
                0x000000000001f144                simple_udp_sendto
                0x000000000001f19f                simple_udp_sendto_port
                0x000000000001f1f8                simple_udp_register
 .text          0x000000000001f464     0x2c17 build/cooja/mtype46.a(sicslowpan.o)
                0x000000000001fa6b                netstack_sniffer_add
                0x000000000001fa79                netstack_sniffer_remove
                0x000000000002204f                sicslowpan_init
                0x0000000000022071                sicslowpan_get_last_rssi
 .text          0x000000000002207b      0x4d1 build/cooja/mtype46.a(uiplib.o)
                0x000000000002207b                uiplib_ip6addrconv
                0x0000000000022233                uiplib_ip4addrconv
                0x00000000000222f6                uiplib_ipaddr_print
                0x0000000000022349                uiplib_ipaddr_snprint
 .text          0x000000000002254c      0x4c9 build/cooja/mtype46.a(rpl.o)
                0x000000000002254c                rpl_lollipop_greater_than
                0x00000000000225a6                rpl_get_global_address
                0x000000000002269e                rpl_link_callback
                0x00000000000226e2                rpl_has_joined
                0x0000000000022707                rpl_is_reachable
                0x0000000000022788                rpl_reset_prefix
                0x00000000000227f2                rpl_set_prefix_from_addr
                0x00000000000228d7                rpl_set_prefix
                0x00000000000229f1                rpl_set_leaf_only
                0x0000000000022a09                rpl_get_leaf_only
 .text          0x0000000000022a15     0x138c build/cooja/mtype46.a(rpl-icmp6.o)
                0x0000000000022b3a                rpl_icmp6_update_nbr_table
                0x0000000000022bc3                rpl_icmp6_dis_output
                0x0000000000023209                rpl_icmp6_dio_output
                0x0000000000023a07                rpl_icmp6_dao_output
                0x0000000000023ce8                rpl_icmp6_dao_ack_output
                0x0000000000023d58                rpl_icmp6_init
 .text          0x0000000000023da1      0x264 build/cooja/mtype46.a(rpl-dag-root.o)
                0x0000000000023da1                rpl_dag_root_print_links
                0x0000000000023ecd                rpl_dag_root_set_prefix
                0x0000000000023ef9                rpl_dag_root_start
                0x0000000000023fd6                rpl_dag_root_is_root
 .text          0x0000000000024005       0x30 build/cooja/mtype46.a(watchdog.o)
                0x0000000000024005                watchdog_init
                0x000000000002400b                watchdog_start
                0x0000000000024011                watchdog_periodic
                0x0000000000024029                watchdog_stop
                0x000000000002402f                watchdog_reboot
 .text          0x0000000000024035       0x4a build/cooja/mtype46.a(int-master.o)
                0x0000000000024035                int_master_enable
                0x0000000000024045                int_master_read_and_disable
                0x0000000000024062                int_master_status_set
                0x0000000000024070                int_master_is_enabled
 .text          0x000000000002407f      0x226 build/cooja/mtype46.a(coap-timer-defa)
 .text          0x00000000000242a5       0xc7 build/cooja/mtype46.a(stimer.o)
                0x00000000000242a5                stimer_set
                0x00000000000242c3                stimer_reset
                0x00000000000242f0                stimer_restart
                0x0000000000024305                stimer_expired
                0x0000000000024330                stimer_remaining
                0x0000000000024354                stimer_elapsed
 .text          0x000000000002436c      0x156 build/cooja/mtype46.a(ringbuf.o)
                0x000000000002436c                ringbuf_init
                0x000000000002439e                ringbuf_put
                0x000000000002441c                ringbuf_get
                0x0000000000024489                ringbuf_size
                0x000000000002449b                ringbuf_elements
 .text          0x00000000000244c2       0x1f build/cooja/mtype46.a(assert.o)
                0x00000000000244c2                _xassert
 .text          0x00000000000244e1      0x79b build/cooja/mtype46.a(nbr-table.o)
                0x000000000002495a                nbr_table_register
                0x00000000000249c7                nbr_table_is_registered
                0x0000000000024a02                nbr_table_head
                0x0000000000024a5d                nbr_table_next
                0x0000000000024abe                nbr_table_add_lladdr
                0x0000000000024b98                nbr_table_get_from_lladdr
                0x0000000000024be4                nbr_table_remove
                0x0000000000024c1c                nbr_table_lock
                0x0000000000024c36                nbr_table_unlock
                0x0000000000024c50                nbr_table_get_lladdr
 .text          0x0000000000024c7c      0x3a5 build/cooja/mtype46.a(link-stats.o)
                0x0000000000024c7c                link_stats_from_lladdr
                0x0000000000024c98                link_stats_get_lladdr
                0x0000000000024cb4                link_stats_is_fresh
                0x0000000000024cf0                guess_etx_from_rssi
                0x0000000000024d6c                link_stats_packet_sent
                0x0000000000024e8c                link_stats_input_callback
                0x0000000000024f9c                link_stats_reset
                0x0000000000024fec                link_stats_init
 .text          0x0000000000025021      0x187 build/cooja/mtype46.a(mac-sequence.o)
                0x0000000000025021                mac_sequence_is_duplicate
                0x00000000000250c1                mac_sequence_register_seqno
 .text          0x00000000000251a8       0x23 build/cooja/mtype46.a(mac.o)
                0x00000000000251a8                mac_call_sent_callback
 .text          0x00000000000251cb      0x432 build/cooja/mtype46.a(framer-802154.o)
                0x000000000002535a                framer_802154_setup_params
 .text          0x00000000000255fd      0xb6f build/cooja/mtype46.a(frame802154.o)
                0x000000000002562e                frame802154_get_pan_id
                0x000000000002563a                frame802154_set_pan_id
                0x0000000000025654                frame802154_has_panid
                0x0000000000025803                frame802154_check_dest_panid
                0x000000000002588b                frame802154_is_broadcast_addr
                0x00000000000258d8                frame802154_extract_linkaddr
                0x0000000000025b3d                frame802154_hdrlen
                0x0000000000025bb0                frame802154_create_fcf
                0x0000000000025c68                frame802154_create
                0x0000000000025ddd                frame802154_parse_fcf
                0x0000000000025ebf                frame802154_parse
 .text          0x000000000002616c       0x2d build/cooja/mtype46.a(csma-security.o)
                0x000000000002616c                csma_security_create_frame
                0x000000000002618a                csma_security_parse_frame
 .text          0x0000000000026199      0x4e4 build/cooja/mtype46.a(uipbuf.o)
                0x0000000000026199                uipbuf_clear
                0x00000000000261c0                uipbuf_add_ext_hdr
                0x0000000000026240                uipbuf_set_len
                0x000000000002626d                uipbuf_set_len_field
                0x0000000000026299                uipbuf_get_len_field
                0x00000000000262b9                uipbuf_get_next_header
                0x00000000000263eb                uipbuf_get_last_header
                0x0000000000026464                uipbuf_search_header
                0x000000000002651a                uipbuf_get_attr
                0x0000000000026541                uipbuf_set_attr
                0x0000000000026578                uipbuf_set_default_attr
                0x00000000000265af                uipbuf_clear_attr
                0x00000000000265d3                uipbuf_set_attr_flag
                0x00000000000265f4                uipbuf_clr_attr_flag
                0x000000000002661b                uipbuf_is_attr_flag
                0x000000000002663f                uipbuf_init
 .text          0x000000000002667d      0x73f build/cooja/mtype46.a(uip-icmp6.o)
                0x00000000000266f2                uip_icmp6_input
                0x0000000000026749                uip_icmp6_register_input_handler
                0x000000000002689c                uip_icmp6_error_output
                0x0000000000026b4d                uip_icmp6_send
                0x0000000000026d44                uip_icmp6_echo_reply_callback_add
                0x0000000000026d76                uip_icmp6_echo_reply_callback_rm
                0x0000000000026d93                uip_icmp6_init
 .text          0x0000000000026dbc      0x69b build/cooja/mtype46.a(uip-sr.o)
                0x0000000000026dbc                uip_sr_num_nodes
                0x0000000000026e4a                uip_sr_get_node
                0x0000000000026ea1                uip_sr_is_addr_reachable
                0x0000000000026f4f                uip_sr_expire_parent
                0x0000000000026f98                uip_sr_update_node
                0x00000000000270c8                uip_sr_init
                0x00000000000270fc                uip_sr_node_head
                0x0000000000027115                uip_sr_node_next
                0x000000000002712b                uip_sr_periodic
                0x0000000000027231                uip_sr_free_all
                0x00000000000272a1                uip_sr_link_snprint
 .text          0x0000000000027457      0x146 build/cooja/mtype46.a(uip-packetqueue)
                0x0000000000027485                uip_packetqueue_new
                0x0000000000027494                uip_packetqueue_alloc
                0x00000000000274ef                uip_packetqueue_free
                0x0000000000027536                uip_packetqueue_buf
                0x0000000000027553                uip_packetqueue_buflen
                0x0000000000027574                uip_packetqueue_set_buflen
 .text          0x000000000002759d      0x1b0 build/cooja/mtype46.a(rpl-nbr-policy.)
                0x000000000002770a                rpl_nbr_policy_find_removable
 .text          0x000000000002774d      0x915 build/cooja/mtype46.a(rpl-neighbor.o)
                0x00000000000277c9                rpl_neighbor_snprint
                0x0000000000027a7c                rpl_neighbor_print_list
                0x0000000000027b31                rpl_neighbor_count
                0x0000000000027bd8                rpl_neighbor_get_from_lladdr
                0x0000000000027bf4                rpl_neighbor_is_acceptable_parent
                0x0000000000027c28                rpl_neighbor_get_link_metric
                0x0000000000027c5c                rpl_neighbor_rank_via_nbr
                0x0000000000027c90                rpl_neighbor_get_lladdr
                0x0000000000027cac                rpl_neighbor_get_ipaddr
                0x0000000000027cd3                rpl_neighbor_get_link_stats
                0x0000000000027cfa                rpl_neighbor_is_fresh
                0x0000000000027d21                rpl_neighbor_is_reachable
                0x0000000000027d6c                rpl_neighbor_is_parent
                0x0000000000027d96                rpl_neighbor_set_preferred_parent
                0x0000000000027e2d                rpl_neighbor_remove_all
                0x0000000000027e89                rpl_neighbor_get_from_ipaddr
                0x0000000000027f97                rpl_neighbor_select_best
                0x0000000000028043                rpl_neighbor_init
 .text          0x0000000000028062      0xe69 build/cooja/mtype46.a(rpl-dag.o)
                0x0000000000028062                rpl_dag_state_to_str
                0x00000000000280a1                rpl_dag_get_root_ipaddr
                0x00000000000280e9                rpl_dag_leave
                0x0000000000028172                rpl_dag_poison_and_leave
                0x000000000002818a                rpl_dag_periodic
                0x0000000000028212                rpl_is_addr_in_our_dag
                0x0000000000028256                rpl_get_default_instance
                0x0000000000028272                rpl_get_any_dag
                0x00000000000282cb                rpl_refresh_routes
                0x000000000002830b                rpl_global_repair
                0x00000000000283a4                rpl_local_repair
                0x00000000000283ee                rpl_dag_ready_to_advertise
                0x0000000000028431                rpl_dag_update_state
                0x0000000000028b5e                rpl_process_dio
                0x0000000000028bdc                rpl_process_dis
                0x0000000000028c21                rpl_process_dao
                0x0000000000028cb0                rpl_process_dao_ack
                0x0000000000028d47                rpl_process_hbh
                0x0000000000028d97                rpl_dag_init_root
                0x0000000000028eab                rpl_dag_init
 .text          0x0000000000028ecb      0x9e7 build/cooja/mtype46.a(rpl-timers.o)
                0x0000000000028ecb                rpl_timers_schedule_periodic_dis
                0x0000000000029019                rpl_timers_dio_reset
                0x0000000000029127                rpl_timers_schedule_unicast_dio
                0x000000000002927b                rpl_timers_schedule_dao
                0x000000000002933a                rpl_timers_schedule_dao_ack
                0x00000000000293c0                rpl_timers_notify_dao_ack
                0x000000000002941e                get_probing_delay
                0x0000000000029452                get_probing_target
                0x000000000002963c                rpl_schedule_probing
                0x000000000002966a                rpl_schedule_probing_now
                0x00000000000296d4                rpl_timers_unschedule_leaving
                0x000000000002970c                rpl_timers_schedule_leaving
                0x000000000002974d                rpl_timers_init
                0x00000000000297dd                rpl_timers_stop_dag_timers
                0x0000000000029856                rpl_timers_unschedule_state_update
                0x000000000002987a                rpl_timers_schedule_state_update
 .text          0x00000000000298b2      0xb8e build/cooja/mtype46.a(rpl-ext-header.)
                0x00000000000298b2                rpl_ext_header_srh_get_next_hop
                0x0000000000029999                rpl_ext_header_srh_update
                0x0000000000029f05                rpl_ext_header_hbh_update
                0x000000000002a205                rpl_ext_header_update
                0x000000000002a28e                rpl_ext_header_remove
 .text          0x000000000002a440      0x31b build/cooja/mtype46.a(rpl-mrhof.o)
 *fill*         0x000000000002a75b        0x5 
 .text          0x000000000002a760      0x122 /usr/lib/gcc/i686-linux-gnu/5/libgcc.a(_udivdi3.o)
                0x000000000002a760                __udivdi3
 .text          0x000000000002a882        0x0 /usr/lib/gcc/i686-linux-gnu/5/crtendS.o
 .text          0x000000000002a882        0x0 /usr/lib/gcc/i686-linux-gnu/5/../../../i386-linux-gnu/crtn.o
 *(.gnu.warning)

.fini           0x000000000002a884       0x14
 *(SORT(.fini))
 .fini          0x000000000002a884        0xf /usr/lib/gcc/i686-linux-gnu/5/../../../i386-linux-gnu/crti.o
                0x000000000002a884                _fini
 .fini          0x000000000002a893        0x5 /usr/lib/gcc/i686-linux-gnu/5/../../../i386-linux-gnu/crtn.o
                [!provide]                        PROVIDE (__etext, .)
                [!provide]                        PROVIDE (_etext, .)
                [!provide]                        PROVIDE (etext, .)

.rodata         0x000000000002a8a0      0xbab
 *(.rodata .rodata.* .gnu.linkonce.r.*)
 .rodata        0x000000000002a8a0      0x1ae temperature.o
                0x000000000002a8c4                autostart_processes
 *fill*         0x000000000002aa4e        0x2 
 .rodata        0x000000000002aa50        0x8 build/cooja/mtype46.a(beep.o)
                0x000000000002aa50                beep_interface
 .rodata        0x000000000002aa58        0xe build/cooja/mtype46.a(leds-arch.o)
                0x000000000002aa58                leds_interface
                0x000000000002aa60                leds_arch_leds
 *fill*         0x000000000002aa66        0x2 
 .rodata        0x000000000002aa68        0x8 build/cooja/mtype46.a(moteid.o)
                0x000000000002aa68                moteid_interface
 .rodata        0x000000000002aa70       0x1c build/cooja/mtype46.a(pir-sensor.o)
                0x000000000002aa70                pir_interface
                0x000000000002aa7c                pir_sensor
 .rodata        0x000000000002aa8c        0xe build/cooja/mtype46.a(rs232.o)
                0x000000000002aa8c                rs232_interface
 *fill*         0x000000000002aa9a        0x2 
 .rodata        0x000000000002aa9c       0x24 build/cooja/mtype46.a(vib-sensor.o)
                0x000000000002aa9c                vib_interface
                0x000000000002aab0                vib_sensor
 .rodata        0x000000000002aac0        0x8 build/cooja/mtype46.a(clock.o)
                0x000000000002aac0                clock_interface
 .rodata        0x000000000002aac8        0x8 build/cooja/mtype46.a(cooja-log.o)
                0x000000000002aac8                simlog_interface
 .rodata        0x000000000002aad0       0x2f build/cooja/mtype46.a(cfs-cooja.o)
                0x000000000002aad0                cfs_interface
 *fill*         0x000000000002aaff        0x1 
 .rodata        0x000000000002ab00       0xb8 build/cooja/mtype46.a(cooja-radio.o)
                0x000000000002ab00                radio_interface
                0x000000000002ab80                cooja_radio_driver
 .rodata        0x000000000002abb8        0x8 build/cooja/mtype46.a(eeprom.o)
                0x000000000002abb8                eeprom_interface
 .rodata        0x000000000002abc0        0x8 build/cooja/mtype46.a(sensors.o)
 .rodata        0x000000000002abc8       0x2c build/cooja/mtype46.a(buttons.o)
                0x000000000002abc8                button_interface
                0x000000000002abdc                button_hal_button_count
                0x000000000002abe4                button_sensor
 .rodata        0x000000000002abf4       0x9f build/cooja/mtype46.a(res_temperature)
 .rodata        0x000000000002ac93       0x41 build/cooja/mtype46.a(coap-engine.o)
 .rodata        0x000000000002acd4       0x19 build/cooja/mtype46.a(coap-res-well-k)
 .rodata        0x000000000002aced       0x11 build/cooja/mtype46.a(coap-observe.o)
 .rodata        0x000000000002acfe       0x35 build/cooja/mtype46.a(coap-uip.o)
 *fill*         0x000000000002ad33        0x1 
 .rodata        0x000000000002ad34      0x1ac build/cooja/mtype46.a(coap.o)
 .rodata        0x000000000002aee0       0xf4 build/cooja/mtype46.a(contiki-main.o)
 .rodata        0x000000000002afd4        0xf build/cooja/mtype46.a(ctimer.o)
 *fill*         0x000000000002afe3        0x1 
 .rodata        0x000000000002afe4       0xc4 build/cooja/mtype46.a(log.o)
 .rodata        0x000000000002b0a8        0xc build/cooja/mtype46.a(etimer.o)
 .rodata        0x000000000002b0b4       0x13 build/cooja/mtype46.a(button-hal.o)
 .rodata        0x000000000002b0c7        0xe build/cooja/mtype46.a(serial-line.o)
 *fill*         0x000000000002b0d5        0x3 
 .rodata        0x000000000002b0d8        0x8 build/cooja/mtype46.a(linkaddr.o)
                0x000000000002b0d8                linkaddr_null
 .rodata        0x000000000002b0e0       0x24 build/cooja/mtype46.a(csma.o)
                0x000000000002b0e8                csma_driver
 .rodata        0x000000000002b104       0x2a build/cooja/mtype46.a(csma-output.o)
 *fill*         0x000000000002b12e        0x2 
 .rodata        0x000000000002b130       0x4d build/cooja/mtype46.a(uip-ds6-route.o)
 .rodata        0x000000000002b17d        0xd build/cooja/mtype46.a(tcpip.o)
 .rodata        0x000000000002b18a       0x13 build/cooja/mtype46.a(simple-udp.o)
 *fill*         0x000000000002b19d        0x3 
 .rodata        0x000000000002b1a0       0x30 build/cooja/mtype46.a(sicslowpan.o)
                0x000000000002b1a0                unc_llconf
                0x000000000002b1a4                unc_ctxconf
                0x000000000002b1a8                unc_mxconf
                0x000000000002b1ac                llprefix
                0x000000000002b1c0                sicslowpan_driver
 .rodata        0x000000000002b1d0       0x2d build/cooja/mtype46.a(uiplib.o)
 *fill*         0x000000000002b1fd        0x3 
 .rodata        0x000000000002b200       0x74 build/cooja/mtype46.a(rpl.o)
                0x000000000002b220                rpl_lite_driver
 .rodata        0x000000000002b274       0x20 build/cooja/mtype46.a(coap-timer-defa)
                0x000000000002b288                coap_timer_default_driver
 .rodata        0x000000000002b294       0x25 build/cooja/mtype46.a(assert.o)
 *fill*         0x000000000002b2b9        0x3 
 .rodata        0x000000000002b2bc        0xc build/cooja/mtype46.a(framer-802154.o)
                0x000000000002b2bc                framer_802154
 .rodata        0x000000000002b2c8       0x44 build/cooja/mtype46.a(uip-sr.o)
 .rodata        0x000000000002b30c       0x58 build/cooja/mtype46.a(rpl-neighbor.o)
 .rodata        0x000000000002b364       0xdb build/cooja/mtype46.a(rpl-dag.o)
 .rodata        0x000000000002b43f        0xc build/cooja/mtype46.a(rpl-timers.o)

.rodata1
 *(.rodata1)

.eh_frame_hdr   0x000000000002b44c     0x1a2c
 *(.eh_frame_hdr)
 .eh_frame_hdr  0x000000000002b44c     0x1a2c temperature.o
                0x000000000002b44c                __GNU_EH_FRAME_HDR
 *(.eh_frame_entry .eh_frame_entry.*)

.eh_frame       0x000000000002ce78     0x6a54
 *(.eh_frame)
 .eh_frame      0x000000000002ce78       0x3c /usr/lib/gcc/i686-linux-gnu/5/../../../i386-linux-gnu/crti.o
                                         0x40 (size before relaxing)
 .eh_frame      0x000000000002ceb4       0xa0 temperature.o
                                         0xb8 (size before relaxing)
 .eh_frame      0x000000000002cf54      0x178 build/cooja/mtype46.o
                                        0x190 (size before relaxing)
 .eh_frame      0x000000000002d0cc       0x40 build/cooja/mtype46.a(simEnvChange.o)
                                         0x58 (size before relaxing)
 .eh_frame      0x000000000002d10c       0x60 build/cooja/mtype46.a(cooja_mt.o)
                                         0x78 (size before relaxing)
 .eh_frame      0x000000000002d16c       0x80 build/cooja/mtype46.a(cooja_mtarch.o)
                                         0x98 (size before relaxing)
 .eh_frame      0x000000000002d1ec       0xc8 build/cooja/mtype46.a(rtimer-arch.o)
                                         0xe0 (size before relaxing)
 .eh_frame      0x000000000002d2b4      0x160 build/cooja/mtype46.a(beep.o)
                                        0x178 (size before relaxing)
 .eh_frame      0x000000000002d414       0x80 build/cooja/mtype46.a(leds-arch.o)
                                         0x98 (size before relaxing)
 .eh_frame      0x000000000002d494       0x40 build/cooja/mtype46.a(moteid.o)
                                         0x58 (size before relaxing)
 .eh_frame      0x000000000002d4d4       0xa0 build/cooja/mtype46.a(pir-sensor.o)
                                         0xb8 (size before relaxing)
 .eh_frame      0x000000000002d574      0x100 build/cooja/mtype46.a(rs232.o)
                                        0x118 (size before relaxing)
 .eh_frame      0x000000000002d674       0xa0 build/cooja/mtype46.a(vib-sensor.o)
                                         0xb8 (size before relaxing)
 .eh_frame      0x000000000002d714       0xc0 build/cooja/mtype46.a(clock.o)
                                         0xd8 (size before relaxing)
 .eh_frame      0x000000000002d7d4      0x120 build/cooja/mtype46.a(cooja-log.o)
                                        0x138 (size before relaxing)
 .eh_frame      0x000000000002d8f4      0x160 build/cooja/mtype46.a(cfs-cooja.o)
                                        0x178 (size before relaxing)
 .eh_frame      0x000000000002da54      0x340 build/cooja/mtype46.a(cooja-radio.o)
                                        0x358 (size before relaxing)
 .eh_frame      0x000000000002dd94       0xa0 build/cooja/mtype46.a(eeprom.o)
                                         0xb8 (size before relaxing)
 .eh_frame      0x000000000002de34       0x40 build/cooja/mtype46.a(random.o)
                                         0x58 (size before relaxing)
 .eh_frame      0x000000000002de74       0xc0 build/cooja/mtype46.a(sensors.o)
                                         0xd8 (size before relaxing)
 .eh_frame      0x000000000002df34      0x120 build/cooja/mtype46.a(leds.o)
                                        0x138 (size before relaxing)
 .eh_frame      0x000000000002e054      0x220 build/cooja/mtype46.a(gpio-hal-arch.o)
                                        0x238 (size before relaxing)
 .eh_frame      0x000000000002e274       0xa0 build/cooja/mtype46.a(buttons.o)
                                         0xb8 (size before relaxing)
 .eh_frame      0x000000000002e314       0x98 build/cooja/mtype46.a(res_temperature)
                                         0xb0 (size before relaxing)
 .eh_frame      0x000000000002e3ac       0x44 build/cooja/mtype46.a(coap-blocking-a)
                                         0x5c (size before relaxing)
 .eh_frame      0x000000000002e3f0      0x220 build/cooja/mtype46.a(coap-engine.o)
                                        0x238 (size before relaxing)
 .eh_frame      0x000000000002e610       0x24 build/cooja/mtype46.a(coap-res-well-k)
                                         0x3c (size before relaxing)
 .eh_frame      0x000000000002e634      0x188 build/cooja/mtype46.a(coap-observe.o)
                                        0x1a0 (size before relaxing)
 .eh_frame      0x000000000002e7bc      0x250 build/cooja/mtype46.a(coap-uip.o)
                                        0x268 (size before relaxing)
 .eh_frame      0x000000000002ea0c      0x114 build/cooja/mtype46.a(coap-timer.o)
                                        0x12c (size before relaxing)
 .eh_frame      0x000000000002eb20      0x100 build/cooja/mtype46.a(coap-transactio)
                                        0x118 (size before relaxing)
 .eh_frame      0x000000000002ec20      0x6ec build/cooja/mtype46.a(coap.o)
                                        0x704 (size before relaxing)
 .eh_frame      0x000000000002f30c       0x30 build/cooja/mtype46.a(contiki-main.o)
                                         0x48 (size before relaxing)
 .eh_frame      0x000000000002f33c       0x40 build/cooja/mtype46.a(autostart.o)
                                         0x58 (size before relaxing)
 .eh_frame      0x000000000002f37c      0x100 build/cooja/mtype46.a(ctimer.o)
                                        0x118 (size before relaxing)
 .eh_frame      0x000000000002f47c      0x100 build/cooja/mtype46.a(log.o)
                                        0x118 (size before relaxing)
 .eh_frame      0x000000000002f57c       0x60 build/cooja/mtype46.a(energest.o)
                                         0x78 (size before relaxing)
 .eh_frame      0x000000000002f5dc      0x1e0 build/cooja/mtype46.a(etimer.o)
                                        0x1f8 (size before relaxing)
 .eh_frame      0x000000000002f7bc       0x20 build/cooja/mtype46.a(node-id.o)
                                         0x38 (size before relaxing)
 .eh_frame      0x000000000002f7dc       0x60 build/cooja/mtype46.a(rtimer.o)
                                         0x78 (size before relaxing)
 .eh_frame      0x000000000002f83c      0x1c4 build/cooja/mtype46.a(process.o)
                                        0x1dc (size before relaxing)
 .eh_frame      0x000000000002fa00       0xa4 build/cooja/mtype46.a(timer.o)
                                         0xbc (size before relaxing)
 .eh_frame      0x000000000002faa4      0x1a0 build/cooja/mtype46.a(list.o)
                                        0x1b8 (size before relaxing)
 .eh_frame      0x000000000002fc44       0xa0 build/cooja/mtype46.a(memb.o)
                                         0xb8 (size before relaxing)
 .eh_frame      0x000000000002fce4      0x144 build/cooja/mtype46.a(button-hal.o)
                                        0x15c (size before relaxing)
 .eh_frame      0x000000000002fe28       0x60 build/cooja/mtype46.a(serial-line.o)
                                         0x78 (size before relaxing)
 .eh_frame      0x000000000002fe88       0xe0 build/cooja/mtype46.a(gpio-hal.o)
                                         0xf8 (size before relaxing)
 .eh_frame      0x000000000002ff68      0x1a0 build/cooja/mtype46.a(queuebuf.o)
                                        0x1b8 (size before relaxing)
 .eh_frame      0x0000000000030108      0x28c build/cooja/mtype46.a(packetbuf.o)
                                        0x2a4 (size before relaxing)
 .eh_frame      0x0000000000030394       0x80 build/cooja/mtype46.a(netstack.o)
                                         0x98 (size before relaxing)
 .eh_frame      0x0000000000030414       0x60 build/cooja/mtype46.a(linkaddr.o)
                                         0x78 (size before relaxing)
 .eh_frame      0x0000000000030474       0xe0 build/cooja/mtype46.a(csma.o)
                                         0xf8 (size before relaxing)
 .eh_frame      0x0000000000030554      0x1d0 build/cooja/mtype46.a(csma-output.o)
                                        0x1e8 (size before relaxing)
 .eh_frame      0x0000000000030724      0x328 build/cooja/mtype46.a(uip-ds6.o)
                                        0x340 (size before relaxing)
 .eh_frame      0x0000000000030a4c       0x40 build/cooja/mtype46.a(uip-udp-packet.)
                                         0x58 (size before relaxing)
 .eh_frame      0x0000000000030a8c      0x220 build/cooja/mtype46.a(uip-ds6-route.o)
                                        0x238 (size before relaxing)
 .eh_frame      0x0000000000030cac      0x244 build/cooja/mtype46.a(tcpip.o)
                                        0x25c (size before relaxing)
 .eh_frame      0x0000000000030ef0      0x1e8 build/cooja/mtype46.a(uip6.o)
                                        0x200 (size before relaxing)
 .eh_frame      0x00000000000310d8      0x1c0 build/cooja/mtype46.a(uip-ds6-nbr.o)
                                        0x1d8 (size before relaxing)
 .eh_frame      0x0000000000031298       0x84 build/cooja/mtype46.a(uip-nd6.o)
                                         0x9c (size before relaxing)
 .eh_frame      0x000000000003131c       0xd4 build/cooja/mtype46.a(simple-udp.o)
                                         0xec (size before relaxing)
 .eh_frame      0x00000000000313f0      0x2f8 build/cooja/mtype46.a(sicslowpan.o)
                                        0x310 (size before relaxing)
 .eh_frame      0x00000000000316e8       0x88 build/cooja/mtype46.a(uiplib.o)
                                         0xa0 (size before relaxing)
 .eh_frame      0x0000000000031770      0x1e0 build/cooja/mtype46.a(rpl.o)
                                        0x1f8 (size before relaxing)
 .eh_frame      0x0000000000031950      0x1c4 build/cooja/mtype46.a(rpl-icmp6.o)
                                        0x1dc (size before relaxing)
 .eh_frame      0x0000000000031b14       0xa0 build/cooja/mtype46.a(rpl-dag-root.o)
                                         0xb8 (size before relaxing)
 .eh_frame      0x0000000000031bb4       0xa0 build/cooja/mtype46.a(watchdog.o)
                                         0xb8 (size before relaxing)
 .eh_frame      0x0000000000031c54       0x80 build/cooja/mtype46.a(int-master.o)
                                         0x98 (size before relaxing)
 .eh_frame      0x0000000000031cd4       0xa4 build/cooja/mtype46.a(coap-timer-defa)
                                         0xbc (size before relaxing)
 .eh_frame      0x0000000000031d78       0xc4 build/cooja/mtype46.a(stimer.o)
                                         0xdc (size before relaxing)
 .eh_frame      0x0000000000031e3c       0xa0 build/cooja/mtype46.a(ringbuf.o)
                                         0xb8 (size before relaxing)
 .eh_frame      0x0000000000031edc       0x20 build/cooja/mtype46.a(assert.o)
                                         0x38 (size before relaxing)
 .eh_frame      0x0000000000031efc      0x2ac build/cooja/mtype46.a(nbr-table.o)
                                        0x2c4 (size before relaxing)
 .eh_frame      0x00000000000321a8      0x120 build/cooja/mtype46.a(link-stats.o)
                                        0x138 (size before relaxing)
 .eh_frame      0x00000000000322c8       0x48 build/cooja/mtype46.a(mac-sequence.o)
                                         0x60 (size before relaxing)
 .eh_frame      0x0000000000032310       0x20 build/cooja/mtype46.a(mac.o)
                                         0x38 (size before relaxing)
 .eh_frame      0x0000000000032330       0xa4 build/cooja/mtype46.a(framer-802154.o)
                                         0xbc (size before relaxing)
 .eh_frame      0x00000000000323d4      0x1a4 build/cooja/mtype46.a(frame802154.o)
                                        0x1bc (size before relaxing)
 .eh_frame      0x0000000000032578       0x40 build/cooja/mtype46.a(csma-security.o)
                                         0x58 (size before relaxing)
 .eh_frame      0x00000000000325b8      0x200 build/cooja/mtype46.a(uipbuf.o)
                                        0x218 (size before relaxing)
 .eh_frame      0x00000000000327b8      0x150 build/cooja/mtype46.a(uip-icmp6.o)
                                        0x168 (size before relaxing)
 .eh_frame      0x0000000000032908      0x184 build/cooja/mtype46.a(uip-sr.o)
                                        0x19c (size before relaxing)
 .eh_frame      0x0000000000032a8c       0xe0 build/cooja/mtype46.a(uip-packetqueue)
                                         0xf8 (size before relaxing)
 .eh_frame      0x0000000000032b6c       0x80 build/cooja/mtype46.a(rpl-nbr-policy.)
                                         0x98 (size before relaxing)
 .eh_frame      0x0000000000032bec      0x2d4 build/cooja/mtype46.a(rpl-neighbor.o)
                                        0x2ec (size before relaxing)
 .eh_frame      0x0000000000032ec0      0x370 build/cooja/mtype46.a(rpl-dag.o)
                                        0x388 (size before relaxing)
 .eh_frame      0x0000000000033230      0x3a8 build/cooja/mtype46.a(rpl-timers.o)
                                        0x3c0 (size before relaxing)
 .eh_frame      0x00000000000335d8      0x124 build/cooja/mtype46.a(rpl-ext-header.)
                                        0x13c (size before relaxing)
 .eh_frame      0x00000000000336fc      0x148 build/cooja/mtype46.a(rpl-mrhof.o)
                                        0x160 (size before relaxing)
 .eh_frame      0x0000000000033844       0x84 /usr/lib/gcc/i686-linux-gnu/5/libgcc.a(_udivdi3.o)
                                         0x9c (size before relaxing)
 .eh_frame      0x00000000000338c8        0x4 /usr/lib/gcc/i686-linux-gnu/5/crtendS.o
 *(.eh_frame.*)

.gcc_except_table
 *(.gcc_except_table .gcc_except_table.*)

.gnu_extab
 *(.gnu_extab*)

.exception_ranges
 *(.exception_ranges .exception_ranges*)
                0x0000000000034f10                . = DATA_SEGMENT_ALIGN (0x1000, 0x1000)

.eh_frame
 *(.eh_frame)
 *(.eh_frame.*)

.gnu_extab
 *(.gnu_extab)

.gcc_except_table
 *(.gcc_except_table .gcc_except_table.*)

.exception_ranges
 *(.exception_ranges .exception_ranges*)

.tdata
 *(.tdata .tdata.* .gnu.linkonce.td.*)

.tbss
 *(.tbss .tbss.* .gnu.linkonce.tb.*)
 *(.tcommon)

.preinit_array
 *(.preinit_array)

.init_array     0x0000000000034f10        0x4
 *(SORT(.init_array.*) SORT(.ctors.*))
 *(.init_array EXCLUDE_FILE(*crtend?.o *crtend.o *crtbegin?.o *crtbegin.o) .ctors)
 .init_array    0x0000000000034f10        0x4 /usr/lib/gcc/i686-linux-gnu/5/crtbeginS.o

.fini_array     0x0000000000034f14        0x4
 *(SORT(.fini_array.*) SORT(.dtors.*))
 *(.fini_array EXCLUDE_FILE(*crtend?.o *crtend.o *crtbegin?.o *crtbegin.o) .dtors)
 .fini_array    0x0000000000034f14        0x4 /usr/lib/gcc/i686-linux-gnu/5/crtbeginS.o

.ctors
 *crtbegin.o(.ctors)
 *crtbegin?.o(.ctors)
 *(EXCLUDE_FILE(*crtend?.o *crtend.o) .ctors)
 *(SORT(.ctors.*))
 *(.ctors)

.dtors
 *crtbegin.o(.dtors)
 *crtbegin?.o(.dtors)
 *(EXCLUDE_FILE(*crtend?.o *crtend.o) .dtors)
 *(SORT(.dtors.*))
 *(.dtors)

.jcr            0x0000000000034f18        0x4
 *(.jcr)
 .jcr           0x0000000000034f18        0x0 /usr/lib/gcc/i686-linux-gnu/5/crtbeginS.o
 .jcr           0x0000000000034f18        0x4 /usr/lib/gcc/i686-linux-gnu/5/crtendS.o

.data.rel.ro
 *(.data.rel.ro.local* .gnu.linkonce.d.rel.ro.local.*)
 *(.data.rel.ro .data.rel.ro.* .gnu.linkonce.d.rel.ro.*)

.dynamic        0x0000000000034f1c       0xd0
 *(.dynamic)
 .dynamic       0x0000000000034f1c       0xd0 /usr/lib/gcc/i686-linux-gnu/5/../../../i386-linux-gnu/crti.o
                0x0000000000034f1c                _DYNAMIC

.got            0x0000000000034fec       0x14
 *(.got)
 .got           0x0000000000034fec       0x14 /usr/lib/gcc/i686-linux-gnu/5/../../../i386-linux-gnu/crti.o
 *(.igot)
                0x0000000000035ff4                . = DATA_SEGMENT_RELRO_END (., (SIZEOF (.got.plt) >= 0xc)?0xc:0x0)

.got.plt        0x0000000000035000        0xc
 *(.got.plt)
 .got.plt       0x0000000000035000        0xc /usr/lib/gcc/i686-linux-gnu/5/../../../i386-linux-gnu/crti.o
                0x0000000000035000                _GLOBAL_OFFSET_TABLE_
 *(.igot.plt)

.data           0x0000000000035020      0x484
 *(.data .data.* .gnu.linkonce.d.*)
 .data          0x0000000000035020        0x0 /usr/lib/gcc/i686-linux-gnu/5/../../../i386-linux-gnu/crti.o
 .data          0x0000000000035020        0x0 /usr/lib/gcc/i686-linux-gnu/5/crtbeginS.o
 .data.rel.local
                0x0000000000035020        0x4 /usr/lib/gcc/i686-linux-gnu/5/crtbeginS.o
                0x0000000000035020                __dso_handle
 .data          0x0000000000035024       0x30 temperature.o
                0x0000000000035024                udp_client
                0x0000000000035034                coap_client
                0x0000000000035044                coap_server
 *fill*         0x0000000000035054        0xc 
 .data          0x0000000000035060       0x44 build/cooja/mtype46.o
                0x0000000000035060                simInterfaces
                0x0000000000035094                sensors
 .data          0x00000000000350a4        0x0 build/cooja/mtype46.a(simEnvChange.o)
 .data          0x00000000000350a4        0x0 build/cooja/mtype46.a(cooja_mt.o)
 .data          0x00000000000350a4        0x0 build/cooja/mtype46.a(cooja_mtarch.o)
 .data          0x00000000000350a4        0x0 build/cooja/mtype46.a(rtimer-arch.o)
 .data          0x00000000000350a4        0x0 build/cooja/mtype46.a(beep.o)
 .data          0x00000000000350a4        0x0 build/cooja/mtype46.a(leds-arch.o)
 .data          0x00000000000350a4        0x0 build/cooja/mtype46.a(moteid.o)
 .data          0x00000000000350a4        0x0 build/cooja/mtype46.a(pir-sensor.o)
 .data          0x00000000000350a4        0x0 build/cooja/mtype46.a(rs232.o)
 .data          0x00000000000350a4        0x0 build/cooja/mtype46.a(vib-sensor.o)
 .data          0x00000000000350a4        0x0 build/cooja/mtype46.a(clock.o)
 .data          0x00000000000350a4        0x0 build/cooja/mtype46.a(cooja-log.o)
 .data          0x00000000000350a4        0x0 build/cooja/mtype46.a(cfs-cooja.o)
 .data          0x00000000000350a4       0x2c build/cooja/mtype46.a(cooja-radio.o)
                0x00000000000350a4                simRadioHWOn
                0x00000000000350a8                simSignalStrength
                0x00000000000350ac                simLastSignalStrength
                0x00000000000350b0                simPower
                0x00000000000350b4                simRadioChannel
                0x00000000000350b8                simLQI
                0x00000000000350c0                cooja_radio_process
 .data          0x00000000000350d0        0x0 build/cooja/mtype46.a(eeprom.o)
 .data          0x00000000000350d0        0x0 build/cooja/mtype46.a(random.o)
 .data          0x00000000000350d0       0x10 build/cooja/mtype46.a(sensors.o)
                0x00000000000350d0                sensors_process
 .data          0x00000000000350e0        0x0 build/cooja/mtype46.a(leds.o)
 .data          0x00000000000350e0        0x0 build/cooja/mtype46.a(gpio-hal-arch.o)
 .data          0x00000000000350e0       0x78 build/cooja/mtype46.a(buttons.o)
                0x00000000000350e0                simButtonIsActive
                0x0000000000035150                button_hal_buttons
 *fill*         0x0000000000035158        0x8 
 .data          0x0000000000035160       0x44 build/cooja/mtype46.a(res_temperature)
                0x0000000000035180                res_temperature
 .data          0x00000000000351a4        0x0 build/cooja/mtype46.a(coap-blocking-a)
 .data          0x00000000000351a4        0x8 build/cooja/mtype46.a(coap-engine.o)
 *fill*         0x00000000000351ac       0x14 
 .data          0x00000000000351c0       0x24 build/cooja/mtype46.a(coap-res-well-k)
                0x00000000000351c0                res_well_known_core
 .data          0x00000000000351e4       0x10 build/cooja/mtype46.a(coap-observe.o)
 .data          0x00000000000351f4       0x10 build/cooja/mtype46.a(coap-uip.o)
                0x00000000000351f4                coap_engine
 .data          0x0000000000035204        0x4 build/cooja/mtype46.a(coap-timer.o)
 .data          0x0000000000035208       0x10 build/cooja/mtype46.a(coap-transactio)
 .data          0x0000000000035218        0x4 build/cooja/mtype46.a(coap.o)
                0x0000000000035218                coap_error_message
 .data          0x000000000003521c        0x0 build/cooja/mtype46.a(contiki-main.o)
 .data          0x000000000003521c        0x0 build/cooja/mtype46.a(autostart.o)
 .data          0x000000000003521c       0x14 build/cooja/mtype46.a(ctimer.o)
                0x0000000000035220                ctimer_process
 *fill*         0x0000000000035230       0x10 
 .data          0x0000000000035240       0xbc build/cooja/mtype46.a(log.o)
                0x0000000000035240                curr_log_level_main
                0x0000000000035260                all_modules
 .data          0x00000000000352fc        0x0 build/cooja/mtype46.a(energest.o)
 .data          0x00000000000352fc       0x10 build/cooja/mtype46.a(etimer.o)
                0x00000000000352fc                etimer_process
 .data          0x000000000003530c        0x0 build/cooja/mtype46.a(node-id.o)
 .data          0x000000000003530c        0x0 build/cooja/mtype46.a(rtimer.o)
 .data          0x000000000003530c        0x0 build/cooja/mtype46.a(process.o)
 .data          0x000000000003530c        0x0 build/cooja/mtype46.a(timer.o)
 .data          0x000000000003530c        0x0 build/cooja/mtype46.a(list.o)
 .data          0x000000000003530c        0x0 build/cooja/mtype46.a(memb.o)
 .data          0x000000000003530c       0x10 build/cooja/mtype46.a(button-hal.o)
                0x000000000003530c                button_hal_process
 .data          0x000000000003531c       0x10 build/cooja/mtype46.a(serial-line.o)
                0x000000000003531c                serial_line_process
 .data          0x000000000003532c        0x4 build/cooja/mtype46.a(gpio-hal.o)
 .data          0x0000000000035330       0x18 build/cooja/mtype46.a(queuebuf.o)
 .data          0x0000000000035348        0x4 build/cooja/mtype46.a(packetbuf.o)
 .data          0x000000000003534c        0x4 build/cooja/mtype46.a(netstack.o)
 .data          0x0000000000035350        0x0 build/cooja/mtype46.a(linkaddr.o)
 .data          0x0000000000035350        0x0 build/cooja/mtype46.a(csma.o)
 .data          0x0000000000035350       0x28 build/cooja/mtype46.a(csma-output.o)
 .data          0x0000000000035378        0x0 build/cooja/mtype46.a(uip-ds6.o)
 .data          0x0000000000035378        0x0 build/cooja/mtype46.a(uip-udp-packet.)
 .data          0x0000000000035378       0x10 build/cooja/mtype46.a(uip-ds6-route.o)
 .data          0x0000000000035388       0x10 build/cooja/mtype46.a(tcpip.o)
                0x0000000000035388                tcpip_process
 .data          0x0000000000035398        0x0 build/cooja/mtype46.a(uip6.o)
 .data          0x0000000000035398       0x14 build/cooja/mtype46.a(uip-ds6-nbr.o)
 .data          0x00000000000353ac        0xc build/cooja/mtype46.a(uip-nd6.o)
 .data          0x00000000000353b8       0x10 build/cooja/mtype46.a(simple-udp.o)
                0x00000000000353b8                simple_udp_process
 .data          0x00000000000353c8        0x0 build/cooja/mtype46.a(sicslowpan.o)
 .data          0x00000000000353c8        0x0 build/cooja/mtype46.a(uiplib.o)
 .data          0x00000000000353c8        0x0 build/cooja/mtype46.a(rpl.o)
 .data          0x00000000000353c8       0x30 build/cooja/mtype46.a(rpl-icmp6.o)
 .data          0x00000000000353f8        0x0 build/cooja/mtype46.a(rpl-dag-root.o)
 .data          0x00000000000353f8        0x0 build/cooja/mtype46.a(watchdog.o)
 .data          0x00000000000353f8        0x0 build/cooja/mtype46.a(int-master.o)
 .data          0x00000000000353f8       0x10 build/cooja/mtype46.a(coap-timer-defa)
                0x00000000000353f8                coap_timer_process
 .data          0x0000000000035408        0x0 build/cooja/mtype46.a(stimer.o)
 .data          0x0000000000035408        0x0 build/cooja/mtype46.a(ringbuf.o)
 .data          0x0000000000035408        0x0 build/cooja/mtype46.a(assert.o)
 .data          0x0000000000035408       0x10 build/cooja/mtype46.a(nbr-table.o)
 .data          0x0000000000035418       0x14 build/cooja/mtype46.a(link-stats.o)
 .data          0x000000000003542c        0x0 build/cooja/mtype46.a(mac-sequence.o)
 .data          0x000000000003542c        0x0 build/cooja/mtype46.a(mac.o)
 .data          0x000000000003542c        0x0 build/cooja/mtype46.a(framer-802154.o)
 .data          0x000000000003542c        0x2 build/cooja/mtype46.a(frame802154.o)
 .data          0x000000000003542e        0x0 build/cooja/mtype46.a(csma-security.o)
 .data          0x000000000003542e        0x0 build/cooja/mtype46.a(uipbuf.o)
 *fill*         0x000000000003542e        0x2 
 .data          0x0000000000035430       0x20 build/cooja/mtype46.a(uip-icmp6.o)
 .data          0x0000000000035450       0x10 build/cooja/mtype46.a(uip-sr.o)
 .data          0x0000000000035460        0xc build/cooja/mtype46.a(uip-packetqueue)
 .data          0x000000000003546c        0x0 build/cooja/mtype46.a(rpl-nbr-policy.)
 .data          0x000000000003546c       0x14 build/cooja/mtype46.a(rpl-neighbor.o)
                0x000000000003547c                rpl_neighbors
 .data          0x0000000000035480        0x0 build/cooja/mtype46.a(rpl-dag.o)
 .data          0x0000000000035480        0x0 build/cooja/mtype46.a(rpl-timers.o)
 .data          0x0000000000035480        0x0 build/cooja/mtype46.a(rpl-ext-header.)
 .data          0x0000000000035480       0x24 build/cooja/mtype46.a(rpl-mrhof.o)
                0x0000000000035480                rpl_mrhof
 .data          0x00000000000354a4        0x0 /usr/lib/gcc/i686-linux-gnu/5/libgcc.a(_udivdi3.o)
 .data          0x00000000000354a4        0x0 /usr/lib/gcc/i686-linux-gnu/5/crtendS.o
 .data          0x00000000000354a4        0x0 /usr/lib/gcc/i686-linux-gnu/5/../../../i386-linux-gnu/crtn.o

.tm_clone_table
                0x00000000000354a4        0x0
 .tm_clone_table
                0x00000000000354a4        0x0 /usr/lib/gcc/i686-linux-gnu/5/crtbeginS.o
 .tm_clone_table
                0x00000000000354a4        0x0 /usr/lib/gcc/i686-linux-gnu/5/crtendS.o

.data1
 *(.data1)
                0x00000000000354a4                _edata = .
                [!provide]                        PROVIDE (edata, .)
                0x00000000000354a4                . = .
                0x00000000000354a4                __bss_start = .

.bss            0x00000000000354c0    0x146e4
 *(.dynbss)
 .dynbss        0x00000000000354c0        0x0 /usr/lib/gcc/i686-linux-gnu/5/../../../i386-linux-gnu/crti.o
 *(.bss .bss.* .gnu.linkonce.b.*)
 .bss           0x00000000000354c0        0x0 /usr/lib/gcc/i686-linux-gnu/5/../../../i386-linux-gnu/crti.o
 .bss           0x00000000000354c0        0x1 /usr/lib/gcc/i686-linux-gnu/5/crtbeginS.o
 *fill*         0x00000000000354c1       0x1f 
 .bss           0x00000000000354e0      0x28c temperature.o
                0x00000000000354e0                rpl_add
                0x00000000000354e1                registered
 *fill*         0x000000000003576c       0x14 
 .bss           0x0000000000035780     0x2030 build/cooja/mtype46.o
 .bss           0x00000000000377b0        0x1 build/cooja/mtype46.a(simEnvChange.o)
                0x00000000000377b0                simDontFallAsleep
 *fill*         0x00000000000377b1        0x3 
 .bss           0x00000000000377b4        0x4 build/cooja/mtype46.a(cooja_mt.o)
 .bss           0x00000000000377b8        0x4 build/cooja/mtype46.a(cooja_mtarch.o)
 .bss           0x00000000000377bc        0x0 build/cooja/mtype46.a(rtimer-arch.o)
 .bss           0x00000000000377bc        0x0 build/cooja/mtype46.a(beep.o)
 .bss           0x00000000000377bc        0x1 build/cooja/mtype46.a(leds-arch.o)
                0x00000000000377bc                simLedsValue
 .bss           0x00000000000377bd        0x0 build/cooja/mtype46.a(moteid.o)
 .bss           0x00000000000377bd        0x1 build/cooja/mtype46.a(pir-sensor.o)
                0x00000000000377bd                simPirValue
 *fill*         0x00000000000377be        0x2 
 .bss           0x00000000000377c0        0x4 build/cooja/mtype46.a(rs232.o)
 .bss           0x00000000000377c4        0x1 build/cooja/mtype46.a(vib-sensor.o)
                0x00000000000377c4                simVibValue
 .bss           0x00000000000377c5        0x0 build/cooja/mtype46.a(clock.o)
 *fill*         0x00000000000377c5       0x1b 
 .bss           0x00000000000377e0     0x2020 build/cooja/mtype46.a(cooja-log.o)
 .bss           0x0000000000039800      0xfc0 build/cooja/mtype46.a(cfs-cooja.o)
                0x0000000000039800                simCFSData
                0x000000000003a7a0                simCFSSize
                0x000000000003a7a4                simCFSChanged
                0x000000000003a7a8                simCFSRead
                0x000000000003a7ac                simCFSWritten
 .bss           0x000000000003a7c0       0x24 build/cooja/mtype46.a(cooja-radio.o)
                0x000000000003a7c0                simReceiving
                0x000000000003a7c4                simInSize
                0x000000000003a7c8                simLastPacketTimestamp
                0x000000000003a7d0                simOutSize
 .bss           0x000000000003a7e4        0xc build/cooja/mtype46.a(eeprom.o)
                0x000000000003a7e4                simEEPROMChanged
                0x000000000003a7e8                simEEPROMRead
                0x000000000003a7ec                simEEPROMWritten
 .bss           0x000000000003a7f0        0x0 build/cooja/mtype46.a(random.o)
 .bss           0x000000000003a7f0        0xc build/cooja/mtype46.a(sensors.o)
 .bss           0x000000000003a7fc        0x0 build/cooja/mtype46.a(leds.o)
 .bss           0x000000000003a7fc       0x24 build/cooja/mtype46.a(gpio-hal-arch.o)
 .bss           0x000000000003a820        0x0 build/cooja/mtype46.a(buttons.o)
 .bss           0x000000000003a820        0x8 build/cooja/mtype46.a(res_temperature)
                0x000000000003a820                name_assigned
                0x000000000003a821                actuator_ip_assigned
 .bss           0x000000000003a828        0x0 build/cooja/mtype46.a(coap-blocking-a)
 *fill*         0x000000000003a828       0x18 
 .bss           0x000000000003a840      0x190 build/cooja/mtype46.a(coap-engine.o)
 .bss           0x000000000003a9d0        0x0 build/cooja/mtype46.a(coap-res-well-k)
 *fill*         0x000000000003a9d0       0x10 
 .bss           0x000000000003a9e0      0x120 build/cooja/mtype46.a(coap-observe.o)
 .bss           0x000000000003ab00       0x18 build/cooja/mtype46.a(coap-uip.o)
 .bss           0x000000000003ab18        0x5 build/cooja/mtype46.a(coap-timer.o)
 *fill*         0x000000000003ab1d        0x3 
 .bss           0x000000000003ab20      0x334 build/cooja/mtype46.a(coap-transactio)
 .bss           0x000000000003ae54        0x6 build/cooja/mtype46.a(coap.o)
                0x000000000003ae54                coap_status_code
 .bss           0x000000000003ae5a        0x0 build/cooja/mtype46.a(contiki-main.o)
 .bss           0x000000000003ae5a        0x0 build/cooja/mtype46.a(autostart.o)
 *fill*         0x000000000003ae5a        0x2 
 .bss           0x000000000003ae5c        0x5 build/cooja/mtype46.a(ctimer.o)
 *fill*         0x000000000003ae61        0x3 
 .bss           0x000000000003ae64       0x2c build/cooja/mtype46.a(log.o)
                0x000000000003ae64                curr_log_level_rpl
                0x000000000003ae68                curr_log_level_tcpip
                0x000000000003ae6c                curr_log_level_ipv6
                0x000000000003ae70                curr_log_level_6lowpan
                0x000000000003ae74                curr_log_level_nullnet
                0x000000000003ae78                curr_log_level_mac
                0x000000000003ae7c                curr_log_level_framer
                0x000000000003ae80                curr_log_level_6top
                0x000000000003ae84                curr_log_level_coap
                0x000000000003ae88                curr_log_level_snmp
                0x000000000003ae8c                curr_log_level_lwm2m
 .bss           0x000000000003ae90        0x0 build/cooja/mtype46.a(energest.o)
 .bss           0x000000000003ae90        0x8 build/cooja/mtype46.a(etimer.o)
 .bss           0x000000000003ae98        0x2 build/cooja/mtype46.a(node-id.o)
                0x000000000003ae98                node_id
 *fill*         0x000000000003ae9a        0x2 
 .bss           0x000000000003ae9c        0x4 build/cooja/mtype46.a(rtimer.o)
 .bss           0x000000000003aea0      0x1a1 build/cooja/mtype46.a(process.o)
                0x000000000003aea0                process_list
                0x000000000003aea4                process_current
 .bss           0x000000000003b041        0x0 build/cooja/mtype46.a(timer.o)
 .bss           0x000000000003b041        0x0 build/cooja/mtype46.a(list.o)
 .bss           0x000000000003b041        0x0 build/cooja/mtype46.a(memb.o)
 *fill*         0x000000000003b041        0x3 
 .bss           0x000000000003b044       0x10 build/cooja/mtype46.a(button-hal.o)
 *fill*         0x000000000003b054        0xc 
 .bss           0x000000000003b060      0x140 build/cooja/mtype46.a(serial-line.o)
 .bss           0x000000000003b1a0        0x4 build/cooja/mtype46.a(gpio-hal.o)
 *fill*         0x000000000003b1a4       0x1c 
 .bss           0x000000000003b1c0     0x2c80 build/cooja/mtype46.a(queuebuf.o)
 .bss           0x000000000003de40       0xa0 build/cooja/mtype46.a(packetbuf.o)
 .bss           0x000000000003dee0        0x4 build/cooja/mtype46.a(netstack.o)
 .bss           0x000000000003dee4        0x0 build/cooja/mtype46.a(linkaddr.o)
 .bss           0x000000000003dee4        0x0 build/cooja/mtype46.a(csma.o)
 *fill*         0x000000000003dee4       0x1c 
 .bss           0x000000000003df00      0x726 build/cooja/mtype46.a(csma-output.o)
 *fill*         0x000000000003e626        0x2 
 .bss           0x000000000003e628       0x30 build/cooja/mtype46.a(uip-ds6.o)
 .bss           0x000000000003e658        0x0 build/cooja/mtype46.a(uip-udp-packet.)
 *fill*         0x000000000003e658        0x8 
 .bss           0x000000000003e660       0x60 build/cooja/mtype46.a(uip-ds6-route.o)
 .bss           0x000000000003e6c0       0x10 build/cooja/mtype46.a(tcpip.o)
 .bss           0x000000000003e6d0        0x8 build/cooja/mtype46.a(uip6.o)
                0x000000000003e6d0                uip_ext_bitmap
                0x000000000003e6d2                uip_ext_len
                0x000000000003e6d4                uip_last_proto
 *fill*         0x000000000003e6d8        0x8 