Archive member included to satisfy reference by file (symbol)

build/cooja/mtype937.a(simEnvChange.o)
                              build/cooja/mtype937.o (simDontFallAsleep)
build/cooja/mtype937.a(cooja_mt.o)
                              build/cooja/mtype937.o (cooja_mt_start)
build/cooja/mtype937.a(cooja_mtarch.o)
                              build/cooja/mtype937.a(cooja_mt.o) (cooja_mtarch_start)
build/cooja/mtype937.a(rtimer-arch.o)
                              build/cooja/mtype937.o (rtimer_arch_check)
build/cooja/mtype937.a(beep.o)
                              build/cooja/mtype937.o (beep_interface)
build/cooja/mtype937.a(leds-arch.o)
                              build/cooja/mtype937.o (leds_interface)
build/cooja/mtype937.a(moteid.o)
                              build/cooja/mtype937.o (moteid_interface)
build/cooja/mtype937.a(pir-sensor.o)
                              build/cooja/mtype937.o (pir_interface)
build/cooja/mtype937.a(rs232.o)
                              build/cooja/mtype937.o (rs232_interface)
build/cooja/mtype937.a(vib-sensor.o)
                              build/cooja/mtype937.o (vib_interface)
build/cooja/mtype937.a(clock.o)
                              build/cooja/mtype937.o (clock_interface)
build/cooja/mtype937.a(cooja-log.o)
                              build/cooja/mtype937.o (simlog_interface)
build/cooja/mtype937.a(cfs-cooja.o)
                              build/cooja/mtype937.o (cfs_interface)
build/cooja/mtype937.a(cooja-radio.o)
                              build/cooja/mtype937.o (radio_interface)
build/cooja/mtype937.a(eeprom.o)
                              build/cooja/mtype937.o (eeprom_interface)
build/cooja/mtype937.a(random.o)
                              build/cooja/mtype937.a(moteid.o) (random_init)
build/cooja/mtype937.a(sensors.o)
                              build/cooja/mtype937.a(pir-sensor.o) (sensors_changed)
build/cooja/mtype937.a(leds.o)
                              build/cooja/mtype937.a(leds-arch.o) (leds_get)
build/cooja/mtype937.a(gpio-hal-arch.o)
                              build/cooja/mtype937.a(leds-arch.o) (gpio_hal_arch_register_pin_callback)
build/cooja/mtype937.a(buttons.o)
                              build/cooja/mtype937.o (button_interface)
build/cooja/mtype937.a(res_temperature)
                              client.o (res_temperature)
build/cooja/mtype937.a(coap-blocking-a)
                              client.o (coap_blocking_request)
build/cooja/mtype937.a(coap-engine.o)
                              client.o (coap_activate_resource)
build/cooja/mtype937.a(coap-res-well-k)
                              build/cooja/mtype937.a(coap-engine.o) (res_well_known_core)
build/cooja/mtype937.a(coap-observe.o)
                              build/cooja/mtype937.a(coap-engine.o) (coap_remove_observer_by_mid)
build/cooja/mtype937.a(coap-uip.o)
                              build/cooja/mtype937.a(coap-observe.o) (coap_endpoint_copy)
build/cooja/mtype937.a(coap-timer.o)
                              build/cooja/mtype937.a(coap-engine.o) (coap_timer_set)
build/cooja/mtype937.a(coap-transactio)
                              build/cooja/mtype937.a(coap-blocking-a) (coap_send_transaction)
build/cooja/mtype937.a(coap.o)
                              build/cooja/mtype937.a(coap-engine.o) (coap_status_code)
build/cooja/mtype937.a(contiki-main.o)
                              build/cooja/mtype937.o (main)
build/cooja/mtype937.a(autostart.o)
                              build/cooja/mtype937.a(contiki-main.o) (autostart_start)
build/cooja/mtype937.a(ctimer.o)
                              build/cooja/mtype937.a(contiki-main.o) (ctimer_init)
build/cooja/mtype937.a(log.o)
                              build/cooja/mtype937.a(contiki-main.o) (curr_log_level_main)
build/cooja/mtype937.a(energest.o)
                              build/cooja/mtype937.a(contiki-main.o) (energest_init)
build/cooja/mtype937.a(etimer.o)
                              build/cooja/mtype937.a(contiki-main.o) (etimer_process)
build/cooja/mtype937.a(node-id.o)
                              client.o (node_id)
build/cooja/mtype937.a(rtimer.o)
                              build/cooja/mtype937.a(contiki-main.o) (rtimer_init)
build/cooja/mtype937.a(process.o)
                              build/cooja/mtype937.a(coap-blocking-a) (process_current)
build/cooja/mtype937.a(timer.o)
                              build/cooja/mtype937.a(etimer.o) (timer_set)
build/cooja/mtype937.a(list.o)
                              build/cooja/mtype937.a(coap-engine.o) (list_init)
build/cooja/mtype937.a(memb.o)
                              build/cooja/mtype937.a(coap-observe.o) (memb_alloc)
build/cooja/mtype937.a(button-hal.o)
                              build/cooja/mtype937.o (button_hal_init)
build/cooja/mtype937.a(serial-line.o)
                              build/cooja/mtype937.a(rs232.o) (serial_line_input_byte)
build/cooja/mtype937.a(gpio-hal.o)
[...]
Memory Configuration

Name             Origin             Length             Attributes
*default*        0x0000000000000000 0xffffffffffffffff

Linker script and memory map

LOAD /usr/lib/gcc/i686-linux-gnu/5/../../../i386-linux-gnu/crti.o
LOAD /usr/lib/gcc/i686-linux-gnu/5/crtbeginS.o
LOAD client.o
LOAD build/cooja/mtype937.o
LOAD build/cooja/mtype937.a
LOAD /usr/lib/gcc/i686-linux-gnu/5/libgcc.a
LOAD /usr/lib/gcc/i686-linux-gnu/5/libgcc_s.so
LOAD /usr/lib/gcc/i686-linux-gnu/5/../../../i386-linux-gnu/libc.so
START GROUP
LOAD /lib/i386-linux-gnu/libc.so.6
LOAD /usr/lib/i386-linux-gnu/libc_nonshared.a
LOAD /lib/i386-linux-gnu/ld-linux.so.2
END GROUP
LOAD /usr/lib/gcc/i686-linux-gnu/5/libgcc.a
LOAD /usr/lib/gcc/i686-linux-gnu/5/libgcc_s.so
LOAD /usr/lib/gcc/i686-linux-gnu/5/crtendS.o
LOAD /usr/lib/gcc/i686-linux-gnu/5/../../../i386-linux-gnu/crtn.o
                0x0000000000000114                . = (0x0 + SIZEOF_HEADERS)

.note.gnu.build-id
                0x0000000000000114       0x24
 *(.note.gnu.build-id)
 .note.gnu.build-id
                0x0000000000000114       0x24 /usr/lib/gcc/i686-linux-gnu/5/../../../i386-linux-gnu/crti.o

.hash
 *(.hash)

.gnu.hash       0x0000000000000138     0x15b0
 *(.gnu.hash)
 .gnu.hash      0x0000000000000138     0x15b0 /usr/lib/gcc/i686-linux-gnu/5/../../../i386-linux-gnu/crti.o

.dynsym         0x00000000000016e8     0x2f70
 *(.dynsym)
 .dynsym        0x00000000000016e8     0x2f70 /usr/lib/gcc/i686-linux-gnu/5/../../../i386-linux-gnu/crti.o

.dynstr         0x0000000000004658     0x371c
 *(.dynstr)
 .dynstr        0x0000000000004658     0x371c /usr/lib/gcc/i686-linux-gnu/5/../../../i386-linux-gnu/crti.o

.gnu.version    0x0000000000007d74      0x5ee
 *(.gnu.version)
 .gnu.version   0x0000000000007d74      0x5ee /usr/lib/gcc/i686-linux-gnu/5/../../../i386-linux-gnu/crti.o

.gnu.version_d  0x0000000000008364        0x0
 *(.gnu.version_d)
 .gnu.version_d
                0x0000000000008364        0x0 /usr/lib/gcc/i686-linux-gnu/5/../../../i386-linux-gnu/crti.o

.gnu.version_r  0x0000000000008364       0x40
 *(.gnu.version_r)
 .gnu.version_r
                0x0000000000008364       0x40 /usr/lib/gcc/i686-linux-gnu/5/../../../i386-linux-gnu/crti.o

.rel.dyn        0x00000000000083a4     0x9378
 *(.rel.init)
 .rel.init      0x00000000000083a4        0x0 /usr/lib/gcc/i686-linux-gnu/5/../../../i386-linux-gnu/crti.o
 *(.rel.text .rel.text.* .rel.gnu.linkonce.t.*)
 .rel.text      0x00000000000083a4     0x8978 /usr/lib/gcc/i686-linux-gnu/5/../../../i386-linux-gnu/crti.o
 *(.rel.fini)
 .rel.fini      0x0000000000010d1c        0x0 /usr/lib/gcc/i686-linux-gnu/5/../../../i386-linux-gnu/crti.o
 *(.rel.rodata .rel.rodata.* .rel.gnu.linkonce.r.*)
 .rel.rodata    0x0000000000010d1c      0x598 /usr/lib/gcc/i686-linux-gnu/5/../../../i386-linux-gnu/crti.o
 *(.rel.data.rel.ro .rel.data.rel.ro.* .rel.gnu.linkonce.d.rel.ro.*)
 *(.rel.data .rel.data.* .rel.gnu.linkonce.d.*)
 .rel.data.rel.local
                0x00000000000112b4        0x8 /usr/lib/gcc/i686-linux-gnu/5/../../../i386-linux-gnu/crti.o
 .rel.data      0x00000000000112bc      0x428 /usr/lib/gcc/i686-linux-gnu/5/../../../i386-linux-gnu/crti.o
 *(.rel.tdata .rel.tdata.* .rel.gnu.linkonce.td.*)
 *(.rel.tbss .rel.tbss.* .rel.gnu.linkonce.tb.*)
 *(.rel.ctors)
 *(.rel.dtors)
 *(.rel.got)
 .rel.got       0x00000000000116e4       0x28 /usr/lib/gcc/i686-linux-gnu/5/../../../i386-linux-gnu/crti.o
 *(.rel.bss .rel.bss.* .rel.gnu.linkonce.b.*)
 *(.rel.ifunc)
 .rel.ifunc     0x000000000001170c        0x0 /usr/lib/gcc/i686-linux-gnu/5/../../../i386-linux-gnu/crti.o
 .rel.fini_array
                0x000000000001170c        0x8 /usr/lib/gcc/i686-linux-gnu/5/../../../i386-linux-gnu/crti.o
 .rel.init_array
                0x0000000000011714        0x8 /usr/lib/gcc/i686-linux-gnu/5/../../../i386-linux-gnu/crti.o

.rel.plt        0x000000000001171c        0x0
 *(.rel.plt)
 .rel.plt       0x000000000001171c        0x0 /usr/lib/gcc/i686-linux-gnu/5/../../../i386-linux-gnu/crti.o
 *(.rel.iplt)

.init           0x000000000001171c       0x23
 *(SORT(.init))
 .init          0x000000000001171c       0x1e /usr/lib/gcc/i686-linux-gnu/5/../../../i386-linux-gnu/crti.o
                0x000000000001171c                _init
 .init          0x000000000001173a        0x5 /usr/lib/gcc/i686-linux-gnu/5/../../../i386-linux-gnu/crtn.o

.plt            0x0000000000011740       0x10
 *(.plt)
 .plt           0x0000000000011740       0x10 /usr/lib/gcc/i686-linux-gnu/5/../../../i386-linux-gnu/crti.o
 *(.iplt)

.plt.got        0x0000000000011750       0x10
 *(.plt.got)
 .plt.got       0x0000000000011750       0x10 /usr/lib/gcc/i686-linux-gnu/5/../../../i386-linux-gnu/crti.o

.text           0x0000000000011760    0x18db2
 *(.text.unlikely .text.*_unlikely .text.unlikely.*)
 .text.unlikely
                0x0000000000011760        0x0 /usr/lib/gcc/i686-linux-gnu/5/crtbeginS.o
 .text.unlikely
                0x0000000000011760        0x0 /usr/lib/gcc/i686-linux-gnu/5/libgcc.a(_udivdi3.o)
 *(.text.exit .text.exit.*)
 *(.text.startup .text.startup.*)
 *(.text.hot .text.hot.*)
 *(.text .stub .text.* .gnu.linkonce.t.*)
 .text          0x0000000000011760        0x0 /usr/lib/gcc/i686-linux-gnu/5/../../../i386-linux-gnu/crti.o
 .gnu.linkonce.t.__x86.get_pc_thunk.bx
                0x0000000000011760        0x4 /usr/lib/gcc/i686-linux-gnu/5/../../../i386-linux-gnu/crti.o
                0x0000000000011760                __x86.get_pc_thunk.bx
 *fill*         0x0000000000011764        0xc 
 .text          0x0000000000011770      0x11c /usr/lib/gcc/i686-linux-gnu/5/crtbeginS.o
 .text.__x86.get_pc_thunk.dx
                0x000000000001188c        0x4 /usr/lib/gcc/i686-linux-gnu/5/crtbeginS.o
                0x000000000001188c                __x86.get_pc_thunk.dx
 .text          0x0000000000011890      0x54a client.o
                0x00000000000118f9                client_chunk_handler
 .text          0x0000000000011dda      0x283 build/cooja/mtype937.o
                0x0000000000011e6c                platform_init_stage_one
                0x0000000000011e7f                platform_init_stage_two
                0x0000000000011e92                platform_init_stage_three
                0x0000000000011ea5                platform_main_loop
                0x0000000000011f18                Java_org_contikios_cooja_corecomm_Lib2_init
                0x0000000000011f4f                Java_org_contikios_cooja_corecomm_Lib2_getMemory
                0x0000000000011f82                Java_org_contikios_cooja_corecomm_Lib2_setMemory
                0x0000000000011fe2                Java_org_contikios_cooja_corecomm_Lib2_tick
                0x000000000001204a                Java_org_contikios_cooja_corecomm_Lib2_setReferenceAddress
 .text          0x000000000001205d       0x65 build/cooja/mtype937.a(simEnvChange.o)
                0x000000000001205d                doActionsBeforeTick
                0x000000000001208f                doActionsAfterTick
 .text          0x00000000000120c2       0x83 build/cooja/mtype937.a(cooja_mt.o)
                0x00000000000120c2                cooja_mt_start
                0x00000000000120ec                cooja_mt_exec
                0x0000000000012122                cooja_mt_yield
 .text          0x0000000000012145       0xbe build/cooja/mtype937.a(cooja_mtarch.o)
                0x0000000000012145                cooja_mtarch_start
                0x00000000000121b8                cooja_sw
                0x00000000000121db                cooja_mtarch_exec
                0x00000000000121f8                cooja_mtarch_yield
 .text          0x0000000000012203       0xc5 build/cooja/mtype937.a(rtimer-arch.o)
                0x0000000000012203                rtimer_arch_init
                0x0000000000012227                rtimer_arch_schedule
                0x0000000000012257                rtimer_arch_next
                0x0000000000012267                rtimer_arch_pending
                0x0000000000012271                rtimer_arch_check
                0x00000000000122b8                rtimer_arch_now
 .text          0x00000000000122c8       0x81 build/cooja/mtype937.a(beep.o)
                0x00000000000122c8                beep_alarm
                0x00000000000122d5                beep_beep
                0x00000000000122e2                beep
                0x00000000000122ef                beep_down
                0x00000000000122fc                beep_on
                0x0000000000012309                beep_off
                0x0000000000012316                beep_spinup
                0x0000000000012323                beep_quick
                0x0000000000012330                beep_long
 .text          0x0000000000012349       0x65 build/cooja/mtype937.a(leds-arch.o)
                0x000000000001235c                leds_arch_init
 .text          0x00000000000123ae       0x35 build/cooja/mtype937.a(moteid.o)
 .text          0x00000000000123e3       0xb7 build/cooja/mtype937.a(pir-sensor.o)
 .text          0x000000000001249a      0x148 build/cooja/mtype937.a(rs232.o)
                0x000000000001249a                rs232_init
                0x00000000000124a0                rs232_set_speed
                0x00000000000124af                rs232_set_input
                0x00000000000124bd                rs232_send
                0x00000000000124e1                rs232_print
                0x00000000000124fd                slip_arch_writeb
 .text          0x00000000000125e2       0xb7 build/cooja/mtype937.a(vib-sensor.o)
 .text          0x0000000000012699       0x38 build/cooja/mtype937.a(clock.o)
                0x0000000000012699                clock_init
                0x000000000001269f                clock_time
                0x00000000000126a9                clock_seconds
                0x00000000000126bf                clock_delay
 .text          0x00000000000126d1      0x219 build/cooja/mtype937.a(cooja-log.o)
                0x00000000000126d1                simlog_char
                0x0000000000012714                simlog
                0x000000000001278a                log_message
                0x00000000000127bb                log_set_putchar_with_slip
                0x00000000000127c9                log_putchar
                0x0000000000012844                log_puts
                0x000000000001286c                log_printf
 .text          0x00000000000128ea      0x2b9 build/cooja/mtype937.a(cfs-cooja.o)
                0x00000000000128ea                cfs_open
                0x0000000000012953                cfs_close
                0x0000000000012960                cfs_read
                0x00000000000129f5                cfs_write
                0x0000000000012ad1                cfs_seek
                0x0000000000012b59                cfs_remove
                0x0000000000012b7d                cfs_opendir
                0x0000000000012b87                cfs_readdir
                0x0000000000012b91                cfs_closedir
 .text          0x0000000000012ba3      0x620 build/cooja/mtype937.a(cooja-radio.o)
                0x0000000000012be5                radio_set_channel
                0x0000000000012bf3                radio_set_txpower
                0x0000000000012c0b                radio_signal_strength_last
                0x0000000000012c15                radio_signal_strength_current
                0x0000000000012c1f                radio_LQI
 .text          0x00000000000131c3       0xee build/cooja/mtype937.a(eeprom.o)
                0x00000000000131c3                eeprom_init
                0x00000000000131c9                eeprom_read
                0x0000000000013237                eeprom_write
 .text          0x00000000000132b1       0x2d build/cooja/mtype937.a(random.o)
                0x00000000000132b1                random_init
                0x00000000000132d1                random_rand
 .text          0x00000000000132de      0x29c build/cooja/mtype937.a(sensors.o)
                0x0000000000013319                sensors_first
                0x0000000000013323                sensors_next
                0x000000000001333d                sensors_changed
                0x0000000000013371                sensors_find
 .text          0x000000000001357a      0x349 build/cooja/mtype937.a(leds.o)
                0x000000000001357a                leds_init
                0x00000000000135c1                leds_single_on
                0x0000000000013620                leds_single_off
                0x000000000001367f                leds_single_toggle
                0x00000000000136b1                leds_on
                0x0000000000013733                leds_off
                0x00000000000137b5                leds_toggle
                0x000000000001380a                leds_set
                0x0000000000013836                leds_get
 .text          0x00000000000138c3      0x343 build/cooja/mtype937.a(gpio-hal-arch.o)
                0x00000000000138c3                gpio_hal_arch_register_pin_callback
                0x000000000001392f                gpio_hal_arch_init
                0x0000000000013974                gpio_hal_arch_no_port_interrupt_enable
                0x00000000000139a4                gpio_hal_arch_no_port_interrupt_disable
                0x00000000000139d4                gpio_hal_arch_no_port_pin_cfg_set
                0x00000000000139f9                gpio_hal_arch_no_port_pin_cfg_get
                0x0000000000013a1f                gpio_hal_arch_no_port_pin_set_input
                0x0000000000013a31                gpio_hal_arch_no_port_pin_set_output
                0x0000000000013a43                gpio_hal_arch_no_port_set_pin
                0x0000000000013a64                gpio_hal_arch_no_port_clear_pin
                0x0000000000013a85                gpio_hal_arch_no_port_read_pin
                0x0000000000013aab                gpio_hal_arch_no_port_write_pin
                0x0000000000013ad5                gpio_hal_arch_no_port_set_pins
                0x0000000000013b1c                gpio_hal_arch_no_port_clear_pins
                0x0000000000013b63                gpio_hal_arch_no_port_read_pins
                0x0000000000013ba6                gpio_hal_arch_no_port_write_pins
 .text          0x0000000000013c06       0x89 build/cooja/mtype937.a(buttons.o)
 .text          0x0000000000013c8f      0x3fe build/cooja/mtype937.a(res_temperature)
 .text          0x000000000001408d      0x27b build/cooja/mtype937.a(coap-blocking-a)
                0x000000000001408d                coap_blocking_request_callback
                0x00000000000140b7                coap_blocking_request
 .text          0x0000000000014308      0xbea build/cooja/mtype937.a(coap-engine.o)
                0x000000000001439d                coap_add_handler
                0x00000000000143ba                coap_remove_handler
                0x00000000000143d7                coap_call_handlers
                0x00000000000144df                coap_receive
                0x0000000000014ada                coap_engine_init
                0x0000000000014b38                coap_activate_resource
                0x0000000000014be3                coap_get_first_resource
                0x0000000000014bfc                coap_get_next_resource
 .text          0x0000000000014ef2      0x2d9 build/cooja/mtype937.a(coap-res-well-k)
 .text          0x00000000000151cb      0x96a build/cooja/mtype937.a(coap-observe.o)
                0x00000000000152e0                coap_remove_observer
                0x0000000000015310                coap_remove_observer_by_client
                0x0000000000015378                coap_remove_observer_by_token
                0x000000000001540b                coap_remove_observer_by_uri
                0x00000000000154b2                coap_remove_observer_by_mid
                0x000000000001552e                coap_notify_observers
                0x0000000000015547                coap_notify_observers_sub
                0x00000000000159b1                coap_observe_handler
                0x0000000000015acc                coap_has_observers
 .text          0x0000000000015b35      0x733 build/cooja/mtype937.a(coap-uip.o)
                0x0000000000015b35                coap_endpoint_log
                0x0000000000015bbb                coap_endpoint_print
                0x0000000000015c41                coap_endpoint_snprint
                0x0000000000015d74                coap_endpoint_copy
                0x0000000000015db1                coap_endpoint_cmp
                0x0000000000015ebf                coap_endpoint_parse
                0x00000000000160aa                coap_endpoint_is_secure
                0x00000000000160b9                coap_endpoint_is_connected
                0x00000000000160ed                coap_endpoint_connect
                0x0000000000016109                coap_endpoint_disconnect
                0x000000000001610f                coap_databuf
                0x0000000000016119                coap_transport_init
                0x0000000000016169                coap_sendto
 .text          0x0000000000016268      0x324 build/cooja/mtype937.a(coap-timer.o)
                0x0000000000016365                coap_timer_stop
                0x0000000000016390                coap_timer_set
                0x00000000000163d3                coap_timer_reset
                0x0000000000016416                coap_timer_time_to_next_expiration
                0x0000000000016482                coap_timer_run
                0x000000000001654e                coap_timer_init
 .text          0x000000000001658c      0x2c6 build/cooja/mtype937.a(coap-transactio)
                0x00000000000165f2                coap_new_transaction
                0x0000000000016658                coap_send_transaction
                0x00000000000167b9                coap_clear_transaction
                0x0000000000016801                coap_get_transaction_by_mid
 .text          0x0000000000016852     0x1c53 build/cooja/mtype937.a(coap.o)
                0x0000000000016dbf                coap_init_connection
                0x0000000000016dd3                coap_get_mid
                0x0000000000016def                coap_init_message
                0x0000000000016e38                coap_serialize_message
                0x00000000000174ba                coap_parse_message
                0x0000000000017b21                coap_get_query_variable
                0x0000000000017b63                coap_get_post_variable
                0x0000000000017ba7                coap_set_status_code
                0x0000000000017bcc                coap_set_token
                0x0000000000017c13                coap_get_header_content_format
                0x0000000000017c44                coap_set_header_content_format
                0x0000000000017c67                coap_get_header_accept
                0x0000000000017c98                coap_set_header_accept
                0x0000000000017cbb                coap_get_header_max_age
                0x0000000000017cec                coap_set_header_max_age
                0x0000000000017d0c                coap_get_header_etag
                0x0000000000017d3e                coap_set_header_etag
                0x0000000000017d95                coap_get_header_if_match
                0x0000000000017dc7                coap_set_header_if_match
                0x0000000000017e1e                coap_get_header_if_none_match
                0x0000000000017e38                coap_set_header_if_none_match
                0x0000000000017e4f                coap_get_header_proxy_uri
                0x0000000000017e7d                coap_set_header_proxy_uri
                0x0000000000017eba                coap_get_header_uri_host
                0x0000000000017ee8                coap_set_header_uri_host
                0x0000000000017f25                coap_get_header_uri_path
                0x0000000000017f53                coap_set_header_uri_path
                0x0000000000017fa0                coap_get_header_uri_query
                0x0000000000017fd4                coap_set_header_uri_query
                0x000000000001802a                coap_get_header_location_path
                0x0000000000018058                coap_set_header_location_path
                0x00000000000180f1                coap_get_header_location_query
                0x000000000001811f                coap_set_header_location_query
                0x000000000001816c                coap_get_header_observe
                0x000000000001819b                coap_set_header_observe
                0x00000000000181bb                coap_get_header_block2
                0x0000000000018227                coap_set_header_block2
                0x000000000001829e                coap_get_header_block1
                0x0000000000018313                coap_set_header_block1
                0x000000000001838e                coap_get_header_size2
                0x00000000000183be                coap_set_header_size2
                0x00000000000183e1                coap_get_header_size1
                0x0000000000018411                coap_set_header_size1
                0x0000000000018434                coap_get_payload
                0x000000000001846e                coap_set_payload
 .text          0x00000000000184a5      0x332 build/cooja/mtype937.a(contiki-main.o)
                0x00000000000184a5                main
 .text          0x00000000000187d7       0x92 build/cooja/mtype937.a(autostart.o)
                0x00000000000187d7                autostart_start
                0x0000000000018821                autostart_exit
 .text          0x0000000000018869      0x355 build/cooja/mtype937.a(ctimer.o)
                0x0000000000018991                ctimer_init
                0x00000000000189c4                ctimer_set
                0x00000000000189ea                ctimer_set_with_process
                0x0000000000018a67                ctimer_reset
                0x0000000000018abb                ctimer_restart
                0x0000000000018b0f                ctimer_stop
                0x0000000000018b5f                ctimer_expired
 .text          0x0000000000018bbe      0x394 build/cooja/mtype937.a(log.o)
                0x0000000000018bbe                log_6addr
                0x0000000000018c11                log_6addr_compact_snprint
                0x0000000000018caf                log_6addr_compact
                0x0000000000018d02                log_lladdr
                0x0000000000018d74                log_lladdr_compact
                0x0000000000018ddc                log_set_level
                0x0000000000018e97                log_get_level
                0x0000000000018f10                log_level_to_str
 .text          0x0000000000018f52       0x1b build/cooja/mtype937.a(energest.o)
                0x0000000000018f52                energest_init
                0x0000000000018f58                energest_flush
                0x0000000000018f5e                energest_get_total_time
 .text          0x0000000000018f6d      0x43f build/cooja/mtype937.a(etimer.o)
                0x0000000000019191                etimer_request_poll
                0x000000000001921a                etimer_set
                0x0000000000019243                etimer_reset_with_new_interval
                0x0000000000019272                etimer_reset
                0x0000000000019298                etimer_restart
                0x00000000000192be                etimer_adjust
                0x00000000000192db                etimer_expired
                0x00000000000192ee                etimer_expiration_time
                0x0000000000019300                etimer_start_time
                0x000000000001930a                etimer_pending
                0x000000000001931c                etimer_next_expiration_time
                0x0000000000019336                etimer_stop
 .text          0x00000000000193ac       0x25 build/cooja/mtype937.a(node-id.o)
                0x00000000000193ac                node_id_init
 .text          0x00000000000193d1       0xeb build/cooja/mtype937.a(rtimer.o)
                0x00000000000193d1                rtimer_init
                0x00000000000193df                rtimer_set
                0x000000000001945a                rtimer_run_next
 .text          0x00000000000194bc      0x4fb build/cooja/mtype937.a(process.o)
                0x00000000000194bc                process_alloc_event
                0x00000000000194d1                process_start
                0x00000000000196ab                process_exit
                0x00000000000196c8                process_init
                0x000000000001985d                process_run
                0x0000000000019890                process_nevents
                0x00000000000198ab                process_post
                0x000000000001993e                process_post_synch
                0x0000000000019973                process_poll
                0x00000000000199a3                process_is_running
 .text          0x00000000000199b7       0xb1 build/cooja/mtype937.a(timer.o)
                0x00000000000199b7                timer_set
                0x00000000000199d5                timer_reset
                0x0000000000019a02                timer_restart
                0x0000000000019a17                timer_expired
                0x0000000000019a44                timer_remaining
 .text          0x0000000000019a68      0x28f build/cooja/mtype937.a(list.o)
                0x0000000000019a68                list_init
                0x0000000000019a77                list_head
                0x0000000000019a81                list_copy
                0x0000000000019a91                list_tail
                0x0000000000019ac7                list_add
                0x0000000000019b13                list_push
                0x0000000000019b3f                list_chop
                0x0000000000019ba9                list_pop
                0x0000000000019bd1                list_remove
                0x0000000000019c39                list_length
                0x0000000000019c67                list_insert
                0x0000000000019cac                list_item_next
                0x0000000000019cc3                list_contains
 .text          0x0000000000019cf7      0x1b5 build/cooja/mtype937.a(memb.o)
                0x0000000000019cf7                memb_init
                0x0000000000019d4c                memb_alloc
                0x0000000000019daf                memb_free
                0x0000000000019e26                memb_inmemb
                0x0000000000019e65                memb_numfree
 .text          0x0000000000019eac      0x41c build/cooja/mtype937.a(button-hal.o)
                0x000000000001a025                button_hal_get_by_id
                0x000000000001a063                button_hal_get_by_index
                0x000000000001a08f                button_hal_get_state
                0x000000000001a0e1                button_hal_init
 .text          0x000000000001a2c8      0x1f3 build/cooja/mtype937.a(serial-line.o)
                0x000000000001a2c8                serial_line_input_byte
                0x000000000001a486                serial_line_init
 .text          0x000000000001a4bb      0x168 build/cooja/mtype937.a(gpio-hal.o)
                0x000000000001a4bb                gpio_hal_register_handler
                0x000000000001a4d8                gpio_hal_event_handler
                0x000000000001a534                gpio_hal_init
                0x000000000001a553                gpio_hal_arch_port_toggle_pin
                0x000000000001a58f                gpio_hal_arch_port_toggle_pins
                0x000000000001a5bd                gpio_hal_arch_no_port_toggle_pin
                0x000000000001a5fb                gpio_hal_arch_no_port_toggle_pins
 .text          0x000000000001a623      0x2e7 build/cooja/mtype937.a(queuebuf.o)
                0x000000000001a62d                queuebuf_init
                0x000000000001a656                queuebuf_numfree
                0x000000000001a66e                queuebuf_new_from_packetbuf
                0x000000000001a70d                queuebuf_update_attr_from_packetbuf
                0x000000000001a742                queuebuf_update_from_packetbuf
                0x000000000001a792                queuebuf_free
                0x000000000001a7db                queuebuf_to_packetbuf
                0x000000000001a847                queuebuf_dataptr
                0x000000000001a881                queuebuf_datalen
                0x000000000001a8a4                queuebuf_addr
                0x000000000001a8d9                queuebuf_attr
                0x000000000001a904                queuebuf_debug_print
 .text          0x000000000001a90a      0x407 build/cooja/mtype937.a(packetbuf.o)
                0x000000000001a90a                packetbuf_clear
                0x000000000001a935                packetbuf_copyfrom
                0x000000000001a984                packetbuf_copyto
                0x000000000001aa17                packetbuf_hdralloc
                0x000000000001aa93                packetbuf_hdrreduce
                0x000000000001aad9                packetbuf_set_datalen
                0x000000000001aaf3                packetbuf_dataptr
                0x000000000001ab10                packetbuf_hdrptr
                0x000000000001ab1a                packetbuf_datalen
                0x000000000001ab26                packetbuf_hdrlen
                0x000000000001ab3d                packetbuf_totlen
                0x000000000001ab53                packetbuf_remaininglen
                0x000000000001ab66                packetbuf_attr_clear
                0x000000000001abb2                packetbuf_attr_copyto
                0x000000000001ac0a                packetbuf_attr_copyfrom
                0x000000000001ac62                packetbuf_set_attr
                0x000000000001ac8c                packetbuf_attr
                0x000000000001aca6                packetbuf_set_addr
                0x000000000001acd7                packetbuf_addr
                0x000000000001acf4                packetbuf_holds_broadcast
 .text          0x000000000001ad11       0xef build/cooja/mtype937.a(netstack.o)
                0x000000000001ad11                netstack_process_ip_callback
                0x000000000001ada2                netstack_ip_packet_processor_add
                0x000000000001adc5                uip_ds6_ip_packet_processor_rm
                0x000000000001ade2                netstack_init
 .text          0x000000000001ae00       0x4f build/cooja/mtype937.a(linkaddr.o)
                0x000000000001ae00                linkaddr_copy
                0x000000000001ae16                linkaddr_cmp
                0x000000000001ae39                linkaddr_set_node_addr
 .text          0x000000000001ae4f      0x1f6 build/cooja/mtype937.a(csma.o)
 .text          0x000000000001b045      0x95d build/cooja/mtype937.a(csma-output.o)
                0x000000000001b6dc                csma_output_packet
                0x000000000001b969                csma_output_init
 .text          0x000000000001b9a2      0xc11 build/cooja/mtype937.a(uip-ds6.o)
                0x000000000001b9a2                uip_ds6_default_prefix
                0x000000000001b9ac                uip_ds6_set_default_prefix
                0x000000000001b9d7                uip_ds6_init
                0x000000000001bc39                uip_ds6_periodic
                0x000000000001bcc0                uip_ds6_list_loop
                0x000000000001bd80                uip_ds6_prefix_add
                0x000000000001be2c                uip_ds6_prefix_rm
                0x000000000001be3f                uip_ds6_prefix_lookup
                0x000000000001be7e                uip_ds6_is_addr_onlink
                0x000000000001bef1                uip_ds6_addr_add
                0x000000000001c011                uip_ds6_addr_rm
                0x000000000001c0ba                uip_ds6_addr_lookup
                0x000000000001c0f3                uip_ds6_get_link_local
                0x000000000001c174                uip_ds6_get_global
                0x000000000001c1f5                uip_ds6_maddr_add
                0x000000000001c255                uip_ds6_maddr_rm
                0x000000000001c268                uip_ds6_maddr_lookup
                0x000000000001c2a1                uip_ds6_aaddr_add
                0x000000000001c301                uip_ds6_aaddr_rm
                0x000000000001c314                uip_ds6_aaddr_lookup
                0x000000000001c34d                uip_ds6_select_src
                0x000000000001c496                uip_ds6_set_addr_iid
                0x000000000001c4c1                uip_ds6_set_lladdr_from_iid
                0x000000000001c4ea                get_match_length
                0x000000000001c57b                uip_ds6_compute_reachable_time
 .text          0x000000000001c5b3      0x128 build/cooja/mtype937.a(uip-udp-packet.)
                0x000000000001c5b3                uip_udp_packet_send
                0x000000000001c60e                uip_udp_packet_sendto
 .text          0x000000000001c6db      0x35b build/cooja/mtype937.a(uip-ds6-route.o)
                0x000000000001c72c                uip_ds6_route_init
                0x000000000001c756                uip_ds6_route_nexthop
                0x000000000001c760                uip_ds6_route_head
                0x000000000001c76a                uip_ds6_route_next
                0x000000000001c774                uip_ds6_route_is_nexthop
                0x000000000001c77e                uip_ds6_route_num_routes
                0x000000000001c788                uip_ds6_route_lookup
                0x000000000001c792                uip_ds6_route_add
                0x000000000001c7a5                uip_ds6_route_rm
                0x000000000001c7ab                uip_ds6_route_rm_by_nexthop
                0x000000000001c7b1                uip_ds6_defrt_head
                0x000000000001c7ca                uip_ds6_defrt_add
                0x000000000001c878                uip_ds6_defrt_rm
                0x000000000001c8de                uip_ds6_defrt_lookup
                0x000000000001c945                uip_ds6_defrt_choose
                0x000000000001c9bb                uip_ds6_defrt_periodic
 .text          0x000000000001ca36      0x6f7 build/cooja/mtype937.a(tcpip.o)
                0x000000000001ca50                tcpip_output
                0x000000000001cacf                udp_attach
                0x000000000001cae7                udp_new
                0x000000000001cb31                udp_broadcast_new
                0x000000000001cca3                tcpip_input
                0x000000000001ce33                tcpip_ipv6_output
                0x000000000001d027                tcpip_poll_udp
                0x000000000001d045                tcpip_uipcall
 .text          0x000000000001d12d     0x1205 build/cooja/mtype937.a(uip6.o)
                0x000000000001d1dc                uip_chksum
                0x000000000001d2b3                uip_icmp6chksum
                0x000000000001d2c8                uip_udpchksum
                0x000000000001d2dd                uip_init
                0x000000000001d326                uip_remove_ext_hdr
                0x000000000001d400                uip_udp_new
                0x000000000001d714                uip_process
                0x000000000001e20c                uip_htons
                0x000000000001e22e                uip_htonl
                0x000000000001e26c                uip_send
 .text          0x000000000001e332      0x369 build/cooja/mtype937.a(uip-ds6-nbr.o)
                0x000000000001e332                uip_ds6_neighbors_init
                0x000000000001e356                uip_ds6_nbr_add
                0x000000000001e3dc                uip_ds6_nbr_rm
                0x000000000001e427                uip_ds6_nbr_update_ll
                0x000000000001e515                uip_ds6_nbr_get_ipaddr
                0x000000000001e52a                uip_ds6_nbr_get_ll
                0x000000000001e546                uip_ds6_nbr_num
                0x000000000001e58f                uip_ds6_nbr_head
                0x000000000001e5a8                uip_ds6_nbr_next
                0x000000000001e5c4                uip_ds6_nbr_lookup
                0x000000000001e61c                uip_ds6_nbr_ll_lookup
                0x000000000001e638                uip_ds6_nbr_ipaddr_from_lladdr
                0x000000000001e661                uip_ds6_nbr_lladdr_from_ipaddr
                0x000000000001e695                uip_ds6_link_callback
 .text          0x000000000001e69b      0x6a7 build/cooja/mtype937.a(uip-nd6.o)
                0x000000000001ed29                uip_nd6_init
 .text          0x000000000001ed42      0x3b0 build/cooja/mtype937.a(simple-udp.o)
                0x000000000001ed6f                simple_udp_send
                0x000000000001edd2                simple_udp_sendto
                0x000000000001ee2d                simple_udp_sendto_port
                0x000000000001ee86                simple_udp_register
 .text          0x000000000001f0f2     0x2c17 build/cooja/mtype937.a(sicslowpan.o)
                0x000000000001f6f9                netstack_sniffer_add
                0x000000000001f707                netstack_sniffer_remove
                0x0000000000021cdd                sicslowpan_init
                0x0000000000021cff                sicslowpan_get_last_rssi
 .text          0x0000000000021d09      0x4d1 build/cooja/mtype937.a(uiplib.o)
                0x0000000000021d09                uiplib_ip6addrconv
                0x0000000000021ec1                uiplib_ip4addrconv
                0x0000000000021f84                uiplib_ipaddr_print
                0x0000000000021fd7                uiplib_ipaddr_snprint
 .text          0x00000000000221da      0x4c9 build/cooja/mtype937.a(rpl.o)
                0x00000000000221da                rpl_lollipop_greater_than
                0x0000000000022234                rpl_get_global_address
                0x000000000002232c                rpl_link_callback
                0x0000000000022370                rpl_has_joined
                0x0000000000022395                rpl_is_reachable
                0x0000000000022416                rpl_reset_prefix
                0x0000000000022480                rpl_set_prefix_from_addr
                0x0000000000022565                rpl_set_prefix
                0x000000000002267f                rpl_set_leaf_only
                0x0000000000022697                rpl_get_leaf_only
 .text          0x00000000000226a3     0x138c build/cooja/mtype937.a(rpl-icmp6.o)
                0x00000000000227c8                rpl_icmp6_update_nbr_table
                0x0000000000022851                rpl_icmp6_dis_output
                0x0000000000022e97                rpl_icmp6_dio_output
                0x0000000000023695                rpl_icmp6_dao_output
                0x0000000000023976                rpl_icmp6_dao_ack_output
                0x00000000000239e6                rpl_icmp6_init
 .text          0x0000000000023a2f      0x264 build/cooja/mtype937.a(rpl-dag-root.o)
                0x0000000000023a2f                rpl_dag_root_print_links
                0x0000000000023b5b                rpl_dag_root_set_prefix
                0x0000000000023b87                rpl_dag_root_start
                0x0000000000023c64                rpl_dag_root_is_root
 .text          0x0000000000023c93       0x30 build/cooja/mtype937.a(watchdog.o)
                0x0000000000023c93                watchdog_init
                0x0000000000023c99                watchdog_start
                0x0000000000023c9f                watchdog_periodic
                0x0000000000023cb7                watchdog_stop
                0x0000000000023cbd                watchdog_reboot
 .text          0x0000000000023cc3       0x4a build/cooja/mtype937.a(int-master.o)
                0x0000000000023cc3                int_master_enable
                0x0000000000023cd3                int_master_read_and_disable
                0x0000000000023cf0                int_master_status_set
                0x0000000000023cfe                int_master_is_enabled
 .text          0x0000000000023d0d      0x226 build/cooja/mtype937.a(coap-timer-defa)
 .text          0x0000000000023f33       0xc7 build/cooja/mtype937.a(stimer.o)
                0x0000000000023f33                stimer_set
                0x0000000000023f51                stimer_reset
                0x0000000000023f7e                stimer_restart
                0x0000000000023f93                stimer_expired
                0x0000000000023fbe                stimer_remaining
                0x0000000000023fe2                stimer_elapsed
 .text          0x0000000000023ffa      0x156 build/cooja/mtype937.a(ringbuf.o)
                0x0000000000023ffa                ringbuf_init
                0x000000000002402c                ringbuf_put
                0x00000000000240aa                ringbuf_get
                0x0000000000024117                ringbuf_size
                0x0000000000024129                ringbuf_elements
 .text          0x0000000000024150       0x1f build/cooja/mtype937.a(assert.o)
                0x0000000000024150                _xassert
 .text          0x000000000002416f      0x79b build/cooja/mtype937.a(nbr-table.o)
                0x00000000000245e8                nbr_table_register
                0x0000000000024655                nbr_table_is_registered
                0x0000000000024690                nbr_table_head
                0x00000000000246eb                nbr_table_next
                0x000000000002474c                nbr_table_add_lladdr
                0x0000000000024826                nbr_table_get_from_lladdr
                0x0000000000024872                nbr_table_remove
                0x00000000000248aa                nbr_table_lock
                0x00000000000248c4                nbr_table_unlock
                0x00000000000248de                nbr_table_get_lladdr
 .text          0x000000000002490a      0x3a5 build/cooja/mtype937.a(link-stats.o)
                0x000000000002490a                link_stats_from_lladdr
                0x0000000000024926                link_stats_get_lladdr
                0x0000000000024942                link_stats_is_fresh
                0x000000000002497e                guess_etx_from_rssi
                0x00000000000249fa                link_stats_packet_sent
                0x0000000000024b1a                link_stats_input_callback
                0x0000000000024c2a                link_stats_reset
                0x0000000000024c7a                link_stats_init
 .text          0x0000000000024caf      0x187 build/cooja/mtype937.a(mac-sequence.o)
                0x0000000000024caf                mac_sequence_is_duplicate
                0x0000000000024d4f                mac_sequence_register_seqno
 .text          0x0000000000024e36       0x23 build/cooja/mtype937.a(mac.o)
                0x0000000000024e36                mac_call_sent_callback
 .text          0x0000000000024e59      0x432 build/cooja/mtype937.a(framer-802154.o)
                0x0000000000024fe8                framer_802154_setup_params
 .text          0x000000000002528b      0xb6f build/cooja/mtype937.a(frame802154.o)
                0x00000000000252bc                frame802154_get_pan_id
                0x00000000000252c8                frame802154_set_pan_id
                0x00000000000252e2                frame802154_has_panid
                0x0000000000025491                frame802154_check_dest_panid
                0x0000000000025519                frame802154_is_broadcast_addr
                0x0000000000025566                frame802154_extract_linkaddr
                0x00000000000257cb                frame802154_hdrlen
                0x000000000002583e                frame802154_create_fcf
                0x00000000000258f6                frame802154_create
                0x0000000000025a6b                frame802154_parse_fcf
                0x0000000000025b4d                frame802154_parse
 .text          0x0000000000025dfa       0x2d build/cooja/mtype937.a(csma-security.o)
                0x0000000000025dfa                csma_security_create_frame
                0x0000000000025e18                csma_security_parse_frame
 .text          0x0000000000025e27      0x4e4 build/cooja/mtype937.a(uipbuf.o)
                0x0000000000025e27                uipbuf_clear
                0x0000000000025e4e                uipbuf_add_ext_hdr
                0x0000000000025ece                uipbuf_set_len
                0x0000000000025efb                uipbuf_set_len_field
                0x0000000000025f27                uipbuf_get_len_field
                0x0000000000025f47                uipbuf_get_next_header
                0x0000000000026079                uipbuf_get_last_header
                0x00000000000260f2                uipbuf_search_header
                0x00000000000261a8                uipbuf_get_attr
                0x00000000000261cf                uipbuf_set_attr
                0x0000000000026206                uipbuf_set_default_attr
                0x000000000002623d                uipbuf_clear_attr
                0x0000000000026261                uipbuf_set_attr_flag
                0x0000000000026282                uipbuf_clr_attr_flag
                0x00000000000262a9                uipbuf_is_attr_flag
                0x00000000000262cd                uipbuf_init
 .text          0x000000000002630b      0x73f build/cooja/mtype937.a(uip-icmp6.o)
                0x0000000000026380                uip_icmp6_input
                0x00000000000263d7                uip_icmp6_register_input_handler
                0x000000000002652a                uip_icmp6_error_output
                0x00000000000267db                uip_icmp6_send
                0x00000000000269d2                uip_icmp6_echo_reply_callback_add
                0x0000000000026a04                uip_icmp6_echo_reply_callback_rm
                0x0000000000026a21                uip_icmp6_init
 .text          0x0000000000026a4a      0x69b build/cooja/mtype937.a(uip-sr.o)
                0x0000000000026a4a                uip_sr_num_nodes
                0x0000000000026ad8                uip_sr_get_node
                0x0000000000026b2f                uip_sr_is_addr_reachable
                0x0000000000026bdd                uip_sr_expire_parent
                0x0000000000026c26                uip_sr_update_node
                0x0000000000026d56                uip_sr_init
                0x0000000000026d8a                uip_sr_node_head
                0x0000000000026da3                uip_sr_node_next
                0x0000000000026db9                uip_sr_periodic
                0x0000000000026ebf                uip_sr_free_all
                0x0000000000026f2f                uip_sr_link_snprint
 .text          0x00000000000270e5      0x146 build/cooja/mtype937.a(uip-packetqueue)
                0x0000000000027113                uip_packetqueue_new
                0x0000000000027122                uip_packetqueue_alloc
                0x000000000002717d                uip_packetqueue_free
                0x00000000000271c4                uip_packetqueue_buf
                0x00000000000271e1                uip_packetqueue_buflen
                0x0000000000027202                uip_packetqueue_set_buflen
 .text          0x000000000002722b      0x1b0 build/cooja/mtype937.a(rpl-nbr-policy.)
                0x0000000000027398                rpl_nbr_policy_find_removable
 .text          0x00000000000273db      0x915 build/cooja/mtype937.a(rpl-neighbor.o)
                0x0000000000027457                rpl_neighbor_snprint
                0x000000000002770a                rpl_neighbor_print_list
                0x00000000000277bf                rpl_neighbor_count
                0x0000000000027866                rpl_neighbor_get_from_lladdr
                0x0000000000027882                rpl_neighbor_is_acceptable_parent
                0x00000000000278b6                rpl_neighbor_get_link_metric
                0x00000000000278ea                rpl_neighbor_rank_via_nbr
                0x000000000002791e                rpl_neighbor_get_lladdr
                0x000000000002793a                rpl_neighbor_get_ipaddr
                0x0000000000027961                rpl_neighbor_get_link_stats
                0x0000000000027988                rpl_neighbor_is_fresh
                0x00000000000279af                rpl_neighbor_is_reachable
                0x00000000000279fa                rpl_neighbor_is_parent
                0x0000000000027a24                rpl_neighbor_set_preferred_parent
                0x0000000000027abb                rpl_neighbor_remove_all
                0x0000000000027b17                rpl_neighbor_get_from_ipaddr
                0x0000000000027c25                rpl_neighbor_select_best
                0x0000000000027cd1                rpl_neighbor_init
 .text          0x0000000000027cf0      0xe69 build/cooja/mtype937.a(rpl-dag.o)
                0x0000000000027cf0                rpl_dag_state_to_str
                0x0000000000027d2f                rpl_dag_get_root_ipaddr
                0x0000000000027d77                rpl_dag_leave
                0x0000000000027e00                rpl_dag_poison_and_leave
                0x0000000000027e18                rpl_dag_periodic
                0x0000000000027ea0                rpl_is_addr_in_our_dag
                0x0000000000027ee4                rpl_get_default_instance
                0x0000000000027f00                rpl_get_any_dag
                0x0000000000027f59                rpl_refresh_routes
                0x0000000000027f99                rpl_global_repair
                0x0000000000028032                rpl_local_repair
                0x000000000002807c                rpl_dag_ready_to_advertise
                0x00000000000280bf                rpl_dag_update_state
                0x00000000000287ec                rpl_process_dio
                0x000000000002886a                rpl_process_dis
                0x00000000000288af                rpl_process_dao
                0x000000000002893e                rpl_process_dao_ack
                0x00000000000289d5                rpl_process_hbh
                0x0000000000028a25                rpl_dag_init_root
                0x0000000000028b39                rpl_dag_init
 .text          0x0000000000028b59      0x9e7 build/cooja/mtype937.a(rpl-timers.o)
                0x0000000000028b59                rpl_timers_schedule_periodic_dis
                0x0000000000028ca7                rpl_timers_dio_reset
                0x0000000000028db5                rpl_timers_schedule_unicast_dio
                0x0000000000028f09                rpl_timers_schedule_dao
                0x0000000000028fc8                rpl_timers_schedule_dao_ack
                0x000000000002904e                rpl_timers_notify_dao_ack
                0x00000000000290ac                get_probing_delay
                0x00000000000290e0                get_probing_target
                0x00000000000292ca                rpl_schedule_probing
                0x00000000000292f8                rpl_schedule_probing_now
                0x0000000000029362                rpl_timers_unschedule_leaving
                0x000000000002939a                rpl_timers_schedule_leaving
                0x00000000000293db                rpl_timers_init
                0x000000000002946b                rpl_timers_stop_dag_timers
                0x00000000000294e4                rpl_timers_unschedule_state_update
                0x0000000000029508                rpl_timers_schedule_state_update
 .text          0x0000000000029540      0xb8e build/cooja/mtype937.a(rpl-ext-header.)
                0x0000000000029540                rpl_ext_header_srh_get_next_hop
                0x0000000000029627                rpl_ext_header_srh_update
                0x0000000000029b93                rpl_ext_header_hbh_update
                0x0000000000029e93                rpl_ext_header_update
                0x0000000000029f1c                rpl_ext_header_remove
 .text          0x000000000002a0ce      0x31b build/cooja/mtype937.a(rpl-mrhof.o)
 *fill*         0x000000000002a3e9        0x7 
 .text          0x000000000002a3f0      0x122 /usr/lib/gcc/i686-linux-gnu/5/libgcc.a(_udivdi3.o)
                0x000000000002a3f0                __udivdi3
 .text          0x000000000002a512        0x0 /usr/lib/gcc/i686-linux-gnu/5/crtendS.o
 .text          0x000000000002a512        0x0 /usr/lib/gcc/i686-linux-gnu/5/../../../i386-linux-gnu/crtn.o
 *(.gnu.warning)

.fini           0x000000000002a514       0x14
 *(SORT(.fini))
 .fini          0x000000000002a514        0xf /usr/lib/gcc/i686-linux-gnu/5/../../../i386-linux-gnu/crti.o
                0x000000000002a514                _fini
 .fini          0x000000000002a523        0x5 /usr/lib/gcc/i686-linux-gnu/5/../../../i386-linux-gnu/crtn.o
                [!provide]                        PROVIDE (__etext, .)
                [!provide]                        PROVIDE (_etext, .)
                [!provide]                        PROVIDE (etext, .)

.rodata         0x000000000002a540      0xb4b
 *(.rodata .rodata.* .gnu.linkonce.r.*)
 .rodata        0x000000000002a540      0x158 client.o
                0x000000000002a56c                autostart_processes
 .rodata        0x000000000002a698        0x8 build/cooja/mtype937.a(beep.o)
                0x000000000002a698                beep_interface
 .rodata        0x000000000002a6a0        0xe build/cooja/mtype937.a(leds-arch.o)
                0x000000000002a6a0                leds_interface
                0x000000000002a6a8                leds_arch_leds
 *fill*         0x000000000002a6ae        0x2 
 .rodata        0x000000000002a6b0        0x8 build/cooja/mtype937.a(moteid.o)
                0x000000000002a6b0                moteid_interface
 .rodata        0x000000000002a6b8       0x1c build/cooja/mtype937.a(pir-sensor.o)
                0x000000000002a6b8                pir_interface
                0x000000000002a6c4                pir_sensor
 .rodata        0x000000000002a6d4        0xe build/cooja/mtype937.a(rs232.o)
                0x000000000002a6d4                rs232_interface
 *fill*         0x000000000002a6e2        0x2 
 .rodata        0x000000000002a6e4       0x24 build/cooja/mtype937.a(vib-sensor.o)
                0x000000000002a6e4                vib_interface
                0x000000000002a6f8                vib_sensor
 .rodata        0x000000000002a708        0x8 build/cooja/mtype937.a(clock.o)
                0x000000000002a708                clock_interface
 .rodata        0x000000000002a710        0x8 build/cooja/mtype937.a(cooja-log.o)
                0x000000000002a710                simlog_interface
 .rodata        0x000000000002a718       0x2f build/cooja/mtype937.a(cfs-cooja.o)
                0x000000000002a718                cfs_interface
 *fill*         0x000000000002a747       0x19 
 .rodata        0x000000000002a760       0xb8 build/cooja/mtype937.a(cooja-radio.o)
                0x000000000002a760                radio_interface
                0x000000000002a7e0                cooja_radio_driver
 .rodata        0x000000000002a818        0x8 build/cooja/mtype937.a(eeprom.o)
                0x000000000002a818                eeprom_interface
 .rodata        0x000000000002a820        0x8 build/cooja/mtype937.a(sensors.o)
 .rodata        0x000000000002a828       0x2c build/cooja/mtype937.a(buttons.o)
                0x000000000002a828                button_interface
                0x000000000002a83c                button_hal_button_count
                0x000000000002a844                button_sensor
 .rodata        0x000000000002a854       0x7a build/cooja/mtype937.a(res_temperature)
 .rodata        0x000000000002a8ce       0x41 build/cooja/mtype937.a(coap-engine.o)
 .rodata        0x000000000002a90f       0x19 build/cooja/mtype937.a(coap-res-well-k)
 .rodata        0x000000000002a928       0x11 build/cooja/mtype937.a(coap-observe.o)
 .rodata        0x000000000002a939       0x35 build/cooja/mtype937.a(coap-uip.o)
 *fill*         0x000000000002a96e        0x2 
 .rodata        0x000000000002a970      0x1ac build/cooja/mtype937.a(coap.o)
 .rodata        0x000000000002ab1c       0xf8 build/cooja/mtype937.a(contiki-main.o)
 .rodata        0x000000000002ac14        0xf build/cooja/mtype937.a(ctimer.o)
 *fill*         0x000000000002ac23        0x1 
 .rodata        0x000000000002ac24       0xc4 build/cooja/mtype937.a(log.o)
 .rodata        0x000000000002ace8        0xc build/cooja/mtype937.a(etimer.o)
 .rodata        0x000000000002acf4       0x13 build/cooja/mtype937.a(button-hal.o)
 .rodata        0x000000000002ad07        0xe build/cooja/mtype937.a(serial-line.o)
 *fill*         0x000000000002ad15        0x3 
 .rodata        0x000000000002ad18        0x8 build/cooja/mtype937.a(linkaddr.o)
                0x000000000002ad18                linkaddr_null
 .rodata        0x000000000002ad20       0x24 build/cooja/mtype937.a(csma.o)
                0x000000000002ad28                csma_driver
 .rodata        0x000000000002ad44       0x2a build/cooja/mtype937.a(csma-output.o)
 *fill*         0x000000000002ad6e        0x2 
 .rodata        0x000000000002ad70       0x4d build/cooja/mtype937.a(uip-ds6-route.o)
 .rodata        0x000000000002adbd        0xd build/cooja/mtype937.a(tcpip.o)
 .rodata        0x000000000002adca       0x13 build/cooja/mtype937.a(simple-udp.o)
 *fill*         0x000000000002addd        0x3 
 .rodata        0x000000000002ade0       0x30 build/cooja/mtype937.a(sicslowpan.o)
                0x000000000002ade0                unc_llconf
                0x000000000002ade4                unc_ctxconf
                0x000000000002ade8                unc_mxconf
                0x000000000002adec                llprefix
                0x000000000002ae00                sicslowpan_driver
 .rodata        0x000000000002ae10       0x2d build/cooja/mtype937.a(uiplib.o)
 *fill*         0x000000000002ae3d        0x3 
 .rodata        0x000000000002ae40       0x74 build/cooja/mtype937.a(rpl.o)
                0x000000000002ae60                rpl_lite_driver
 .rodata        0x000000000002aeb4       0x20 build/cooja/mtype937.a(coap-timer-defa)
                0x000000000002aec8                coap_timer_default_driver
 .rodata        0x000000000002aed4       0x25 build/cooja/mtype937.a(assert.o)
 *fill*         0x000000000002aef9        0x3 
 .rodata        0x000000000002aefc        0xc build/cooja/mtype937.a(framer-802154.o)
                0x000000000002aefc                framer_802154
 .rodata        0x000000000002af08       0x44 build/cooja/mtype937.a(uip-sr.o)
 .rodata        0x000000000002af4c       0x58 build/cooja/mtype937.a(rpl-neighbor.o)
 .rodata        0x000000000002afa4       0xdb build/cooja/mtype937.a(rpl-dag.o)
 .rodata        0x000000000002b07f        0xc build/cooja/mtype937.a(rpl-timers.o)

.rodata1
 *(.rodata1)

.eh_frame_hdr   0x000000000002b08c     0x1a24
 *(.eh_frame_hdr)
 .eh_frame_hdr  0x000000000002b08c     0x1a24 client.o
                0x000000000002b08c                __GNU_EH_FRAME_HDR
 *(.eh_frame_entry .eh_frame_entry.*)

.eh_frame       0x000000000002cab0     0x6a1c
 *(.eh_frame)
 .eh_frame      0x000000000002cab0       0x3c /usr/lib/gcc/i686-linux-gnu/5/../../../i386-linux-gnu/crti.o
                                         0x40 (size before relaxing)
 .eh_frame      0x000000000002caec       0xa0 client.o
                                         0xb8 (size before relaxing)
 .eh_frame      0x000000000002cb8c      0x178 build/cooja/mtype937.o
                                        0x190 (size before relaxing)
 .eh_frame      0x000000000002cd04       0x40 build/cooja/mtype937.a(simEnvChange.o)
                                         0x58 (size before relaxing)
 .eh_frame      0x000000000002cd44       0x60 build/cooja/mtype937.a(cooja_mt.o)
                                         0x78 (size before relaxing)
 .eh_frame      0x000000000002cda4       0x80 build/cooja/mtype937.a(cooja_mtarch.o)
                                         0x98 (size before relaxing)
 .eh_frame      0x000000000002ce24       0xc8 build/cooja/mtype937.a(rtimer-arch.o)
                                         0xe0 (size before relaxing)
 .eh_frame      0x000000000002ceec      0x160 build/cooja/mtype937.a(beep.o)
                                        0x178 (size before relaxing)
 .eh_frame      0x000000000002d04c       0x80 build/cooja/mtype937.a(leds-arch.o)
                                         0x98 (size before relaxing)
 .eh_frame      0x000000000002d0cc       0x40 build/cooja/mtype937.a(moteid.o)
                                         0x58 (size before relaxing)
 .eh_frame      0x000000000002d10c       0xa0 build/cooja/mtype937.a(pir-sensor.o)
                                         0xb8 (size before relaxing)
 .eh_frame      0x000000000002d1ac      0x100 build/cooja/mtype937.a(rs232.o)
                                        0x118 (size before relaxing)
 .eh_frame      0x000000000002d2ac       0xa0 build/cooja/mtype937.a(vib-sensor.o)
                                         0xb8 (size before relaxing)
 .eh_frame      0x000000000002d34c       0xc0 build/cooja/mtype937.a(clock.o)
                                         0xd8 (size before relaxing)
 .eh_frame      0x000000000002d40c      0x120 build/cooja/mtype937.a(cooja-log.o)
                                        0x138 (size before relaxing)
 .eh_frame      0x000000000002d52c      0x160 build/cooja/mtype937.a(cfs-cooja.o)
                                        0x178 (size before relaxing)
 .eh_frame      0x000000000002d68c      0x340 build/cooja/mtype937.a(cooja-radio.o)
                                        0x358 (size before relaxing)
 .eh_frame      0x000000000002d9cc       0xa0 build/cooja/mtype937.a(eeprom.o)
                                         0xb8 (size before relaxing)
 .eh_frame      0x000000000002da6c       0x40 build/cooja/mtype937.a(random.o)
                                         0x58 (size before relaxing)
 .eh_frame      0x000000000002daac       0xc0 build/cooja/mtype937.a(sensors.o)
                                         0xd8 (size before relaxing)
 .eh_frame      0x000000000002db6c      0x120 build/cooja/mtype937.a(leds.o)
                                        0x138 (size before relaxing)
 .eh_frame      0x000000000002dc8c      0x220 build/cooja/mtype937.a(gpio-hal-arch.o)
                                        0x238 (size before relaxing)
 .eh_frame      0x000000000002deac       0xa0 build/cooja/mtype937.a(buttons.o)
                                         0xb8 (size before relaxing)
 .eh_frame      0x000000000002df4c       0x60 build/cooja/mtype937.a(res_temperature)
                                         0x78 (size before relaxing)
 .eh_frame      0x000000000002dfac       0x44 build/cooja/mtype937.a(coap-blocking-a)
                                         0x5c (size before relaxing)
 .eh_frame      0x000000000002dff0      0x220 build/cooja/mtype937.a(coap-engine.o)
                                        0x238 (size before relaxing)
 .eh_frame      0x000000000002e210       0x24 build/cooja/mtype937.a(coap-res-well-k)
                                         0x3c (size before relaxing)
 .eh_frame      0x000000000002e234      0x188 build/cooja/mtype937.a(coap-observe.o)
                                        0x1a0 (size before relaxing)
 .eh_frame      0x000000000002e3bc      0x250 build/cooja/mtype937.a(coap-uip.o)
                                        0x268 (size before relaxing)
 .eh_frame      0x000000000002e60c      0x114 build/cooja/mtype937.a(coap-timer.o)
                                        0x12c (size before relaxing)
 .eh_frame      0x000000000002e720      0x100 build/cooja/mtype937.a(coap-transactio)
                                        0x118 (size before relaxing)
 .eh_frame      0x000000000002e820      0x6ec build/cooja/mtype937.a(coap.o)
                                        0x704 (size before relaxing)
 .eh_frame      0x000000000002ef0c       0x30 build/cooja/mtype937.a(contiki-main.o)
                                         0x48 (size before relaxing)
 .eh_frame      0x000000000002ef3c       0x40 build/cooja/mtype937.a(autostart.o)
                                         0x58 (size before relaxing)
 .eh_frame      0x000000000002ef7c      0x100 build/cooja/mtype937.a(ctimer.o)
                                        0x118 (size before relaxing)
 .eh_frame      0x000000000002f07c      0x100 build/cooja/mtype937.a(log.o)
                                        0x118 (size before relaxing)
 .eh_frame      0x000000000002f17c       0x60 build/cooja/mtype937.a(energest.o)
                                         0x78 (size before relaxing)
 .eh_frame      0x000000000002f1dc      0x1e0 build/cooja/mtype937.a(etimer.o)
                                        0x1f8 (size before relaxing)
 .eh_frame      0x000000000002f3bc       0x20 build/cooja/mtype937.a(node-id.o)
                                         0x38 (size before relaxing)
 .eh_frame      0x000000000002f3dc       0x60 build/cooja/mtype937.a(rtimer.o)
                                         0x78 (size before relaxing)
 .eh_frame      0x000000000002f43c      0x1c4 build/cooja/mtype937.a(process.o)
                                        0x1dc (size before relaxing)
 .eh_frame      0x000000000002f600       0xa4 build/cooja/mtype937.a(timer.o)
                                         0xbc (size before relaxing)
 .eh_frame      0x000000000002f6a4      0x1a0 build/cooja/mtype937.a(list.o)
                                        0x1b8 (size before relaxing)
 .eh_frame      0x000000000002f844       0xa0 build/cooja/mtype937.a(memb.o)
                                         0xb8 (size before relaxing)
 .eh_frame      0x000000000002f8e4      0x144 build/cooja/mtype937.a(button-hal.o)
                                        0x15c (size before relaxing)
 .eh_frame      0x000000000002fa28       0x60 build/cooja/mtype937.a(serial-line.o)
                                         0x78 (size before relaxing)
 .eh_frame      0x000000000002fa88       0xe0 build/cooja/mtype937.a(gpio-hal.o)
                                         0xf8 (size before relaxing)
 .eh_frame      0x000000000002fb68      0x1a0 build/cooja/mtype937.a(queuebuf.o)
                                        0x1b8 (size before relaxing)
 .eh_frame      0x000000000002fd08      0x28c build/cooja/mtype937.a(packetbuf.o)
                                        0x2a4 (size before relaxing)
 .eh_frame      0x000000000002ff94       0x80 build/cooja/mtype937.a(netstack.o)
                                         0x98 (size before relaxing)
 .eh_frame      0x0000000000030014       0x60 build/cooja/mtype937.a(linkaddr.o)
                                         0x78 (size before relaxing)
 .eh_frame      0x0000000000030074       0xe0 build/cooja/mtype937.a(csma.o)
                                         0xf8 (size before relaxing)
 .eh_frame      0x0000000000030154      0x1d0 build/cooja/mtype937.a(csma-output.o)
                                        0x1e8 (size before relaxing)
 .eh_frame      0x0000000000030324      0x328 build/cooja/mtype937.a(uip-ds6.o)
                                        0x340 (size before relaxing)
 .eh_frame      0x000000000003064c       0x40 build/cooja/mtype937.a(uip-udp-packet.)
                                         0x58 (size before relaxing)
 .eh_frame      0x000000000003068c      0x220 build/cooja/mtype937.a(uip-ds6-route.o)
                                        0x238 (size before relaxing)
 .eh_frame      0x00000000000308ac      0x244 build/cooja/mtype937.a(tcpip.o)
                                        0x25c (size before relaxing)
 .eh_frame      0x0000000000030af0      0x1e8 build/cooja/mtype937.a(uip6.o)
                                        0x200 (size before relaxing)
 .eh_frame      0x0000000000030cd8      0x1c0 build/cooja/mtype937.a(uip-ds6-nbr.o)
                                        0x1d8 (size before relaxing)
 .eh_frame      0x0000000000030e98       0x84 build/cooja/mtype937.a(uip-nd6.o)
                                         0x9c (size before relaxing)
 .eh_frame      0x0000000000030f1c       0xd4 build/cooja/mtype937.a(simple-udp.o)
                                         0xec (size before relaxing)
 .eh_frame      0x0000000000030ff0      0x2f8 build/cooja/mtype937.a(sicslowpan.o)
                                        0x310 (size before relaxing)
 .eh_frame      0x00000000000312e8       0x88 build/cooja/mtype937.a(uiplib.o)
                                         0xa0 (size before relaxing)
 .eh_frame      0x0000000000031370      0x1e0 build/cooja/mtype937.a(rpl.o)
                                        0x1f8 (size before relaxing)
 .eh_frame      0x0000000000031550      0x1c4 build/cooja/mtype937.a(rpl-icmp6.o)
                                        0x1dc (size before relaxing)
 .eh_frame      0x0000000000031714       0xa0 build/cooja/mtype937.a(rpl-dag-root.o)
                                         0xb8 (size before relaxing)
 .eh_frame      0x00000000000317b4       0xa0 build/cooja/mtype937.a(watchdog.o)
                                         0xb8 (size before relaxing)
 .eh_frame      0x0000000000031854       0x80 build/cooja/mtype937.a(int-master.o)
                                         0x98 (size before relaxing)
 .eh_frame      0x00000000000318d4       0xa4 build/cooja/mtype937.a(coap-timer-defa)
                                         0xbc (size before relaxing)
 .eh_frame      0x0000000000031978       0xc4 build/cooja/mtype937.a(stimer.o)
                                         0xdc (size before relaxing)
 .eh_frame      0x0000000000031a3c       0xa0 build/cooja/mtype937.a(ringbuf.o)
                                         0xb8 (size before relaxing)
 .eh_frame      0x0000000000031adc       0x20 build/cooja/mtype937.a(assert.o)
                                         0x38 (size before relaxing)
 .eh_frame      0x0000000000031afc      0x2ac build/cooja/mtype937.a(nbr-table.o)
                                        0x2c4 (size before relaxing)
 .eh_frame      0x0000000000031da8      0x120 build/cooja/mtype937.a(link-stats.o)
                                        0x138 (size before relaxing)
 .eh_frame      0x0000000000031ec8       0x48 build/cooja/mtype937.a(mac-sequence.o)
                                         0x60 (size before relaxing)
 .eh_frame      0x0000000000031f10       0x20 build/cooja/mtype937.a(mac.o)
                                         0x38 (size before relaxing)
 .eh_frame      0x0000000000031f30       0xa4 build/cooja/mtype937.a(framer-802154.o)
                                         0xbc (size before relaxing)
 .eh_frame      0x0000000000031fd4      0x1a4 build/cooja/mtype937.a(frame802154.o)
                                        0x1bc (size before relaxing)
 .eh_frame      0x0000000000032178       0x40 build/cooja/mtype937.a(csma-security.o)
                                         0x58 (size before relaxing)
 .eh_frame      0x00000000000321b8      0x200 build/cooja/mtype937.a(uipbuf.o)
                                        0x218 (size before relaxing)
 .eh_frame      0x00000000000323b8      0x150 build/cooja/mtype937.a(uip-icmp6.o)
                                        0x168 (size before relaxing)
 .eh_frame      0x0000000000032508      0x184 build/cooja/mtype937.a(uip-sr.o)
                                        0x19c (size before relaxing)
 .eh_frame      0x000000000003268c       0xe0 build/cooja/mtype937.a(uip-packetqueue)
                                         0xf8 (size before relaxing)
 .eh_frame      0x000000000003276c       0x80 build/cooja/mtype937.a(rpl-nbr-policy.)
                                         0x98 (size before relaxing)
 .eh_frame      0x00000000000327ec      0x2d4 build/cooja/mtype937.a(rpl-neighbor.o)
                                        0x2ec (size before relaxing)
 .eh_frame      0x0000000000032ac0      0x370 build/cooja/mtype937.a(rpl-dag.o)
                                        0x388 (size before relaxing)
 .eh_frame      0x0000000000032e30      0x3a8 build/cooja/mtype937.a(rpl-timers.o)
                                        0x3c0 (size before relaxing)
 .eh_frame      0x00000000000331d8      0x124 build/cooja/mtype937.a(rpl-ext-header.)
                                        0x13c (size before relaxing)
 .eh_frame      0x00000000000332fc      0x148 build/cooja/mtype937.a(rpl-mrhof.o)
                                        0x160 (size before relaxing)
 .eh_frame      0x0000000000033444       0x84 /usr/lib/gcc/i686-linux-gnu/5/libgcc.a(_udivdi3.o)
                                         0x9c (size before relaxing)
 .eh_frame      0x00000000000334c8        0x4 /usr/lib/gcc/i686-linux-gnu/5/crtendS.o
 *(.eh_frame.*)

.gcc_except_table
 *(.gcc_except_table .gcc_except_table.*)

.gnu_extab
 *(.gnu_extab*)

.exception_ranges
 *(.exception_ranges .exception_ranges*)
                0x0000000000034f10                . = DATA_SEGMENT_ALIGN (0x1000, 0x1000)

.eh_frame
 *(.eh_frame)
 *(.eh_frame.*)

.gnu_extab
 *(.gnu_extab)

.gcc_except_table
 *(.gcc_except_table .gcc_except_table.*)

.exception_ranges
 *(.exception_ranges .exception_ranges*)

.tdata
 *(.tdata .tdata.* .gnu.linkonce.td.*)

.tbss
 *(.tbss .tbss.* .gnu.linkonce.tb.*)
 *(.tcommon)

.preinit_array
 *(.preinit_array)

.init_array     0x0000000000034f10        0x4
 *(SORT(.init_array.*) SORT(.ctors.*))
 *(.init_array EXCLUDE_FILE(*crtend?.o *crtend.o *crtbegin?.o *crtbegin.o) .ctors)
 .init_array    0x0000000000034f10        0x4 /usr/lib/gcc/i686-linux-gnu/5/crtbeginS.o

.fini_array     0x0000000000034f14        0x4
 *(SORT(.fini_array.*) SORT(.dtors.*))
 *(.fini_array EXCLUDE_FILE(*crtend?.o *crtend.o *crtbegin?.o *crtbegin.o) .dtors)
 .fini_array    0x0000000000034f14        0x4 /usr/lib/gcc/i686-linux-gnu/5/crtbeginS.o

.ctors
 *crtbegin.o(.ctors)
 *crtbegin?.o(.ctors)
 *(EXCLUDE_FILE(*crtend?.o *crtend.o) .ctors)
 *(SORT(.ctors.*))
 *(.ctors)

.dtors
 *crtbegin.o(.dtors)
 *crtbegin?.o(.dtors)
 *(EXCLUDE_FILE(*crtend?.o *crtend.o) .dtors)
 *(SORT(.dtors.*))
 *(.dtors)

.jcr            0x0000000000034f18        0x4
 *(.jcr)
 .jcr           0x0000000000034f18        0x0 /usr/lib/gcc/i686-linux-gnu/5/crtbeginS.o
 .jcr           0x0000000000034f18        0x4 /usr/lib/gcc/i686-linux-gnu/5/crtendS.o

.data.rel.ro
 *(.data.rel.ro.local* .gnu.linkonce.d.rel.ro.local.*)
 *(.data.rel.ro .data.rel.ro.* .gnu.linkonce.d.rel.ro.*)

.dynamic        0x0000000000034f1c       0xd0
 *(.dynamic)
 .dynamic       0x0000000000034f1c       0xd0 /usr/lib/gcc/i686-linux-gnu/5/../../../i386-linux-gnu/crti.o
                0x0000000000034f1c                _DYNAMIC

.got            0x0000000000034fec       0x14
 *(.got)
 .got           0x0000000000034fec       0x14 /usr/lib/gcc/i686-linux-gnu/5/../../../i386-linux-gnu/crti.o
 *(.igot)
                0x0000000000035ff4                . = DATA_SEGMENT_RELRO_END (., (SIZEOF (.got.plt) >= 0xc)?0xc:0x0)

.got.plt        0x0000000000035000        0xc
 *(.got.plt)
 .got.plt       0x0000000000035000        0xc /usr/lib/gcc/i686-linux-gnu/5/../../../i386-linux-gnu/crti.o
                0x0000000000035000                _GLOBAL_OFFSET_TABLE_
 *(.igot.plt)

.data           0x0000000000035020      0x4e4
 *(.data .data.* .gnu.linkonce.d.*)
 .data          0x0000000000035020        0x0 /usr/lib/gcc/i686-linux-gnu/5/../../../i386-linux-gnu/crti.o
 .data          0x0000000000035020        0x0 /usr/lib/gcc/i686-linux-gnu/5/crtbeginS.o
 .data.rel.local
                0x0000000000035020        0x4 /usr/lib/gcc/i686-linux-gnu/5/crtbeginS.o
                0x0000000000035020                __dso_handle
 .data          0x0000000000035024       0x34 client.o
                0x0000000000035024                service_url
                0x0000000000035028                udp_client
                0x0000000000035038                coap_client
                0x0000000000035048                coap_server
 *fill*         0x0000000000035058        0x8 
 .data          0x0000000000035060       0x44 build/cooja/mtype937.o
                0x0000000000035060                simInterfaces
                0x0000000000035094                sensors
 .data          0x00000000000350a4        0x0 build/cooja/mtype937.a(simEnvChange.o)
 .data          0x00000000000350a4        0x0 build/cooja/mtype937.a(cooja_mt.o)
 .data          0x00000000000350a4        0x0 build/cooja/mtype937.a(cooja_mtarch.o)
 .data          0x00000000000350a4        0x0 build/cooja/mtype937.a(rtimer-arch.o)
 .data          0x00000000000350a4        0x0 build/cooja/mtype937.a(beep.o)
 .data          0x00000000000350a4        0x0 build/cooja/mtype937.a(leds-arch.o)
 .data          0x00000000000350a4        0x0 build/cooja/mtype937.a(moteid.o)
 .data          0x00000000000350a4        0x0 build/cooja/mtype937.a(pir-sensor.o)
 .data          0x00000000000350a4        0x0 build/cooja/mtype937.a(rs232.o)
 .data          0x00000000000350a4        0x0 build/cooja/mtype937.a(vib-sensor.o)
 .data          0x00000000000350a4        0x0 build/cooja/mtype937.a(clock.o)
 .data          0x00000000000350a4        0x0 build/cooja/mtype937.a(cooja-log.o)
 .data          0x00000000000350a4        0x0 build/cooja/mtype937.a(cfs-cooja.o)
 .data          0x00000000000350a4       0x2c build/cooja/mtype937.a(cooja-radio.o)
                0x00000000000350a4                simRadioHWOn
                0x00000000000350a8                simSignalStrength
                0x00000000000350ac                simLastSignalStrength
                0x00000000000350b0                simPower
                0x00000000000350b4                simRadioChannel
                0x00000000000350b8                simLQI
                0x00000000000350c0                cooja_radio_process
 .data          0x00000000000350d0        0x0 build/cooja/mtype937.a(eeprom.o)
 .data          0x00000000000350d0        0x0 build/cooja/mtype937.a(random.o)
 .data          0x00000000000350d0       0x10 build/cooja/mtype937.a(sensors.o)
                0x00000000000350d0                sensors_process
 .data          0x00000000000350e0        0x0 build/cooja/mtype937.a(leds.o)
 .data          0x00000000000350e0        0x0 build/cooja/mtype937.a(gpio-hal-arch.o)
 .data          0x00000000000350e0       0x78 build/cooja/mtype937.a(buttons.o)
                0x00000000000350e0                simButtonIsActive
                0x0000000000035150                button_hal_buttons
 *fill*         0x0000000000035158        0x8 
 .data          0x0000000000035160       0xa4 build/cooja/mtype937.a(res_temperature)
                0x00000000000351e0                res_temperature
 .data          0x0000000000035204        0x0 build/cooja/mtype937.a(coap-blocking-a)
 .data          0x0000000000035204        0x8 build/cooja/mtype937.a(coap-engine.o)
 *fill*         0x000000000003520c       0x14 
 .data          0x0000000000035220       0x24 build/cooja/mtype937.a(coap-res-well-k)
                0x0000000000035220                res_well_known_core
 .data          0x0000000000035244       0x10 build/cooja/mtype937.a(coap-observe.o)
 .data          0x0000000000035254       0x10 build/cooja/mtype937.a(coap-uip.o)
                0x0000000000035254                coap_engine
 .data          0x0000000000035264        0x4 build/cooja/mtype937.a(coap-timer.o)
 .data          0x0000000000035268       0x10 build/cooja/mtype937.a(coap-transactio)
 .data          0x0000000000035278        0x4 build/cooja/mtype937.a(coap.o)
                0x0000000000035278                coap_error_message
 .data          0x000000000003527c        0x0 build/cooja/mtype937.a(contiki-main.o)
 .data          0x000000000003527c        0x0 build/cooja/mtype937.a(autostart.o)
 .data          0x000000000003527c       0x14 build/cooja/mtype937.a(ctimer.o)
                0x0000000000035280                ctimer_process
 *fill*         0x0000000000035290       0x10 
 .data          0x00000000000352a0       0xbc build/cooja/mtype937.a(log.o)
                0x00000000000352a0                curr_log_level_main
                0x00000000000352c0                all_modules
 .data          0x000000000003535c        0x0 build/cooja/mtype937.a(energest.o)
 .data          0x000000000003535c       0x10 build/cooja/mtype937.a(etimer.o)
                0x000000000003535c                etimer_process
 .data          0x000000000003536c        0x0 build/cooja/mtype937.a(node-id.o)
 .data          0x000000000003536c        0x0 build/cooja/mtype937.a(rtimer.o)
 .data          0x000000000003536c        0x0 build/cooja/mtype937.a(process.o)
 .data          0x000000000003536c        0x0 build/cooja/mtype937.a(timer.o)
 .data          0x000000000003536c        0x0 build/cooja/mtype937.a(list.o)
 .data          0x000000000003536c        0x0 build/cooja/mtype937.a(memb.o)
 .data          0x000000000003536c       0x10 build/cooja/mtype937.a(button-hal.o)
                0x000000000003536c                button_hal_process
 .data          0x000000000003537c       0x10 build/cooja/mtype937.a(serial-line.o)
                0x000000000003537c                serial_line_process
 .data          0x000000000003538c        0x4 build/cooja/mtype937.a(gpio-hal.o)
 .data          0x0000000000035390       0x18 build/cooja/mtype937.a(queuebuf.o)
 .data          0x00000000000353a8        0x4 build/cooja/mtype937.a(packetbuf.o)
 .data          0x00000000000353ac        0x4 build/cooja/mtype937.a(netstack.o)
 .data          0x00000000000353b0        0x0 build/cooja/mtype937.a(linkaddr.o)
 .data          0x00000000000353b0        0x0 build/cooja/mtype937.a(csma.o)
 .data          0x00000000000353b0       0x28 build/cooja/mtype937.a(csma-output.o)
 .data          0x00000000000353d8        0x0 build/cooja/mtype937.a(uip-ds6.o)
 .data          0x00000000000353d8        0x0 build/cooja/mtype937.a(uip-udp-packet.)
 .data          0x00000000000353d8       0x10 build/cooja/mtype937.a(uip-ds6-route.o)
 .data          0x00000000000353e8       0x10 build/cooja/mtype937.a(tcpip.o)
                0x00000000000353e8                tcpip_process
 .data          0x00000000000353f8        0x0 build/cooja/mtype937.a(uip6.o)
 .data          0x00000000000353f8       0x14 build/cooja/mtype937.a(uip-ds6-nbr.o)
 .data          0x000000000003540c        0xc build/cooja/mtype937.a(uip-nd6.o)
 .data          0x0000000000035418       0x10 build/cooja/mtype937.a(simple-udp.o)
                0x0000000000035418                simple_udp_process
 .data          0x0000000000035428        0x0 build/cooja/mtype937.a(sicslowpan.o)
 .data          0x0000000000035428        0x0 build/cooja/mtype937.a(uiplib.o)
 .data          0x0000000000035428        0x0 build/cooja/mtype937.a(rpl.o)
 .data          0x0000000000035428       0x30 build/cooja/mtype937.a(rpl-icmp6.o)
 .data          0x0000000000035458        0x0 build/cooja/mtype937.a(rpl-dag-root.o)
 .data          0x0000000000035458        0x0 build/cooja/mtype937.a(watchdog.o)
 .data          0x0000000000035458        0x0 build/cooja/mtype937.a(int-master.o)
 .data          0x0000000000035458       0x10 build/cooja/mtype937.a(coap-timer-defa)
                0x0000000000035458                coap_timer_process
 .data          0x0000000000035468        0x0 build/cooja/mtype937.a(stimer.o)
 .data          0x0000000000035468        0x0 build/cooja/mtype937.a(ringbuf.o)
 .data          0x0000000000035468        0x0 build/cooja/mtype937.a(assert.o)
 .data          0x0000000000035468       0x10 build/cooja/mtype937.a(nbr-table.o)
 .data          0x0000000000035478       0x14 build/cooja/mtype937.a(link-stats.o)
 .data          0x000000000003548c        0x0 build/cooja/mtype937.a(mac-sequence.o)
 .data          0x000000000003548c        0x0 build/cooja/mtype937.a(mac.o)
 .data          0x000000000003548c        0x0 build/cooja/mtype937.a(framer-802154.o)
 .data          0x000000000003548c        0x2 build/cooja/mtype937.a(frame802154.o)
 .data          0x000000000003548e        0x0 build/cooja/mtype937.a(csma-security.o)
 .data          0x000000000003548e        0x0 build/cooja/mtype937.a(uipbuf.o)
 *fill*         0x000000000003548e        0x2 
 .data          0x0000000000035490       0x20 build/cooja/mtype937.a(uip-icmp6.o)
 .data          0x00000000000354b0       0x10 build/cooja/mtype937.a(uip-sr.o)
 .data          0x00000000000354c0        0xc build/cooja/mtype937.a(uip-packetqueue)
 .data          0x00000000000354cc        0x0 build/cooja/mtype937.a(rpl-nbr-policy.)
 .data          0x00000000000354cc       0x14 build/cooja/mtype937.a(rpl-neighbor.o)
                0x00000000000354dc                rpl_neighbors
 .data          0x00000000000354e0        0x0 build/cooja/mtype937.a(rpl-dag.o)
 .data          0x00000000000354e0        0x0 build/cooja/mtype937.a(rpl-timers.o)
 .data          0x00000000000354e0        0x0 build/cooja/mtype937.a(rpl-ext-header.)
 .data          0x00000000000354e0       0x24 build/cooja/mtype937.a(rpl-mrhof.o)
                0x00000000000354e0                rpl_mrhof
 .data          0x0000000000035504        0x0 /usr/lib/gcc/i686-linux-gnu/5/libgcc.a(_udivdi3.o)
 .data          0x0000000000035504        0x0 /usr/lib/gcc/i686-linux-gnu/5/crtendS.o
 .data          0x0000000000035504        0x0 /usr/lib/gcc/i686-linux-gnu/5/../../../i386-linux-gnu/crtn.o

.tm_clone_table
                0x0000000000035504        0x0
 .tm_clone_table
                0x0000000000035504        0x0 /usr/lib/gcc/i686-linux-gnu/5/crtbeginS.o
 .tm_clone_table
                0x0000000000035504        0x0 /usr/lib/gcc/i686-linux-gnu/5/crtendS.o

.data1
 *(.data1)
                0x0000000000035504                _edata = .
                [!provide]                        PROVIDE (edata, .)
                0x0000000000035504                . = .
                0x0000000000035504                __bss_start = .

.bss            0x0000000000035520    0x144c4
 *(.dynbss)
 .dynbss        0x0000000000035520        0x0 /usr/lib/gcc/i686-linux-gnu/5/../../../i386-linux-gnu/crti.o
 *(.bss .bss.* .gnu.linkonce.b.*)
 .bss           0x0000000000035520        0x0 /usr/lib/gcc/i686-linux-gnu/5/../../../i386-linux-gnu/crti.o
 .bss           0x0000000000035520        0x1 /usr/lib/gcc/i686-linux-gnu/5/crtbeginS.o
 *fill*         0x0000000000035521       0x1f 
 .bss           0x0000000000035540      0x16c client.o
                0x0000000000035540                rpl_add
 *fill*         0x00000000000356ac       0x14 
 .bss           0x00000000000356c0     0x2030 build/cooja/mtype937.o
 .bss           0x00000000000376f0        0x1 build/cooja/mtype937.a(simEnvChange.o)
                0x00000000000376f0                simDontFallAsleep
 *fill*         0x00000000000376f1        0x3 
 .bss           0x00000000000376f4        0x4 build/cooja/mtype937.a(cooja_mt.o)
 .bss           0x00000000000376f8        0x4 build/cooja/mtype937.a(cooja_mtarch.o)
 .bss           0x00000000000376fc        0x0 build/cooja/mtype937.a(rtimer-arch.o)
 .bss           0x00000000000376fc        0x0 build/cooja/mtype937.a(beep.o)
 .bss           0x00000000000376fc        0x1 build/cooja/mtype937.a(leds-arch.o)
                0x00000000000376fc                simLedsValue
 .bss           0x00000000000376fd        0x0 build/cooja/mtype937.a(moteid.o)
 .bss           0x00000000000376fd        0x1 build/cooja/mtype937.a(pir-sensor.o)
                0x00000000000376fd                simPirValue
 *fill*         0x00000000000376fe        0x2 
 .bss           0x0000000000037700        0x4 build/cooja/mtype937.a(rs232.o)
 .bss           0x0000000000037704        0x1 build/cooja/mtype937.a(vib-sensor.o)
                0x0000000000037704                simVibValue
 .bss           0x0000000000037705        0x0 build/cooja/mtype937.a(clock.o)
 *fill*         0x0000000000037705       0x1b 
 .bss           0x0000000000037720     0x2020 build/cooja/mtype937.a(cooja-log.o)
 .bss           0x0000000000039740      0xfc0 build/cooja/mtype937.a(cfs-cooja.o)
                0x0000000000039740                simCFSData
                0x000000000003a6e0                simCFSSize
                0x000000000003a6e4                simCFSChanged
                0x000000000003a6e8                simCFSRead
                0x000000000003a6ec                simCFSWritten
 .bss           0x000000000003a700       0x24 build/cooja/mtype937.a(cooja-radio.o)
                0x000000000003a700                simReceiving
                0x000000000003a704                simInSize
                0x000000000003a708                simLastPacketTimestamp
                0x000000000003a710                simOutSize
 .bss           0x000000000003a724        0xc build/cooja/mtype937.a(eeprom.o)
                0x000000000003a724                simEEPROMChanged
                0x000000000003a728                simEEPROMRead
                0x000000000003a72c                simEEPROMWritten
 .bss           0x000000000003a730        0x0 build/cooja/mtype937.a(random.o)
 .bss           0x000000000003a730        0xc build/cooja/mtype937.a(sensors.o)
 .bss           0x000000000003a73c        0x0 build/cooja/mtype937.a(leds.o)
 .bss           0x000000000003a73c       0x24 build/cooja/mtype937.a(gpio-hal-arch.o)
 .bss           0x000000000003a760        0x0 build/cooja/mtype937.a(buttons.o)
 .bss           0x000000000003a760        0x0 build/cooja/mtype937.a(res_temperature)
 .bss           0x000000000003a760        0x0 build/cooja/mtype937.a(coap-blocking-a)
 .bss           0x000000000003a760      0x190 build/cooja/mtype937.a(coap-engine.o)
 .bss           0x000000000003a8f0        0x0 build/cooja/mtype937.a(coap-res-well-k)
 *fill*         0x000000000003a8f0       0x10 
 .bss           0x000000000003a900      0x120 build/cooja/mtype937.a(coap-observe.o)
 .bss           0x000000000003aa20       0x18 build/cooja/mtype937.a(coap-uip.o)
 .bss           0x000000000003aa38        0x5 build/cooja/mtype937.a(coap-timer.o)
 *fill*         0x000000000003aa3d        0x3 
 .bss           0x000000000003aa40      0x334 build/cooja/mtype937.a(coap-transactio)
 .bss           0x000000000003ad74        0x6 build/cooja/mtype937.a(coap.o)
                0x000000000003ad74                coap_status_code
 .bss           0x000000000003ad7a        0x0 build/cooja/mtype937.a(contiki-main.o)
 .bss           0x000000000003ad7a        0x0 build/cooja/mtype937.a(autostart.o)
 *fill*         0x000000000003ad7a        0x2 
 .bss           0x000000000003ad7c        0x5 build/cooja/mtype937.a(ctimer.o)
 *fill*         0x000000000003ad81        0x3 
 .bss           0x000000000003ad84       0x2c build/cooja/mtype937.a(log.o)
                0x000000000003ad84                curr_log_level_rpl
                0x000000000003ad88                curr_log_level_tcpip
                0x000000000003ad8c                curr_log_level_ipv6
                0x000000000003ad90                curr_log_level_6lowpan
                0x000000000003ad94                curr_log_level_nullnet
                0x000000000003ad98                curr_log_level_mac
                0x000000000003ad9c                curr_log_level_framer
                0x000000000003ada0                curr_log_level_6top
                0x000000000003ada4                curr_log_level_coap
                0x000000000003ada8                curr_log_level_snmp
                0x000000000003adac                curr_log_level_lwm2m
 .bss           0x000000000003adb0        0x0 build/cooja/mtype937.a(energest.o)
 .bss           0x000000000003adb0        0x8 build/cooja/mtype937.a(etimer.o)
 .bss           0x000000000003adb8        0x2 build/cooja/mtype937.a(node-id.o)
                0x000000000003adb8                node_id
 *fill*         0x000000000003adba        0x2 
 .bss           0x000000000003adbc        0x4 build/cooja/mtype937.a(rtimer.o)
 .bss           0x000000000003adc0      0x1a1 build/cooja/mtype937.a(process.o)
                0x000000000003adc0                process_list
                0x000000000003adc4                process_current
 .bss           0x000000000003af61        0x0 build/cooja/mtype937.a(timer.o)
 .bss           0x000000000003af61        0x0 build/cooja/mtype937.a(list.o)
 .bss           0x000000000003af61        0x0 build/cooja/mtype937.a(memb.o)
 *fill*         0x000000000003af61        0x3 
 .bss           0x000000000003af64       0x10 build/cooja/mtype937.a(button-hal.o)
 *fill*         0x000000000003af74        0xc 
 .bss           0x000000000003af80      0x140 build/cooja/mtype937.a(serial-line.o)
 .bss           0x000000000003b0c0        0x4 build/cooja/mtype937.a(gpio-hal.o)
 *fill*         0x000000000003b0c4       0x1c 
 .bss           0x000000000003b0e0     0x2c80 build/cooja/mtype937.a(queuebuf.o)
 .bss           0x000000000003dd60       0xa0 build/cooja/mtype937.a(packetbuf.o)
 .bss           0x000000000003de00        0x4 build/cooja/mtype937.a(netstack.o)
 .bss           0x000000000003de04        0x0 build/cooja/mtype937.a(linkaddr.o)
 .bss           0x000000000003de04        0x0 build/cooja/mtype937.a(csma.o)
 *fill*         0x000000000003de04       0x1c 
 .bss           0x000000000003de20      0x726 build/cooja/mtype937.a(csma-output.o)
 *fill*         0x000000000003e546        0x2 
 .bss           0x000000000003e548       0x30 build/cooja/mtype937.a(uip-ds6.o)
 .bss           0x000000000003e578        0x0 build/cooja/mtype937.a(uip-udp-packet.)
 *fill*         0x000000000003e578        0x8 
 .bss           0x000000000003e580       0x60 build/cooja/mtype937.a(uip-ds6-route.o)
 .bss           0x000000000003e5e0       0x10 build/cooja/mtype937.a(tcpip.o)
 .bss           0x000000000003e5f0        0x8 build/cooja/mtype937.a(uip6.o)
                0x000000000003e5f0                uip_ext_bitmap
                0x000000000003e5f2                uip_ext_len