Archive member included to satisfy reference by file (symbol)

build/cooja/mtype19.a(simEnvChange.o)
                              build/cooja/mtype19.o (simDontFallAsleep)
build/cooja/mtype19.a(cooja_mt.o)
                              build/cooja/mtype19.o (cooja_mt_start)
build/cooja/mtype19.a(cooja_mtarch.o)
                              build/cooja/mtype19.a(cooja_mt.o) (cooja_mtarch_start)
build/cooja/mtype19.a(rtimer-arch.o)
                              build/cooja/mtype19.o (rtimer_arch_check)
build/cooja/mtype19.a(beep.o)
                              build/cooja/mtype19.o (beep_interface)
build/cooja/mtype19.a(leds-arch.o)
                              build/cooja/mtype19.o (leds_interface)
build/cooja/mtype19.a(moteid.o)
                              build/cooja/mtype19.o (moteid_interface)
build/cooja/mtype19.a(pir-sensor.o)
                              build/cooja/mtype19.o (pir_interface)
build/cooja/mtype19.a(rs232.o)
                              build/cooja/mtype19.o (rs232_interface)
build/cooja/mtype19.a(vib-sensor.o)
                              build/cooja/mtype19.o (vib_interface)
build/cooja/mtype19.a(clock.o)
                              build/cooja/mtype19.o (clock_interface)
build/cooja/mtype19.a(cooja-log.o)
                              build/cooja/mtype19.o (simlog_interface)
build/cooja/mtype19.a(cfs-cooja.o)
                              build/cooja/mtype19.o (cfs_interface)
build/cooja/mtype19.a(cooja-radio.o)
                              build/cooja/mtype19.o (radio_interface)
build/cooja/mtype19.a(eeprom.o)
                              build/cooja/mtype19.o (eeprom_interface)
build/cooja/mtype19.a(random.o)
                              build/cooja/mtype19.a(moteid.o) (random_init)
build/cooja/mtype19.a(sensors.o)
                              build/cooja/mtype19.a(pir-sensor.o) (sensors_changed)
build/cooja/mtype19.a(leds.o)
                              build/cooja/mtype19.a(leds-arch.o) (leds_get)
build/cooja/mtype19.a(gpio-hal-arch.o)
                              build/cooja/mtype19.a(leds-arch.o) (gpio_hal_arch_register_pin_callback)
build/cooja/mtype19.a(buttons.o)
                              build/cooja/mtype19.o (button_interface)
build/cooja/mtype19.a(res_temperature)
                              temperature.o (name_assigned)
build/cooja/mtype19.a(coap-blocking-a)
                              temperature.o (coap_blocking_request)
build/cooja/mtype19.a(coap-engine.o)
                              temperature.o (coap_activate_resource)
build/cooja/mtype19.a(coap-res-well-k)
                              build/cooja/mtype19.a(coap-engine.o) (res_well_known_core)
build/cooja/mtype19.a(coap-observe.o)
                              build/cooja/mtype19.a(coap-engine.o) (coap_remove_observer_by_mid)
build/cooja/mtype19.a(coap-uip.o)
                              build/cooja/mtype19.a(coap-observe.o) (coap_endpoint_copy)
build/cooja/mtype19.a(coap-timer.o)
                              build/cooja/mtype19.a(coap-engine.o) (coap_timer_set)
build/cooja/mtype19.a(coap-transactio)
                              build/cooja/mtype19.a(coap-blocking-a) (coap_send_transaction)
build/cooja/mtype19.a(coap.o)
                              build/cooja/mtype19.a(coap-engine.o) (coap_status_code)
build/cooja/mtype19.a(contiki-main.o)
                              build/cooja/mtype19.o (main)
build/cooja/mtype19.a(autostart.o)
                              build/cooja/mtype19.a(contiki-main.o) (autostart_start)
build/cooja/mtype19.a(ctimer.o)
                              build/cooja/mtype19.a(contiki-main.o) (ctimer_init)
build/cooja/mtype19.a(log.o)  build/cooja/mtype19.a(contiki-main.o) (curr_log_level_main)
build/cooja/mtype19.a(energest.o)
                              build/cooja/mtype19.a(contiki-main.o) (energest_init)
build/cooja/mtype19.a(etimer.o)
                              build/cooja/mtype19.a(contiki-main.o) (etimer_process)
build/cooja/mtype19.a(node-id.o)
                              build/cooja/mtype19.a(contiki-main.o) (node_id)
build/cooja/mtype19.a(rtimer.o)
                              build/cooja/mtype19.a(contiki-main.o) (rtimer_init)
build/cooja/mtype19.a(process.o)
                              build/cooja/mtype19.a(coap-blocking-a) (process_current)
build/cooja/mtype19.a(timer.o)
                              build/cooja/mtype19.a(etimer.o) (timer_set)
build/cooja/mtype19.a(list.o)
                              build/cooja/mtype19.a(coap-engine.o) (list_init)
build/cooja/mtype19.a(memb.o)
                              build/cooja/mtype19.a(coap-observe.o) (memb_alloc)
build/cooja/mtype19.a(button-hal.o)
                              build/cooja/mtype19.o (button_hal_init)
build/cooja/mtype19.a(serial-line.o)
                              build/cooja/mtype19.a(rs232.o) (serial_line_input_byte)
build/cooja/mtype19.a(gpio-hal.o)
                              build/cooja/mtype19.a(button-hal.o) (gpio_hal_register_handler)
[...]
Memory Configuration

Name             Origin             Length             Attributes
*default*        0x0000000000000000 0xffffffffffffffff

Linker script and memory map

LOAD /usr/lib/gcc/i686-linux-gnu/5/../../../i386-linux-gnu/crti.o
LOAD /usr/lib/gcc/i686-linux-gnu/5/crtbeginS.o
LOAD temperature.o
LOAD build/cooja/mtype19.o
LOAD build/cooja/mtype19.a
LOAD /usr/lib/gcc/i686-linux-gnu/5/libgcc.a
LOAD /usr/lib/gcc/i686-linux-gnu/5/libgcc_s.so
LOAD /usr/lib/gcc/i686-linux-gnu/5/../../../i386-linux-gnu/libc.so
START GROUP
LOAD /lib/i386-linux-gnu/libc.so.6
LOAD /usr/lib/i386-linux-gnu/libc_nonshared.a
LOAD /lib/i386-linux-gnu/ld-linux.so.2
END GROUP
LOAD /usr/lib/gcc/i686-linux-gnu/5/libgcc.a
LOAD /usr/lib/gcc/i686-linux-gnu/5/libgcc_s.so
LOAD /usr/lib/gcc/i686-linux-gnu/5/crtendS.o
LOAD /usr/lib/gcc/i686-linux-gnu/5/../../../i386-linux-gnu/crtn.o
                0x0000000000000114                . = (0x0 + SIZEOF_HEADERS)

.note.gnu.build-id
                0x0000000000000114       0x24
 *(.note.gnu.build-id)
 .note.gnu.build-id
                0x0000000000000114       0x24 /usr/lib/gcc/i686-linux-gnu/5/../../../i386-linux-gnu/crti.o

.hash
 *(.hash)

.gnu.hash       0x0000000000000138     0x15ac
 *(.gnu.hash)
 .gnu.hash      0x0000000000000138     0x15ac /usr/lib/gcc/i686-linux-gnu/5/../../../i386-linux-gnu/crti.o

.dynsym         0x00000000000016e4     0x2f60
 *(.dynsym)
 .dynsym        0x00000000000016e4     0x2f60 /usr/lib/gcc/i686-linux-gnu/5/../../../i386-linux-gnu/crti.o

.dynstr         0x0000000000004644     0x36e0
 *(.dynstr)
 .dynstr        0x0000000000004644     0x36e0 /usr/lib/gcc/i686-linux-gnu/5/../../../i386-linux-gnu/crti.o

.gnu.version    0x0000000000007d24      0x5ec
 *(.gnu.version)
 .gnu.version   0x0000000000007d24      0x5ec /usr/lib/gcc/i686-linux-gnu/5/../../../i386-linux-gnu/crti.o

.gnu.version_d  0x0000000000008310        0x0
 *(.gnu.version_d)
 .gnu.version_d
                0x0000000000008310        0x0 /usr/lib/gcc/i686-linux-gnu/5/../../../i386-linux-gnu/crti.o

.gnu.version_r  0x0000000000008310       0x40
 *(.gnu.version_r)
 .gnu.version_r
                0x0000000000008310       0x40 /usr/lib/gcc/i686-linux-gnu/5/../../../i386-linux-gnu/crti.o

.rel.dyn        0x0000000000008350     0x9368
 *(.rel.init)
 .rel.init      0x0000000000008350        0x0 /usr/lib/gcc/i686-linux-gnu/5/../../../i386-linux-gnu/crti.o
 *(.rel.text .rel.text.* .rel.gnu.linkonce.t.*)
 .rel.text      0x0000000000008350     0x8990 /usr/lib/gcc/i686-linux-gnu/5/../../../i386-linux-gnu/crti.o
 *(.rel.fini)
 .rel.fini      0x0000000000010ce0        0x0 /usr/lib/gcc/i686-linux-gnu/5/../../../i386-linux-gnu/crti.o
 *(.rel.rodata .rel.rodata.* .rel.gnu.linkonce.r.*)
 .rel.rodata    0x0000000000010ce0      0x590 /usr/lib/gcc/i686-linux-gnu/5/../../../i386-linux-gnu/crti.o
 *(.rel.data.rel.ro .rel.data.rel.ro.* .rel.gnu.linkonce.d.rel.ro.*)
 *(.rel.data .rel.data.* .rel.gnu.linkonce.d.*)
 .rel.data.rel.local
                0x0000000000011270        0x8 /usr/lib/gcc/i686-linux-gnu/5/../../../i386-linux-gnu/crti.o
 .rel.data      0x0000000000011278      0x408 /usr/lib/gcc/i686-linux-gnu/5/../../../i386-linux-gnu/crti.o
 *(.rel.tdata .rel.tdata.* .rel.gnu.linkonce.td.*)
 *(.rel.tbss .rel.tbss.* .rel.gnu.linkonce.tb.*)
 *(.rel.ctors)
 *(.rel.dtors)
 *(.rel.got)
 .rel.got       0x0000000000011680       0x28 /usr/lib/gcc/i686-linux-gnu/5/../../../i386-linux-gnu/crti.o
 *(.rel.bss .rel.bss.* .rel.gnu.linkonce.b.*)
 *(.rel.ifunc)
 .rel.ifunc     0x00000000000116a8        0x0 /usr/lib/gcc/i686-linux-gnu/5/../../../i386-linux-gnu/crti.o
 .rel.fini_array
                0x00000000000116a8        0x8 /usr/lib/gcc/i686-linux-gnu/5/../../../i386-linux-gnu/crti.o
 .rel.init_array
                0x00000000000116b0        0x8 /usr/lib/gcc/i686-linux-gnu/5/../../../i386-linux-gnu/crti.o

.rel.plt        0x00000000000116b8        0x0
 *(.rel.plt)
 .rel.plt       0x00000000000116b8        0x0 /usr/lib/gcc/i686-linux-gnu/5/../../../i386-linux-gnu/crti.o
 *(.rel.iplt)

.init           0x00000000000116b8       0x23
 *(SORT(.init))
 .init          0x00000000000116b8       0x1e /usr/lib/gcc/i686-linux-gnu/5/../../../i386-linux-gnu/crti.o
                0x00000000000116b8                _init
 .init          0x00000000000116d6        0x5 /usr/lib/gcc/i686-linux-gnu/5/../../../i386-linux-gnu/crtn.o

.plt            0x00000000000116e0       0x10
 *(.plt)
 .plt           0x00000000000116e0       0x10 /usr/lib/gcc/i686-linux-gnu/5/../../../i386-linux-gnu/crti.o
 *(.iplt)

.plt.got        0x00000000000116f0       0x10
 *(.plt.got)
 .plt.got       0x00000000000116f0       0x10 /usr/lib/gcc/i686-linux-gnu/5/../../../i386-linux-gnu/crti.o

.text           0x0000000000011700    0x18c52
 *(.text.unlikely .text.*_unlikely .text.unlikely.*)
 .text.unlikely
                0x0000000000011700        0x0 /usr/lib/gcc/i686-linux-gnu/5/crtbeginS.o
 .text.unlikely
                0x0000000000011700        0x0 /usr/lib/gcc/i686-linux-gnu/5/libgcc.a(_udivdi3.o)
 *(.text.exit .text.exit.*)
 *(.text.startup .text.startup.*)
 *(.text.hot .text.hot.*)
 *(.text .stub .text.* .gnu.linkonce.t.*)
 .text          0x0000000000011700        0x0 /usr/lib/gcc/i686-linux-gnu/5/../../../i386-linux-gnu/crti.o
 .gnu.linkonce.t.__x86.get_pc_thunk.bx
                0x0000000000011700        0x4 /usr/lib/gcc/i686-linux-gnu/5/../../../i386-linux-gnu/crti.o
                0x0000000000011700                __x86.get_pc_thunk.bx
 *fill*         0x0000000000011704        0xc 
 .text          0x0000000000011710      0x11c /usr/lib/gcc/i686-linux-gnu/5/crtbeginS.o
 .text.__x86.get_pc_thunk.dx
                0x000000000001182c        0x4 /usr/lib/gcc/i686-linux-gnu/5/crtbeginS.o
                0x000000000001182c                __x86.get_pc_thunk.dx
 .text          0x0000000000011830      0x4f0 temperature.o
                0x0000000000011830                response_handler
 .text          0x0000000000011d20      0x283 build/cooja/mtype19.o
                0x0000000000011db2                platform_init_stage_one
                0x0000000000011dc5                platform_init_stage_two
                0x0000000000011dd8                platform_init_stage_three
                0x0000000000011deb                platform_main_loop
                0x0000000000011e5e                Java_org_contikios_cooja_corecomm_Lib22_init
                0x0000000000011e95                Java_org_contikios_cooja_corecomm_Lib22_getMemory
                0x0000000000011ec8                Java_org_contikios_cooja_corecomm_Lib22_setMemory
                0x0000000000011f28                Java_org_contikios_cooja_corecomm_Lib22_tick
                0x0000000000011f90                Java_org_contikios_cooja_corecomm_Lib22_setReferenceAddress
 .text          0x0000000000011fa3       0x65 build/cooja/mtype19.a(simEnvChange.o)
                0x0000000000011fa3                doActionsBeforeTick
                0x0000000000011fd5                doActionsAfterTick
 .text          0x0000000000012008       0x83 build/cooja/mtype19.a(cooja_mt.o)
                0x0000000000012008                cooja_mt_start
                0x0000000000012032                cooja_mt_exec
                0x0000000000012068                cooja_mt_yield
 .text          0x000000000001208b       0xbe build/cooja/mtype19.a(cooja_mtarch.o)
                0x000000000001208b                cooja_mtarch_start
                0x00000000000120fe                cooja_sw
                0x0000000000012121                cooja_mtarch_exec
                0x000000000001213e                cooja_mtarch_yield
 .text          0x0000000000012149       0xc5 build/cooja/mtype19.a(rtimer-arch.o)
                0x0000000000012149                rtimer_arch_init
                0x000000000001216d                rtimer_arch_schedule
                0x000000000001219d                rtimer_arch_next
                0x00000000000121ad                rtimer_arch_pending
                0x00000000000121b7                rtimer_arch_check
                0x00000000000121fe                rtimer_arch_now
 .text          0x000000000001220e       0x81 build/cooja/mtype19.a(beep.o)
                0x000000000001220e                beep_alarm
                0x000000000001221b                beep_beep
                0x0000000000012228                beep
                0x0000000000012235                beep_down
                0x0000000000012242                beep_on
                0x000000000001224f                beep_off
                0x000000000001225c                beep_spinup
                0x0000000000012269                beep_quick
                0x0000000000012276                beep_long
 .text          0x000000000001228f       0x65 build/cooja/mtype19.a(leds-arch.o)
                0x00000000000122a2                leds_arch_init
 .text          0x00000000000122f4       0x35 build/cooja/mtype19.a(moteid.o)
 .text          0x0000000000012329       0xb7 build/cooja/mtype19.a(pir-sensor.o)
 .text          0x00000000000123e0      0x148 build/cooja/mtype19.a(rs232.o)
                0x00000000000123e0                rs232_init
                0x00000000000123e6                rs232_set_speed
                0x00000000000123f5                rs232_set_input
                0x0000000000012403                rs232_send
                0x0000000000012427                rs232_print
                0x0000000000012443                slip_arch_writeb
 .text          0x0000000000012528       0xb7 build/cooja/mtype19.a(vib-sensor.o)
 .text          0x00000000000125df       0x38 build/cooja/mtype19.a(clock.o)
                0x00000000000125df                clock_init
                0x00000000000125e5                clock_time
                0x00000000000125ef                clock_seconds
                0x0000000000012605                clock_delay
 .text          0x0000000000012617      0x219 build/cooja/mtype19.a(cooja-log.o)
                0x0000000000012617                simlog_char
                0x000000000001265a                simlog
                0x00000000000126d0                log_message
                0x0000000000012701                log_set_putchar_with_slip
                0x000000000001270f                log_putchar
                0x000000000001278a                log_puts
                0x00000000000127b2                log_printf
 .text          0x0000000000012830      0x2b9 build/cooja/mtype19.a(cfs-cooja.o)
                0x0000000000012830                cfs_open
                0x0000000000012899                cfs_close
                0x00000000000128a6                cfs_read
                0x000000000001293b                cfs_write
                0x0000000000012a17                cfs_seek
                0x0000000000012a9f                cfs_remove
                0x0000000000012ac3                cfs_opendir
                0x0000000000012acd                cfs_readdir
                0x0000000000012ad7                cfs_closedir
 .text          0x0000000000012ae9      0x620 build/cooja/mtype19.a(cooja-radio.o)
                0x0000000000012b2b                radio_set_channel
                0x0000000000012b39                radio_set_txpower
                0x0000000000012b51                radio_signal_strength_last
                0x0000000000012b5b                radio_signal_strength_current
                0x0000000000012b65                radio_LQI
 .text          0x0000000000013109       0xee build/cooja/mtype19.a(eeprom.o)
                0x0000000000013109                eeprom_init
                0x000000000001310f                eeprom_read
                0x000000000001317d                eeprom_write
 .text          0x00000000000131f7       0x2d build/cooja/mtype19.a(random.o)
                0x00000000000131f7                random_init
                0x0000000000013217                random_rand
 .text          0x0000000000013224      0x29c build/cooja/mtype19.a(sensors.o)
                0x000000000001325f                sensors_first
                0x0000000000013269                sensors_next
                0x0000000000013283                sensors_changed
                0x00000000000132b7                sensors_find
 .text          0x00000000000134c0      0x349 build/cooja/mtype19.a(leds.o)
                0x00000000000134c0                leds_init
                0x0000000000013507                leds_single_on
                0x0000000000013566                leds_single_off
                0x00000000000135c5                leds_single_toggle
                0x00000000000135f7                leds_on
                0x0000000000013679                leds_off
                0x00000000000136fb                leds_toggle
                0x0000000000013750                leds_set
                0x000000000001377c                leds_get
 .text          0x0000000000013809      0x343 build/cooja/mtype19.a(gpio-hal-arch.o)
                0x0000000000013809                gpio_hal_arch_register_pin_callback
                0x0000000000013875                gpio_hal_arch_init
                0x00000000000138ba                gpio_hal_arch_no_port_interrupt_enable
                0x00000000000138ea                gpio_hal_arch_no_port_interrupt_disable
                0x000000000001391a                gpio_hal_arch_no_port_pin_cfg_set
                0x000000000001393f                gpio_hal_arch_no_port_pin_cfg_get
                0x0000000000013965                gpio_hal_arch_no_port_pin_set_input
                0x0000000000013977                gpio_hal_arch_no_port_pin_set_output
                0x0000000000013989                gpio_hal_arch_no_port_set_pin
                0x00000000000139aa                gpio_hal_arch_no_port_clear_pin
                0x00000000000139cb                gpio_hal_arch_no_port_read_pin
                0x00000000000139f1                gpio_hal_arch_no_port_write_pin
                0x0000000000013a1b                gpio_hal_arch_no_port_set_pins
                0x0000000000013a62                gpio_hal_arch_no_port_clear_pins
                0x0000000000013aa9                gpio_hal_arch_no_port_read_pins
                0x0000000000013aec                gpio_hal_arch_no_port_write_pins
 .text          0x0000000000013b4c       0x89 build/cooja/mtype19.a(buttons.o)
 .text          0x0000000000013bd5      0x6a5 build/cooja/mtype19.a(res_temperature)
 .text          0x000000000001427a      0x27b build/cooja/mtype19.a(coap-blocking-a)
                0x000000000001427a                coap_blocking_request_callback
                0x00000000000142a4                coap_blocking_request
 .text          0x00000000000144f5      0xbea build/cooja/mtype19.a(coap-engine.o)
                0x000000000001458a                coap_add_handler
                0x00000000000145a7                coap_remove_handler
                0x00000000000145c4                coap_call_handlers
                0x00000000000146cc                coap_receive
                0x0000000000014cc7                coap_engine_init
                0x0000000000014d25                coap_activate_resource
                0x0000000000014dd0                coap_get_first_resource
                0x0000000000014de9                coap_get_next_resource
 .text          0x00000000000150df      0x2d9 build/cooja/mtype19.a(coap-res-well-k)
 .text          0x00000000000153b8      0x96a build/cooja/mtype19.a(coap-observe.o)
                0x00000000000154cd                coap_remove_observer
                0x00000000000154fd                coap_remove_observer_by_client
                0x0000000000015565                coap_remove_observer_by_token
                0x00000000000155f8                coap_remove_observer_by_uri
                0x000000000001569f                coap_remove_observer_by_mid
                0x000000000001571b                coap_notify_observers
                0x0000000000015734                coap_notify_observers_sub
                0x0000000000015b9e                coap_observe_handler
                0x0000000000015cb9                coap_has_observers
 .text          0x0000000000015d22      0x733 build/cooja/mtype19.a(coap-uip.o)
                0x0000000000015d22                coap_endpoint_log
                0x0000000000015da8                coap_endpoint_print
                0x0000000000015e2e                coap_endpoint_snprint
                0x0000000000015f61                coap_endpoint_copy
                0x0000000000015f9e                coap_endpoint_cmp
                0x00000000000160ac                coap_endpoint_parse
                0x0000000000016297                coap_endpoint_is_secure
                0x00000000000162a6                coap_endpoint_is_connected
                0x00000000000162da                coap_endpoint_connect
                0x00000000000162f6                coap_endpoint_disconnect
                0x00000000000162fc                coap_databuf
                0x0000000000016306                coap_transport_init
                0x0000000000016356                coap_sendto
 .text          0x0000000000016455      0x324 build/cooja/mtype19.a(coap-timer.o)
                0x0000000000016552                coap_timer_stop
                0x000000000001657d                coap_timer_set
                0x00000000000165c0                coap_timer_reset
                0x0000000000016603                coap_timer_time_to_next_expiration
                0x000000000001666f                coap_timer_run
                0x000000000001673b                coap_timer_init
 .text          0x0000000000016779      0x2c6 build/cooja/mtype19.a(coap-transactio)
                0x00000000000167df                coap_new_transaction
                0x0000000000016845                coap_send_transaction
                0x00000000000169a6                coap_clear_transaction
                0x00000000000169ee                coap_get_transaction_by_mid
 .text          0x0000000000016a3f     0x1c53 build/cooja/mtype19.a(coap.o)
                0x0000000000016fac                coap_init_connection
                0x0000000000016fc0                coap_get_mid
                0x0000000000016fdc                coap_init_message
                0x0000000000017025                coap_serialize_message
                0x00000000000176a7                coap_parse_message
                0x0000000000017d0e                coap_get_query_variable
                0x0000000000017d50                coap_get_post_variable
                0x0000000000017d94                coap_set_status_code
                0x0000000000017db9                coap_set_token
                0x0000000000017e00                coap_get_header_content_format
                0x0000000000017e31                coap_set_header_content_format
                0x0000000000017e54                coap_get_header_accept
                0x0000000000017e85                coap_set_header_accept
                0x0000000000017ea8                coap_get_header_max_age
                0x0000000000017ed9                coap_set_header_max_age
                0x0000000000017ef9                coap_get_header_etag
                0x0000000000017f2b                coap_set_header_etag
                0x0000000000017f82                coap_get_header_if_match
                0x0000000000017fb4                coap_set_header_if_match
                0x000000000001800b                coap_get_header_if_none_match
                0x0000000000018025                coap_set_header_if_none_match
                0x000000000001803c                coap_get_header_proxy_uri
                0x000000000001806a                coap_set_header_proxy_uri
                0x00000000000180a7                coap_get_header_uri_host
                0x00000000000180d5                coap_set_header_uri_host
                0x0000000000018112                coap_get_header_uri_path
                0x0000000000018140                coap_set_header_uri_path
                0x000000000001818d                coap_get_header_uri_query
                0x00000000000181c1                coap_set_header_uri_query
                0x0000000000018217                coap_get_header_location_path
                0x0000000000018245                coap_set_header_location_path
                0x00000000000182de                coap_get_header_location_query
                0x000000000001830c                coap_set_header_location_query
                0x0000000000018359                coap_get_header_observe
                0x0000000000018388                coap_set_header_observe
                0x00000000000183a8                coap_get_header_block2
                0x0000000000018414                coap_set_header_block2
                0x000000000001848b                coap_get_header_block1
                0x0000000000018500                coap_set_header_block1
                0x000000000001857b                coap_get_header_size2
                0x00000000000185ab                coap_set_header_size2
                0x00000000000185ce                coap_get_header_size1
                0x00000000000185fe                coap_set_header_size1
                0x0000000000018621                coap_get_payload
                0x000000000001865b                coap_set_payload
 .text          0x0000000000018692      0x332 build/cooja/mtype19.a(contiki-main.o)
                0x0000000000018692                main
 .text          0x00000000000189c4       0x92 build/cooja/mtype19.a(autostart.o)
                0x00000000000189c4                autostart_start
                0x0000000000018a0e                autostart_exit
 .text          0x0000000000018a56      0x355 build/cooja/mtype19.a(ctimer.o)
                0x0000000000018b7e                ctimer_init
                0x0000000000018bb1                ctimer_set
                0x0000000000018bd7                ctimer_set_with_process
                0x0000000000018c54                ctimer_reset
                0x0000000000018ca8                ctimer_restart
                0x0000000000018cfc                ctimer_stop
                0x0000000000018d4c                ctimer_expired
 .text          0x0000000000018dab      0x394 build/cooja/mtype19.a(log.o)
                0x0000000000018dab                log_6addr
                0x0000000000018dfe                log_6addr_compact_snprint
                0x0000000000018e9c                log_6addr_compact
                0x0000000000018eef                log_lladdr
                0x0000000000018f61                log_lladdr_compact
                0x0000000000018fc9                log_set_level
                0x0000000000019084                log_get_level
                0x00000000000190fd                log_level_to_str
 .text          0x000000000001913f       0x1b build/cooja/mtype19.a(energest.o)
                0x000000000001913f                energest_init
                0x0000000000019145                energest_flush
                0x000000000001914b                energest_get_total_time
 .text          0x000000000001915a      0x43f build/cooja/mtype19.a(etimer.o)
                0x000000000001937e                etimer_request_poll
                0x0000000000019407                etimer_set
                0x0000000000019430                etimer_reset_with_new_interval
                0x000000000001945f                etimer_reset
                0x0000000000019485                etimer_restart
                0x00000000000194ab                etimer_adjust
                0x00000000000194c8                etimer_expired
                0x00000000000194db                etimer_expiration_time
                0x00000000000194ed                etimer_start_time
                0x00000000000194f7                etimer_pending
                0x0000000000019509                etimer_next_expiration_time
                0x0000000000019523                etimer_stop
 .text          0x0000000000019599       0x25 build/cooja/mtype19.a(node-id.o)
                0x0000000000019599                node_id_init
 .text          0x00000000000195be       0xeb build/cooja/mtype19.a(rtimer.o)
                0x00000000000195be                rtimer_init
                0x00000000000195cc                rtimer_set
                0x0000000000019647                rtimer_run_next
 .text          0x00000000000196a9      0x4fb build/cooja/mtype19.a(process.o)
                0x00000000000196a9                process_alloc_event
                0x00000000000196be                process_start
                0x0000000000019898                process_exit
                0x00000000000198b5                process_init
                0x0000000000019a4a                process_run
                0x0000000000019a7d                process_nevents
                0x0000000000019a98                process_post
                0x0000000000019b2b                process_post_synch
                0x0000000000019b60                process_poll
                0x0000000000019b90                process_is_running
 .text          0x0000000000019ba4       0xb1 build/cooja/mtype19.a(timer.o)
                0x0000000000019ba4                timer_set
                0x0000000000019bc2                timer_reset
                0x0000000000019bef                timer_restart
                0x0000000000019c04                timer_expired
                0x0000000000019c31                timer_remaining
 .text          0x0000000000019c55      0x28f build/cooja/mtype19.a(list.o)
                0x0000000000019c55                list_init
                0x0000000000019c64                list_head
                0x0000000000019c6e                list_copy
                0x0000000000019c7e                list_tail
                0x0000000000019cb4                list_add
                0x0000000000019d00                list_push
                0x0000000000019d2c                list_chop
                0x0000000000019d96                list_pop
                0x0000000000019dbe                list_remove
                0x0000000000019e26                list_length
                0x0000000000019e54                list_insert
                0x0000000000019e99                list_item_next
                0x0000000000019eb0                list_contains
 .text          0x0000000000019ee4      0x1b5 build/cooja/mtype19.a(memb.o)
                0x0000000000019ee4                memb_init
                0x0000000000019f39                memb_alloc
                0x0000000000019f9c                memb_free
                0x000000000001a013                memb_inmemb
                0x000000000001a052                memb_numfree
 .text          0x000000000001a099      0x41c build/cooja/mtype19.a(button-hal.o)
                0x000000000001a212                button_hal_get_by_id
                0x000000000001a250                button_hal_get_by_index
                0x000000000001a27c                button_hal_get_state
                0x000000000001a2ce                button_hal_init
 .text          0x000000000001a4b5      0x1f3 build/cooja/mtype19.a(serial-line.o)
                0x000000000001a4b5                serial_line_input_byte
                0x000000000001a673                serial_line_init
 .text          0x000000000001a6a8      0x168 build/cooja/mtype19.a(gpio-hal.o)
                0x000000000001a6a8                gpio_hal_register_handler
                0x000000000001a6c5                gpio_hal_event_handler
                0x000000000001a721                gpio_hal_init
                0x000000000001a740                gpio_hal_arch_port_toggle_pin
                0x000000000001a77c                gpio_hal_arch_port_toggle_pins
                0x000000000001a7aa                gpio_hal_arch_no_port_toggle_pin
                0x000000000001a7e8                gpio_hal_arch_no_port_toggle_pins
 .text          0x000000000001a810      0x2e7 build/cooja/mtype19.a(queuebuf.o)
                0x000000000001a81a                queuebuf_init
                0x000000000001a843                queuebuf_numfree
                0x000000000001a85b                queuebuf_new_from_packetbuf
                0x000000000001a8fa                queuebuf_update_attr_from_packetbuf
                0x000000000001a92f                queuebuf_update_from_packetbuf
                0x000000000001a97f                queuebuf_free
                0x000000000001a9c8                queuebuf_to_packetbuf
                0x000000000001aa34                queuebuf_dataptr
                0x000000000001aa6e                queuebuf_datalen
                0x000000000001aa91                queuebuf_addr
                0x000000000001aac6                queuebuf_attr
                0x000000000001aaf1                queuebuf_debug_print
 .text          0x000000000001aaf7      0x407 build/cooja/mtype19.a(packetbuf.o)
                0x000000000001aaf7                packetbuf_clear
                0x000000000001ab22                packetbuf_copyfrom
                0x000000000001ab71                packetbuf_copyto
                0x000000000001ac04                packetbuf_hdralloc
                0x000000000001ac80                packetbuf_hdrreduce
                0x000000000001acc6                packetbuf_set_datalen
                0x000000000001ace0                packetbuf_dataptr
                0x000000000001acfd                packetbuf_hdrptr
                0x000000000001ad07                packetbuf_datalen
                0x000000000001ad13                packetbuf_hdrlen
                0x000000000001ad2a                packetbuf_totlen
                0x000000000001ad40                packetbuf_remaininglen
                0x000000000001ad53                packetbuf_attr_clear
                0x000000000001ad9f                packetbuf_attr_copyto
                0x000000000001adf7                packetbuf_attr_copyfrom
                0x000000000001ae4f                packetbuf_set_attr
                0x000000000001ae79                packetbuf_attr
                0x000000000001ae93                packetbuf_set_addr
                0x000000000001aec4                packetbuf_addr
                0x000000000001aee1                packetbuf_holds_broadcast
 .text          0x000000000001aefe       0xef build/cooja/mtype19.a(netstack.o)
                0x000000000001aefe                netstack_process_ip_callback
                0x000000000001af8f                netstack_ip_packet_processor_add
                0x000000000001afb2                uip_ds6_ip_packet_processor_rm
                0x000000000001afcf                netstack_init
 .text          0x000000000001afed       0x4f build/cooja/mtype19.a(linkaddr.o)
                0x000000000001afed                linkaddr_copy
                0x000000000001b003                linkaddr_cmp
                0x000000000001b026                linkaddr_set_node_addr
 .text          0x000000000001b03c      0x1f6 build/cooja/mtype19.a(csma.o)
 .text          0x000000000001b232      0x95d build/cooja/mtype19.a(csma-output.o)
                0x000000000001b8c9                csma_output_packet
                0x000000000001bb56                csma_output_init
 .text          0x000000000001bb8f      0xc11 build/cooja/mtype19.a(uip-ds6.o)
                0x000000000001bb8f                uip_ds6_default_prefix
                0x000000000001bb99                uip_ds6_set_default_prefix
                0x000000000001bbc4                uip_ds6_init
                0x000000000001be26                uip_ds6_periodic
                0x000000000001bead                uip_ds6_list_loop
                0x000000000001bf6d                uip_ds6_prefix_add
                0x000000000001c019                uip_ds6_prefix_rm
                0x000000000001c02c                uip_ds6_prefix_lookup
                0x000000000001c06b                uip_ds6_is_addr_onlink
                0x000000000001c0de                uip_ds6_addr_add
                0x000000000001c1fe                uip_ds6_addr_rm
                0x000000000001c2a7                uip_ds6_addr_lookup
                0x000000000001c2e0                uip_ds6_get_link_local
                0x000000000001c361                uip_ds6_get_global
                0x000000000001c3e2                uip_ds6_maddr_add
                0x000000000001c442                uip_ds6_maddr_rm
                0x000000000001c455                uip_ds6_maddr_lookup
                0x000000000001c48e                uip_ds6_aaddr_add
                0x000000000001c4ee                uip_ds6_aaddr_rm
                0x000000000001c501                uip_ds6_aaddr_lookup
                0x000000000001c53a                uip_ds6_select_src
                0x000000000001c683                uip_ds6_set_addr_iid
                0x000000000001c6ae                uip_ds6_set_lladdr_from_iid
                0x000000000001c6d7                get_match_length
                0x000000000001c768                uip_ds6_compute_reachable_time
 .text          0x000000000001c7a0      0x128 build/cooja/mtype19.a(uip-udp-packet.)
                0x000000000001c7a0                uip_udp_packet_send
                0x000000000001c7fb                uip_udp_packet_sendto
 .text          0x000000000001c8c8      0x35b build/cooja/mtype19.a(uip-ds6-route.o)
                0x000000000001c919                uip_ds6_route_init
                0x000000000001c943                uip_ds6_route_nexthop
                0x000000000001c94d                uip_ds6_route_head
                0x000000000001c957                uip_ds6_route_next
                0x000000000001c961                uip_ds6_route_is_nexthop
                0x000000000001c96b                uip_ds6_route_num_routes
                0x000000000001c975                uip_ds6_route_lookup
                0x000000000001c97f                uip_ds6_route_add
                0x000000000001c992                uip_ds6_route_rm
                0x000000000001c998                uip_ds6_route_rm_by_nexthop
                0x000000000001c99e                uip_ds6_defrt_head
                0x000000000001c9b7                uip_ds6_defrt_add
                0x000000000001ca65                uip_ds6_defrt_rm
                0x000000000001cacb                uip_ds6_defrt_lookup
                0x000000000001cb32                uip_ds6_defrt_choose
                0x000000000001cba8                uip_ds6_defrt_periodic
 .text          0x000000000001cc23      0x6f7 build/cooja/mtype19.a(tcpip.o)
                0x000000000001cc3d                tcpip_output
                0x000000000001ccbc                udp_attach
                0x000000000001ccd4                udp_new
                0x000000000001cd1e                udp_broadcast_new
                0x000000000001ce90                tcpip_input
                0x000000000001d020                tcpip_ipv6_output
                0x000000000001d214                tcpip_poll_udp
                0x000000000001d232                tcpip_uipcall
 .text          0x000000000001d31a     0x1205 build/cooja/mtype19.a(uip6.o)
                0x000000000001d3c9                uip_chksum
                0x000000000001d4a0                uip_icmp6chksum
                0x000000000001d4b5                uip_udpchksum
                0x000000000001d4ca                uip_init
                0x000000000001d513                uip_remove_ext_hdr
                0x000000000001d5ed                uip_udp_new
                0x000000000001d901                uip_process
                0x000000000001e3f9                uip_htons
                0x000000000001e41b                uip_htonl
                0x000000000001e459                uip_send
 .text          0x000000000001e51f      0x369 build/cooja/mtype19.a(uip-ds6-nbr.o)
                0x000000000001e51f                uip_ds6_neighbors_init
                0x000000000001e543                uip_ds6_nbr_add
                0x000000000001e5c9                uip_ds6_nbr_rm
                0x000000000001e614                uip_ds6_nbr_update_ll
                0x000000000001e702                uip_ds6_nbr_get_ipaddr
                0x000000000001e717                uip_ds6_nbr_get_ll
                0x000000000001e733                uip_ds6_nbr_num
                0x000000000001e77c                uip_ds6_nbr_head
                0x000000000001e795                uip_ds6_nbr_next
                0x000000000001e7b1                uip_ds6_nbr_lookup
                0x000000000001e809                uip_ds6_nbr_ll_lookup
                0x000000000001e825                uip_ds6_nbr_ipaddr_from_lladdr
                0x000000000001e84e                uip_ds6_nbr_lladdr_from_ipaddr
                0x000000000001e882                uip_ds6_link_callback
 .text          0x000000000001e888      0x6a7 build/cooja/mtype19.a(uip-nd6.o)
                0x000000000001ef16                uip_nd6_init
 .text          0x000000000001ef2f     0x2c17 build/cooja/mtype19.a(sicslowpan.o)
                0x000000000001f536                netstack_sniffer_add
                0x000000000001f544                netstack_sniffer_remove
                0x0000000000021b1a                sicslowpan_init
                0x0000000000021b3c                sicslowpan_get_last_rssi
 .text          0x0000000000021b46      0x4d1 build/cooja/mtype19.a(uiplib.o)
                0x0000000000021b46                uiplib_ip6addrconv
                0x0000000000021cfe                uiplib_ip4addrconv
                0x0000000000021dc1                uiplib_ipaddr_print
                0x0000000000021e14                uiplib_ipaddr_snprint
 .text          0x0000000000022017      0x4c9 build/cooja/mtype19.a(rpl.o)
                0x0000000000022017                rpl_lollipop_greater_than
                0x0000000000022071                rpl_get_global_address
                0x0000000000022169                rpl_link_callback
                0x00000000000221ad                rpl_has_joined
                0x00000000000221d2                rpl_is_reachable
                0x0000000000022253                rpl_reset_prefix
                0x00000000000222bd                rpl_set_prefix_from_addr
                0x00000000000223a2                rpl_set_prefix
                0x00000000000224bc                rpl_set_leaf_only
                0x00000000000224d4                rpl_get_leaf_only
 .text          0x00000000000224e0     0x138c build/cooja/mtype19.a(rpl-icmp6.o)
                0x0000000000022605                rpl_icmp6_update_nbr_table
                0x000000000002268e                rpl_icmp6_dis_output
                0x0000000000022cd4                rpl_icmp6_dio_output
                0x00000000000234d2                rpl_icmp6_dao_output
                0x00000000000237b3                rpl_icmp6_dao_ack_output
                0x0000000000023823                rpl_icmp6_init
 .text          0x000000000002386c      0x264 build/cooja/mtype19.a(rpl-dag-root.o)
                0x000000000002386c                rpl_dag_root_print_links
                0x0000000000023998                rpl_dag_root_set_prefix
                0x00000000000239c4                rpl_dag_root_start
                0x0000000000023aa1                rpl_dag_root_is_root
 .text          0x0000000000023ad0       0x30 build/cooja/mtype19.a(watchdog.o)
                0x0000000000023ad0                watchdog_init
                0x0000000000023ad6                watchdog_start
                0x0000000000023adc                watchdog_periodic
                0x0000000000023af4                watchdog_stop
                0x0000000000023afa                watchdog_reboot
 .text          0x0000000000023b00       0x4a build/cooja/mtype19.a(int-master.o)
                0x0000000000023b00                int_master_enable
                0x0000000000023b10                int_master_read_and_disable
                0x0000000000023b2d                int_master_status_set
                0x0000000000023b3b                int_master_is_enabled
 .text          0x0000000000023b4a      0x226 build/cooja/mtype19.a(coap-timer-defa)
 .text          0x0000000000023d70       0xc7 build/cooja/mtype19.a(stimer.o)
                0x0000000000023d70                stimer_set
                0x0000000000023d8e                stimer_reset
                0x0000000000023dbb                stimer_restart
                0x0000000000023dd0                stimer_expired
                0x0000000000023dfb                stimer_remaining
                0x0000000000023e1f                stimer_elapsed
 .text          0x0000000000023e37      0x156 build/cooja/mtype19.a(ringbuf.o)
                0x0000000000023e37                ringbuf_init
                0x0000000000023e69                ringbuf_put
                0x0000000000023ee7                ringbuf_get
                0x0000000000023f54                ringbuf_size
                0x0000000000023f66                ringbuf_elements
 .text          0x0000000000023f8d       0x1f build/cooja/mtype19.a(assert.o)
                0x0000000000023f8d                _xassert
 .text          0x0000000000023fac      0x79b build/cooja/mtype19.a(nbr-table.o)
                0x0000000000024425                nbr_table_register
                0x0000000000024492                nbr_table_is_registered
                0x00000000000244cd                nbr_table_head
                0x0000000000024528                nbr_table_next
                0x0000000000024589                nbr_table_add_lladdr
                0x0000000000024663                nbr_table_get_from_lladdr
                0x00000000000246af                nbr_table_remove
                0x00000000000246e7                nbr_table_lock
                0x0000000000024701                nbr_table_unlock
                0x000000000002471b                nbr_table_get_lladdr
 .text          0x0000000000024747      0x3a5 build/cooja/mtype19.a(link-stats.o)
                0x0000000000024747                link_stats_from_lladdr
                0x0000000000024763                link_stats_get_lladdr
                0x000000000002477f                link_stats_is_fresh
                0x00000000000247bb                guess_etx_from_rssi
                0x0000000000024837                link_stats_packet_sent
                0x0000000000024957                link_stats_input_callback
                0x0000000000024a67                link_stats_reset
                0x0000000000024ab7                link_stats_init
 .text          0x0000000000024aec      0x187 build/cooja/mtype19.a(mac-sequence.o)
                0x0000000000024aec                mac_sequence_is_duplicate
                0x0000000000024b8c                mac_sequence_register_seqno
 .text          0x0000000000024c73       0x23 build/cooja/mtype19.a(mac.o)
                0x0000000000024c73                mac_call_sent_callback
 .text          0x0000000000024c96      0x432 build/cooja/mtype19.a(framer-802154.o)
                0x0000000000024e25                framer_802154_setup_params
 .text          0x00000000000250c8      0xb6f build/cooja/mtype19.a(frame802154.o)
                0x00000000000250f9                frame802154_get_pan_id
                0x0000000000025105                frame802154_set_pan_id
                0x000000000002511f                frame802154_has_panid
                0x00000000000252ce                frame802154_check_dest_panid
                0x0000000000025356                frame802154_is_broadcast_addr
                0x00000000000253a3                frame802154_extract_linkaddr
                0x0000000000025608                frame802154_hdrlen
                0x000000000002567b                frame802154_create_fcf
                0x0000000000025733                frame802154_create
                0x00000000000258a8                frame802154_parse_fcf
                0x000000000002598a                frame802154_parse
 .text          0x0000000000025c37       0x2d build/cooja/mtype19.a(csma-security.o)
                0x0000000000025c37                csma_security_create_frame
                0x0000000000025c55                csma_security_parse_frame
 .text          0x0000000000025c64      0x4e4 build/cooja/mtype19.a(uipbuf.o)
                0x0000000000025c64                uipbuf_clear
                0x0000000000025c8b                uipbuf_add_ext_hdr
                0x0000000000025d0b                uipbuf_set_len
                0x0000000000025d38                uipbuf_set_len_field
                0x0000000000025d64                uipbuf_get_len_field
                0x0000000000025d84                uipbuf_get_next_header
                0x0000000000025eb6                uipbuf_get_last_header
                0x0000000000025f2f                uipbuf_search_header
                0x0000000000025fe5                uipbuf_get_attr
                0x000000000002600c                uipbuf_set_attr
                0x0000000000026043                uipbuf_set_default_attr
                0x000000000002607a                uipbuf_clear_attr
                0x000000000002609e                uipbuf_set_attr_flag
                0x00000000000260bf                uipbuf_clr_attr_flag
                0x00000000000260e6                uipbuf_is_attr_flag
                0x000000000002610a                uipbuf_init
 .text          0x0000000000026148      0x73f build/cooja/mtype19.a(uip-icmp6.o)
                0x00000000000261bd                uip_icmp6_input
                0x0000000000026214                uip_icmp6_register_input_handler
                0x0000000000026367                uip_icmp6_error_output
                0x0000000000026618                uip_icmp6_send
                0x000000000002680f                uip_icmp6_echo_reply_callback_add
                0x0000000000026841                uip_icmp6_echo_reply_callback_rm
                0x000000000002685e                uip_icmp6_init
 .text          0x0000000000026887      0x69b build/cooja/mtype19.a(uip-sr.o)
                0x0000000000026887                uip_sr_num_nodes
                0x0000000000026915                uip_sr_get_node
                0x000000000002696c                uip_sr_is_addr_reachable
                0x0000000000026a1a                uip_sr_expire_parent
                0x0000000000026a63                uip_sr_update_node
                0x0000000000026b93                uip_sr_init
                0x0000000000026bc7                uip_sr_node_head
                0x0000000000026be0                uip_sr_node_next
                0x0000000000026bf6                uip_sr_periodic
                0x0000000000026cfc                uip_sr_free_all
                0x0000000000026d6c                uip_sr_link_snprint
 .text          0x0000000000026f22      0x146 build/cooja/mtype19.a(uip-packetqueue)
                0x0000000000026f50                uip_packetqueue_new
                0x0000000000026f5f                uip_packetqueue_alloc
                0x0000000000026fba                uip_packetqueue_free
                0x0000000000027001                uip_packetqueue_buf
                0x000000000002701e                uip_packetqueue_buflen
                0x000000000002703f                uip_packetqueue_set_buflen
 .text          0x0000000000027068      0x1b0 build/cooja/mtype19.a(rpl-nbr-policy.)
                0x00000000000271d5                rpl_nbr_policy_find_removable
 .text          0x0000000000027218      0x915 build/cooja/mtype19.a(rpl-neighbor.o)
                0x0000000000027294                rpl_neighbor_snprint
                0x0000000000027547                rpl_neighbor_print_list
                0x00000000000275fc                rpl_neighbor_count
                0x00000000000276a3                rpl_neighbor_get_from_lladdr
                0x00000000000276bf                rpl_neighbor_is_acceptable_parent
                0x00000000000276f3                rpl_neighbor_get_link_metric
                0x0000000000027727                rpl_neighbor_rank_via_nbr
                0x000000000002775b                rpl_neighbor_get_lladdr
                0x0000000000027777                rpl_neighbor_get_ipaddr
                0x000000000002779e                rpl_neighbor_get_link_stats
                0x00000000000277c5                rpl_neighbor_is_fresh
                0x00000000000277ec                rpl_neighbor_is_reachable
                0x0000000000027837                rpl_neighbor_is_parent
                0x0000000000027861                rpl_neighbor_set_preferred_parent
                0x00000000000278f8                rpl_neighbor_remove_all
                0x0000000000027954                rpl_neighbor_get_from_ipaddr
                0x0000000000027a62                rpl_neighbor_select_best
                0x0000000000027b0e                rpl_neighbor_init
 .text          0x0000000000027b2d      0xe69 build/cooja/mtype19.a(rpl-dag.o)
                0x0000000000027b2d                rpl_dag_state_to_str
                0x0000000000027b6c                rpl_dag_get_root_ipaddr
                0x0000000000027bb4                rpl_dag_leave
                0x0000000000027c3d                rpl_dag_poison_and_leave
                0x0000000000027c55                rpl_dag_periodic
                0x0000000000027cdd                rpl_is_addr_in_our_dag
                0x0000000000027d21                rpl_get_default_instance
                0x0000000000027d3d                rpl_get_any_dag
                0x0000000000027d96                rpl_refresh_routes
                0x0000000000027dd6                rpl_global_repair
                0x0000000000027e6f                rpl_local_repair
                0x0000000000027eb9                rpl_dag_ready_to_advertise
                0x0000000000027efc                rpl_dag_update_state
                0x0000000000028629                rpl_process_dio
                0x00000000000286a7                rpl_process_dis
                0x00000000000286ec                rpl_process_dao
                0x000000000002877b                rpl_process_dao_ack
                0x0000000000028812                rpl_process_hbh
                0x0000000000028862                rpl_dag_init_root
                0x0000000000028976                rpl_dag_init
 .text          0x0000000000028996      0x9e7 build/cooja/mtype19.a(rpl-timers.o)
                0x0000000000028996                rpl_timers_schedule_periodic_dis
                0x0000000000028ae4                rpl_timers_dio_reset
                0x0000000000028bf2                rpl_timers_schedule_unicast_dio
                0x0000000000028d46                rpl_timers_schedule_dao
                0x0000000000028e05                rpl_timers_schedule_dao_ack
                0x0000000000028e8b                rpl_timers_notify_dao_ack
                0x0000000000028ee9                get_probing_delay
                0x0000000000028f1d                get_probing_target
                0x0000000000029107                rpl_schedule_probing
                0x0000000000029135                rpl_schedule_probing_now
                0x000000000002919f                rpl_timers_unschedule_leaving
                0x00000000000291d7                rpl_timers_schedule_leaving
                0x0000000000029218                rpl_timers_init
                0x00000000000292a8                rpl_timers_stop_dag_timers
                0x0000000000029321                rpl_timers_unschedule_state_update
                0x0000000000029345                rpl_timers_schedule_state_update
 .text          0x000000000002937d      0xb8e build/cooja/mtype19.a(rpl-ext-header.)
                0x000000000002937d                rpl_ext_header_srh_get_next_hop
                0x0000000000029464                rpl_ext_header_srh_update
                0x00000000000299d0                rpl_ext_header_hbh_update
                0x0000000000029cd0                rpl_ext_header_update
                0x0000000000029d59                rpl_ext_header_remove
 .text          0x0000000000029f0b      0x31b build/cooja/mtype19.a(rpl-mrhof.o)
 *fill*         0x000000000002a226        0xa 
 .text          0x000000000002a230      0x122 /usr/lib/gcc/i686-linux-gnu/5/libgcc.a(_udivdi3.o)
                0x000000000002a230                __udivdi3
 .text          0x000000000002a352        0x0 /usr/lib/gcc/i686-linux-gnu/5/crtendS.o
 .text          0x000000000002a352        0x0 /usr/lib/gcc/i686-linux-gnu/5/../../../i386-linux-gnu/crtn.o
 *(.gnu.warning)

.fini           0x000000000002a354       0x14
 *(SORT(.fini))
 .fini          0x000000000002a354        0xf /usr/lib/gcc/i686-linux-gnu/5/../../../i386-linux-gnu/crti.o
                0x000000000002a354                _fini
 .fini          0x000000000002a363        0x5 /usr/lib/gcc/i686-linux-gnu/5/../../../i386-linux-gnu/crtn.o
                [!provide]                        PROVIDE (__etext, .)
                [!provide]                        PROVIDE (_etext, .)
                [!provide]                        PROVIDE (etext, .)

.rodata         0x000000000002a380      0xb6b
 *(.rodata .rodata.* .gnu.linkonce.r.*)
 .rodata        0x000000000002a380      0x15a temperature.o
                0x000000000002a398                autostart_processes
 *fill*         0x000000000002a4da        0x2 
 .rodata        0x000000000002a4dc        0x8 build/cooja/mtype19.a(beep.o)
                0x000000000002a4dc                beep_interface
 .rodata        0x000000000002a4e4        0xe build/cooja/mtype19.a(leds-arch.o)
                0x000000000002a4e4                leds_interface
                0x000000000002a4ec                leds_arch_leds
 *fill*         0x000000000002a4f2        0x2 
 .rodata        0x000000000002a4f4        0x8 build/cooja/mtype19.a(moteid.o)
                0x000000000002a4f4                moteid_interface
 .rodata        0x000000000002a4fc       0x1c build/cooja/mtype19.a(pir-sensor.o)
                0x000000000002a4fc                pir_interface
                0x000000000002a508                pir_sensor
 .rodata        0x000000000002a518        0xe build/cooja/mtype19.a(rs232.o)
                0x000000000002a518                rs232_interface
 *fill*         0x000000000002a526        0x2 
 .rodata        0x000000000002a528       0x24 build/cooja/mtype19.a(vib-sensor.o)
                0x000000000002a528                vib_interface
                0x000000000002a53c                vib_sensor
 .rodata        0x000000000002a54c        0x8 build/cooja/mtype19.a(clock.o)
                0x000000000002a54c                clock_interface
 .rodata        0x000000000002a554        0x8 build/cooja/mtype19.a(cooja-log.o)
                0x000000000002a554                simlog_interface
 .rodata        0x000000000002a55c       0x2f build/cooja/mtype19.a(cfs-cooja.o)
                0x000000000002a55c                cfs_interface
 *fill*         0x000000000002a58b       0x15 
 .rodata        0x000000000002a5a0       0xb8 build/cooja/mtype19.a(cooja-radio.o)
                0x000000000002a5a0                radio_interface
                0x000000000002a620                cooja_radio_driver
 .rodata        0x000000000002a658        0x8 build/cooja/mtype19.a(eeprom.o)
                0x000000000002a658                eeprom_interface
 .rodata        0x000000000002a660        0x8 build/cooja/mtype19.a(sensors.o)
 .rodata        0x000000000002a668       0x2c build/cooja/mtype19.a(buttons.o)
                0x000000000002a668                button_interface
                0x000000000002a67c                button_hal_button_count
                0x000000000002a684                button_sensor
 .rodata        0x000000000002a694       0x9b build/cooja/mtype19.a(res_temperature)
 .rodata        0x000000000002a72f       0x41 build/cooja/mtype19.a(coap-engine.o)
 .rodata        0x000000000002a770       0x19 build/cooja/mtype19.a(coap-res-well-k)
 .rodata        0x000000000002a789       0x11 build/cooja/mtype19.a(coap-observe.o)
 .rodata        0x000000000002a79a       0x35 build/cooja/mtype19.a(coap-uip.o)
 *fill*         0x000000000002a7cf        0x1 
 .rodata        0x000000000002a7d0      0x1ac build/cooja/mtype19.a(coap.o)
 .rodata        0x000000000002a97c       0xf4 build/cooja/mtype19.a(contiki-main.o)
 .rodata        0x000000000002aa70        0xf build/cooja/mtype19.a(ctimer.o)
 *fill*         0x000000000002aa7f        0x1 
 .rodata        0x000000000002aa80       0xc4 build/cooja/mtype19.a(log.o)
 .rodata        0x000000000002ab44        0xc build/cooja/mtype19.a(etimer.o)
 .rodata        0x000000000002ab50       0x13 build/cooja/mtype19.a(button-hal.o)
 .rodata        0x000000000002ab63        0xe build/cooja/mtype19.a(serial-line.o)
 *fill*         0x000000000002ab71        0x3 
 .rodata        0x000000000002ab74        0x8 build/cooja/mtype19.a(linkaddr.o)
                0x000000000002ab74                linkaddr_null
 .rodata        0x000000000002ab7c       0x24 build/cooja/mtype19.a(csma.o)
                0x000000000002ab84                csma_driver
 .rodata        0x000000000002aba0       0x2a build/cooja/mtype19.a(csma-output.o)
 *fill*         0x000000000002abca        0x2 
 .rodata        0x000000000002abcc       0x4d build/cooja/mtype19.a(uip-ds6-route.o)
 .rodata        0x000000000002ac19        0xd build/cooja/mtype19.a(tcpip.o)
 *fill*         0x000000000002ac26        0x2 
 .rodata        0x000000000002ac28       0x30 build/cooja/mtype19.a(sicslowpan.o)
                0x000000000002ac28                unc_llconf
                0x000000000002ac2c                unc_ctxconf
                0x000000000002ac30                unc_mxconf
                0x000000000002ac34                llprefix
                0x000000000002ac48                sicslowpan_driver
 .rodata        0x000000000002ac58       0x2d build/cooja/mtype19.a(uiplib.o)
 *fill*         0x000000000002ac85       0x1b 
 .rodata        0x000000000002aca0       0x74 build/cooja/mtype19.a(rpl.o)
                0x000000000002acc0                rpl_lite_driver
 .rodata        0x000000000002ad14       0x20 build/cooja/mtype19.a(coap-timer-defa)
                0x000000000002ad28                coap_timer_default_driver
 .rodata        0x000000000002ad34       0x25 build/cooja/mtype19.a(assert.o)
 *fill*         0x000000000002ad59        0x3 
 .rodata        0x000000000002ad5c        0xc build/cooja/mtype19.a(framer-802154.o)
                0x000000000002ad5c                framer_802154
 .rodata        0x000000000002ad68       0x44 build/cooja/mtype19.a(uip-sr.o)
 .rodata        0x000000000002adac       0x58 build/cooja/mtype19.a(rpl-neighbor.o)
 .rodata        0x000000000002ae04       0xdb build/cooja/mtype19.a(rpl-dag.o)
 .rodata        0x000000000002aedf        0xc build/cooja/mtype19.a(rpl-timers.o)

.rodata1
 *(.rodata1)

.eh_frame_hdr   0x000000000002aeec     0x19ec
 *(.eh_frame_hdr)
 .eh_frame_hdr  0x000000000002aeec     0x19ec temperature.o
                0x000000000002aeec                __GNU_EH_FRAME_HDR
 *(.eh_frame_entry .eh_frame_entry.*)

.eh_frame       0x000000000002c8d8     0x6948
 *(.eh_frame)
 .eh_frame      0x000000000002c8d8       0x3c /usr/lib/gcc/i686-linux-gnu/5/../../../i386-linux-gnu/crti.o
                                         0x40 (size before relaxing)
 .eh_frame      0x000000000002c914       0x60 temperature.o
                                         0x78 (size before relaxing)
 .eh_frame      0x000000000002c974      0x178 build/cooja/mtype19.o
                                        0x190 (size before relaxing)
 .eh_frame      0x000000000002caec       0x40 build/cooja/mtype19.a(simEnvChange.o)
                                         0x58 (size before relaxing)
 .eh_frame      0x000000000002cb2c       0x60 build/cooja/mtype19.a(cooja_mt.o)
                                         0x78 (size before relaxing)
 .eh_frame      0x000000000002cb8c       0x80 build/cooja/mtype19.a(cooja_mtarch.o)
                                         0x98 (size before relaxing)
 .eh_frame      0x000000000002cc0c       0xc8 build/cooja/mtype19.a(rtimer-arch.o)
                                         0xe0 (size before relaxing)
 .eh_frame      0x000000000002ccd4      0x160 build/cooja/mtype19.a(beep.o)
                                        0x178 (size before relaxing)
 .eh_frame      0x000000000002ce34       0x80 build/cooja/mtype19.a(leds-arch.o)
                                         0x98 (size before relaxing)
 .eh_frame      0x000000000002ceb4       0x40 build/cooja/mtype19.a(moteid.o)
                                         0x58 (size before relaxing)
 .eh_frame      0x000000000002cef4       0xa0 build/cooja/mtype19.a(pir-sensor.o)
                                         0xb8 (size before relaxing)
 .eh_frame      0x000000000002cf94      0x100 build/cooja/mtype19.a(rs232.o)
                                        0x118 (size before relaxing)
 .eh_frame      0x000000000002d094       0xa0 build/cooja/mtype19.a(vib-sensor.o)
                                         0xb8 (size before relaxing)
 .eh_frame      0x000000000002d134       0xc0 build/cooja/mtype19.a(clock.o)
                                         0xd8 (size before relaxing)
 .eh_frame      0x000000000002d1f4      0x120 build/cooja/mtype19.a(cooja-log.o)
                                        0x138 (size before relaxing)
 .eh_frame      0x000000000002d314      0x160 build/cooja/mtype19.a(cfs-cooja.o)
                                        0x178 (size before relaxing)
 .eh_frame      0x000000000002d474      0x340 build/cooja/mtype19.a(cooja-radio.o)
                                        0x358 (size before relaxing)
 .eh_frame      0x000000000002d7b4       0xa0 build/cooja/mtype19.a(eeprom.o)
                                         0xb8 (size before relaxing)
 .eh_frame      0x000000000002d854       0x40 build/cooja/mtype19.a(random.o)
                                         0x58 (size before relaxing)
 .eh_frame      0x000000000002d894       0xc0 build/cooja/mtype19.a(sensors.o)
                                         0xd8 (size before relaxing)
 .eh_frame      0x000000000002d954      0x120 build/cooja/mtype19.a(leds.o)
                                        0x138 (size before relaxing)
 .eh_frame      0x000000000002da74      0x220 build/cooja/mtype19.a(gpio-hal-arch.o)
                                        0x238 (size before relaxing)
 .eh_frame      0x000000000002dc94       0xa0 build/cooja/mtype19.a(buttons.o)
                                         0xb8 (size before relaxing)
 .eh_frame      0x000000000002dd34       0xa0 build/cooja/mtype19.a(res_temperature)
                                         0xb8 (size before relaxing)
 .eh_frame      0x000000000002ddd4       0x44 build/cooja/mtype19.a(coap-blocking-a)
                                         0x5c (size before relaxing)
 .eh_frame      0x000000000002de18      0x220 build/cooja/mtype19.a(coap-engine.o)
                                        0x238 (size before relaxing)
 .eh_frame      0x000000000002e038       0x24 build/cooja/mtype19.a(coap-res-well-k)
                                         0x3c (size before relaxing)
 .eh_frame      0x000000000002e05c      0x188 build/cooja/mtype19.a(coap-observe.o)
                                        0x1a0 (size before relaxing)
 .eh_frame      0x000000000002e1e4      0x250 build/cooja/mtype19.a(coap-uip.o)
                                        0x268 (size before relaxing)
 .eh_frame      0x000000000002e434      0x114 build/cooja/mtype19.a(coap-timer.o)
                                        0x12c (size before relaxing)
 .eh_frame      0x000000000002e548      0x100 build/cooja/mtype19.a(coap-transactio)
                                        0x118 (size before relaxing)
 .eh_frame      0x000000000002e648      0x6ec build/cooja/mtype19.a(coap.o)
                                        0x704 (size before relaxing)
 .eh_frame      0x000000000002ed34       0x30 build/cooja/mtype19.a(contiki-main.o)
                                         0x48 (size before relaxing)
 .eh_frame      0x000000000002ed64       0x40 build/cooja/mtype19.a(autostart.o)
                                         0x58 (size before relaxing)
 .eh_frame      0x000000000002eda4      0x100 build/cooja/mtype19.a(ctimer.o)
                                        0x118 (size before relaxing)
 .eh_frame      0x000000000002eea4      0x100 build/cooja/mtype19.a(log.o)
                                        0x118 (size before relaxing)
 .eh_frame      0x000000000002efa4       0x60 build/cooja/mtype19.a(energest.o)
                                         0x78 (size before relaxing)
 .eh_frame      0x000000000002f004      0x1e0 build/cooja/mtype19.a(etimer.o)
                                        0x1f8 (size before relaxing)
 .eh_frame      0x000000000002f1e4       0x20 build/cooja/mtype19.a(node-id.o)
                                         0x38 (size before relaxing)
 .eh_frame      0x000000000002f204       0x60 build/cooja/mtype19.a(rtimer.o)
                                         0x78 (size before relaxing)
 .eh_frame      0x000000000002f264      0x1c4 build/cooja/mtype19.a(process.o)
                                        0x1dc (size before relaxing)
 .eh_frame      0x000000000002f428       0xa4 build/cooja/mtype19.a(timer.o)
                                         0xbc (size before relaxing)
 .eh_frame      0x000000000002f4cc      0x1a0 build/cooja/mtype19.a(list.o)
                                        0x1b8 (size before relaxing)
 .eh_frame      0x000000000002f66c       0xa0 build/cooja/mtype19.a(memb.o)
                                         0xb8 (size before relaxing)
 .eh_frame      0x000000000002f70c      0x144 build/cooja/mtype19.a(button-hal.o)
                                        0x15c (size before relaxing)
 .eh_frame      0x000000000002f850       0x60 build/cooja/mtype19.a(serial-line.o)
                                         0x78 (size before relaxing)
 .eh_frame      0x000000000002f8b0       0xe0 build/cooja/mtype19.a(gpio-hal.o)
                                         0xf8 (size before relaxing)
 .eh_frame      0x000000000002f990      0x1a0 build/cooja/mtype19.a(queuebuf.o)
                                        0x1b8 (size before relaxing)
 .eh_frame      0x000000000002fb30      0x28c build/cooja/mtype19.a(packetbuf.o)
                                        0x2a4 (size before relaxing)
 .eh_frame      0x000000000002fdbc       0x80 build/cooja/mtype19.a(netstack.o)
                                         0x98 (size before relaxing)
 .eh_frame      0x000000000002fe3c       0x60 build/cooja/mtype19.a(linkaddr.o)
                                         0x78 (size before relaxing)
 .eh_frame      0x000000000002fe9c       0xe0 build/cooja/mtype19.a(csma.o)
                                         0xf8 (size before relaxing)
 .eh_frame      0x000000000002ff7c      0x1d0 build/cooja/mtype19.a(csma-output.o)
                                        0x1e8 (size before relaxing)
 .eh_frame      0x000000000003014c      0x328 build/cooja/mtype19.a(uip-ds6.o)
                                        0x340 (size before relaxing)
 .eh_frame      0x0000000000030474       0x40 build/cooja/mtype19.a(uip-udp-packet.)
                                         0x58 (size before relaxing)
 .eh_frame      0x00000000000304b4      0x220 build/cooja/mtype19.a(uip-ds6-route.o)
                                        0x238 (size before relaxing)
 .eh_frame      0x00000000000306d4      0x244 build/cooja/mtype19.a(tcpip.o)
                                        0x25c (size before relaxing)
 .eh_frame      0x0000000000030918      0x1e8 build/cooja/mtype19.a(uip6.o)
                                        0x200 (size before relaxing)
 .eh_frame      0x0000000000030b00      0x1c0 build/cooja/mtype19.a(uip-ds6-nbr.o)
                                        0x1d8 (size before relaxing)
 .eh_frame      0x0000000000030cc0       0x84 build/cooja/mtype19.a(uip-nd6.o)
                                         0x9c (size before relaxing)
 .eh_frame      0x0000000000030d44      0x2f8 build/cooja/mtype19.a(sicslowpan.o)
                                        0x310 (size before relaxing)
 .eh_frame      0x000000000003103c       0x88 build/cooja/mtype19.a(uiplib.o)
                                         0xa0 (size before relaxing)
 .eh_frame      0x00000000000310c4      0x1e0 build/cooja/mtype19.a(rpl.o)
                                        0x1f8 (size before relaxing)
 .eh_frame      0x00000000000312a4      0x1c4 build/cooja/mtype19.a(rpl-icmp6.o)
                                        0x1dc (size before relaxing)
 .eh_frame      0x0000000000031468       0xa0 build/cooja/mtype19.a(rpl-dag-root.o)
                                         0xb8 (size before relaxing)
 .eh_frame      0x0000000000031508       0xa0 build/cooja/mtype19.a(watchdog.o)
                                         0xb8 (size before relaxing)
 .eh_frame      0x00000000000315a8       0x80 build/cooja/mtype19.a(int-master.o)
                                         0x98 (size before relaxing)
 .eh_frame      0x0000000000031628       0xa4 build/cooja/mtype19.a(coap-timer-defa)
                                         0xbc (size before relaxing)
 .eh_frame      0x00000000000316cc       0xc4 build/cooja/mtype19.a(stimer.o)
                                         0xdc (size before relaxing)
 .eh_frame      0x0000000000031790       0xa0 build/cooja/mtype19.a(ringbuf.o)
                                         0xb8 (size before relaxing)
 .eh_frame      0x0000000000031830       0x20 build/cooja/mtype19.a(assert.o)
                                         0x38 (size before relaxing)
 .eh_frame      0x0000000000031850      0x2ac build/cooja/mtype19.a(nbr-table.o)
                                        0x2c4 (size before relaxing)
 .eh_frame      0x0000000000031afc      0x120 build/cooja/mtype19.a(link-stats.o)
                                        0x138 (size before relaxing)
 .eh_frame      0x0000000000031c1c       0x48 build/cooja/mtype19.a(mac-sequence.o)
                                         0x60 (size before relaxing)
 .eh_frame      0x0000000000031c64       0x20 build/cooja/mtype19.a(mac.o)
                                         0x38 (size before relaxing)
 .eh_frame      0x0000000000031c84       0xa4 build/cooja/mtype19.a(framer-802154.o)
                                         0xbc (size before relaxing)
 .eh_frame      0x0000000000031d28      0x1a4 build/cooja/mtype19.a(frame802154.o)
                                        0x1bc (size before relaxing)
 .eh_frame      0x0000000000031ecc       0x40 build/cooja/mtype19.a(csma-security.o)
                                         0x58 (size before relaxing)
 .eh_frame      0x0000000000031f0c      0x200 build/cooja/mtype19.a(uipbuf.o)
                                        0x218 (size before relaxing)
 .eh_frame      0x000000000003210c      0x150 build/cooja/mtype19.a(uip-icmp6.o)
                                        0x168 (size before relaxing)
 .eh_frame      0x000000000003225c      0x184 build/cooja/mtype19.a(uip-sr.o)
                                        0x19c (size before relaxing)
 .eh_frame      0x00000000000323e0       0xe0 build/cooja/mtype19.a(uip-packetqueue)
                                         0xf8 (size before relaxing)
 .eh_frame      0x00000000000324c0       0x80 build/cooja/mtype19.a(rpl-nbr-policy.)
                                         0x98 (size before relaxing)
 .eh_frame      0x0000000000032540      0x2d4 build/cooja/mtype19.a(rpl-neighbor.o)
                                        0x2ec (size before relaxing)
 .eh_frame      0x0000000000032814      0x370 build/cooja/mtype19.a(rpl-dag.o)
                                        0x388 (size before relaxing)
 .eh_frame      0x0000000000032b84      0x3a8 build/cooja/mtype19.a(rpl-timers.o)
                                        0x3c0 (size before relaxing)
 .eh_frame      0x0000000000032f2c      0x124 build/cooja/mtype19.a(rpl-ext-header.)
                                        0x13c (size before relaxing)
 .eh_frame      0x0000000000033050      0x148 build/cooja/mtype19.a(rpl-mrhof.o)
                                        0x160 (size before relaxing)
 .eh_frame      0x0000000000033198       0x84 /usr/lib/gcc/i686-linux-gnu/5/libgcc.a(_udivdi3.o)
                                         0x9c (size before relaxing)
 .eh_frame      0x000000000003321c        0x4 /usr/lib/gcc/i686-linux-gnu/5/crtendS.o
 *(.eh_frame.*)

.gcc_except_table
 *(.gcc_except_table .gcc_except_table.*)

.gnu_extab
 *(.gnu_extab*)

.exception_ranges
 *(.exception_ranges .exception_ranges*)
                0x0000000000034f10                . = DATA_SEGMENT_ALIGN (0x1000, 0x1000)

.eh_frame
 *(.eh_frame)
 *(.eh_frame.*)

.gnu_extab
 *(.gnu_extab)

.gcc_except_table
 *(.gcc_except_table .gcc_except_table.*)

.exception_ranges
 *(.exception_ranges .exception_ranges*)

.tdata
 *(.tdata .tdata.* .gnu.linkonce.td.*)

.tbss
 *(.tbss .tbss.* .gnu.linkonce.tb.*)
 *(.tcommon)

.preinit_array
 *(.preinit_array)

.init_array     0x0000000000034f10        0x4
 *(SORT(.init_array.*) SORT(.ctors.*))
 *(.init_array EXCLUDE_FILE(*crtend?.o *crtend.o *crtbegin?.o *crtbegin.o) .ctors)
 .init_array    0x0000000000034f10        0x4 /usr/lib/gcc/i686-linux-gnu/5/crtbeginS.o

.fini_array     0x0000000000034f14        0x4
 *(SORT(.fini_array.*) SORT(.dtors.*))
 *(.fini_array EXCLUDE_FILE(*crtend?.o *crtend.o *crtbegin?.o *crtbegin.o) .dtors)
 .fini_array    0x0000000000034f14        0x4 /usr/lib/gcc/i686-linux-gnu/5/crtbeginS.o

.ctors
 *crtbegin.o(.ctors)
 *crtbegin?.o(.ctors)
 *(EXCLUDE_FILE(*crtend?.o *crtend.o) .ctors)
 *(SORT(.ctors.*))
 *(.ctors)

.dtors
 *crtbegin.o(.dtors)
 *crtbegin?.o(.dtors)
 *(EXCLUDE_FILE(*crtend?.o *crtend.o) .dtors)
 *(SORT(.dtors.*))
 *(.dtors)

.jcr            0x0000000000034f18        0x4
 *(.jcr)
 .jcr           0x0000000000034f18        0x0 /usr/lib/gcc/i686-linux-gnu/5/crtbeginS.o
 .jcr           0x0000000000034f18        0x4 /usr/lib/gcc/i686-linux-gnu/5/crtendS.o

.data.rel.ro
 *(.data.rel.ro.local* .gnu.linkonce.d.rel.ro.local.*)
 *(.data.rel.ro .data.rel.ro.* .gnu.linkonce.d.rel.ro.*)

.dynamic        0x0000000000034f1c       0xd0
 *(.dynamic)
 .dynamic       0x0000000000034f1c       0xd0 /usr/lib/gcc/i686-linux-gnu/5/../../../i386-linux-gnu/crti.o
                0x0000000000034f1c                _DYNAMIC

.got            0x0000000000034fec       0x14
 *(.got)
 .got           0x0000000000034fec       0x14 /usr/lib/gcc/i686-linux-gnu/5/../../../i386-linux-gnu/crti.o
 *(.igot)
                0x0000000000035ff4                . = DATA_SEGMENT_RELRO_END (., (SIZEOF (.got.plt) >= 0xc)?0xc:0x0)

.got.plt        0x0000000000035000        0xc
 *(.got.plt)
 .got.plt       0x0000000000035000        0xc /usr/lib/gcc/i686-linux-gnu/5/../../../i386-linux-gnu/crti.o
                0x0000000000035000                _GLOBAL_OFFSET_TABLE_
 *(.igot.plt)

.data           0x0000000000035020      0x484
 *(.data .data.* .gnu.linkonce.d.*)
 .data          0x0000000000035020        0x0 /usr/lib/gcc/i686-linux-gnu/5/../../../i386-linux-gnu/crti.o
 .data          0x0000000000035020        0x0 /usr/lib/gcc/i686-linux-gnu/5/crtbeginS.o
 .data.rel.local
                0x0000000000035020        0x4 /usr/lib/gcc/i686-linux-gnu/5/crtbeginS.o
                0x0000000000035020                __dso_handle
 .data          0x0000000000035024       0x20 temperature.o
                0x0000000000035024                coap_client
                0x0000000000035034                coap_server
 *fill*         0x0000000000035044       0x1c 
 .data          0x0000000000035060       0x44 build/cooja/mtype19.o
                0x0000000000035060                simInterfaces
                0x0000000000035094                sensors
 .data          0x00000000000350a4        0x0 build/cooja/mtype19.a(simEnvChange.o)
 .data          0x00000000000350a4        0x0 build/cooja/mtype19.a(cooja_mt.o)
 .data          0x00000000000350a4        0x0 build/cooja/mtype19.a(cooja_mtarch.o)
 .data          0x00000000000350a4        0x0 build/cooja/mtype19.a(rtimer-arch.o)
 .data          0x00000000000350a4        0x0 build/cooja/mtype19.a(beep.o)
 .data          0x00000000000350a4        0x0 build/cooja/mtype19.a(leds-arch.o)
 .data          0x00000000000350a4        0x0 build/cooja/mtype19.a(moteid.o)
 .data          0x00000000000350a4        0x0 build/cooja/mtype19.a(pir-sensor.o)
 .data          0x00000000000350a4        0x0 build/cooja/mtype19.a(rs232.o)
 .data          0x00000000000350a4        0x0 build/cooja/mtype19.a(vib-sensor.o)
 .data          0x00000000000350a4        0x0 build/cooja/mtype19.a(clock.o)
 .data          0x00000000000350a4        0x0 build/cooja/mtype19.a(cooja-log.o)
 .data          0x00000000000350a4        0x0 build/cooja/mtype19.a(cfs-cooja.o)
 .data          0x00000000000350a4       0x2c build/cooja/mtype19.a(cooja-radio.o)
                0x00000000000350a4                simRadioHWOn
                0x00000000000350a8                simSignalStrength
                0x00000000000350ac                simLastSignalStrength
                0x00000000000350b0                simPower
                0x00000000000350b4                simRadioChannel
                0x00000000000350b8                simLQI
                0x00000000000350c0                cooja_radio_process
 .data          0x00000000000350d0        0x0 build/cooja/mtype19.a(eeprom.o)
 .data          0x00000000000350d0        0x0 build/cooja/mtype19.a(random.o)
 .data          0x00000000000350d0       0x10 build/cooja/mtype19.a(sensors.o)
                0x00000000000350d0                sensors_process
 .data          0x00000000000350e0        0x0 build/cooja/mtype19.a(leds.o)
 .data          0x00000000000350e0        0x0 build/cooja/mtype19.a(gpio-hal-arch.o)
 .data          0x00000000000350e0       0x78 build/cooja/mtype19.a(buttons.o)
                0x00000000000350e0                simButtonIsActive
                0x0000000000035150                button_hal_buttons
 *fill*         0x0000000000035158        0x8 
 .data          0x0000000000035160       0x44 build/cooja/mtype19.a(res_temperature)
                0x0000000000035164                s_temp
                0x0000000000035180                res_temperature
 .data          0x00000000000351a4        0x0 build/cooja/mtype19.a(coap-blocking-a)
 .data          0x00000000000351a4        0x8 build/cooja/mtype19.a(coap-engine.o)
 *fill*         0x00000000000351ac       0x14 
 .data          0x00000000000351c0       0x24 build/cooja/mtype19.a(coap-res-well-k)
                0x00000000000351c0                res_well_known_core
 .data          0x00000000000351e4       0x10 build/cooja/mtype19.a(coap-observe.o)
 .data          0x00000000000351f4       0x10 build/cooja/mtype19.a(coap-uip.o)
                0x00000000000351f4                coap_engine
 .data          0x0000000000035204        0x4 build/cooja/mtype19.a(coap-timer.o)
 .data          0x0000000000035208       0x10 build/cooja/mtype19.a(coap-transactio)
 .data          0x0000000000035218        0x4 build/cooja/mtype19.a(coap.o)
                0x0000000000035218                coap_error_message
 .data          0x000000000003521c        0x0 build/cooja/mtype19.a(contiki-main.o)
 .data          0x000000000003521c        0x0 build/cooja/mtype19.a(autostart.o)
 .data          0x000000000003521c       0x14 build/cooja/mtype19.a(ctimer.o)
                0x0000000000035220                ctimer_process
 *fill*         0x0000000000035230       0x10 
 .data          0x0000000000035240       0xbc build/cooja/mtype19.a(log.o)
                0x0000000000035240                curr_log_level_main
                0x0000000000035260                all_modules
 .data          0x00000000000352fc        0x0 build/cooja/mtype19.a(energest.o)
 .data          0x00000000000352fc       0x10 build/cooja/mtype19.a(etimer.o)
                0x00000000000352fc                etimer_process
 .data          0x000000000003530c        0x0 build/cooja/mtype19.a(node-id.o)
 .data          0x000000000003530c        0x0 build/cooja/mtype19.a(rtimer.o)
 .data          0x000000000003530c        0x0 build/cooja/mtype19.a(process.o)
 .data          0x000000000003530c        0x0 build/cooja/mtype19.a(timer.o)
 .data          0x000000000003530c        0x0 build/cooja/mtype19.a(list.o)
 .data          0x000000000003530c        0x0 build/cooja/mtype19.a(memb.o)
 .data          0x000000000003530c       0x10 build/cooja/mtype19.a(button-hal.o)
                0x000000000003530c                button_hal_process
 .data          0x000000000003531c       0x10 build/cooja/mtype19.a(serial-line.o)
                0x000000000003531c                serial_line_process
 .data          0x000000000003532c        0x4 build/cooja/mtype19.a(gpio-hal.o)
 .data          0x0000000000035330       0x18 build/cooja/mtype19.a(queuebuf.o)
 .data          0x0000000000035348        0x4 build/cooja/mtype19.a(packetbuf.o)
 .data          0x000000000003534c        0x4 build/cooja/mtype19.a(netstack.o)
 .data          0x0000000000035350        0x0 build/cooja/mtype19.a(linkaddr.o)
 .data          0x0000000000035350        0x0 build/cooja/mtype19.a(csma.o)
 .data          0x0000000000035350       0x28 build/cooja/mtype19.a(csma-output.o)
 .data          0x0000000000035378        0x0 build/cooja/mtype19.a(uip-ds6.o)
 .data          0x0000000000035378        0x0 build/cooja/mtype19.a(uip-udp-packet.)
 .data          0x0000000000035378       0x10 build/cooja/mtype19.a(uip-ds6-route.o)
 .data          0x0000000000035388       0x10 build/cooja/mtype19.a(tcpip.o)
                0x0000000000035388                tcpip_process
 .data          0x0000000000035398        0x0 build/cooja/mtype19.a(uip6.o)
 .data          0x0000000000035398       0x14 build/cooja/mtype19.a(uip-ds6-nbr.o)
 .data          0x00000000000353ac        0xc build/cooja/mtype19.a(uip-nd6.o)
 .data          0x00000000000353b8        0x0 build/cooja/mtype19.a(sicslowpan.o)
 .data          0x00000000000353b8        0x0 build/cooja/mtype19.a(uiplib.o)
 .data          0x00000000000353b8        0x0 build/cooja/mtype19.a(rpl.o)
 .data          0x00000000000353b8       0x30 build/cooja/mtype19.a(rpl-icmp6.o)
 .data          0x00000000000353e8        0x0 build/cooja/mtype19.a(rpl-dag-root.o)
 .data          0x00000000000353e8        0x0 build/cooja/mtype19.a(watchdog.o)
 .data          0x00000000000353e8        0x0 build/cooja/mtype19.a(int-master.o)
 .data          0x00000000000353e8       0x10 build/cooja/mtype19.a(coap-timer-defa)
                0x00000000000353e8                coap_timer_process
 .data          0x00000000000353f8        0x0 build/cooja/mtype19.a(stimer.o)
 .data          0x00000000000353f8        0x0 build/cooja/mtype19.a(ringbuf.o)
 .data          0x00000000000353f8        0x0 build/cooja/mtype19.a(assert.o)
 .data          0x00000000000353f8       0x10 build/cooja/mtype19.a(nbr-table.o)
 .data          0x0000000000035408       0x14 build/cooja/mtype19.a(link-stats.o)
 .data          0x000000000003541c        0x0 build/cooja/mtype19.a(mac-sequence.o)
 .data          0x000000000003541c        0x0 build/cooja/mtype19.a(mac.o)
 .data          0x000000000003541c        0x0 build/cooja/mtype19.a(framer-802154.o)
 .data          0x000000000003541c        0x2 build/cooja/mtype19.a(frame802154.o)
 .data          0x000000000003541e        0x0 build/cooja/mtype19.a(csma-security.o)
 .data          0x000000000003541e        0x0 build/cooja/mtype19.a(uipbuf.o)
 *fill*         0x000000000003541e        0x2 
 .data          0x0000000000035420       0x20 build/cooja/mtype19.a(uip-icmp6.o)
 .data          0x0000000000035440       0x10 build/cooja/mtype19.a(uip-sr.o)
 .data          0x0000000000035450        0xc build/cooja/mtype19.a(uip-packetqueue)
 .data          0x000000000003545c        0x0 build/cooja/mtype19.a(rpl-nbr-policy.)
 .data          0x000000000003545c       0x14 build/cooja/mtype19.a(rpl-neighbor.o)
                0x000000000003546c                rpl_neighbors
 .data          0x0000000000035470        0x0 build/cooja/mtype19.a(rpl-dag.o)
 .data          0x0000000000035470        0x0 build/cooja/mtype19.a(rpl-timers.o)
 .data          0x0000000000035470        0x0 build/cooja/mtype19.a(rpl-ext-header.)
 *fill*         0x0000000000035470       0x10 
 .data          0x0000000000035480       0x24 build/cooja/mtype19.a(rpl-mrhof.o)
                0x0000000000035480                rpl_mrhof
 .data          0x00000000000354a4        0x0 /usr/lib/gcc/i686-linux-gnu/5/libgcc.a(_udivdi3.o)
 .data          0x00000000000354a4        0x0 /usr/lib/gcc/i686-linux-gnu/5/crtendS.o
 .data          0x00000000000354a4        0x0 /usr/lib/gcc/i686-linux-gnu/5/../../../i386-linux-gnu/crtn.o

.tm_clone_table
                0x00000000000354a4        0x0
 .tm_clone_table
                0x00000000000354a4        0x0 /usr/lib/gcc/i686-linux-gnu/5/crtbeginS.o
 .tm_clone_table
                0x00000000000354a4        0x0 /usr/lib/gcc/i686-linux-gnu/5/crtendS.o

.data1
 *(.data1)
                0x00000000000354a4                _edata = .
                [!provide]                        PROVIDE (edata, .)
                0x00000000000354a4                . = .
                0x00000000000354a4                __bss_start = .

.bss            0x00000000000354c0    0x14104
 *(.dynbss)
 .dynbss        0x00000000000354c0        0x0 /usr/lib/gcc/i686-linux-gnu/5/../../../i386-linux-gnu/crti.o
 *(.bss .bss.* .gnu.linkonce.b.*)
 .bss           0x00000000000354c0        0x0 /usr/lib/gcc/i686-linux-gnu/5/../../../i386-linux-gnu/crti.o
 .bss           0x00000000000354c0        0x1 /usr/lib/gcc/i686-linux-gnu/5/crtbeginS.o
 *fill*         0x00000000000354c1       0x1f 
 .bss           0x00000000000354e0      0x22c temperature.o
                0x00000000000354e0                registered
 *fill*         0x000000000003570c       0x14 
 .bss           0x0000000000035720     0x2030 build/cooja/mtype19.o
 .bss           0x0000000000037750        0x1 build/cooja/mtype19.a(simEnvChange.o)
                0x0000000000037750                simDontFallAsleep
 *fill*         0x0000000000037751        0x3 
 .bss           0x0000000000037754        0x4 build/cooja/mtype19.a(cooja_mt.o)
 .bss           0x0000000000037758        0x4 build/cooja/mtype19.a(cooja_mtarch.o)
 .bss           0x000000000003775c        0x0 build/cooja/mtype19.a(rtimer-arch.o)
 .bss           0x000000000003775c        0x0 build/cooja/mtype19.a(beep.o)
 .bss           0x000000000003775c        0x1 build/cooja/mtype19.a(leds-arch.o)
                0x000000000003775c                simLedsValue
 .bss           0x000000000003775d        0x0 build/cooja/mtype19.a(moteid.o)
 .bss           0x000000000003775d        0x1 build/cooja/mtype19.a(pir-sensor.o)
                0x000000000003775d                simPirValue
 *fill*         0x000000000003775e        0x2 
 .bss           0x0000000000037760        0x4 build/cooja/mtype19.a(rs232.o)
 .bss           0x0000000000037764        0x1 build/cooja/mtype19.a(vib-sensor.o)
                0x0000000000037764                simVibValue
 .bss           0x0000000000037765        0x0 build/cooja/mtype19.a(clock.o)
 *fill*         0x0000000000037765       0x1b 
 .bss           0x0000000000037780     0x2020 build/cooja/mtype19.a(cooja-log.o)
 .bss           0x00000000000397a0      0xfc0 build/cooja/mtype19.a(cfs-cooja.o)
                0x00000000000397a0                simCFSData
                0x000000000003a740                simCFSSize
                0x000000000003a744                simCFSChanged
                0x000000000003a748                simCFSRead
                0x000000000003a74c                simCFSWritten
 .bss           0x000000000003a760       0x24 build/cooja/mtype19.a(cooja-radio.o)
                0x000000000003a760                simReceiving
                0x000000000003a764                simInSize
                0x000000000003a768                simLastPacketTimestamp
                0x000000000003a770                simOutSize
 .bss           0x000000000003a784        0xc build/cooja/mtype19.a(eeprom.o)
                0x000000000003a784                simEEPROMChanged
                0x000000000003a788                simEEPROMRead
                0x000000000003a78c                simEEPROMWritten
 .bss           0x000000000003a790        0x0 build/cooja/mtype19.a(random.o)
 .bss           0x000000000003a790        0xc build/cooja/mtype19.a(sensors.o)
 .bss           0x000000000003a79c        0x0 build/cooja/mtype19.a(leds.o)
 .bss           0x000000000003a79c       0x24 build/cooja/mtype19.a(gpio-hal-arch.o)
 .bss           0x000000000003a7c0        0x0 build/cooja/mtype19.a(buttons.o)
 .bss           0x000000000003a7c0        0x8 build/cooja/mtype19.a(res_temperature)
                0x000000000003a7c0                name_assigned
                0x000000000003a7c1                actuator_ip_assigned
 .bss           0x000000000003a7c8        0x0 build/cooja/mtype19.a(coap-blocking-a)
 *fill*         0x000000000003a7c8       0x18 
 .bss           0x000000000003a7e0      0x190 build/cooja/mtype19.a(coap-engine.o)
 .bss           0x000000000003a970        0x0 build/cooja/mtype19.a(coap-res-well-k)
 *fill*         0x000000000003a970       0x10 
 .bss           0x000000000003a980      0x120 build/cooja/mtype19.a(coap-observe.o)
 .bss           0x000000000003aaa0       0x18 build/cooja/mtype19.a(coap-uip.o)
 .bss           0x000000000003aab8        0x5 build/cooja/mtype19.a(coap-timer.o)
 *fill*         0x000000000003aabd        0x3 
 .bss           0x000000000003aac0      0x334 build/cooja/mtype19.a(coap-transactio)
 .bss           0x000000000003adf4        0x6 build/cooja/mtype19.a(coap.o)
                0x000000000003adf4                coap_status_code
 .bss           0x000000000003adfa        0x0 build/cooja/mtype19.a(contiki-main.o)
 .bss           0x000000000003adfa        0x0 build/cooja/mtype19.a(autostart.o)
 *fill*         0x000000000003adfa        0x2 
 .bss           0x000000000003adfc        0x5 build/cooja/mtype19.a(ctimer.o)
 *fill*         0x000000000003ae01        0x3 
 .bss           0x000000000003ae04       0x2c build/cooja/mtype19.a(log.o)
                0x000000000003ae04                curr_log_level_rpl
                0x000000000003ae08                curr_log_level_tcpip
                0x000000000003ae0c                curr_log_level_ipv6
                0x000000000003ae10                curr_log_level_6lowpan
                0x000000000003ae14                curr_log_level_nullnet
                0x000000000003ae18                curr_log_level_mac
                0x000000000003ae1c                curr_log_level_framer
                0x000000000003ae20                curr_log_level_6top
                0x000000000003ae24                curr_log_level_coap
                0x000000000003ae28                curr_log_level_snmp
                0x000000000003ae2c                curr_log_level_lwm2m
 .bss           0x000000000003ae30        0x0 build/cooja/mtype19.a(energest.o)
 .bss           0x000000000003ae30        0x8 build/cooja/mtype19.a(etimer.o)
 .bss           0x000000000003ae38        0x2 build/cooja/mtype19.a(node-id.o)
                0x000000000003ae38                node_id
 *fill*         0x000000000003ae3a        0x2 
 .bss           0x000000000003ae3c        0x4 build/cooja/mtype19.a(rtimer.o)
 .bss           0x000000000003ae40      0x1a1 build/cooja/mtype19.a(process.o)
                0x000000000003ae40                process_list
                0x000000000003ae44                process_current
 .bss           0x000000000003afe1        0x0 build/cooja/mtype19.a(timer.o)
 .bss           0x000000000003afe1        0x0 build/cooja/mtype19.a(list.o)
 .bss           0x000000000003afe1        0x0 build/cooja/mtype19.a(memb.o)
 *fill*         0x000000000003afe1        0x3 
 .bss           0x000000000003afe4       0x10 build/cooja/mtype19.a(button-hal.o)
 *fill*         0x000000000003aff4        0xc 
 .bss           0x000000000003b000      0x140 build/cooja/mtype19.a(serial-line.o)
 .bss           0x000000000003b140        0x4 build/cooja/mtype19.a(gpio-hal.o)
 *fill*         0x000000000003b144       0x1c 
 .bss           0x000000000003b160     0x2c80 build/cooja/mtype19.a(queuebuf.o)
 .bss           0x000000000003dde0       0xa0 build/cooja/mtype19.a(packetbuf.o)
 .bss           0x000000000003de80        0x4 build/cooja/mtype19.a(netstack.o)
 .bss           0x000000000003de84        0x0 build/cooja/mtype19.a(linkaddr.o)
 .bss           0x000000000003de84        0x0 build/cooja/mtype19.a(csma.o)
 *fill*         0x000000000003de84       0x1c 
 .bss           0x000000000003dea0      0x726 build/cooja/mtype19.a(csma-output.o)
 *fill*         0x000000000003e5c6        0x2 
 .bss           0x000000000003e5c8       0x30 build/cooja/mtype19.a(uip-ds6.o)
 .bss           0x000000000003e5f8        0x0 build/cooja/mtype19.a(uip-udp-packet.)
 *fill*         0x000000000003e5f8        0x8 
 .bss           0x000000000003e600       0x60 build/cooja/mtype19.a(uip-ds6-route.o)
 .bss           0x000000000003e660       0x10 build/cooja/mtype19.a(tcpip.o)
 .bss           0x000000000003e670        0x8 build/cooja/mtype19.a(uip6.o)
                0x000000000003e670                uip_ext_bitmap
                0x000000000003e672                uip_ext_len
                0x000000000003e674                uip_last_proto
 *fill*         0x000000000003e678        0x8 
 .bss           0x000000000003e680     0x1c20 build/cooja/mtype19.a(uip-ds6-nbr.o)
 .bss           0x00000000000402a0       0x10 build/cooja/mtype19.a(uip-nd6.o)
 *fill*         0x00000000000402b0       0x10 
 .bss           0x00000000000402c0      0x724 build/cooja/mtype19.a(sicslowpan.o)
 .bss           0x00000000000409e4        0x0 build/cooja/mtype19.a(uiplib.o)
 .bss           0x00000000000409e4        0x1 build/cooja/mtype19.a(rpl.o)
 .bss           0x00000000000409e5        0x0 build/cooja/mtype19.a(rpl-icmp6.o)
 *fill*         0x00000000000409e5        0x3 
 .bss           0x00000000000409e8       0x11 build/cooja/mtype19.a(rpl-dag-root.o)
 .bss           0x00000000000409f9        0x0 build/cooja/mtype19.a(watchdog.o)