Archive member included to satisfy reference by file (symbol)

build/cooja/mtype866.a(simEnvChange.o)
                              build/cooja/mtype866.o (simDontFallAsleep)
build/cooja/mtype866.a(cooja_mt.o)
                              build/cooja/mtype866.o (cooja_mt_start)
build/cooja/mtype866.a(cooja_mtarch.o)
                              build/cooja/mtype866.a(cooja_mt.o) (cooja_mtarch_start)
build/cooja/mtype866.a(rtimer-arch.o)
                              build/cooja/mtype866.o (rtimer_arch_check)
build/cooja/mtype866.a(beep.o)
                              build/cooja/mtype866.o (beep_interface)
build/cooja/mtype866.a(leds-arch.o)
                              build/cooja/mtype866.o (leds_interface)
build/cooja/mtype866.a(moteid.o)
                              build/cooja/mtype866.o (moteid_interface)
build/cooja/mtype866.a(pir-sensor.o)
                              build/cooja/mtype866.o (pir_interface)
build/cooja/mtype866.a(rs232.o)
                              build/cooja/mtype866.o (rs232_interface)
build/cooja/mtype866.a(vib-sensor.o)
                              build/cooja/mtype866.o (vib_interface)
build/cooja/mtype866.a(clock.o)
                              build/cooja/mtype866.o (clock_interface)
build/cooja/mtype866.a(cooja-log.o)
                              build/cooja/mtype866.o (simlog_interface)
build/cooja/mtype866.a(cfs-cooja.o)
                              build/cooja/mtype866.o (cfs_interface)
build/cooja/mtype866.a(cooja-radio.o)
                              build/cooja/mtype866.o (radio_interface)
build/cooja/mtype866.a(eeprom.o)
                              build/cooja/mtype866.o (eeprom_interface)
build/cooja/mtype866.a(random.o)
                              build/cooja/mtype866.a(moteid.o) (random_init)
build/cooja/mtype866.a(sensors.o)
                              build/cooja/mtype866.a(pir-sensor.o) (sensors_changed)
build/cooja/mtype866.a(leds.o)
                              build/cooja/mtype866.a(leds-arch.o) (leds_get)
build/cooja/mtype866.a(gpio-hal-arch.o)
                              build/cooja/mtype866.a(leds-arch.o) (gpio_hal_arch_register_pin_callback)
build/cooja/mtype866.a(buttons.o)
                              build/cooja/mtype866.o (button_interface)
build/cooja/mtype866.a(res_temperature)
                              client.o (res_temperature)
build/cooja/mtype866.a(coap-blocking-a)
                              client.o (coap_blocking_request)
build/cooja/mtype866.a(coap-engine.o)
                              client.o (coap_activate_resource)
build/cooja/mtype866.a(coap-res-well-k)
                              build/cooja/mtype866.a(coap-engine.o) (res_well_known_core)
build/cooja/mtype866.a(coap-observe.o)
                              build/cooja/mtype866.a(coap-engine.o) (coap_remove_observer_by_mid)
build/cooja/mtype866.a(coap-uip.o)
                              build/cooja/mtype866.a(coap-observe.o) (coap_endpoint_copy)
build/cooja/mtype866.a(coap-timer.o)
                              build/cooja/mtype866.a(coap-engine.o) (coap_timer_set)
build/cooja/mtype866.a(coap-transactio)
                              build/cooja/mtype866.a(coap-blocking-a) (coap_send_transaction)
build/cooja/mtype866.a(coap.o)
                              build/cooja/mtype866.a(coap-engine.o) (coap_status_code)
build/cooja/mtype866.a(contiki-main.o)
                              build/cooja/mtype866.o (main)
build/cooja/mtype866.a(autostart.o)
                              build/cooja/mtype866.a(contiki-main.o) (autostart_start)
build/cooja/mtype866.a(ctimer.o)
                              build/cooja/mtype866.a(contiki-main.o) (ctimer_init)
build/cooja/mtype866.a(log.o)
                              build/cooja/mtype866.a(contiki-main.o) (curr_log_level_main)
build/cooja/mtype866.a(energest.o)
                              build/cooja/mtype866.a(contiki-main.o) (energest_init)
build/cooja/mtype866.a(etimer.o)
                              build/cooja/mtype866.a(contiki-main.o) (etimer_process)
build/cooja/mtype866.a(node-id.o)
                              client.o (node_id)
build/cooja/mtype866.a(rtimer.o)
                              build/cooja/mtype866.a(contiki-main.o) (rtimer_init)
build/cooja/mtype866.a(process.o)
                              build/cooja/mtype866.a(coap-blocking-a) (process_current)
build/cooja/mtype866.a(timer.o)
                              build/cooja/mtype866.a(etimer.o) (timer_set)
build/cooja/mtype866.a(list.o)
                              build/cooja/mtype866.a(coap-engine.o) (list_init)
build/cooja/mtype866.a(memb.o)
                              build/cooja/mtype866.a(coap-observe.o) (memb_alloc)
build/cooja/mtype866.a(button-hal.o)
                              build/cooja/mtype866.o (button_hal_init)
build/cooja/mtype866.a(serial-line.o)
                              build/cooja/mtype866.a(rs232.o) (serial_line_input_byte)
build/cooja/mtype866.a(gpio-hal.o)
[...]
Memory Configuration

Name             Origin             Length             Attributes
*default*        0x0000000000000000 0xffffffffffffffff

Linker script and memory map

LOAD /usr/lib/gcc/i686-linux-gnu/5/../../../i386-linux-gnu/crti.o
LOAD /usr/lib/gcc/i686-linux-gnu/5/crtbeginS.o
LOAD client.o
LOAD build/cooja/mtype866.o
LOAD build/cooja/mtype866.a
LOAD /usr/lib/gcc/i686-linux-gnu/5/libgcc.a
LOAD /usr/lib/gcc/i686-linux-gnu/5/libgcc_s.so
LOAD /usr/lib/gcc/i686-linux-gnu/5/../../../i386-linux-gnu/libc.so
START GROUP
LOAD /lib/i386-linux-gnu/libc.so.6
LOAD /usr/lib/i386-linux-gnu/libc_nonshared.a
LOAD /lib/i386-linux-gnu/ld-linux.so.2
END GROUP
LOAD /usr/lib/gcc/i686-linux-gnu/5/libgcc.a
LOAD /usr/lib/gcc/i686-linux-gnu/5/libgcc_s.so
LOAD /usr/lib/gcc/i686-linux-gnu/5/crtendS.o
LOAD /usr/lib/gcc/i686-linux-gnu/5/../../../i386-linux-gnu/crtn.o
                0x0000000000000114                . = (0x0 + SIZEOF_HEADERS)

.note.gnu.build-id
                0x0000000000000114       0x24
 *(.note.gnu.build-id)
 .note.gnu.build-id
                0x0000000000000114       0x24 /usr/lib/gcc/i686-linux-gnu/5/../../../i386-linux-gnu/crti.o

.hash
 *(.hash)

.gnu.hash       0x0000000000000138     0x15ac
 *(.gnu.hash)
 .gnu.hash      0x0000000000000138     0x15ac /usr/lib/gcc/i686-linux-gnu/5/../../../i386-linux-gnu/crti.o

.dynsym         0x00000000000016e4     0x2f60
 *(.dynsym)
 .dynsym        0x00000000000016e4     0x2f60 /usr/lib/gcc/i686-linux-gnu/5/../../../i386-linux-gnu/crti.o

.dynstr         0x0000000000004644     0x3710
 *(.dynstr)
 .dynstr        0x0000000000004644     0x3710 /usr/lib/gcc/i686-linux-gnu/5/../../../i386-linux-gnu/crti.o

.gnu.version    0x0000000000007d54      0x5ec
 *(.gnu.version)
 .gnu.version   0x0000000000007d54      0x5ec /usr/lib/gcc/i686-linux-gnu/5/../../../i386-linux-gnu/crti.o

.gnu.version_d  0x0000000000008340        0x0
 *(.gnu.version_d)
 .gnu.version_d
                0x0000000000008340        0x0 /usr/lib/gcc/i686-linux-gnu/5/../../../i386-linux-gnu/crti.o

.gnu.version_r  0x0000000000008340       0x40
 *(.gnu.version_r)
 .gnu.version_r
                0x0000000000008340       0x40 /usr/lib/gcc/i686-linux-gnu/5/../../../i386-linux-gnu/crti.o

.rel.dyn        0x0000000000008380     0x9380
 *(.rel.init)
 .rel.init      0x0000000000008380        0x0 /usr/lib/gcc/i686-linux-gnu/5/../../../i386-linux-gnu/crti.o
 *(.rel.text .rel.text.* .rel.gnu.linkonce.t.*)
 .rel.text      0x0000000000008380     0x8988 /usr/lib/gcc/i686-linux-gnu/5/../../../i386-linux-gnu/crti.o
 *(.rel.fini)
 .rel.fini      0x0000000000010d08        0x0 /usr/lib/gcc/i686-linux-gnu/5/../../../i386-linux-gnu/crti.o
 *(.rel.rodata .rel.rodata.* .rel.gnu.linkonce.r.*)
 .rel.rodata    0x0000000000010d08      0x598 /usr/lib/gcc/i686-linux-gnu/5/../../../i386-linux-gnu/crti.o
 *(.rel.data.rel.ro .rel.data.rel.ro.* .rel.gnu.linkonce.d.rel.ro.*)
 *(.rel.data .rel.data.* .rel.gnu.linkonce.d.*)
 .rel.data.rel.local
                0x00000000000112a0        0x8 /usr/lib/gcc/i686-linux-gnu/5/../../../i386-linux-gnu/crti.o
 .rel.data      0x00000000000112a8      0x420 /usr/lib/gcc/i686-linux-gnu/5/../../../i386-linux-gnu/crti.o
 *(.rel.tdata .rel.tdata.* .rel.gnu.linkonce.td.*)
 *(.rel.tbss .rel.tbss.* .rel.gnu.linkonce.tb.*)
 *(.rel.ctors)
 *(.rel.dtors)
 *(.rel.got)
 .rel.got       0x00000000000116c8       0x28 /usr/lib/gcc/i686-linux-gnu/5/../../../i386-linux-gnu/crti.o
 *(.rel.bss .rel.bss.* .rel.gnu.linkonce.b.*)
 *(.rel.ifunc)
 .rel.ifunc     0x00000000000116f0        0x0 /usr/lib/gcc/i686-linux-gnu/5/../../../i386-linux-gnu/crti.o
 .rel.fini_array
                0x00000000000116f0        0x8 /usr/lib/gcc/i686-linux-gnu/5/../../../i386-linux-gnu/crti.o
 .rel.init_array
                0x00000000000116f8        0x8 /usr/lib/gcc/i686-linux-gnu/5/../../../i386-linux-gnu/crti.o

.rel.plt        0x0000000000011700        0x0
 *(.rel.plt)
 .rel.plt       0x0000000000011700        0x0 /usr/lib/gcc/i686-linux-gnu/5/../../../i386-linux-gnu/crti.o
 *(.rel.iplt)

.init           0x0000000000011700       0x23
 *(SORT(.init))
 .init          0x0000000000011700       0x1e /usr/lib/gcc/i686-linux-gnu/5/../../../i386-linux-gnu/crti.o
                0x0000000000011700                _init
 .init          0x000000000001171e        0x5 /usr/lib/gcc/i686-linux-gnu/5/../../../i386-linux-gnu/crtn.o

.plt            0x0000000000011730       0x10
 *(.plt)
 .plt           0x0000000000011730       0x10 /usr/lib/gcc/i686-linux-gnu/5/../../../i386-linux-gnu/crti.o
 *(.iplt)

.plt.got        0x0000000000011740       0x10
 *(.plt.got)
 .plt.got       0x0000000000011740       0x10 /usr/lib/gcc/i686-linux-gnu/5/../../../i386-linux-gnu/crti.o

.text           0x0000000000011750    0x18e22
 *(.text.unlikely .text.*_unlikely .text.unlikely.*)
 .text.unlikely
                0x0000000000011750        0x0 /usr/lib/gcc/i686-linux-gnu/5/crtbeginS.o
 .text.unlikely
                0x0000000000011750        0x0 /usr/lib/gcc/i686-linux-gnu/5/libgcc.a(_udivdi3.o)
 *(.text.exit .text.exit.*)
 *(.text.startup .text.startup.*)
 *(.text.hot .text.hot.*)
 *(.text .stub .text.* .gnu.linkonce.t.*)
 .text          0x0000000000011750        0x0 /usr/lib/gcc/i686-linux-gnu/5/../../../i386-linux-gnu/crti.o
 .gnu.linkonce.t.__x86.get_pc_thunk.bx
                0x0000000000011750        0x4 /usr/lib/gcc/i686-linux-gnu/5/../../../i386-linux-gnu/crti.o
                0x0000000000011750                __x86.get_pc_thunk.bx
 *fill*         0x0000000000011754        0xc 
 .text          0x0000000000011760      0x11c /usr/lib/gcc/i686-linux-gnu/5/crtbeginS.o
 .text.__x86.get_pc_thunk.dx
                0x000000000001187c        0x4 /usr/lib/gcc/i686-linux-gnu/5/crtbeginS.o
                0x000000000001187c                __x86.get_pc_thunk.dx
 .text          0x0000000000011880      0x5c1 client.o
                0x00000000000118e9                client_chunk_handler
 .text          0x0000000000011e41      0x283 build/cooja/mtype866.o
                0x0000000000011ed3                platform_init_stage_one
                0x0000000000011ee6                platform_init_stage_two
                0x0000000000011ef9                platform_init_stage_three
                0x0000000000011f0c                platform_main_loop
                0x0000000000011f7f                Java_org_contikios_cooja_corecomm_Lib1_init
                0x0000000000011fb6                Java_org_contikios_cooja_corecomm_Lib1_getMemory
                0x0000000000011fe9                Java_org_contikios_cooja_corecomm_Lib1_setMemory
                0x0000000000012049                Java_org_contikios_cooja_corecomm_Lib1_tick
                0x00000000000120b1                Java_org_contikios_cooja_corecomm_Lib1_setReferenceAddress
 .text          0x00000000000120c4       0x65 build/cooja/mtype866.a(simEnvChange.o)
                0x00000000000120c4                doActionsBeforeTick
                0x00000000000120f6                doActionsAfterTick
 .text          0x0000000000012129       0x83 build/cooja/mtype866.a(cooja_mt.o)
                0x0000000000012129                cooja_mt_start
                0x0000000000012153                cooja_mt_exec
                0x0000000000012189                cooja_mt_yield
 .text          0x00000000000121ac       0xbe build/cooja/mtype866.a(cooja_mtarch.o)
                0x00000000000121ac                cooja_mtarch_start
                0x000000000001221f                cooja_sw
                0x0000000000012242                cooja_mtarch_exec
                0x000000000001225f                cooja_mtarch_yield
 .text          0x000000000001226a       0xc5 build/cooja/mtype866.a(rtimer-arch.o)
                0x000000000001226a                rtimer_arch_init
                0x000000000001228e                rtimer_arch_schedule
                0x00000000000122be                rtimer_arch_next
                0x00000000000122ce                rtimer_arch_pending
                0x00000000000122d8                rtimer_arch_check
                0x000000000001231f                rtimer_arch_now
 .text          0x000000000001232f       0x81 build/cooja/mtype866.a(beep.o)
                0x000000000001232f                beep_alarm
                0x000000000001233c                beep_beep
                0x0000000000012349                beep
                0x0000000000012356                beep_down
                0x0000000000012363                beep_on
                0x0000000000012370                beep_off
                0x000000000001237d                beep_spinup
                0x000000000001238a                beep_quick
                0x0000000000012397                beep_long
 .text          0x00000000000123b0       0x65 build/cooja/mtype866.a(leds-arch.o)
                0x00000000000123c3                leds_arch_init
 .text          0x0000000000012415       0x35 build/cooja/mtype866.a(moteid.o)
 .text          0x000000000001244a       0xb7 build/cooja/mtype866.a(pir-sensor.o)
 .text          0x0000000000012501      0x148 build/cooja/mtype866.a(rs232.o)
                0x0000000000012501                rs232_init
                0x0000000000012507                rs232_set_speed
                0x0000000000012516                rs232_set_input
                0x0000000000012524                rs232_send
                0x0000000000012548                rs232_print
                0x0000000000012564                slip_arch_writeb
 .text          0x0000000000012649       0xb7 build/cooja/mtype866.a(vib-sensor.o)
 .text          0x0000000000012700       0x38 build/cooja/mtype866.a(clock.o)
                0x0000000000012700                clock_init
                0x0000000000012706                clock_time
                0x0000000000012710                clock_seconds
                0x0000000000012726                clock_delay
 .text          0x0000000000012738      0x219 build/cooja/mtype866.a(cooja-log.o)
                0x0000000000012738                simlog_char
                0x000000000001277b                simlog
                0x00000000000127f1                log_message
                0x0000000000012822                log_set_putchar_with_slip
                0x0000000000012830                log_putchar
                0x00000000000128ab                log_puts
                0x00000000000128d3                log_printf
 .text          0x0000000000012951      0x2b9 build/cooja/mtype866.a(cfs-cooja.o)
                0x0000000000012951                cfs_open
                0x00000000000129ba                cfs_close
                0x00000000000129c7                cfs_read
                0x0000000000012a5c                cfs_write
                0x0000000000012b38                cfs_seek
                0x0000000000012bc0                cfs_remove
                0x0000000000012be4                cfs_opendir
                0x0000000000012bee                cfs_readdir
                0x0000000000012bf8                cfs_closedir
 .text          0x0000000000012c0a      0x620 build/cooja/mtype866.a(cooja-radio.o)
                0x0000000000012c4c                radio_set_channel
                0x0000000000012c5a                radio_set_txpower
                0x0000000000012c72                radio_signal_strength_last
                0x0000000000012c7c                radio_signal_strength_current
                0x0000000000012c86                radio_LQI
 .text          0x000000000001322a       0xee build/cooja/mtype866.a(eeprom.o)
                0x000000000001322a                eeprom_init
                0x0000000000013230                eeprom_read
                0x000000000001329e                eeprom_write
 .text          0x0000000000013318       0x2d build/cooja/mtype866.a(random.o)
                0x0000000000013318                random_init
                0x0000000000013338                random_rand
 .text          0x0000000000013345      0x29c build/cooja/mtype866.a(sensors.o)
                0x0000000000013380                sensors_first
                0x000000000001338a                sensors_next
                0x00000000000133a4                sensors_changed
                0x00000000000133d8                sensors_find
 .text          0x00000000000135e1      0x349 build/cooja/mtype866.a(leds.o)
                0x00000000000135e1                leds_init
                0x0000000000013628                leds_single_on
                0x0000000000013687                leds_single_off
                0x00000000000136e6                leds_single_toggle
                0x0000000000013718                leds_on
                0x000000000001379a                leds_off
                0x000000000001381c                leds_toggle
                0x0000000000013871                leds_set
                0x000000000001389d                leds_get
 .text          0x000000000001392a      0x343 build/cooja/mtype866.a(gpio-hal-arch.o)
                0x000000000001392a                gpio_hal_arch_register_pin_callback
                0x0000000000013996                gpio_hal_arch_init
                0x00000000000139db                gpio_hal_arch_no_port_interrupt_enable
                0x0000000000013a0b                gpio_hal_arch_no_port_interrupt_disable
                0x0000000000013a3b                gpio_hal_arch_no_port_pin_cfg_set
                0x0000000000013a60                gpio_hal_arch_no_port_pin_cfg_get
                0x0000000000013a86                gpio_hal_arch_no_port_pin_set_input
                0x0000000000013a98                gpio_hal_arch_no_port_pin_set_output
                0x0000000000013aaa                gpio_hal_arch_no_port_set_pin
                0x0000000000013acb                gpio_hal_arch_no_port_clear_pin
                0x0000000000013aec                gpio_hal_arch_no_port_read_pin
                0x0000000000013b12                gpio_hal_arch_no_port_write_pin
                0x0000000000013b3c                gpio_hal_arch_no_port_set_pins
                0x0000000000013b83                gpio_hal_arch_no_port_clear_pins
                0x0000000000013bca                gpio_hal_arch_no_port_read_pins
                0x0000000000013c0d                gpio_hal_arch_no_port_write_pins
 .text          0x0000000000013c6d       0x89 build/cooja/mtype866.a(buttons.o)
 .text          0x0000000000013cf6      0x3fe build/cooja/mtype866.a(res_temperature)
 .text          0x00000000000140f4      0x27b build/cooja/mtype866.a(coap-blocking-a)
                0x00000000000140f4                coap_blocking_request_callback
                0x000000000001411e                coap_blocking_request
 .text          0x000000000001436f      0xbea build/cooja/mtype866.a(coap-engine.o)
                0x0000000000014404                coap_add_handler
                0x0000000000014421                coap_remove_handler
                0x000000000001443e                coap_call_handlers
                0x0000000000014546                coap_receive
                0x0000000000014b41                coap_engine_init
                0x0000000000014b9f                coap_activate_resource
                0x0000000000014c4a                coap_get_first_resource
                0x0000000000014c63                coap_get_next_resource
 .text          0x0000000000014f59      0x2d9 build/cooja/mtype866.a(coap-res-well-k)
 .text          0x0000000000015232      0x96a build/cooja/mtype866.a(coap-observe.o)
                0x0000000000015347                coap_remove_observer
                0x0000000000015377                coap_remove_observer_by_client
                0x00000000000153df                coap_remove_observer_by_token
                0x0000000000015472                coap_remove_observer_by_uri
                0x0000000000015519                coap_remove_observer_by_mid
                0x0000000000015595                coap_notify_observers
                0x00000000000155ae                coap_notify_observers_sub
                0x0000000000015a18                coap_observe_handler
                0x0000000000015b33                coap_has_observers
 .text          0x0000000000015b9c      0x733 build/cooja/mtype866.a(coap-uip.o)
                0x0000000000015b9c                coap_endpoint_log
                0x0000000000015c22                coap_endpoint_print
                0x0000000000015ca8                coap_endpoint_snprint
                0x0000000000015ddb                coap_endpoint_copy
                0x0000000000015e18                coap_endpoint_cmp
                0x0000000000015f26                coap_endpoint_parse
                0x0000000000016111                coap_endpoint_is_secure
                0x0000000000016120                coap_endpoint_is_connected
                0x0000000000016154                coap_endpoint_connect
                0x0000000000016170                coap_endpoint_disconnect
                0x0000000000016176                coap_databuf
                0x0000000000016180                coap_transport_init
                0x00000000000161d0                coap_sendto
 .text          0x00000000000162cf      0x324 build/cooja/mtype866.a(coap-timer.o)
                0x00000000000163cc                coap_timer_stop
                0x00000000000163f7                coap_timer_set
                0x000000000001643a                coap_timer_reset
                0x000000000001647d                coap_timer_time_to_next_expiration
                0x00000000000164e9                coap_timer_run
                0x00000000000165b5                coap_timer_init
 .text          0x00000000000165f3      0x2c6 build/cooja/mtype866.a(coap-transactio)
                0x0000000000016659                coap_new_transaction
                0x00000000000166bf                coap_send_transaction
                0x0000000000016820                coap_clear_transaction
                0x0000000000016868                coap_get_transaction_by_mid
 .text          0x00000000000168b9     0x1c53 build/cooja/mtype866.a(coap.o)
                0x0000000000016e26                coap_init_connection
                0x0000000000016e3a                coap_get_mid
                0x0000000000016e56                coap_init_message
                0x0000000000016e9f                coap_serialize_message
                0x0000000000017521                coap_parse_message
                0x0000000000017b88                coap_get_query_variable
                0x0000000000017bca                coap_get_post_variable
                0x0000000000017c0e                coap_set_status_code
                0x0000000000017c33                coap_set_token
                0x0000000000017c7a                coap_get_header_content_format
                0x0000000000017cab                coap_set_header_content_format
                0x0000000000017cce                coap_get_header_accept
                0x0000000000017cff                coap_set_header_accept
                0x0000000000017d22                coap_get_header_max_age
                0x0000000000017d53                coap_set_header_max_age
                0x0000000000017d73                coap_get_header_etag
                0x0000000000017da5                coap_set_header_etag
                0x0000000000017dfc                coap_get_header_if_match
                0x0000000000017e2e                coap_set_header_if_match
                0x0000000000017e85                coap_get_header_if_none_match
                0x0000000000017e9f                coap_set_header_if_none_match
                0x0000000000017eb6                coap_get_header_proxy_uri
                0x0000000000017ee4                coap_set_header_proxy_uri
                0x0000000000017f21                coap_get_header_uri_host
                0x0000000000017f4f                coap_set_header_uri_host
                0x0000000000017f8c                coap_get_header_uri_path
                0x0000000000017fba                coap_set_header_uri_path
                0x0000000000018007                coap_get_header_uri_query
                0x000000000001803b                coap_set_header_uri_query
                0x0000000000018091                coap_get_header_location_path
                0x00000000000180bf                coap_set_header_location_path
                0x0000000000018158                coap_get_header_location_query
                0x0000000000018186                coap_set_header_location_query
                0x00000000000181d3                coap_get_header_observe
                0x0000000000018202                coap_set_header_observe
                0x0000000000018222                coap_get_header_block2
                0x000000000001828e                coap_set_header_block2
                0x0000000000018305                coap_get_header_block1
                0x000000000001837a                coap_set_header_block1
                0x00000000000183f5                coap_get_header_size2
                0x0000000000018425                coap_set_header_size2
                0x0000000000018448                coap_get_header_size1
                0x0000000000018478                coap_set_header_size1
                0x000000000001849b                coap_get_payload
                0x00000000000184d5                coap_set_payload
 .text          0x000000000001850c      0x332 build/cooja/mtype866.a(contiki-main.o)
                0x000000000001850c                main
 .text          0x000000000001883e       0x92 build/cooja/mtype866.a(autostart.o)
                0x000000000001883e                autostart_start
                0x0000000000018888                autostart_exit
 .text          0x00000000000188d0      0x355 build/cooja/mtype866.a(ctimer.o)
                0x00000000000189f8                ctimer_init
                0x0000000000018a2b                ctimer_set
                0x0000000000018a51                ctimer_set_with_process
                0x0000000000018ace                ctimer_reset
                0x0000000000018b22                ctimer_restart
                0x0000000000018b76                ctimer_stop
                0x0000000000018bc6                ctimer_expired
 .text          0x0000000000018c25      0x394 build/cooja/mtype866.a(log.o)
                0x0000000000018c25                log_6addr
                0x0000000000018c78                log_6addr_compact_snprint
                0x0000000000018d16                log_6addr_compact
                0x0000000000018d69                log_lladdr
                0x0000000000018ddb                log_lladdr_compact
                0x0000000000018e43                log_set_level
                0x0000000000018efe                log_get_level
                0x0000000000018f77                log_level_to_str
 .text          0x0000000000018fb9       0x1b build/cooja/mtype866.a(energest.o)
                0x0000000000018fb9                energest_init
                0x0000000000018fbf                energest_flush
                0x0000000000018fc5                energest_get_total_time
 .text          0x0000000000018fd4      0x43f build/cooja/mtype866.a(etimer.o)
                0x00000000000191f8                etimer_request_poll
                0x0000000000019281                etimer_set
                0x00000000000192aa                etimer_reset_with_new_interval
                0x00000000000192d9                etimer_reset
                0x00000000000192ff                etimer_restart
                0x0000000000019325                etimer_adjust
                0x0000000000019342                etimer_expired
                0x0000000000019355                etimer_expiration_time
                0x0000000000019367                etimer_start_time
                0x0000000000019371                etimer_pending
                0x0000000000019383                etimer_next_expiration_time
                0x000000000001939d                etimer_stop
 .text          0x0000000000019413       0x25 build/cooja/mtype866.a(node-id.o)
                0x0000000000019413                node_id_init
 .text          0x0000000000019438       0xeb build/cooja/mtype866.a(rtimer.o)
                0x0000000000019438                rtimer_init
                0x0000000000019446                rtimer_set
                0x00000000000194c1                rtimer_run_next
 .text          0x0000000000019523      0x4fb build/cooja/mtype866.a(process.o)
                0x0000000000019523                process_alloc_event
                0x0000000000019538                process_start
                0x0000000000019712                process_exit
                0x000000000001972f                process_init
                0x00000000000198c4                process_run
                0x00000000000198f7                process_nevents
                0x0000000000019912                process_post
                0x00000000000199a5                process_post_synch
                0x00000000000199da                process_poll
                0x0000000000019a0a                process_is_running
 .text          0x0000000000019a1e       0xb1 build/cooja/mtype866.a(timer.o)
                0x0000000000019a1e                timer_set
                0x0000000000019a3c                timer_reset
                0x0000000000019a69                timer_restart
                0x0000000000019a7e                timer_expired
                0x0000000000019aab                timer_remaining
 .text          0x0000000000019acf      0x28f build/cooja/mtype866.a(list.o)
                0x0000000000019acf                list_init
                0x0000000000019ade                list_head
                0x0000000000019ae8                list_copy
                0x0000000000019af8                list_tail
                0x0000000000019b2e                list_add
                0x0000000000019b7a                list_push
                0x0000000000019ba6                list_chop
                0x0000000000019c10                list_pop
                0x0000000000019c38                list_remove
                0x0000000000019ca0                list_length
                0x0000000000019cce                list_insert
                0x0000000000019d13                list_item_next
                0x0000000000019d2a                list_contains
 .text          0x0000000000019d5e      0x1b5 build/cooja/mtype866.a(memb.o)
                0x0000000000019d5e                memb_init
                0x0000000000019db3                memb_alloc
                0x0000000000019e16                memb_free
                0x0000000000019e8d                memb_inmemb
                0x0000000000019ecc                memb_numfree
 .text          0x0000000000019f13      0x41c build/cooja/mtype866.a(button-hal.o)
                0x000000000001a08c                button_hal_get_by_id
                0x000000000001a0ca                button_hal_get_by_index
                0x000000000001a0f6                button_hal_get_state
                0x000000000001a148                button_hal_init
 .text          0x000000000001a32f      0x1f3 build/cooja/mtype866.a(serial-line.o)
                0x000000000001a32f                serial_line_input_byte
                0x000000000001a4ed                serial_line_init
 .text          0x000000000001a522      0x168 build/cooja/mtype866.a(gpio-hal.o)
                0x000000000001a522                gpio_hal_register_handler
                0x000000000001a53f                gpio_hal_event_handler
                0x000000000001a59b                gpio_hal_init
                0x000000000001a5ba                gpio_hal_arch_port_toggle_pin
                0x000000000001a5f6                gpio_hal_arch_port_toggle_pins
                0x000000000001a624                gpio_hal_arch_no_port_toggle_pin
                0x000000000001a662                gpio_hal_arch_no_port_toggle_pins
 .text          0x000000000001a68a      0x2e7 build/cooja/mtype866.a(queuebuf.o)
                0x000000000001a694                queuebuf_init
                0x000000000001a6bd                queuebuf_numfree
                0x000000000001a6d5                queuebuf_new_from_packetbuf
                0x000000000001a774                queuebuf_update_attr_from_packetbuf
                0x000000000001a7a9                queuebuf_update_from_packetbuf
                0x000000000001a7f9                queuebuf_free
                0x000000000001a842                queuebuf_to_packetbuf
                0x000000000001a8ae                queuebuf_dataptr
                0x000000000001a8e8                queuebuf_datalen
                0x000000000001a90b                queuebuf_addr
                0x000000000001a940                queuebuf_attr
                0x000000000001a96b                queuebuf_debug_print
 .text          0x000000000001a971      0x407 build/cooja/mtype866.a(packetbuf.o)
                0x000000000001a971                packetbuf_clear
                0x000000000001a99c                packetbuf_copyfrom
                0x000000000001a9eb                packetbuf_copyto
                0x000000000001aa7e                packetbuf_hdralloc
                0x000000000001aafa                packetbuf_hdrreduce
                0x000000000001ab40                packetbuf_set_datalen
                0x000000000001ab5a                packetbuf_dataptr
                0x000000000001ab77                packetbuf_hdrptr
                0x000000000001ab81                packetbuf_datalen
                0x000000000001ab8d                packetbuf_hdrlen
                0x000000000001aba4                packetbuf_totlen
                0x000000000001abba                packetbuf_remaininglen
                0x000000000001abcd                packetbuf_attr_clear
                0x000000000001ac19                packetbuf_attr_copyto
                0x000000000001ac71                packetbuf_attr_copyfrom
                0x000000000001acc9                packetbuf_set_attr
                0x000000000001acf3                packetbuf_attr
                0x000000000001ad0d                packetbuf_set_addr
                0x000000000001ad3e                packetbuf_addr
                0x000000000001ad5b                packetbuf_holds_broadcast
 .text          0x000000000001ad78       0xef build/cooja/mtype866.a(netstack.o)
                0x000000000001ad78                netstack_process_ip_callback
                0x000000000001ae09                netstack_ip_packet_processor_add
                0x000000000001ae2c                uip_ds6_ip_packet_processor_rm
                0x000000000001ae49                netstack_init
 .text          0x000000000001ae67       0x4f build/cooja/mtype866.a(linkaddr.o)
                0x000000000001ae67                linkaddr_copy
                0x000000000001ae7d                linkaddr_cmp
                0x000000000001aea0                linkaddr_set_node_addr
 .text          0x000000000001aeb6      0x1f6 build/cooja/mtype866.a(csma.o)
 .text          0x000000000001b0ac      0x95d build/cooja/mtype866.a(csma-output.o)
                0x000000000001b743                csma_output_packet
                0x000000000001b9d0                csma_output_init
 .text          0x000000000001ba09      0xc11 build/cooja/mtype866.a(uip-ds6.o)
                0x000000000001ba09                uip_ds6_default_prefix
                0x000000000001ba13                uip_ds6_set_default_prefix
                0x000000000001ba3e                uip_ds6_init
                0x000000000001bca0                uip_ds6_periodic
                0x000000000001bd27                uip_ds6_list_loop
                0x000000000001bde7                uip_ds6_prefix_add
                0x000000000001be93                uip_ds6_prefix_rm
                0x000000000001bea6                uip_ds6_prefix_lookup
                0x000000000001bee5                uip_ds6_is_addr_onlink
                0x000000000001bf58                uip_ds6_addr_add
                0x000000000001c078                uip_ds6_addr_rm
                0x000000000001c121                uip_ds6_addr_lookup
                0x000000000001c15a                uip_ds6_get_link_local
                0x000000000001c1db                uip_ds6_get_global
                0x000000000001c25c                uip_ds6_maddr_add
                0x000000000001c2bc                uip_ds6_maddr_rm
                0x000000000001c2cf                uip_ds6_maddr_lookup
                0x000000000001c308                uip_ds6_aaddr_add
                0x000000000001c368                uip_ds6_aaddr_rm
                0x000000000001c37b                uip_ds6_aaddr_lookup
                0x000000000001c3b4                uip_ds6_select_src
                0x000000000001c4fd                uip_ds6_set_addr_iid
                0x000000000001c528                uip_ds6_set_lladdr_from_iid
                0x000000000001c551                get_match_length
                0x000000000001c5e2                uip_ds6_compute_reachable_time
 .text          0x000000000001c61a      0x128 build/cooja/mtype866.a(uip-udp-packet.)
                0x000000000001c61a                uip_udp_packet_send
                0x000000000001c675                uip_udp_packet_sendto
 .text          0x000000000001c742      0x35b build/cooja/mtype866.a(uip-ds6-route.o)
                0x000000000001c793                uip_ds6_route_init
                0x000000000001c7bd                uip_ds6_route_nexthop
                0x000000000001c7c7                uip_ds6_route_head
                0x000000000001c7d1                uip_ds6_route_next
                0x000000000001c7db                uip_ds6_route_is_nexthop
                0x000000000001c7e5                uip_ds6_route_num_routes
                0x000000000001c7ef                uip_ds6_route_lookup
                0x000000000001c7f9                uip_ds6_route_add
                0x000000000001c80c                uip_ds6_route_rm
                0x000000000001c812                uip_ds6_route_rm_by_nexthop
                0x000000000001c818                uip_ds6_defrt_head
                0x000000000001c831                uip_ds6_defrt_add
                0x000000000001c8df                uip_ds6_defrt_rm
                0x000000000001c945                uip_ds6_defrt_lookup
                0x000000000001c9ac                uip_ds6_defrt_choose
                0x000000000001ca22                uip_ds6_defrt_periodic
 .text          0x000000000001ca9d      0x6f7 build/cooja/mtype866.a(tcpip.o)
                0x000000000001cab7                tcpip_output
                0x000000000001cb36                udp_attach
                0x000000000001cb4e                udp_new
                0x000000000001cb98                udp_broadcast_new
                0x000000000001cd0a                tcpip_input
                0x000000000001ce9a                tcpip_ipv6_output
                0x000000000001d08e                tcpip_poll_udp
                0x000000000001d0ac                tcpip_uipcall
 .text          0x000000000001d194     0x1205 build/cooja/mtype866.a(uip6.o)
                0x000000000001d243                uip_chksum
                0x000000000001d31a                uip_icmp6chksum
                0x000000000001d32f                uip_udpchksum
                0x000000000001d344                uip_init
                0x000000000001d38d                uip_remove_ext_hdr
                0x000000000001d467                uip_udp_new
                0x000000000001d77b                uip_process
                0x000000000001e273                uip_htons
                0x000000000001e295                uip_htonl
                0x000000000001e2d3                uip_send
 .text          0x000000000001e399      0x369 build/cooja/mtype866.a(uip-ds6-nbr.o)
                0x000000000001e399                uip_ds6_neighbors_init
                0x000000000001e3bd                uip_ds6_nbr_add
                0x000000000001e443                uip_ds6_nbr_rm
                0x000000000001e48e                uip_ds6_nbr_update_ll
                0x000000000001e57c                uip_ds6_nbr_get_ipaddr
                0x000000000001e591                uip_ds6_nbr_get_ll
                0x000000000001e5ad                uip_ds6_nbr_num
                0x000000000001e5f6                uip_ds6_nbr_head
                0x000000000001e60f                uip_ds6_nbr_next
                0x000000000001e62b                uip_ds6_nbr_lookup
                0x000000000001e683                uip_ds6_nbr_ll_lookup
                0x000000000001e69f                uip_ds6_nbr_ipaddr_from_lladdr
                0x000000000001e6c8                uip_ds6_nbr_lladdr_from_ipaddr
                0x000000000001e6fc                uip_ds6_link_callback
 .text          0x000000000001e702      0x6a7 build/cooja/mtype866.a(uip-nd6.o)
                0x000000000001ed90                uip_nd6_init
 .text          0x000000000001eda9      0x3b0 build/cooja/mtype866.a(simple-udp.o)
                0x000000000001edd6                simple_udp_send
                0x000000000001ee39                simple_udp_sendto
                0x000000000001ee94                simple_udp_sendto_port
                0x000000000001eeed                simple_udp_register
 .text          0x000000000001f159     0x2c17 build/cooja/mtype866.a(sicslowpan.o)
                0x000000000001f760                netstack_sniffer_add
                0x000000000001f76e                netstack_sniffer_remove
                0x0000000000021d44                sicslowpan_init
                0x0000000000021d66                sicslowpan_get_last_rssi
 .text          0x0000000000021d70      0x4d1 build/cooja/mtype866.a(uiplib.o)
                0x0000000000021d70                uiplib_ip6addrconv
                0x0000000000021f28                uiplib_ip4addrconv
                0x0000000000021feb                uiplib_ipaddr_print
                0x000000000002203e                uiplib_ipaddr_snprint
 .text          0x0000000000022241      0x4c9 build/cooja/mtype866.a(rpl.o)
                0x0000000000022241                rpl_lollipop_greater_than
                0x000000000002229b                rpl_get_global_address
                0x0000000000022393                rpl_link_callback
                0x00000000000223d7                rpl_has_joined
                0x00000000000223fc                rpl_is_reachable
                0x000000000002247d                rpl_reset_prefix
                0x00000000000224e7                rpl_set_prefix_from_addr
                0x00000000000225cc                rpl_set_prefix
                0x00000000000226e6                rpl_set_leaf_only
                0x00000000000226fe                rpl_get_leaf_only
 .text          0x000000000002270a     0x138c build/cooja/mtype866.a(rpl-icmp6.o)
                0x000000000002282f                rpl_icmp6_update_nbr_table
                0x00000000000228b8                rpl_icmp6_dis_output
                0x0000000000022efe                rpl_icmp6_dio_output
                0x00000000000236fc                rpl_icmp6_dao_output
                0x00000000000239dd                rpl_icmp6_dao_ack_output
                0x0000000000023a4d                rpl_icmp6_init
 .text          0x0000000000023a96      0x264 build/cooja/mtype866.a(rpl-dag-root.o)
                0x0000000000023a96                rpl_dag_root_print_links
                0x0000000000023bc2                rpl_dag_root_set_prefix
                0x0000000000023bee                rpl_dag_root_start
                0x0000000000023ccb                rpl_dag_root_is_root
 .text          0x0000000000023cfa       0x30 build/cooja/mtype866.a(watchdog.o)
                0x0000000000023cfa                watchdog_init
                0x0000000000023d00                watchdog_start
                0x0000000000023d06                watchdog_periodic
                0x0000000000023d1e                watchdog_stop
                0x0000000000023d24                watchdog_reboot
 .text          0x0000000000023d2a       0x4a build/cooja/mtype866.a(int-master.o)
                0x0000000000023d2a                int_master_enable
                0x0000000000023d3a                int_master_read_and_disable
                0x0000000000023d57                int_master_status_set
                0x0000000000023d65                int_master_is_enabled
 .text          0x0000000000023d74      0x226 build/cooja/mtype866.a(coap-timer-defa)
 .text          0x0000000000023f9a       0xc7 build/cooja/mtype866.a(stimer.o)
                0x0000000000023f9a                stimer_set
                0x0000000000023fb8                stimer_reset
                0x0000000000023fe5                stimer_restart
                0x0000000000023ffa                stimer_expired
                0x0000000000024025                stimer_remaining
                0x0000000000024049                stimer_elapsed
 .text          0x0000000000024061      0x156 build/cooja/mtype866.a(ringbuf.o)
                0x0000000000024061                ringbuf_init
                0x0000000000024093                ringbuf_put
                0x0000000000024111                ringbuf_get
                0x000000000002417e                ringbuf_size
                0x0000000000024190                ringbuf_elements
 .text          0x00000000000241b7       0x1f build/cooja/mtype866.a(assert.o)
                0x00000000000241b7                _xassert
 .text          0x00000000000241d6      0x79b build/cooja/mtype866.a(nbr-table.o)
                0x000000000002464f                nbr_table_register
                0x00000000000246bc                nbr_table_is_registered
                0x00000000000246f7                nbr_table_head
                0x0000000000024752                nbr_table_next
                0x00000000000247b3                nbr_table_add_lladdr
                0x000000000002488d                nbr_table_get_from_lladdr
                0x00000000000248d9                nbr_table_remove
                0x0000000000024911                nbr_table_lock
                0x000000000002492b                nbr_table_unlock
                0x0000000000024945                nbr_table_get_lladdr
 .text          0x0000000000024971      0x3a5 build/cooja/mtype866.a(link-stats.o)
                0x0000000000024971                link_stats_from_lladdr
                0x000000000002498d                link_stats_get_lladdr
                0x00000000000249a9                link_stats_is_fresh
                0x00000000000249e5                guess_etx_from_rssi
                0x0000000000024a61                link_stats_packet_sent
                0x0000000000024b81                link_stats_input_callback
                0x0000000000024c91                link_stats_reset
                0x0000000000024ce1                link_stats_init
 .text          0x0000000000024d16      0x187 build/cooja/mtype866.a(mac-sequence.o)
                0x0000000000024d16                mac_sequence_is_duplicate
                0x0000000000024db6                mac_sequence_register_seqno
 .text          0x0000000000024e9d       0x23 build/cooja/mtype866.a(mac.o)
                0x0000000000024e9d                mac_call_sent_callback
 .text          0x0000000000024ec0      0x432 build/cooja/mtype866.a(framer-802154.o)
                0x000000000002504f                framer_802154_setup_params
 .text          0x00000000000252f2      0xb6f build/cooja/mtype866.a(frame802154.o)
                0x0000000000025323                frame802154_get_pan_id
                0x000000000002532f                frame802154_set_pan_id
                0x0000000000025349                frame802154_has_panid
                0x00000000000254f8                frame802154_check_dest_panid
                0x0000000000025580                frame802154_is_broadcast_addr
                0x00000000000255cd                frame802154_extract_linkaddr
                0x0000000000025832                frame802154_hdrlen
                0x00000000000258a5                frame802154_create_fcf
                0x000000000002595d                frame802154_create
                0x0000000000025ad2                frame802154_parse_fcf
                0x0000000000025bb4                frame802154_parse
 .text          0x0000000000025e61       0x2d build/cooja/mtype866.a(csma-security.o)
                0x0000000000025e61                csma_security_create_frame
                0x0000000000025e7f                csma_security_parse_frame
 .text          0x0000000000025e8e      0x4e4 build/cooja/mtype866.a(uipbuf.o)
                0x0000000000025e8e                uipbuf_clear
                0x0000000000025eb5                uipbuf_add_ext_hdr
                0x0000000000025f35                uipbuf_set_len
                0x0000000000025f62                uipbuf_set_len_field
                0x0000000000025f8e                uipbuf_get_len_field
                0x0000000000025fae                uipbuf_get_next_header
                0x00000000000260e0                uipbuf_get_last_header
                0x0000000000026159                uipbuf_search_header
                0x000000000002620f                uipbuf_get_attr
                0x0000000000026236                uipbuf_set_attr
                0x000000000002626d                uipbuf_set_default_attr
                0x00000000000262a4                uipbuf_clear_attr
                0x00000000000262c8                uipbuf_set_attr_flag
                0x00000000000262e9                uipbuf_clr_attr_flag
                0x0000000000026310                uipbuf_is_attr_flag
                0x0000000000026334                uipbuf_init
 .text          0x0000000000026372      0x73f build/cooja/mtype866.a(uip-icmp6.o)
                0x00000000000263e7                uip_icmp6_input
                0x000000000002643e                uip_icmp6_register_input_handler
                0x0000000000026591                uip_icmp6_error_output
                0x0000000000026842                uip_icmp6_send
                0x0000000000026a39                uip_icmp6_echo_reply_callback_add
                0x0000000000026a6b                uip_icmp6_echo_reply_callback_rm
                0x0000000000026a88                uip_icmp6_init
 .text          0x0000000000026ab1      0x69b build/cooja/mtype866.a(uip-sr.o)
                0x0000000000026ab1                uip_sr_num_nodes
                0x0000000000026b3f                uip_sr_get_node
                0x0000000000026b96                uip_sr_is_addr_reachable
                0x0000000000026c44                uip_sr_expire_parent
                0x0000000000026c8d                uip_sr_update_node
                0x0000000000026dbd                uip_sr_init
                0x0000000000026df1                uip_sr_node_head
                0x0000000000026e0a                uip_sr_node_next
                0x0000000000026e20                uip_sr_periodic
                0x0000000000026f26                uip_sr_free_all
                0x0000000000026f96                uip_sr_link_snprint
 .text          0x000000000002714c      0x146 build/cooja/mtype866.a(uip-packetqueue)
                0x000000000002717a                uip_packetqueue_new
                0x0000000000027189                uip_packetqueue_alloc
                0x00000000000271e4                uip_packetqueue_free
                0x000000000002722b                uip_packetqueue_buf
                0x0000000000027248                uip_packetqueue_buflen
                0x0000000000027269                uip_packetqueue_set_buflen
 .text          0x0000000000027292      0x1b0 build/cooja/mtype866.a(rpl-nbr-policy.)
                0x00000000000273ff                rpl_nbr_policy_find_removable
 .text          0x0000000000027442      0x915 build/cooja/mtype866.a(rpl-neighbor.o)
                0x00000000000274be                rpl_neighbor_snprint
                0x0000000000027771                rpl_neighbor_print_list
                0x0000000000027826                rpl_neighbor_count
                0x00000000000278cd                rpl_neighbor_get_from_lladdr
                0x00000000000278e9                rpl_neighbor_is_acceptable_parent
                0x000000000002791d                rpl_neighbor_get_link_metric
                0x0000000000027951                rpl_neighbor_rank_via_nbr
                0x0000000000027985                rpl_neighbor_get_lladdr
                0x00000000000279a1                rpl_neighbor_get_ipaddr
                0x00000000000279c8                rpl_neighbor_get_link_stats
                0x00000000000279ef                rpl_neighbor_is_fresh
                0x0000000000027a16                rpl_neighbor_is_reachable
                0x0000000000027a61                rpl_neighbor_is_parent
                0x0000000000027a8b                rpl_neighbor_set_preferred_parent
                0x0000000000027b22                rpl_neighbor_remove_all
                0x0000000000027b7e                rpl_neighbor_get_from_ipaddr
                0x0000000000027c8c                rpl_neighbor_select_best
                0x0000000000027d38                rpl_neighbor_init
 .text          0x0000000000027d57      0xe69 build/cooja/mtype866.a(rpl-dag.o)
                0x0000000000027d57                rpl_dag_state_to_str
                0x0000000000027d96                rpl_dag_get_root_ipaddr
                0x0000000000027dde                rpl_dag_leave
                0x0000000000027e67                rpl_dag_poison_and_leave
                0x0000000000027e7f                rpl_dag_periodic
                0x0000000000027f07                rpl_is_addr_in_our_dag
                0x0000000000027f4b                rpl_get_default_instance
                0x0000000000027f67                rpl_get_any_dag
                0x0000000000027fc0                rpl_refresh_routes
                0x0000000000028000                rpl_global_repair
                0x0000000000028099                rpl_local_repair
                0x00000000000280e3                rpl_dag_ready_to_advertise
                0x0000000000028126                rpl_dag_update_state
                0x0000000000028853                rpl_process_dio
                0x00000000000288d1                rpl_process_dis
                0x0000000000028916                rpl_process_dao
                0x00000000000289a5                rpl_process_dao_ack
                0x0000000000028a3c                rpl_process_hbh
                0x0000000000028a8c                rpl_dag_init_root
                0x0000000000028ba0                rpl_dag_init
 .text          0x0000000000028bc0      0x9e7 build/cooja/mtype866.a(rpl-timers.o)
                0x0000000000028bc0                rpl_timers_schedule_periodic_dis
                0x0000000000028d0e                rpl_timers_dio_reset
                0x0000000000028e1c                rpl_timers_schedule_unicast_dio
                0x0000000000028f70                rpl_timers_schedule_dao
                0x000000000002902f                rpl_timers_schedule_dao_ack
                0x00000000000290b5                rpl_timers_notify_dao_ack
                0x0000000000029113                get_probing_delay
                0x0000000000029147                get_probing_target
                0x0000000000029331                rpl_schedule_probing
                0x000000000002935f                rpl_schedule_probing_now
                0x00000000000293c9                rpl_timers_unschedule_leaving
                0x0000000000029401                rpl_timers_schedule_leaving
                0x0000000000029442                rpl_timers_init
                0x00000000000294d2                rpl_timers_stop_dag_timers
                0x000000000002954b                rpl_timers_unschedule_state_update
                0x000000000002956f                rpl_timers_schedule_state_update
 .text          0x00000000000295a7      0xb8e build/cooja/mtype866.a(rpl-ext-header.)
                0x00000000000295a7                rpl_ext_header_srh_get_next_hop
                0x000000000002968e                rpl_ext_header_srh_update
                0x0000000000029bfa                rpl_ext_header_hbh_update
                0x0000000000029efa                rpl_ext_header_update
                0x0000000000029f83                rpl_ext_header_remove
 .text          0x000000000002a135      0x31b build/cooja/mtype866.a(rpl-mrhof.o)
 .text          0x000000000002a450      0x122 /usr/lib/gcc/i686-linux-gnu/5/libgcc.a(_udivdi3.o)
                0x000000000002a450                __udivdi3
 .text          0x000000000002a572        0x0 /usr/lib/gcc/i686-linux-gnu/5/crtendS.o
 .text          0x000000000002a572        0x0 /usr/lib/gcc/i686-linux-gnu/5/../../../i386-linux-gnu/crtn.o
 *(.gnu.warning)

.fini           0x000000000002a574       0x14
 *(SORT(.fini))
 .fini          0x000000000002a574        0xf /usr/lib/gcc/i686-linux-gnu/5/../../../i386-linux-gnu/crti.o
                0x000000000002a574                _fini
 .fini          0x000000000002a583        0x5 /usr/lib/gcc/i686-linux-gnu/5/../../../i386-linux-gnu/crtn.o
                [!provide]                        PROVIDE (__etext, .)
                [!provide]                        PROVIDE (_etext, .)
                [!provide]                        PROVIDE (etext, .)

.rodata         0x000000000002a5a0      0xb4b
 *(.rodata .rodata.* .gnu.linkonce.r.*)
 .rodata        0x000000000002a5a0      0x160 client.o
                0x000000000002a5c4                autostart_processes
 .rodata        0x000000000002a700        0x8 build/cooja/mtype866.a(beep.o)
                0x000000000002a700                beep_interface
 .rodata        0x000000000002a708        0xe build/cooja/mtype866.a(leds-arch.o)
                0x000000000002a708                leds_interface
                0x000000000002a710                leds_arch_leds
 *fill*         0x000000000002a716        0x2 
 .rodata        0x000000000002a718        0x8 build/cooja/mtype866.a(moteid.o)
                0x000000000002a718                moteid_interface
 .rodata        0x000000000002a720       0x1c build/cooja/mtype866.a(pir-sensor.o)
                0x000000000002a720                pir_interface
                0x000000000002a72c                pir_sensor
 .rodata        0x000000000002a73c        0xe build/cooja/mtype866.a(rs232.o)
                0x000000000002a73c                rs232_interface
 *fill*         0x000000000002a74a        0x2 
 .rodata        0x000000000002a74c       0x24 build/cooja/mtype866.a(vib-sensor.o)
                0x000000000002a74c                vib_interface
                0x000000000002a760                vib_sensor
 .rodata        0x000000000002a770        0x8 build/cooja/mtype866.a(clock.o)
                0x000000000002a770                clock_interface
 .rodata        0x000000000002a778        0x8 build/cooja/mtype866.a(cooja-log.o)
                0x000000000002a778                simlog_interface
 .rodata        0x000000000002a780       0x2f build/cooja/mtype866.a(cfs-cooja.o)
                0x000000000002a780                cfs_interface
 *fill*         0x000000000002a7af       0x11 
 .rodata        0x000000000002a7c0       0xb8 build/cooja/mtype866.a(cooja-radio.o)
                0x000000000002a7c0                radio_interface
                0x000000000002a840                cooja_radio_driver
 .rodata        0x000000000002a878        0x8 build/cooja/mtype866.a(eeprom.o)
                0x000000000002a878                eeprom_interface
 .rodata        0x000000000002a880        0x8 build/cooja/mtype866.a(sensors.o)
 .rodata        0x000000000002a888       0x2c build/cooja/mtype866.a(buttons.o)
                0x000000000002a888                button_interface
                0x000000000002a89c                button_hal_button_count
                0x000000000002a8a4                button_sensor
 .rodata        0x000000000002a8b4       0x7a build/cooja/mtype866.a(res_temperature)
 .rodata        0x000000000002a92e       0x41 build/cooja/mtype866.a(coap-engine.o)
 .rodata        0x000000000002a96f       0x19 build/cooja/mtype866.a(coap-res-well-k)
 .rodata        0x000000000002a988       0x11 build/cooja/mtype866.a(coap-observe.o)
 .rodata        0x000000000002a999       0x35 build/cooja/mtype866.a(coap-uip.o)
 *fill*         0x000000000002a9ce        0x2 
 .rodata        0x000000000002a9d0      0x1ac build/cooja/mtype866.a(coap.o)
 .rodata        0x000000000002ab7c       0xf8 build/cooja/mtype866.a(contiki-main.o)
 .rodata        0x000000000002ac74        0xf build/cooja/mtype866.a(ctimer.o)
 *fill*         0x000000000002ac83        0x1 
 .rodata        0x000000000002ac84       0xc4 build/cooja/mtype866.a(log.o)
 .rodata        0x000000000002ad48        0xc build/cooja/mtype866.a(etimer.o)
 .rodata        0x000000000002ad54       0x13 build/cooja/mtype866.a(button-hal.o)
 .rodata        0x000000000002ad67        0xe build/cooja/mtype866.a(serial-line.o)
 *fill*         0x000000000002ad75        0x3 
 .rodata        0x000000000002ad78        0x8 build/cooja/mtype866.a(linkaddr.o)
                0x000000000002ad78                linkaddr_null
 .rodata        0x000000000002ad80       0x24 build/cooja/mtype866.a(csma.o)
                0x000000000002ad88                csma_driver
 .rodata        0x000000000002ada4       0x2a build/cooja/mtype866.a(csma-output.o)
 *fill*         0x000000000002adce        0x2 
 .rodata        0x000000000002add0       0x4d build/cooja/mtype866.a(uip-ds6-route.o)
 .rodata        0x000000000002ae1d        0xd build/cooja/mtype866.a(tcpip.o)
 .rodata        0x000000000002ae2a       0x13 build/cooja/mtype866.a(simple-udp.o)
 *fill*         0x000000000002ae3d        0x3 
 .rodata        0x000000000002ae40       0x30 build/cooja/mtype866.a(sicslowpan.o)
                0x000000000002ae40                unc_llconf
                0x000000000002ae44                unc_ctxconf
                0x000000000002ae48                unc_mxconf
                0x000000000002ae4c                llprefix
                0x000000000002ae60                sicslowpan_driver
 .rodata        0x000000000002ae70       0x2d build/cooja/mtype866.a(uiplib.o)
 *fill*         0x000000000002ae9d        0x3 
 .rodata        0x000000000002aea0       0x74 build/cooja/mtype866.a(rpl.o)
                0x000000000002aec0                rpl_lite_driver
 .rodata        0x000000000002af14       0x20 build/cooja/mtype866.a(coap-timer-defa)
                0x000000000002af28                coap_timer_default_driver
 .rodata        0x000000000002af34       0x25 build/cooja/mtype866.a(assert.o)
 *fill*         0x000000000002af59        0x3 
 .rodata        0x000000000002af5c        0xc build/cooja/mtype866.a(framer-802154.o)
                0x000000000002af5c                framer_802154
 .rodata        0x000000000002af68       0x44 build/cooja/mtype866.a(uip-sr.o)
 .rodata        0x000000000002afac       0x58 build/cooja/mtype866.a(rpl-neighbor.o)
 .rodata        0x000000000002b004       0xdb build/cooja/mtype866.a(rpl-dag.o)
 .rodata        0x000000000002b0df        0xc build/cooja/mtype866.a(rpl-timers.o)

.rodata1
 *(.rodata1)

.eh_frame_hdr   0x000000000002b0ec     0x1a24
 *(.eh_frame_hdr)
 .eh_frame_hdr  0x000000000002b0ec     0x1a24 client.o
                0x000000000002b0ec                __GNU_EH_FRAME_HDR
 *(.eh_frame_entry .eh_frame_entry.*)

.eh_frame       0x000000000002cb10     0x6a1c
 *(.eh_frame)
 .eh_frame      0x000000000002cb10       0x3c /usr/lib/gcc/i686-linux-gnu/5/../../../i386-linux-gnu/crti.o
                                         0x40 (size before relaxing)
 .eh_frame      0x000000000002cb4c       0xa0 client.o
                                         0xb8 (size before relaxing)
 .eh_frame      0x000000000002cbec      0x178 build/cooja/mtype866.o
                                        0x190 (size before relaxing)
 .eh_frame      0x000000000002cd64       0x40 build/cooja/mtype866.a(simEnvChange.o)
                                         0x58 (size before relaxing)
 .eh_frame      0x000000000002cda4       0x60 build/cooja/mtype866.a(cooja_mt.o)
                                         0x78 (size before relaxing)
 .eh_frame      0x000000000002ce04       0x80 build/cooja/mtype866.a(cooja_mtarch.o)
                                         0x98 (size before relaxing)
 .eh_frame      0x000000000002ce84       0xc8 build/cooja/mtype866.a(rtimer-arch.o)
                                         0xe0 (size before relaxing)
 .eh_frame      0x000000000002cf4c      0x160 build/cooja/mtype866.a(beep.o)
                                        0x178 (size before relaxing)
 .eh_frame      0x000000000002d0ac       0x80 build/cooja/mtype866.a(leds-arch.o)
                                         0x98 (size before relaxing)
 .eh_frame      0x000000000002d12c       0x40 build/cooja/mtype866.a(moteid.o)
                                         0x58 (size before relaxing)
 .eh_frame      0x000000000002d16c       0xa0 build/cooja/mtype866.a(pir-sensor.o)
                                         0xb8 (size before relaxing)
 .eh_frame      0x000000000002d20c      0x100 build/cooja/mtype866.a(rs232.o)
                                        0x118 (size before relaxing)
 .eh_frame      0x000000000002d30c       0xa0 build/cooja/mtype866.a(vib-sensor.o)
                                         0xb8 (size before relaxing)
 .eh_frame      0x000000000002d3ac       0xc0 build/cooja/mtype866.a(clock.o)
                                         0xd8 (size before relaxing)
 .eh_frame      0x000000000002d46c      0x120 build/cooja/mtype866.a(cooja-log.o)
                                        0x138 (size before relaxing)
 .eh_frame      0x000000000002d58c      0x160 build/cooja/mtype866.a(cfs-cooja.o)
                                        0x178 (size before relaxing)
 .eh_frame      0x000000000002d6ec      0x340 build/cooja/mtype866.a(cooja-radio.o)
                                        0x358 (size before relaxing)
 .eh_frame      0x000000000002da2c       0xa0 build/cooja/mtype866.a(eeprom.o)
                                         0xb8 (size before relaxing)
 .eh_frame      0x000000000002dacc       0x40 build/cooja/mtype866.a(random.o)
                                         0x58 (size before relaxing)
 .eh_frame      0x000000000002db0c       0xc0 build/cooja/mtype866.a(sensors.o)
                                         0xd8 (size before relaxing)
 .eh_frame      0x000000000002dbcc      0x120 build/cooja/mtype866.a(leds.o)
                                        0x138 (size before relaxing)
 .eh_frame      0x000000000002dcec      0x220 build/cooja/mtype866.a(gpio-hal-arch.o)
                                        0x238 (size before relaxing)
 .eh_frame      0x000000000002df0c       0xa0 build/cooja/mtype866.a(buttons.o)
                                         0xb8 (size before relaxing)
 .eh_frame      0x000000000002dfac       0x60 build/cooja/mtype866.a(res_temperature)
                                         0x78 (size before relaxing)
 .eh_frame      0x000000000002e00c       0x44 build/cooja/mtype866.a(coap-blocking-a)
                                         0x5c (size before relaxing)
 .eh_frame      0x000000000002e050      0x220 build/cooja/mtype866.a(coap-engine.o)
                                        0x238 (size before relaxing)
 .eh_frame      0x000000000002e270       0x24 build/cooja/mtype866.a(coap-res-well-k)
                                         0x3c (size before relaxing)
 .eh_frame      0x000000000002e294      0x188 build/cooja/mtype866.a(coap-observe.o)
                                        0x1a0 (size before relaxing)
 .eh_frame      0x000000000002e41c      0x250 build/cooja/mtype866.a(coap-uip.o)
                                        0x268 (size before relaxing)
 .eh_frame      0x000000000002e66c      0x114 build/cooja/mtype866.a(coap-timer.o)
                                        0x12c (size before relaxing)
 .eh_frame      0x000000000002e780      0x100 build/cooja/mtype866.a(coap-transactio)
                                        0x118 (size before relaxing)
 .eh_frame      0x000000000002e880      0x6ec build/cooja/mtype866.a(coap.o)
                                        0x704 (size before relaxing)
 .eh_frame      0x000000000002ef6c       0x30 build/cooja/mtype866.a(contiki-main.o)
                                         0x48 (size before relaxing)
 .eh_frame      0x000000000002ef9c       0x40 build/cooja/mtype866.a(autostart.o)
                                         0x58 (size before relaxing)
 .eh_frame      0x000000000002efdc      0x100 build/cooja/mtype866.a(ctimer.o)
                                        0x118 (size before relaxing)
 .eh_frame      0x000000000002f0dc      0x100 build/cooja/mtype866.a(log.o)
                                        0x118 (size before relaxing)
 .eh_frame      0x000000000002f1dc       0x60 build/cooja/mtype866.a(energest.o)
                                         0x78 (size before relaxing)
 .eh_frame      0x000000000002f23c      0x1e0 build/cooja/mtype866.a(etimer.o)
                                        0x1f8 (size before relaxing)
 .eh_frame      0x000000000002f41c       0x20 build/cooja/mtype866.a(node-id.o)
                                         0x38 (size before relaxing)
 .eh_frame      0x000000000002f43c       0x60 build/cooja/mtype866.a(rtimer.o)
                                         0x78 (size before relaxing)
 .eh_frame      0x000000000002f49c      0x1c4 build/cooja/mtype866.a(process.o)
                                        0x1dc (size before relaxing)
 .eh_frame      0x000000000002f660       0xa4 build/cooja/mtype866.a(timer.o)
                                         0xbc (size before relaxing)
 .eh_frame      0x000000000002f704      0x1a0 build/cooja/mtype866.a(list.o)
                                        0x1b8 (size before relaxing)
 .eh_frame      0x000000000002f8a4       0xa0 build/cooja/mtype866.a(memb.o)
                                         0xb8 (size before relaxing)
 .eh_frame      0x000000000002f944      0x144 build/cooja/mtype866.a(button-hal.o)
                                        0x15c (size before relaxing)
 .eh_frame      0x000000000002fa88       0x60 build/cooja/mtype866.a(serial-line.o)
                                         0x78 (size before relaxing)
 .eh_frame      0x000000000002fae8       0xe0 build/cooja/mtype866.a(gpio-hal.o)
                                         0xf8 (size before relaxing)
 .eh_frame      0x000000000002fbc8      0x1a0 build/cooja/mtype866.a(queuebuf.o)
                                        0x1b8 (size before relaxing)
 .eh_frame      0x000000000002fd68      0x28c build/cooja/mtype866.a(packetbuf.o)
                                        0x2a4 (size before relaxing)
 .eh_frame      0x000000000002fff4       0x80 build/cooja/mtype866.a(netstack.o)
                                         0x98 (size before relaxing)
 .eh_frame      0x0000000000030074       0x60 build/cooja/mtype866.a(linkaddr.o)
                                         0x78 (size before relaxing)
 .eh_frame      0x00000000000300d4       0xe0 build/cooja/mtype866.a(csma.o)
                                         0xf8 (size before relaxing)
 .eh_frame      0x00000000000301b4      0x1d0 build/cooja/mtype866.a(csma-output.o)
                                        0x1e8 (size before relaxing)
 .eh_frame      0x0000000000030384      0x328 build/cooja/mtype866.a(uip-ds6.o)
                                        0x340 (size before relaxing)
 .eh_frame      0x00000000000306ac       0x40 build/cooja/mtype866.a(uip-udp-packet.)
                                         0x58 (size before relaxing)
 .eh_frame      0x00000000000306ec      0x220 build/cooja/mtype866.a(uip-ds6-route.o)
                                        0x238 (size before relaxing)
 .eh_frame      0x000000000003090c      0x244 build/cooja/mtype866.a(tcpip.o)
                                        0x25c (size before relaxing)
 .eh_frame      0x0000000000030b50      0x1e8 build/cooja/mtype866.a(uip6.o)
                                        0x200 (size before relaxing)
 .eh_frame      0x0000000000030d38      0x1c0 build/cooja/mtype866.a(uip-ds6-nbr.o)
                                        0x1d8 (size before relaxing)
 .eh_frame      0x0000000000030ef8       0x84 build/cooja/mtype866.a(uip-nd6.o)
                                         0x9c (size before relaxing)
 .eh_frame      0x0000000000030f7c       0xd4 build/cooja/mtype866.a(simple-udp.o)
                                         0xec (size before relaxing)
 .eh_frame      0x0000000000031050      0x2f8 build/cooja/mtype866.a(sicslowpan.o)
                                        0x310 (size before relaxing)
 .eh_frame      0x0000000000031348       0x88 build/cooja/mtype866.a(uiplib.o)
                                         0xa0 (size before relaxing)
 .eh_frame      0x00000000000313d0      0x1e0 build/cooja/mtype866.a(rpl.o)
                                        0x1f8 (size before relaxing)
 .eh_frame      0x00000000000315b0      0x1c4 build/cooja/mtype866.a(rpl-icmp6.o)
                                        0x1dc (size before relaxing)
 .eh_frame      0x0000000000031774       0xa0 build/cooja/mtype866.a(rpl-dag-root.o)
                                         0xb8 (size before relaxing)
 .eh_frame      0x0000000000031814       0xa0 build/cooja/mtype866.a(watchdog.o)
                                         0xb8 (size before relaxing)
 .eh_frame      0x00000000000318b4       0x80 build/cooja/mtype866.a(int-master.o)
                                         0x98 (size before relaxing)
 .eh_frame      0x0000000000031934       0xa4 build/cooja/mtype866.a(coap-timer-defa)
                                         0xbc (size before relaxing)
 .eh_frame      0x00000000000319d8       0xc4 build/cooja/mtype866.a(stimer.o)
                                         0xdc (size before relaxing)
 .eh_frame      0x0000000000031a9c       0xa0 build/cooja/mtype866.a(ringbuf.o)
                                         0xb8 (size before relaxing)
 .eh_frame      0x0000000000031b3c       0x20 build/cooja/mtype866.a(assert.o)
                                         0x38 (size before relaxing)
 .eh_frame      0x0000000000031b5c      0x2ac build/cooja/mtype866.a(nbr-table.o)
                                        0x2c4 (size before relaxing)
 .eh_frame      0x0000000000031e08      0x120 build/cooja/mtype866.a(link-stats.o)
                                        0x138 (size before relaxing)
 .eh_frame      0x0000000000031f28       0x48 build/cooja/mtype866.a(mac-sequence.o)
                                         0x60 (size before relaxing)
 .eh_frame      0x0000000000031f70       0x20 build/cooja/mtype866.a(mac.o)
                                         0x38 (size before relaxing)
 .eh_frame      0x0000000000031f90       0xa4 build/cooja/mtype866.a(framer-802154.o)
                                         0xbc (size before relaxing)
 .eh_frame      0x0000000000032034      0x1a4 build/cooja/mtype866.a(frame802154.o)
                                        0x1bc (size before relaxing)
 .eh_frame      0x00000000000321d8       0x40 build/cooja/mtype866.a(csma-security.o)
                                         0x58 (size before relaxing)
 .eh_frame      0x0000000000032218      0x200 build/cooja/mtype866.a(uipbuf.o)
                                        0x218 (size before relaxing)
 .eh_frame      0x0000000000032418      0x150 build/cooja/mtype866.a(uip-icmp6.o)
                                        0x168 (size before relaxing)
 .eh_frame      0x0000000000032568      0x184 build/cooja/mtype866.a(uip-sr.o)
                                        0x19c (size before relaxing)
 .eh_frame      0x00000000000326ec       0xe0 build/cooja/mtype866.a(uip-packetqueue)
                                         0xf8 (size before relaxing)
 .eh_frame      0x00000000000327cc       0x80 build/cooja/mtype866.a(rpl-nbr-policy.)
                                         0x98 (size before relaxing)
 .eh_frame      0x000000000003284c      0x2d4 build/cooja/mtype866.a(rpl-neighbor.o)
                                        0x2ec (size before relaxing)
 .eh_frame      0x0000000000032b20      0x370 build/cooja/mtype866.a(rpl-dag.o)
                                        0x388 (size before relaxing)
 .eh_frame      0x0000000000032e90      0x3a8 build/cooja/mtype866.a(rpl-timers.o)
                                        0x3c0 (size before relaxing)
 .eh_frame      0x0000000000033238      0x124 build/cooja/mtype866.a(rpl-ext-header.)
                                        0x13c (size before relaxing)
 .eh_frame      0x000000000003335c      0x148 build/cooja/mtype866.a(rpl-mrhof.o)
                                        0x160 (size before relaxing)
 .eh_frame      0x00000000000334a4       0x84 /usr/lib/gcc/i686-linux-gnu/5/libgcc.a(_udivdi3.o)
                                         0x9c (size before relaxing)
 .eh_frame      0x0000000000033528        0x4 /usr/lib/gcc/i686-linux-gnu/5/crtendS.o
 *(.eh_frame.*)

.gcc_except_table
 *(.gcc_except_table .gcc_except_table.*)

.gnu_extab
 *(.gnu_extab*)

.exception_ranges
 *(.exception_ranges .exception_ranges*)
                0x0000000000034f10                . = DATA_SEGMENT_ALIGN (0x1000, 0x1000)

.eh_frame
 *(.eh_frame)
 *(.eh_frame.*)

.gnu_extab
 *(.gnu_extab)

.gcc_except_table
 *(.gcc_except_table .gcc_except_table.*)

.exception_ranges
 *(.exception_ranges .exception_ranges*)

.tdata
 *(.tdata .tdata.* .gnu.linkonce.td.*)

.tbss
 *(.tbss .tbss.* .gnu.linkonce.tb.*)
 *(.tcommon)

.preinit_array
 *(.preinit_array)

.init_array     0x0000000000034f10        0x4
 *(SORT(.init_array.*) SORT(.ctors.*))
 *(.init_array EXCLUDE_FILE(*crtend?.o *crtend.o *crtbegin?.o *crtbegin.o) .ctors)
 .init_array    0x0000000000034f10        0x4 /usr/lib/gcc/i686-linux-gnu/5/crtbeginS.o

.fini_array     0x0000000000034f14        0x4
 *(SORT(.fini_array.*) SORT(.dtors.*))
 *(.fini_array EXCLUDE_FILE(*crtend?.o *crtend.o *crtbegin?.o *crtbegin.o) .dtors)
 .fini_array    0x0000000000034f14        0x4 /usr/lib/gcc/i686-linux-gnu/5/crtbeginS.o

.ctors
 *crtbegin.o(.ctors)
 *crtbegin?.o(.ctors)
 *(EXCLUDE_FILE(*crtend?.o *crtend.o) .ctors)
 *(SORT(.ctors.*))
 *(.ctors)

.dtors
 *crtbegin.o(.dtors)
 *crtbegin?.o(.dtors)
 *(EXCLUDE_FILE(*crtend?.o *crtend.o) .dtors)
 *(SORT(.dtors.*))
 *(.dtors)

.jcr            0x0000000000034f18        0x4
 *(.jcr)
 .jcr           0x0000000000034f18        0x0 /usr/lib/gcc/i686-linux-gnu/5/crtbeginS.o
 .jcr           0x0000000000034f18        0x4 /usr/lib/gcc/i686-linux-gnu/5/crtendS.o

.data.rel.ro
 *(.data.rel.ro.local* .gnu.linkonce.d.rel.ro.local.*)
 *(.data.rel.ro .data.rel.ro.* .gnu.linkonce.d.rel.ro.*)

.dynamic        0x0000000000034f1c       0xd0
 *(.dynamic)
 .dynamic       0x0000000000034f1c       0xd0 /usr/lib/gcc/i686-linux-gnu/5/../../../i386-linux-gnu/crti.o
                0x0000000000034f1c                _DYNAMIC

.got            0x0000000000034fec       0x14
 *(.got)
 .got           0x0000000000034fec       0x14 /usr/lib/gcc/i686-linux-gnu/5/../../../i386-linux-gnu/crti.o
 *(.igot)
                0x0000000000035ff4                . = DATA_SEGMENT_RELRO_END (., (SIZEOF (.got.plt) >= 0xc)?0xc:0x0)

.got.plt        0x0000000000035000        0xc
 *(.got.plt)
 .got.plt       0x0000000000035000        0xc /usr/lib/gcc/i686-linux-gnu/5/../../../i386-linux-gnu/crti.o
                0x0000000000035000                _GLOBAL_OFFSET_TABLE_
 *(.igot.plt)

.data           0x0000000000035020      0x4e4
 *(.data .data.* .gnu.linkonce.d.*)
 .data          0x0000000000035020        0x0 /usr/lib/gcc/i686-linux-gnu/5/../../../i386-linux-gnu/crti.o
 .data          0x0000000000035020        0x0 /usr/lib/gcc/i686-linux-gnu/5/crtbeginS.o
 .data.rel.local
                0x0000000000035020        0x4 /usr/lib/gcc/i686-linux-gnu/5/crtbeginS.o
                0x0000000000035020                __dso_handle
 .data          0x0000000000035024       0x30 client.o
                0x0000000000035024                udp_client
                0x0000000000035034                coap_client
                0x0000000000035044                coap_server
 *fill*         0x0000000000035054        0xc 
 .data          0x0000000000035060       0x44 build/cooja/mtype866.o
                0x0000000000035060                simInterfaces
                0x0000000000035094                sensors
 .data          0x00000000000350a4        0x0 build/cooja/mtype866.a(simEnvChange.o)
 .data          0x00000000000350a4        0x0 build/cooja/mtype866.a(cooja_mt.o)
 .data          0x00000000000350a4        0x0 build/cooja/mtype866.a(cooja_mtarch.o)
 .data          0x00000000000350a4        0x0 build/cooja/mtype866.a(rtimer-arch.o)
 .data          0x00000000000350a4        0x0 build/cooja/mtype866.a(beep.o)
 .data          0x00000000000350a4        0x0 build/cooja/mtype866.a(leds-arch.o)
 .data          0x00000000000350a4        0x0 build/cooja/mtype866.a(moteid.o)
 .data          0x00000000000350a4        0x0 build/cooja/mtype866.a(pir-sensor.o)
 .data          0x00000000000350a4        0x0 build/cooja/mtype866.a(rs232.o)
 .data          0x00000000000350a4        0x0 build/cooja/mtype866.a(vib-sensor.o)
 .data          0x00000000000350a4        0x0 build/cooja/mtype866.a(clock.o)
 .data          0x00000000000350a4        0x0 build/cooja/mtype866.a(cooja-log.o)
 .data          0x00000000000350a4        0x0 build/cooja/mtype866.a(cfs-cooja.o)
 .data          0x00000000000350a4       0x2c build/cooja/mtype866.a(cooja-radio.o)
                0x00000000000350a4                simRadioHWOn
                0x00000000000350a8                simSignalStrength
                0x00000000000350ac                simLastSignalStrength
                0x00000000000350b0                simPower
                0x00000000000350b4                simRadioChannel
                0x00000000000350b8                simLQI
                0x00000000000350c0                cooja_radio_process
 .data          0x00000000000350d0        0x0 build/cooja/mtype866.a(eeprom.o)
 .data          0x00000000000350d0        0x0 build/cooja/mtype866.a(random.o)
 .data          0x00000000000350d0       0x10 build/cooja/mtype866.a(sensors.o)
                0x00000000000350d0                sensors_process
 .data          0x00000000000350e0        0x0 build/cooja/mtype866.a(leds.o)
 .data          0x00000000000350e0        0x0 build/cooja/mtype866.a(gpio-hal-arch.o)
 .data          0x00000000000350e0       0x78 build/cooja/mtype866.a(buttons.o)
                0x00000000000350e0                simButtonIsActive
                0x0000000000035150                button_hal_buttons
 *fill*         0x0000000000035158        0x8 
 .data          0x0000000000035160       0xa4 build/cooja/mtype866.a(res_temperature)
                0x00000000000351e0                res_temperature
 .data          0x0000000000035204        0x0 build/cooja/mtype866.a(coap-blocking-a)
 .data          0x0000000000035204        0x8 build/cooja/mtype866.a(coap-engine.o)
 *fill*         0x000000000003520c       0x14 
 .data          0x0000000000035220       0x24 build/cooja/mtype866.a(coap-res-well-k)
                0x0000000000035220                res_well_known_core
 .data          0x0000000000035244       0x10 build/cooja/mtype866.a(coap-observe.o)
 .data          0x0000000000035254       0x10 build/cooja/mtype866.a(coap-uip.o)
                0x0000000000035254                coap_engine
 .data          0x0000000000035264        0x4 build/cooja/mtype866.a(coap-timer.o)
 .data          0x0000000000035268       0x10 build/cooja/mtype866.a(coap-transactio)
 .data          0x0000000000035278        0x4 build/cooja/mtype866.a(coap.o)
                0x0000000000035278                coap_error_message
 .data          0x000000000003527c        0x0 build/cooja/mtype866.a(contiki-main.o)
 .data          0x000000000003527c        0x0 build/cooja/mtype866.a(autostart.o)
 .data          0x000000000003527c       0x14 build/cooja/mtype866.a(ctimer.o)
                0x0000000000035280                ctimer_process
 *fill*         0x0000000000035290       0x10 
 .data          0x00000000000352a0       0xbc build/cooja/mtype866.a(log.o)
                0x00000000000352a0                curr_log_level_main
                0x00000000000352c0                all_modules
 .data          0x000000000003535c        0x0 build/cooja/mtype866.a(energest.o)
 .data          0x000000000003535c       0x10 build/cooja/mtype866.a(etimer.o)
                0x000000000003535c                etimer_process
 .data          0x000000000003536c        0x0 build/cooja/mtype866.a(node-id.o)
 .data          0x000000000003536c        0x0 build/cooja/mtype866.a(rtimer.o)
 .data          0x000000000003536c        0x0 build/cooja/mtype866.a(process.o)
 .data          0x000000000003536c        0x0 build/cooja/mtype866.a(timer.o)
 .data          0x000000000003536c        0x0 build/cooja/mtype866.a(list.o)
 .data          0x000000000003536c        0x0 build/cooja/mtype866.a(memb.o)
 .data          0x000000000003536c       0x10 build/cooja/mtype866.a(button-hal.o)
                0x000000000003536c                button_hal_process
 .data          0x000000000003537c       0x10 build/cooja/mtype866.a(serial-line.o)
                0x000000000003537c                serial_line_process
 .data          0x000000000003538c        0x4 build/cooja/mtype866.a(gpio-hal.o)
 .data          0x0000000000035390       0x18 build/cooja/mtype866.a(queuebuf.o)
 .data          0x00000000000353a8        0x4 build/cooja/mtype866.a(packetbuf.o)
 .data          0x00000000000353ac        0x4 build/cooja/mtype866.a(netstack.o)
 .data          0x00000000000353b0        0x0 build/cooja/mtype866.a(linkaddr.o)
 .data          0x00000000000353b0        0x0 build/cooja/mtype866.a(csma.o)
 .data          0x00000000000353b0       0x28 build/cooja/mtype866.a(csma-output.o)
 .data          0x00000000000353d8        0x0 build/cooja/mtype866.a(uip-ds6.o)
 .data          0x00000000000353d8        0x0 build/cooja/mtype866.a(uip-udp-packet.)
 .data          0x00000000000353d8       0x10 build/cooja/mtype866.a(uip-ds6-route.o)
 .data          0x00000000000353e8       0x10 build/cooja/mtype866.a(tcpip.o)
                0x00000000000353e8                tcpip_process
 .data          0x00000000000353f8        0x0 build/cooja/mtype866.a(uip6.o)
 .data          0x00000000000353f8       0x14 build/cooja/mtype866.a(uip-ds6-nbr.o)
 .data          0x000000000003540c        0xc build/cooja/mtype866.a(uip-nd6.o)
 .data          0x0000000000035418       0x10 build/cooja/mtype866.a(simple-udp.o)
                0x0000000000035418                simple_udp_process
 .data          0x0000000000035428        0x0 build/cooja/mtype866.a(sicslowpan.o)
 .data          0x0000000000035428        0x0 build/cooja/mtype866.a(uiplib.o)
 .data          0x0000000000035428        0x0 build/cooja/mtype866.a(rpl.o)
 .data          0x0000000000035428       0x30 build/cooja/mtype866.a(rpl-icmp6.o)
 .data          0x0000000000035458        0x0 build/cooja/mtype866.a(rpl-dag-root.o)
 .data          0x0000000000035458        0x0 build/cooja/mtype866.a(watchdog.o)
 .data          0x0000000000035458        0x0 build/cooja/mtype866.a(int-master.o)
 .data          0x0000000000035458       0x10 build/cooja/mtype866.a(coap-timer-defa)
                0x0000000000035458                coap_timer_process
 .data          0x0000000000035468        0x0 build/cooja/mtype866.a(stimer.o)
 .data          0x0000000000035468        0x0 build/cooja/mtype866.a(ringbuf.o)
 .data          0x0000000000035468        0x0 build/cooja/mtype866.a(assert.o)
 .data          0x0000000000035468       0x10 build/cooja/mtype866.a(nbr-table.o)
 .data          0x0000000000035478       0x14 build/cooja/mtype866.a(link-stats.o)
 .data          0x000000000003548c        0x0 build/cooja/mtype866.a(mac-sequence.o)
 .data          0x000000000003548c        0x0 build/cooja/mtype866.a(mac.o)
 .data          0x000000000003548c        0x0 build/cooja/mtype866.a(framer-802154.o)
 .data          0x000000000003548c        0x2 build/cooja/mtype866.a(frame802154.o)
 .data          0x000000000003548e        0x0 build/cooja/mtype866.a(csma-security.o)
 .data          0x000000000003548e        0x0 build/cooja/mtype866.a(uipbuf.o)
 *fill*         0x000000000003548e        0x2 
 .data          0x0000000000035490       0x20 build/cooja/mtype866.a(uip-icmp6.o)
 .data          0x00000000000354b0       0x10 build/cooja/mtype866.a(uip-sr.o)
 .data          0x00000000000354c0        0xc build/cooja/mtype866.a(uip-packetqueue)
 .data          0x00000000000354cc        0x0 build/cooja/mtype866.a(rpl-nbr-policy.)
 .data          0x00000000000354cc       0x14 build/cooja/mtype866.a(rpl-neighbor.o)
                0x00000000000354dc                rpl_neighbors
 .data          0x00000000000354e0        0x0 build/cooja/mtype866.a(rpl-dag.o)
 .data          0x00000000000354e0        0x0 build/cooja/mtype866.a(rpl-timers.o)
 .data          0x00000000000354e0        0x0 build/cooja/mtype866.a(rpl-ext-header.)
 .data          0x00000000000354e0       0x24 build/cooja/mtype866.a(rpl-mrhof.o)
                0x00000000000354e0                rpl_mrhof
 .data          0x0000000000035504        0x0 /usr/lib/gcc/i686-linux-gnu/5/libgcc.a(_udivdi3.o)
 .data          0x0000000000035504        0x0 /usr/lib/gcc/i686-linux-gnu/5/crtendS.o
 .data          0x0000000000035504        0x0 /usr/lib/gcc/i686-linux-gnu/5/../../../i386-linux-gnu/crtn.o

.tm_clone_table
                0x0000000000035504        0x0
 .tm_clone_table
                0x0000000000035504        0x0 /usr/lib/gcc/i686-linux-gnu/5/crtbeginS.o
 .tm_clone_table
                0x0000000000035504        0x0 /usr/lib/gcc/i686-linux-gnu/5/crtendS.o

.data1
 *(.data1)
                0x0000000000035504                _edata = .
                [!provide]                        PROVIDE (edata, .)
                0x0000000000035504                . = .
                0x0000000000035504                __bss_start = .

.bss            0x0000000000035520    0x144c4
 *(.dynbss)
 .dynbss        0x0000000000035520        0x0 /usr/lib/gcc/i686-linux-gnu/5/../../../i386-linux-gnu/crti.o
 *(.bss .bss.* .gnu.linkonce.b.*)
 .bss           0x0000000000035520        0x0 /usr/lib/gcc/i686-linux-gnu/5/../../../i386-linux-gnu/crti.o
 .bss           0x0000000000035520        0x1 /usr/lib/gcc/i686-linux-gnu/5/crtbeginS.o
 *fill*         0x0000000000035521       0x1f 
 .bss           0x0000000000035540      0x16c client.o
                0x0000000000035540                rpl_add
 *fill*         0x00000000000356ac       0x14 
 .bss           0x00000000000356c0     0x2030 build/cooja/mtype866.o
 .bss           0x00000000000376f0        0x1 build/cooja/mtype866.a(simEnvChange.o)
                0x00000000000376f0                simDontFallAsleep
 *fill*         0x00000000000376f1        0x3 
 .bss           0x00000000000376f4        0x4 build/cooja/mtype866.a(cooja_mt.o)
 .bss           0x00000000000376f8        0x4 build/cooja/mtype866.a(cooja_mtarch.o)
 .bss           0x00000000000376fc        0x0 build/cooja/mtype866.a(rtimer-arch.o)
 .bss           0x00000000000376fc        0x0 build/cooja/mtype866.a(beep.o)
 .bss           0x00000000000376fc        0x1 build/cooja/mtype866.a(leds-arch.o)
                0x00000000000376fc                simLedsValue
 .bss           0x00000000000376fd        0x0 build/cooja/mtype866.a(moteid.o)
 .bss           0x00000000000376fd        0x1 build/cooja/mtype866.a(pir-sensor.o)
                0x00000000000376fd                simPirValue
 *fill*         0x00000000000376fe        0x2 
 .bss           0x0000000000037700        0x4 build/cooja/mtype866.a(rs232.o)
 .bss           0x0000000000037704        0x1 build/cooja/mtype866.a(vib-sensor.o)
                0x0000000000037704                simVibValue
 .bss           0x0000000000037705        0x0 build/cooja/mtype866.a(clock.o)
 *fill*         0x0000000000037705       0x1b 
 .bss           0x0000000000037720     0x2020 build/cooja/mtype866.a(cooja-log.o)
 .bss           0x0000000000039740      0xfc0 build/cooja/mtype866.a(cfs-cooja.o)
                0x0000000000039740                simCFSData
                0x000000000003a6e0                simCFSSize
                0x000000000003a6e4                simCFSChanged
                0x000000000003a6e8                simCFSRead
                0x000000000003a6ec                simCFSWritten
 .bss           0x000000000003a700       0x24 build/cooja/mtype866.a(cooja-radio.o)
                0x000000000003a700                simReceiving
                0x000000000003a704                simInSize
                0x000000000003a708                simLastPacketTimestamp
                0x000000000003a710                simOutSize
 .bss           0x000000000003a724        0xc build/cooja/mtype866.a(eeprom.o)
                0x000000000003a724                simEEPROMChanged
                0x000000000003a728                simEEPROMRead
                0x000000000003a72c                simEEPROMWritten
 .bss           0x000000000003a730        0x0 build/cooja/mtype866.a(random.o)
 .bss           0x000000000003a730        0xc build/cooja/mtype866.a(sensors.o)
 .bss           0x000000000003a73c        0x0 build/cooja/mtype866.a(leds.o)
 .bss           0x000000000003a73c       0x24 build/cooja/mtype866.a(gpio-hal-arch.o)
 .bss           0x000000000003a760        0x0 build/cooja/mtype866.a(buttons.o)
 .bss           0x000000000003a760        0x0 build/cooja/mtype866.a(res_temperature)
 .bss           0x000000000003a760        0x0 build/cooja/mtype866.a(coap-blocking-a)
 .bss           0x000000000003a760      0x190 build/cooja/mtype866.a(coap-engine.o)
 .bss           0x000000000003a8f0        0x0 build/cooja/mtype866.a(coap-res-well-k)
 *fill*         0x000000000003a8f0       0x10 
 .bss           0x000000000003a900      0x120 build/cooja/mtype866.a(coap-observe.o)
 .bss           0x000000000003aa20       0x18 build/cooja/mtype866.a(coap-uip.o)
 .bss           0x000000000003aa38        0x5 build/cooja/mtype866.a(coap-timer.o)
 *fill*         0x000000000003aa3d        0x3 
 .bss           0x000000000003aa40      0x334 build/cooja/mtype866.a(coap-transactio)
 .bss           0x000000000003ad74        0x6 build/cooja/mtype866.a(coap.o)
                0x000000000003ad74                coap_status_code
 .bss           0x000000000003ad7a        0x0 build/cooja/mtype866.a(contiki-main.o)
 .bss           0x000000000003ad7a        0x0 build/cooja/mtype866.a(autostart.o)
 *fill*         0x000000000003ad7a        0x2 
 .bss           0x000000000003ad7c        0x5 build/cooja/mtype866.a(ctimer.o)
 *fill*         0x000000000003ad81        0x3 
 .bss           0x000000000003ad84       0x2c build/cooja/mtype866.a(log.o)
                0x000000000003ad84                curr_log_level_rpl
                0x000000000003ad88                curr_log_level_tcpip
                0x000000000003ad8c                curr_log_level_ipv6
                0x000000000003ad90                curr_log_level_6lowpan
                0x000000000003ad94                curr_log_level_nullnet
                0x000000000003ad98                curr_log_level_mac
                0x000000000003ad9c                curr_log_level_framer
                0x000000000003ada0                curr_log_level_6top
                0x000000000003ada4                curr_log_level_coap
                0x000000000003ada8                curr_log_level_snmp
                0x000000000003adac                curr_log_level_lwm2m
 .bss           0x000000000003adb0        0x0 build/cooja/mtype866.a(energest.o)
 .bss           0x000000000003adb0        0x8 build/cooja/mtype866.a(etimer.o)
 .bss           0x000000000003adb8        0x2 build/cooja/mtype866.a(node-id.o)
                0x000000000003adb8                node_id
 *fill*         0x000000000003adba        0x2 
 .bss           0x000000000003adbc        0x4 build/cooja/mtype866.a(rtimer.o)
 .bss           0x000000000003adc0      0x1a1 build/cooja/mtype866.a(process.o)
                0x000000000003adc0                process_list
                0x000000000003adc4                process_current
 .bss           0x000000000003af61        0x0 build/cooja/mtype866.a(timer.o)
 .bss           0x000000000003af61        0x0 build/cooja/mtype866.a(list.o)
 .bss           0x000000000003af61        0x0 build/cooja/mtype866.a(memb.o)
 *fill*         0x000000000003af61        0x3 
 .bss           0x000000000003af64       0x10 build/cooja/mtype866.a(button-hal.o)
 *fill*         0x000000000003af74        0xc 
 .bss           0x000000000003af80      0x140 build/cooja/mtype866.a(serial-line.o)
 .bss           0x000000000003b0c0        0x4 build/cooja/mtype866.a(gpio-hal.o)
 *fill*         0x000000000003b0c4       0x1c 
 .bss           0x000000000003b0e0     0x2c80 build/cooja/mtype866.a(queuebuf.o)
 .bss           0x000000000003dd60       0xa0 build/cooja/mtype866.a(packetbuf.o)
 .bss           0x000000000003de00        0x4 build/cooja/mtype866.a(netstack.o)
 .bss           0x000000000003de04        0x0 build/cooja/mtype866.a(linkaddr.o)
 .bss           0x000000000003de04        0x0 build/cooja/mtype866.a(csma.o)
 *fill*         0x000000000003de04       0x1c 
 .bss           0x000000000003de20      0x726 build/cooja/mtype866.a(csma-output.o)
 *fill*         0x000000000003e546        0x2 
 .bss           0x000000000003e548       0x30 build/cooja/mtype866.a(uip-ds6.o)
 .bss           0x000000000003e578        0x0 build/cooja/mtype866.a(uip-udp-packet.)
 *fill*         0x000000000003e578        0x8 
 .bss           0x000000000003e580       0x60 build/cooja/mtype866.a(uip-ds6-route.o)
 .bss           0x000000000003e5e0       0x10 build/cooja/mtype866.a(tcpip.o)
 .bss           0x000000000003e5f0        0x8 build/cooja/mtype866.a(uip6.o)
                0x000000000003e5f0                uip_ext_bitmap
                0x000000000003e5f2                uip_ext_len
                0x000000000003e5f4                uip_last_proto
 *fill*         0x000000000003e5f8        0x8 