Archive member included to satisfy reference by file (symbol)

build/cooja/mtype769.a(simEnvChange.o)
                              build/cooja/mtype769.o (simDontFallAsleep)
build/cooja/mtype769.a(cooja_mt.o)
                              build/cooja/mtype769.o (cooja_mt_start)
build/cooja/mtype769.a(cooja_mtarch.o)
                              build/cooja/mtype769.a(cooja_mt.o) (cooja_mtarch_start)
build/cooja/mtype769.a(rtimer-arch.o)
                              build/cooja/mtype769.o (rtimer_arch_check)
build/cooja/mtype769.a(beep.o)
                              build/cooja/mtype769.o (beep_interface)
build/cooja/mtype769.a(leds-arch.o)
                              build/cooja/mtype769.o (leds_interface)
build/cooja/mtype769.a(moteid.o)
                              build/cooja/mtype769.o (moteid_interface)
build/cooja/mtype769.a(pir-sensor.o)
                              build/cooja/mtype769.o (pir_interface)
build/cooja/mtype769.a(rs232.o)
                              build/cooja/mtype769.o (rs232_interface)
build/cooja/mtype769.a(vib-sensor.o)
                              build/cooja/mtype769.o (vib_interface)
build/cooja/mtype769.a(clock.o)
                              build/cooja/mtype769.o (clock_interface)
build/cooja/mtype769.a(cooja-log.o)
                              build/cooja/mtype769.o (simlog_interface)
build/cooja/mtype769.a(cfs-cooja.o)
                              build/cooja/mtype769.o (cfs_interface)
build/cooja/mtype769.a(cooja-radio.o)
                              build/cooja/mtype769.o (radio_interface)
build/cooja/mtype769.a(eeprom.o)
                              build/cooja/mtype769.o (eeprom_interface)
build/cooja/mtype769.a(random.o)
                              build/cooja/mtype769.a(moteid.o) (random_init)
build/cooja/mtype769.a(sensors.o)
                              build/cooja/mtype769.a(pir-sensor.o) (sensors_changed)
build/cooja/mtype769.a(leds.o)
                              build/cooja/mtype769.a(leds-arch.o) (leds_get)
build/cooja/mtype769.a(gpio-hal-arch.o)
                              build/cooja/mtype769.a(leds-arch.o) (gpio_hal_arch_register_pin_callback)
build/cooja/mtype769.a(buttons.o)
                              build/cooja/mtype769.o (button_interface)
build/cooja/mtype769.a(res_temperature)
                              temperature.o (mote_name)
build/cooja/mtype769.a(coap-blocking-a)
                              temperature.o (coap_blocking_request)
build/cooja/mtype769.a(coap-engine.o)
                              temperature.o (coap_activate_resource)
build/cooja/mtype769.a(coap-res-well-k)
                              build/cooja/mtype769.a(coap-engine.o) (res_well_known_core)
build/cooja/mtype769.a(coap-observe.o)
                              build/cooja/mtype769.a(coap-engine.o) (coap_remove_observer_by_mid)
build/cooja/mtype769.a(coap-uip.o)
                              build/cooja/mtype769.a(coap-observe.o) (coap_endpoint_copy)
build/cooja/mtype769.a(coap-timer.o)
                              build/cooja/mtype769.a(coap-engine.o) (coap_timer_set)
build/cooja/mtype769.a(coap-transactio)
                              build/cooja/mtype769.a(coap-blocking-a) (coap_send_transaction)
build/cooja/mtype769.a(coap.o)
                              build/cooja/mtype769.a(coap-engine.o) (coap_status_code)
build/cooja/mtype769.a(contiki-main.o)
                              build/cooja/mtype769.o (main)
build/cooja/mtype769.a(autostart.o)
                              build/cooja/mtype769.a(contiki-main.o) (autostart_start)
build/cooja/mtype769.a(ctimer.o)
                              build/cooja/mtype769.a(contiki-main.o) (ctimer_init)
build/cooja/mtype769.a(log.o)
                              build/cooja/mtype769.a(contiki-main.o) (curr_log_level_main)
build/cooja/mtype769.a(energest.o)
                              build/cooja/mtype769.a(contiki-main.o) (energest_init)
build/cooja/mtype769.a(etimer.o)
                              build/cooja/mtype769.a(contiki-main.o) (etimer_process)
build/cooja/mtype769.a(node-id.o)
                              build/cooja/mtype769.a(contiki-main.o) (node_id)
build/cooja/mtype769.a(rtimer.o)
                              build/cooja/mtype769.a(contiki-main.o) (rtimer_init)
build/cooja/mtype769.a(process.o)
                              build/cooja/mtype769.a(coap-blocking-a) (process_current)
build/cooja/mtype769.a(timer.o)
                              build/cooja/mtype769.a(etimer.o) (timer_set)
build/cooja/mtype769.a(list.o)
                              build/cooja/mtype769.a(coap-engine.o) (list_init)
build/cooja/mtype769.a(memb.o)
                              build/cooja/mtype769.a(coap-observe.o) (memb_alloc)
build/cooja/mtype769.a(button-hal.o)
                              build/cooja/mtype769.o (button_hal_init)
build/cooja/mtype769.a(serial-line.o)
                              build/cooja/mtype769.a(rs232.o) (serial_line_input_byte)
build/cooja/mtype769.a(gpio-hal.o)
[...]
Memory Configuration

Name             Origin             Length             Attributes
*default*        0x0000000000000000 0xffffffffffffffff

Linker script and memory map

LOAD /usr/lib/gcc/i686-linux-gnu/5/../../../i386-linux-gnu/crti.o
LOAD /usr/lib/gcc/i686-linux-gnu/5/crtbeginS.o
LOAD temperature.o
LOAD build/cooja/mtype769.o
LOAD build/cooja/mtype769.a
LOAD /usr/lib/gcc/i686-linux-gnu/5/libgcc.a
LOAD /usr/lib/gcc/i686-linux-gnu/5/libgcc_s.so
LOAD /usr/lib/gcc/i686-linux-gnu/5/../../../i386-linux-gnu/libc.so
START GROUP
LOAD /lib/i386-linux-gnu/libc.so.6
LOAD /usr/lib/i386-linux-gnu/libc_nonshared.a
LOAD /lib/i386-linux-gnu/ld-linux.so.2
END GROUP
LOAD /usr/lib/gcc/i686-linux-gnu/5/libgcc.a
LOAD /usr/lib/gcc/i686-linux-gnu/5/libgcc_s.so
LOAD /usr/lib/gcc/i686-linux-gnu/5/crtendS.o
LOAD /usr/lib/gcc/i686-linux-gnu/5/../../../i386-linux-gnu/crtn.o
                0x0000000000000114                . = (0x0 + SIZEOF_HEADERS)

.note.gnu.build-id
                0x0000000000000114       0x24
 *(.note.gnu.build-id)
 .note.gnu.build-id
                0x0000000000000114       0x24 /usr/lib/gcc/i686-linux-gnu/5/../../../i386-linux-gnu/crti.o

.hash
 *(.hash)

.gnu.hash       0x0000000000000138     0x15c8
 *(.gnu.hash)
 .gnu.hash      0x0000000000000138     0x15c8 /usr/lib/gcc/i686-linux-gnu/5/../../../i386-linux-gnu/crti.o

.dynsym         0x0000000000001700     0x2fd0
 *(.dynsym)
 .dynsym        0x0000000000001700     0x2fd0 /usr/lib/gcc/i686-linux-gnu/5/../../../i386-linux-gnu/crti.o

.dynstr         0x00000000000046d0     0x374e
 *(.dynstr)
 .dynstr        0x00000000000046d0     0x374e /usr/lib/gcc/i686-linux-gnu/5/../../../i386-linux-gnu/crti.o

.gnu.version    0x0000000000007e1e      0x5fa
 *(.gnu.version)
 .gnu.version   0x0000000000007e1e      0x5fa /usr/lib/gcc/i686-linux-gnu/5/../../../i386-linux-gnu/crti.o

.gnu.version_d  0x0000000000008418        0x0
 *(.gnu.version_d)
 .gnu.version_d
                0x0000000000008418        0x0 /usr/lib/gcc/i686-linux-gnu/5/../../../i386-linux-gnu/crti.o

.gnu.version_r  0x0000000000008418       0x40
 *(.gnu.version_r)
 .gnu.version_r
                0x0000000000008418       0x40 /usr/lib/gcc/i686-linux-gnu/5/../../../i386-linux-gnu/crti.o

.rel.dyn        0x0000000000008458     0x9410
 *(.rel.init)
 .rel.init      0x0000000000008458        0x0 /usr/lib/gcc/i686-linux-gnu/5/../../../i386-linux-gnu/crti.o
 *(.rel.text .rel.text.* .rel.gnu.linkonce.t.*)
 .rel.text      0x0000000000008458     0x8a10 /usr/lib/gcc/i686-linux-gnu/5/../../../i386-linux-gnu/crti.o
 *(.rel.fini)
 .rel.fini      0x0000000000010e68        0x0 /usr/lib/gcc/i686-linux-gnu/5/../../../i386-linux-gnu/crti.o
 *(.rel.rodata .rel.rodata.* .rel.gnu.linkonce.r.*)
 .rel.rodata    0x0000000000010e68      0x598 /usr/lib/gcc/i686-linux-gnu/5/../../../i386-linux-gnu/crti.o
 *(.rel.data.rel.ro .rel.data.rel.ro.* .rel.gnu.linkonce.d.rel.ro.*)
 *(.rel.data .rel.data.* .rel.gnu.linkonce.d.*)
 .rel.data.rel.local
                0x0000000000011400        0x8 /usr/lib/gcc/i686-linux-gnu/5/../../../i386-linux-gnu/crti.o
 .rel.data      0x0000000000011408      0x428 /usr/lib/gcc/i686-linux-gnu/5/../../../i386-linux-gnu/crti.o
 *(.rel.tdata .rel.tdata.* .rel.gnu.linkonce.td.*)
 *(.rel.tbss .rel.tbss.* .rel.gnu.linkonce.tb.*)
 *(.rel.ctors)
 *(.rel.dtors)
 *(.rel.got)
 .rel.got       0x0000000000011830       0x28 /usr/lib/gcc/i686-linux-gnu/5/../../../i386-linux-gnu/crti.o
 *(.rel.bss .rel.bss.* .rel.gnu.linkonce.b.*)
 *(.rel.ifunc)
 .rel.ifunc     0x0000000000011858        0x0 /usr/lib/gcc/i686-linux-gnu/5/../../../i386-linux-gnu/crti.o
 .rel.fini_array
                0x0000000000011858        0x8 /usr/lib/gcc/i686-linux-gnu/5/../../../i386-linux-gnu/crti.o
 .rel.init_array
                0x0000000000011860        0x8 /usr/lib/gcc/i686-linux-gnu/5/../../../i386-linux-gnu/crti.o

.rel.plt        0x0000000000011868        0x0
 *(.rel.plt)
 .rel.plt       0x0000000000011868        0x0 /usr/lib/gcc/i686-linux-gnu/5/../../../i386-linux-gnu/crti.o
 *(.rel.iplt)

.init           0x0000000000011868       0x23
 *(SORT(.init))
 .init          0x0000000000011868       0x1e /usr/lib/gcc/i686-linux-gnu/5/../../../i386-linux-gnu/crti.o
                0x0000000000011868                _init
 .init          0x0000000000011886        0x5 /usr/lib/gcc/i686-linux-gnu/5/../../../i386-linux-gnu/crtn.o

.plt            0x0000000000011890       0x10
 *(.plt)
 .plt           0x0000000000011890       0x10 /usr/lib/gcc/i686-linux-gnu/5/../../../i386-linux-gnu/crti.o
 *(.iplt)

.plt.got        0x00000000000118a0       0x10
 *(.plt.got)
 .plt.got       0x00000000000118a0       0x10 /usr/lib/gcc/i686-linux-gnu/5/../../../i386-linux-gnu/crti.o

.text           0x00000000000118b0    0x18fb2
 *(.text.unlikely .text.*_unlikely .text.unlikely.*)
 .text.unlikely
                0x00000000000118b0        0x0 /usr/lib/gcc/i686-linux-gnu/5/crtbeginS.o
 .text.unlikely
                0x00000000000118b0        0x0 /usr/lib/gcc/i686-linux-gnu/5/libgcc.a(_udivdi3.o)
 *(.text.exit .text.exit.*)
 *(.text.startup .text.startup.*)
 *(.text.hot .text.hot.*)
 *(.text .stub .text.* .gnu.linkonce.t.*)
 .text          0x00000000000118b0        0x0 /usr/lib/gcc/i686-linux-gnu/5/../../../i386-linux-gnu/crti.o
 .gnu.linkonce.t.__x86.get_pc_thunk.bx
                0x00000000000118b0        0x4 /usr/lib/gcc/i686-linux-gnu/5/../../../i386-linux-gnu/crti.o
                0x00000000000118b0                __x86.get_pc_thunk.bx
 *fill*         0x00000000000118b4        0xc 
 .text          0x00000000000118c0      0x11c /usr/lib/gcc/i686-linux-gnu/5/crtbeginS.o
 .text.__x86.get_pc_thunk.dx
                0x00000000000119dc        0x4 /usr/lib/gcc/i686-linux-gnu/5/crtbeginS.o
                0x00000000000119dc                __x86.get_pc_thunk.dx
 .text          0x00000000000119e0      0x6f1 temperature.o
                0x0000000000011a11                response_handler
 .text          0x00000000000120d1      0x283 build/cooja/mtype769.o
                0x0000000000012163                platform_init_stage_one
                0x0000000000012176                platform_init_stage_two
                0x0000000000012189                platform_init_stage_three
                0x000000000001219c                platform_main_loop
                0x000000000001220f                Java_org_contikios_cooja_corecomm_Lib2_init
                0x0000000000012246                Java_org_contikios_cooja_corecomm_Lib2_getMemory
                0x0000000000012279                Java_org_contikios_cooja_corecomm_Lib2_setMemory
                0x00000000000122d9                Java_org_contikios_cooja_corecomm_Lib2_tick
                0x0000000000012341                Java_org_contikios_cooja_corecomm_Lib2_setReferenceAddress
 .text          0x0000000000012354       0x65 build/cooja/mtype769.a(simEnvChange.o)
                0x0000000000012354                doActionsBeforeTick
                0x0000000000012386                doActionsAfterTick
 .text          0x00000000000123b9       0x83 build/cooja/mtype769.a(cooja_mt.o)
                0x00000000000123b9                cooja_mt_start
                0x00000000000123e3                cooja_mt_exec
                0x0000000000012419                cooja_mt_yield
 .text          0x000000000001243c       0xbe build/cooja/mtype769.a(cooja_mtarch.o)
                0x000000000001243c                cooja_mtarch_start
                0x00000000000124af                cooja_sw
                0x00000000000124d2                cooja_mtarch_exec
                0x00000000000124ef                cooja_mtarch_yield
 .text          0x00000000000124fa       0xc5 build/cooja/mtype769.a(rtimer-arch.o)
                0x00000000000124fa                rtimer_arch_init
                0x000000000001251e                rtimer_arch_schedule
                0x000000000001254e                rtimer_arch_next
                0x000000000001255e                rtimer_arch_pending
                0x0000000000012568                rtimer_arch_check
                0x00000000000125af                rtimer_arch_now
 .text          0x00000000000125bf       0x81 build/cooja/mtype769.a(beep.o)
                0x00000000000125bf                beep_alarm
                0x00000000000125cc                beep_beep
                0x00000000000125d9                beep
                0x00000000000125e6                beep_down
                0x00000000000125f3                beep_on
                0x0000000000012600                beep_off
                0x000000000001260d                beep_spinup
                0x000000000001261a                beep_quick
                0x0000000000012627                beep_long
 .text          0x0000000000012640       0x65 build/cooja/mtype769.a(leds-arch.o)
                0x0000000000012653                leds_arch_init
 .text          0x00000000000126a5       0x35 build/cooja/mtype769.a(moteid.o)
 .text          0x00000000000126da       0xb7 build/cooja/mtype769.a(pir-sensor.o)
 .text          0x0000000000012791      0x148 build/cooja/mtype769.a(rs232.o)
                0x0000000000012791                rs232_init
                0x0000000000012797                rs232_set_speed
                0x00000000000127a6                rs232_set_input
                0x00000000000127b4                rs232_send
                0x00000000000127d8                rs232_print
                0x00000000000127f4                slip_arch_writeb
 .text          0x00000000000128d9       0xb7 build/cooja/mtype769.a(vib-sensor.o)
 .text          0x0000000000012990       0x38 build/cooja/mtype769.a(clock.o)
                0x0000000000012990                clock_init
                0x0000000000012996                clock_time
                0x00000000000129a0                clock_seconds
                0x00000000000129b6                clock_delay
 .text          0x00000000000129c8      0x219 build/cooja/mtype769.a(cooja-log.o)
                0x00000000000129c8                simlog_char
                0x0000000000012a0b                simlog
                0x0000000000012a81                log_message
                0x0000000000012ab2                log_set_putchar_with_slip
                0x0000000000012ac0                log_putchar
                0x0000000000012b3b                log_puts
                0x0000000000012b63                log_printf
 .text          0x0000000000012be1      0x2b9 build/cooja/mtype769.a(cfs-cooja.o)
                0x0000000000012be1                cfs_open
                0x0000000000012c4a                cfs_close
                0x0000000000012c57                cfs_read
                0x0000000000012cec                cfs_write
                0x0000000000012dc8                cfs_seek
                0x0000000000012e50                cfs_remove
                0x0000000000012e74                cfs_opendir
                0x0000000000012e7e                cfs_readdir
                0x0000000000012e88                cfs_closedir
 .text          0x0000000000012e9a      0x620 build/cooja/mtype769.a(cooja-radio.o)
                0x0000000000012edc                radio_set_channel
                0x0000000000012eea                radio_set_txpower
                0x0000000000012f02                radio_signal_strength_last
                0x0000000000012f0c                radio_signal_strength_current
                0x0000000000012f16                radio_LQI
 .text          0x00000000000134ba       0xee build/cooja/mtype769.a(eeprom.o)
                0x00000000000134ba                eeprom_init
                0x00000000000134c0                eeprom_read
                0x000000000001352e                eeprom_write
 .text          0x00000000000135a8       0x2d build/cooja/mtype769.a(random.o)
                0x00000000000135a8                random_init
                0x00000000000135c8                random_rand
 .text          0x00000000000135d5      0x29c build/cooja/mtype769.a(sensors.o)
                0x0000000000013610                sensors_first
                0x000000000001361a                sensors_next
                0x0000000000013634                sensors_changed
                0x0000000000013668                sensors_find
 .text          0x0000000000013871      0x349 build/cooja/mtype769.a(leds.o)
                0x0000000000013871                leds_init
                0x00000000000138b8                leds_single_on
                0x0000000000013917                leds_single_off
                0x0000000000013976                leds_single_toggle
                0x00000000000139a8                leds_on
                0x0000000000013a2a                leds_off
                0x0000000000013aac                leds_toggle
                0x0000000000013b01                leds_set
                0x0000000000013b2d                leds_get
 .text          0x0000000000013bba      0x343 build/cooja/mtype769.a(gpio-hal-arch.o)
                0x0000000000013bba                gpio_hal_arch_register_pin_callback
                0x0000000000013c26                gpio_hal_arch_init
                0x0000000000013c6b                gpio_hal_arch_no_port_interrupt_enable
                0x0000000000013c9b                gpio_hal_arch_no_port_interrupt_disable
                0x0000000000013ccb                gpio_hal_arch_no_port_pin_cfg_set
                0x0000000000013cf0                gpio_hal_arch_no_port_pin_cfg_get
                0x0000000000013d16                gpio_hal_arch_no_port_pin_set_input
                0x0000000000013d28                gpio_hal_arch_no_port_pin_set_output
                0x0000000000013d3a                gpio_hal_arch_no_port_set_pin
                0x0000000000013d5b                gpio_hal_arch_no_port_clear_pin
                0x0000000000013d7c                gpio_hal_arch_no_port_read_pin
                0x0000000000013da2                gpio_hal_arch_no_port_write_pin
                0x0000000000013dcc                gpio_hal_arch_no_port_set_pins
                0x0000000000013e13                gpio_hal_arch_no_port_clear_pins
                0x0000000000013e5a                gpio_hal_arch_no_port_read_pins
                0x0000000000013e9d                gpio_hal_arch_no_port_write_pins
 .text          0x0000000000013efd       0x89 build/cooja/mtype769.a(buttons.o)
 .text          0x0000000000013f86      0x454 build/cooja/mtype769.a(res_temperature)
 .text          0x00000000000143da      0x27b build/cooja/mtype769.a(coap-blocking-a)
                0x00000000000143da                coap_blocking_request_callback
                0x0000000000014404                coap_blocking_request
 .text          0x0000000000014655      0xbea build/cooja/mtype769.a(coap-engine.o)
                0x00000000000146ea                coap_add_handler
                0x0000000000014707                coap_remove_handler
                0x0000000000014724                coap_call_handlers
                0x000000000001482c                coap_receive
                0x0000000000014e27                coap_engine_init
                0x0000000000014e85                coap_activate_resource
                0x0000000000014f30                coap_get_first_resource
                0x0000000000014f49                coap_get_next_resource
 .text          0x000000000001523f      0x2d9 build/cooja/mtype769.a(coap-res-well-k)
 .text          0x0000000000015518      0x96a build/cooja/mtype769.a(coap-observe.o)
                0x000000000001562d                coap_remove_observer
                0x000000000001565d                coap_remove_observer_by_client
                0x00000000000156c5                coap_remove_observer_by_token
                0x0000000000015758                coap_remove_observer_by_uri
                0x00000000000157ff                coap_remove_observer_by_mid
                0x000000000001587b                coap_notify_observers
                0x0000000000015894                coap_notify_observers_sub
                0x0000000000015cfe                coap_observe_handler
                0x0000000000015e19                coap_has_observers
 .text          0x0000000000015e82      0x733 build/cooja/mtype769.a(coap-uip.o)
                0x0000000000015e82                coap_endpoint_log
                0x0000000000015f08                coap_endpoint_print
                0x0000000000015f8e                coap_endpoint_snprint
                0x00000000000160c1                coap_endpoint_copy
                0x00000000000160fe                coap_endpoint_cmp
                0x000000000001620c                coap_endpoint_parse
                0x00000000000163f7                coap_endpoint_is_secure
                0x0000000000016406                coap_endpoint_is_connected
                0x000000000001643a                coap_endpoint_connect
                0x0000000000016456                coap_endpoint_disconnect
                0x000000000001645c                coap_databuf
                0x0000000000016466                coap_transport_init
                0x00000000000164b6                coap_sendto
 .text          0x00000000000165b5      0x324 build/cooja/mtype769.a(coap-timer.o)
                0x00000000000166b2                coap_timer_stop
                0x00000000000166dd                coap_timer_set
                0x0000000000016720                coap_timer_reset
                0x0000000000016763                coap_timer_time_to_next_expiration
                0x00000000000167cf                coap_timer_run
                0x000000000001689b                coap_timer_init
 .text          0x00000000000168d9      0x2c6 build/cooja/mtype769.a(coap-transactio)
                0x000000000001693f                coap_new_transaction
                0x00000000000169a5                coap_send_transaction
                0x0000000000016b06                coap_clear_transaction
                0x0000000000016b4e                coap_get_transaction_by_mid
 .text          0x0000000000016b9f     0x1c53 build/cooja/mtype769.a(coap.o)
                0x000000000001710c                coap_init_connection
                0x0000000000017120                coap_get_mid
                0x000000000001713c                coap_init_message
                0x0000000000017185                coap_serialize_message
                0x0000000000017807                coap_parse_message
                0x0000000000017e6e                coap_get_query_variable
                0x0000000000017eb0                coap_get_post_variable
                0x0000000000017ef4                coap_set_status_code
                0x0000000000017f19                coap_set_token
                0x0000000000017f60                coap_get_header_content_format
                0x0000000000017f91                coap_set_header_content_format
                0x0000000000017fb4                coap_get_header_accept
                0x0000000000017fe5                coap_set_header_accept
                0x0000000000018008                coap_get_header_max_age
                0x0000000000018039                coap_set_header_max_age
                0x0000000000018059                coap_get_header_etag
                0x000000000001808b                coap_set_header_etag
                0x00000000000180e2                coap_get_header_if_match
                0x0000000000018114                coap_set_header_if_match
                0x000000000001816b                coap_get_header_if_none_match
                0x0000000000018185                coap_set_header_if_none_match
                0x000000000001819c                coap_get_header_proxy_uri
                0x00000000000181ca                coap_set_header_proxy_uri
                0x0000000000018207                coap_get_header_uri_host
                0x0000000000018235                coap_set_header_uri_host
                0x0000000000018272                coap_get_header_uri_path
                0x00000000000182a0                coap_set_header_uri_path
                0x00000000000182ed                coap_get_header_uri_query
                0x0000000000018321                coap_set_header_uri_query
                0x0000000000018377                coap_get_header_location_path
                0x00000000000183a5                coap_set_header_location_path
                0x000000000001843e                coap_get_header_location_query
                0x000000000001846c                coap_set_header_location_query
                0x00000000000184b9                coap_get_header_observe
                0x00000000000184e8                coap_set_header_observe
                0x0000000000018508                coap_get_header_block2
                0x0000000000018574                coap_set_header_block2
                0x00000000000185eb                coap_get_header_block1
                0x0000000000018660                coap_set_header_block1
                0x00000000000186db                coap_get_header_size2
                0x000000000001870b                coap_set_header_size2
                0x000000000001872e                coap_get_header_size1
                0x000000000001875e                coap_set_header_size1
                0x0000000000018781                coap_get_payload
                0x00000000000187bb                coap_set_payload
 .text          0x00000000000187f2      0x332 build/cooja/mtype769.a(contiki-main.o)
                0x00000000000187f2                main
 .text          0x0000000000018b24       0x92 build/cooja/mtype769.a(autostart.o)
                0x0000000000018b24                autostart_start
                0x0000000000018b6e                autostart_exit
 .text          0x0000000000018bb6      0x355 build/cooja/mtype769.a(ctimer.o)
                0x0000000000018cde                ctimer_init
                0x0000000000018d11                ctimer_set
                0x0000000000018d37                ctimer_set_with_process
                0x0000000000018db4                ctimer_reset
                0x0000000000018e08                ctimer_restart
                0x0000000000018e5c                ctimer_stop
                0x0000000000018eac                ctimer_expired
 .text          0x0000000000018f0b      0x394 build/cooja/mtype769.a(log.o)
                0x0000000000018f0b                log_6addr
                0x0000000000018f5e                log_6addr_compact_snprint
                0x0000000000018ffc                log_6addr_compact
                0x000000000001904f                log_lladdr
                0x00000000000190c1                log_lladdr_compact
                0x0000000000019129                log_set_level
                0x00000000000191e4                log_get_level
                0x000000000001925d                log_level_to_str
 .text          0x000000000001929f       0x1b build/cooja/mtype769.a(energest.o)
                0x000000000001929f                energest_init
                0x00000000000192a5                energest_flush
                0x00000000000192ab                energest_get_total_time
 .text          0x00000000000192ba      0x43f build/cooja/mtype769.a(etimer.o)
                0x00000000000194de                etimer_request_poll
                0x0000000000019567                etimer_set
                0x0000000000019590                etimer_reset_with_new_interval
                0x00000000000195bf                etimer_reset
                0x00000000000195e5                etimer_restart
                0x000000000001960b                etimer_adjust
                0x0000000000019628                etimer_expired
                0x000000000001963b                etimer_expiration_time
                0x000000000001964d                etimer_start_time
                0x0000000000019657                etimer_pending
                0x0000000000019669                etimer_next_expiration_time
                0x0000000000019683                etimer_stop
 .text          0x00000000000196f9       0x25 build/cooja/mtype769.a(node-id.o)
                0x00000000000196f9                node_id_init
 .text          0x000000000001971e       0xeb build/cooja/mtype769.a(rtimer.o)
                0x000000000001971e                rtimer_init
                0x000000000001972c                rtimer_set
                0x00000000000197a7                rtimer_run_next
 .text          0x0000000000019809      0x4fb build/cooja/mtype769.a(process.o)
                0x0000000000019809                process_alloc_event
                0x000000000001981e                process_start
                0x00000000000199f8                process_exit
                0x0000000000019a15                process_init
                0x0000000000019baa                process_run
                0x0000000000019bdd                process_nevents
                0x0000000000019bf8                process_post
                0x0000000000019c8b                process_post_synch
                0x0000000000019cc0                process_poll
                0x0000000000019cf0                process_is_running
 .text          0x0000000000019d04       0xb1 build/cooja/mtype769.a(timer.o)
                0x0000000000019d04                timer_set
                0x0000000000019d22                timer_reset
                0x0000000000019d4f                timer_restart
                0x0000000000019d64                timer_expired
                0x0000000000019d91                timer_remaining
 .text          0x0000000000019db5      0x28f build/cooja/mtype769.a(list.o)
                0x0000000000019db5                list_init
                0x0000000000019dc4                list_head
                0x0000000000019dce                list_copy
                0x0000000000019dde                list_tail
                0x0000000000019e14                list_add
                0x0000000000019e60                list_push
                0x0000000000019e8c                list_chop
                0x0000000000019ef6                list_pop
                0x0000000000019f1e                list_remove
                0x0000000000019f86                list_length
                0x0000000000019fb4                list_insert
                0x0000000000019ff9                list_item_next
                0x000000000001a010                list_contains
 .text          0x000000000001a044      0x1b5 build/cooja/mtype769.a(memb.o)
                0x000000000001a044                memb_init
                0x000000000001a099                memb_alloc
                0x000000000001a0fc                memb_free
                0x000000000001a173                memb_inmemb
                0x000000000001a1b2                memb_numfree
 .text          0x000000000001a1f9      0x41c build/cooja/mtype769.a(button-hal.o)
                0x000000000001a372                button_hal_get_by_id
                0x000000000001a3b0                button_hal_get_by_index
                0x000000000001a3dc                button_hal_get_state
                0x000000000001a42e                button_hal_init
 .text          0x000000000001a615      0x1f3 build/cooja/mtype769.a(serial-line.o)
                0x000000000001a615                serial_line_input_byte
                0x000000000001a7d3                serial_line_init
 .text          0x000000000001a808      0x168 build/cooja/mtype769.a(gpio-hal.o)
                0x000000000001a808                gpio_hal_register_handler
                0x000000000001a825                gpio_hal_event_handler
                0x000000000001a881                gpio_hal_init
                0x000000000001a8a0                gpio_hal_arch_port_toggle_pin
                0x000000000001a8dc                gpio_hal_arch_port_toggle_pins
                0x000000000001a90a                gpio_hal_arch_no_port_toggle_pin
                0x000000000001a948                gpio_hal_arch_no_port_toggle_pins
 .text          0x000000000001a970      0x2e7 build/cooja/mtype769.a(queuebuf.o)
                0x000000000001a97a                queuebuf_init
                0x000000000001a9a3                queuebuf_numfree
                0x000000000001a9bb                queuebuf_new_from_packetbuf
                0x000000000001aa5a                queuebuf_update_attr_from_packetbuf
                0x000000000001aa8f                queuebuf_update_from_packetbuf
                0x000000000001aadf                queuebuf_free
                0x000000000001ab28                queuebuf_to_packetbuf
                0x000000000001ab94                queuebuf_dataptr
                0x000000000001abce                queuebuf_datalen
                0x000000000001abf1                queuebuf_addr
                0x000000000001ac26                queuebuf_attr
                0x000000000001ac51                queuebuf_debug_print
 .text          0x000000000001ac57      0x407 build/cooja/mtype769.a(packetbuf.o)
                0x000000000001ac57                packetbuf_clear
                0x000000000001ac82                packetbuf_copyfrom
                0x000000000001acd1                packetbuf_copyto
                0x000000000001ad64                packetbuf_hdralloc
                0x000000000001ade0                packetbuf_hdrreduce
                0x000000000001ae26                packetbuf_set_datalen
                0x000000000001ae40                packetbuf_dataptr
                0x000000000001ae5d                packetbuf_hdrptr
                0x000000000001ae67                packetbuf_datalen
                0x000000000001ae73                packetbuf_hdrlen
                0x000000000001ae8a                packetbuf_totlen
                0x000000000001aea0                packetbuf_remaininglen
                0x000000000001aeb3                packetbuf_attr_clear
                0x000000000001aeff                packetbuf_attr_copyto
                0x000000000001af57                packetbuf_attr_copyfrom
                0x000000000001afaf                packetbuf_set_attr
                0x000000000001afd9                packetbuf_attr
                0x000000000001aff3                packetbuf_set_addr
                0x000000000001b024                packetbuf_addr
                0x000000000001b041                packetbuf_holds_broadcast
 .text          0x000000000001b05e       0xef build/cooja/mtype769.a(netstack.o)
                0x000000000001b05e                netstack_process_ip_callback
                0x000000000001b0ef                netstack_ip_packet_processor_add
                0x000000000001b112                uip_ds6_ip_packet_processor_rm
                0x000000000001b12f                netstack_init
 .text          0x000000000001b14d       0x4f build/cooja/mtype769.a(linkaddr.o)
                0x000000000001b14d                linkaddr_copy
                0x000000000001b163                linkaddr_cmp
                0x000000000001b186                linkaddr_set_node_addr
 .text          0x000000000001b19c      0x1f6 build/cooja/mtype769.a(csma.o)
 .text          0x000000000001b392      0x95d build/cooja/mtype769.a(csma-output.o)
                0x000000000001ba29                csma_output_packet
                0x000000000001bcb6                csma_output_init
 .text          0x000000000001bcef      0xc11 build/cooja/mtype769.a(uip-ds6.o)
                0x000000000001bcef                uip_ds6_default_prefix
                0x000000000001bcf9                uip_ds6_set_default_prefix
                0x000000000001bd24                uip_ds6_init
                0x000000000001bf86                uip_ds6_periodic
                0x000000000001c00d                uip_ds6_list_loop
                0x000000000001c0cd                uip_ds6_prefix_add
                0x000000000001c179                uip_ds6_prefix_rm
                0x000000000001c18c                uip_ds6_prefix_lookup
                0x000000000001c1cb                uip_ds6_is_addr_onlink
                0x000000000001c23e                uip_ds6_addr_add
                0x000000000001c35e                uip_ds6_addr_rm
                0x000000000001c407                uip_ds6_addr_lookup
                0x000000000001c440                uip_ds6_get_link_local
                0x000000000001c4c1                uip_ds6_get_global
                0x000000000001c542                uip_ds6_maddr_add
                0x000000000001c5a2                uip_ds6_maddr_rm
                0x000000000001c5b5                uip_ds6_maddr_lookup
                0x000000000001c5ee                uip_ds6_aaddr_add
                0x000000000001c64e                uip_ds6_aaddr_rm
                0x000000000001c661                uip_ds6_aaddr_lookup
                0x000000000001c69a                uip_ds6_select_src
                0x000000000001c7e3                uip_ds6_set_addr_iid
                0x000000000001c80e                uip_ds6_set_lladdr_from_iid
                0x000000000001c837                get_match_length
                0x000000000001c8c8                uip_ds6_compute_reachable_time
 .text          0x000000000001c900      0x128 build/cooja/mtype769.a(uip-udp-packet.)
                0x000000000001c900                uip_udp_packet_send
                0x000000000001c95b                uip_udp_packet_sendto
 .text          0x000000000001ca28      0x35b build/cooja/mtype769.a(uip-ds6-route.o)
                0x000000000001ca79                uip_ds6_route_init
                0x000000000001caa3                uip_ds6_route_nexthop
                0x000000000001caad                uip_ds6_route_head
                0x000000000001cab7                uip_ds6_route_next
                0x000000000001cac1                uip_ds6_route_is_nexthop
                0x000000000001cacb                uip_ds6_route_num_routes
                0x000000000001cad5                uip_ds6_route_lookup
                0x000000000001cadf                uip_ds6_route_add
                0x000000000001caf2                uip_ds6_route_rm
                0x000000000001caf8                uip_ds6_route_rm_by_nexthop
                0x000000000001cafe                uip_ds6_defrt_head
                0x000000000001cb17                uip_ds6_defrt_add
                0x000000000001cbc5                uip_ds6_defrt_rm
                0x000000000001cc2b                uip_ds6_defrt_lookup
                0x000000000001cc92                uip_ds6_defrt_choose
                0x000000000001cd08                uip_ds6_defrt_periodic
 .text          0x000000000001cd83      0x6f7 build/cooja/mtype769.a(tcpip.o)
                0x000000000001cd9d                tcpip_output
                0x000000000001ce1c                udp_attach
                0x000000000001ce34                udp_new
                0x000000000001ce7e                udp_broadcast_new
                0x000000000001cff0                tcpip_input
                0x000000000001d180                tcpip_ipv6_output
                0x000000000001d374                tcpip_poll_udp
                0x000000000001d392                tcpip_uipcall
 .text          0x000000000001d47a     0x1205 build/cooja/mtype769.a(uip6.o)
                0x000000000001d529                uip_chksum
                0x000000000001d600                uip_icmp6chksum
                0x000000000001d615                uip_udpchksum
                0x000000000001d62a                uip_init
                0x000000000001d673                uip_remove_ext_hdr
                0x000000000001d74d                uip_udp_new
                0x000000000001da61                uip_process
                0x000000000001e559                uip_htons
                0x000000000001e57b                uip_htonl
                0x000000000001e5b9                uip_send
 .text          0x000000000001e67f      0x369 build/cooja/mtype769.a(uip-ds6-nbr.o)
                0x000000000001e67f                uip_ds6_neighbors_init
                0x000000000001e6a3                uip_ds6_nbr_add
                0x000000000001e729                uip_ds6_nbr_rm
                0x000000000001e774                uip_ds6_nbr_update_ll
                0x000000000001e862                uip_ds6_nbr_get_ipaddr
                0x000000000001e877                uip_ds6_nbr_get_ll
                0x000000000001e893                uip_ds6_nbr_num
                0x000000000001e8dc                uip_ds6_nbr_head
                0x000000000001e8f5                uip_ds6_nbr_next
                0x000000000001e911                uip_ds6_nbr_lookup
                0x000000000001e969                uip_ds6_nbr_ll_lookup
                0x000000000001e985                uip_ds6_nbr_ipaddr_from_lladdr
                0x000000000001e9ae                uip_ds6_nbr_lladdr_from_ipaddr
                0x000000000001e9e2                uip_ds6_link_callback
 .text          0x000000000001e9e8      0x6a7 build/cooja/mtype769.a(uip-nd6.o)
                0x000000000001f076                uip_nd6_init
 .text          0x000000000001f08f      0x3b0 build/cooja/mtype769.a(simple-udp.o)
                0x000000000001f0bc                simple_udp_send
                0x000000000001f11f                simple_udp_sendto
                0x000000000001f17a                simple_udp_sendto_port
                0x000000000001f1d3                simple_udp_register
 .text          0x000000000001f43f     0x2c17 build/cooja/mtype769.a(sicslowpan.o)
                0x000000000001fa46                netstack_sniffer_add
                0x000000000001fa54                netstack_sniffer_remove
                0x000000000002202a                sicslowpan_init
                0x000000000002204c                sicslowpan_get_last_rssi
 .text          0x0000000000022056      0x4d1 build/cooja/mtype769.a(uiplib.o)
                0x0000000000022056                uiplib_ip6addrconv
                0x000000000002220e                uiplib_ip4addrconv
                0x00000000000222d1                uiplib_ipaddr_print
                0x0000000000022324                uiplib_ipaddr_snprint
 .text          0x0000000000022527      0x4c9 build/cooja/mtype769.a(rpl.o)
                0x0000000000022527                rpl_lollipop_greater_than
                0x0000000000022581                rpl_get_global_address
                0x0000000000022679                rpl_link_callback
                0x00000000000226bd                rpl_has_joined
                0x00000000000226e2                rpl_is_reachable
                0x0000000000022763                rpl_reset_prefix
                0x00000000000227cd                rpl_set_prefix_from_addr
                0x00000000000228b2                rpl_set_prefix
                0x00000000000229cc                rpl_set_leaf_only
                0x00000000000229e4                rpl_get_leaf_only
 .text          0x00000000000229f0     0x138c build/cooja/mtype769.a(rpl-icmp6.o)
                0x0000000000022b15                rpl_icmp6_update_nbr_table
                0x0000000000022b9e                rpl_icmp6_dis_output
                0x00000000000231e4                rpl_icmp6_dio_output
                0x00000000000239e2                rpl_icmp6_dao_output
                0x0000000000023cc3                rpl_icmp6_dao_ack_output
                0x0000000000023d33                rpl_icmp6_init
 .text          0x0000000000023d7c      0x264 build/cooja/mtype769.a(rpl-dag-root.o)
                0x0000000000023d7c                rpl_dag_root_print_links
                0x0000000000023ea8                rpl_dag_root_set_prefix
                0x0000000000023ed4                rpl_dag_root_start
                0x0000000000023fb1                rpl_dag_root_is_root
 .text          0x0000000000023fe0       0x30 build/cooja/mtype769.a(watchdog.o)
                0x0000000000023fe0                watchdog_init
                0x0000000000023fe6                watchdog_start
                0x0000000000023fec                watchdog_periodic
                0x0000000000024004                watchdog_stop
                0x000000000002400a                watchdog_reboot
 .text          0x0000000000024010       0x4a build/cooja/mtype769.a(int-master.o)
                0x0000000000024010                int_master_enable
                0x0000000000024020                int_master_read_and_disable
                0x000000000002403d                int_master_status_set
                0x000000000002404b                int_master_is_enabled
 .text          0x000000000002405a      0x226 build/cooja/mtype769.a(coap-timer-defa)
 .text          0x0000000000024280       0xc7 build/cooja/mtype769.a(stimer.o)
                0x0000000000024280                stimer_set
                0x000000000002429e                stimer_reset
                0x00000000000242cb                stimer_restart
                0x00000000000242e0                stimer_expired
                0x000000000002430b                stimer_remaining
                0x000000000002432f                stimer_elapsed
 .text          0x0000000000024347      0x156 build/cooja/mtype769.a(ringbuf.o)
                0x0000000000024347                ringbuf_init
                0x0000000000024379                ringbuf_put
                0x00000000000243f7                ringbuf_get
                0x0000000000024464                ringbuf_size
                0x0000000000024476                ringbuf_elements
 .text          0x000000000002449d       0x1f build/cooja/mtype769.a(assert.o)
                0x000000000002449d                _xassert
 .text          0x00000000000244bc      0x79b build/cooja/mtype769.a(nbr-table.o)
                0x0000000000024935                nbr_table_register
                0x00000000000249a2                nbr_table_is_registered
                0x00000000000249dd                nbr_table_head
                0x0000000000024a38                nbr_table_next
                0x0000000000024a99                nbr_table_add_lladdr
                0x0000000000024b73                nbr_table_get_from_lladdr
                0x0000000000024bbf                nbr_table_remove
                0x0000000000024bf7                nbr_table_lock
                0x0000000000024c11                nbr_table_unlock
                0x0000000000024c2b                nbr_table_get_lladdr
 .text          0x0000000000024c57      0x3a5 build/cooja/mtype769.a(link-stats.o)
                0x0000000000024c57                link_stats_from_lladdr
                0x0000000000024c73                link_stats_get_lladdr
                0x0000000000024c8f                link_stats_is_fresh
                0x0000000000024ccb                guess_etx_from_rssi
                0x0000000000024d47                link_stats_packet_sent
                0x0000000000024e67                link_stats_input_callback
                0x0000000000024f77                link_stats_reset
                0x0000000000024fc7                link_stats_init
 .text          0x0000000000024ffc      0x187 build/cooja/mtype769.a(mac-sequence.o)
                0x0000000000024ffc                mac_sequence_is_duplicate
                0x000000000002509c                mac_sequence_register_seqno
 .text          0x0000000000025183       0x23 build/cooja/mtype769.a(mac.o)
                0x0000000000025183                mac_call_sent_callback
 .text          0x00000000000251a6      0x432 build/cooja/mtype769.a(framer-802154.o)
                0x0000000000025335                framer_802154_setup_params
 .text          0x00000000000255d8      0xb6f build/cooja/mtype769.a(frame802154.o)
                0x0000000000025609                frame802154_get_pan_id
                0x0000000000025615                frame802154_set_pan_id
                0x000000000002562f                frame802154_has_panid
                0x00000000000257de                frame802154_check_dest_panid
                0x0000000000025866                frame802154_is_broadcast_addr
                0x00000000000258b3                frame802154_extract_linkaddr
                0x0000000000025b18                frame802154_hdrlen
                0x0000000000025b8b                frame802154_create_fcf
                0x0000000000025c43                frame802154_create
                0x0000000000025db8                frame802154_parse_fcf
                0x0000000000025e9a                frame802154_parse
 .text          0x0000000000026147       0x2d build/cooja/mtype769.a(csma-security.o)
                0x0000000000026147                csma_security_create_frame
                0x0000000000026165                csma_security_parse_frame
 .text          0x0000000000026174      0x4e4 build/cooja/mtype769.a(uipbuf.o)
                0x0000000000026174                uipbuf_clear
                0x000000000002619b                uipbuf_add_ext_hdr
                0x000000000002621b                uipbuf_set_len
                0x0000000000026248                uipbuf_set_len_field
                0x0000000000026274                uipbuf_get_len_field
                0x0000000000026294                uipbuf_get_next_header
                0x00000000000263c6                uipbuf_get_last_header
                0x000000000002643f                uipbuf_search_header
                0x00000000000264f5                uipbuf_get_attr
                0x000000000002651c                uipbuf_set_attr
                0x0000000000026553                uipbuf_set_default_attr
                0x000000000002658a                uipbuf_clear_attr
                0x00000000000265ae                uipbuf_set_attr_flag
                0x00000000000265cf                uipbuf_clr_attr_flag
                0x00000000000265f6                uipbuf_is_attr_flag
                0x000000000002661a                uipbuf_init
 .text          0x0000000000026658      0x73f build/cooja/mtype769.a(uip-icmp6.o)
                0x00000000000266cd                uip_icmp6_input
                0x0000000000026724                uip_icmp6_register_input_handler
                0x0000000000026877                uip_icmp6_error_output
                0x0000000000026b28                uip_icmp6_send
                0x0000000000026d1f                uip_icmp6_echo_reply_callback_add
                0x0000000000026d51                uip_icmp6_echo_reply_callback_rm
                0x0000000000026d6e                uip_icmp6_init
 .text          0x0000000000026d97      0x69b build/cooja/mtype769.a(uip-sr.o)
                0x0000000000026d97                uip_sr_num_nodes
                0x0000000000026e25                uip_sr_get_node
                0x0000000000026e7c                uip_sr_is_addr_reachable
                0x0000000000026f2a                uip_sr_expire_parent
                0x0000000000026f73                uip_sr_update_node
                0x00000000000270a3                uip_sr_init
                0x00000000000270d7                uip_sr_node_head
                0x00000000000270f0                uip_sr_node_next
                0x0000000000027106                uip_sr_periodic
                0x000000000002720c                uip_sr_free_all
                0x000000000002727c                uip_sr_link_snprint
 .text          0x0000000000027432      0x146 build/cooja/mtype769.a(uip-packetqueue)
                0x0000000000027460                uip_packetqueue_new
                0x000000000002746f                uip_packetqueue_alloc
                0x00000000000274ca                uip_packetqueue_free
                0x0000000000027511                uip_packetqueue_buf
                0x000000000002752e                uip_packetqueue_buflen
                0x000000000002754f                uip_packetqueue_set_buflen
 .text          0x0000000000027578      0x1b0 build/cooja/mtype769.a(rpl-nbr-policy.)
                0x00000000000276e5                rpl_nbr_policy_find_removable
 .text          0x0000000000027728      0x915 build/cooja/mtype769.a(rpl-neighbor.o)
                0x00000000000277a4                rpl_neighbor_snprint
                0x0000000000027a57                rpl_neighbor_print_list
                0x0000000000027b0c                rpl_neighbor_count
                0x0000000000027bb3                rpl_neighbor_get_from_lladdr
                0x0000000000027bcf                rpl_neighbor_is_acceptable_parent
                0x0000000000027c03                rpl_neighbor_get_link_metric
                0x0000000000027c37                rpl_neighbor_rank_via_nbr
                0x0000000000027c6b                rpl_neighbor_get_lladdr
                0x0000000000027c87                rpl_neighbor_get_ipaddr
                0x0000000000027cae                rpl_neighbor_get_link_stats
                0x0000000000027cd5                rpl_neighbor_is_fresh
                0x0000000000027cfc                rpl_neighbor_is_reachable
                0x0000000000027d47                rpl_neighbor_is_parent
                0x0000000000027d71                rpl_neighbor_set_preferred_parent
                0x0000000000027e08                rpl_neighbor_remove_all
                0x0000000000027e64                rpl_neighbor_get_from_ipaddr
                0x0000000000027f72                rpl_neighbor_select_best
                0x000000000002801e                rpl_neighbor_init
 .text          0x000000000002803d      0xe69 build/cooja/mtype769.a(rpl-dag.o)
                0x000000000002803d                rpl_dag_state_to_str
                0x000000000002807c                rpl_dag_get_root_ipaddr
                0x00000000000280c4                rpl_dag_leave
                0x000000000002814d                rpl_dag_poison_and_leave
                0x0000000000028165                rpl_dag_periodic
                0x00000000000281ed                rpl_is_addr_in_our_dag
                0x0000000000028231                rpl_get_default_instance
                0x000000000002824d                rpl_get_any_dag
                0x00000000000282a6                rpl_refresh_routes
                0x00000000000282e6                rpl_global_repair
                0x000000000002837f                rpl_local_repair
                0x00000000000283c9                rpl_dag_ready_to_advertise
                0x000000000002840c                rpl_dag_update_state
                0x0000000000028b39                rpl_process_dio
                0x0000000000028bb7                rpl_process_dis
                0x0000000000028bfc                rpl_process_dao
                0x0000000000028c8b                rpl_process_dao_ack
                0x0000000000028d22                rpl_process_hbh
                0x0000000000028d72                rpl_dag_init_root
                0x0000000000028e86                rpl_dag_init
 .text          0x0000000000028ea6      0x9e7 build/cooja/mtype769.a(rpl-timers.o)
                0x0000000000028ea6                rpl_timers_schedule_periodic_dis
                0x0000000000028ff4                rpl_timers_dio_reset
                0x0000000000029102                rpl_timers_schedule_unicast_dio
                0x0000000000029256                rpl_timers_schedule_dao
                0x0000000000029315                rpl_timers_schedule_dao_ack
                0x000000000002939b                rpl_timers_notify_dao_ack
                0x00000000000293f9                get_probing_delay
                0x000000000002942d                get_probing_target
                0x0000000000029617                rpl_schedule_probing
                0x0000000000029645                rpl_schedule_probing_now
                0x00000000000296af                rpl_timers_unschedule_leaving
                0x00000000000296e7                rpl_timers_schedule_leaving
                0x0000000000029728                rpl_timers_init
                0x00000000000297b8                rpl_timers_stop_dag_timers
                0x0000000000029831                rpl_timers_unschedule_state_update
                0x0000000000029855                rpl_timers_schedule_state_update
 .text          0x000000000002988d      0xb8e build/cooja/mtype769.a(rpl-ext-header.)
                0x000000000002988d                rpl_ext_header_srh_get_next_hop
                0x0000000000029974                rpl_ext_header_srh_update
                0x0000000000029ee0                rpl_ext_header_hbh_update
                0x000000000002a1e0                rpl_ext_header_update
                0x000000000002a269                rpl_ext_header_remove
 .text          0x000000000002a41b      0x31b build/cooja/mtype769.a(rpl-mrhof.o)
 *fill*         0x000000000002a736        0xa 
 .text          0x000000000002a740      0x122 /usr/lib/gcc/i686-linux-gnu/5/libgcc.a(_udivdi3.o)
                0x000000000002a740                __udivdi3
 .text          0x000000000002a862        0x0 /usr/lib/gcc/i686-linux-gnu/5/crtendS.o
 .text          0x000000000002a862        0x0 /usr/lib/gcc/i686-linux-gnu/5/../../../i386-linux-gnu/crtn.o
 *(.gnu.warning)

.fini           0x000000000002a864       0x14
 *(SORT(.fini))
 .fini          0x000000000002a864        0xf /usr/lib/gcc/i686-linux-gnu/5/../../../i386-linux-gnu/crti.o
                0x000000000002a864                _fini
 .fini          0x000000000002a873        0x5 /usr/lib/gcc/i686-linux-gnu/5/../../../i386-linux-gnu/crtn.o
                [!provide]                        PROVIDE (__etext, .)
                [!provide]                        PROVIDE (_etext, .)
                [!provide]                        PROVIDE (etext, .)

.rodata         0x000000000002a880      0xbeb
 *(.rodata .rodata.* .gnu.linkonce.r.*)
 .rodata        0x000000000002a880      0x1d2 temperature.o
                0x000000000002a8a4                autostart_processes
 *fill*         0x000000000002aa52        0x2 
 .rodata        0x000000000002aa54        0x8 build/cooja/mtype769.a(beep.o)
                0x000000000002aa54                beep_interface
 .rodata        0x000000000002aa5c        0xe build/cooja/mtype769.a(leds-arch.o)
                0x000000000002aa5c                leds_interface
                0x000000000002aa64                leds_arch_leds
 *fill*         0x000000000002aa6a        0x2 
 .rodata        0x000000000002aa6c        0x8 build/cooja/mtype769.a(moteid.o)
                0x000000000002aa6c                moteid_interface
 .rodata        0x000000000002aa74       0x1c build/cooja/mtype769.a(pir-sensor.o)
                0x000000000002aa74                pir_interface
                0x000000000002aa80                pir_sensor
 .rodata        0x000000000002aa90        0xe build/cooja/mtype769.a(rs232.o)
                0x000000000002aa90                rs232_interface
 *fill*         0x000000000002aa9e        0x2 
 .rodata        0x000000000002aaa0       0x24 build/cooja/mtype769.a(vib-sensor.o)
                0x000000000002aaa0                vib_interface
                0x000000000002aab4                vib_sensor
 .rodata        0x000000000002aac4        0x8 build/cooja/mtype769.a(clock.o)
                0x000000000002aac4                clock_interface
 .rodata        0x000000000002aacc        0x8 build/cooja/mtype769.a(cooja-log.o)
                0x000000000002aacc                simlog_interface
 .rodata        0x000000000002aad4       0x2f build/cooja/mtype769.a(cfs-cooja.o)
                0x000000000002aad4                cfs_interface
 *fill*         0x000000000002ab03       0x1d 
 .rodata        0x000000000002ab20       0xb8 build/cooja/mtype769.a(cooja-radio.o)
                0x000000000002ab20                radio_interface
                0x000000000002aba0                cooja_radio_driver
 .rodata        0x000000000002abd8        0x8 build/cooja/mtype769.a(eeprom.o)
                0x000000000002abd8                eeprom_interface
 .rodata        0x000000000002abe0        0x8 build/cooja/mtype769.a(sensors.o)
 .rodata        0x000000000002abe8       0x2c build/cooja/mtype769.a(buttons.o)
                0x000000000002abe8                button_interface
                0x000000000002abfc                button_hal_button_count
                0x000000000002ac04                button_sensor
 .rodata        0x000000000002ac14       0x82 build/cooja/mtype769.a(res_temperature)
 .rodata        0x000000000002ac96       0x41 build/cooja/mtype769.a(coap-engine.o)
 .rodata        0x000000000002acd7       0x19 build/cooja/mtype769.a(coap-res-well-k)
 .rodata        0x000000000002acf0       0x11 build/cooja/mtype769.a(coap-observe.o)
 .rodata        0x000000000002ad01       0x35 build/cooja/mtype769.a(coap-uip.o)
 *fill*         0x000000000002ad36        0x2 
 .rodata        0x000000000002ad38      0x1ac build/cooja/mtype769.a(coap.o)
 .rodata        0x000000000002aee4       0xf4 build/cooja/mtype769.a(contiki-main.o)
 .rodata        0x000000000002afd8        0xf build/cooja/mtype769.a(ctimer.o)
 *fill*         0x000000000002afe7        0x1 
 .rodata        0x000000000002afe8       0xc4 build/cooja/mtype769.a(log.o)
 .rodata        0x000000000002b0ac        0xc build/cooja/mtype769.a(etimer.o)
 .rodata        0x000000000002b0b8       0x13 build/cooja/mtype769.a(button-hal.o)
 .rodata        0x000000000002b0cb        0xe build/cooja/mtype769.a(serial-line.o)
 *fill*         0x000000000002b0d9        0x3 
 .rodata        0x000000000002b0dc        0x8 build/cooja/mtype769.a(linkaddr.o)
                0x000000000002b0dc                linkaddr_null
 .rodata        0x000000000002b0e4       0x24 build/cooja/mtype769.a(csma.o)
                0x000000000002b0ec                csma_driver
 .rodata        0x000000000002b108       0x2a build/cooja/mtype769.a(csma-output.o)
 *fill*         0x000000000002b132        0x2 
 .rodata        0x000000000002b134       0x4d build/cooja/mtype769.a(uip-ds6-route.o)
 .rodata        0x000000000002b181        0xd build/cooja/mtype769.a(tcpip.o)
 .rodata        0x000000000002b18e       0x13 build/cooja/mtype769.a(simple-udp.o)
 *fill*         0x000000000002b1a1        0x3 
 .rodata        0x000000000002b1a4       0x30 build/cooja/mtype769.a(sicslowpan.o)
                0x000000000002b1a4                unc_llconf
                0x000000000002b1a8                unc_ctxconf
                0x000000000002b1ac                unc_mxconf
                0x000000000002b1b0                llprefix
                0x000000000002b1c4                sicslowpan_driver
 .rodata        0x000000000002b1d4       0x2d build/cooja/mtype769.a(uiplib.o)
 *fill*         0x000000000002b201       0x1f 
 .rodata        0x000000000002b220       0x74 build/cooja/mtype769.a(rpl.o)
                0x000000000002b240                rpl_lite_driver
 .rodata        0x000000000002b294       0x20 build/cooja/mtype769.a(coap-timer-defa)
                0x000000000002b2a8                coap_timer_default_driver
 .rodata        0x000000000002b2b4       0x25 build/cooja/mtype769.a(assert.o)
 *fill*         0x000000000002b2d9        0x3 
 .rodata        0x000000000002b2dc        0xc build/cooja/mtype769.a(framer-802154.o)
                0x000000000002b2dc                framer_802154
 .rodata        0x000000000002b2e8       0x44 build/cooja/mtype769.a(uip-sr.o)
 .rodata        0x000000000002b32c       0x58 build/cooja/mtype769.a(rpl-neighbor.o)
 .rodata        0x000000000002b384       0xdb build/cooja/mtype769.a(rpl-dag.o)
 .rodata        0x000000000002b45f        0xc build/cooja/mtype769.a(rpl-timers.o)

.rodata1
 *(.rodata1)

.eh_frame_hdr   0x000000000002b46c     0x1a2c
 *(.eh_frame_hdr)
 .eh_frame_hdr  0x000000000002b46c     0x1a2c temperature.o
                0x000000000002b46c                __GNU_EH_FRAME_HDR
 *(.eh_frame_entry .eh_frame_entry.*)

.eh_frame       0x000000000002ce98     0x6a54
 *(.eh_frame)
 .eh_frame      0x000000000002ce98       0x3c /usr/lib/gcc/i686-linux-gnu/5/../../../i386-linux-gnu/crti.o
                                         0x40 (size before relaxing)
 .eh_frame      0x000000000002ced4       0xa0 temperature.o
                                         0xb8 (size before relaxing)
 .eh_frame      0x000000000002cf74      0x178 build/cooja/mtype769.o
                                        0x190 (size before relaxing)
 .eh_frame      0x000000000002d0ec       0x40 build/cooja/mtype769.a(simEnvChange.o)
                                         0x58 (size before relaxing)
 .eh_frame      0x000000000002d12c       0x60 build/cooja/mtype769.a(cooja_mt.o)
                                         0x78 (size before relaxing)
 .eh_frame      0x000000000002d18c       0x80 build/cooja/mtype769.a(cooja_mtarch.o)
                                         0x98 (size before relaxing)
 .eh_frame      0x000000000002d20c       0xc8 build/cooja/mtype769.a(rtimer-arch.o)
                                         0xe0 (size before relaxing)
 .eh_frame      0x000000000002d2d4      0x160 build/cooja/mtype769.a(beep.o)
                                        0x178 (size before relaxing)
 .eh_frame      0x000000000002d434       0x80 build/cooja/mtype769.a(leds-arch.o)
                                         0x98 (size before relaxing)
 .eh_frame      0x000000000002d4b4       0x40 build/cooja/mtype769.a(moteid.o)
                                         0x58 (size before relaxing)
 .eh_frame      0x000000000002d4f4       0xa0 build/cooja/mtype769.a(pir-sensor.o)
                                         0xb8 (size before relaxing)
 .eh_frame      0x000000000002d594      0x100 build/cooja/mtype769.a(rs232.o)
                                        0x118 (size before relaxing)
 .eh_frame      0x000000000002d694       0xa0 build/cooja/mtype769.a(vib-sensor.o)
                                         0xb8 (size before relaxing)
 .eh_frame      0x000000000002d734       0xc0 build/cooja/mtype769.a(clock.o)
                                         0xd8 (size before relaxing)
 .eh_frame      0x000000000002d7f4      0x120 build/cooja/mtype769.a(cooja-log.o)
                                        0x138 (size before relaxing)
 .eh_frame      0x000000000002d914      0x160 build/cooja/mtype769.a(cfs-cooja.o)
                                        0x178 (size before relaxing)
 .eh_frame      0x000000000002da74      0x340 build/cooja/mtype769.a(cooja-radio.o)
                                        0x358 (size before relaxing)
 .eh_frame      0x000000000002ddb4       0xa0 build/cooja/mtype769.a(eeprom.o)
                                         0xb8 (size before relaxing)
 .eh_frame      0x000000000002de54       0x40 build/cooja/mtype769.a(random.o)
                                         0x58 (size before relaxing)
 .eh_frame      0x000000000002de94       0xc0 build/cooja/mtype769.a(sensors.o)
                                         0xd8 (size before relaxing)
 .eh_frame      0x000000000002df54      0x120 build/cooja/mtype769.a(leds.o)
                                        0x138 (size before relaxing)
 .eh_frame      0x000000000002e074      0x220 build/cooja/mtype769.a(gpio-hal-arch.o)
                                        0x238 (size before relaxing)
 .eh_frame      0x000000000002e294       0xa0 build/cooja/mtype769.a(buttons.o)
                                         0xb8 (size before relaxing)
 .eh_frame      0x000000000002e334       0x98 build/cooja/mtype769.a(res_temperature)
                                         0xb0 (size before relaxing)
 .eh_frame      0x000000000002e3cc       0x44 build/cooja/mtype769.a(coap-blocking-a)
                                         0x5c (size before relaxing)
 .eh_frame      0x000000000002e410      0x220 build/cooja/mtype769.a(coap-engine.o)
                                        0x238 (size before relaxing)
 .eh_frame      0x000000000002e630       0x24 build/cooja/mtype769.a(coap-res-well-k)
                                         0x3c (size before relaxing)
 .eh_frame      0x000000000002e654      0x188 build/cooja/mtype769.a(coap-observe.o)
                                        0x1a0 (size before relaxing)
 .eh_frame      0x000000000002e7dc      0x250 build/cooja/mtype769.a(coap-uip.o)
                                        0x268 (size before relaxing)
 .eh_frame      0x000000000002ea2c      0x114 build/cooja/mtype769.a(coap-timer.o)
                                        0x12c (size before relaxing)
 .eh_frame      0x000000000002eb40      0x100 build/cooja/mtype769.a(coap-transactio)
                                        0x118 (size before relaxing)
 .eh_frame      0x000000000002ec40      0x6ec build/cooja/mtype769.a(coap.o)
                                        0x704 (size before relaxing)
 .eh_frame      0x000000000002f32c       0x30 build/cooja/mtype769.a(contiki-main.o)
                                         0x48 (size before relaxing)
 .eh_frame      0x000000000002f35c       0x40 build/cooja/mtype769.a(autostart.o)
                                         0x58 (size before relaxing)
 .eh_frame      0x000000000002f39c      0x100 build/cooja/mtype769.a(ctimer.o)
                                        0x118 (size before relaxing)
 .eh_frame      0x000000000002f49c      0x100 build/cooja/mtype769.a(log.o)
                                        0x118 (size before relaxing)
 .eh_frame      0x000000000002f59c       0x60 build/cooja/mtype769.a(energest.o)
                                         0x78 (size before relaxing)
 .eh_frame      0x000000000002f5fc      0x1e0 build/cooja/mtype769.a(etimer.o)
                                        0x1f8 (size before relaxing)
 .eh_frame      0x000000000002f7dc       0x20 build/cooja/mtype769.a(node-id.o)
                                         0x38 (size before relaxing)
 .eh_frame      0x000000000002f7fc       0x60 build/cooja/mtype769.a(rtimer.o)
                                         0x78 (size before relaxing)
 .eh_frame      0x000000000002f85c      0x1c4 build/cooja/mtype769.a(process.o)
                                        0x1dc (size before relaxing)
 .eh_frame      0x000000000002fa20       0xa4 build/cooja/mtype769.a(timer.o)
                                         0xbc (size before relaxing)
 .eh_frame      0x000000000002fac4      0x1a0 build/cooja/mtype769.a(list.o)
                                        0x1b8 (size before relaxing)
 .eh_frame      0x000000000002fc64       0xa0 build/cooja/mtype769.a(memb.o)
                                         0xb8 (size before relaxing)
 .eh_frame      0x000000000002fd04      0x144 build/cooja/mtype769.a(button-hal.o)
                                        0x15c (size before relaxing)
 .eh_frame      0x000000000002fe48       0x60 build/cooja/mtype769.a(serial-line.o)
                                         0x78 (size before relaxing)
 .eh_frame      0x000000000002fea8       0xe0 build/cooja/mtype769.a(gpio-hal.o)
                                         0xf8 (size before relaxing)
 .eh_frame      0x000000000002ff88      0x1a0 build/cooja/mtype769.a(queuebuf.o)
                                        0x1b8 (size before relaxing)
 .eh_frame      0x0000000000030128      0x28c build/cooja/mtype769.a(packetbuf.o)
                                        0x2a4 (size before relaxing)
 .eh_frame      0x00000000000303b4       0x80 build/cooja/mtype769.a(netstack.o)
                                         0x98 (size before relaxing)
 .eh_frame      0x0000000000030434       0x60 build/cooja/mtype769.a(linkaddr.o)
                                         0x78 (size before relaxing)
 .eh_frame      0x0000000000030494       0xe0 build/cooja/mtype769.a(csma.o)
                                         0xf8 (size before relaxing)
 .eh_frame      0x0000000000030574      0x1d0 build/cooja/mtype769.a(csma-output.o)
                                        0x1e8 (size before relaxing)
 .eh_frame      0x0000000000030744      0x328 build/cooja/mtype769.a(uip-ds6.o)
                                        0x340 (size before relaxing)
 .eh_frame      0x0000000000030a6c       0x40 build/cooja/mtype769.a(uip-udp-packet.)
                                         0x58 (size before relaxing)
 .eh_frame      0x0000000000030aac      0x220 build/cooja/mtype769.a(uip-ds6-route.o)
                                        0x238 (size before relaxing)
 .eh_frame      0x0000000000030ccc      0x244 build/cooja/mtype769.a(tcpip.o)
                                        0x25c (size before relaxing)
 .eh_frame      0x0000000000030f10      0x1e8 build/cooja/mtype769.a(uip6.o)
                                        0x200 (size before relaxing)
 .eh_frame      0x00000000000310f8      0x1c0 build/cooja/mtype769.a(uip-ds6-nbr.o)
                                        0x1d8 (size before relaxing)
 .eh_frame      0x00000000000312b8       0x84 build/cooja/mtype769.a(uip-nd6.o)
                                         0x9c (size before relaxing)
 .eh_frame      0x000000000003133c       0xd4 build/cooja/mtype769.a(simple-udp.o)
                                         0xec (size before relaxing)
 .eh_frame      0x0000000000031410      0x2f8 build/cooja/mtype769.a(sicslowpan.o)
                                        0x310 (size before relaxing)
 .eh_frame      0x0000000000031708       0x88 build/cooja/mtype769.a(uiplib.o)
                                         0xa0 (size before relaxing)
 .eh_frame      0x0000000000031790      0x1e0 build/cooja/mtype769.a(rpl.o)
                                        0x1f8 (size before relaxing)
 .eh_frame      0x0000000000031970      0x1c4 build/cooja/mtype769.a(rpl-icmp6.o)
                                        0x1dc (size before relaxing)
 .eh_frame      0x0000000000031b34       0xa0 build/cooja/mtype769.a(rpl-dag-root.o)
                                         0xb8 (size before relaxing)
 .eh_frame      0x0000000000031bd4       0xa0 build/cooja/mtype769.a(watchdog.o)
                                         0xb8 (size before relaxing)
 .eh_frame      0x0000000000031c74       0x80 build/cooja/mtype769.a(int-master.o)
                                         0x98 (size before relaxing)
 .eh_frame      0x0000000000031cf4       0xa4 build/cooja/mtype769.a(coap-timer-defa)
                                         0xbc (size before relaxing)
 .eh_frame      0x0000000000031d98       0xc4 build/cooja/mtype769.a(stimer.o)
                                         0xdc (size before relaxing)
 .eh_frame      0x0000000000031e5c       0xa0 build/cooja/mtype769.a(ringbuf.o)
                                         0xb8 (size before relaxing)
 .eh_frame      0x0000000000031efc       0x20 build/cooja/mtype769.a(assert.o)
                                         0x38 (size before relaxing)
 .eh_frame      0x0000000000031f1c      0x2ac build/cooja/mtype769.a(nbr-table.o)
                                        0x2c4 (size before relaxing)
 .eh_frame      0x00000000000321c8      0x120 build/cooja/mtype769.a(link-stats.o)
                                        0x138 (size before relaxing)
 .eh_frame      0x00000000000322e8       0x48 build/cooja/mtype769.a(mac-sequence.o)
                                         0x60 (size before relaxing)
 .eh_frame      0x0000000000032330       0x20 build/cooja/mtype769.a(mac.o)
                                         0x38 (size before relaxing)
 .eh_frame      0x0000000000032350       0xa4 build/cooja/mtype769.a(framer-802154.o)
                                         0xbc (size before relaxing)
 .eh_frame      0x00000000000323f4      0x1a4 build/cooja/mtype769.a(frame802154.o)
                                        0x1bc (size before relaxing)
 .eh_frame      0x0000000000032598       0x40 build/cooja/mtype769.a(csma-security.o)
                                         0x58 (size before relaxing)
 .eh_frame      0x00000000000325d8      0x200 build/cooja/mtype769.a(uipbuf.o)
                                        0x218 (size before relaxing)
 .eh_frame      0x00000000000327d8      0x150 build/cooja/mtype769.a(uip-icmp6.o)
                                        0x168 (size before relaxing)
 .eh_frame      0x0000000000032928      0x184 build/cooja/mtype769.a(uip-sr.o)
                                        0x19c (size before relaxing)
 .eh_frame      0x0000000000032aac       0xe0 build/cooja/mtype769.a(uip-packetqueue)
                                         0xf8 (size before relaxing)
 .eh_frame      0x0000000000032b8c       0x80 build/cooja/mtype769.a(rpl-nbr-policy.)
                                         0x98 (size before relaxing)
 .eh_frame      0x0000000000032c0c      0x2d4 build/cooja/mtype769.a(rpl-neighbor.o)
                                        0x2ec (size before relaxing)
 .eh_frame      0x0000000000032ee0      0x370 build/cooja/mtype769.a(rpl-dag.o)
                                        0x388 (size before relaxing)
 .eh_frame      0x0000000000033250      0x3a8 build/cooja/mtype769.a(rpl-timers.o)
                                        0x3c0 (size before relaxing)
 .eh_frame      0x00000000000335f8      0x124 build/cooja/mtype769.a(rpl-ext-header.)
                                        0x13c (size before relaxing)
 .eh_frame      0x000000000003371c      0x148 build/cooja/mtype769.a(rpl-mrhof.o)
                                        0x160 (size before relaxing)
 .eh_frame      0x0000000000033864       0x84 /usr/lib/gcc/i686-linux-gnu/5/libgcc.a(_udivdi3.o)
                                         0x9c (size before relaxing)
 .eh_frame      0x00000000000338e8        0x4 /usr/lib/gcc/i686-linux-gnu/5/crtendS.o
 *(.eh_frame.*)

.gcc_except_table
 *(.gcc_except_table .gcc_except_table.*)

.gnu_extab
 *(.gnu_extab*)

.exception_ranges
 *(.exception_ranges .exception_ranges*)
                0x0000000000034f10                . = DATA_SEGMENT_ALIGN (0x1000, 0x1000)

.eh_frame
 *(.eh_frame)
 *(.eh_frame.*)

.gnu_extab
 *(.gnu_extab)

.gcc_except_table
 *(.gcc_except_table .gcc_except_table.*)

.exception_ranges
 *(.exception_ranges .exception_ranges*)

.tdata
 *(.tdata .tdata.* .gnu.linkonce.td.*)

.tbss
 *(.tbss .tbss.* .gnu.linkonce.tb.*)
 *(.tcommon)

.preinit_array
 *(.preinit_array)

.init_array     0x0000000000034f10        0x4
 *(SORT(.init_array.*) SORT(.ctors.*))
 *(.init_array EXCLUDE_FILE(*crtend?.o *crtend.o *crtbegin?.o *crtbegin.o) .ctors)
 .init_array    0x0000000000034f10        0x4 /usr/lib/gcc/i686-linux-gnu/5/crtbeginS.o

.fini_array     0x0000000000034f14        0x4
 *(SORT(.fini_array.*) SORT(.dtors.*))
 *(.fini_array EXCLUDE_FILE(*crtend?.o *crtend.o *crtbegin?.o *crtbegin.o) .dtors)
 .fini_array    0x0000000000034f14        0x4 /usr/lib/gcc/i686-linux-gnu/5/crtbeginS.o

.ctors
 *crtbegin.o(.ctors)
 *crtbegin?.o(.ctors)
 *(EXCLUDE_FILE(*crtend?.o *crtend.o) .ctors)
 *(SORT(.ctors.*))
 *(.ctors)

.dtors
 *crtbegin.o(.dtors)
 *crtbegin?.o(.dtors)
 *(EXCLUDE_FILE(*crtend?.o *crtend.o) .dtors)
 *(SORT(.dtors.*))
 *(.dtors)

.jcr            0x0000000000034f18        0x4
 *(.jcr)
 .jcr           0x0000000000034f18        0x0 /usr/lib/gcc/i686-linux-gnu/5/crtbeginS.o
 .jcr           0x0000000000034f18        0x4 /usr/lib/gcc/i686-linux-gnu/5/crtendS.o

.data.rel.ro
 *(.data.rel.ro.local* .gnu.linkonce.d.rel.ro.local.*)
 *(.data.rel.ro .data.rel.ro.* .gnu.linkonce.d.rel.ro.*)

.dynamic        0x0000000000034f1c       0xd0
 *(.dynamic)
 .dynamic       0x0000000000034f1c       0xd0 /usr/lib/gcc/i686-linux-gnu/5/../../../i386-linux-gnu/crti.o
                0x0000000000034f1c                _DYNAMIC

.got            0x0000000000034fec       0x14
 *(.got)
 .got           0x0000000000034fec       0x14 /usr/lib/gcc/i686-linux-gnu/5/../../../i386-linux-gnu/crti.o
 *(.igot)
                0x0000000000035ff4                . = DATA_SEGMENT_RELRO_END (., (SIZEOF (.got.plt) >= 0xc)?0xc:0x0)

.got.plt        0x0000000000035000        0xc
 *(.got.plt)
 .got.plt       0x0000000000035000        0xc /usr/lib/gcc/i686-linux-gnu/5/../../../i386-linux-gnu/crti.o
                0x0000000000035000                _GLOBAL_OFFSET_TABLE_
 *(.igot.plt)

.data           0x0000000000035020      0x484
 *(.data .data.* .gnu.linkonce.d.*)
 .data          0x0000000000035020        0x0 /usr/lib/gcc/i686-linux-gnu/5/../../../i386-linux-gnu/crti.o
 .data          0x0000000000035020        0x0 /usr/lib/gcc/i686-linux-gnu/5/crtbeginS.o
 .data.rel.local
                0x0000000000035020        0x4 /usr/lib/gcc/i686-linux-gnu/5/crtbeginS.o
                0x0000000000035020                __dso_handle
 .data          0x0000000000035024       0x30 temperature.o
                0x0000000000035024                udp_client
                0x0000000000035034                coap_client
                0x0000000000035044                coap_server
 *fill*         0x0000000000035054        0xc 
 .data          0x0000000000035060       0x44 build/cooja/mtype769.o
                0x0000000000035060                simInterfaces
                0x0000000000035094                sensors
 .data          0x00000000000350a4        0x0 build/cooja/mtype769.a(simEnvChange.o)
 .data          0x00000000000350a4        0x0 build/cooja/mtype769.a(cooja_mt.o)
 .data          0x00000000000350a4        0x0 build/cooja/mtype769.a(cooja_mtarch.o)
 .data          0x00000000000350a4        0x0 build/cooja/mtype769.a(rtimer-arch.o)
 .data          0x00000000000350a4        0x0 build/cooja/mtype769.a(beep.o)
 .data          0x00000000000350a4        0x0 build/cooja/mtype769.a(leds-arch.o)
 .data          0x00000000000350a4        0x0 build/cooja/mtype769.a(moteid.o)
 .data          0x00000000000350a4        0x0 build/cooja/mtype769.a(pir-sensor.o)
 .data          0x00000000000350a4        0x0 build/cooja/mtype769.a(rs232.o)
 .data          0x00000000000350a4        0x0 build/cooja/mtype769.a(vib-sensor.o)
 .data          0x00000000000350a4        0x0 build/cooja/mtype769.a(clock.o)
 .data          0x00000000000350a4        0x0 build/cooja/mtype769.a(cooja-log.o)
 .data          0x00000000000350a4        0x0 build/cooja/mtype769.a(cfs-cooja.o)
 .data          0x00000000000350a4       0x2c build/cooja/mtype769.a(cooja-radio.o)
                0x00000000000350a4                simRadioHWOn
                0x00000000000350a8                simSignalStrength
                0x00000000000350ac                simLastSignalStrength
                0x00000000000350b0                simPower
                0x00000000000350b4                simRadioChannel
                0x00000000000350b8                simLQI
                0x00000000000350c0                cooja_radio_process
 .data          0x00000000000350d0        0x0 build/cooja/mtype769.a(eeprom.o)
 .data          0x00000000000350d0        0x0 build/cooja/mtype769.a(random.o)
 .data          0x00000000000350d0       0x10 build/cooja/mtype769.a(sensors.o)
                0x00000000000350d0                sensors_process
 .data          0x00000000000350e0        0x0 build/cooja/mtype769.a(leds.o)
 .data          0x00000000000350e0        0x0 build/cooja/mtype769.a(gpio-hal-arch.o)
 .data          0x00000000000350e0       0x78 build/cooja/mtype769.a(buttons.o)
                0x00000000000350e0                simButtonIsActive
                0x0000000000035150                button_hal_buttons
 *fill*         0x0000000000035158        0x8 
 .data          0x0000000000035160       0x44 build/cooja/mtype769.a(res_temperature)
                0x0000000000035180                res_temperature
 .data          0x00000000000351a4        0x0 build/cooja/mtype769.a(coap-blocking-a)
 .data          0x00000000000351a4        0x8 build/cooja/mtype769.a(coap-engine.o)
 *fill*         0x00000000000351ac       0x14 
 .data          0x00000000000351c0       0x24 build/cooja/mtype769.a(coap-res-well-k)
                0x00000000000351c0                res_well_known_core
 .data          0x00000000000351e4       0x10 build/cooja/mtype769.a(coap-observe.o)
 .data          0x00000000000351f4       0x10 build/cooja/mtype769.a(coap-uip.o)
                0x00000000000351f4                coap_engine
 .data          0x0000000000035204        0x4 build/cooja/mtype769.a(coap-timer.o)
 .data          0x0000000000035208       0x10 build/cooja/mtype769.a(coap-transactio)
 .data          0x0000000000035218        0x4 build/cooja/mtype769.a(coap.o)
                0x0000000000035218                coap_error_message
 .data          0x000000000003521c        0x0 build/cooja/mtype769.a(contiki-main.o)
 .data          0x000000000003521c        0x0 build/cooja/mtype769.a(autostart.o)
 .data          0x000000000003521c       0x14 build/cooja/mtype769.a(ctimer.o)
                0x0000000000035220                ctimer_process
 *fill*         0x0000000000035230       0x10 
 .data          0x0000000000035240       0xbc build/cooja/mtype769.a(log.o)
                0x0000000000035240                curr_log_level_main
                0x0000000000035260                all_modules
 .data          0x00000000000352fc        0x0 build/cooja/mtype769.a(energest.o)
 .data          0x00000000000352fc       0x10 build/cooja/mtype769.a(etimer.o)
                0x00000000000352fc                etimer_process
 .data          0x000000000003530c        0x0 build/cooja/mtype769.a(node-id.o)
 .data          0x000000000003530c        0x0 build/cooja/mtype769.a(rtimer.o)
 .data          0x000000000003530c        0x0 build/cooja/mtype769.a(process.o)
 .data          0x000000000003530c        0x0 build/cooja/mtype769.a(timer.o)
 .data          0x000000000003530c        0x0 build/cooja/mtype769.a(list.o)
 .data          0x000000000003530c        0x0 build/cooja/mtype769.a(memb.o)
 .data          0x000000000003530c       0x10 build/cooja/mtype769.a(button-hal.o)
                0x000000000003530c                button_hal_process
 .data          0x000000000003531c       0x10 build/cooja/mtype769.a(serial-line.o)
                0x000000000003531c                serial_line_process
 .data          0x000000000003532c        0x4 build/cooja/mtype769.a(gpio-hal.o)
 .data          0x0000000000035330       0x18 build/cooja/mtype769.a(queuebuf.o)
 .data          0x0000000000035348        0x4 build/cooja/mtype769.a(packetbuf.o)
 .data          0x000000000003534c        0x4 build/cooja/mtype769.a(netstack.o)
 .data          0x0000000000035350        0x0 build/cooja/mtype769.a(linkaddr.o)
 .data          0x0000000000035350        0x0 build/cooja/mtype769.a(csma.o)
 .data          0x0000000000035350       0x28 build/cooja/mtype769.a(csma-output.o)
 .data          0x0000000000035378        0x0 build/cooja/mtype769.a(uip-ds6.o)
 .data          0x0000000000035378        0x0 build/cooja/mtype769.a(uip-udp-packet.)
 .data          0x0000000000035378       0x10 build/cooja/mtype769.a(uip-ds6-route.o)
 .data          0x0000000000035388       0x10 build/cooja/mtype769.a(tcpip.o)
                0x0000000000035388                tcpip_process
 .data          0x0000000000035398        0x0 build/cooja/mtype769.a(uip6.o)
 .data          0x0000000000035398       0x14 build/cooja/mtype769.a(uip-ds6-nbr.o)
 .data          0x00000000000353ac        0xc build/cooja/mtype769.a(uip-nd6.o)
 .data          0x00000000000353b8       0x10 build/cooja/mtype769.a(simple-udp.o)
                0x00000000000353b8                simple_udp_process
 .data          0x00000000000353c8        0x0 build/cooja/mtype769.a(sicslowpan.o)
 .data          0x00000000000353c8        0x0 build/cooja/mtype769.a(uiplib.o)
 .data          0x00000000000353c8        0x0 build/cooja/mtype769.a(rpl.o)
 .data          0x00000000000353c8       0x30 build/cooja/mtype769.a(rpl-icmp6.o)
 .data          0x00000000000353f8        0x0 build/cooja/mtype769.a(rpl-dag-root.o)
 .data          0x00000000000353f8        0x0 build/cooja/mtype769.a(watchdog.o)
 .data          0x00000000000353f8        0x0 build/cooja/mtype769.a(int-master.o)
 .data          0x00000000000353f8       0x10 build/cooja/mtype769.a(coap-timer-defa)
                0x00000000000353f8                coap_timer_process
 .data          0x0000000000035408        0x0 build/cooja/mtype769.a(stimer.o)
 .data          0x0000000000035408        0x0 build/cooja/mtype769.a(ringbuf.o)
 .data          0x0000000000035408        0x0 build/cooja/mtype769.a(assert.o)
 .data          0x0000000000035408       0x10 build/cooja/mtype769.a(nbr-table.o)
 .data          0x0000000000035418       0x14 build/cooja/mtype769.a(link-stats.o)
 .data          0x000000000003542c        0x0 build/cooja/mtype769.a(mac-sequence.o)
 .data          0x000000000003542c        0x0 build/cooja/mtype769.a(mac.o)
 .data          0x000000000003542c        0x0 build/cooja/mtype769.a(framer-802154.o)
 .data          0x000000000003542c        0x2 build/cooja/mtype769.a(frame802154.o)
 .data          0x000000000003542e        0x0 build/cooja/mtype769.a(csma-security.o)
 .data          0x000000000003542e        0x0 build/cooja/mtype769.a(uipbuf.o)
 *fill*         0x000000000003542e        0x2 
 .data          0x0000000000035430       0x20 build/cooja/mtype769.a(uip-icmp6.o)
 .data          0x0000000000035450       0x10 build/cooja/mtype769.a(uip-sr.o)
 .data          0x0000000000035460        0xc build/cooja/mtype769.a(uip-packetqueue)
 .data          0x000000000003546c        0x0 build/cooja/mtype769.a(rpl-nbr-policy.)
 .data          0x000000000003546c       0x14 build/cooja/mtype769.a(rpl-neighbor.o)
                0x000000000003547c                rpl_neighbors
 .data          0x0000000000035480        0x0 build/cooja/mtype769.a(rpl-dag.o)
 .data          0x0000000000035480        0x0 build/cooja/mtype769.a(rpl-timers.o)
 .data          0x0000000000035480        0x0 build/cooja/mtype769.a(rpl-ext-header.)
 .data          0x0000000000035480       0x24 build/cooja/mtype769.a(rpl-mrhof.o)
                0x0000000000035480                rpl_mrhof
 .data          0x00000000000354a4        0x0 /usr/lib/gcc/i686-linux-gnu/5/libgcc.a(_udivdi3.o)
 .data          0x00000000000354a4        0x0 /usr/lib/gcc/i686-linux-gnu/5/crtendS.o
 .data          0x00000000000354a4        0x0 /usr/lib/gcc/i686-linux-gnu/5/../../../i386-linux-gnu/crtn.o

.tm_clone_table
                0x00000000000354a4        0x0
 .tm_clone_table
                0x00000000000354a4        0x0 /usr/lib/gcc/i686-linux-gnu/5/crtbeginS.o
 .tm_clone_table
                0x00000000000354a4        0x0 /usr/lib/gcc/i686-linux-gnu/5/crtendS.o

.data1
 *(.data1)
                0x00000000000354a4                _edata = .
                [!provide]                        PROVIDE (edata, .)
                0x00000000000354a4                . = .
                0x00000000000354a4                __bss_start = .

.bss            0x00000000000354c0    0x14684
 *(.dynbss)
 .dynbss        0x00000000000354c0        0x0 /usr/lib/gcc/i686-linux-gnu/5/../../../i386-linux-gnu/crti.o
 *(.bss .bss.* .gnu.linkonce.b.*)
 .bss           0x00000000000354c0        0x0 /usr/lib/gcc/i686-linux-gnu/5/../../../i386-linux-gnu/crti.o
 .bss           0x00000000000354c0        0x1 /usr/lib/gcc/i686-linux-gnu/5/crtbeginS.o
 *fill*         0x00000000000354c1       0x1f 
 .bss           0x00000000000354e0      0x28c temperature.o
                0x00000000000354e0                rpl_add
                0x00000000000354e1                registered
 *fill*         0x000000000003576c       0x14 
 .bss           0x0000000000035780     0x2030 build/cooja/mtype769.o
 .bss           0x00000000000377b0        0x1 build/cooja/mtype769.a(simEnvChange.o)
                0x00000000000377b0                simDontFallAsleep
 *fill*         0x00000000000377b1        0x3 
 .bss           0x00000000000377b4        0x4 build/cooja/mtype769.a(cooja_mt.o)
 .bss           0x00000000000377b8        0x4 build/cooja/mtype769.a(cooja_mtarch.o)
 .bss           0x00000000000377bc        0x0 build/cooja/mtype769.a(rtimer-arch.o)
 .bss           0x00000000000377bc        0x0 build/cooja/mtype769.a(beep.o)
 .bss           0x00000000000377bc        0x1 build/cooja/mtype769.a(leds-arch.o)
                0x00000000000377bc                simLedsValue
 .bss           0x00000000000377bd        0x0 build/cooja/mtype769.a(moteid.o)
 .bss           0x00000000000377bd        0x1 build/cooja/mtype769.a(pir-sensor.o)
                0x00000000000377bd                simPirValue
 *fill*         0x00000000000377be        0x2 
 .bss           0x00000000000377c0        0x4 build/cooja/mtype769.a(rs232.o)
 .bss           0x00000000000377c4        0x1 build/cooja/mtype769.a(vib-sensor.o)
                0x00000000000377c4                simVibValue
 .bss           0x00000000000377c5        0x0 build/cooja/mtype769.a(clock.o)
 *fill*         0x00000000000377c5       0x1b 
 .bss           0x00000000000377e0     0x2020 build/cooja/mtype769.a(cooja-log.o)
 .bss           0x0000000000039800      0xfc0 build/cooja/mtype769.a(cfs-cooja.o)
                0x0000000000039800                simCFSData
                0x000000000003a7a0                simCFSSize
                0x000000000003a7a4                simCFSChanged
                0x000000000003a7a8                simCFSRead
                0x000000000003a7ac                simCFSWritten
 .bss           0x000000000003a7c0       0x24 build/cooja/mtype769.a(cooja-radio.o)
                0x000000000003a7c0                simReceiving
                0x000000000003a7c4                simInSize
                0x000000000003a7c8                simLastPacketTimestamp
                0x000000000003a7d0                simOutSize
 .bss           0x000000000003a7e4        0xc build/cooja/mtype769.a(eeprom.o)
                0x000000000003a7e4                simEEPROMChanged
                0x000000000003a7e8                simEEPROMRead
                0x000000000003a7ec                simEEPROMWritten
 .bss           0x000000000003a7f0        0x0 build/cooja/mtype769.a(random.o)
 .bss           0x000000000003a7f0        0xc build/cooja/mtype769.a(sensors.o)
 .bss           0x000000000003a7fc        0x0 build/cooja/mtype769.a(leds.o)
 .bss           0x000000000003a7fc       0x24 build/cooja/mtype769.a(gpio-hal-arch.o)
 .bss           0x000000000003a820        0x0 build/cooja/mtype769.a(buttons.o)
 .bss           0x000000000003a820        0x8 build/cooja/mtype769.a(res_temperature)
                0x000000000003a820                name_assigned
                0x000000000003a821                actuator_ip_assigned
 .bss           0x000000000003a828        0x0 build/cooja/mtype769.a(coap-blocking-a)
 *fill*         0x000000000003a828       0x18 
 .bss           0x000000000003a840      0x190 build/cooja/mtype769.a(coap-engine.o)
 .bss           0x000000000003a9d0        0x0 build/cooja/mtype769.a(coap-res-well-k)
 *fill*         0x000000000003a9d0       0x10 
 .bss           0x000000000003a9e0      0x120 build/cooja/mtype769.a(coap-observe.o)
 .bss           0x000000000003ab00       0x18 build/cooja/mtype769.a(coap-uip.o)
 .bss           0x000000000003ab18        0x5 build/cooja/mtype769.a(coap-timer.o)
 *fill*         0x000000000003ab1d        0x3 
 .bss           0x000000000003ab20      0x334 build/cooja/mtype769.a(coap-transactio)
 .bss           0x000000000003ae54        0x6 build/cooja/mtype769.a(coap.o)
                0x000000000003ae54                coap_status_code
 .bss           0x000000000003ae5a        0x0 build/cooja/mtype769.a(contiki-main.o)
 .bss           0x000000000003ae5a        0x0 build/cooja/mtype769.a(autostart.o)
 *fill*         0x000000000003ae5a        0x2 
 .bss           0x000000000003ae5c        0x5 build/cooja/mtype769.a(ctimer.o)
 *fill*         0x000000000003ae61        0x3 
 .bss           0x000000000003ae64       0x2c build/cooja/mtype769.a(log.o)
                0x000000000003ae64                curr_log_level_rpl
                0x000000000003ae68                curr_log_level_tcpip
                0x000000000003ae6c                curr_log_level_ipv6
                0x000000000003ae70                curr_log_level_6lowpan
                0x000000000003ae74                curr_log_level_nullnet
                0x000000000003ae78                curr_log_level_mac
                0x000000000003ae7c                curr_log_level_framer
                0x000000000003ae80                curr_log_level_6top
                0x000000000003ae84                curr_log_level_coap
                0x000000000003ae88                curr_log_level_snmp
                0x000000000003ae8c                curr_log_level_lwm2m
 .bss           0x000000000003ae90        0x0 build/cooja/mtype769.a(energest.o)
 .bss           0x000000000003ae90        0x8 build/cooja/mtype769.a(etimer.o)
 .bss           0x000000000003ae98        0x2 build/cooja/mtype769.a(node-id.o)
                0x000000000003ae98                node_id
 *fill*         0x000000000003ae9a        0x2 
 .bss           0x000000000003ae9c        0x4 build/cooja/mtype769.a(rtimer.o)
 .bss           0x000000000003aea0      0x1a1 build/cooja/mtype769.a(process.o)
                0x000000000003aea0                process_list
                0x000000000003aea4                process_current
 .bss           0x000000000003b041        0x0 build/cooja/mtype769.a(timer.o)
 .bss           0x000000000003b041        0x0 build/cooja/mtype769.a(list.o)
 .bss           0x000000000003b041        0x0 build/cooja/mtype769.a(memb.o)
 *fill*         0x000000000003b041        0x3 
 .bss           0x000000000003b044       0x10 build/cooja/mtype769.a(button-hal.o)
 *fill*         0x000000000003b054        0xc 
 .bss           0x000000000003b060      0x140 build/cooja/mtype769.a(serial-line.o)
 .bss           0x000000000003b1a0        0x4 build/cooja/mtype769.a(gpio-hal.o)
 *fill*         0x000000000003b1a4       0x1c 
 .bss           0x000000000003b1c0     0x2c80 build/cooja/mtype769.a(queuebuf.o)
 .bss           0x000000000003de40       0xa0 build/cooja/mtype769.a(packetbuf.o)
 .bss           0x000000000003dee0        0x4 build/cooja/mtype769.a(netstack.o)
 .bss           0x000000000003dee4        0x0 build/cooja/mtype769.a(linkaddr.o)
 .bss           0x000000000003dee4        0x0 build/cooja/mtype769.a(csma.o)
 *fill*         0x000000000003dee4       0x1c 
 .bss           0x000000000003df00      0x726 build/cooja/mtype769.a(csma-output.o)
 *fill*         0x000000000003e626        0x2 
 .bss           0x000000000003e628       0x30 build/cooja/mtype769.a(uip-ds6.o)
 .bss           0x000000000003e658        0x0 build/cooja/mtype769.a(uip-udp-packet.)
 *fill*         0x000000000003e658        0x8 
 .bss           0x000000000003e660       0x60 build/cooja/mtype769.a(uip-ds6-route.o)