Archive member included to satisfy reference by file (symbol)

build/cooja/mtype447.a(simEnvChange.o)
                              build/cooja/mtype447.o (simDontFallAsleep)
build/cooja/mtype447.a(cooja_mt.o)
                              build/cooja/mtype447.o (cooja_mt_start)
build/cooja/mtype447.a(cooja_mtarch.o)
                              build/cooja/mtype447.a(cooja_mt.o) (cooja_mtarch_start)
build/cooja/mtype447.a(rtimer-arch.o)
                              build/cooja/mtype447.o (rtimer_arch_check)
build/cooja/mtype447.a(beep.o)
                              build/cooja/mtype447.o (beep_interface)
build/cooja/mtype447.a(leds-arch.o)
                              build/cooja/mtype447.o (leds_interface)
build/cooja/mtype447.a(moteid.o)
                              build/cooja/mtype447.o (moteid_interface)
build/cooja/mtype447.a(pir-sensor.o)
                              build/cooja/mtype447.o (pir_interface)
build/cooja/mtype447.a(rs232.o)
                              build/cooja/mtype447.o (rs232_interface)
build/cooja/mtype447.a(vib-sensor.o)
                              build/cooja/mtype447.o (vib_interface)
build/cooja/mtype447.a(clock.o)
                              build/cooja/mtype447.o (clock_interface)
build/cooja/mtype447.a(cooja-log.o)
                              build/cooja/mtype447.o (simlog_interface)
build/cooja/mtype447.a(cfs-cooja.o)
                              build/cooja/mtype447.o (cfs_interface)
build/cooja/mtype447.a(cooja-radio.o)
                              build/cooja/mtype447.o (radio_interface)
build/cooja/mtype447.a(eeprom.o)
                              build/cooja/mtype447.o (eeprom_interface)
build/cooja/mtype447.a(random.o)
                              build/cooja/mtype447.a(moteid.o) (random_init)
build/cooja/mtype447.a(sensors.o)
                              build/cooja/mtype447.a(pir-sensor.o) (sensors_changed)
build/cooja/mtype447.a(leds.o)
                              build/cooja/mtype447.a(leds-arch.o) (leds_get)
build/cooja/mtype447.a(gpio-hal-arch.o)
                              build/cooja/mtype447.a(leds-arch.o) (gpio_hal_arch_register_pin_callback)
build/cooja/mtype447.a(buttons.o)
                              build/cooja/mtype447.o (button_interface)
build/cooja/mtype447.a(res_temperature)
                              temperature.o (name_assigned)
build/cooja/mtype447.a(coap-blocking-a)
                              temperature.o (coap_blocking_request)
build/cooja/mtype447.a(coap-engine.o)
                              temperature.o (coap_activate_resource)
build/cooja/mtype447.a(coap-res-well-k)
                              build/cooja/mtype447.a(coap-engine.o) (res_well_known_core)
build/cooja/mtype447.a(coap-observe.o)
                              build/cooja/mtype447.a(coap-engine.o) (coap_remove_observer_by_mid)
build/cooja/mtype447.a(coap-uip.o)
                              build/cooja/mtype447.a(coap-observe.o) (coap_endpoint_copy)
build/cooja/mtype447.a(coap-timer.o)
                              build/cooja/mtype447.a(coap-engine.o) (coap_timer_set)
build/cooja/mtype447.a(coap-transactio)
                              build/cooja/mtype447.a(coap-blocking-a) (coap_send_transaction)
build/cooja/mtype447.a(coap.o)
                              build/cooja/mtype447.a(coap-engine.o) (coap_status_code)
build/cooja/mtype447.a(contiki-main.o)
                              build/cooja/mtype447.o (main)
build/cooja/mtype447.a(autostart.o)
                              build/cooja/mtype447.a(contiki-main.o) (autostart_start)
build/cooja/mtype447.a(ctimer.o)
                              build/cooja/mtype447.a(contiki-main.o) (ctimer_init)
build/cooja/mtype447.a(log.o)
                              build/cooja/mtype447.a(contiki-main.o) (curr_log_level_main)
build/cooja/mtype447.a(energest.o)
                              build/cooja/mtype447.a(contiki-main.o) (energest_init)
build/cooja/mtype447.a(etimer.o)
                              build/cooja/mtype447.a(contiki-main.o) (etimer_process)
build/cooja/mtype447.a(node-id.o)
                              build/cooja/mtype447.a(contiki-main.o) (node_id)
build/cooja/mtype447.a(rtimer.o)
                              build/cooja/mtype447.a(contiki-main.o) (rtimer_init)
build/cooja/mtype447.a(process.o)
                              build/cooja/mtype447.a(coap-blocking-a) (process_current)
build/cooja/mtype447.a(timer.o)
                              build/cooja/mtype447.a(etimer.o) (timer_set)
build/cooja/mtype447.a(list.o)
                              build/cooja/mtype447.a(coap-engine.o) (list_init)
build/cooja/mtype447.a(memb.o)
                              build/cooja/mtype447.a(coap-observe.o) (memb_alloc)
build/cooja/mtype447.a(button-hal.o)
                              build/cooja/mtype447.o (button_hal_init)
build/cooja/mtype447.a(serial-line.o)
                              build/cooja/mtype447.a(rs232.o) (serial_line_input_byte)
build/cooja/mtype447.a(gpio-hal.o)
[...]
Memory Configuration

Name             Origin             Length             Attributes
*default*        0x0000000000000000 0xffffffffffffffff

Linker script and memory map

LOAD /usr/lib/gcc/i686-linux-gnu/5/../../../i386-linux-gnu/crti.o
LOAD /usr/lib/gcc/i686-linux-gnu/5/crtbeginS.o
LOAD temperature.o
LOAD build/cooja/mtype447.o
LOAD build/cooja/mtype447.a
LOAD /usr/lib/gcc/i686-linux-gnu/5/libgcc.a
LOAD /usr/lib/gcc/i686-linux-gnu/5/libgcc_s.so
LOAD /usr/lib/gcc/i686-linux-gnu/5/../../../i386-linux-gnu/libc.so
START GROUP
LOAD /lib/i386-linux-gnu/libc.so.6
LOAD /usr/lib/i386-linux-gnu/libc_nonshared.a
LOAD /lib/i386-linux-gnu/ld-linux.so.2
END GROUP
LOAD /usr/lib/gcc/i686-linux-gnu/5/libgcc.a
LOAD /usr/lib/gcc/i686-linux-gnu/5/libgcc_s.so
LOAD /usr/lib/gcc/i686-linux-gnu/5/crtendS.o
LOAD /usr/lib/gcc/i686-linux-gnu/5/../../../i386-linux-gnu/crtn.o
                0x0000000000000114                . = (0x0 + SIZEOF_HEADERS)

.note.gnu.build-id
                0x0000000000000114       0x24
 *(.note.gnu.build-id)
 .note.gnu.build-id
                0x0000000000000114       0x24 /usr/lib/gcc/i686-linux-gnu/5/../../../i386-linux-gnu/crti.o

.hash
 *(.hash)

.gnu.hash       0x0000000000000138     0x15cc
 *(.gnu.hash)
 .gnu.hash      0x0000000000000138     0x15cc /usr/lib/gcc/i686-linux-gnu/5/../../../i386-linux-gnu/crti.o

.dynsym         0x0000000000001704     0x2fe0
 *(.dynsym)
 .dynsym        0x0000000000001704     0x2fe0 /usr/lib/gcc/i686-linux-gnu/5/../../../i386-linux-gnu/crti.o

.dynstr         0x00000000000046e4     0x375a
 *(.dynstr)
 .dynstr        0x00000000000046e4     0x375a /usr/lib/gcc/i686-linux-gnu/5/../../../i386-linux-gnu/crti.o

.gnu.version    0x0000000000007e3e      0x5fc
 *(.gnu.version)
 .gnu.version   0x0000000000007e3e      0x5fc /usr/lib/gcc/i686-linux-gnu/5/../../../i386-linux-gnu/crti.o

.gnu.version_d  0x000000000000843c        0x0
 *(.gnu.version_d)
 .gnu.version_d
                0x000000000000843c        0x0 /usr/lib/gcc/i686-linux-gnu/5/../../../i386-linux-gnu/crti.o

.gnu.version_r  0x000000000000843c       0x40
 *(.gnu.version_r)
 .gnu.version_r
                0x000000000000843c       0x40 /usr/lib/gcc/i686-linux-gnu/5/../../../i386-linux-gnu/crti.o

.rel.dyn        0x000000000000847c     0x93d0
 *(.rel.init)
 .rel.init      0x000000000000847c        0x0 /usr/lib/gcc/i686-linux-gnu/5/../../../i386-linux-gnu/crti.o
 *(.rel.text .rel.text.* .rel.gnu.linkonce.t.*)
 .rel.text      0x000000000000847c     0x89d0 /usr/lib/gcc/i686-linux-gnu/5/../../../i386-linux-gnu/crti.o
 *(.rel.fini)
 .rel.fini      0x0000000000010e4c        0x0 /usr/lib/gcc/i686-linux-gnu/5/../../../i386-linux-gnu/crti.o
 *(.rel.rodata .rel.rodata.* .rel.gnu.linkonce.r.*)
 .rel.rodata    0x0000000000010e4c      0x598 /usr/lib/gcc/i686-linux-gnu/5/../../../i386-linux-gnu/crti.o
 *(.rel.data.rel.ro .rel.data.rel.ro.* .rel.gnu.linkonce.d.rel.ro.*)
 *(.rel.data .rel.data.* .rel.gnu.linkonce.d.*)
 .rel.data.rel.local
                0x00000000000113e4        0x8 /usr/lib/gcc/i686-linux-gnu/5/../../../i386-linux-gnu/crti.o
 .rel.data      0x00000000000113ec      0x428 /usr/lib/gcc/i686-linux-gnu/5/../../../i386-linux-gnu/crti.o
 *(.rel.tdata .rel.tdata.* .rel.gnu.linkonce.td.*)
 *(.rel.tbss .rel.tbss.* .rel.gnu.linkonce.tb.*)
 *(.rel.ctors)
 *(.rel.dtors)
 *(.rel.got)
 .rel.got       0x0000000000011814       0x28 /usr/lib/gcc/i686-linux-gnu/5/../../../i386-linux-gnu/crti.o
 *(.rel.bss .rel.bss.* .rel.gnu.linkonce.b.*)
 *(.rel.ifunc)
 .rel.ifunc     0x000000000001183c        0x0 /usr/lib/gcc/i686-linux-gnu/5/../../../i386-linux-gnu/crti.o
 .rel.fini_array
                0x000000000001183c        0x8 /usr/lib/gcc/i686-linux-gnu/5/../../../i386-linux-gnu/crti.o
 .rel.init_array
                0x0000000000011844        0x8 /usr/lib/gcc/i686-linux-gnu/5/../../../i386-linux-gnu/crti.o

.rel.plt        0x000000000001184c        0x0
 *(.rel.plt)
 .rel.plt       0x000000000001184c        0x0 /usr/lib/gcc/i686-linux-gnu/5/../../../i386-linux-gnu/crti.o
 *(.rel.iplt)

.init           0x000000000001184c       0x23
 *(SORT(.init))
 .init          0x000000000001184c       0x1e /usr/lib/gcc/i686-linux-gnu/5/../../../i386-linux-gnu/crti.o
                0x000000000001184c                _init
 .init          0x000000000001186a        0x5 /usr/lib/gcc/i686-linux-gnu/5/../../../i386-linux-gnu/crtn.o

.plt            0x0000000000011870       0x10
 *(.plt)
 .plt           0x0000000000011870       0x10 /usr/lib/gcc/i686-linux-gnu/5/../../../i386-linux-gnu/crti.o
 *(.iplt)

.plt.got        0x0000000000011880       0x10
 *(.plt.got)
 .plt.got       0x0000000000011880       0x10 /usr/lib/gcc/i686-linux-gnu/5/../../../i386-linux-gnu/crti.o

.text           0x0000000000011890    0x18ee2
 *(.text.unlikely .text.*_unlikely .text.unlikely.*)
 .text.unlikely
                0x0000000000011890        0x0 /usr/lib/gcc/i686-linux-gnu/5/crtbeginS.o
 .text.unlikely
                0x0000000000011890        0x0 /usr/lib/gcc/i686-linux-gnu/5/libgcc.a(_udivdi3.o)
 *(.text.exit .text.exit.*)
 *(.text.startup .text.startup.*)
 *(.text.hot .text.hot.*)
 *(.text .stub .text.* .gnu.linkonce.t.*)
 .text          0x0000000000011890        0x0 /usr/lib/gcc/i686-linux-gnu/5/../../../i386-linux-gnu/crti.o
 .gnu.linkonce.t.__x86.get_pc_thunk.bx
                0x0000000000011890        0x4 /usr/lib/gcc/i686-linux-gnu/5/../../../i386-linux-gnu/crti.o
                0x0000000000011890                __x86.get_pc_thunk.bx
 *fill*         0x0000000000011894        0xc 
 .text          0x00000000000118a0      0x11c /usr/lib/gcc/i686-linux-gnu/5/crtbeginS.o
 .text.__x86.get_pc_thunk.dx
                0x00000000000119bc        0x4 /usr/lib/gcc/i686-linux-gnu/5/crtbeginS.o
                0x00000000000119bc                __x86.get_pc_thunk.dx
 .text          0x00000000000119c0      0x69b temperature.o
                0x00000000000119f1                response_handler
 .text          0x000000000001205b      0x283 build/cooja/mtype447.o
                0x00000000000120ed                platform_init_stage_one
                0x0000000000012100                platform_init_stage_two
                0x0000000000012113                platform_init_stage_three
                0x0000000000012126                platform_main_loop
                0x0000000000012199                Java_org_contikios_cooja_corecomm_Lib8_init
                0x00000000000121d0                Java_org_contikios_cooja_corecomm_Lib8_getMemory
                0x0000000000012203                Java_org_contikios_cooja_corecomm_Lib8_setMemory
                0x0000000000012263                Java_org_contikios_cooja_corecomm_Lib8_tick
                0x00000000000122cb                Java_org_contikios_cooja_corecomm_Lib8_setReferenceAddress
 .text          0x00000000000122de       0x65 build/cooja/mtype447.a(simEnvChange.o)
                0x00000000000122de                doActionsBeforeTick
                0x0000000000012310                doActionsAfterTick
 .text          0x0000000000012343       0x83 build/cooja/mtype447.a(cooja_mt.o)
                0x0000000000012343                cooja_mt_start
                0x000000000001236d                cooja_mt_exec
                0x00000000000123a3                cooja_mt_yield
 .text          0x00000000000123c6       0xbe build/cooja/mtype447.a(cooja_mtarch.o)
                0x00000000000123c6                cooja_mtarch_start
                0x0000000000012439                cooja_sw
                0x000000000001245c                cooja_mtarch_exec
                0x0000000000012479                cooja_mtarch_yield
 .text          0x0000000000012484       0xc5 build/cooja/mtype447.a(rtimer-arch.o)
                0x0000000000012484                rtimer_arch_init
                0x00000000000124a8                rtimer_arch_schedule
                0x00000000000124d8                rtimer_arch_next
                0x00000000000124e8                rtimer_arch_pending
                0x00000000000124f2                rtimer_arch_check
                0x0000000000012539                rtimer_arch_now
 .text          0x0000000000012549       0x81 build/cooja/mtype447.a(beep.o)
                0x0000000000012549                beep_alarm
                0x0000000000012556                beep_beep
                0x0000000000012563                beep
                0x0000000000012570                beep_down
                0x000000000001257d                beep_on
                0x000000000001258a                beep_off
                0x0000000000012597                beep_spinup
                0x00000000000125a4                beep_quick
                0x00000000000125b1                beep_long
 .text          0x00000000000125ca       0x65 build/cooja/mtype447.a(leds-arch.o)
                0x00000000000125dd                leds_arch_init
 .text          0x000000000001262f       0x35 build/cooja/mtype447.a(moteid.o)
 .text          0x0000000000012664       0xb7 build/cooja/mtype447.a(pir-sensor.o)
 .text          0x000000000001271b      0x148 build/cooja/mtype447.a(rs232.o)
                0x000000000001271b                rs232_init
                0x0000000000012721                rs232_set_speed
                0x0000000000012730                rs232_set_input
                0x000000000001273e                rs232_send
                0x0000000000012762                rs232_print
                0x000000000001277e                slip_arch_writeb
 .text          0x0000000000012863       0xb7 build/cooja/mtype447.a(vib-sensor.o)
 .text          0x000000000001291a       0x38 build/cooja/mtype447.a(clock.o)
                0x000000000001291a                clock_init
                0x0000000000012920                clock_time
                0x000000000001292a                clock_seconds
                0x0000000000012940                clock_delay
 .text          0x0000000000012952      0x219 build/cooja/mtype447.a(cooja-log.o)
                0x0000000000012952                simlog_char
                0x0000000000012995                simlog
                0x0000000000012a0b                log_message
                0x0000000000012a3c                log_set_putchar_with_slip
                0x0000000000012a4a                log_putchar
                0x0000000000012ac5                log_puts
                0x0000000000012aed                log_printf
 .text          0x0000000000012b6b      0x2b9 build/cooja/mtype447.a(cfs-cooja.o)
                0x0000000000012b6b                cfs_open
                0x0000000000012bd4                cfs_close
                0x0000000000012be1                cfs_read
                0x0000000000012c76                cfs_write
                0x0000000000012d52                cfs_seek
                0x0000000000012dda                cfs_remove
                0x0000000000012dfe                cfs_opendir
                0x0000000000012e08                cfs_readdir
                0x0000000000012e12                cfs_closedir
 .text          0x0000000000012e24      0x620 build/cooja/mtype447.a(cooja-radio.o)
                0x0000000000012e66                radio_set_channel
                0x0000000000012e74                radio_set_txpower
                0x0000000000012e8c                radio_signal_strength_last
                0x0000000000012e96                radio_signal_strength_current
                0x0000000000012ea0                radio_LQI
 .text          0x0000000000013444       0xee build/cooja/mtype447.a(eeprom.o)
                0x0000000000013444                eeprom_init
                0x000000000001344a                eeprom_read
                0x00000000000134b8                eeprom_write
 .text          0x0000000000013532       0x2d build/cooja/mtype447.a(random.o)
                0x0000000000013532                random_init
                0x0000000000013552                random_rand
 .text          0x000000000001355f      0x29c build/cooja/mtype447.a(sensors.o)
                0x000000000001359a                sensors_first
                0x00000000000135a4                sensors_next
                0x00000000000135be                sensors_changed
                0x00000000000135f2                sensors_find
 .text          0x00000000000137fb      0x349 build/cooja/mtype447.a(leds.o)
                0x00000000000137fb                leds_init
                0x0000000000013842                leds_single_on
                0x00000000000138a1                leds_single_off
                0x0000000000013900                leds_single_toggle
                0x0000000000013932                leds_on
                0x00000000000139b4                leds_off
                0x0000000000013a36                leds_toggle
                0x0000000000013a8b                leds_set
                0x0000000000013ab7                leds_get
 .text          0x0000000000013b44      0x343 build/cooja/mtype447.a(gpio-hal-arch.o)
                0x0000000000013b44                gpio_hal_arch_register_pin_callback
                0x0000000000013bb0                gpio_hal_arch_init
                0x0000000000013bf5                gpio_hal_arch_no_port_interrupt_enable
                0x0000000000013c25                gpio_hal_arch_no_port_interrupt_disable
                0x0000000000013c55                gpio_hal_arch_no_port_pin_cfg_set
                0x0000000000013c7a                gpio_hal_arch_no_port_pin_cfg_get
                0x0000000000013ca0                gpio_hal_arch_no_port_pin_set_input
                0x0000000000013cb2                gpio_hal_arch_no_port_pin_set_output
                0x0000000000013cc4                gpio_hal_arch_no_port_set_pin
                0x0000000000013ce5                gpio_hal_arch_no_port_clear_pin
                0x0000000000013d06                gpio_hal_arch_no_port_read_pin
                0x0000000000013d2c                gpio_hal_arch_no_port_write_pin
                0x0000000000013d56                gpio_hal_arch_no_port_set_pins
                0x0000000000013d9d                gpio_hal_arch_no_port_clear_pins
                0x0000000000013de4                gpio_hal_arch_no_port_read_pins
                0x0000000000013e27                gpio_hal_arch_no_port_write_pins
 .text          0x0000000000013e87       0x89 build/cooja/mtype447.a(buttons.o)
 .text          0x0000000000013f10      0x3e3 build/cooja/mtype447.a(res_temperature)
 .text          0x00000000000142f3      0x27b build/cooja/mtype447.a(coap-blocking-a)
                0x00000000000142f3                coap_blocking_request_callback
                0x000000000001431d                coap_blocking_request
 .text          0x000000000001456e      0xbea build/cooja/mtype447.a(coap-engine.o)
                0x0000000000014603                coap_add_handler
                0x0000000000014620                coap_remove_handler
                0x000000000001463d                coap_call_handlers
                0x0000000000014745                coap_receive
                0x0000000000014d40                coap_engine_init
                0x0000000000014d9e                coap_activate_resource
                0x0000000000014e49                coap_get_first_resource
                0x0000000000014e62                coap_get_next_resource
 .text          0x0000000000015158      0x2d9 build/cooja/mtype447.a(coap-res-well-k)
 .text          0x0000000000015431      0x96a build/cooja/mtype447.a(coap-observe.o)
                0x0000000000015546                coap_remove_observer
                0x0000000000015576                coap_remove_observer_by_client
                0x00000000000155de                coap_remove_observer_by_token
                0x0000000000015671                coap_remove_observer_by_uri
                0x0000000000015718                coap_remove_observer_by_mid
                0x0000000000015794                coap_notify_observers
                0x00000000000157ad                coap_notify_observers_sub
                0x0000000000015c17                coap_observe_handler
                0x0000000000015d32                coap_has_observers
 .text          0x0000000000015d9b      0x733 build/cooja/mtype447.a(coap-uip.o)
                0x0000000000015d9b                coap_endpoint_log
                0x0000000000015e21                coap_endpoint_print
                0x0000000000015ea7                coap_endpoint_snprint
                0x0000000000015fda                coap_endpoint_copy
                0x0000000000016017                coap_endpoint_cmp
                0x0000000000016125                coap_endpoint_parse
                0x0000000000016310                coap_endpoint_is_secure
                0x000000000001631f                coap_endpoint_is_connected
                0x0000000000016353                coap_endpoint_connect
                0x000000000001636f                coap_endpoint_disconnect
                0x0000000000016375                coap_databuf
                0x000000000001637f                coap_transport_init
                0x00000000000163cf                coap_sendto
 .text          0x00000000000164ce      0x324 build/cooja/mtype447.a(coap-timer.o)
                0x00000000000165cb                coap_timer_stop
                0x00000000000165f6                coap_timer_set
                0x0000000000016639                coap_timer_reset
                0x000000000001667c                coap_timer_time_to_next_expiration
                0x00000000000166e8                coap_timer_run
                0x00000000000167b4                coap_timer_init
 .text          0x00000000000167f2      0x2c6 build/cooja/mtype447.a(coap-transactio)
                0x0000000000016858                coap_new_transaction
                0x00000000000168be                coap_send_transaction
                0x0000000000016a1f                coap_clear_transaction
                0x0000000000016a67                coap_get_transaction_by_mid
 .text          0x0000000000016ab8     0x1c53 build/cooja/mtype447.a(coap.o)
                0x0000000000017025                coap_init_connection
                0x0000000000017039                coap_get_mid
                0x0000000000017055                coap_init_message
                0x000000000001709e                coap_serialize_message
                0x0000000000017720                coap_parse_message
                0x0000000000017d87                coap_get_query_variable
                0x0000000000017dc9                coap_get_post_variable
                0x0000000000017e0d                coap_set_status_code
                0x0000000000017e32                coap_set_token
                0x0000000000017e79                coap_get_header_content_format
                0x0000000000017eaa                coap_set_header_content_format
                0x0000000000017ecd                coap_get_header_accept
                0x0000000000017efe                coap_set_header_accept
                0x0000000000017f21                coap_get_header_max_age
                0x0000000000017f52                coap_set_header_max_age
                0x0000000000017f72                coap_get_header_etag
                0x0000000000017fa4                coap_set_header_etag
                0x0000000000017ffb                coap_get_header_if_match
                0x000000000001802d                coap_set_header_if_match
                0x0000000000018084                coap_get_header_if_none_match
                0x000000000001809e                coap_set_header_if_none_match
                0x00000000000180b5                coap_get_header_proxy_uri
                0x00000000000180e3                coap_set_header_proxy_uri
                0x0000000000018120                coap_get_header_uri_host
                0x000000000001814e                coap_set_header_uri_host
                0x000000000001818b                coap_get_header_uri_path
                0x00000000000181b9                coap_set_header_uri_path
                0x0000000000018206                coap_get_header_uri_query
                0x000000000001823a                coap_set_header_uri_query
                0x0000000000018290                coap_get_header_location_path
                0x00000000000182be                coap_set_header_location_path
                0x0000000000018357                coap_get_header_location_query
                0x0000000000018385                coap_set_header_location_query
                0x00000000000183d2                coap_get_header_observe
                0x0000000000018401                coap_set_header_observe
                0x0000000000018421                coap_get_header_block2
                0x000000000001848d                coap_set_header_block2
                0x0000000000018504                coap_get_header_block1
                0x0000000000018579                coap_set_header_block1
                0x00000000000185f4                coap_get_header_size2
                0x0000000000018624                coap_set_header_size2
                0x0000000000018647                coap_get_header_size1
                0x0000000000018677                coap_set_header_size1
                0x000000000001869a                coap_get_payload
                0x00000000000186d4                coap_set_payload
 .text          0x000000000001870b      0x332 build/cooja/mtype447.a(contiki-main.o)
                0x000000000001870b                main
 .text          0x0000000000018a3d       0x92 build/cooja/mtype447.a(autostart.o)
                0x0000000000018a3d                autostart_start
                0x0000000000018a87                autostart_exit
 .text          0x0000000000018acf      0x355 build/cooja/mtype447.a(ctimer.o)
                0x0000000000018bf7                ctimer_init
                0x0000000000018c2a                ctimer_set
                0x0000000000018c50                ctimer_set_with_process
                0x0000000000018ccd                ctimer_reset
                0x0000000000018d21                ctimer_restart
                0x0000000000018d75                ctimer_stop
                0x0000000000018dc5                ctimer_expired
 .text          0x0000000000018e24      0x394 build/cooja/mtype447.a(log.o)
                0x0000000000018e24                log_6addr
                0x0000000000018e77                log_6addr_compact_snprint
                0x0000000000018f15                log_6addr_compact
                0x0000000000018f68                log_lladdr
                0x0000000000018fda                log_lladdr_compact
                0x0000000000019042                log_set_level
                0x00000000000190fd                log_get_level
                0x0000000000019176                log_level_to_str
 .text          0x00000000000191b8       0x1b build/cooja/mtype447.a(energest.o)
                0x00000000000191b8                energest_init
                0x00000000000191be                energest_flush
                0x00000000000191c4                energest_get_total_time
 .text          0x00000000000191d3      0x43f build/cooja/mtype447.a(etimer.o)
                0x00000000000193f7                etimer_request_poll
                0x0000000000019480                etimer_set
                0x00000000000194a9                etimer_reset_with_new_interval
                0x00000000000194d8                etimer_reset
                0x00000000000194fe                etimer_restart
                0x0000000000019524                etimer_adjust
                0x0000000000019541                etimer_expired
                0x0000000000019554                etimer_expiration_time
                0x0000000000019566                etimer_start_time
                0x0000000000019570                etimer_pending
                0x0000000000019582                etimer_next_expiration_time
                0x000000000001959c                etimer_stop
 .text          0x0000000000019612       0x25 build/cooja/mtype447.a(node-id.o)
                0x0000000000019612                node_id_init
 .text          0x0000000000019637       0xeb build/cooja/mtype447.a(rtimer.o)
                0x0000000000019637                rtimer_init
                0x0000000000019645                rtimer_set
                0x00000000000196c0                rtimer_run_next
 .text          0x0000000000019722      0x4fb build/cooja/mtype447.a(process.o)
                0x0000000000019722                process_alloc_event
                0x0000000000019737                process_start
                0x0000000000019911                process_exit
                0x000000000001992e                process_init
                0x0000000000019ac3                process_run
                0x0000000000019af6                process_nevents
                0x0000000000019b11                process_post
                0x0000000000019ba4                process_post_synch
                0x0000000000019bd9                process_poll
                0x0000000000019c09                process_is_running
 .text          0x0000000000019c1d       0xb1 build/cooja/mtype447.a(timer.o)
                0x0000000000019c1d                timer_set
                0x0000000000019c3b                timer_reset
                0x0000000000019c68                timer_restart
                0x0000000000019c7d                timer_expired
                0x0000000000019caa                timer_remaining
 .text          0x0000000000019cce      0x28f build/cooja/mtype447.a(list.o)
                0x0000000000019cce                list_init
                0x0000000000019cdd                list_head
                0x0000000000019ce7                list_copy
                0x0000000000019cf7                list_tail
                0x0000000000019d2d                list_add
                0x0000000000019d79                list_push
                0x0000000000019da5                list_chop
                0x0000000000019e0f                list_pop
                0x0000000000019e37                list_remove
                0x0000000000019e9f                list_length
                0x0000000000019ecd                list_insert
                0x0000000000019f12                list_item_next
                0x0000000000019f29                list_contains
 .text          0x0000000000019f5d      0x1b5 build/cooja/mtype447.a(memb.o)
                0x0000000000019f5d                memb_init
                0x0000000000019fb2                memb_alloc
                0x000000000001a015                memb_free
                0x000000000001a08c                memb_inmemb
                0x000000000001a0cb                memb_numfree
 .text          0x000000000001a112      0x41c build/cooja/mtype447.a(button-hal.o)
                0x000000000001a28b                button_hal_get_by_id
                0x000000000001a2c9                button_hal_get_by_index
                0x000000000001a2f5                button_hal_get_state
                0x000000000001a347                button_hal_init
 .text          0x000000000001a52e      0x1f3 build/cooja/mtype447.a(serial-line.o)
                0x000000000001a52e                serial_line_input_byte
                0x000000000001a6ec                serial_line_init
 .text          0x000000000001a721      0x168 build/cooja/mtype447.a(gpio-hal.o)
                0x000000000001a721                gpio_hal_register_handler
                0x000000000001a73e                gpio_hal_event_handler
                0x000000000001a79a                gpio_hal_init
                0x000000000001a7b9                gpio_hal_arch_port_toggle_pin
                0x000000000001a7f5                gpio_hal_arch_port_toggle_pins
                0x000000000001a823                gpio_hal_arch_no_port_toggle_pin
                0x000000000001a861                gpio_hal_arch_no_port_toggle_pins
 .text          0x000000000001a889      0x2e7 build/cooja/mtype447.a(queuebuf.o)
                0x000000000001a893                queuebuf_init
                0x000000000001a8bc                queuebuf_numfree
                0x000000000001a8d4                queuebuf_new_from_packetbuf
                0x000000000001a973                queuebuf_update_attr_from_packetbuf
                0x000000000001a9a8                queuebuf_update_from_packetbuf
                0x000000000001a9f8                queuebuf_free
                0x000000000001aa41                queuebuf_to_packetbuf
                0x000000000001aaad                queuebuf_dataptr
                0x000000000001aae7                queuebuf_datalen
                0x000000000001ab0a                queuebuf_addr
                0x000000000001ab3f                queuebuf_attr
                0x000000000001ab6a                queuebuf_debug_print
 .text          0x000000000001ab70      0x407 build/cooja/mtype447.a(packetbuf.o)
                0x000000000001ab70                packetbuf_clear
                0x000000000001ab9b                packetbuf_copyfrom
                0x000000000001abea                packetbuf_copyto
                0x000000000001ac7d                packetbuf_hdralloc
                0x000000000001acf9                packetbuf_hdrreduce
                0x000000000001ad3f                packetbuf_set_datalen
                0x000000000001ad59                packetbuf_dataptr
                0x000000000001ad76                packetbuf_hdrptr
                0x000000000001ad80                packetbuf_datalen
                0x000000000001ad8c                packetbuf_hdrlen
                0x000000000001ada3                packetbuf_totlen
                0x000000000001adb9                packetbuf_remaininglen
                0x000000000001adcc                packetbuf_attr_clear
                0x000000000001ae18                packetbuf_attr_copyto
                0x000000000001ae70                packetbuf_attr_copyfrom
                0x000000000001aec8                packetbuf_set_attr
                0x000000000001aef2                packetbuf_attr
                0x000000000001af0c                packetbuf_set_addr
                0x000000000001af3d                packetbuf_addr
                0x000000000001af5a                packetbuf_holds_broadcast
 .text          0x000000000001af77       0xef build/cooja/mtype447.a(netstack.o)
                0x000000000001af77                netstack_process_ip_callback
                0x000000000001b008                netstack_ip_packet_processor_add
                0x000000000001b02b                uip_ds6_ip_packet_processor_rm
                0x000000000001b048                netstack_init
 .text          0x000000000001b066       0x4f build/cooja/mtype447.a(linkaddr.o)
                0x000000000001b066                linkaddr_copy
                0x000000000001b07c                linkaddr_cmp
                0x000000000001b09f                linkaddr_set_node_addr
 .text          0x000000000001b0b5      0x1f6 build/cooja/mtype447.a(csma.o)
 .text          0x000000000001b2ab      0x95d build/cooja/mtype447.a(csma-output.o)
                0x000000000001b942                csma_output_packet
                0x000000000001bbcf                csma_output_init
 .text          0x000000000001bc08      0xc11 build/cooja/mtype447.a(uip-ds6.o)
                0x000000000001bc08                uip_ds6_default_prefix
                0x000000000001bc12                uip_ds6_set_default_prefix
                0x000000000001bc3d                uip_ds6_init
                0x000000000001be9f                uip_ds6_periodic
                0x000000000001bf26                uip_ds6_list_loop
                0x000000000001bfe6                uip_ds6_prefix_add
                0x000000000001c092                uip_ds6_prefix_rm
                0x000000000001c0a5                uip_ds6_prefix_lookup
                0x000000000001c0e4                uip_ds6_is_addr_onlink
                0x000000000001c157                uip_ds6_addr_add
                0x000000000001c277                uip_ds6_addr_rm
                0x000000000001c320                uip_ds6_addr_lookup
                0x000000000001c359                uip_ds6_get_link_local
                0x000000000001c3da                uip_ds6_get_global
                0x000000000001c45b                uip_ds6_maddr_add
                0x000000000001c4bb                uip_ds6_maddr_rm
                0x000000000001c4ce                uip_ds6_maddr_lookup
                0x000000000001c507                uip_ds6_aaddr_add
                0x000000000001c567                uip_ds6_aaddr_rm
                0x000000000001c57a                uip_ds6_aaddr_lookup
                0x000000000001c5b3                uip_ds6_select_src
                0x000000000001c6fc                uip_ds6_set_addr_iid
                0x000000000001c727                uip_ds6_set_lladdr_from_iid
                0x000000000001c750                get_match_length
                0x000000000001c7e1                uip_ds6_compute_reachable_time
 .text          0x000000000001c819      0x128 build/cooja/mtype447.a(uip-udp-packet.)
                0x000000000001c819                uip_udp_packet_send
                0x000000000001c874                uip_udp_packet_sendto
 .text          0x000000000001c941      0x35b build/cooja/mtype447.a(uip-ds6-route.o)
                0x000000000001c992                uip_ds6_route_init
                0x000000000001c9bc                uip_ds6_route_nexthop
                0x000000000001c9c6                uip_ds6_route_head
                0x000000000001c9d0                uip_ds6_route_next
                0x000000000001c9da                uip_ds6_route_is_nexthop
                0x000000000001c9e4                uip_ds6_route_num_routes
                0x000000000001c9ee                uip_ds6_route_lookup
                0x000000000001c9f8                uip_ds6_route_add
                0x000000000001ca0b                uip_ds6_route_rm
                0x000000000001ca11                uip_ds6_route_rm_by_nexthop
                0x000000000001ca17                uip_ds6_defrt_head
                0x000000000001ca30                uip_ds6_defrt_add
                0x000000000001cade                uip_ds6_defrt_rm
                0x000000000001cb44                uip_ds6_defrt_lookup
                0x000000000001cbab                uip_ds6_defrt_choose
                0x000000000001cc21                uip_ds6_defrt_periodic
 .text          0x000000000001cc9c      0x6f7 build/cooja/mtype447.a(tcpip.o)
                0x000000000001ccb6                tcpip_output
                0x000000000001cd35                udp_attach
                0x000000000001cd4d                udp_new
                0x000000000001cd97                udp_broadcast_new
                0x000000000001cf09                tcpip_input
                0x000000000001d099                tcpip_ipv6_output
                0x000000000001d28d                tcpip_poll_udp
                0x000000000001d2ab                tcpip_uipcall
 .text          0x000000000001d393     0x1205 build/cooja/mtype447.a(uip6.o)
                0x000000000001d442                uip_chksum
                0x000000000001d519                uip_icmp6chksum
                0x000000000001d52e                uip_udpchksum
                0x000000000001d543                uip_init
                0x000000000001d58c                uip_remove_ext_hdr
                0x000000000001d666                uip_udp_new
                0x000000000001d97a                uip_process
                0x000000000001e472                uip_htons
                0x000000000001e494                uip_htonl
                0x000000000001e4d2                uip_send
 .text          0x000000000001e598      0x369 build/cooja/mtype447.a(uip-ds6-nbr.o)
                0x000000000001e598                uip_ds6_neighbors_init
                0x000000000001e5bc                uip_ds6_nbr_add
                0x000000000001e642                uip_ds6_nbr_rm
                0x000000000001e68d                uip_ds6_nbr_update_ll
                0x000000000001e77b                uip_ds6_nbr_get_ipaddr
                0x000000000001e790                uip_ds6_nbr_get_ll
                0x000000000001e7ac                uip_ds6_nbr_num
                0x000000000001e7f5                uip_ds6_nbr_head
                0x000000000001e80e                uip_ds6_nbr_next
                0x000000000001e82a                uip_ds6_nbr_lookup
                0x000000000001e882                uip_ds6_nbr_ll_lookup
                0x000000000001e89e                uip_ds6_nbr_ipaddr_from_lladdr
                0x000000000001e8c7                uip_ds6_nbr_lladdr_from_ipaddr
                0x000000000001e8fb                uip_ds6_link_callback
 .text          0x000000000001e901      0x6a7 build/cooja/mtype447.a(uip-nd6.o)
                0x000000000001ef8f                uip_nd6_init
 .text          0x000000000001efa8      0x3b0 build/cooja/mtype447.a(simple-udp.o)
                0x000000000001efd5                simple_udp_send
                0x000000000001f038                simple_udp_sendto
                0x000000000001f093                simple_udp_sendto_port
                0x000000000001f0ec                simple_udp_register
 .text          0x000000000001f358     0x2c17 build/cooja/mtype447.a(sicslowpan.o)
                0x000000000001f95f                netstack_sniffer_add
                0x000000000001f96d                netstack_sniffer_remove
                0x0000000000021f43                sicslowpan_init
                0x0000000000021f65                sicslowpan_get_last_rssi
 .text          0x0000000000021f6f      0x4d1 build/cooja/mtype447.a(uiplib.o)
                0x0000000000021f6f                uiplib_ip6addrconv
                0x0000000000022127                uiplib_ip4addrconv
                0x00000000000221ea                uiplib_ipaddr_print
                0x000000000002223d                uiplib_ipaddr_snprint
 .text          0x0000000000022440      0x4c9 build/cooja/mtype447.a(rpl.o)
                0x0000000000022440                rpl_lollipop_greater_than
                0x000000000002249a                rpl_get_global_address
                0x0000000000022592                rpl_link_callback
                0x00000000000225d6                rpl_has_joined
                0x00000000000225fb                rpl_is_reachable
                0x000000000002267c                rpl_reset_prefix
                0x00000000000226e6                rpl_set_prefix_from_addr
                0x00000000000227cb                rpl_set_prefix
                0x00000000000228e5                rpl_set_leaf_only
                0x00000000000228fd                rpl_get_leaf_only
 .text          0x0000000000022909     0x138c build/cooja/mtype447.a(rpl-icmp6.o)
                0x0000000000022a2e                rpl_icmp6_update_nbr_table
                0x0000000000022ab7                rpl_icmp6_dis_output
                0x00000000000230fd                rpl_icmp6_dio_output
                0x00000000000238fb                rpl_icmp6_dao_output
                0x0000000000023bdc                rpl_icmp6_dao_ack_output
                0x0000000000023c4c                rpl_icmp6_init
 .text          0x0000000000023c95      0x264 build/cooja/mtype447.a(rpl-dag-root.o)
                0x0000000000023c95                rpl_dag_root_print_links
                0x0000000000023dc1                rpl_dag_root_set_prefix
                0x0000000000023ded                rpl_dag_root_start
                0x0000000000023eca                rpl_dag_root_is_root
 .text          0x0000000000023ef9       0x30 build/cooja/mtype447.a(watchdog.o)
                0x0000000000023ef9                watchdog_init
                0x0000000000023eff                watchdog_start
                0x0000000000023f05                watchdog_periodic
                0x0000000000023f1d                watchdog_stop
                0x0000000000023f23                watchdog_reboot
 .text          0x0000000000023f29       0x4a build/cooja/mtype447.a(int-master.o)
                0x0000000000023f29                int_master_enable
                0x0000000000023f39                int_master_read_and_disable
                0x0000000000023f56                int_master_status_set
                0x0000000000023f64                int_master_is_enabled
 .text          0x0000000000023f73      0x226 build/cooja/mtype447.a(coap-timer-defa)
 .text          0x0000000000024199       0xc7 build/cooja/mtype447.a(stimer.o)
                0x0000000000024199                stimer_set
                0x00000000000241b7                stimer_reset
                0x00000000000241e4                stimer_restart
                0x00000000000241f9                stimer_expired
                0x0000000000024224                stimer_remaining
                0x0000000000024248                stimer_elapsed
 .text          0x0000000000024260      0x156 build/cooja/mtype447.a(ringbuf.o)
                0x0000000000024260                ringbuf_init
                0x0000000000024292                ringbuf_put
                0x0000000000024310                ringbuf_get
                0x000000000002437d                ringbuf_size
                0x000000000002438f                ringbuf_elements
 .text          0x00000000000243b6       0x1f build/cooja/mtype447.a(assert.o)
                0x00000000000243b6                _xassert
 .text          0x00000000000243d5      0x79b build/cooja/mtype447.a(nbr-table.o)
                0x000000000002484e                nbr_table_register
                0x00000000000248bb                nbr_table_is_registered
                0x00000000000248f6                nbr_table_head
                0x0000000000024951                nbr_table_next
                0x00000000000249b2                nbr_table_add_lladdr
                0x0000000000024a8c                nbr_table_get_from_lladdr
                0x0000000000024ad8                nbr_table_remove
                0x0000000000024b10                nbr_table_lock
                0x0000000000024b2a                nbr_table_unlock
                0x0000000000024b44                nbr_table_get_lladdr
 .text          0x0000000000024b70      0x3a5 build/cooja/mtype447.a(link-stats.o)
                0x0000000000024b70                link_stats_from_lladdr
                0x0000000000024b8c                link_stats_get_lladdr
                0x0000000000024ba8                link_stats_is_fresh
                0x0000000000024be4                guess_etx_from_rssi
                0x0000000000024c60                link_stats_packet_sent
                0x0000000000024d80                link_stats_input_callback
                0x0000000000024e90                link_stats_reset
                0x0000000000024ee0                link_stats_init
 .text          0x0000000000024f15      0x187 build/cooja/mtype447.a(mac-sequence.o)
                0x0000000000024f15                mac_sequence_is_duplicate
                0x0000000000024fb5                mac_sequence_register_seqno
 .text          0x000000000002509c       0x23 build/cooja/mtype447.a(mac.o)
                0x000000000002509c                mac_call_sent_callback
 .text          0x00000000000250bf      0x432 build/cooja/mtype447.a(framer-802154.o)
                0x000000000002524e                framer_802154_setup_params
 .text          0x00000000000254f1      0xb6f build/cooja/mtype447.a(frame802154.o)
                0x0000000000025522                frame802154_get_pan_id
                0x000000000002552e                frame802154_set_pan_id
                0x0000000000025548                frame802154_has_panid
                0x00000000000256f7                frame802154_check_dest_panid
                0x000000000002577f                frame802154_is_broadcast_addr
                0x00000000000257cc                frame802154_extract_linkaddr
                0x0000000000025a31                frame802154_hdrlen
                0x0000000000025aa4                frame802154_create_fcf
                0x0000000000025b5c                frame802154_create
                0x0000000000025cd1                frame802154_parse_fcf
                0x0000000000025db3                frame802154_parse
 .text          0x0000000000026060       0x2d build/cooja/mtype447.a(csma-security.o)
                0x0000000000026060                csma_security_create_frame
                0x000000000002607e                csma_security_parse_frame
 .text          0x000000000002608d      0x4e4 build/cooja/mtype447.a(uipbuf.o)
                0x000000000002608d                uipbuf_clear
                0x00000000000260b4                uipbuf_add_ext_hdr
                0x0000000000026134                uipbuf_set_len
                0x0000000000026161                uipbuf_set_len_field
                0x000000000002618d                uipbuf_get_len_field
                0x00000000000261ad                uipbuf_get_next_header
                0x00000000000262df                uipbuf_get_last_header
                0x0000000000026358                uipbuf_search_header
                0x000000000002640e                uipbuf_get_attr
                0x0000000000026435                uipbuf_set_attr
                0x000000000002646c                uipbuf_set_default_attr
                0x00000000000264a3                uipbuf_clear_attr
                0x00000000000264c7                uipbuf_set_attr_flag
                0x00000000000264e8                uipbuf_clr_attr_flag
                0x000000000002650f                uipbuf_is_attr_flag
                0x0000000000026533                uipbuf_init
 .text          0x0000000000026571      0x73f build/cooja/mtype447.a(uip-icmp6.o)
                0x00000000000265e6                uip_icmp6_input
                0x000000000002663d                uip_icmp6_register_input_handler
                0x0000000000026790                uip_icmp6_error_output
                0x0000000000026a41                uip_icmp6_send
                0x0000000000026c38                uip_icmp6_echo_reply_callback_add
                0x0000000000026c6a                uip_icmp6_echo_reply_callback_rm
                0x0000000000026c87                uip_icmp6_init
 .text          0x0000000000026cb0      0x69b build/cooja/mtype447.a(uip-sr.o)
                0x0000000000026cb0                uip_sr_num_nodes
                0x0000000000026d3e                uip_sr_get_node
                0x0000000000026d95                uip_sr_is_addr_reachable
                0x0000000000026e43                uip_sr_expire_parent
                0x0000000000026e8c                uip_sr_update_node
                0x0000000000026fbc                uip_sr_init
                0x0000000000026ff0                uip_sr_node_head
                0x0000000000027009                uip_sr_node_next
                0x000000000002701f                uip_sr_periodic
                0x0000000000027125                uip_sr_free_all
                0x0000000000027195                uip_sr_link_snprint
 .text          0x000000000002734b      0x146 build/cooja/mtype447.a(uip-packetqueue)
                0x0000000000027379                uip_packetqueue_new
                0x0000000000027388                uip_packetqueue_alloc
                0x00000000000273e3                uip_packetqueue_free
                0x000000000002742a                uip_packetqueue_buf
                0x0000000000027447                uip_packetqueue_buflen
                0x0000000000027468                uip_packetqueue_set_buflen
 .text          0x0000000000027491      0x1b0 build/cooja/mtype447.a(rpl-nbr-policy.)
                0x00000000000275fe                rpl_nbr_policy_find_removable
 .text          0x0000000000027641      0x915 build/cooja/mtype447.a(rpl-neighbor.o)
                0x00000000000276bd                rpl_neighbor_snprint
                0x0000000000027970                rpl_neighbor_print_list
                0x0000000000027a25                rpl_neighbor_count
                0x0000000000027acc                rpl_neighbor_get_from_lladdr
                0x0000000000027ae8                rpl_neighbor_is_acceptable_parent
                0x0000000000027b1c                rpl_neighbor_get_link_metric
                0x0000000000027b50                rpl_neighbor_rank_via_nbr
                0x0000000000027b84                rpl_neighbor_get_lladdr
                0x0000000000027ba0                rpl_neighbor_get_ipaddr
                0x0000000000027bc7                rpl_neighbor_get_link_stats
                0x0000000000027bee                rpl_neighbor_is_fresh
                0x0000000000027c15                rpl_neighbor_is_reachable
                0x0000000000027c60                rpl_neighbor_is_parent
                0x0000000000027c8a                rpl_neighbor_set_preferred_parent
                0x0000000000027d21                rpl_neighbor_remove_all
                0x0000000000027d7d                rpl_neighbor_get_from_ipaddr
                0x0000000000027e8b                rpl_neighbor_select_best
                0x0000000000027f37                rpl_neighbor_init
 .text          0x0000000000027f56      0xe69 build/cooja/mtype447.a(rpl-dag.o)
                0x0000000000027f56                rpl_dag_state_to_str
                0x0000000000027f95                rpl_dag_get_root_ipaddr
                0x0000000000027fdd                rpl_dag_leave
                0x0000000000028066                rpl_dag_poison_and_leave
                0x000000000002807e                rpl_dag_periodic
                0x0000000000028106                rpl_is_addr_in_our_dag
                0x000000000002814a                rpl_get_default_instance
                0x0000000000028166                rpl_get_any_dag
                0x00000000000281bf                rpl_refresh_routes
                0x00000000000281ff                rpl_global_repair
                0x0000000000028298                rpl_local_repair
                0x00000000000282e2                rpl_dag_ready_to_advertise
                0x0000000000028325                rpl_dag_update_state
                0x0000000000028a52                rpl_process_dio
                0x0000000000028ad0                rpl_process_dis
                0x0000000000028b15                rpl_process_dao
                0x0000000000028ba4                rpl_process_dao_ack
                0x0000000000028c3b                rpl_process_hbh
                0x0000000000028c8b                rpl_dag_init_root
                0x0000000000028d9f                rpl_dag_init
 .text          0x0000000000028dbf      0x9e7 build/cooja/mtype447.a(rpl-timers.o)
                0x0000000000028dbf                rpl_timers_schedule_periodic_dis
                0x0000000000028f0d                rpl_timers_dio_reset
                0x000000000002901b                rpl_timers_schedule_unicast_dio
                0x000000000002916f                rpl_timers_schedule_dao
                0x000000000002922e                rpl_timers_schedule_dao_ack
                0x00000000000292b4                rpl_timers_notify_dao_ack
                0x0000000000029312                get_probing_delay
                0x0000000000029346                get_probing_target
                0x0000000000029530                rpl_schedule_probing
                0x000000000002955e                rpl_schedule_probing_now
                0x00000000000295c8                rpl_timers_unschedule_leaving
                0x0000000000029600                rpl_timers_schedule_leaving
                0x0000000000029641                rpl_timers_init
                0x00000000000296d1                rpl_timers_stop_dag_timers
                0x000000000002974a                rpl_timers_unschedule_state_update
                0x000000000002976e                rpl_timers_schedule_state_update
 .text          0x00000000000297a6      0xb8e build/cooja/mtype447.a(rpl-ext-header.)
                0x00000000000297a6                rpl_ext_header_srh_get_next_hop
                0x000000000002988d                rpl_ext_header_srh_update
                0x0000000000029df9                rpl_ext_header_hbh_update
                0x000000000002a0f9                rpl_ext_header_update
                0x000000000002a182                rpl_ext_header_remove
 .text          0x000000000002a334      0x31b build/cooja/mtype447.a(rpl-mrhof.o)
 *fill*         0x000000000002a64f        0x1 
 .text          0x000000000002a650      0x122 /usr/lib/gcc/i686-linux-gnu/5/libgcc.a(_udivdi3.o)
                0x000000000002a650                __udivdi3
 .text          0x000000000002a772        0x0 /usr/lib/gcc/i686-linux-gnu/5/crtendS.o
 .text          0x000000000002a772        0x0 /usr/lib/gcc/i686-linux-gnu/5/../../../i386-linux-gnu/crtn.o
 *(.gnu.warning)

.fini           0x000000000002a774       0x14
 *(SORT(.fini))
 .fini          0x000000000002a774        0xf /usr/lib/gcc/i686-linux-gnu/5/../../../i386-linux-gnu/crti.o
                0x000000000002a774                _fini
 .fini          0x000000000002a783        0x5 /usr/lib/gcc/i686-linux-gnu/5/../../../i386-linux-gnu/crtn.o
                [!provide]                        PROVIDE (__etext, .)
                [!provide]                        PROVIDE (_etext, .)
                [!provide]                        PROVIDE (etext, .)

.rodata         0x000000000002a7a0      0xbab
 *(.rodata .rodata.* .gnu.linkonce.r.*)
 .rodata        0x000000000002a7a0      0x1ae temperature.o
                0x000000000002a7c4                autostart_processes
 *fill*         0x000000000002a94e        0x2 
 .rodata        0x000000000002a950        0x8 build/cooja/mtype447.a(beep.o)
                0x000000000002a950                beep_interface
 .rodata        0x000000000002a958        0xe build/cooja/mtype447.a(leds-arch.o)
                0x000000000002a958                leds_interface
                0x000000000002a960                leds_arch_leds
 *fill*         0x000000000002a966        0x2 
 .rodata        0x000000000002a968        0x8 build/cooja/mtype447.a(moteid.o)
                0x000000000002a968                moteid_interface
 .rodata        0x000000000002a970       0x1c build/cooja/mtype447.a(pir-sensor.o)
                0x000000000002a970                pir_interface
                0x000000000002a97c                pir_sensor
 .rodata        0x000000000002a98c        0xe build/cooja/mtype447.a(rs232.o)
                0x000000000002a98c                rs232_interface
 *fill*         0x000000000002a99a        0x2 
 .rodata        0x000000000002a99c       0x24 build/cooja/mtype447.a(vib-sensor.o)
                0x000000000002a99c                vib_interface
                0x000000000002a9b0                vib_sensor
 .rodata        0x000000000002a9c0        0x8 build/cooja/mtype447.a(clock.o)
                0x000000000002a9c0                clock_interface
 .rodata        0x000000000002a9c8        0x8 build/cooja/mtype447.a(cooja-log.o)
                0x000000000002a9c8                simlog_interface
 .rodata        0x000000000002a9d0       0x2f build/cooja/mtype447.a(cfs-cooja.o)
                0x000000000002a9d0                cfs_interface
 *fill*         0x000000000002a9ff        0x1 
 .rodata        0x000000000002aa00       0xb8 build/cooja/mtype447.a(cooja-radio.o)
                0x000000000002aa00                radio_interface
                0x000000000002aa80                cooja_radio_driver
 .rodata        0x000000000002aab8        0x8 build/cooja/mtype447.a(eeprom.o)
                0x000000000002aab8                eeprom_interface
 .rodata        0x000000000002aac0        0x8 build/cooja/mtype447.a(sensors.o)
 .rodata        0x000000000002aac8       0x2c build/cooja/mtype447.a(buttons.o)
                0x000000000002aac8                button_interface
                0x000000000002aadc                button_hal_button_count
                0x000000000002aae4                button_sensor
 .rodata        0x000000000002aaf4       0x90 build/cooja/mtype447.a(res_temperature)
 .rodata        0x000000000002ab84       0x41 build/cooja/mtype447.a(coap-engine.o)
 .rodata        0x000000000002abc5       0x19 build/cooja/mtype447.a(coap-res-well-k)
 .rodata        0x000000000002abde       0x11 build/cooja/mtype447.a(coap-observe.o)
 .rodata        0x000000000002abef       0x35 build/cooja/mtype447.a(coap-uip.o)
 .rodata        0x000000000002ac24      0x1ac build/cooja/mtype447.a(coap.o)
 .rodata        0x000000000002add0       0xf4 build/cooja/mtype447.a(contiki-main.o)
 .rodata        0x000000000002aec4        0xf build/cooja/mtype447.a(ctimer.o)
 *fill*         0x000000000002aed3        0x1 
 .rodata        0x000000000002aed4       0xc4 build/cooja/mtype447.a(log.o)
 .rodata        0x000000000002af98        0xc build/cooja/mtype447.a(etimer.o)
 .rodata        0x000000000002afa4       0x13 build/cooja/mtype447.a(button-hal.o)
 .rodata        0x000000000002afb7        0xe build/cooja/mtype447.a(serial-line.o)
 *fill*         0x000000000002afc5        0x3 
 .rodata        0x000000000002afc8        0x8 build/cooja/mtype447.a(linkaddr.o)
                0x000000000002afc8                linkaddr_null
 .rodata        0x000000000002afd0       0x24 build/cooja/mtype447.a(csma.o)
                0x000000000002afd8                csma_driver
 .rodata        0x000000000002aff4       0x2a build/cooja/mtype447.a(csma-output.o)
 *fill*         0x000000000002b01e        0x2 
 .rodata        0x000000000002b020       0x4d build/cooja/mtype447.a(uip-ds6-route.o)
 .rodata        0x000000000002b06d        0xd build/cooja/mtype447.a(tcpip.o)
 .rodata        0x000000000002b07a       0x13 build/cooja/mtype447.a(simple-udp.o)
 *fill*         0x000000000002b08d        0x3 
 .rodata        0x000000000002b090       0x30 build/cooja/mtype447.a(sicslowpan.o)
                0x000000000002b090                unc_llconf
                0x000000000002b094                unc_ctxconf
                0x000000000002b098                unc_mxconf
                0x000000000002b09c                llprefix
                0x000000000002b0b0                sicslowpan_driver
 .rodata        0x000000000002b0c0       0x2d build/cooja/mtype447.a(uiplib.o)
 *fill*         0x000000000002b0ed       0x13 
 .rodata        0x000000000002b100       0x74 build/cooja/mtype447.a(rpl.o)
                0x000000000002b120                rpl_lite_driver
 .rodata        0x000000000002b174       0x20 build/cooja/mtype447.a(coap-timer-defa)
                0x000000000002b188                coap_timer_default_driver
 .rodata        0x000000000002b194       0x25 build/cooja/mtype447.a(assert.o)
 *fill*         0x000000000002b1b9        0x3 
 .rodata        0x000000000002b1bc        0xc build/cooja/mtype447.a(framer-802154.o)
                0x000000000002b1bc                framer_802154
 .rodata        0x000000000002b1c8       0x44 build/cooja/mtype447.a(uip-sr.o)
 .rodata        0x000000000002b20c       0x58 build/cooja/mtype447.a(rpl-neighbor.o)
 .rodata        0x000000000002b264       0xdb build/cooja/mtype447.a(rpl-dag.o)
 .rodata        0x000000000002b33f        0xc build/cooja/mtype447.a(rpl-timers.o)

.rodata1
 *(.rodata1)

.eh_frame_hdr   0x000000000002b34c     0x1a24
 *(.eh_frame_hdr)
 .eh_frame_hdr  0x000000000002b34c     0x1a24 temperature.o
                0x000000000002b34c                __GNU_EH_FRAME_HDR
 *(.eh_frame_entry .eh_frame_entry.*)

.eh_frame       0x000000000002cd70     0x6a34
 *(.eh_frame)
 .eh_frame      0x000000000002cd70       0x3c /usr/lib/gcc/i686-linux-gnu/5/../../../i386-linux-gnu/crti.o
                                         0x40 (size before relaxing)
 .eh_frame      0x000000000002cdac       0xa0 temperature.o
                                         0xb8 (size before relaxing)
 .eh_frame      0x000000000002ce4c      0x178 build/cooja/mtype447.o
                                        0x190 (size before relaxing)
 .eh_frame      0x000000000002cfc4       0x40 build/cooja/mtype447.a(simEnvChange.o)
                                         0x58 (size before relaxing)
 .eh_frame      0x000000000002d004       0x60 build/cooja/mtype447.a(cooja_mt.o)
                                         0x78 (size before relaxing)
 .eh_frame      0x000000000002d064       0x80 build/cooja/mtype447.a(cooja_mtarch.o)
                                         0x98 (size before relaxing)
 .eh_frame      0x000000000002d0e4       0xc8 build/cooja/mtype447.a(rtimer-arch.o)
                                         0xe0 (size before relaxing)
 .eh_frame      0x000000000002d1ac      0x160 build/cooja/mtype447.a(beep.o)
                                        0x178 (size before relaxing)
 .eh_frame      0x000000000002d30c       0x80 build/cooja/mtype447.a(leds-arch.o)
                                         0x98 (size before relaxing)
 .eh_frame      0x000000000002d38c       0x40 build/cooja/mtype447.a(moteid.o)
                                         0x58 (size before relaxing)
 .eh_frame      0x000000000002d3cc       0xa0 build/cooja/mtype447.a(pir-sensor.o)
                                         0xb8 (size before relaxing)
 .eh_frame      0x000000000002d46c      0x100 build/cooja/mtype447.a(rs232.o)
                                        0x118 (size before relaxing)
 .eh_frame      0x000000000002d56c       0xa0 build/cooja/mtype447.a(vib-sensor.o)
                                         0xb8 (size before relaxing)
 .eh_frame      0x000000000002d60c       0xc0 build/cooja/mtype447.a(clock.o)
                                         0xd8 (size before relaxing)
 .eh_frame      0x000000000002d6cc      0x120 build/cooja/mtype447.a(cooja-log.o)
                                        0x138 (size before relaxing)
 .eh_frame      0x000000000002d7ec      0x160 build/cooja/mtype447.a(cfs-cooja.o)
                                        0x178 (size before relaxing)
 .eh_frame      0x000000000002d94c      0x340 build/cooja/mtype447.a(cooja-radio.o)
                                        0x358 (size before relaxing)
 .eh_frame      0x000000000002dc8c       0xa0 build/cooja/mtype447.a(eeprom.o)
                                         0xb8 (size before relaxing)
 .eh_frame      0x000000000002dd2c       0x40 build/cooja/mtype447.a(random.o)
                                         0x58 (size before relaxing)
 .eh_frame      0x000000000002dd6c       0xc0 build/cooja/mtype447.a(sensors.o)
                                         0xd8 (size before relaxing)
 .eh_frame      0x000000000002de2c      0x120 build/cooja/mtype447.a(leds.o)
                                        0x138 (size before relaxing)
 .eh_frame      0x000000000002df4c      0x220 build/cooja/mtype447.a(gpio-hal-arch.o)
                                        0x238 (size before relaxing)
 .eh_frame      0x000000000002e16c       0xa0 build/cooja/mtype447.a(buttons.o)
                                         0xb8 (size before relaxing)
 .eh_frame      0x000000000002e20c       0x78 build/cooja/mtype447.a(res_temperature)
                                         0x90 (size before relaxing)
 .eh_frame      0x000000000002e284       0x44 build/cooja/mtype447.a(coap-blocking-a)
                                         0x5c (size before relaxing)
 .eh_frame      0x000000000002e2c8      0x220 build/cooja/mtype447.a(coap-engine.o)
                                        0x238 (size before relaxing)
 .eh_frame      0x000000000002e4e8       0x24 build/cooja/mtype447.a(coap-res-well-k)
                                         0x3c (size before relaxing)
 .eh_frame      0x000000000002e50c      0x188 build/cooja/mtype447.a(coap-observe.o)
                                        0x1a0 (size before relaxing)
 .eh_frame      0x000000000002e694      0x250 build/cooja/mtype447.a(coap-uip.o)
                                        0x268 (size before relaxing)
 .eh_frame      0x000000000002e8e4      0x114 build/cooja/mtype447.a(coap-timer.o)
                                        0x12c (size before relaxing)
 .eh_frame      0x000000000002e9f8      0x100 build/cooja/mtype447.a(coap-transactio)
                                        0x118 (size before relaxing)
 .eh_frame      0x000000000002eaf8      0x6ec build/cooja/mtype447.a(coap.o)
                                        0x704 (size before relaxing)
 .eh_frame      0x000000000002f1e4       0x30 build/cooja/mtype447.a(contiki-main.o)
                                         0x48 (size before relaxing)
 .eh_frame      0x000000000002f214       0x40 build/cooja/mtype447.a(autostart.o)
                                         0x58 (size before relaxing)
 .eh_frame      0x000000000002f254      0x100 build/cooja/mtype447.a(ctimer.o)
                                        0x118 (size before relaxing)
 .eh_frame      0x000000000002f354      0x100 build/cooja/mtype447.a(log.o)
                                        0x118 (size before relaxing)
 .eh_frame      0x000000000002f454       0x60 build/cooja/mtype447.a(energest.o)
                                         0x78 (size before relaxing)
 .eh_frame      0x000000000002f4b4      0x1e0 build/cooja/mtype447.a(etimer.o)
                                        0x1f8 (size before relaxing)
 .eh_frame      0x000000000002f694       0x20 build/cooja/mtype447.a(node-id.o)
                                         0x38 (size before relaxing)
 .eh_frame      0x000000000002f6b4       0x60 build/cooja/mtype447.a(rtimer.o)
                                         0x78 (size before relaxing)
 .eh_frame      0x000000000002f714      0x1c4 build/cooja/mtype447.a(process.o)
                                        0x1dc (size before relaxing)
 .eh_frame      0x000000000002f8d8       0xa4 build/cooja/mtype447.a(timer.o)
                                         0xbc (size before relaxing)
 .eh_frame      0x000000000002f97c      0x1a0 build/cooja/mtype447.a(list.o)
                                        0x1b8 (size before relaxing)
 .eh_frame      0x000000000002fb1c       0xa0 build/cooja/mtype447.a(memb.o)
                                         0xb8 (size before relaxing)
 .eh_frame      0x000000000002fbbc      0x144 build/cooja/mtype447.a(button-hal.o)
                                        0x15c (size before relaxing)
 .eh_frame      0x000000000002fd00       0x60 build/cooja/mtype447.a(serial-line.o)
                                         0x78 (size before relaxing)
 .eh_frame      0x000000000002fd60       0xe0 build/cooja/mtype447.a(gpio-hal.o)
                                         0xf8 (size before relaxing)
 .eh_frame      0x000000000002fe40      0x1a0 build/cooja/mtype447.a(queuebuf.o)
                                        0x1b8 (size before relaxing)
 .eh_frame      0x000000000002ffe0      0x28c build/cooja/mtype447.a(packetbuf.o)
                                        0x2a4 (size before relaxing)
 .eh_frame      0x000000000003026c       0x80 build/cooja/mtype447.a(netstack.o)
                                         0x98 (size before relaxing)
 .eh_frame      0x00000000000302ec       0x60 build/cooja/mtype447.a(linkaddr.o)
                                         0x78 (size before relaxing)
 .eh_frame      0x000000000003034c       0xe0 build/cooja/mtype447.a(csma.o)
                                         0xf8 (size before relaxing)
 .eh_frame      0x000000000003042c      0x1d0 build/cooja/mtype447.a(csma-output.o)
                                        0x1e8 (size before relaxing)
 .eh_frame      0x00000000000305fc      0x328 build/cooja/mtype447.a(uip-ds6.o)
                                        0x340 (size before relaxing)
 .eh_frame      0x0000000000030924       0x40 build/cooja/mtype447.a(uip-udp-packet.)
                                         0x58 (size before relaxing)
 .eh_frame      0x0000000000030964      0x220 build/cooja/mtype447.a(uip-ds6-route.o)
                                        0x238 (size before relaxing)
 .eh_frame      0x0000000000030b84      0x244 build/cooja/mtype447.a(tcpip.o)
                                        0x25c (size before relaxing)
 .eh_frame      0x0000000000030dc8      0x1e8 build/cooja/mtype447.a(uip6.o)
                                        0x200 (size before relaxing)
 .eh_frame      0x0000000000030fb0      0x1c0 build/cooja/mtype447.a(uip-ds6-nbr.o)
                                        0x1d8 (size before relaxing)
 .eh_frame      0x0000000000031170       0x84 build/cooja/mtype447.a(uip-nd6.o)
                                         0x9c (size before relaxing)
 .eh_frame      0x00000000000311f4       0xd4 build/cooja/mtype447.a(simple-udp.o)
                                         0xec (size before relaxing)
 .eh_frame      0x00000000000312c8      0x2f8 build/cooja/mtype447.a(sicslowpan.o)
                                        0x310 (size before relaxing)
 .eh_frame      0x00000000000315c0       0x88 build/cooja/mtype447.a(uiplib.o)
                                         0xa0 (size before relaxing)
 .eh_frame      0x0000000000031648      0x1e0 build/cooja/mtype447.a(rpl.o)
                                        0x1f8 (size before relaxing)
 .eh_frame      0x0000000000031828      0x1c4 build/cooja/mtype447.a(rpl-icmp6.o)
                                        0x1dc (size before relaxing)
 .eh_frame      0x00000000000319ec       0xa0 build/cooja/mtype447.a(rpl-dag-root.o)
                                         0xb8 (size before relaxing)
 .eh_frame      0x0000000000031a8c       0xa0 build/cooja/mtype447.a(watchdog.o)
                                         0xb8 (size before relaxing)
 .eh_frame      0x0000000000031b2c       0x80 build/cooja/mtype447.a(int-master.o)
                                         0x98 (size before relaxing)
 .eh_frame      0x0000000000031bac       0xa4 build/cooja/mtype447.a(coap-timer-defa)
                                         0xbc (size before relaxing)
 .eh_frame      0x0000000000031c50       0xc4 build/cooja/mtype447.a(stimer.o)
                                         0xdc (size before relaxing)
 .eh_frame      0x0000000000031d14       0xa0 build/cooja/mtype447.a(ringbuf.o)
                                         0xb8 (size before relaxing)
 .eh_frame      0x0000000000031db4       0x20 build/cooja/mtype447.a(assert.o)
                                         0x38 (size before relaxing)
 .eh_frame      0x0000000000031dd4      0x2ac build/cooja/mtype447.a(nbr-table.o)
                                        0x2c4 (size before relaxing)
 .eh_frame      0x0000000000032080      0x120 build/cooja/mtype447.a(link-stats.o)
                                        0x138 (size before relaxing)
 .eh_frame      0x00000000000321a0       0x48 build/cooja/mtype447.a(mac-sequence.o)
                                         0x60 (size before relaxing)
 .eh_frame      0x00000000000321e8       0x20 build/cooja/mtype447.a(mac.o)
                                         0x38 (size before relaxing)
 .eh_frame      0x0000000000032208       0xa4 build/cooja/mtype447.a(framer-802154.o)
                                         0xbc (size before relaxing)
 .eh_frame      0x00000000000322ac      0x1a4 build/cooja/mtype447.a(frame802154.o)
                                        0x1bc (size before relaxing)
 .eh_frame      0x0000000000032450       0x40 build/cooja/mtype447.a(csma-security.o)
                                         0x58 (size before relaxing)
 .eh_frame      0x0000000000032490      0x200 build/cooja/mtype447.a(uipbuf.o)
                                        0x218 (size before relaxing)
 .eh_frame      0x0000000000032690      0x150 build/cooja/mtype447.a(uip-icmp6.o)
                                        0x168 (size before relaxing)
 .eh_frame      0x00000000000327e0      0x184 build/cooja/mtype447.a(uip-sr.o)
                                        0x19c (size before relaxing)
 .eh_frame      0x0000000000032964       0xe0 build/cooja/mtype447.a(uip-packetqueue)
                                         0xf8 (size before relaxing)
 .eh_frame      0x0000000000032a44       0x80 build/cooja/mtype447.a(rpl-nbr-policy.)
                                         0x98 (size before relaxing)
 .eh_frame      0x0000000000032ac4      0x2d4 build/cooja/mtype447.a(rpl-neighbor.o)
                                        0x2ec (size before relaxing)
 .eh_frame      0x0000000000032d98      0x370 build/cooja/mtype447.a(rpl-dag.o)
                                        0x388 (size before relaxing)
 .eh_frame      0x0000000000033108      0x3a8 build/cooja/mtype447.a(rpl-timers.o)
                                        0x3c0 (size before relaxing)
 .eh_frame      0x00000000000334b0      0x124 build/cooja/mtype447.a(rpl-ext-header.)
                                        0x13c (size before relaxing)
 .eh_frame      0x00000000000335d4      0x148 build/cooja/mtype447.a(rpl-mrhof.o)
                                        0x160 (size before relaxing)
 .eh_frame      0x000000000003371c       0x84 /usr/lib/gcc/i686-linux-gnu/5/libgcc.a(_udivdi3.o)
                                         0x9c (size before relaxing)
 .eh_frame      0x00000000000337a0        0x4 /usr/lib/gcc/i686-linux-gnu/5/crtendS.o
 *(.eh_frame.*)

.gcc_except_table
 *(.gcc_except_table .gcc_except_table.*)

.gnu_extab
 *(.gnu_extab*)

.exception_ranges
 *(.exception_ranges .exception_ranges*)
                0x0000000000034f10                . = DATA_SEGMENT_ALIGN (0x1000, 0x1000)

.eh_frame
 *(.eh_frame)
 *(.eh_frame.*)

.gnu_extab
 *(.gnu_extab)

.gcc_except_table
 *(.gcc_except_table .gcc_except_table.*)

.exception_ranges
 *(.exception_ranges .exception_ranges*)

.tdata
 *(.tdata .tdata.* .gnu.linkonce.td.*)

.tbss
 *(.tbss .tbss.* .gnu.linkonce.tb.*)
 *(.tcommon)

.preinit_array
 *(.preinit_array)

.init_array     0x0000000000034f10        0x4
 *(SORT(.init_array.*) SORT(.ctors.*))
 *(.init_array EXCLUDE_FILE(*crtend?.o *crtend.o *crtbegin?.o *crtbegin.o) .ctors)
 .init_array    0x0000000000034f10        0x4 /usr/lib/gcc/i686-linux-gnu/5/crtbeginS.o

.fini_array     0x0000000000034f14        0x4
 *(SORT(.fini_array.*) SORT(.dtors.*))
 *(.fini_array EXCLUDE_FILE(*crtend?.o *crtend.o *crtbegin?.o *crtbegin.o) .dtors)
 .fini_array    0x0000000000034f14        0x4 /usr/lib/gcc/i686-linux-gnu/5/crtbeginS.o

.ctors
 *crtbegin.o(.ctors)
 *crtbegin?.o(.ctors)
 *(EXCLUDE_FILE(*crtend?.o *crtend.o) .ctors)
 *(SORT(.ctors.*))
 *(.ctors)

.dtors
 *crtbegin.o(.dtors)
 *crtbegin?.o(.dtors)
 *(EXCLUDE_FILE(*crtend?.o *crtend.o) .dtors)
 *(SORT(.dtors.*))
 *(.dtors)

.jcr            0x0000000000034f18        0x4
 *(.jcr)
 .jcr           0x0000000000034f18        0x0 /usr/lib/gcc/i686-linux-gnu/5/crtbeginS.o
 .jcr           0x0000000000034f18        0x4 /usr/lib/gcc/i686-linux-gnu/5/crtendS.o

.data.rel.ro
 *(.data.rel.ro.local* .gnu.linkonce.d.rel.ro.local.*)
 *(.data.rel.ro .data.rel.ro.* .gnu.linkonce.d.rel.ro.*)

.dynamic        0x0000000000034f1c       0xd0
 *(.dynamic)
 .dynamic       0x0000000000034f1c       0xd0 /usr/lib/gcc/i686-linux-gnu/5/../../../i386-linux-gnu/crti.o
                0x0000000000034f1c                _DYNAMIC

.got            0x0000000000034fec       0x14
 *(.got)
 .got           0x0000000000034fec       0x14 /usr/lib/gcc/i686-linux-gnu/5/../../../i386-linux-gnu/crti.o
 *(.igot)
                0x0000000000035ff4                . = DATA_SEGMENT_RELRO_END (., (SIZEOF (.got.plt) >= 0xc)?0xc:0x0)

.got.plt        0x0000000000035000        0xc
 *(.got.plt)
 .got.plt       0x0000000000035000        0xc /usr/lib/gcc/i686-linux-gnu/5/../../../i386-linux-gnu/crti.o
                0x0000000000035000                _GLOBAL_OFFSET_TABLE_
 *(.igot.plt)

.data           0x0000000000035020      0x484
 *(.data .data.* .gnu.linkonce.d.*)
 .data          0x0000000000035020        0x0 /usr/lib/gcc/i686-linux-gnu/5/../../../i386-linux-gnu/crti.o
 .data          0x0000000000035020        0x0 /usr/lib/gcc/i686-linux-gnu/5/crtbeginS.o
 .data.rel.local
                0x0000000000035020        0x4 /usr/lib/gcc/i686-linux-gnu/5/crtbeginS.o
                0x0000000000035020                __dso_handle
 .data          0x0000000000035024       0x30 temperature.o
                0x0000000000035024                udp_client
                0x0000000000035034                coap_client
                0x0000000000035044                coap_server
 *fill*         0x0000000000035054        0xc 
 .data          0x0000000000035060       0x44 build/cooja/mtype447.o
                0x0000000000035060                simInterfaces
                0x0000000000035094                sensors
 .data          0x00000000000350a4        0x0 build/cooja/mtype447.a(simEnvChange.o)
 .data          0x00000000000350a4        0x0 build/cooja/mtype447.a(cooja_mt.o)
 .data          0x00000000000350a4        0x0 build/cooja/mtype447.a(cooja_mtarch.o)
 .data          0x00000000000350a4        0x0 build/cooja/mtype447.a(rtimer-arch.o)
 .data          0x00000000000350a4        0x0 build/cooja/mtype447.a(beep.o)
 .data          0x00000000000350a4        0x0 build/cooja/mtype447.a(leds-arch.o)
 .data          0x00000000000350a4        0x0 build/cooja/mtype447.a(moteid.o)
 .data          0x00000000000350a4        0x0 build/cooja/mtype447.a(pir-sensor.o)
 .data          0x00000000000350a4        0x0 build/cooja/mtype447.a(rs232.o)
 .data          0x00000000000350a4        0x0 build/cooja/mtype447.a(vib-sensor.o)
 .data          0x00000000000350a4        0x0 build/cooja/mtype447.a(clock.o)
 .data          0x00000000000350a4        0x0 build/cooja/mtype447.a(cooja-log.o)
 .data          0x00000000000350a4        0x0 build/cooja/mtype447.a(cfs-cooja.o)
 .data          0x00000000000350a4       0x2c build/cooja/mtype447.a(cooja-radio.o)
                0x00000000000350a4                simRadioHWOn
                0x00000000000350a8                simSignalStrength
                0x00000000000350ac                simLastSignalStrength
                0x00000000000350b0                simPower
                0x00000000000350b4                simRadioChannel
                0x00000000000350b8                simLQI
                0x00000000000350c0                cooja_radio_process
 .data          0x00000000000350d0        0x0 build/cooja/mtype447.a(eeprom.o)
 .data          0x00000000000350d0        0x0 build/cooja/mtype447.a(random.o)
 .data          0x00000000000350d0       0x10 build/cooja/mtype447.a(sensors.o)
                0x00000000000350d0                sensors_process
 .data          0x00000000000350e0        0x0 build/cooja/mtype447.a(leds.o)
 .data          0x00000000000350e0        0x0 build/cooja/mtype447.a(gpio-hal-arch.o)
 .data          0x00000000000350e0       0x78 build/cooja/mtype447.a(buttons.o)
                0x00000000000350e0                simButtonIsActive
                0x0000000000035150                button_hal_buttons
 *fill*         0x0000000000035158        0x8 
 .data          0x0000000000035160       0x44 build/cooja/mtype447.a(res_temperature)
                0x0000000000035180                res_temperature
 .data          0x00000000000351a4        0x0 build/cooja/mtype447.a(coap-blocking-a)
 .data          0x00000000000351a4        0x8 build/cooja/mtype447.a(coap-engine.o)
 *fill*         0x00000000000351ac       0x14 
 .data          0x00000000000351c0       0x24 build/cooja/mtype447.a(coap-res-well-k)
                0x00000000000351c0                res_well_known_core
 .data          0x00000000000351e4       0x10 build/cooja/mtype447.a(coap-observe.o)
 .data          0x00000000000351f4       0x10 build/cooja/mtype447.a(coap-uip.o)
                0x00000000000351f4                coap_engine
 .data          0x0000000000035204        0x4 build/cooja/mtype447.a(coap-timer.o)
 .data          0x0000000000035208       0x10 build/cooja/mtype447.a(coap-transactio)
 .data          0x0000000000035218        0x4 build/cooja/mtype447.a(coap.o)
                0x0000000000035218                coap_error_message
 .data          0x000000000003521c        0x0 build/cooja/mtype447.a(contiki-main.o)
 .data          0x000000000003521c        0x0 build/cooja/mtype447.a(autostart.o)
 .data          0x000000000003521c       0x14 build/cooja/mtype447.a(ctimer.o)
                0x0000000000035220                ctimer_process
 *fill*         0x0000000000035230       0x10 
 .data          0x0000000000035240       0xbc build/cooja/mtype447.a(log.o)
                0x0000000000035240                curr_log_level_main
                0x0000000000035260                all_modules
 .data          0x00000000000352fc        0x0 build/cooja/mtype447.a(energest.o)
 .data          0x00000000000352fc       0x10 build/cooja/mtype447.a(etimer.o)
                0x00000000000352fc                etimer_process
 .data          0x000000000003530c        0x0 build/cooja/mtype447.a(node-id.o)
 .data          0x000000000003530c        0x0 build/cooja/mtype447.a(rtimer.o)
 .data          0x000000000003530c        0x0 build/cooja/mtype447.a(process.o)
 .data          0x000000000003530c        0x0 build/cooja/mtype447.a(timer.o)
 .data          0x000000000003530c        0x0 build/cooja/mtype447.a(list.o)
 .data          0x000000000003530c        0x0 build/cooja/mtype447.a(memb.o)
 .data          0x000000000003530c       0x10 build/cooja/mtype447.a(button-hal.o)
                0x000000000003530c                button_hal_process
 .data          0x000000000003531c       0x10 build/cooja/mtype447.a(serial-line.o)
                0x000000000003531c                serial_line_process
 .data          0x000000000003532c        0x4 build/cooja/mtype447.a(gpio-hal.o)
 .data          0x0000000000035330       0x18 build/cooja/mtype447.a(queuebuf.o)
 .data          0x0000000000035348        0x4 build/cooja/mtype447.a(packetbuf.o)
 .data          0x000000000003534c        0x4 build/cooja/mtype447.a(netstack.o)
 .data          0x0000000000035350        0x0 build/cooja/mtype447.a(linkaddr.o)
 .data          0x0000000000035350        0x0 build/cooja/mtype447.a(csma.o)
 .data          0x0000000000035350       0x28 build/cooja/mtype447.a(csma-output.o)
 .data          0x0000000000035378        0x0 build/cooja/mtype447.a(uip-ds6.o)
 .data          0x0000000000035378        0x0 build/cooja/mtype447.a(uip-udp-packet.)
 .data          0x0000000000035378       0x10 build/cooja/mtype447.a(uip-ds6-route.o)
 .data          0x0000000000035388       0x10 build/cooja/mtype447.a(tcpip.o)
                0x0000000000035388                tcpip_process
 .data          0x0000000000035398        0x0 build/cooja/mtype447.a(uip6.o)
 .data          0x0000000000035398       0x14 build/cooja/mtype447.a(uip-ds6-nbr.o)
 .data          0x00000000000353ac        0xc build/cooja/mtype447.a(uip-nd6.o)
 .data          0x00000000000353b8       0x10 build/cooja/mtype447.a(simple-udp.o)
                0x00000000000353b8                simple_udp_process
 .data          0x00000000000353c8        0x0 build/cooja/mtype447.a(sicslowpan.o)
 .data          0x00000000000353c8        0x0 build/cooja/mtype447.a(uiplib.o)
 .data          0x00000000000353c8        0x0 build/cooja/mtype447.a(rpl.o)
 .data          0x00000000000353c8       0x30 build/cooja/mtype447.a(rpl-icmp6.o)
 .data          0x00000000000353f8        0x0 build/cooja/mtype447.a(rpl-dag-root.o)
 .data          0x00000000000353f8        0x0 build/cooja/mtype447.a(watchdog.o)
 .data          0x00000000000353f8        0x0 build/cooja/mtype447.a(int-master.o)
 .data          0x00000000000353f8       0x10 build/cooja/mtype447.a(coap-timer-defa)
                0x00000000000353f8                coap_timer_process
 .data          0x0000000000035408        0x0 build/cooja/mtype447.a(stimer.o)
 .data          0x0000000000035408        0x0 build/cooja/mtype447.a(ringbuf.o)
 .data          0x0000000000035408        0x0 build/cooja/mtype447.a(assert.o)
 .data          0x0000000000035408       0x10 build/cooja/mtype447.a(nbr-table.o)
 .data          0x0000000000035418       0x14 build/cooja/mtype447.a(link-stats.o)
 .data          0x000000000003542c        0x0 build/cooja/mtype447.a(mac-sequence.o)
 .data          0x000000000003542c        0x0 build/cooja/mtype447.a(mac.o)
 .data          0x000000000003542c        0x0 build/cooja/mtype447.a(framer-802154.o)
 .data          0x000000000003542c        0x2 build/cooja/mtype447.a(frame802154.o)
 .data          0x000000000003542e        0x0 build/cooja/mtype447.a(csma-security.o)
 .data          0x000000000003542e        0x0 build/cooja/mtype447.a(uipbuf.o)
 *fill*         0x000000000003542e        0x2 
 .data          0x0000000000035430       0x20 build/cooja/mtype447.a(uip-icmp6.o)
 .data          0x0000000000035450       0x10 build/cooja/mtype447.a(uip-sr.o)
 .data          0x0000000000035460        0xc build/cooja/mtype447.a(uip-packetqueue)
 .data          0x000000000003546c        0x0 build/cooja/mtype447.a(rpl-nbr-policy.)
 .data          0x000000000003546c       0x14 build/cooja/mtype447.a(rpl-neighbor.o)
                0x000000000003547c                rpl_neighbors
 .data          0x0000000000035480        0x0 build/cooja/mtype447.a(rpl-dag.o)
 .data          0x0000000000035480        0x0 build/cooja/mtype447.a(rpl-timers.o)
 .data          0x0000000000035480        0x0 build/cooja/mtype447.a(rpl-ext-header.)
 .data          0x0000000000035480       0x24 build/cooja/mtype447.a(rpl-mrhof.o)
                0x0000000000035480                rpl_mrhof
 .data          0x00000000000354a4        0x0 /usr/lib/gcc/i686-linux-gnu/5/libgcc.a(_udivdi3.o)
 .data          0x00000000000354a4        0x0 /usr/lib/gcc/i686-linux-gnu/5/crtendS.o
 .data          0x00000000000354a4        0x0 /usr/lib/gcc/i686-linux-gnu/5/../../../i386-linux-gnu/crtn.o

.tm_clone_table
                0x00000000000354a4        0x0
 .tm_clone_table
                0x00000000000354a4        0x0 /usr/lib/gcc/i686-linux-gnu/5/crtbeginS.o
 .tm_clone_table
                0x00000000000354a4        0x0 /usr/lib/gcc/i686-linux-gnu/5/crtendS.o

.data1
 *(.data1)
                0x00000000000354a4                _edata = .
                [!provide]                        PROVIDE (edata, .)
                0x00000000000354a4                . = .
                0x00000000000354a4                __bss_start = .

.bss            0x00000000000354c0    0x146e4
 *(.dynbss)
 .dynbss        0x00000000000354c0        0x0 /usr/lib/gcc/i686-linux-gnu/5/../../../i386-linux-gnu/crti.o
 *(.bss .bss.* .gnu.linkonce.b.*)
 .bss           0x00000000000354c0        0x0 /usr/lib/gcc/i686-linux-gnu/5/../../../i386-linux-gnu/crti.o
 .bss           0x00000000000354c0        0x1 /usr/lib/gcc/i686-linux-gnu/5/crtbeginS.o
 *fill*         0x00000000000354c1       0x1f 
 .bss           0x00000000000354e0      0x28c temperature.o
                0x00000000000354e0                rpl_add
                0x00000000000354e1                registered
 *fill*         0x000000000003576c       0x14 
 .bss           0x0000000000035780     0x2030 build/cooja/mtype447.o
 .bss           0x00000000000377b0        0x1 build/cooja/mtype447.a(simEnvChange.o)
                0x00000000000377b0                simDontFallAsleep
 *fill*         0x00000000000377b1        0x3 
 .bss           0x00000000000377b4        0x4 build/cooja/mtype447.a(cooja_mt.o)
 .bss           0x00000000000377b8        0x4 build/cooja/mtype447.a(cooja_mtarch.o)
 .bss           0x00000000000377bc        0x0 build/cooja/mtype447.a(rtimer-arch.o)
 .bss           0x00000000000377bc        0x0 build/cooja/mtype447.a(beep.o)
 .bss           0x00000000000377bc        0x1 build/cooja/mtype447.a(leds-arch.o)
                0x00000000000377bc                simLedsValue
 .bss           0x00000000000377bd        0x0 build/cooja/mtype447.a(moteid.o)
 .bss           0x00000000000377bd        0x1 build/cooja/mtype447.a(pir-sensor.o)
                0x00000000000377bd                simPirValue
 *fill*         0x00000000000377be        0x2 
 .bss           0x00000000000377c0        0x4 build/cooja/mtype447.a(rs232.o)
 .bss           0x00000000000377c4        0x1 build/cooja/mtype447.a(vib-sensor.o)
                0x00000000000377c4                simVibValue
 .bss           0x00000000000377c5        0x0 build/cooja/mtype447.a(clock.o)
 *fill*         0x00000000000377c5       0x1b 
 .bss           0x00000000000377e0     0x2020 build/cooja/mtype447.a(cooja-log.o)
 .bss           0x0000000000039800      0xfc0 build/cooja/mtype447.a(cfs-cooja.o)
                0x0000000000039800                simCFSData
                0x000000000003a7a0                simCFSSize
                0x000000000003a7a4                simCFSChanged
                0x000000000003a7a8                simCFSRead
                0x000000000003a7ac                simCFSWritten
 .bss           0x000000000003a7c0       0x24 build/cooja/mtype447.a(cooja-radio.o)
                0x000000000003a7c0                simReceiving
                0x000000000003a7c4                simInSize
                0x000000000003a7c8                simLastPacketTimestamp
                0x000000000003a7d0                simOutSize
 .bss           0x000000000003a7e4        0xc build/cooja/mtype447.a(eeprom.o)
                0x000000000003a7e4                simEEPROMChanged
                0x000000000003a7e8                simEEPROMRead
                0x000000000003a7ec                simEEPROMWritten
 .bss           0x000000000003a7f0        0x0 build/cooja/mtype447.a(random.o)
 .bss           0x000000000003a7f0        0xc build/cooja/mtype447.a(sensors.o)
 .bss           0x000000000003a7fc        0x0 build/cooja/mtype447.a(leds.o)
 .bss           0x000000000003a7fc       0x24 build/cooja/mtype447.a(gpio-hal-arch.o)
 .bss           0x000000000003a820        0x0 build/cooja/mtype447.a(buttons.o)
 .bss           0x000000000003a820        0x8 build/cooja/mtype447.a(res_temperature)
                0x000000000003a820                name_assigned
                0x000000000003a821                actuator_ip_assigned
 .bss           0x000000000003a828        0x0 build/cooja/mtype447.a(coap-blocking-a)
 *fill*         0x000000000003a828       0x18 
 .bss           0x000000000003a840      0x190 build/cooja/mtype447.a(coap-engine.o)
 .bss           0x000000000003a9d0        0x0 build/cooja/mtype447.a(coap-res-well-k)
 *fill*         0x000000000003a9d0       0x10 
 .bss           0x000000000003a9e0      0x120 build/cooja/mtype447.a(coap-observe.o)
 .bss           0x000000000003ab00       0x18 build/cooja/mtype447.a(coap-uip.o)
 .bss           0x000000000003ab18        0x5 build/cooja/mtype447.a(coap-timer.o)
 *fill*         0x000000000003ab1d        0x3 
 .bss           0x000000000003ab20      0x334 build/cooja/mtype447.a(coap-transactio)
 .bss           0x000000000003ae54        0x6 build/cooja/mtype447.a(coap.o)
                0x000000000003ae54                coap_status_code
 .bss           0x000000000003ae5a        0x0 build/cooja/mtype447.a(contiki-main.o)
 .bss           0x000000000003ae5a        0x0 build/cooja/mtype447.a(autostart.o)
 *fill*         0x000000000003ae5a        0x2 
 .bss           0x000000000003ae5c        0x5 build/cooja/mtype447.a(ctimer.o)
 *fill*         0x000000000003ae61        0x3 
 .bss           0x000000000003ae64       0x2c build/cooja/mtype447.a(log.o)
                0x000000000003ae64                curr_log_level_rpl
                0x000000000003ae68                curr_log_level_tcpip
                0x000000000003ae6c                curr_log_level_ipv6
                0x000000000003ae70                curr_log_level_6lowpan
                0x000000000003ae74                curr_log_level_nullnet
                0x000000000003ae78                curr_log_level_mac
                0x000000000003ae7c                curr_log_level_framer
                0x000000000003ae80                curr_log_level_6top
                0x000000000003ae84                curr_log_level_coap
                0x000000000003ae88                curr_log_level_snmp
                0x000000000003ae8c                curr_log_level_lwm2m
 .bss           0x000000000003ae90        0x0 build/cooja/mtype447.a(energest.o)
 .bss           0x000000000003ae90        0x8 build/cooja/mtype447.a(etimer.o)
 .bss           0x000000000003ae98        0x2 build/cooja/mtype447.a(node-id.o)
                0x000000000003ae98                node_id
 *fill*         0x000000000003ae9a        0x2 
 .bss           0x000000000003ae9c        0x4 build/cooja/mtype447.a(rtimer.o)
 .bss           0x000000000003aea0      0x1a1 build/cooja/mtype447.a(process.o)
                0x000000000003aea0                process_list
                0x000000000003aea4                process_current
 .bss           0x000000000003b041        0x0 build/cooja/mtype447.a(timer.o)
 .bss           0x000000000003b041        0x0 build/cooja/mtype447.a(list.o)
 .bss           0x000000000003b041        0x0 build/cooja/mtype447.a(memb.o)
 *fill*         0x000000000003b041        0x3 
 .bss           0x000000000003b044       0x10 build/cooja/mtype447.a(button-hal.o)
 *fill*         0x000000000003b054        0xc 
 .bss           0x000000000003b060      0x140 build/cooja/mtype447.a(serial-line.o)
 .bss           0x000000000003b1a0        0x4 build/cooja/mtype447.a(gpio-hal.o)
 *fill*         0x000000000003b1a4       0x1c 
 .bss           0x000000000003b1c0     0x2c80 build/cooja/mtype447.a(queuebuf.o)
 .bss           0x000000000003de40       0xa0 build/cooja/mtype447.a(packetbuf.o)
 .bss           0x000000000003dee0        0x4 build/cooja/mtype447.a(netstack.o)
 .bss           0x000000000003dee4        0x0 build/cooja/mtype447.a(linkaddr.o)
 .bss           0x000000000003dee4        0x0 build/cooja/mtype447.a(csma.o)
 *fill*         0x000000000003dee4       0x1c 
 .bss           0x000000000003df00      0x726 build/cooja/mtype447.a(csma-output.o)
 *fill*         0x000000000003e626        0x2 
 .bss           0x000000000003e628       0x30 build/cooja/mtype447.a(uip-ds6.o)
 .bss           0x000000000003e658        0x0 build/cooja/mtype447.a(uip-udp-packet.)
 *fill*         0x000000000003e658        0x8 
 .bss           0x000000000003e660       0x60 build/cooja/mtype447.a(uip-ds6-route.o)
 .bss           0x000000000003e6c0       0x10 build/cooja/mtype447.a(tcpip.o)