Archive member included to satisfy reference by file (symbol)

build/cooja/mtype813.a(simEnvChange.o)
                              build/cooja/mtype813.o (simDontFallAsleep)
build/cooja/mtype813.a(cooja_mt.o)
                              build/cooja/mtype813.o (cooja_mt_start)
build/cooja/mtype813.a(cooja_mtarch.o)
                              build/cooja/mtype813.a(cooja_mt.o) (cooja_mtarch_start)
build/cooja/mtype813.a(rtimer-arch.o)
                              build/cooja/mtype813.o (rtimer_arch_check)
build/cooja/mtype813.a(beep.o)
                              build/cooja/mtype813.o (beep_interface)
build/cooja/mtype813.a(leds-arch.o)
                              build/cooja/mtype813.o (leds_interface)
build/cooja/mtype813.a(moteid.o)
                              build/cooja/mtype813.o (moteid_interface)
build/cooja/mtype813.a(pir-sensor.o)
                              build/cooja/mtype813.o (pir_interface)
build/cooja/mtype813.a(rs232.o)
                              build/cooja/mtype813.o (rs232_interface)
build/cooja/mtype813.a(vib-sensor.o)
                              build/cooja/mtype813.o (vib_interface)
build/cooja/mtype813.a(clock.o)
                              build/cooja/mtype813.o (clock_interface)
build/cooja/mtype813.a(cooja-log.o)
                              build/cooja/mtype813.o (simlog_interface)
build/cooja/mtype813.a(cfs-cooja.o)
                              build/cooja/mtype813.o (cfs_interface)
build/cooja/mtype813.a(cooja-radio.o)
                              build/cooja/mtype813.o (radio_interface)
build/cooja/mtype813.a(eeprom.o)
                              build/cooja/mtype813.o (eeprom_interface)
build/cooja/mtype813.a(random.o)
                              build/cooja/mtype813.a(moteid.o) (random_init)
build/cooja/mtype813.a(sensors.o)
                              build/cooja/mtype813.a(pir-sensor.o) (sensors_changed)
build/cooja/mtype813.a(leds.o)
                              build/cooja/mtype813.a(leds-arch.o) (leds_get)
build/cooja/mtype813.a(gpio-hal-arch.o)
                              build/cooja/mtype813.a(leds-arch.o) (gpio_hal_arch_register_pin_callback)
build/cooja/mtype813.a(buttons.o)
                              build/cooja/mtype813.o (button_interface)
build/cooja/mtype813.a(res_temperature)
                              client.o (res_temperature)
build/cooja/mtype813.a(coap-blocking-a)
                              client.o (coap_blocking_request)
build/cooja/mtype813.a(coap-engine.o)
                              client.o (coap_activate_resource)
build/cooja/mtype813.a(coap-res-well-k)
                              build/cooja/mtype813.a(coap-engine.o) (res_well_known_core)
build/cooja/mtype813.a(coap-observe.o)
                              build/cooja/mtype813.a(coap-engine.o) (coap_remove_observer_by_mid)
build/cooja/mtype813.a(coap-uip.o)
                              build/cooja/mtype813.a(coap-observe.o) (coap_endpoint_copy)
build/cooja/mtype813.a(coap-timer.o)
                              build/cooja/mtype813.a(coap-engine.o) (coap_timer_set)
build/cooja/mtype813.a(coap-transactio)
                              build/cooja/mtype813.a(coap-blocking-a) (coap_send_transaction)
build/cooja/mtype813.a(coap.o)
                              build/cooja/mtype813.a(coap-engine.o) (coap_status_code)
build/cooja/mtype813.a(contiki-main.o)
                              build/cooja/mtype813.o (main)
build/cooja/mtype813.a(autostart.o)
                              build/cooja/mtype813.a(contiki-main.o) (autostart_start)
build/cooja/mtype813.a(ctimer.o)
                              build/cooja/mtype813.a(contiki-main.o) (ctimer_init)
build/cooja/mtype813.a(log.o)
                              build/cooja/mtype813.a(contiki-main.o) (curr_log_level_main)
build/cooja/mtype813.a(energest.o)
                              build/cooja/mtype813.a(contiki-main.o) (energest_init)
build/cooja/mtype813.a(etimer.o)
                              build/cooja/mtype813.a(contiki-main.o) (etimer_process)
build/cooja/mtype813.a(node-id.o)
                              build/cooja/mtype813.a(contiki-main.o) (node_id)
build/cooja/mtype813.a(rtimer.o)
                              build/cooja/mtype813.a(contiki-main.o) (rtimer_init)
build/cooja/mtype813.a(process.o)
                              build/cooja/mtype813.a(coap-blocking-a) (process_current)
build/cooja/mtype813.a(timer.o)
                              build/cooja/mtype813.a(etimer.o) (timer_set)
build/cooja/mtype813.a(list.o)
                              build/cooja/mtype813.a(coap-engine.o) (list_init)
build/cooja/mtype813.a(memb.o)
                              build/cooja/mtype813.a(coap-observe.o) (memb_alloc)
build/cooja/mtype813.a(button-hal.o)
                              build/cooja/mtype813.o (button_hal_init)
build/cooja/mtype813.a(serial-line.o)
                              build/cooja/mtype813.a(rs232.o) (serial_line_input_byte)
build/cooja/mtype813.a(gpio-hal.o)
[...]
Memory Configuration

Name             Origin             Length             Attributes
*default*        0x0000000000000000 0xffffffffffffffff

Linker script and memory map

LOAD /usr/lib/gcc/i686-linux-gnu/5/../../../i386-linux-gnu/crti.o
LOAD /usr/lib/gcc/i686-linux-gnu/5/crtbeginS.o
LOAD client.o
LOAD build/cooja/mtype813.o
LOAD build/cooja/mtype813.a
LOAD /usr/lib/gcc/i686-linux-gnu/5/libgcc.a
LOAD /usr/lib/gcc/i686-linux-gnu/5/libgcc_s.so
LOAD /usr/lib/gcc/i686-linux-gnu/5/../../../i386-linux-gnu/libc.so
START GROUP
LOAD /lib/i386-linux-gnu/libc.so.6
LOAD /usr/lib/i386-linux-gnu/libc_nonshared.a
LOAD /lib/i386-linux-gnu/ld-linux.so.2
END GROUP
LOAD /usr/lib/gcc/i686-linux-gnu/5/libgcc.a
LOAD /usr/lib/gcc/i686-linux-gnu/5/libgcc_s.so
LOAD /usr/lib/gcc/i686-linux-gnu/5/crtendS.o
LOAD /usr/lib/gcc/i686-linux-gnu/5/../../../i386-linux-gnu/crtn.o
                0x0000000000000114                . = (0x0 + SIZEOF_HEADERS)

.note.gnu.build-id
                0x0000000000000114       0x24
 *(.note.gnu.build-id)
 .note.gnu.build-id
                0x0000000000000114       0x24 /usr/lib/gcc/i686-linux-gnu/5/../../../i386-linux-gnu/crti.o

.hash
 *(.hash)

.gnu.hash       0x0000000000000138     0x15b0
 *(.gnu.hash)
 .gnu.hash      0x0000000000000138     0x15b0 /usr/lib/gcc/i686-linux-gnu/5/../../../i386-linux-gnu/crti.o

.dynsym         0x00000000000016e8     0x2f80
 *(.dynsym)
 .dynsym        0x00000000000016e8     0x2f80 /usr/lib/gcc/i686-linux-gnu/5/../../../i386-linux-gnu/crti.o

.dynstr         0x0000000000004668     0x3713
 *(.dynstr)
 .dynstr        0x0000000000004668     0x3713 /usr/lib/gcc/i686-linux-gnu/5/../../../i386-linux-gnu/crti.o

.gnu.version    0x0000000000007d7c      0x5f0
 *(.gnu.version)
 .gnu.version   0x0000000000007d7c      0x5f0 /usr/lib/gcc/i686-linux-gnu/5/../../../i386-linux-gnu/crti.o

.gnu.version_d  0x000000000000836c        0x0
 *(.gnu.version_d)
 .gnu.version_d
                0x000000000000836c        0x0 /usr/lib/gcc/i686-linux-gnu/5/../../../i386-linux-gnu/crti.o

.gnu.version_r  0x000000000000836c       0x40
 *(.gnu.version_r)
 .gnu.version_r
                0x000000000000836c       0x40 /usr/lib/gcc/i686-linux-gnu/5/../../../i386-linux-gnu/crti.o

.rel.dyn        0x00000000000083ac     0x9348
 *(.rel.init)
 .rel.init      0x00000000000083ac        0x0 /usr/lib/gcc/i686-linux-gnu/5/../../../i386-linux-gnu/crti.o
 *(.rel.text .rel.text.* .rel.gnu.linkonce.t.*)
 .rel.text      0x00000000000083ac     0x8948 /usr/lib/gcc/i686-linux-gnu/5/../../../i386-linux-gnu/crti.o
 *(.rel.fini)
 .rel.fini      0x0000000000010cf4        0x0 /usr/lib/gcc/i686-linux-gnu/5/../../../i386-linux-gnu/crti.o
 *(.rel.rodata .rel.rodata.* .rel.gnu.linkonce.r.*)
 .rel.rodata    0x0000000000010cf4      0x598 /usr/lib/gcc/i686-linux-gnu/5/../../../i386-linux-gnu/crti.o
 *(.rel.data.rel.ro .rel.data.rel.ro.* .rel.gnu.linkonce.d.rel.ro.*)
 *(.rel.data .rel.data.* .rel.gnu.linkonce.d.*)
 .rel.data.rel.local
                0x000000000001128c        0x8 /usr/lib/gcc/i686-linux-gnu/5/../../../i386-linux-gnu/crti.o
 .rel.data      0x0000000000011294      0x428 /usr/lib/gcc/i686-linux-gnu/5/../../../i386-linux-gnu/crti.o
 *(.rel.tdata .rel.tdata.* .rel.gnu.linkonce.td.*)
 *(.rel.tbss .rel.tbss.* .rel.gnu.linkonce.tb.*)
 *(.rel.ctors)
 *(.rel.dtors)
 *(.rel.got)
 .rel.got       0x00000000000116bc       0x28 /usr/lib/gcc/i686-linux-gnu/5/../../../i386-linux-gnu/crti.o
 *(.rel.bss .rel.bss.* .rel.gnu.linkonce.b.*)
 *(.rel.ifunc)
 .rel.ifunc     0x00000000000116e4        0x0 /usr/lib/gcc/i686-linux-gnu/5/../../../i386-linux-gnu/crti.o
 .rel.fini_array
                0x00000000000116e4        0x8 /usr/lib/gcc/i686-linux-gnu/5/../../../i386-linux-gnu/crti.o
 .rel.init_array
                0x00000000000116ec        0x8 /usr/lib/gcc/i686-linux-gnu/5/../../../i386-linux-gnu/crti.o

.rel.plt        0x00000000000116f4        0x0
 *(.rel.plt)
 .rel.plt       0x00000000000116f4        0x0 /usr/lib/gcc/i686-linux-gnu/5/../../../i386-linux-gnu/crti.o
 *(.rel.iplt)

.init           0x00000000000116f4       0x23
 *(SORT(.init))
 .init          0x00000000000116f4       0x1e /usr/lib/gcc/i686-linux-gnu/5/../../../i386-linux-gnu/crti.o
                0x00000000000116f4                _init
 .init          0x0000000000011712        0x5 /usr/lib/gcc/i686-linux-gnu/5/../../../i386-linux-gnu/crtn.o

.plt            0x0000000000011720       0x10
 *(.plt)
 .plt           0x0000000000011720       0x10 /usr/lib/gcc/i686-linux-gnu/5/../../../i386-linux-gnu/crti.o
 *(.iplt)

.plt.got        0x0000000000011730       0x10
 *(.plt.got)
 .plt.got       0x0000000000011730       0x10 /usr/lib/gcc/i686-linux-gnu/5/../../../i386-linux-gnu/crti.o

.text           0x0000000000011740    0x18f52
 *(.text.unlikely .text.*_unlikely .text.unlikely.*)
 .text.unlikely
                0x0000000000011740        0x0 /usr/lib/gcc/i686-linux-gnu/5/crtbeginS.o
 .text.unlikely
                0x0000000000011740        0x0 /usr/lib/gcc/i686-linux-gnu/5/libgcc.a(_udivdi3.o)
 *(.text.exit .text.exit.*)
 *(.text.startup .text.startup.*)
 *(.text.hot .text.hot.*)
 *(.text .stub .text.* .gnu.linkonce.t.*)
 .text          0x0000000000011740        0x0 /usr/lib/gcc/i686-linux-gnu/5/../../../i386-linux-gnu/crti.o
 .gnu.linkonce.t.__x86.get_pc_thunk.bx
                0x0000000000011740        0x4 /usr/lib/gcc/i686-linux-gnu/5/../../../i386-linux-gnu/crti.o
                0x0000000000011740                __x86.get_pc_thunk.bx
 *fill*         0x0000000000011744        0xc 
 .text          0x0000000000011750      0x11c /usr/lib/gcc/i686-linux-gnu/5/crtbeginS.o
 .text.__x86.get_pc_thunk.dx
                0x000000000001186c        0x4 /usr/lib/gcc/i686-linux-gnu/5/crtbeginS.o
                0x000000000001186c                __x86.get_pc_thunk.dx
 .text          0x0000000000011870      0x551 client.o
                0x00000000000118a1                response_handler
 .text          0x0000000000011dc1      0x283 build/cooja/mtype813.o
                0x0000000000011e53                platform_init_stage_one
                0x0000000000011e66                platform_init_stage_two
                0x0000000000011e79                platform_init_stage_three
                0x0000000000011e8c                platform_main_loop
                0x0000000000011eff                Java_org_contikios_cooja_corecomm_Lib5_init
                0x0000000000011f36                Java_org_contikios_cooja_corecomm_Lib5_getMemory
                0x0000000000011f69                Java_org_contikios_cooja_corecomm_Lib5_setMemory
                0x0000000000011fc9                Java_org_contikios_cooja_corecomm_Lib5_tick
                0x0000000000012031                Java_org_contikios_cooja_corecomm_Lib5_setReferenceAddress
 .text          0x0000000000012044       0x65 build/cooja/mtype813.a(simEnvChange.o)
                0x0000000000012044                doActionsBeforeTick
                0x0000000000012076                doActionsAfterTick
 .text          0x00000000000120a9       0x83 build/cooja/mtype813.a(cooja_mt.o)
                0x00000000000120a9                cooja_mt_start
                0x00000000000120d3                cooja_mt_exec
                0x0000000000012109                cooja_mt_yield
 .text          0x000000000001212c       0xbe build/cooja/mtype813.a(cooja_mtarch.o)
                0x000000000001212c                cooja_mtarch_start
                0x000000000001219f                cooja_sw
                0x00000000000121c2                cooja_mtarch_exec
                0x00000000000121df                cooja_mtarch_yield
 .text          0x00000000000121ea       0xc5 build/cooja/mtype813.a(rtimer-arch.o)
                0x00000000000121ea                rtimer_arch_init
                0x000000000001220e                rtimer_arch_schedule
                0x000000000001223e                rtimer_arch_next
                0x000000000001224e                rtimer_arch_pending
                0x0000000000012258                rtimer_arch_check
                0x000000000001229f                rtimer_arch_now
 .text          0x00000000000122af       0x81 build/cooja/mtype813.a(beep.o)
                0x00000000000122af                beep_alarm
                0x00000000000122bc                beep_beep
                0x00000000000122c9                beep
                0x00000000000122d6                beep_down
                0x00000000000122e3                beep_on
                0x00000000000122f0                beep_off
                0x00000000000122fd                beep_spinup
                0x000000000001230a                beep_quick
                0x0000000000012317                beep_long
 .text          0x0000000000012330       0x65 build/cooja/mtype813.a(leds-arch.o)
                0x0000000000012343                leds_arch_init
 .text          0x0000000000012395       0x35 build/cooja/mtype813.a(moteid.o)
 .text          0x00000000000123ca       0xb7 build/cooja/mtype813.a(pir-sensor.o)
 .text          0x0000000000012481      0x148 build/cooja/mtype813.a(rs232.o)
                0x0000000000012481                rs232_init
                0x0000000000012487                rs232_set_speed
                0x0000000000012496                rs232_set_input
                0x00000000000124a4                rs232_send
                0x00000000000124c8                rs232_print
                0x00000000000124e4                slip_arch_writeb
 .text          0x00000000000125c9       0xb7 build/cooja/mtype813.a(vib-sensor.o)
 .text          0x0000000000012680       0x38 build/cooja/mtype813.a(clock.o)
                0x0000000000012680                clock_init
                0x0000000000012686                clock_time
                0x0000000000012690                clock_seconds
                0x00000000000126a6                clock_delay
 .text          0x00000000000126b8      0x219 build/cooja/mtype813.a(cooja-log.o)
                0x00000000000126b8                simlog_char
                0x00000000000126fb                simlog
                0x0000000000012771                log_message
                0x00000000000127a2                log_set_putchar_with_slip
                0x00000000000127b0                log_putchar
                0x000000000001282b                log_puts
                0x0000000000012853                log_printf
 .text          0x00000000000128d1      0x2b9 build/cooja/mtype813.a(cfs-cooja.o)
                0x00000000000128d1                cfs_open
                0x000000000001293a                cfs_close
                0x0000000000012947                cfs_read
                0x00000000000129dc                cfs_write
                0x0000000000012ab8                cfs_seek
                0x0000000000012b40                cfs_remove
                0x0000000000012b64                cfs_opendir
                0x0000000000012b6e                cfs_readdir
                0x0000000000012b78                cfs_closedir
 .text          0x0000000000012b8a      0x620 build/cooja/mtype813.a(cooja-radio.o)
                0x0000000000012bcc                radio_set_channel
                0x0000000000012bda                radio_set_txpower
                0x0000000000012bf2                radio_signal_strength_last
                0x0000000000012bfc                radio_signal_strength_current
                0x0000000000012c06                radio_LQI
 .text          0x00000000000131aa       0xee build/cooja/mtype813.a(eeprom.o)
                0x00000000000131aa                eeprom_init
                0x00000000000131b0                eeprom_read
                0x000000000001321e                eeprom_write
 .text          0x0000000000013298       0x2d build/cooja/mtype813.a(random.o)
                0x0000000000013298                random_init
                0x00000000000132b8                random_rand
 .text          0x00000000000132c5      0x29c build/cooja/mtype813.a(sensors.o)
                0x0000000000013300                sensors_first
                0x000000000001330a                sensors_next
                0x0000000000013324                sensors_changed
                0x0000000000013358                sensors_find
 .text          0x0000000000013561      0x349 build/cooja/mtype813.a(leds.o)
                0x0000000000013561                leds_init
                0x00000000000135a8                leds_single_on
                0x0000000000013607                leds_single_off
                0x0000000000013666                leds_single_toggle
                0x0000000000013698                leds_on
                0x000000000001371a                leds_off
                0x000000000001379c                leds_toggle
                0x00000000000137f1                leds_set
                0x000000000001381d                leds_get
 .text          0x00000000000138aa      0x343 build/cooja/mtype813.a(gpio-hal-arch.o)
                0x00000000000138aa                gpio_hal_arch_register_pin_callback
                0x0000000000013916                gpio_hal_arch_init
                0x000000000001395b                gpio_hal_arch_no_port_interrupt_enable
                0x000000000001398b                gpio_hal_arch_no_port_interrupt_disable
                0x00000000000139bb                gpio_hal_arch_no_port_pin_cfg_set
                0x00000000000139e0                gpio_hal_arch_no_port_pin_cfg_get
                0x0000000000013a06                gpio_hal_arch_no_port_pin_set_input
                0x0000000000013a18                gpio_hal_arch_no_port_pin_set_output
                0x0000000000013a2a                gpio_hal_arch_no_port_set_pin
                0x0000000000013a4b                gpio_hal_arch_no_port_clear_pin
                0x0000000000013a6c                gpio_hal_arch_no_port_read_pin
                0x0000000000013a92                gpio_hal_arch_no_port_write_pin
                0x0000000000013abc                gpio_hal_arch_no_port_set_pins
                0x0000000000013b03                gpio_hal_arch_no_port_clear_pins
                0x0000000000013b4a                gpio_hal_arch_no_port_read_pins
                0x0000000000013b8d                gpio_hal_arch_no_port_write_pins
 .text          0x0000000000013bed       0x89 build/cooja/mtype813.a(buttons.o)
 .text          0x0000000000013c76      0x599 build/cooja/mtype813.a(res_temperature)
 .text          0x000000000001420f      0x27b build/cooja/mtype813.a(coap-blocking-a)
                0x000000000001420f                coap_blocking_request_callback
                0x0000000000014239                coap_blocking_request
 .text          0x000000000001448a      0xbea build/cooja/mtype813.a(coap-engine.o)
                0x000000000001451f                coap_add_handler
                0x000000000001453c                coap_remove_handler
                0x0000000000014559                coap_call_handlers
                0x0000000000014661                coap_receive
                0x0000000000014c5c                coap_engine_init
                0x0000000000014cba                coap_activate_resource
                0x0000000000014d65                coap_get_first_resource
                0x0000000000014d7e                coap_get_next_resource
 .text          0x0000000000015074      0x2d9 build/cooja/mtype813.a(coap-res-well-k)
 .text          0x000000000001534d      0x96a build/cooja/mtype813.a(coap-observe.o)
                0x0000000000015462                coap_remove_observer
                0x0000000000015492                coap_remove_observer_by_client
                0x00000000000154fa                coap_remove_observer_by_token
                0x000000000001558d                coap_remove_observer_by_uri
                0x0000000000015634                coap_remove_observer_by_mid
                0x00000000000156b0                coap_notify_observers
                0x00000000000156c9                coap_notify_observers_sub
                0x0000000000015b33                coap_observe_handler
                0x0000000000015c4e                coap_has_observers
 .text          0x0000000000015cb7      0x733 build/cooja/mtype813.a(coap-uip.o)
                0x0000000000015cb7                coap_endpoint_log
                0x0000000000015d3d                coap_endpoint_print
                0x0000000000015dc3                coap_endpoint_snprint
                0x0000000000015ef6                coap_endpoint_copy
                0x0000000000015f33                coap_endpoint_cmp
                0x0000000000016041                coap_endpoint_parse
                0x000000000001622c                coap_endpoint_is_secure
                0x000000000001623b                coap_endpoint_is_connected
                0x000000000001626f                coap_endpoint_connect
                0x000000000001628b                coap_endpoint_disconnect
                0x0000000000016291                coap_databuf
                0x000000000001629b                coap_transport_init
                0x00000000000162eb                coap_sendto
 .text          0x00000000000163ea      0x324 build/cooja/mtype813.a(coap-timer.o)
                0x00000000000164e7                coap_timer_stop
                0x0000000000016512                coap_timer_set
                0x0000000000016555                coap_timer_reset
                0x0000000000016598                coap_timer_time_to_next_expiration
                0x0000000000016604                coap_timer_run
                0x00000000000166d0                coap_timer_init
 .text          0x000000000001670e      0x2c6 build/cooja/mtype813.a(coap-transactio)
                0x0000000000016774                coap_new_transaction
                0x00000000000167da                coap_send_transaction
                0x000000000001693b                coap_clear_transaction
                0x0000000000016983                coap_get_transaction_by_mid
 .text          0x00000000000169d4     0x1c53 build/cooja/mtype813.a(coap.o)
                0x0000000000016f41                coap_init_connection
                0x0000000000016f55                coap_get_mid
                0x0000000000016f71                coap_init_message
                0x0000000000016fba                coap_serialize_message
                0x000000000001763c                coap_parse_message
                0x0000000000017ca3                coap_get_query_variable
                0x0000000000017ce5                coap_get_post_variable
                0x0000000000017d29                coap_set_status_code
                0x0000000000017d4e                coap_set_token
                0x0000000000017d95                coap_get_header_content_format
                0x0000000000017dc6                coap_set_header_content_format
                0x0000000000017de9                coap_get_header_accept
                0x0000000000017e1a                coap_set_header_accept
                0x0000000000017e3d                coap_get_header_max_age
                0x0000000000017e6e                coap_set_header_max_age
                0x0000000000017e8e                coap_get_header_etag
                0x0000000000017ec0                coap_set_header_etag
                0x0000000000017f17                coap_get_header_if_match
                0x0000000000017f49                coap_set_header_if_match
                0x0000000000017fa0                coap_get_header_if_none_match
                0x0000000000017fba                coap_set_header_if_none_match
                0x0000000000017fd1                coap_get_header_proxy_uri
                0x0000000000017fff                coap_set_header_proxy_uri
                0x000000000001803c                coap_get_header_uri_host
                0x000000000001806a                coap_set_header_uri_host
                0x00000000000180a7                coap_get_header_uri_path
                0x00000000000180d5                coap_set_header_uri_path
                0x0000000000018122                coap_get_header_uri_query
                0x0000000000018156                coap_set_header_uri_query
                0x00000000000181ac                coap_get_header_location_path
                0x00000000000181da                coap_set_header_location_path
                0x0000000000018273                coap_get_header_location_query
                0x00000000000182a1                coap_set_header_location_query
                0x00000000000182ee                coap_get_header_observe
                0x000000000001831d                coap_set_header_observe
                0x000000000001833d                coap_get_header_block2
                0x00000000000183a9                coap_set_header_block2
                0x0000000000018420                coap_get_header_block1
                0x0000000000018495                coap_set_header_block1
                0x0000000000018510                coap_get_header_size2
                0x0000000000018540                coap_set_header_size2
                0x0000000000018563                coap_get_header_size1
                0x0000000000018593                coap_set_header_size1
                0x00000000000185b6                coap_get_payload
                0x00000000000185f0                coap_set_payload
 .text          0x0000000000018627      0x332 build/cooja/mtype813.a(contiki-main.o)
                0x0000000000018627                main
 .text          0x0000000000018959       0x92 build/cooja/mtype813.a(autostart.o)
                0x0000000000018959                autostart_start
                0x00000000000189a3                autostart_exit
 .text          0x00000000000189eb      0x355 build/cooja/mtype813.a(ctimer.o)
                0x0000000000018b13                ctimer_init
                0x0000000000018b46                ctimer_set
                0x0000000000018b6c                ctimer_set_with_process
                0x0000000000018be9                ctimer_reset
                0x0000000000018c3d                ctimer_restart
                0x0000000000018c91                ctimer_stop
                0x0000000000018ce1                ctimer_expired
 .text          0x0000000000018d40      0x394 build/cooja/mtype813.a(log.o)
                0x0000000000018d40                log_6addr
                0x0000000000018d93                log_6addr_compact_snprint
                0x0000000000018e31                log_6addr_compact
                0x0000000000018e84                log_lladdr
                0x0000000000018ef6                log_lladdr_compact
                0x0000000000018f5e                log_set_level
                0x0000000000019019                log_get_level
                0x0000000000019092                log_level_to_str
 .text          0x00000000000190d4       0x1b build/cooja/mtype813.a(energest.o)
                0x00000000000190d4                energest_init
                0x00000000000190da                energest_flush
                0x00000000000190e0                energest_get_total_time
 .text          0x00000000000190ef      0x43f build/cooja/mtype813.a(etimer.o)
                0x0000000000019313                etimer_request_poll
                0x000000000001939c                etimer_set
                0x00000000000193c5                etimer_reset_with_new_interval
                0x00000000000193f4                etimer_reset
                0x000000000001941a                etimer_restart
                0x0000000000019440                etimer_adjust
                0x000000000001945d                etimer_expired
                0x0000000000019470                etimer_expiration_time
                0x0000000000019482                etimer_start_time
                0x000000000001948c                etimer_pending
                0x000000000001949e                etimer_next_expiration_time
                0x00000000000194b8                etimer_stop
 .text          0x000000000001952e       0x25 build/cooja/mtype813.a(node-id.o)
                0x000000000001952e                node_id_init
 .text          0x0000000000019553       0xeb build/cooja/mtype813.a(rtimer.o)
                0x0000000000019553                rtimer_init
                0x0000000000019561                rtimer_set
                0x00000000000195dc                rtimer_run_next
 .text          0x000000000001963e      0x4fb build/cooja/mtype813.a(process.o)
                0x000000000001963e                process_alloc_event
                0x0000000000019653                process_start
                0x000000000001982d                process_exit
                0x000000000001984a                process_init
                0x00000000000199df                process_run
                0x0000000000019a12                process_nevents
                0x0000000000019a2d                process_post
                0x0000000000019ac0                process_post_synch
                0x0000000000019af5                process_poll
                0x0000000000019b25                process_is_running
 .text          0x0000000000019b39       0xb1 build/cooja/mtype813.a(timer.o)
                0x0000000000019b39                timer_set
                0x0000000000019b57                timer_reset
                0x0000000000019b84                timer_restart
                0x0000000000019b99                timer_expired
                0x0000000000019bc6                timer_remaining
 .text          0x0000000000019bea      0x28f build/cooja/mtype813.a(list.o)
                0x0000000000019bea                list_init
                0x0000000000019bf9                list_head
                0x0000000000019c03                list_copy
                0x0000000000019c13                list_tail
                0x0000000000019c49                list_add
                0x0000000000019c95                list_push
                0x0000000000019cc1                list_chop
                0x0000000000019d2b                list_pop
                0x0000000000019d53                list_remove
                0x0000000000019dbb                list_length
                0x0000000000019de9                list_insert
                0x0000000000019e2e                list_item_next
                0x0000000000019e45                list_contains
 .text          0x0000000000019e79      0x1b5 build/cooja/mtype813.a(memb.o)
                0x0000000000019e79                memb_init
                0x0000000000019ece                memb_alloc
                0x0000000000019f31                memb_free
                0x0000000000019fa8                memb_inmemb
                0x0000000000019fe7                memb_numfree
 .text          0x000000000001a02e      0x41c build/cooja/mtype813.a(button-hal.o)
                0x000000000001a1a7                button_hal_get_by_id
                0x000000000001a1e5                button_hal_get_by_index
                0x000000000001a211                button_hal_get_state
                0x000000000001a263                button_hal_init
 .text          0x000000000001a44a      0x1f3 build/cooja/mtype813.a(serial-line.o)
                0x000000000001a44a                serial_line_input_byte
                0x000000000001a608                serial_line_init
 .text          0x000000000001a63d      0x168 build/cooja/mtype813.a(gpio-hal.o)
                0x000000000001a63d                gpio_hal_register_handler
                0x000000000001a65a                gpio_hal_event_handler
                0x000000000001a6b6                gpio_hal_init
                0x000000000001a6d5                gpio_hal_arch_port_toggle_pin
                0x000000000001a711                gpio_hal_arch_port_toggle_pins
                0x000000000001a73f                gpio_hal_arch_no_port_toggle_pin
                0x000000000001a77d                gpio_hal_arch_no_port_toggle_pins
 .text          0x000000000001a7a5      0x2e7 build/cooja/mtype813.a(queuebuf.o)
                0x000000000001a7af                queuebuf_init
                0x000000000001a7d8                queuebuf_numfree
                0x000000000001a7f0                queuebuf_new_from_packetbuf
                0x000000000001a88f                queuebuf_update_attr_from_packetbuf
                0x000000000001a8c4                queuebuf_update_from_packetbuf
                0x000000000001a914                queuebuf_free
                0x000000000001a95d                queuebuf_to_packetbuf
                0x000000000001a9c9                queuebuf_dataptr
                0x000000000001aa03                queuebuf_datalen
                0x000000000001aa26                queuebuf_addr
                0x000000000001aa5b                queuebuf_attr
                0x000000000001aa86                queuebuf_debug_print
 .text          0x000000000001aa8c      0x407 build/cooja/mtype813.a(packetbuf.o)
                0x000000000001aa8c                packetbuf_clear
                0x000000000001aab7                packetbuf_copyfrom
                0x000000000001ab06                packetbuf_copyto
                0x000000000001ab99                packetbuf_hdralloc
                0x000000000001ac15                packetbuf_hdrreduce
                0x000000000001ac5b                packetbuf_set_datalen
                0x000000000001ac75                packetbuf_dataptr
                0x000000000001ac92                packetbuf_hdrptr
                0x000000000001ac9c                packetbuf_datalen
                0x000000000001aca8                packetbuf_hdrlen
                0x000000000001acbf                packetbuf_totlen
                0x000000000001acd5                packetbuf_remaininglen
                0x000000000001ace8                packetbuf_attr_clear
                0x000000000001ad34                packetbuf_attr_copyto
                0x000000000001ad8c                packetbuf_attr_copyfrom
                0x000000000001ade4                packetbuf_set_attr
                0x000000000001ae0e                packetbuf_attr
                0x000000000001ae28                packetbuf_set_addr
                0x000000000001ae59                packetbuf_addr
                0x000000000001ae76                packetbuf_holds_broadcast
 .text          0x000000000001ae93       0xef build/cooja/mtype813.a(netstack.o)
                0x000000000001ae93                netstack_process_ip_callback
                0x000000000001af24                netstack_ip_packet_processor_add
                0x000000000001af47                uip_ds6_ip_packet_processor_rm
                0x000000000001af64                netstack_init
 .text          0x000000000001af82       0x4f build/cooja/mtype813.a(linkaddr.o)
                0x000000000001af82                linkaddr_copy
                0x000000000001af98                linkaddr_cmp
                0x000000000001afbb                linkaddr_set_node_addr
 .text          0x000000000001afd1      0x1f6 build/cooja/mtype813.a(csma.o)
 .text          0x000000000001b1c7      0x95d build/cooja/mtype813.a(csma-output.o)
                0x000000000001b85e                csma_output_packet
                0x000000000001baeb                csma_output_init
 .text          0x000000000001bb24      0xc11 build/cooja/mtype813.a(uip-ds6.o)
                0x000000000001bb24                uip_ds6_default_prefix
                0x000000000001bb2e                uip_ds6_set_default_prefix
                0x000000000001bb59                uip_ds6_init
                0x000000000001bdbb                uip_ds6_periodic
                0x000000000001be42                uip_ds6_list_loop
                0x000000000001bf02                uip_ds6_prefix_add
                0x000000000001bfae                uip_ds6_prefix_rm
                0x000000000001bfc1                uip_ds6_prefix_lookup
                0x000000000001c000                uip_ds6_is_addr_onlink
                0x000000000001c073                uip_ds6_addr_add
                0x000000000001c193                uip_ds6_addr_rm
                0x000000000001c23c                uip_ds6_addr_lookup
                0x000000000001c275                uip_ds6_get_link_local
                0x000000000001c2f6                uip_ds6_get_global
                0x000000000001c377                uip_ds6_maddr_add
                0x000000000001c3d7                uip_ds6_maddr_rm
                0x000000000001c3ea                uip_ds6_maddr_lookup
                0x000000000001c423                uip_ds6_aaddr_add
                0x000000000001c483                uip_ds6_aaddr_rm
                0x000000000001c496                uip_ds6_aaddr_lookup
                0x000000000001c4cf                uip_ds6_select_src
                0x000000000001c618                uip_ds6_set_addr_iid
                0x000000000001c643                uip_ds6_set_lladdr_from_iid
                0x000000000001c66c                get_match_length
                0x000000000001c6fd                uip_ds6_compute_reachable_time
 .text          0x000000000001c735      0x128 build/cooja/mtype813.a(uip-udp-packet.)
                0x000000000001c735                uip_udp_packet_send
                0x000000000001c790                uip_udp_packet_sendto
 .text          0x000000000001c85d      0x35b build/cooja/mtype813.a(uip-ds6-route.o)
                0x000000000001c8ae                uip_ds6_route_init
                0x000000000001c8d8                uip_ds6_route_nexthop
                0x000000000001c8e2                uip_ds6_route_head
                0x000000000001c8ec                uip_ds6_route_next
                0x000000000001c8f6                uip_ds6_route_is_nexthop
                0x000000000001c900                uip_ds6_route_num_routes
                0x000000000001c90a                uip_ds6_route_lookup
                0x000000000001c914                uip_ds6_route_add
                0x000000000001c927                uip_ds6_route_rm
                0x000000000001c92d                uip_ds6_route_rm_by_nexthop
                0x000000000001c933                uip_ds6_defrt_head
                0x000000000001c94c                uip_ds6_defrt_add
                0x000000000001c9fa                uip_ds6_defrt_rm
                0x000000000001ca60                uip_ds6_defrt_lookup
                0x000000000001cac7                uip_ds6_defrt_choose
                0x000000000001cb3d                uip_ds6_defrt_periodic
 .text          0x000000000001cbb8      0x6f7 build/cooja/mtype813.a(tcpip.o)
                0x000000000001cbd2                tcpip_output
                0x000000000001cc51                udp_attach
                0x000000000001cc69                udp_new
                0x000000000001ccb3                udp_broadcast_new
                0x000000000001ce25                tcpip_input
                0x000000000001cfb5                tcpip_ipv6_output
                0x000000000001d1a9                tcpip_poll_udp
                0x000000000001d1c7                tcpip_uipcall
 .text          0x000000000001d2af     0x1205 build/cooja/mtype813.a(uip6.o)
                0x000000000001d35e                uip_chksum
                0x000000000001d435                uip_icmp6chksum
                0x000000000001d44a                uip_udpchksum
                0x000000000001d45f                uip_init
                0x000000000001d4a8                uip_remove_ext_hdr
                0x000000000001d582                uip_udp_new
                0x000000000001d896                uip_process
                0x000000000001e38e                uip_htons
                0x000000000001e3b0                uip_htonl
                0x000000000001e3ee                uip_send
 .text          0x000000000001e4b4      0x369 build/cooja/mtype813.a(uip-ds6-nbr.o)
                0x000000000001e4b4                uip_ds6_neighbors_init
                0x000000000001e4d8                uip_ds6_nbr_add
                0x000000000001e55e                uip_ds6_nbr_rm
                0x000000000001e5a9                uip_ds6_nbr_update_ll
                0x000000000001e697                uip_ds6_nbr_get_ipaddr
                0x000000000001e6ac                uip_ds6_nbr_get_ll
                0x000000000001e6c8                uip_ds6_nbr_num
                0x000000000001e711                uip_ds6_nbr_head
                0x000000000001e72a                uip_ds6_nbr_next
                0x000000000001e746                uip_ds6_nbr_lookup
                0x000000000001e79e                uip_ds6_nbr_ll_lookup
                0x000000000001e7ba                uip_ds6_nbr_ipaddr_from_lladdr
                0x000000000001e7e3                uip_ds6_nbr_lladdr_from_ipaddr
                0x000000000001e817                uip_ds6_link_callback
 .text          0x000000000001e81d      0x6a7 build/cooja/mtype813.a(uip-nd6.o)
                0x000000000001eeab                uip_nd6_init
 .text          0x000000000001eec4      0x3b0 build/cooja/mtype813.a(simple-udp.o)
                0x000000000001eef1                simple_udp_send
                0x000000000001ef54                simple_udp_sendto
                0x000000000001efaf                simple_udp_sendto_port
                0x000000000001f008                simple_udp_register
 .text          0x000000000001f274     0x2c17 build/cooja/mtype813.a(sicslowpan.o)
                0x000000000001f87b                netstack_sniffer_add
                0x000000000001f889                netstack_sniffer_remove
                0x0000000000021e5f                sicslowpan_init
                0x0000000000021e81                sicslowpan_get_last_rssi
 .text          0x0000000000021e8b      0x4d1 build/cooja/mtype813.a(uiplib.o)
                0x0000000000021e8b                uiplib_ip6addrconv
                0x0000000000022043                uiplib_ip4addrconv
                0x0000000000022106                uiplib_ipaddr_print
                0x0000000000022159                uiplib_ipaddr_snprint
 .text          0x000000000002235c      0x4c9 build/cooja/mtype813.a(rpl.o)
                0x000000000002235c                rpl_lollipop_greater_than
                0x00000000000223b6                rpl_get_global_address
                0x00000000000224ae                rpl_link_callback
                0x00000000000224f2                rpl_has_joined
                0x0000000000022517                rpl_is_reachable
                0x0000000000022598                rpl_reset_prefix
                0x0000000000022602                rpl_set_prefix_from_addr
                0x00000000000226e7                rpl_set_prefix
                0x0000000000022801                rpl_set_leaf_only
                0x0000000000022819                rpl_get_leaf_only
 .text          0x0000000000022825     0x138c build/cooja/mtype813.a(rpl-icmp6.o)
                0x000000000002294a                rpl_icmp6_update_nbr_table
                0x00000000000229d3                rpl_icmp6_dis_output
                0x0000000000023019                rpl_icmp6_dio_output
                0x0000000000023817                rpl_icmp6_dao_output
                0x0000000000023af8                rpl_icmp6_dao_ack_output
                0x0000000000023b68                rpl_icmp6_init
 .text          0x0000000000023bb1      0x264 build/cooja/mtype813.a(rpl-dag-root.o)
                0x0000000000023bb1                rpl_dag_root_print_links
                0x0000000000023cdd                rpl_dag_root_set_prefix
                0x0000000000023d09                rpl_dag_root_start
                0x0000000000023de6                rpl_dag_root_is_root
 .text          0x0000000000023e15       0x30 build/cooja/mtype813.a(watchdog.o)
                0x0000000000023e15                watchdog_init
                0x0000000000023e1b                watchdog_start
                0x0000000000023e21                watchdog_periodic
                0x0000000000023e39                watchdog_stop
                0x0000000000023e3f                watchdog_reboot
 .text          0x0000000000023e45       0x4a build/cooja/mtype813.a(int-master.o)
                0x0000000000023e45                int_master_enable
                0x0000000000023e55                int_master_read_and_disable
                0x0000000000023e72                int_master_status_set
                0x0000000000023e80                int_master_is_enabled
 .text          0x0000000000023e8f      0x226 build/cooja/mtype813.a(coap-timer-defa)
 .text          0x00000000000240b5       0xc7 build/cooja/mtype813.a(stimer.o)
                0x00000000000240b5                stimer_set
                0x00000000000240d3                stimer_reset
                0x0000000000024100                stimer_restart
                0x0000000000024115                stimer_expired
                0x0000000000024140                stimer_remaining
                0x0000000000024164                stimer_elapsed
 .text          0x000000000002417c      0x156 build/cooja/mtype813.a(ringbuf.o)
                0x000000000002417c                ringbuf_init
                0x00000000000241ae                ringbuf_put
                0x000000000002422c                ringbuf_get
                0x0000000000024299                ringbuf_size
                0x00000000000242ab                ringbuf_elements
 .text          0x00000000000242d2       0x1f build/cooja/mtype813.a(assert.o)
                0x00000000000242d2                _xassert
 .text          0x00000000000242f1      0x79b build/cooja/mtype813.a(nbr-table.o)
                0x000000000002476a                nbr_table_register
                0x00000000000247d7                nbr_table_is_registered
                0x0000000000024812                nbr_table_head
                0x000000000002486d                nbr_table_next
                0x00000000000248ce                nbr_table_add_lladdr
                0x00000000000249a8                nbr_table_get_from_lladdr
                0x00000000000249f4                nbr_table_remove
                0x0000000000024a2c                nbr_table_lock
                0x0000000000024a46                nbr_table_unlock
                0x0000000000024a60                nbr_table_get_lladdr
 .text          0x0000000000024a8c      0x3a5 build/cooja/mtype813.a(link-stats.o)
                0x0000000000024a8c                link_stats_from_lladdr
                0x0000000000024aa8                link_stats_get_lladdr
                0x0000000000024ac4                link_stats_is_fresh
                0x0000000000024b00                guess_etx_from_rssi
                0x0000000000024b7c                link_stats_packet_sent
                0x0000000000024c9c                link_stats_input_callback
                0x0000000000024dac                link_stats_reset
                0x0000000000024dfc                link_stats_init
 .text          0x0000000000024e31      0x187 build/cooja/mtype813.a(mac-sequence.o)
                0x0000000000024e31                mac_sequence_is_duplicate
                0x0000000000024ed1                mac_sequence_register_seqno
 .text          0x0000000000024fb8       0x23 build/cooja/mtype813.a(mac.o)
                0x0000000000024fb8                mac_call_sent_callback
 .text          0x0000000000024fdb      0x432 build/cooja/mtype813.a(framer-802154.o)
                0x000000000002516a                framer_802154_setup_params
 .text          0x000000000002540d      0xb6f build/cooja/mtype813.a(frame802154.o)
                0x000000000002543e                frame802154_get_pan_id
                0x000000000002544a                frame802154_set_pan_id
                0x0000000000025464                frame802154_has_panid
                0x0000000000025613                frame802154_check_dest_panid
                0x000000000002569b                frame802154_is_broadcast_addr
                0x00000000000256e8                frame802154_extract_linkaddr
                0x000000000002594d                frame802154_hdrlen
                0x00000000000259c0                frame802154_create_fcf
                0x0000000000025a78                frame802154_create
                0x0000000000025bed                frame802154_parse_fcf
                0x0000000000025ccf                frame802154_parse
 .text          0x0000000000025f7c       0x2d build/cooja/mtype813.a(csma-security.o)
                0x0000000000025f7c                csma_security_create_frame
                0x0000000000025f9a                csma_security_parse_frame
 .text          0x0000000000025fa9      0x4e4 build/cooja/mtype813.a(uipbuf.o)
                0x0000000000025fa9                uipbuf_clear
                0x0000000000025fd0                uipbuf_add_ext_hdr
                0x0000000000026050                uipbuf_set_len
                0x000000000002607d                uipbuf_set_len_field
                0x00000000000260a9                uipbuf_get_len_field
                0x00000000000260c9                uipbuf_get_next_header
                0x00000000000261fb                uipbuf_get_last_header
                0x0000000000026274                uipbuf_search_header
                0x000000000002632a                uipbuf_get_attr
                0x0000000000026351                uipbuf_set_attr
                0x0000000000026388                uipbuf_set_default_attr
                0x00000000000263bf                uipbuf_clear_attr
                0x00000000000263e3                uipbuf_set_attr_flag
                0x0000000000026404                uipbuf_clr_attr_flag
                0x000000000002642b                uipbuf_is_attr_flag
                0x000000000002644f                uipbuf_init
 .text          0x000000000002648d      0x73f build/cooja/mtype813.a(uip-icmp6.o)
                0x0000000000026502                uip_icmp6_input
                0x0000000000026559                uip_icmp6_register_input_handler
                0x00000000000266ac                uip_icmp6_error_output
                0x000000000002695d                uip_icmp6_send
                0x0000000000026b54                uip_icmp6_echo_reply_callback_add
                0x0000000000026b86                uip_icmp6_echo_reply_callback_rm
                0x0000000000026ba3                uip_icmp6_init
 .text          0x0000000000026bcc      0x69b build/cooja/mtype813.a(uip-sr.o)
                0x0000000000026bcc                uip_sr_num_nodes
                0x0000000000026c5a                uip_sr_get_node
                0x0000000000026cb1                uip_sr_is_addr_reachable
                0x0000000000026d5f                uip_sr_expire_parent
                0x0000000000026da8                uip_sr_update_node
                0x0000000000026ed8                uip_sr_init
                0x0000000000026f0c                uip_sr_node_head
                0x0000000000026f25                uip_sr_node_next
                0x0000000000026f3b                uip_sr_periodic
                0x0000000000027041                uip_sr_free_all
                0x00000000000270b1                uip_sr_link_snprint
 .text          0x0000000000027267      0x146 build/cooja/mtype813.a(uip-packetqueue)
                0x0000000000027295                uip_packetqueue_new
                0x00000000000272a4                uip_packetqueue_alloc
                0x00000000000272ff                uip_packetqueue_free
                0x0000000000027346                uip_packetqueue_buf
                0x0000000000027363                uip_packetqueue_buflen
                0x0000000000027384                uip_packetqueue_set_buflen
 .text          0x00000000000273ad      0x1b0 build/cooja/mtype813.a(rpl-nbr-policy.)
                0x000000000002751a                rpl_nbr_policy_find_removable
 .text          0x000000000002755d      0x915 build/cooja/mtype813.a(rpl-neighbor.o)
                0x00000000000275d9                rpl_neighbor_snprint
                0x000000000002788c                rpl_neighbor_print_list
                0x0000000000027941                rpl_neighbor_count
                0x00000000000279e8                rpl_neighbor_get_from_lladdr
                0x0000000000027a04                rpl_neighbor_is_acceptable_parent
                0x0000000000027a38                rpl_neighbor_get_link_metric
                0x0000000000027a6c                rpl_neighbor_rank_via_nbr
                0x0000000000027aa0                rpl_neighbor_get_lladdr
                0x0000000000027abc                rpl_neighbor_get_ipaddr
                0x0000000000027ae3                rpl_neighbor_get_link_stats
                0x0000000000027b0a                rpl_neighbor_is_fresh
                0x0000000000027b31                rpl_neighbor_is_reachable
                0x0000000000027b7c                rpl_neighbor_is_parent
                0x0000000000027ba6                rpl_neighbor_set_preferred_parent
                0x0000000000027c3d                rpl_neighbor_remove_all
                0x0000000000027c99                rpl_neighbor_get_from_ipaddr
                0x0000000000027da7                rpl_neighbor_select_best
                0x0000000000027e53                rpl_neighbor_init
 .text          0x0000000000027e72      0xe69 build/cooja/mtype813.a(rpl-dag.o)
                0x0000000000027e72                rpl_dag_state_to_str
                0x0000000000027eb1                rpl_dag_get_root_ipaddr
                0x0000000000027ef9                rpl_dag_leave
                0x0000000000027f82                rpl_dag_poison_and_leave
                0x0000000000027f9a                rpl_dag_periodic
                0x0000000000028022                rpl_is_addr_in_our_dag
                0x0000000000028066                rpl_get_default_instance
                0x0000000000028082                rpl_get_any_dag
                0x00000000000280db                rpl_refresh_routes
                0x000000000002811b                rpl_global_repair
                0x00000000000281b4                rpl_local_repair
                0x00000000000281fe                rpl_dag_ready_to_advertise
                0x0000000000028241                rpl_dag_update_state
                0x000000000002896e                rpl_process_dio
                0x00000000000289ec                rpl_process_dis
                0x0000000000028a31                rpl_process_dao
                0x0000000000028ac0                rpl_process_dao_ack
                0x0000000000028b57                rpl_process_hbh
                0x0000000000028ba7                rpl_dag_init_root
                0x0000000000028cbb                rpl_dag_init
 .text          0x0000000000028cdb      0x9e7 build/cooja/mtype813.a(rpl-timers.o)
                0x0000000000028cdb                rpl_timers_schedule_periodic_dis
                0x0000000000028e29                rpl_timers_dio_reset
                0x0000000000028f37                rpl_timers_schedule_unicast_dio
                0x000000000002908b                rpl_timers_schedule_dao
                0x000000000002914a                rpl_timers_schedule_dao_ack
                0x00000000000291d0                rpl_timers_notify_dao_ack
                0x000000000002922e                get_probing_delay
                0x0000000000029262                get_probing_target
                0x000000000002944c                rpl_schedule_probing
                0x000000000002947a                rpl_schedule_probing_now
                0x00000000000294e4                rpl_timers_unschedule_leaving
                0x000000000002951c                rpl_timers_schedule_leaving
                0x000000000002955d                rpl_timers_init
                0x00000000000295ed                rpl_timers_stop_dag_timers
                0x0000000000029666                rpl_timers_unschedule_state_update
                0x000000000002968a                rpl_timers_schedule_state_update
 .text          0x00000000000296c2      0xb8e build/cooja/mtype813.a(rpl-ext-header.)
                0x00000000000296c2                rpl_ext_header_srh_get_next_hop
                0x00000000000297a9                rpl_ext_header_srh_update
                0x0000000000029d15                rpl_ext_header_hbh_update
                0x000000000002a015                rpl_ext_header_update
                0x000000000002a09e                rpl_ext_header_remove
 .text          0x000000000002a250      0x31b build/cooja/mtype813.a(rpl-mrhof.o)
 *fill*         0x000000000002a56b        0x5 
 .text          0x000000000002a570      0x122 /usr/lib/gcc/i686-linux-gnu/5/libgcc.a(_udivdi3.o)
                0x000000000002a570                __udivdi3
 .text          0x000000000002a692        0x0 /usr/lib/gcc/i686-linux-gnu/5/crtendS.o
 .text          0x000000000002a692        0x0 /usr/lib/gcc/i686-linux-gnu/5/../../../i386-linux-gnu/crtn.o
 *(.gnu.warning)

.fini           0x000000000002a694       0x14
 *(SORT(.fini))
 .fini          0x000000000002a694        0xf /usr/lib/gcc/i686-linux-gnu/5/../../../i386-linux-gnu/crti.o
                0x000000000002a694                _fini
 .fini          0x000000000002a6a3        0x5 /usr/lib/gcc/i686-linux-gnu/5/../../../i386-linux-gnu/crtn.o
                [!provide]                        PROVIDE (__etext, .)
                [!provide]                        PROVIDE (_etext, .)
                [!provide]                        PROVIDE (etext, .)

.rodata         0x000000000002a6c0      0xb6b
 *(.rodata .rodata.* .gnu.linkonce.r.*)
 .rodata        0x000000000002a6c0      0x154 client.o
                0x000000000002a6e4                autostart_processes
 .rodata        0x000000000002a814        0x8 build/cooja/mtype813.a(beep.o)
                0x000000000002a814                beep_interface
 .rodata        0x000000000002a81c        0xe build/cooja/mtype813.a(leds-arch.o)
                0x000000000002a81c                leds_interface
                0x000000000002a824                leds_arch_leds
 *fill*         0x000000000002a82a        0x2 
 .rodata        0x000000000002a82c        0x8 build/cooja/mtype813.a(moteid.o)
                0x000000000002a82c                moteid_interface
 .rodata        0x000000000002a834       0x1c build/cooja/mtype813.a(pir-sensor.o)
                0x000000000002a834                pir_interface
                0x000000000002a840                pir_sensor
 .rodata        0x000000000002a850        0xe build/cooja/mtype813.a(rs232.o)
                0x000000000002a850                rs232_interface
 *fill*         0x000000000002a85e        0x2 
 .rodata        0x000000000002a860       0x24 build/cooja/mtype813.a(vib-sensor.o)
                0x000000000002a860                vib_interface
                0x000000000002a874                vib_sensor
 .rodata        0x000000000002a884        0x8 build/cooja/mtype813.a(clock.o)
                0x000000000002a884                clock_interface
 .rodata        0x000000000002a88c        0x8 build/cooja/mtype813.a(cooja-log.o)
                0x000000000002a88c                simlog_interface
 .rodata        0x000000000002a894       0x2f build/cooja/mtype813.a(cfs-cooja.o)
                0x000000000002a894                cfs_interface
 *fill*         0x000000000002a8c3       0x1d 
 .rodata        0x000000000002a8e0       0xb8 build/cooja/mtype813.a(cooja-radio.o)
                0x000000000002a8e0                radio_interface
                0x000000000002a960                cooja_radio_driver
 .rodata        0x000000000002a998        0x8 build/cooja/mtype813.a(eeprom.o)
                0x000000000002a998                eeprom_interface
 .rodata        0x000000000002a9a0        0x8 build/cooja/mtype813.a(sensors.o)
 .rodata        0x000000000002a9a8       0x2c build/cooja/mtype813.a(buttons.o)
                0x000000000002a9a8                button_interface
                0x000000000002a9bc                button_hal_button_count
                0x000000000002a9c4                button_sensor
 .rodata        0x000000000002a9d4       0x7d build/cooja/mtype813.a(res_temperature)
 .rodata        0x000000000002aa51       0x41 build/cooja/mtype813.a(coap-engine.o)
 .rodata        0x000000000002aa92       0x19 build/cooja/mtype813.a(coap-res-well-k)
 .rodata        0x000000000002aaab       0x11 build/cooja/mtype813.a(coap-observe.o)
 .rodata        0x000000000002aabc       0x35 build/cooja/mtype813.a(coap-uip.o)
 *fill*         0x000000000002aaf1        0x3 
 .rodata        0x000000000002aaf4      0x1ac build/cooja/mtype813.a(coap.o)
 .rodata        0x000000000002aca0       0xf8 build/cooja/mtype813.a(contiki-main.o)
 .rodata        0x000000000002ad98        0xf build/cooja/mtype813.a(ctimer.o)
 *fill*         0x000000000002ada7        0x1 
 .rodata        0x000000000002ada8       0xc4 build/cooja/mtype813.a(log.o)
 .rodata        0x000000000002ae6c        0xc build/cooja/mtype813.a(etimer.o)
 .rodata        0x000000000002ae78       0x13 build/cooja/mtype813.a(button-hal.o)
 .rodata        0x000000000002ae8b        0xe build/cooja/mtype813.a(serial-line.o)
 *fill*         0x000000000002ae99        0x3 
 .rodata        0x000000000002ae9c        0x8 build/cooja/mtype813.a(linkaddr.o)
                0x000000000002ae9c                linkaddr_null
 .rodata        0x000000000002aea4       0x24 build/cooja/mtype813.a(csma.o)
                0x000000000002aeac                csma_driver
 .rodata        0x000000000002aec8       0x2a build/cooja/mtype813.a(csma-output.o)
 *fill*         0x000000000002aef2        0x2 
 .rodata        0x000000000002aef4       0x4d build/cooja/mtype813.a(uip-ds6-route.o)
 .rodata        0x000000000002af41        0xd build/cooja/mtype813.a(tcpip.o)
 .rodata        0x000000000002af4e       0x13 build/cooja/mtype813.a(simple-udp.o)
 *fill*         0x000000000002af61        0x3 
 .rodata        0x000000000002af64       0x30 build/cooja/mtype813.a(sicslowpan.o)
                0x000000000002af64                unc_llconf
                0x000000000002af68                unc_ctxconf
                0x000000000002af6c                unc_mxconf
                0x000000000002af70                llprefix
                0x000000000002af84                sicslowpan_driver
 .rodata        0x000000000002af94       0x2d build/cooja/mtype813.a(uiplib.o)
 *fill*         0x000000000002afc1       0x1f 
 .rodata        0x000000000002afe0       0x74 build/cooja/mtype813.a(rpl.o)
                0x000000000002b000                rpl_lite_driver
 .rodata        0x000000000002b054       0x20 build/cooja/mtype813.a(coap-timer-defa)
                0x000000000002b068                coap_timer_default_driver
 .rodata        0x000000000002b074       0x25 build/cooja/mtype813.a(assert.o)
 *fill*         0x000000000002b099        0x3 
 .rodata        0x000000000002b09c        0xc build/cooja/mtype813.a(framer-802154.o)
                0x000000000002b09c                framer_802154
 .rodata        0x000000000002b0a8       0x44 build/cooja/mtype813.a(uip-sr.o)
 .rodata        0x000000000002b0ec       0x58 build/cooja/mtype813.a(rpl-neighbor.o)
 .rodata        0x000000000002b144       0xdb build/cooja/mtype813.a(rpl-dag.o)
 .rodata        0x000000000002b21f        0xc build/cooja/mtype813.a(rpl-timers.o)

.rodata1
 *(.rodata1)

.eh_frame_hdr   0x000000000002b22c     0x1a2c
 *(.eh_frame_hdr)
 .eh_frame_hdr  0x000000000002b22c     0x1a2c client.o
                0x000000000002b22c                __GNU_EH_FRAME_HDR
 *(.eh_frame_entry .eh_frame_entry.*)

.eh_frame       0x000000000002cc58     0x6a48
 *(.eh_frame)
 .eh_frame      0x000000000002cc58       0x3c /usr/lib/gcc/i686-linux-gnu/5/../../../i386-linux-gnu/crti.o
                                         0x40 (size before relaxing)
 .eh_frame      0x000000000002cc94       0xa0 client.o
                                         0xb8 (size before relaxing)
 .eh_frame      0x000000000002cd34      0x178 build/cooja/mtype813.o
                                        0x190 (size before relaxing)
 .eh_frame      0x000000000002ceac       0x40 build/cooja/mtype813.a(simEnvChange.o)
                                         0x58 (size before relaxing)
 .eh_frame      0x000000000002ceec       0x60 build/cooja/mtype813.a(cooja_mt.o)
                                         0x78 (size before relaxing)
 .eh_frame      0x000000000002cf4c       0x80 build/cooja/mtype813.a(cooja_mtarch.o)
                                         0x98 (size before relaxing)
 .eh_frame      0x000000000002cfcc       0xc8 build/cooja/mtype813.a(rtimer-arch.o)
                                         0xe0 (size before relaxing)
 .eh_frame      0x000000000002d094      0x160 build/cooja/mtype813.a(beep.o)
                                        0x178 (size before relaxing)
 .eh_frame      0x000000000002d1f4       0x80 build/cooja/mtype813.a(leds-arch.o)
                                         0x98 (size before relaxing)
 .eh_frame      0x000000000002d274       0x40 build/cooja/mtype813.a(moteid.o)
                                         0x58 (size before relaxing)
 .eh_frame      0x000000000002d2b4       0xa0 build/cooja/mtype813.a(pir-sensor.o)
                                         0xb8 (size before relaxing)
 .eh_frame      0x000000000002d354      0x100 build/cooja/mtype813.a(rs232.o)
                                        0x118 (size before relaxing)
 .eh_frame      0x000000000002d454       0xa0 build/cooja/mtype813.a(vib-sensor.o)
                                         0xb8 (size before relaxing)
 .eh_frame      0x000000000002d4f4       0xc0 build/cooja/mtype813.a(clock.o)
                                         0xd8 (size before relaxing)
 .eh_frame      0x000000000002d5b4      0x120 build/cooja/mtype813.a(cooja-log.o)
                                        0x138 (size before relaxing)
 .eh_frame      0x000000000002d6d4      0x160 build/cooja/mtype813.a(cfs-cooja.o)
                                        0x178 (size before relaxing)
 .eh_frame      0x000000000002d834      0x340 build/cooja/mtype813.a(cooja-radio.o)
                                        0x358 (size before relaxing)
 .eh_frame      0x000000000002db74       0xa0 build/cooja/mtype813.a(eeprom.o)
                                         0xb8 (size before relaxing)
 .eh_frame      0x000000000002dc14       0x40 build/cooja/mtype813.a(random.o)
                                         0x58 (size before relaxing)
 .eh_frame      0x000000000002dc54       0xc0 build/cooja/mtype813.a(sensors.o)
                                         0xd8 (size before relaxing)
 .eh_frame      0x000000000002dd14      0x120 build/cooja/mtype813.a(leds.o)
                                        0x138 (size before relaxing)
 .eh_frame      0x000000000002de34      0x220 build/cooja/mtype813.a(gpio-hal-arch.o)
                                        0x238 (size before relaxing)
 .eh_frame      0x000000000002e054       0xa0 build/cooja/mtype813.a(buttons.o)
                                         0xb8 (size before relaxing)
 .eh_frame      0x000000000002e0f4       0x8c build/cooja/mtype813.a(res_temperature)
                                         0xa4 (size before relaxing)
 .eh_frame      0x000000000002e180       0x44 build/cooja/mtype813.a(coap-blocking-a)
                                         0x5c (size before relaxing)
 .eh_frame      0x000000000002e1c4      0x220 build/cooja/mtype813.a(coap-engine.o)
                                        0x238 (size before relaxing)
 .eh_frame      0x000000000002e3e4       0x24 build/cooja/mtype813.a(coap-res-well-k)
                                         0x3c (size before relaxing)
 .eh_frame      0x000000000002e408      0x188 build/cooja/mtype813.a(coap-observe.o)
                                        0x1a0 (size before relaxing)
 .eh_frame      0x000000000002e590      0x250 build/cooja/mtype813.a(coap-uip.o)
                                        0x268 (size before relaxing)
 .eh_frame      0x000000000002e7e0      0x114 build/cooja/mtype813.a(coap-timer.o)
                                        0x12c (size before relaxing)
 .eh_frame      0x000000000002e8f4      0x100 build/cooja/mtype813.a(coap-transactio)
                                        0x118 (size before relaxing)
 .eh_frame      0x000000000002e9f4      0x6ec build/cooja/mtype813.a(coap.o)
                                        0x704 (size before relaxing)
 .eh_frame      0x000000000002f0e0       0x30 build/cooja/mtype813.a(contiki-main.o)
                                         0x48 (size before relaxing)
 .eh_frame      0x000000000002f110       0x40 build/cooja/mtype813.a(autostart.o)
                                         0x58 (size before relaxing)
 .eh_frame      0x000000000002f150      0x100 build/cooja/mtype813.a(ctimer.o)
                                        0x118 (size before relaxing)
 .eh_frame      0x000000000002f250      0x100 build/cooja/mtype813.a(log.o)
                                        0x118 (size before relaxing)
 .eh_frame      0x000000000002f350       0x60 build/cooja/mtype813.a(energest.o)
                                         0x78 (size before relaxing)
 .eh_frame      0x000000000002f3b0      0x1e0 build/cooja/mtype813.a(etimer.o)
                                        0x1f8 (size before relaxing)
 .eh_frame      0x000000000002f590       0x20 build/cooja/mtype813.a(node-id.o)
                                         0x38 (size before relaxing)
 .eh_frame      0x000000000002f5b0       0x60 build/cooja/mtype813.a(rtimer.o)
                                         0x78 (size before relaxing)
 .eh_frame      0x000000000002f610      0x1c4 build/cooja/mtype813.a(process.o)
                                        0x1dc (size before relaxing)
 .eh_frame      0x000000000002f7d4       0xa4 build/cooja/mtype813.a(timer.o)
                                         0xbc (size before relaxing)
 .eh_frame      0x000000000002f878      0x1a0 build/cooja/mtype813.a(list.o)
                                        0x1b8 (size before relaxing)
 .eh_frame      0x000000000002fa18       0xa0 build/cooja/mtype813.a(memb.o)
                                         0xb8 (size before relaxing)
 .eh_frame      0x000000000002fab8      0x144 build/cooja/mtype813.a(button-hal.o)
                                        0x15c (size before relaxing)
 .eh_frame      0x000000000002fbfc       0x60 build/cooja/mtype813.a(serial-line.o)
                                         0x78 (size before relaxing)
 .eh_frame      0x000000000002fc5c       0xe0 build/cooja/mtype813.a(gpio-hal.o)
                                         0xf8 (size before relaxing)
 .eh_frame      0x000000000002fd3c      0x1a0 build/cooja/mtype813.a(queuebuf.o)
                                        0x1b8 (size before relaxing)
 .eh_frame      0x000000000002fedc      0x28c build/cooja/mtype813.a(packetbuf.o)
                                        0x2a4 (size before relaxing)
 .eh_frame      0x0000000000030168       0x80 build/cooja/mtype813.a(netstack.o)
                                         0x98 (size before relaxing)
 .eh_frame      0x00000000000301e8       0x60 build/cooja/mtype813.a(linkaddr.o)
                                         0x78 (size before relaxing)
 .eh_frame      0x0000000000030248       0xe0 build/cooja/mtype813.a(csma.o)
                                         0xf8 (size before relaxing)
 .eh_frame      0x0000000000030328      0x1d0 build/cooja/mtype813.a(csma-output.o)
                                        0x1e8 (size before relaxing)
 .eh_frame      0x00000000000304f8      0x328 build/cooja/mtype813.a(uip-ds6.o)
                                        0x340 (size before relaxing)
 .eh_frame      0x0000000000030820       0x40 build/cooja/mtype813.a(uip-udp-packet.)
                                         0x58 (size before relaxing)
 .eh_frame      0x0000000000030860      0x220 build/cooja/mtype813.a(uip-ds6-route.o)
                                        0x238 (size before relaxing)
 .eh_frame      0x0000000000030a80      0x244 build/cooja/mtype813.a(tcpip.o)
                                        0x25c (size before relaxing)
 .eh_frame      0x0000000000030cc4      0x1e8 build/cooja/mtype813.a(uip6.o)
                                        0x200 (size before relaxing)
 .eh_frame      0x0000000000030eac      0x1c0 build/cooja/mtype813.a(uip-ds6-nbr.o)
                                        0x1d8 (size before relaxing)
 .eh_frame      0x000000000003106c       0x84 build/cooja/mtype813.a(uip-nd6.o)
                                         0x9c (size before relaxing)
 .eh_frame      0x00000000000310f0       0xd4 build/cooja/mtype813.a(simple-udp.o)
                                         0xec (size before relaxing)
 .eh_frame      0x00000000000311c4      0x2f8 build/cooja/mtype813.a(sicslowpan.o)
                                        0x310 (size before relaxing)
 .eh_frame      0x00000000000314bc       0x88 build/cooja/mtype813.a(uiplib.o)
                                         0xa0 (size before relaxing)
 .eh_frame      0x0000000000031544      0x1e0 build/cooja/mtype813.a(rpl.o)
                                        0x1f8 (size before relaxing)
 .eh_frame      0x0000000000031724      0x1c4 build/cooja/mtype813.a(rpl-icmp6.o)
                                        0x1dc (size before relaxing)
 .eh_frame      0x00000000000318e8       0xa0 build/cooja/mtype813.a(rpl-dag-root.o)
                                         0xb8 (size before relaxing)
 .eh_frame      0x0000000000031988       0xa0 build/cooja/mtype813.a(watchdog.o)
                                         0xb8 (size before relaxing)
 .eh_frame      0x0000000000031a28       0x80 build/cooja/mtype813.a(int-master.o)
                                         0x98 (size before relaxing)
 .eh_frame      0x0000000000031aa8       0xa4 build/cooja/mtype813.a(coap-timer-defa)
                                         0xbc (size before relaxing)
 .eh_frame      0x0000000000031b4c       0xc4 build/cooja/mtype813.a(stimer.o)
                                         0xdc (size before relaxing)
 .eh_frame      0x0000000000031c10       0xa0 build/cooja/mtype813.a(ringbuf.o)
                                         0xb8 (size before relaxing)
 .eh_frame      0x0000000000031cb0       0x20 build/cooja/mtype813.a(assert.o)
                                         0x38 (size before relaxing)
 .eh_frame      0x0000000000031cd0      0x2ac build/cooja/mtype813.a(nbr-table.o)
                                        0x2c4 (size before relaxing)
 .eh_frame      0x0000000000031f7c      0x120 build/cooja/mtype813.a(link-stats.o)
                                        0x138 (size before relaxing)
 .eh_frame      0x000000000003209c       0x48 build/cooja/mtype813.a(mac-sequence.o)
                                         0x60 (size before relaxing)
 .eh_frame      0x00000000000320e4       0x20 build/cooja/mtype813.a(mac.o)
                                         0x38 (size before relaxing)
 .eh_frame      0x0000000000032104       0xa4 build/cooja/mtype813.a(framer-802154.o)
                                         0xbc (size before relaxing)
 .eh_frame      0x00000000000321a8      0x1a4 build/cooja/mtype813.a(frame802154.o)
                                        0x1bc (size before relaxing)
 .eh_frame      0x000000000003234c       0x40 build/cooja/mtype813.a(csma-security.o)
                                         0x58 (size before relaxing)
 .eh_frame      0x000000000003238c      0x200 build/cooja/mtype813.a(uipbuf.o)
                                        0x218 (size before relaxing)
 .eh_frame      0x000000000003258c      0x150 build/cooja/mtype813.a(uip-icmp6.o)
                                        0x168 (size before relaxing)
 .eh_frame      0x00000000000326dc      0x184 build/cooja/mtype813.a(uip-sr.o)
                                        0x19c (size before relaxing)
 .eh_frame      0x0000000000032860       0xe0 build/cooja/mtype813.a(uip-packetqueue)
                                         0xf8 (size before relaxing)
 .eh_frame      0x0000000000032940       0x80 build/cooja/mtype813.a(rpl-nbr-policy.)
                                         0x98 (size before relaxing)
 .eh_frame      0x00000000000329c0      0x2d4 build/cooja/mtype813.a(rpl-neighbor.o)
                                        0x2ec (size before relaxing)
 .eh_frame      0x0000000000032c94      0x370 build/cooja/mtype813.a(rpl-dag.o)
                                        0x388 (size before relaxing)
 .eh_frame      0x0000000000033004      0x3a8 build/cooja/mtype813.a(rpl-timers.o)
                                        0x3c0 (size before relaxing)
 .eh_frame      0x00000000000333ac      0x124 build/cooja/mtype813.a(rpl-ext-header.)
                                        0x13c (size before relaxing)
 .eh_frame      0x00000000000334d0      0x148 build/cooja/mtype813.a(rpl-mrhof.o)
                                        0x160 (size before relaxing)
 .eh_frame      0x0000000000033618       0x84 /usr/lib/gcc/i686-linux-gnu/5/libgcc.a(_udivdi3.o)
                                         0x9c (size before relaxing)
 .eh_frame      0x000000000003369c        0x4 /usr/lib/gcc/i686-linux-gnu/5/crtendS.o
 *(.eh_frame.*)

.gcc_except_table
 *(.gcc_except_table .gcc_except_table.*)

.gnu_extab
 *(.gnu_extab*)

.exception_ranges
 *(.exception_ranges .exception_ranges*)
                0x0000000000034f10                . = DATA_SEGMENT_ALIGN (0x1000, 0x1000)

.eh_frame
 *(.eh_frame)
 *(.eh_frame.*)

.gnu_extab
 *(.gnu_extab)

.gcc_except_table
 *(.gcc_except_table .gcc_except_table.*)

.exception_ranges
 *(.exception_ranges .exception_ranges*)

.tdata
 *(.tdata .tdata.* .gnu.linkonce.td.*)

.tbss
 *(.tbss .tbss.* .gnu.linkonce.tb.*)
 *(.tcommon)

.preinit_array
 *(.preinit_array)

.init_array     0x0000000000034f10        0x4
 *(SORT(.init_array.*) SORT(.ctors.*))
 *(.init_array EXCLUDE_FILE(*crtend?.o *crtend.o *crtbegin?.o *crtbegin.o) .ctors)
 .init_array    0x0000000000034f10        0x4 /usr/lib/gcc/i686-linux-gnu/5/crtbeginS.o

.fini_array     0x0000000000034f14        0x4
 *(SORT(.fini_array.*) SORT(.dtors.*))
 *(.fini_array EXCLUDE_FILE(*crtend?.o *crtend.o *crtbegin?.o *crtbegin.o) .dtors)
 .fini_array    0x0000000000034f14        0x4 /usr/lib/gcc/i686-linux-gnu/5/crtbeginS.o

.ctors
 *crtbegin.o(.ctors)
 *crtbegin?.o(.ctors)
 *(EXCLUDE_FILE(*crtend?.o *crtend.o) .ctors)
 *(SORT(.ctors.*))
 *(.ctors)

.dtors
 *crtbegin.o(.dtors)
 *crtbegin?.o(.dtors)
 *(EXCLUDE_FILE(*crtend?.o *crtend.o) .dtors)
 *(SORT(.dtors.*))
 *(.dtors)

.jcr            0x0000000000034f18        0x4
 *(.jcr)
 .jcr           0x0000000000034f18        0x0 /usr/lib/gcc/i686-linux-gnu/5/crtbeginS.o
 .jcr           0x0000000000034f18        0x4 /usr/lib/gcc/i686-linux-gnu/5/crtendS.o

.data.rel.ro
 *(.data.rel.ro.local* .gnu.linkonce.d.rel.ro.local.*)
 *(.data.rel.ro .data.rel.ro.* .gnu.linkonce.d.rel.ro.*)

.dynamic        0x0000000000034f1c       0xd0
 *(.dynamic)
 .dynamic       0x0000000000034f1c       0xd0 /usr/lib/gcc/i686-linux-gnu/5/../../../i386-linux-gnu/crti.o
                0x0000000000034f1c                _DYNAMIC

.got            0x0000000000034fec       0x14
 *(.got)
 .got           0x0000000000034fec       0x14 /usr/lib/gcc/i686-linux-gnu/5/../../../i386-linux-gnu/crti.o
 *(.igot)
                0x0000000000035ff4                . = DATA_SEGMENT_RELRO_END (., (SIZEOF (.got.plt) >= 0xc)?0xc:0x0)

.got.plt        0x0000000000035000        0xc
 *(.got.plt)
 .got.plt       0x0000000000035000        0xc /usr/lib/gcc/i686-linux-gnu/5/../../../i386-linux-gnu/crti.o
                0x0000000000035000                _GLOBAL_OFFSET_TABLE_
 *(.igot.plt)

.data           0x0000000000035020      0x4e4
 *(.data .data.* .gnu.linkonce.d.*)
 .data          0x0000000000035020        0x0 /usr/lib/gcc/i686-linux-gnu/5/../../../i386-linux-gnu/crti.o
 .data          0x0000000000035020        0x0 /usr/lib/gcc/i686-linux-gnu/5/crtbeginS.o
 .data.rel.local
                0x0000000000035020        0x4 /usr/lib/gcc/i686-linux-gnu/5/crtbeginS.o
                0x0000000000035020                __dso_handle
 .data          0x0000000000035024       0x30 client.o
                0x0000000000035024                udp_client
                0x0000000000035034                coap_client
                0x0000000000035044                coap_server
 *fill*         0x0000000000035054        0xc 
 .data          0x0000000000035060       0x44 build/cooja/mtype813.o
                0x0000000000035060                simInterfaces
                0x0000000000035094                sensors
 .data          0x00000000000350a4        0x0 build/cooja/mtype813.a(simEnvChange.o)
 .data          0x00000000000350a4        0x0 build/cooja/mtype813.a(cooja_mt.o)
 .data          0x00000000000350a4        0x0 build/cooja/mtype813.a(cooja_mtarch.o)
 .data          0x00000000000350a4        0x0 build/cooja/mtype813.a(rtimer-arch.o)
 .data          0x00000000000350a4        0x0 build/cooja/mtype813.a(beep.o)
 .data          0x00000000000350a4        0x0 build/cooja/mtype813.a(leds-arch.o)
 .data          0x00000000000350a4        0x0 build/cooja/mtype813.a(moteid.o)
 .data          0x00000000000350a4        0x0 build/cooja/mtype813.a(pir-sensor.o)
 .data          0x00000000000350a4        0x0 build/cooja/mtype813.a(rs232.o)
 .data          0x00000000000350a4        0x0 build/cooja/mtype813.a(vib-sensor.o)
 .data          0x00000000000350a4        0x0 build/cooja/mtype813.a(clock.o)
 .data          0x00000000000350a4        0x0 build/cooja/mtype813.a(cooja-log.o)
 .data          0x00000000000350a4        0x0 build/cooja/mtype813.a(cfs-cooja.o)
 .data          0x00000000000350a4       0x2c build/cooja/mtype813.a(cooja-radio.o)
                0x00000000000350a4                simRadioHWOn
                0x00000000000350a8                simSignalStrength
                0x00000000000350ac                simLastSignalStrength
                0x00000000000350b0                simPower
                0x00000000000350b4                simRadioChannel
                0x00000000000350b8                simLQI
                0x00000000000350c0                cooja_radio_process
 .data          0x00000000000350d0        0x0 build/cooja/mtype813.a(eeprom.o)
 .data          0x00000000000350d0        0x0 build/cooja/mtype813.a(random.o)
 .data          0x00000000000350d0       0x10 build/cooja/mtype813.a(sensors.o)
                0x00000000000350d0                sensors_process
 .data          0x00000000000350e0        0x0 build/cooja/mtype813.a(leds.o)
 .data          0x00000000000350e0        0x0 build/cooja/mtype813.a(gpio-hal-arch.o)
 .data          0x00000000000350e0       0x78 build/cooja/mtype813.a(buttons.o)
                0x00000000000350e0                simButtonIsActive
                0x0000000000035150                button_hal_buttons
 *fill*         0x0000000000035158        0x8 
 .data          0x0000000000035160       0xa4 build/cooja/mtype813.a(res_temperature)
                0x00000000000351e0                res_temperature
 .data          0x0000000000035204        0x0 build/cooja/mtype813.a(coap-blocking-a)
 .data          0x0000000000035204        0x8 build/cooja/mtype813.a(coap-engine.o)
 *fill*         0x000000000003520c       0x14 
 .data          0x0000000000035220       0x24 build/cooja/mtype813.a(coap-res-well-k)
                0x0000000000035220                res_well_known_core
 .data          0x0000000000035244       0x10 build/cooja/mtype813.a(coap-observe.o)
 .data          0x0000000000035254       0x10 build/cooja/mtype813.a(coap-uip.o)
                0x0000000000035254                coap_engine
 .data          0x0000000000035264        0x4 build/cooja/mtype813.a(coap-timer.o)
 .data          0x0000000000035268       0x10 build/cooja/mtype813.a(coap-transactio)
 .data          0x0000000000035278        0x4 build/cooja/mtype813.a(coap.o)
                0x0000000000035278                coap_error_message
 .data          0x000000000003527c        0x0 build/cooja/mtype813.a(contiki-main.o)
 .data          0x000000000003527c        0x0 build/cooja/mtype813.a(autostart.o)
 .data          0x000000000003527c       0x14 build/cooja/mtype813.a(ctimer.o)
                0x0000000000035280                ctimer_process
 *fill*         0x0000000000035290       0x10 
 .data          0x00000000000352a0       0xbc build/cooja/mtype813.a(log.o)
                0x00000000000352a0                curr_log_level_main
                0x00000000000352c0                all_modules
 .data          0x000000000003535c        0x0 build/cooja/mtype813.a(energest.o)
 .data          0x000000000003535c       0x10 build/cooja/mtype813.a(etimer.o)
                0x000000000003535c                etimer_process
 .data          0x000000000003536c        0x0 build/cooja/mtype813.a(node-id.o)
 .data          0x000000000003536c        0x0 build/cooja/mtype813.a(rtimer.o)
 .data          0x000000000003536c        0x0 build/cooja/mtype813.a(process.o)
 .data          0x000000000003536c        0x0 build/cooja/mtype813.a(timer.o)
 .data          0x000000000003536c        0x0 build/cooja/mtype813.a(list.o)
 .data          0x000000000003536c        0x0 build/cooja/mtype813.a(memb.o)
 .data          0x000000000003536c       0x10 build/cooja/mtype813.a(button-hal.o)
                0x000000000003536c                button_hal_process
 .data          0x000000000003537c       0x10 build/cooja/mtype813.a(serial-line.o)
                0x000000000003537c                serial_line_process
 .data          0x000000000003538c        0x4 build/cooja/mtype813.a(gpio-hal.o)
 .data          0x0000000000035390       0x18 build/cooja/mtype813.a(queuebuf.o)
 .data          0x00000000000353a8        0x4 build/cooja/mtype813.a(packetbuf.o)
 .data          0x00000000000353ac        0x4 build/cooja/mtype813.a(netstack.o)
 .data          0x00000000000353b0        0x0 build/cooja/mtype813.a(linkaddr.o)
 .data          0x00000000000353b0        0x0 build/cooja/mtype813.a(csma.o)
 .data          0x00000000000353b0       0x28 build/cooja/mtype813.a(csma-output.o)
 .data          0x00000000000353d8        0x0 build/cooja/mtype813.a(uip-ds6.o)
 .data          0x00000000000353d8        0x0 build/cooja/mtype813.a(uip-udp-packet.)
 .data          0x00000000000353d8       0x10 build/cooja/mtype813.a(uip-ds6-route.o)
 .data          0x00000000000353e8       0x10 build/cooja/mtype813.a(tcpip.o)
                0x00000000000353e8                tcpip_process
 .data          0x00000000000353f8        0x0 build/cooja/mtype813.a(uip6.o)
 .data          0x00000000000353f8       0x14 build/cooja/mtype813.a(uip-ds6-nbr.o)
 .data          0x000000000003540c        0xc build/cooja/mtype813.a(uip-nd6.o)
 .data          0x0000000000035418       0x10 build/cooja/mtype813.a(simple-udp.o)
                0x0000000000035418                simple_udp_process
 .data          0x0000000000035428        0x0 build/cooja/mtype813.a(sicslowpan.o)
 .data          0x0000000000035428        0x0 build/cooja/mtype813.a(uiplib.o)
 .data          0x0000000000035428        0x0 build/cooja/mtype813.a(rpl.o)
 .data          0x0000000000035428       0x30 build/cooja/mtype813.a(rpl-icmp6.o)
 .data          0x0000000000035458        0x0 build/cooja/mtype813.a(rpl-dag-root.o)
 .data          0x0000000000035458        0x0 build/cooja/mtype813.a(watchdog.o)
 .data          0x0000000000035458        0x0 build/cooja/mtype813.a(int-master.o)
 .data          0x0000000000035458       0x10 build/cooja/mtype813.a(coap-timer-defa)
                0x0000000000035458                coap_timer_process
 .data          0x0000000000035468        0x0 build/cooja/mtype813.a(stimer.o)
 .data          0x0000000000035468        0x0 build/cooja/mtype813.a(ringbuf.o)
 .data          0x0000000000035468        0x0 build/cooja/mtype813.a(assert.o)
 .data          0x0000000000035468       0x10 build/cooja/mtype813.a(nbr-table.o)
 .data          0x0000000000035478       0x14 build/cooja/mtype813.a(link-stats.o)
 .data          0x000000000003548c        0x0 build/cooja/mtype813.a(mac-sequence.o)
 .data          0x000000000003548c        0x0 build/cooja/mtype813.a(mac.o)
 .data          0x000000000003548c        0x0 build/cooja/mtype813.a(framer-802154.o)
 .data          0x000000000003548c        0x2 build/cooja/mtype813.a(frame802154.o)
 .data          0x000000000003548e        0x0 build/cooja/mtype813.a(csma-security.o)
 .data          0x000000000003548e        0x0 build/cooja/mtype813.a(uipbuf.o)
 *fill*         0x000000000003548e        0x2 
 .data          0x0000000000035490       0x20 build/cooja/mtype813.a(uip-icmp6.o)
 .data          0x00000000000354b0       0x10 build/cooja/mtype813.a(uip-sr.o)
 .data          0x00000000000354c0        0xc build/cooja/mtype813.a(uip-packetqueue)
 .data          0x00000000000354cc        0x0 build/cooja/mtype813.a(rpl-nbr-policy.)
 .data          0x00000000000354cc       0x14 build/cooja/mtype813.a(rpl-neighbor.o)
                0x00000000000354dc                rpl_neighbors
 .data          0x00000000000354e0        0x0 build/cooja/mtype813.a(rpl-dag.o)
 .data          0x00000000000354e0        0x0 build/cooja/mtype813.a(rpl-timers.o)
 .data          0x00000000000354e0        0x0 build/cooja/mtype813.a(rpl-ext-header.)
 .data          0x00000000000354e0       0x24 build/cooja/mtype813.a(rpl-mrhof.o)
                0x00000000000354e0                rpl_mrhof
 .data          0x0000000000035504        0x0 /usr/lib/gcc/i686-linux-gnu/5/libgcc.a(_udivdi3.o)
 .data          0x0000000000035504        0x0 /usr/lib/gcc/i686-linux-gnu/5/crtendS.o
 .data          0x0000000000035504        0x0 /usr/lib/gcc/i686-linux-gnu/5/../../../i386-linux-gnu/crtn.o

.tm_clone_table
                0x0000000000035504        0x0
 .tm_clone_table
                0x0000000000035504        0x0 /usr/lib/gcc/i686-linux-gnu/5/crtbeginS.o
 .tm_clone_table
                0x0000000000035504        0x0 /usr/lib/gcc/i686-linux-gnu/5/crtendS.o

.data1
 *(.data1)
                0x0000000000035504                _edata = .
                [!provide]                        PROVIDE (edata, .)
                0x0000000000035504                . = .
                0x0000000000035504                __bss_start = .

.bss            0x0000000000035520    0x14504
 *(.dynbss)
 .dynbss        0x0000000000035520        0x0 /usr/lib/gcc/i686-linux-gnu/5/../../../i386-linux-gnu/crti.o
 *(.bss .bss.* .gnu.linkonce.b.*)
 .bss           0x0000000000035520        0x0 /usr/lib/gcc/i686-linux-gnu/5/../../../i386-linux-gnu/crti.o
 .bss           0x0000000000035520        0x1 /usr/lib/gcc/i686-linux-gnu/5/crtbeginS.o
 *fill*         0x0000000000035521       0x1f 
 .bss           0x0000000000035540      0x18c client.o
                0x0000000000035540                rpl_add
                0x0000000000035541                registered
 *fill*         0x00000000000356cc       0x14 
 .bss           0x00000000000356e0     0x2030 build/cooja/mtype813.o
 .bss           0x0000000000037710        0x1 build/cooja/mtype813.a(simEnvChange.o)
                0x0000000000037710                simDontFallAsleep
 *fill*         0x0000000000037711        0x3 
 .bss           0x0000000000037714        0x4 build/cooja/mtype813.a(cooja_mt.o)
 .bss           0x0000000000037718        0x4 build/cooja/mtype813.a(cooja_mtarch.o)
 .bss           0x000000000003771c        0x0 build/cooja/mtype813.a(rtimer-arch.o)
 .bss           0x000000000003771c        0x0 build/cooja/mtype813.a(beep.o)
 .bss           0x000000000003771c        0x1 build/cooja/mtype813.a(leds-arch.o)
                0x000000000003771c                simLedsValue
 .bss           0x000000000003771d        0x0 build/cooja/mtype813.a(moteid.o)
 .bss           0x000000000003771d        0x1 build/cooja/mtype813.a(pir-sensor.o)
                0x000000000003771d                simPirValue
 *fill*         0x000000000003771e        0x2 
 .bss           0x0000000000037720        0x4 build/cooja/mtype813.a(rs232.o)
 .bss           0x0000000000037724        0x1 build/cooja/mtype813.a(vib-sensor.o)
                0x0000000000037724                simVibValue
 .bss           0x0000000000037725        0x0 build/cooja/mtype813.a(clock.o)
 *fill*         0x0000000000037725       0x1b 
 .bss           0x0000000000037740     0x2020 build/cooja/mtype813.a(cooja-log.o)
 .bss           0x0000000000039760      0xfc0 build/cooja/mtype813.a(cfs-cooja.o)
                0x0000000000039760                simCFSData
                0x000000000003a700                simCFSSize
                0x000000000003a704                simCFSChanged
                0x000000000003a708                simCFSRead
                0x000000000003a70c                simCFSWritten
 .bss           0x000000000003a720       0x24 build/cooja/mtype813.a(cooja-radio.o)
                0x000000000003a720                simReceiving
                0x000000000003a724                simInSize
                0x000000000003a728                simLastPacketTimestamp
                0x000000000003a730                simOutSize
 .bss           0x000000000003a744        0xc build/cooja/mtype813.a(eeprom.o)
                0x000000000003a744                simEEPROMChanged
                0x000000000003a748                simEEPROMRead
                0x000000000003a74c                simEEPROMWritten
 .bss           0x000000000003a750        0x0 build/cooja/mtype813.a(random.o)
 .bss           0x000000000003a750        0xc build/cooja/mtype813.a(sensors.o)
 .bss           0x000000000003a75c        0x0 build/cooja/mtype813.a(leds.o)
 .bss           0x000000000003a75c       0x24 build/cooja/mtype813.a(gpio-hal-arch.o)
 .bss           0x000000000003a780        0x0 build/cooja/mtype813.a(buttons.o)
 .bss           0x000000000003a780        0x4 build/cooja/mtype813.a(res_temperature)
 .bss           0x000000000003a784        0x0 build/cooja/mtype813.a(coap-blocking-a)
 *fill*         0x000000000003a784       0x1c 
 .bss           0x000000000003a7a0      0x190 build/cooja/mtype813.a(coap-engine.o)
 .bss           0x000000000003a930        0x0 build/cooja/mtype813.a(coap-res-well-k)
 *fill*         0x000000000003a930       0x10 
 .bss           0x000000000003a940      0x120 build/cooja/mtype813.a(coap-observe.o)
 .bss           0x000000000003aa60       0x18 build/cooja/mtype813.a(coap-uip.o)
 .bss           0x000000000003aa78        0x5 build/cooja/mtype813.a(coap-timer.o)
 *fill*         0x000000000003aa7d        0x3 
 .bss           0x000000000003aa80      0x334 build/cooja/mtype813.a(coap-transactio)
 .bss           0x000000000003adb4        0x6 build/cooja/mtype813.a(coap.o)
                0x000000000003adb4                coap_status_code
 .bss           0x000000000003adba        0x0 build/cooja/mtype813.a(contiki-main.o)
 .bss           0x000000000003adba        0x0 build/cooja/mtype813.a(autostart.o)
 *fill*         0x000000000003adba        0x2 
 .bss           0x000000000003adbc        0x5 build/cooja/mtype813.a(ctimer.o)
 *fill*         0x000000000003adc1        0x3 
 .bss           0x000000000003adc4       0x2c build/cooja/mtype813.a(log.o)
                0x000000000003adc4                curr_log_level_rpl
                0x000000000003adc8                curr_log_level_tcpip
                0x000000000003adcc                curr_log_level_ipv6
                0x000000000003add0                curr_log_level_6lowpan
                0x000000000003add4                curr_log_level_nullnet
                0x000000000003add8                curr_log_level_mac
                0x000000000003addc                curr_log_level_framer
                0x000000000003ade0                curr_log_level_6top
                0x000000000003ade4                curr_log_level_coap
                0x000000000003ade8                curr_log_level_snmp
                0x000000000003adec                curr_log_level_lwm2m
 .bss           0x000000000003adf0        0x0 build/cooja/mtype813.a(energest.o)
 .bss           0x000000000003adf0        0x8 build/cooja/mtype813.a(etimer.o)
 .bss           0x000000000003adf8        0x2 build/cooja/mtype813.a(node-id.o)
                0x000000000003adf8                node_id
 *fill*         0x000000000003adfa        0x2 
 .bss           0x000000000003adfc        0x4 build/cooja/mtype813.a(rtimer.o)
 .bss           0x000000000003ae00      0x1a1 build/cooja/mtype813.a(process.o)
                0x000000000003ae00                process_list
                0x000000000003ae04                process_current
 .bss           0x000000000003afa1        0x0 build/cooja/mtype813.a(timer.o)
 .bss           0x000000000003afa1        0x0 build/cooja/mtype813.a(list.o)
 .bss           0x000000000003afa1        0x0 build/cooja/mtype813.a(memb.o)
 *fill*         0x000000000003afa1        0x3 
 .bss           0x000000000003afa4       0x10 build/cooja/mtype813.a(button-hal.o)
 *fill*         0x000000000003afb4        0xc 
 .bss           0x000000000003afc0      0x140 build/cooja/mtype813.a(serial-line.o)
 .bss           0x000000000003b100        0x4 build/cooja/mtype813.a(gpio-hal.o)
 *fill*         0x000000000003b104       0x1c 
 .bss           0x000000000003b120     0x2c80 build/cooja/mtype813.a(queuebuf.o)
 .bss           0x000000000003dda0       0xa0 build/cooja/mtype813.a(packetbuf.o)
 .bss           0x000000000003de40        0x4 build/cooja/mtype813.a(netstack.o)
 .bss           0x000000000003de44        0x0 build/cooja/mtype813.a(linkaddr.o)
 .bss           0x000000000003de44        0x0 build/cooja/mtype813.a(csma.o)
 *fill*         0x000000000003de44       0x1c 
 .bss           0x000000000003de60      0x726 build/cooja/mtype813.a(csma-output.o)
 *fill*         0x000000000003e586        0x2 
 .bss           0x000000000003e588       0x30 build/cooja/mtype813.a(uip-ds6.o)
 .bss           0x000000000003e5b8        0x0 build/cooja/mtype813.a(uip-udp-packet.)
 *fill*         0x000000000003e5b8        0x8 
 .bss           0x000000000003e5c0       0x60 build/cooja/mtype813.a(uip-ds6-route.o)
 .bss           0x000000000003e620       0x10 build/cooja/mtype813.a(tcpip.o)
 .bss           0x000000000003e630        0x8 build/cooja/mtype813.a(uip6.o)
                0x000000000003e630                uip_ext_bitmap