Archive member included to satisfy reference by file (symbol)

build/cooja/mtype386.a(simEnvChange.o)
                              build/cooja/mtype386.o (simDontFallAsleep)
build/cooja/mtype386.a(cooja_mt.o)
                              build/cooja/mtype386.o (cooja_mt_start)
build/cooja/mtype386.a(cooja_mtarch.o)
                              build/cooja/mtype386.a(cooja_mt.o) (cooja_mtarch_start)
build/cooja/mtype386.a(rtimer-arch.o)
                              build/cooja/mtype386.o (rtimer_arch_check)
build/cooja/mtype386.a(beep.o)
                              build/cooja/mtype386.o (beep_interface)
build/cooja/mtype386.a(leds-arch.o)
                              build/cooja/mtype386.o (leds_interface)
build/cooja/mtype386.a(moteid.o)
                              build/cooja/mtype386.o (moteid_interface)
build/cooja/mtype386.a(pir-sensor.o)
                              build/cooja/mtype386.o (pir_interface)
build/cooja/mtype386.a(rs232.o)
                              build/cooja/mtype386.o (rs232_interface)
build/cooja/mtype386.a(vib-sensor.o)
                              build/cooja/mtype386.o (vib_interface)
build/cooja/mtype386.a(clock.o)
                              build/cooja/mtype386.o (clock_interface)
build/cooja/mtype386.a(cooja-log.o)
                              build/cooja/mtype386.o (simlog_interface)
build/cooja/mtype386.a(cfs-cooja.o)
                              build/cooja/mtype386.o (cfs_interface)
build/cooja/mtype386.a(cooja-radio.o)
                              build/cooja/mtype386.o (radio_interface)
build/cooja/mtype386.a(eeprom.o)
                              build/cooja/mtype386.o (eeprom_interface)
build/cooja/mtype386.a(random.o)
                              build/cooja/mtype386.a(moteid.o) (random_init)
build/cooja/mtype386.a(sensors.o)
                              build/cooja/mtype386.a(pir-sensor.o) (sensors_changed)
build/cooja/mtype386.a(leds.o)
                              build/cooja/mtype386.a(leds-arch.o) (leds_get)
build/cooja/mtype386.a(gpio-hal-arch.o)
                              build/cooja/mtype386.a(leds-arch.o) (gpio_hal_arch_register_pin_callback)
build/cooja/mtype386.a(buttons.o)
                              build/cooja/mtype386.o (button_interface)
build/cooja/mtype386.a(res_temperature)
                              temperature.o (mote_name)
build/cooja/mtype386.a(coap-blocking-a)
                              temperature.o (coap_blocking_request)
build/cooja/mtype386.a(coap-engine.o)
                              temperature.o (coap_activate_resource)
build/cooja/mtype386.a(coap-res-well-k)
                              build/cooja/mtype386.a(coap-engine.o) (res_well_known_core)
build/cooja/mtype386.a(coap-observe.o)
                              build/cooja/mtype386.a(coap-engine.o) (coap_remove_observer_by_mid)
build/cooja/mtype386.a(coap-uip.o)
                              build/cooja/mtype386.a(coap-observe.o) (coap_endpoint_copy)
build/cooja/mtype386.a(coap-timer.o)
                              build/cooja/mtype386.a(coap-engine.o) (coap_timer_set)
build/cooja/mtype386.a(coap-transactio)
                              build/cooja/mtype386.a(coap-blocking-a) (coap_send_transaction)
build/cooja/mtype386.a(coap.o)
                              build/cooja/mtype386.a(coap-engine.o) (coap_status_code)
build/cooja/mtype386.a(contiki-main.o)
                              build/cooja/mtype386.o (main)
build/cooja/mtype386.a(autostart.o)
                              build/cooja/mtype386.a(contiki-main.o) (autostart_start)
build/cooja/mtype386.a(ctimer.o)
                              build/cooja/mtype386.a(contiki-main.o) (ctimer_init)
build/cooja/mtype386.a(log.o)
                              build/cooja/mtype386.a(contiki-main.o) (curr_log_level_main)
build/cooja/mtype386.a(energest.o)
                              build/cooja/mtype386.a(contiki-main.o) (energest_init)
build/cooja/mtype386.a(etimer.o)
                              build/cooja/mtype386.a(contiki-main.o) (etimer_process)
build/cooja/mtype386.a(node-id.o)
                              build/cooja/mtype386.a(contiki-main.o) (node_id)
build/cooja/mtype386.a(rtimer.o)
                              build/cooja/mtype386.a(contiki-main.o) (rtimer_init)
build/cooja/mtype386.a(process.o)
                              build/cooja/mtype386.a(coap-blocking-a) (process_current)
build/cooja/mtype386.a(timer.o)
                              build/cooja/mtype386.a(etimer.o) (timer_set)
build/cooja/mtype386.a(list.o)
                              build/cooja/mtype386.a(coap-engine.o) (list_init)
build/cooja/mtype386.a(memb.o)
                              build/cooja/mtype386.a(coap-observe.o) (memb_alloc)
build/cooja/mtype386.a(button-hal.o)
                              build/cooja/mtype386.o (button_hal_init)
build/cooja/mtype386.a(serial-line.o)
                              build/cooja/mtype386.a(rs232.o) (serial_line_input_byte)
build/cooja/mtype386.a(gpio-hal.o)
[...]
Memory Configuration

Name             Origin             Length             Attributes
*default*        0x0000000000000000 0xffffffffffffffff

Linker script and memory map

LOAD /usr/lib/gcc/i686-linux-gnu/5/../../../i386-linux-gnu/crti.o
LOAD /usr/lib/gcc/i686-linux-gnu/5/crtbeginS.o
LOAD temperature.o
LOAD build/cooja/mtype386.o
LOAD build/cooja/mtype386.a
LOAD /usr/lib/gcc/i686-linux-gnu/5/libgcc.a
LOAD /usr/lib/gcc/i686-linux-gnu/5/libgcc_s.so
LOAD /usr/lib/gcc/i686-linux-gnu/5/../../../i386-linux-gnu/libc.so
START GROUP
LOAD /lib/i386-linux-gnu/libc.so.6
LOAD /usr/lib/i386-linux-gnu/libc_nonshared.a
LOAD /lib/i386-linux-gnu/ld-linux.so.2
END GROUP
LOAD /usr/lib/gcc/i686-linux-gnu/5/libgcc.a
LOAD /usr/lib/gcc/i686-linux-gnu/5/libgcc_s.so
LOAD /usr/lib/gcc/i686-linux-gnu/5/crtendS.o
LOAD /usr/lib/gcc/i686-linux-gnu/5/../../../i386-linux-gnu/crtn.o
                0x0000000000000114                . = (0x0 + SIZEOF_HEADERS)

.note.gnu.build-id
                0x0000000000000114       0x24
 *(.note.gnu.build-id)
 .note.gnu.build-id
                0x0000000000000114       0x24 /usr/lib/gcc/i686-linux-gnu/5/../../../i386-linux-gnu/crti.o

.hash
 *(.hash)

.gnu.hash       0x0000000000000138     0x15c8
 *(.gnu.hash)
 .gnu.hash      0x0000000000000138     0x15c8 /usr/lib/gcc/i686-linux-gnu/5/../../../i386-linux-gnu/crti.o

.dynsym         0x0000000000001700     0x2fd0
 *(.dynsym)
 .dynsym        0x0000000000001700     0x2fd0 /usr/lib/gcc/i686-linux-gnu/5/../../../i386-linux-gnu/crti.o

.dynstr         0x00000000000046d0     0x374e
 *(.dynstr)
 .dynstr        0x00000000000046d0     0x374e /usr/lib/gcc/i686-linux-gnu/5/../../../i386-linux-gnu/crti.o

.gnu.version    0x0000000000007e1e      0x5fa
 *(.gnu.version)
 .gnu.version   0x0000000000007e1e      0x5fa /usr/lib/gcc/i686-linux-gnu/5/../../../i386-linux-gnu/crti.o

.gnu.version_d  0x0000000000008418        0x0
 *(.gnu.version_d)
 .gnu.version_d
                0x0000000000008418        0x0 /usr/lib/gcc/i686-linux-gnu/5/../../../i386-linux-gnu/crti.o

.gnu.version_r  0x0000000000008418       0x40
 *(.gnu.version_r)
 .gnu.version_r
                0x0000000000008418       0x40 /usr/lib/gcc/i686-linux-gnu/5/../../../i386-linux-gnu/crti.o

.rel.dyn        0x0000000000008458     0x9440
 *(.rel.init)
 .rel.init      0x0000000000008458        0x0 /usr/lib/gcc/i686-linux-gnu/5/../../../i386-linux-gnu/crti.o
 *(.rel.text .rel.text.* .rel.gnu.linkonce.t.*)
 .rel.text      0x0000000000008458     0x8a40 /usr/lib/gcc/i686-linux-gnu/5/../../../i386-linux-gnu/crti.o
 *(.rel.fini)
 .rel.fini      0x0000000000010e98        0x0 /usr/lib/gcc/i686-linux-gnu/5/../../../i386-linux-gnu/crti.o
 *(.rel.rodata .rel.rodata.* .rel.gnu.linkonce.r.*)
 .rel.rodata    0x0000000000010e98      0x598 /usr/lib/gcc/i686-linux-gnu/5/../../../i386-linux-gnu/crti.o
 *(.rel.data.rel.ro .rel.data.rel.ro.* .rel.gnu.linkonce.d.rel.ro.*)
 *(.rel.data .rel.data.* .rel.gnu.linkonce.d.*)
 .rel.data.rel.local
                0x0000000000011430        0x8 /usr/lib/gcc/i686-linux-gnu/5/../../../i386-linux-gnu/crti.o
 .rel.data      0x0000000000011438      0x428 /usr/lib/gcc/i686-linux-gnu/5/../../../i386-linux-gnu/crti.o
 *(.rel.tdata .rel.tdata.* .rel.gnu.linkonce.td.*)
 *(.rel.tbss .rel.tbss.* .rel.gnu.linkonce.tb.*)
 *(.rel.ctors)
 *(.rel.dtors)
 *(.rel.got)
 .rel.got       0x0000000000011860       0x28 /usr/lib/gcc/i686-linux-gnu/5/../../../i386-linux-gnu/crti.o
 *(.rel.bss .rel.bss.* .rel.gnu.linkonce.b.*)
 *(.rel.ifunc)
 .rel.ifunc     0x0000000000011888        0x0 /usr/lib/gcc/i686-linux-gnu/5/../../../i386-linux-gnu/crti.o
 .rel.fini_array
                0x0000000000011888        0x8 /usr/lib/gcc/i686-linux-gnu/5/../../../i386-linux-gnu/crti.o
 .rel.init_array
                0x0000000000011890        0x8 /usr/lib/gcc/i686-linux-gnu/5/../../../i386-linux-gnu/crti.o

.rel.plt        0x0000000000011898        0x0
 *(.rel.plt)
 .rel.plt       0x0000000000011898        0x0 /usr/lib/gcc/i686-linux-gnu/5/../../../i386-linux-gnu/crti.o
 *(.rel.iplt)

.init           0x0000000000011898       0x23
 *(SORT(.init))
 .init          0x0000000000011898       0x1e /usr/lib/gcc/i686-linux-gnu/5/../../../i386-linux-gnu/crti.o
                0x0000000000011898                _init
 .init          0x00000000000118b6        0x5 /usr/lib/gcc/i686-linux-gnu/5/../../../i386-linux-gnu/crtn.o

.plt            0x00000000000118c0       0x10
 *(.plt)
 .plt           0x00000000000118c0       0x10 /usr/lib/gcc/i686-linux-gnu/5/../../../i386-linux-gnu/crti.o
 *(.iplt)

.plt.got        0x00000000000118d0       0x10
 *(.plt.got)
 .plt.got       0x00000000000118d0       0x10 /usr/lib/gcc/i686-linux-gnu/5/../../../i386-linux-gnu/crti.o

.text           0x00000000000118e0    0x18f22
 *(.text.unlikely .text.*_unlikely .text.unlikely.*)
 .text.unlikely
                0x00000000000118e0        0x0 /usr/lib/gcc/i686-linux-gnu/5/crtbeginS.o
 .text.unlikely
                0x00000000000118e0        0x0 /usr/lib/gcc/i686-linux-gnu/5/libgcc.a(_udivdi3.o)
 *(.text.exit .text.exit.*)
 *(.text.startup .text.startup.*)
 *(.text.hot .text.hot.*)
 *(.text .stub .text.* .gnu.linkonce.t.*)
 .text          0x00000000000118e0        0x0 /usr/lib/gcc/i686-linux-gnu/5/../../../i386-linux-gnu/crti.o
 .gnu.linkonce.t.__x86.get_pc_thunk.bx
                0x00000000000118e0        0x4 /usr/lib/gcc/i686-linux-gnu/5/../../../i386-linux-gnu/crti.o
                0x00000000000118e0                __x86.get_pc_thunk.bx
 *fill*         0x00000000000118e4        0xc 
 .text          0x00000000000118f0      0x11c /usr/lib/gcc/i686-linux-gnu/5/crtbeginS.o
 .text.__x86.get_pc_thunk.dx
                0x0000000000011a0c        0x4 /usr/lib/gcc/i686-linux-gnu/5/crtbeginS.o
                0x0000000000011a0c                __x86.get_pc_thunk.dx
 .text          0x0000000000011a10      0x720 temperature.o
                0x0000000000011a41                response_handler
 .text          0x0000000000012130      0x283 build/cooja/mtype386.o
                0x00000000000121c2                platform_init_stage_one
                0x00000000000121d5                platform_init_stage_two
                0x00000000000121e8                platform_init_stage_three
                0x00000000000121fb                platform_main_loop
                0x000000000001226e                Java_org_contikios_cooja_corecomm_Lib2_init
                0x00000000000122a5                Java_org_contikios_cooja_corecomm_Lib2_getMemory
                0x00000000000122d8                Java_org_contikios_cooja_corecomm_Lib2_setMemory
                0x0000000000012338                Java_org_contikios_cooja_corecomm_Lib2_tick
                0x00000000000123a0                Java_org_contikios_cooja_corecomm_Lib2_setReferenceAddress
 .text          0x00000000000123b3       0x65 build/cooja/mtype386.a(simEnvChange.o)
                0x00000000000123b3                doActionsBeforeTick
                0x00000000000123e5                doActionsAfterTick
 .text          0x0000000000012418       0x83 build/cooja/mtype386.a(cooja_mt.o)
                0x0000000000012418                cooja_mt_start
                0x0000000000012442                cooja_mt_exec
                0x0000000000012478                cooja_mt_yield
 .text          0x000000000001249b       0xbe build/cooja/mtype386.a(cooja_mtarch.o)
                0x000000000001249b                cooja_mtarch_start
                0x000000000001250e                cooja_sw
                0x0000000000012531                cooja_mtarch_exec
                0x000000000001254e                cooja_mtarch_yield
 .text          0x0000000000012559       0xc5 build/cooja/mtype386.a(rtimer-arch.o)
                0x0000000000012559                rtimer_arch_init
                0x000000000001257d                rtimer_arch_schedule
                0x00000000000125ad                rtimer_arch_next
                0x00000000000125bd                rtimer_arch_pending
                0x00000000000125c7                rtimer_arch_check
                0x000000000001260e                rtimer_arch_now
 .text          0x000000000001261e       0x81 build/cooja/mtype386.a(beep.o)
                0x000000000001261e                beep_alarm
                0x000000000001262b                beep_beep
                0x0000000000012638                beep
                0x0000000000012645                beep_down
                0x0000000000012652                beep_on
                0x000000000001265f                beep_off
                0x000000000001266c                beep_spinup
                0x0000000000012679                beep_quick
                0x0000000000012686                beep_long
 .text          0x000000000001269f       0x65 build/cooja/mtype386.a(leds-arch.o)
                0x00000000000126b2                leds_arch_init
 .text          0x0000000000012704       0x35 build/cooja/mtype386.a(moteid.o)
 .text          0x0000000000012739       0xb7 build/cooja/mtype386.a(pir-sensor.o)
 .text          0x00000000000127f0      0x148 build/cooja/mtype386.a(rs232.o)
                0x00000000000127f0                rs232_init
                0x00000000000127f6                rs232_set_speed
                0x0000000000012805                rs232_set_input
                0x0000000000012813                rs232_send
                0x0000000000012837                rs232_print
                0x0000000000012853                slip_arch_writeb
 .text          0x0000000000012938       0xb7 build/cooja/mtype386.a(vib-sensor.o)
 .text          0x00000000000129ef       0x38 build/cooja/mtype386.a(clock.o)
                0x00000000000129ef                clock_init
                0x00000000000129f5                clock_time
                0x00000000000129ff                clock_seconds
                0x0000000000012a15                clock_delay
 .text          0x0000000000012a27      0x219 build/cooja/mtype386.a(cooja-log.o)
                0x0000000000012a27                simlog_char
                0x0000000000012a6a                simlog
                0x0000000000012ae0                log_message
                0x0000000000012b11                log_set_putchar_with_slip
                0x0000000000012b1f                log_putchar
                0x0000000000012b9a                log_puts
                0x0000000000012bc2                log_printf
 .text          0x0000000000012c40      0x2b9 build/cooja/mtype386.a(cfs-cooja.o)
                0x0000000000012c40                cfs_open
                0x0000000000012ca9                cfs_close
                0x0000000000012cb6                cfs_read
                0x0000000000012d4b                cfs_write
                0x0000000000012e27                cfs_seek
                0x0000000000012eaf                cfs_remove
                0x0000000000012ed3                cfs_opendir
                0x0000000000012edd                cfs_readdir
                0x0000000000012ee7                cfs_closedir
 .text          0x0000000000012ef9      0x620 build/cooja/mtype386.a(cooja-radio.o)
                0x0000000000012f3b                radio_set_channel
                0x0000000000012f49                radio_set_txpower
                0x0000000000012f61                radio_signal_strength_last
                0x0000000000012f6b                radio_signal_strength_current
                0x0000000000012f75                radio_LQI
 .text          0x0000000000013519       0xee build/cooja/mtype386.a(eeprom.o)
                0x0000000000013519                eeprom_init
                0x000000000001351f                eeprom_read
                0x000000000001358d                eeprom_write
 .text          0x0000000000013607       0x2d build/cooja/mtype386.a(random.o)
                0x0000000000013607                random_init
                0x0000000000013627                random_rand
 .text          0x0000000000013634      0x29c build/cooja/mtype386.a(sensors.o)
                0x000000000001366f                sensors_first
                0x0000000000013679                sensors_next
                0x0000000000013693                sensors_changed
                0x00000000000136c7                sensors_find
 .text          0x00000000000138d0      0x349 build/cooja/mtype386.a(leds.o)
                0x00000000000138d0                leds_init
                0x0000000000013917                leds_single_on
                0x0000000000013976                leds_single_off
                0x00000000000139d5                leds_single_toggle
                0x0000000000013a07                leds_on
                0x0000000000013a89                leds_off
                0x0000000000013b0b                leds_toggle
                0x0000000000013b60                leds_set
                0x0000000000013b8c                leds_get
 .text          0x0000000000013c19      0x343 build/cooja/mtype386.a(gpio-hal-arch.o)
                0x0000000000013c19                gpio_hal_arch_register_pin_callback
                0x0000000000013c85                gpio_hal_arch_init
                0x0000000000013cca                gpio_hal_arch_no_port_interrupt_enable
                0x0000000000013cfa                gpio_hal_arch_no_port_interrupt_disable
                0x0000000000013d2a                gpio_hal_arch_no_port_pin_cfg_set
                0x0000000000013d4f                gpio_hal_arch_no_port_pin_cfg_get
                0x0000000000013d75                gpio_hal_arch_no_port_pin_set_input
                0x0000000000013d87                gpio_hal_arch_no_port_pin_set_output
                0x0000000000013d99                gpio_hal_arch_no_port_set_pin
                0x0000000000013dba                gpio_hal_arch_no_port_clear_pin
                0x0000000000013ddb                gpio_hal_arch_no_port_read_pin
                0x0000000000013e01                gpio_hal_arch_no_port_write_pin
                0x0000000000013e2b                gpio_hal_arch_no_port_set_pins
                0x0000000000013e72                gpio_hal_arch_no_port_clear_pins
                0x0000000000013eb9                gpio_hal_arch_no_port_read_pins
                0x0000000000013efc                gpio_hal_arch_no_port_write_pins
 .text          0x0000000000013f5c       0x89 build/cooja/mtype386.a(buttons.o)
 .text          0x0000000000013fe5      0x396 build/cooja/mtype386.a(res_temperature)
 .text          0x000000000001437b      0x27b build/cooja/mtype386.a(coap-blocking-a)
                0x000000000001437b                coap_blocking_request_callback
                0x00000000000143a5                coap_blocking_request
 .text          0x00000000000145f6      0xbea build/cooja/mtype386.a(coap-engine.o)
                0x000000000001468b                coap_add_handler
                0x00000000000146a8                coap_remove_handler
                0x00000000000146c5                coap_call_handlers
                0x00000000000147cd                coap_receive
                0x0000000000014dc8                coap_engine_init
                0x0000000000014e26                coap_activate_resource
                0x0000000000014ed1                coap_get_first_resource
                0x0000000000014eea                coap_get_next_resource
 .text          0x00000000000151e0      0x2d9 build/cooja/mtype386.a(coap-res-well-k)
 .text          0x00000000000154b9      0x96a build/cooja/mtype386.a(coap-observe.o)
                0x00000000000155ce                coap_remove_observer
                0x00000000000155fe                coap_remove_observer_by_client
                0x0000000000015666                coap_remove_observer_by_token
                0x00000000000156f9                coap_remove_observer_by_uri
                0x00000000000157a0                coap_remove_observer_by_mid
                0x000000000001581c                coap_notify_observers
                0x0000000000015835                coap_notify_observers_sub
                0x0000000000015c9f                coap_observe_handler
                0x0000000000015dba                coap_has_observers
 .text          0x0000000000015e23      0x733 build/cooja/mtype386.a(coap-uip.o)
                0x0000000000015e23                coap_endpoint_log
                0x0000000000015ea9                coap_endpoint_print
                0x0000000000015f2f                coap_endpoint_snprint
                0x0000000000016062                coap_endpoint_copy
                0x000000000001609f                coap_endpoint_cmp
                0x00000000000161ad                coap_endpoint_parse
                0x0000000000016398                coap_endpoint_is_secure
                0x00000000000163a7                coap_endpoint_is_connected
                0x00000000000163db                coap_endpoint_connect
                0x00000000000163f7                coap_endpoint_disconnect
                0x00000000000163fd                coap_databuf
                0x0000000000016407                coap_transport_init
                0x0000000000016457                coap_sendto
 .text          0x0000000000016556      0x324 build/cooja/mtype386.a(coap-timer.o)
                0x0000000000016653                coap_timer_stop
                0x000000000001667e                coap_timer_set
                0x00000000000166c1                coap_timer_reset
                0x0000000000016704                coap_timer_time_to_next_expiration
                0x0000000000016770                coap_timer_run
                0x000000000001683c                coap_timer_init
 .text          0x000000000001687a      0x2c6 build/cooja/mtype386.a(coap-transactio)
                0x00000000000168e0                coap_new_transaction
                0x0000000000016946                coap_send_transaction
                0x0000000000016aa7                coap_clear_transaction
                0x0000000000016aef                coap_get_transaction_by_mid
 .text          0x0000000000016b40     0x1c53 build/cooja/mtype386.a(coap.o)
                0x00000000000170ad                coap_init_connection
                0x00000000000170c1                coap_get_mid
                0x00000000000170dd                coap_init_message
                0x0000000000017126                coap_serialize_message
                0x00000000000177a8                coap_parse_message
                0x0000000000017e0f                coap_get_query_variable
                0x0000000000017e51                coap_get_post_variable
                0x0000000000017e95                coap_set_status_code
                0x0000000000017eba                coap_set_token
                0x0000000000017f01                coap_get_header_content_format
                0x0000000000017f32                coap_set_header_content_format
                0x0000000000017f55                coap_get_header_accept
                0x0000000000017f86                coap_set_header_accept
                0x0000000000017fa9                coap_get_header_max_age
                0x0000000000017fda                coap_set_header_max_age
                0x0000000000017ffa                coap_get_header_etag
                0x000000000001802c                coap_set_header_etag
                0x0000000000018083                coap_get_header_if_match
                0x00000000000180b5                coap_set_header_if_match
                0x000000000001810c                coap_get_header_if_none_match
                0x0000000000018126                coap_set_header_if_none_match
                0x000000000001813d                coap_get_header_proxy_uri
                0x000000000001816b                coap_set_header_proxy_uri
                0x00000000000181a8                coap_get_header_uri_host
                0x00000000000181d6                coap_set_header_uri_host
                0x0000000000018213                coap_get_header_uri_path
                0x0000000000018241                coap_set_header_uri_path
                0x000000000001828e                coap_get_header_uri_query
                0x00000000000182c2                coap_set_header_uri_query
                0x0000000000018318                coap_get_header_location_path
                0x0000000000018346                coap_set_header_location_path
                0x00000000000183df                coap_get_header_location_query
                0x000000000001840d                coap_set_header_location_query
                0x000000000001845a                coap_get_header_observe
                0x0000000000018489                coap_set_header_observe
                0x00000000000184a9                coap_get_header_block2
                0x0000000000018515                coap_set_header_block2
                0x000000000001858c                coap_get_header_block1
                0x0000000000018601                coap_set_header_block1
                0x000000000001867c                coap_get_header_size2
                0x00000000000186ac                coap_set_header_size2
                0x00000000000186cf                coap_get_header_size1
                0x00000000000186ff                coap_set_header_size1
                0x0000000000018722                coap_get_payload
                0x000000000001875c                coap_set_payload
 .text          0x0000000000018793      0x332 build/cooja/mtype386.a(contiki-main.o)
                0x0000000000018793                main
 .text          0x0000000000018ac5       0x92 build/cooja/mtype386.a(autostart.o)
                0x0000000000018ac5                autostart_start
                0x0000000000018b0f                autostart_exit
 .text          0x0000000000018b57      0x355 build/cooja/mtype386.a(ctimer.o)
                0x0000000000018c7f                ctimer_init
                0x0000000000018cb2                ctimer_set
                0x0000000000018cd8                ctimer_set_with_process
                0x0000000000018d55                ctimer_reset
                0x0000000000018da9                ctimer_restart
                0x0000000000018dfd                ctimer_stop
                0x0000000000018e4d                ctimer_expired
 .text          0x0000000000018eac      0x394 build/cooja/mtype386.a(log.o)
                0x0000000000018eac                log_6addr
                0x0000000000018eff                log_6addr_compact_snprint
                0x0000000000018f9d                log_6addr_compact
                0x0000000000018ff0                log_lladdr
                0x0000000000019062                log_lladdr_compact
                0x00000000000190ca                log_set_level
                0x0000000000019185                log_get_level
                0x00000000000191fe                log_level_to_str
 .text          0x0000000000019240       0x1b build/cooja/mtype386.a(energest.o)
                0x0000000000019240                energest_init
                0x0000000000019246                energest_flush
                0x000000000001924c                energest_get_total_time
 .text          0x000000000001925b      0x43f build/cooja/mtype386.a(etimer.o)
                0x000000000001947f                etimer_request_poll
                0x0000000000019508                etimer_set
                0x0000000000019531                etimer_reset_with_new_interval
                0x0000000000019560                etimer_reset
                0x0000000000019586                etimer_restart
                0x00000000000195ac                etimer_adjust
                0x00000000000195c9                etimer_expired
                0x00000000000195dc                etimer_expiration_time
                0x00000000000195ee                etimer_start_time
                0x00000000000195f8                etimer_pending
                0x000000000001960a                etimer_next_expiration_time
                0x0000000000019624                etimer_stop
 .text          0x000000000001969a       0x25 build/cooja/mtype386.a(node-id.o)
                0x000000000001969a                node_id_init
 .text          0x00000000000196bf       0xeb build/cooja/mtype386.a(rtimer.o)
                0x00000000000196bf                rtimer_init
                0x00000000000196cd                rtimer_set
                0x0000000000019748                rtimer_run_next
 .text          0x00000000000197aa      0x4fb build/cooja/mtype386.a(process.o)
                0x00000000000197aa                process_alloc_event
                0x00000000000197bf                process_start
                0x0000000000019999                process_exit
                0x00000000000199b6                process_init
                0x0000000000019b4b                process_run
                0x0000000000019b7e                process_nevents
                0x0000000000019b99                process_post
                0x0000000000019c2c                process_post_synch
                0x0000000000019c61                process_poll
                0x0000000000019c91                process_is_running
 .text          0x0000000000019ca5       0xb1 build/cooja/mtype386.a(timer.o)
                0x0000000000019ca5                timer_set
                0x0000000000019cc3                timer_reset
                0x0000000000019cf0                timer_restart
                0x0000000000019d05                timer_expired
                0x0000000000019d32                timer_remaining
 .text          0x0000000000019d56      0x28f build/cooja/mtype386.a(list.o)
                0x0000000000019d56                list_init
                0x0000000000019d65                list_head
                0x0000000000019d6f                list_copy
                0x0000000000019d7f                list_tail
                0x0000000000019db5                list_add
                0x0000000000019e01                list_push
                0x0000000000019e2d                list_chop
                0x0000000000019e97                list_pop
                0x0000000000019ebf                list_remove
                0x0000000000019f27                list_length
                0x0000000000019f55                list_insert
                0x0000000000019f9a                list_item_next
                0x0000000000019fb1                list_contains
 .text          0x0000000000019fe5      0x1b5 build/cooja/mtype386.a(memb.o)
                0x0000000000019fe5                memb_init
                0x000000000001a03a                memb_alloc
                0x000000000001a09d                memb_free
                0x000000000001a114                memb_inmemb
                0x000000000001a153                memb_numfree
 .text          0x000000000001a19a      0x41c build/cooja/mtype386.a(button-hal.o)
                0x000000000001a313                button_hal_get_by_id
                0x000000000001a351                button_hal_get_by_index
                0x000000000001a37d                button_hal_get_state
                0x000000000001a3cf                button_hal_init
 .text          0x000000000001a5b6      0x1f3 build/cooja/mtype386.a(serial-line.o)
                0x000000000001a5b6                serial_line_input_byte
                0x000000000001a774                serial_line_init
 .text          0x000000000001a7a9      0x168 build/cooja/mtype386.a(gpio-hal.o)
                0x000000000001a7a9                gpio_hal_register_handler
                0x000000000001a7c6                gpio_hal_event_handler
                0x000000000001a822                gpio_hal_init
                0x000000000001a841                gpio_hal_arch_port_toggle_pin
                0x000000000001a87d                gpio_hal_arch_port_toggle_pins
                0x000000000001a8ab                gpio_hal_arch_no_port_toggle_pin
                0x000000000001a8e9                gpio_hal_arch_no_port_toggle_pins
 .text          0x000000000001a911      0x2e7 build/cooja/mtype386.a(queuebuf.o)
                0x000000000001a91b                queuebuf_init
                0x000000000001a944                queuebuf_numfree
                0x000000000001a95c                queuebuf_new_from_packetbuf
                0x000000000001a9fb                queuebuf_update_attr_from_packetbuf
                0x000000000001aa30                queuebuf_update_from_packetbuf
                0x000000000001aa80                queuebuf_free
                0x000000000001aac9                queuebuf_to_packetbuf
                0x000000000001ab35                queuebuf_dataptr
                0x000000000001ab6f                queuebuf_datalen
                0x000000000001ab92                queuebuf_addr
                0x000000000001abc7                queuebuf_attr
                0x000000000001abf2                queuebuf_debug_print
 .text          0x000000000001abf8      0x407 build/cooja/mtype386.a(packetbuf.o)
                0x000000000001abf8                packetbuf_clear
                0x000000000001ac23                packetbuf_copyfrom
                0x000000000001ac72                packetbuf_copyto
                0x000000000001ad05                packetbuf_hdralloc
                0x000000000001ad81                packetbuf_hdrreduce
                0x000000000001adc7                packetbuf_set_datalen
                0x000000000001ade1                packetbuf_dataptr
                0x000000000001adfe                packetbuf_hdrptr
                0x000000000001ae08                packetbuf_datalen
                0x000000000001ae14                packetbuf_hdrlen
                0x000000000001ae2b                packetbuf_totlen
                0x000000000001ae41                packetbuf_remaininglen
                0x000000000001ae54                packetbuf_attr_clear
                0x000000000001aea0                packetbuf_attr_copyto
                0x000000000001aef8                packetbuf_attr_copyfrom
                0x000000000001af50                packetbuf_set_attr
                0x000000000001af7a                packetbuf_attr
                0x000000000001af94                packetbuf_set_addr
                0x000000000001afc5                packetbuf_addr
                0x000000000001afe2                packetbuf_holds_broadcast
 .text          0x000000000001afff       0xef build/cooja/mtype386.a(netstack.o)
                0x000000000001afff                netstack_process_ip_callback
                0x000000000001b090                netstack_ip_packet_processor_add
                0x000000000001b0b3                uip_ds6_ip_packet_processor_rm
                0x000000000001b0d0                netstack_init
 .text          0x000000000001b0ee       0x4f build/cooja/mtype386.a(linkaddr.o)
                0x000000000001b0ee                linkaddr_copy
                0x000000000001b104                linkaddr_cmp
                0x000000000001b127                linkaddr_set_node_addr
 .text          0x000000000001b13d      0x1f6 build/cooja/mtype386.a(csma.o)
 .text          0x000000000001b333      0x95d build/cooja/mtype386.a(csma-output.o)
                0x000000000001b9ca                csma_output_packet
                0x000000000001bc57                csma_output_init
 .text          0x000000000001bc90      0xc11 build/cooja/mtype386.a(uip-ds6.o)
                0x000000000001bc90                uip_ds6_default_prefix
                0x000000000001bc9a                uip_ds6_set_default_prefix
                0x000000000001bcc5                uip_ds6_init
                0x000000000001bf27                uip_ds6_periodic
                0x000000000001bfae                uip_ds6_list_loop
                0x000000000001c06e                uip_ds6_prefix_add
                0x000000000001c11a                uip_ds6_prefix_rm
                0x000000000001c12d                uip_ds6_prefix_lookup
                0x000000000001c16c                uip_ds6_is_addr_onlink
                0x000000000001c1df                uip_ds6_addr_add
                0x000000000001c2ff                uip_ds6_addr_rm
                0x000000000001c3a8                uip_ds6_addr_lookup
                0x000000000001c3e1                uip_ds6_get_link_local
                0x000000000001c462                uip_ds6_get_global
                0x000000000001c4e3                uip_ds6_maddr_add
                0x000000000001c543                uip_ds6_maddr_rm
                0x000000000001c556                uip_ds6_maddr_lookup
                0x000000000001c58f                uip_ds6_aaddr_add
                0x000000000001c5ef                uip_ds6_aaddr_rm
                0x000000000001c602                uip_ds6_aaddr_lookup
                0x000000000001c63b                uip_ds6_select_src
                0x000000000001c784                uip_ds6_set_addr_iid
                0x000000000001c7af                uip_ds6_set_lladdr_from_iid
                0x000000000001c7d8                get_match_length
                0x000000000001c869                uip_ds6_compute_reachable_time
 .text          0x000000000001c8a1      0x128 build/cooja/mtype386.a(uip-udp-packet.)
                0x000000000001c8a1                uip_udp_packet_send
                0x000000000001c8fc                uip_udp_packet_sendto
 .text          0x000000000001c9c9      0x35b build/cooja/mtype386.a(uip-ds6-route.o)
                0x000000000001ca1a                uip_ds6_route_init
                0x000000000001ca44                uip_ds6_route_nexthop
                0x000000000001ca4e                uip_ds6_route_head
                0x000000000001ca58                uip_ds6_route_next
                0x000000000001ca62                uip_ds6_route_is_nexthop
                0x000000000001ca6c                uip_ds6_route_num_routes
                0x000000000001ca76                uip_ds6_route_lookup
                0x000000000001ca80                uip_ds6_route_add
                0x000000000001ca93                uip_ds6_route_rm
                0x000000000001ca99                uip_ds6_route_rm_by_nexthop
                0x000000000001ca9f                uip_ds6_defrt_head
                0x000000000001cab8                uip_ds6_defrt_add
                0x000000000001cb66                uip_ds6_defrt_rm
                0x000000000001cbcc                uip_ds6_defrt_lookup
                0x000000000001cc33                uip_ds6_defrt_choose
                0x000000000001cca9                uip_ds6_defrt_periodic
 .text          0x000000000001cd24      0x6f7 build/cooja/mtype386.a(tcpip.o)
                0x000000000001cd3e                tcpip_output
                0x000000000001cdbd                udp_attach
                0x000000000001cdd5                udp_new
                0x000000000001ce1f                udp_broadcast_new
                0x000000000001cf91                tcpip_input
                0x000000000001d121                tcpip_ipv6_output
                0x000000000001d315                tcpip_poll_udp
                0x000000000001d333                tcpip_uipcall
 .text          0x000000000001d41b     0x1205 build/cooja/mtype386.a(uip6.o)
                0x000000000001d4ca                uip_chksum
                0x000000000001d5a1                uip_icmp6chksum
                0x000000000001d5b6                uip_udpchksum
                0x000000000001d5cb                uip_init
                0x000000000001d614                uip_remove_ext_hdr
                0x000000000001d6ee                uip_udp_new
                0x000000000001da02                uip_process
                0x000000000001e4fa                uip_htons
                0x000000000001e51c                uip_htonl
                0x000000000001e55a                uip_send
 .text          0x000000000001e620      0x369 build/cooja/mtype386.a(uip-ds6-nbr.o)
                0x000000000001e620                uip_ds6_neighbors_init
                0x000000000001e644                uip_ds6_nbr_add
                0x000000000001e6ca                uip_ds6_nbr_rm
                0x000000000001e715                uip_ds6_nbr_update_ll
                0x000000000001e803                uip_ds6_nbr_get_ipaddr
                0x000000000001e818                uip_ds6_nbr_get_ll
                0x000000000001e834                uip_ds6_nbr_num
                0x000000000001e87d                uip_ds6_nbr_head
                0x000000000001e896                uip_ds6_nbr_next
                0x000000000001e8b2                uip_ds6_nbr_lookup
                0x000000000001e90a                uip_ds6_nbr_ll_lookup
                0x000000000001e926                uip_ds6_nbr_ipaddr_from_lladdr
                0x000000000001e94f                uip_ds6_nbr_lladdr_from_ipaddr
                0x000000000001e983                uip_ds6_link_callback
 .text          0x000000000001e989      0x6a7 build/cooja/mtype386.a(uip-nd6.o)
                0x000000000001f017                uip_nd6_init
 .text          0x000000000001f030      0x3b0 build/cooja/mtype386.a(simple-udp.o)
                0x000000000001f05d                simple_udp_send
                0x000000000001f0c0                simple_udp_sendto
                0x000000000001f11b                simple_udp_sendto_port
                0x000000000001f174                simple_udp_register
 .text          0x000000000001f3e0     0x2c17 build/cooja/mtype386.a(sicslowpan.o)
                0x000000000001f9e7                netstack_sniffer_add
                0x000000000001f9f5                netstack_sniffer_remove
                0x0000000000021fcb                sicslowpan_init
                0x0000000000021fed                sicslowpan_get_last_rssi
 .text          0x0000000000021ff7      0x4d1 build/cooja/mtype386.a(uiplib.o)
                0x0000000000021ff7                uiplib_ip6addrconv
                0x00000000000221af                uiplib_ip4addrconv
                0x0000000000022272                uiplib_ipaddr_print
                0x00000000000222c5                uiplib_ipaddr_snprint
 .text          0x00000000000224c8      0x4c9 build/cooja/mtype386.a(rpl.o)
                0x00000000000224c8                rpl_lollipop_greater_than
                0x0000000000022522                rpl_get_global_address
                0x000000000002261a                rpl_link_callback
                0x000000000002265e                rpl_has_joined
                0x0000000000022683                rpl_is_reachable
                0x0000000000022704                rpl_reset_prefix
                0x000000000002276e                rpl_set_prefix_from_addr
                0x0000000000022853                rpl_set_prefix
                0x000000000002296d                rpl_set_leaf_only
                0x0000000000022985                rpl_get_leaf_only
 .text          0x0000000000022991     0x138c build/cooja/mtype386.a(rpl-icmp6.o)
                0x0000000000022ab6                rpl_icmp6_update_nbr_table
                0x0000000000022b3f                rpl_icmp6_dis_output
                0x0000000000023185                rpl_icmp6_dio_output
                0x0000000000023983                rpl_icmp6_dao_output
                0x0000000000023c64                rpl_icmp6_dao_ack_output
                0x0000000000023cd4                rpl_icmp6_init
 .text          0x0000000000023d1d      0x264 build/cooja/mtype386.a(rpl-dag-root.o)
                0x0000000000023d1d                rpl_dag_root_print_links
                0x0000000000023e49                rpl_dag_root_set_prefix
                0x0000000000023e75                rpl_dag_root_start
                0x0000000000023f52                rpl_dag_root_is_root
 .text          0x0000000000023f81       0x30 build/cooja/mtype386.a(watchdog.o)
                0x0000000000023f81                watchdog_init
                0x0000000000023f87                watchdog_start
                0x0000000000023f8d                watchdog_periodic
                0x0000000000023fa5                watchdog_stop
                0x0000000000023fab                watchdog_reboot
 .text          0x0000000000023fb1       0x4a build/cooja/mtype386.a(int-master.o)
                0x0000000000023fb1                int_master_enable
                0x0000000000023fc1                int_master_read_and_disable
                0x0000000000023fde                int_master_status_set
                0x0000000000023fec                int_master_is_enabled
 .text          0x0000000000023ffb      0x226 build/cooja/mtype386.a(coap-timer-defa)
 .text          0x0000000000024221       0xc7 build/cooja/mtype386.a(stimer.o)
                0x0000000000024221                stimer_set
                0x000000000002423f                stimer_reset
                0x000000000002426c                stimer_restart
                0x0000000000024281                stimer_expired
                0x00000000000242ac                stimer_remaining
                0x00000000000242d0                stimer_elapsed
 .text          0x00000000000242e8      0x156 build/cooja/mtype386.a(ringbuf.o)
                0x00000000000242e8                ringbuf_init
                0x000000000002431a                ringbuf_put
                0x0000000000024398                ringbuf_get
                0x0000000000024405                ringbuf_size
                0x0000000000024417                ringbuf_elements
 .text          0x000000000002443e       0x1f build/cooja/mtype386.a(assert.o)
                0x000000000002443e                _xassert
 .text          0x000000000002445d      0x79b build/cooja/mtype386.a(nbr-table.o)
                0x00000000000248d6                nbr_table_register
                0x0000000000024943                nbr_table_is_registered
                0x000000000002497e                nbr_table_head
                0x00000000000249d9                nbr_table_next
                0x0000000000024a3a                nbr_table_add_lladdr
                0x0000000000024b14                nbr_table_get_from_lladdr
                0x0000000000024b60                nbr_table_remove
                0x0000000000024b98                nbr_table_lock
                0x0000000000024bb2                nbr_table_unlock
                0x0000000000024bcc                nbr_table_get_lladdr
 .text          0x0000000000024bf8      0x3a5 build/cooja/mtype386.a(link-stats.o)
                0x0000000000024bf8                link_stats_from_lladdr
                0x0000000000024c14                link_stats_get_lladdr
                0x0000000000024c30                link_stats_is_fresh
                0x0000000000024c6c                guess_etx_from_rssi
                0x0000000000024ce8                link_stats_packet_sent
                0x0000000000024e08                link_stats_input_callback
                0x0000000000024f18                link_stats_reset
                0x0000000000024f68                link_stats_init
 .text          0x0000000000024f9d      0x187 build/cooja/mtype386.a(mac-sequence.o)
                0x0000000000024f9d                mac_sequence_is_duplicate
                0x000000000002503d                mac_sequence_register_seqno
 .text          0x0000000000025124       0x23 build/cooja/mtype386.a(mac.o)
                0x0000000000025124                mac_call_sent_callback
 .text          0x0000000000025147      0x432 build/cooja/mtype386.a(framer-802154.o)
                0x00000000000252d6                framer_802154_setup_params
 .text          0x0000000000025579      0xb6f build/cooja/mtype386.a(frame802154.o)
                0x00000000000255aa                frame802154_get_pan_id
                0x00000000000255b6                frame802154_set_pan_id
                0x00000000000255d0                frame802154_has_panid
                0x000000000002577f                frame802154_check_dest_panid
                0x0000000000025807                frame802154_is_broadcast_addr
                0x0000000000025854                frame802154_extract_linkaddr
                0x0000000000025ab9                frame802154_hdrlen
                0x0000000000025b2c                frame802154_create_fcf
                0x0000000000025be4                frame802154_create
                0x0000000000025d59                frame802154_parse_fcf
                0x0000000000025e3b                frame802154_parse
 .text          0x00000000000260e8       0x2d build/cooja/mtype386.a(csma-security.o)
                0x00000000000260e8                csma_security_create_frame
                0x0000000000026106                csma_security_parse_frame
 .text          0x0000000000026115      0x4e4 build/cooja/mtype386.a(uipbuf.o)
                0x0000000000026115                uipbuf_clear
                0x000000000002613c                uipbuf_add_ext_hdr
                0x00000000000261bc                uipbuf_set_len
                0x00000000000261e9                uipbuf_set_len_field
                0x0000000000026215                uipbuf_get_len_field
                0x0000000000026235                uipbuf_get_next_header
                0x0000000000026367                uipbuf_get_last_header
                0x00000000000263e0                uipbuf_search_header
                0x0000000000026496                uipbuf_get_attr
                0x00000000000264bd                uipbuf_set_attr
                0x00000000000264f4                uipbuf_set_default_attr
                0x000000000002652b                uipbuf_clear_attr
                0x000000000002654f                uipbuf_set_attr_flag
                0x0000000000026570                uipbuf_clr_attr_flag
                0x0000000000026597                uipbuf_is_attr_flag
                0x00000000000265bb                uipbuf_init
 .text          0x00000000000265f9      0x73f build/cooja/mtype386.a(uip-icmp6.o)
                0x000000000002666e                uip_icmp6_input
                0x00000000000266c5                uip_icmp6_register_input_handler
                0x0000000000026818                uip_icmp6_error_output
                0x0000000000026ac9                uip_icmp6_send
                0x0000000000026cc0                uip_icmp6_echo_reply_callback_add
                0x0000000000026cf2                uip_icmp6_echo_reply_callback_rm
                0x0000000000026d0f                uip_icmp6_init
 .text          0x0000000000026d38      0x69b build/cooja/mtype386.a(uip-sr.o)
                0x0000000000026d38                uip_sr_num_nodes
                0x0000000000026dc6                uip_sr_get_node
                0x0000000000026e1d                uip_sr_is_addr_reachable
                0x0000000000026ecb                uip_sr_expire_parent
                0x0000000000026f14                uip_sr_update_node
                0x0000000000027044                uip_sr_init
                0x0000000000027078                uip_sr_node_head
                0x0000000000027091                uip_sr_node_next
                0x00000000000270a7                uip_sr_periodic
                0x00000000000271ad                uip_sr_free_all
                0x000000000002721d                uip_sr_link_snprint
 .text          0x00000000000273d3      0x146 build/cooja/mtype386.a(uip-packetqueue)
                0x0000000000027401                uip_packetqueue_new
                0x0000000000027410                uip_packetqueue_alloc
                0x000000000002746b                uip_packetqueue_free
                0x00000000000274b2                uip_packetqueue_buf
                0x00000000000274cf                uip_packetqueue_buflen
                0x00000000000274f0                uip_packetqueue_set_buflen
 .text          0x0000000000027519      0x1b0 build/cooja/mtype386.a(rpl-nbr-policy.)
                0x0000000000027686                rpl_nbr_policy_find_removable
 .text          0x00000000000276c9      0x915 build/cooja/mtype386.a(rpl-neighbor.o)
                0x0000000000027745                rpl_neighbor_snprint
                0x00000000000279f8                rpl_neighbor_print_list
                0x0000000000027aad                rpl_neighbor_count
                0x0000000000027b54                rpl_neighbor_get_from_lladdr
                0x0000000000027b70                rpl_neighbor_is_acceptable_parent
                0x0000000000027ba4                rpl_neighbor_get_link_metric
                0x0000000000027bd8                rpl_neighbor_rank_via_nbr
                0x0000000000027c0c                rpl_neighbor_get_lladdr
                0x0000000000027c28                rpl_neighbor_get_ipaddr
                0x0000000000027c4f                rpl_neighbor_get_link_stats
                0x0000000000027c76                rpl_neighbor_is_fresh
                0x0000000000027c9d                rpl_neighbor_is_reachable
                0x0000000000027ce8                rpl_neighbor_is_parent
                0x0000000000027d12                rpl_neighbor_set_preferred_parent
                0x0000000000027da9                rpl_neighbor_remove_all
                0x0000000000027e05                rpl_neighbor_get_from_ipaddr
                0x0000000000027f13                rpl_neighbor_select_best
                0x0000000000027fbf                rpl_neighbor_init
 .text          0x0000000000027fde      0xe69 build/cooja/mtype386.a(rpl-dag.o)
                0x0000000000027fde                rpl_dag_state_to_str
                0x000000000002801d                rpl_dag_get_root_ipaddr
                0x0000000000028065                rpl_dag_leave
                0x00000000000280ee                rpl_dag_poison_and_leave
                0x0000000000028106                rpl_dag_periodic
                0x000000000002818e                rpl_is_addr_in_our_dag
                0x00000000000281d2                rpl_get_default_instance
                0x00000000000281ee                rpl_get_any_dag
                0x0000000000028247                rpl_refresh_routes
                0x0000000000028287                rpl_global_repair
                0x0000000000028320                rpl_local_repair
                0x000000000002836a                rpl_dag_ready_to_advertise
                0x00000000000283ad                rpl_dag_update_state
                0x0000000000028ada                rpl_process_dio
                0x0000000000028b58                rpl_process_dis
                0x0000000000028b9d                rpl_process_dao
                0x0000000000028c2c                rpl_process_dao_ack
                0x0000000000028cc3                rpl_process_hbh
                0x0000000000028d13                rpl_dag_init_root
                0x0000000000028e27                rpl_dag_init
 .text          0x0000000000028e47      0x9e7 build/cooja/mtype386.a(rpl-timers.o)
                0x0000000000028e47                rpl_timers_schedule_periodic_dis
                0x0000000000028f95                rpl_timers_dio_reset
                0x00000000000290a3                rpl_timers_schedule_unicast_dio
                0x00000000000291f7                rpl_timers_schedule_dao
                0x00000000000292b6                rpl_timers_schedule_dao_ack
                0x000000000002933c                rpl_timers_notify_dao_ack
                0x000000000002939a                get_probing_delay
                0x00000000000293ce                get_probing_target
                0x00000000000295b8                rpl_schedule_probing
                0x00000000000295e6                rpl_schedule_probing_now
                0x0000000000029650                rpl_timers_unschedule_leaving
                0x0000000000029688                rpl_timers_schedule_leaving
                0x00000000000296c9                rpl_timers_init
                0x0000000000029759                rpl_timers_stop_dag_timers
                0x00000000000297d2                rpl_timers_unschedule_state_update
                0x00000000000297f6                rpl_timers_schedule_state_update
 .text          0x000000000002982e      0xb8e build/cooja/mtype386.a(rpl-ext-header.)
                0x000000000002982e                rpl_ext_header_srh_get_next_hop
                0x0000000000029915                rpl_ext_header_srh_update
                0x0000000000029e81                rpl_ext_header_hbh_update
                0x000000000002a181                rpl_ext_header_update
                0x000000000002a20a                rpl_ext_header_remove
 .text          0x000000000002a3bc      0x31b build/cooja/mtype386.a(rpl-mrhof.o)
 *fill*         0x000000000002a6d7        0x9 
 .text          0x000000000002a6e0      0x122 /usr/lib/gcc/i686-linux-gnu/5/libgcc.a(_udivdi3.o)
                0x000000000002a6e0                __udivdi3
 .text          0x000000000002a802        0x0 /usr/lib/gcc/i686-linux-gnu/5/crtendS.o
 .text          0x000000000002a802        0x0 /usr/lib/gcc/i686-linux-gnu/5/../../../i386-linux-gnu/crtn.o
 *(.gnu.warning)

.fini           0x000000000002a804       0x14
 *(SORT(.fini))
 .fini          0x000000000002a804        0xf /usr/lib/gcc/i686-linux-gnu/5/../../../i386-linux-gnu/crti.o
                0x000000000002a804                _fini
 .fini          0x000000000002a813        0x5 /usr/lib/gcc/i686-linux-gnu/5/../../../i386-linux-gnu/crtn.o
                [!provide]                        PROVIDE (__etext, .)
                [!provide]                        PROVIDE (_etext, .)
                [!provide]                        PROVIDE (etext, .)

.rodata         0x000000000002a820      0xbab
 *(.rodata .rodata.* .gnu.linkonce.r.*)
 .rodata        0x000000000002a820      0x1a1 temperature.o
                0x000000000002a844                autostart_processes
 *fill*         0x000000000002a9c1        0x3 
 .rodata        0x000000000002a9c4        0x8 build/cooja/mtype386.a(beep.o)
                0x000000000002a9c4                beep_interface
 .rodata        0x000000000002a9cc        0xe build/cooja/mtype386.a(leds-arch.o)
                0x000000000002a9cc                leds_interface
                0x000000000002a9d4                leds_arch_leds
 *fill*         0x000000000002a9da        0x2 
 .rodata        0x000000000002a9dc        0x8 build/cooja/mtype386.a(moteid.o)
                0x000000000002a9dc                moteid_interface
 .rodata        0x000000000002a9e4       0x1c build/cooja/mtype386.a(pir-sensor.o)
                0x000000000002a9e4                pir_interface
                0x000000000002a9f0                pir_sensor
 .rodata        0x000000000002aa00        0xe build/cooja/mtype386.a(rs232.o)
                0x000000000002aa00                rs232_interface
 *fill*         0x000000000002aa0e        0x2 
 .rodata        0x000000000002aa10       0x24 build/cooja/mtype386.a(vib-sensor.o)
                0x000000000002aa10                vib_interface
                0x000000000002aa24                vib_sensor
 .rodata        0x000000000002aa34        0x8 build/cooja/mtype386.a(clock.o)
                0x000000000002aa34                clock_interface
 .rodata        0x000000000002aa3c        0x8 build/cooja/mtype386.a(cooja-log.o)
                0x000000000002aa3c                simlog_interface
 .rodata        0x000000000002aa44       0x2f build/cooja/mtype386.a(cfs-cooja.o)
                0x000000000002aa44                cfs_interface
 *fill*         0x000000000002aa73        0xd 
 .rodata        0x000000000002aa80       0xb8 build/cooja/mtype386.a(cooja-radio.o)
                0x000000000002aa80                radio_interface
                0x000000000002ab00                cooja_radio_driver
 .rodata        0x000000000002ab38        0x8 build/cooja/mtype386.a(eeprom.o)
                0x000000000002ab38                eeprom_interface
 .rodata        0x000000000002ab40        0x8 build/cooja/mtype386.a(sensors.o)
 .rodata        0x000000000002ab48       0x2c build/cooja/mtype386.a(buttons.o)
                0x000000000002ab48                button_interface
                0x000000000002ab5c                button_hal_button_count
                0x000000000002ab64                button_sensor
 .rodata        0x000000000002ab74       0x82 build/cooja/mtype386.a(res_temperature)
 .rodata        0x000000000002abf6       0x41 build/cooja/mtype386.a(coap-engine.o)
 .rodata        0x000000000002ac37       0x19 build/cooja/mtype386.a(coap-res-well-k)
 .rodata        0x000000000002ac50       0x11 build/cooja/mtype386.a(coap-observe.o)
 .rodata        0x000000000002ac61       0x35 build/cooja/mtype386.a(coap-uip.o)
 *fill*         0x000000000002ac96        0x2 
 .rodata        0x000000000002ac98      0x1ac build/cooja/mtype386.a(coap.o)
 .rodata        0x000000000002ae44       0xf4 build/cooja/mtype386.a(contiki-main.o)
 .rodata        0x000000000002af38        0xf build/cooja/mtype386.a(ctimer.o)
 *fill*         0x000000000002af47        0x1 
 .rodata        0x000000000002af48       0xc4 build/cooja/mtype386.a(log.o)
 .rodata        0x000000000002b00c        0xc build/cooja/mtype386.a(etimer.o)
 .rodata        0x000000000002b018       0x13 build/cooja/mtype386.a(button-hal.o)
 .rodata        0x000000000002b02b        0xe build/cooja/mtype386.a(serial-line.o)
 *fill*         0x000000000002b039        0x3 
 .rodata        0x000000000002b03c        0x8 build/cooja/mtype386.a(linkaddr.o)
                0x000000000002b03c                linkaddr_null
 .rodata        0x000000000002b044       0x24 build/cooja/mtype386.a(csma.o)
                0x000000000002b04c                csma_driver
 .rodata        0x000000000002b068       0x2a build/cooja/mtype386.a(csma-output.o)
 *fill*         0x000000000002b092        0x2 
 .rodata        0x000000000002b094       0x4d build/cooja/mtype386.a(uip-ds6-route.o)
 .rodata        0x000000000002b0e1        0xd build/cooja/mtype386.a(tcpip.o)
 .rodata        0x000000000002b0ee       0x13 build/cooja/mtype386.a(simple-udp.o)
 *fill*         0x000000000002b101        0x3 
 .rodata        0x000000000002b104       0x30 build/cooja/mtype386.a(sicslowpan.o)
                0x000000000002b104                unc_llconf
                0x000000000002b108                unc_ctxconf
                0x000000000002b10c                unc_mxconf
                0x000000000002b110                llprefix
                0x000000000002b124                sicslowpan_driver
 .rodata        0x000000000002b134       0x2d build/cooja/mtype386.a(uiplib.o)
 *fill*         0x000000000002b161       0x1f 
 .rodata        0x000000000002b180       0x74 build/cooja/mtype386.a(rpl.o)
                0x000000000002b1a0                rpl_lite_driver
 .rodata        0x000000000002b1f4       0x20 build/cooja/mtype386.a(coap-timer-defa)
                0x000000000002b208                coap_timer_default_driver
 .rodata        0x000000000002b214       0x25 build/cooja/mtype386.a(assert.o)
 *fill*         0x000000000002b239        0x3 
 .rodata        0x000000000002b23c        0xc build/cooja/mtype386.a(framer-802154.o)
                0x000000000002b23c                framer_802154
 .rodata        0x000000000002b248       0x44 build/cooja/mtype386.a(uip-sr.o)
 .rodata        0x000000000002b28c       0x58 build/cooja/mtype386.a(rpl-neighbor.o)
 .rodata        0x000000000002b2e4       0xdb build/cooja/mtype386.a(rpl-dag.o)
 .rodata        0x000000000002b3bf        0xc build/cooja/mtype386.a(rpl-timers.o)

.rodata1
 *(.rodata1)

.eh_frame_hdr   0x000000000002b3cc     0x1a2c
 *(.eh_frame_hdr)
 .eh_frame_hdr  0x000000000002b3cc     0x1a2c temperature.o
                0x000000000002b3cc                __GNU_EH_FRAME_HDR
 *(.eh_frame_entry .eh_frame_entry.*)

.eh_frame       0x000000000002cdf8     0x6a4c
 *(.eh_frame)
 .eh_frame      0x000000000002cdf8       0x3c /usr/lib/gcc/i686-linux-gnu/5/../../../i386-linux-gnu/crti.o
                                         0x40 (size before relaxing)
 .eh_frame      0x000000000002ce34       0xa0 temperature.o
                                         0xb8 (size before relaxing)
 .eh_frame      0x000000000002ced4      0x178 build/cooja/mtype386.o
                                        0x190 (size before relaxing)
 .eh_frame      0x000000000002d04c       0x40 build/cooja/mtype386.a(simEnvChange.o)
                                         0x58 (size before relaxing)
 .eh_frame      0x000000000002d08c       0x60 build/cooja/mtype386.a(cooja_mt.o)
                                         0x78 (size before relaxing)
 .eh_frame      0x000000000002d0ec       0x80 build/cooja/mtype386.a(cooja_mtarch.o)
                                         0x98 (size before relaxing)
 .eh_frame      0x000000000002d16c       0xc8 build/cooja/mtype386.a(rtimer-arch.o)
                                         0xe0 (size before relaxing)
 .eh_frame      0x000000000002d234      0x160 build/cooja/mtype386.a(beep.o)
                                        0x178 (size before relaxing)
 .eh_frame      0x000000000002d394       0x80 build/cooja/mtype386.a(leds-arch.o)
                                         0x98 (size before relaxing)
 .eh_frame      0x000000000002d414       0x40 build/cooja/mtype386.a(moteid.o)
                                         0x58 (size before relaxing)
 .eh_frame      0x000000000002d454       0xa0 build/cooja/mtype386.a(pir-sensor.o)
                                         0xb8 (size before relaxing)
 .eh_frame      0x000000000002d4f4      0x100 build/cooja/mtype386.a(rs232.o)
                                        0x118 (size before relaxing)
 .eh_frame      0x000000000002d5f4       0xa0 build/cooja/mtype386.a(vib-sensor.o)
                                         0xb8 (size before relaxing)
 .eh_frame      0x000000000002d694       0xc0 build/cooja/mtype386.a(clock.o)
                                         0xd8 (size before relaxing)
 .eh_frame      0x000000000002d754      0x120 build/cooja/mtype386.a(cooja-log.o)
                                        0x138 (size before relaxing)
 .eh_frame      0x000000000002d874      0x160 build/cooja/mtype386.a(cfs-cooja.o)
                                        0x178 (size before relaxing)
 .eh_frame      0x000000000002d9d4      0x340 build/cooja/mtype386.a(cooja-radio.o)
                                        0x358 (size before relaxing)
 .eh_frame      0x000000000002dd14       0xa0 build/cooja/mtype386.a(eeprom.o)
                                         0xb8 (size before relaxing)
 .eh_frame      0x000000000002ddb4       0x40 build/cooja/mtype386.a(random.o)
                                         0x58 (size before relaxing)
 .eh_frame      0x000000000002ddf4       0xc0 build/cooja/mtype386.a(sensors.o)
                                         0xd8 (size before relaxing)
 .eh_frame      0x000000000002deb4      0x120 build/cooja/mtype386.a(leds.o)
                                        0x138 (size before relaxing)
 .eh_frame      0x000000000002dfd4      0x220 build/cooja/mtype386.a(gpio-hal-arch.o)
                                        0x238 (size before relaxing)
 .eh_frame      0x000000000002e1f4       0xa0 build/cooja/mtype386.a(buttons.o)
                                         0xb8 (size before relaxing)
 .eh_frame      0x000000000002e294       0x90 build/cooja/mtype386.a(res_temperature)
                                         0xa8 (size before relaxing)
 .eh_frame      0x000000000002e324       0x44 build/cooja/mtype386.a(coap-blocking-a)
                                         0x5c (size before relaxing)
 .eh_frame      0x000000000002e368      0x220 build/cooja/mtype386.a(coap-engine.o)
                                        0x238 (size before relaxing)
 .eh_frame      0x000000000002e588       0x24 build/cooja/mtype386.a(coap-res-well-k)
                                         0x3c (size before relaxing)
 .eh_frame      0x000000000002e5ac      0x188 build/cooja/mtype386.a(coap-observe.o)
                                        0x1a0 (size before relaxing)
 .eh_frame      0x000000000002e734      0x250 build/cooja/mtype386.a(coap-uip.o)
                                        0x268 (size before relaxing)
 .eh_frame      0x000000000002e984      0x114 build/cooja/mtype386.a(coap-timer.o)
                                        0x12c (size before relaxing)
 .eh_frame      0x000000000002ea98      0x100 build/cooja/mtype386.a(coap-transactio)
                                        0x118 (size before relaxing)
 .eh_frame      0x000000000002eb98      0x6ec build/cooja/mtype386.a(coap.o)
                                        0x704 (size before relaxing)
 .eh_frame      0x000000000002f284       0x30 build/cooja/mtype386.a(contiki-main.o)
                                         0x48 (size before relaxing)
 .eh_frame      0x000000000002f2b4       0x40 build/cooja/mtype386.a(autostart.o)
                                         0x58 (size before relaxing)
 .eh_frame      0x000000000002f2f4      0x100 build/cooja/mtype386.a(ctimer.o)
                                        0x118 (size before relaxing)
 .eh_frame      0x000000000002f3f4      0x100 build/cooja/mtype386.a(log.o)
                                        0x118 (size before relaxing)
 .eh_frame      0x000000000002f4f4       0x60 build/cooja/mtype386.a(energest.o)
                                         0x78 (size before relaxing)
 .eh_frame      0x000000000002f554      0x1e0 build/cooja/mtype386.a(etimer.o)
                                        0x1f8 (size before relaxing)
 .eh_frame      0x000000000002f734       0x20 build/cooja/mtype386.a(node-id.o)
                                         0x38 (size before relaxing)
 .eh_frame      0x000000000002f754       0x60 build/cooja/mtype386.a(rtimer.o)
                                         0x78 (size before relaxing)
 .eh_frame      0x000000000002f7b4      0x1c4 build/cooja/mtype386.a(process.o)
                                        0x1dc (size before relaxing)
 .eh_frame      0x000000000002f978       0xa4 build/cooja/mtype386.a(timer.o)
                                         0xbc (size before relaxing)
 .eh_frame      0x000000000002fa1c      0x1a0 build/cooja/mtype386.a(list.o)
                                        0x1b8 (size before relaxing)
 .eh_frame      0x000000000002fbbc       0xa0 build/cooja/mtype386.a(memb.o)
                                         0xb8 (size before relaxing)
 .eh_frame      0x000000000002fc5c      0x144 build/cooja/mtype386.a(button-hal.o)
                                        0x15c (size before relaxing)
 .eh_frame      0x000000000002fda0       0x60 build/cooja/mtype386.a(serial-line.o)
                                         0x78 (size before relaxing)
 .eh_frame      0x000000000002fe00       0xe0 build/cooja/mtype386.a(gpio-hal.o)
                                         0xf8 (size before relaxing)
 .eh_frame      0x000000000002fee0      0x1a0 build/cooja/mtype386.a(queuebuf.o)
                                        0x1b8 (size before relaxing)
 .eh_frame      0x0000000000030080      0x28c build/cooja/mtype386.a(packetbuf.o)
                                        0x2a4 (size before relaxing)
 .eh_frame      0x000000000003030c       0x80 build/cooja/mtype386.a(netstack.o)
                                         0x98 (size before relaxing)
 .eh_frame      0x000000000003038c       0x60 build/cooja/mtype386.a(linkaddr.o)
                                         0x78 (size before relaxing)
 .eh_frame      0x00000000000303ec       0xe0 build/cooja/mtype386.a(csma.o)
                                         0xf8 (size before relaxing)
 .eh_frame      0x00000000000304cc      0x1d0 build/cooja/mtype386.a(csma-output.o)
                                        0x1e8 (size before relaxing)
 .eh_frame      0x000000000003069c      0x328 build/cooja/mtype386.a(uip-ds6.o)
                                        0x340 (size before relaxing)
 .eh_frame      0x00000000000309c4       0x40 build/cooja/mtype386.a(uip-udp-packet.)
                                         0x58 (size before relaxing)
 .eh_frame      0x0000000000030a04      0x220 build/cooja/mtype386.a(uip-ds6-route.o)
                                        0x238 (size before relaxing)
 .eh_frame      0x0000000000030c24      0x244 build/cooja/mtype386.a(tcpip.o)
                                        0x25c (size before relaxing)
 .eh_frame      0x0000000000030e68      0x1e8 build/cooja/mtype386.a(uip6.o)
                                        0x200 (size before relaxing)
 .eh_frame      0x0000000000031050      0x1c0 build/cooja/mtype386.a(uip-ds6-nbr.o)
                                        0x1d8 (size before relaxing)
 .eh_frame      0x0000000000031210       0x84 build/cooja/mtype386.a(uip-nd6.o)
                                         0x9c (size before relaxing)
 .eh_frame      0x0000000000031294       0xd4 build/cooja/mtype386.a(simple-udp.o)
                                         0xec (size before relaxing)
 .eh_frame      0x0000000000031368      0x2f8 build/cooja/mtype386.a(sicslowpan.o)
                                        0x310 (size before relaxing)
 .eh_frame      0x0000000000031660       0x88 build/cooja/mtype386.a(uiplib.o)
                                         0xa0 (size before relaxing)
 .eh_frame      0x00000000000316e8      0x1e0 build/cooja/mtype386.a(rpl.o)
                                        0x1f8 (size before relaxing)
 .eh_frame      0x00000000000318c8      0x1c4 build/cooja/mtype386.a(rpl-icmp6.o)
                                        0x1dc (size before relaxing)
 .eh_frame      0x0000000000031a8c       0xa0 build/cooja/mtype386.a(rpl-dag-root.o)
                                         0xb8 (size before relaxing)
 .eh_frame      0x0000000000031b2c       0xa0 build/cooja/mtype386.a(watchdog.o)
                                         0xb8 (size before relaxing)
 .eh_frame      0x0000000000031bcc       0x80 build/cooja/mtype386.a(int-master.o)
                                         0x98 (size before relaxing)
 .eh_frame      0x0000000000031c4c       0xa4 build/cooja/mtype386.a(coap-timer-defa)
                                         0xbc (size before relaxing)
 .eh_frame      0x0000000000031cf0       0xc4 build/cooja/mtype386.a(stimer.o)
                                         0xdc (size before relaxing)
 .eh_frame      0x0000000000031db4       0xa0 build/cooja/mtype386.a(ringbuf.o)
                                         0xb8 (size before relaxing)
 .eh_frame      0x0000000000031e54       0x20 build/cooja/mtype386.a(assert.o)
                                         0x38 (size before relaxing)
 .eh_frame      0x0000000000031e74      0x2ac build/cooja/mtype386.a(nbr-table.o)
                                        0x2c4 (size before relaxing)
 .eh_frame      0x0000000000032120      0x120 build/cooja/mtype386.a(link-stats.o)
                                        0x138 (size before relaxing)
 .eh_frame      0x0000000000032240       0x48 build/cooja/mtype386.a(mac-sequence.o)
                                         0x60 (size before relaxing)
 .eh_frame      0x0000000000032288       0x20 build/cooja/mtype386.a(mac.o)
                                         0x38 (size before relaxing)
 .eh_frame      0x00000000000322a8       0xa4 build/cooja/mtype386.a(framer-802154.o)
                                         0xbc (size before relaxing)
 .eh_frame      0x000000000003234c      0x1a4 build/cooja/mtype386.a(frame802154.o)
                                        0x1bc (size before relaxing)
 .eh_frame      0x00000000000324f0       0x40 build/cooja/mtype386.a(csma-security.o)
                                         0x58 (size before relaxing)
 .eh_frame      0x0000000000032530      0x200 build/cooja/mtype386.a(uipbuf.o)
                                        0x218 (size before relaxing)
 .eh_frame      0x0000000000032730      0x150 build/cooja/mtype386.a(uip-icmp6.o)
                                        0x168 (size before relaxing)
 .eh_frame      0x0000000000032880      0x184 build/cooja/mtype386.a(uip-sr.o)
                                        0x19c (size before relaxing)
 .eh_frame      0x0000000000032a04       0xe0 build/cooja/mtype386.a(uip-packetqueue)
                                         0xf8 (size before relaxing)
 .eh_frame      0x0000000000032ae4       0x80 build/cooja/mtype386.a(rpl-nbr-policy.)
                                         0x98 (size before relaxing)
 .eh_frame      0x0000000000032b64      0x2d4 build/cooja/mtype386.a(rpl-neighbor.o)
                                        0x2ec (size before relaxing)
 .eh_frame      0x0000000000032e38      0x370 build/cooja/mtype386.a(rpl-dag.o)
                                        0x388 (size before relaxing)
 .eh_frame      0x00000000000331a8      0x3a8 build/cooja/mtype386.a(rpl-timers.o)
                                        0x3c0 (size before relaxing)
 .eh_frame      0x0000000000033550      0x124 build/cooja/mtype386.a(rpl-ext-header.)
                                        0x13c (size before relaxing)
 .eh_frame      0x0000000000033674      0x148 build/cooja/mtype386.a(rpl-mrhof.o)
                                        0x160 (size before relaxing)
 .eh_frame      0x00000000000337bc       0x84 /usr/lib/gcc/i686-linux-gnu/5/libgcc.a(_udivdi3.o)
                                         0x9c (size before relaxing)
 .eh_frame      0x0000000000033840        0x4 /usr/lib/gcc/i686-linux-gnu/5/crtendS.o
 *(.eh_frame.*)

.gcc_except_table
 *(.gcc_except_table .gcc_except_table.*)

.gnu_extab
 *(.gnu_extab*)

.exception_ranges
 *(.exception_ranges .exception_ranges*)
                0x0000000000034f10                . = DATA_SEGMENT_ALIGN (0x1000, 0x1000)

.eh_frame
 *(.eh_frame)
 *(.eh_frame.*)

.gnu_extab
 *(.gnu_extab)

.gcc_except_table
 *(.gcc_except_table .gcc_except_table.*)

.exception_ranges
 *(.exception_ranges .exception_ranges*)

.tdata
 *(.tdata .tdata.* .gnu.linkonce.td.*)

.tbss
 *(.tbss .tbss.* .gnu.linkonce.tb.*)
 *(.tcommon)

.preinit_array
 *(.preinit_array)

.init_array     0x0000000000034f10        0x4
 *(SORT(.init_array.*) SORT(.ctors.*))
 *(.init_array EXCLUDE_FILE(*crtend?.o *crtend.o *crtbegin?.o *crtbegin.o) .ctors)
 .init_array    0x0000000000034f10        0x4 /usr/lib/gcc/i686-linux-gnu/5/crtbeginS.o

.fini_array     0x0000000000034f14        0x4
 *(SORT(.fini_array.*) SORT(.dtors.*))
 *(.fini_array EXCLUDE_FILE(*crtend?.o *crtend.o *crtbegin?.o *crtbegin.o) .dtors)
 .fini_array    0x0000000000034f14        0x4 /usr/lib/gcc/i686-linux-gnu/5/crtbeginS.o

.ctors
 *crtbegin.o(.ctors)
 *crtbegin?.o(.ctors)
 *(EXCLUDE_FILE(*crtend?.o *crtend.o) .ctors)
 *(SORT(.ctors.*))
 *(.ctors)

.dtors
 *crtbegin.o(.dtors)
 *crtbegin?.o(.dtors)
 *(EXCLUDE_FILE(*crtend?.o *crtend.o) .dtors)
 *(SORT(.dtors.*))
 *(.dtors)

.jcr            0x0000000000034f18        0x4
 *(.jcr)
 .jcr           0x0000000000034f18        0x0 /usr/lib/gcc/i686-linux-gnu/5/crtbeginS.o
 .jcr           0x0000000000034f18        0x4 /usr/lib/gcc/i686-linux-gnu/5/crtendS.o

.data.rel.ro
 *(.data.rel.ro.local* .gnu.linkonce.d.rel.ro.local.*)
 *(.data.rel.ro .data.rel.ro.* .gnu.linkonce.d.rel.ro.*)

.dynamic        0x0000000000034f1c       0xd0
 *(.dynamic)
 .dynamic       0x0000000000034f1c       0xd0 /usr/lib/gcc/i686-linux-gnu/5/../../../i386-linux-gnu/crti.o
                0x0000000000034f1c                _DYNAMIC

.got            0x0000000000034fec       0x14
 *(.got)
 .got           0x0000000000034fec       0x14 /usr/lib/gcc/i686-linux-gnu/5/../../../i386-linux-gnu/crti.o
 *(.igot)
                0x0000000000035ff4                . = DATA_SEGMENT_RELRO_END (., (SIZEOF (.got.plt) >= 0xc)?0xc:0x0)

.got.plt        0x0000000000035000        0xc
 *(.got.plt)
 .got.plt       0x0000000000035000        0xc /usr/lib/gcc/i686-linux-gnu/5/../../../i386-linux-gnu/crti.o
                0x0000000000035000                _GLOBAL_OFFSET_TABLE_
 *(.igot.plt)

.data           0x0000000000035020      0x484
 *(.data .data.* .gnu.linkonce.d.*)
 .data          0x0000000000035020        0x0 /usr/lib/gcc/i686-linux-gnu/5/../../../i386-linux-gnu/crti.o
 .data          0x0000000000035020        0x0 /usr/lib/gcc/i686-linux-gnu/5/crtbeginS.o
 .data.rel.local
                0x0000000000035020        0x4 /usr/lib/gcc/i686-linux-gnu/5/crtbeginS.o
                0x0000000000035020                __dso_handle
 .data          0x0000000000035024       0x30 temperature.o
                0x0000000000035024                udp_client
                0x0000000000035034                coap_client
                0x0000000000035044                coap_server
 *fill*         0x0000000000035054        0xc 
 .data          0x0000000000035060       0x44 build/cooja/mtype386.o
                0x0000000000035060                simInterfaces
                0x0000000000035094                sensors
 .data          0x00000000000350a4        0x0 build/cooja/mtype386.a(simEnvChange.o)
 .data          0x00000000000350a4        0x0 build/cooja/mtype386.a(cooja_mt.o)
 .data          0x00000000000350a4        0x0 build/cooja/mtype386.a(cooja_mtarch.o)
 .data          0x00000000000350a4        0x0 build/cooja/mtype386.a(rtimer-arch.o)
 .data          0x00000000000350a4        0x0 build/cooja/mtype386.a(beep.o)
 .data          0x00000000000350a4        0x0 build/cooja/mtype386.a(leds-arch.o)
 .data          0x00000000000350a4        0x0 build/cooja/mtype386.a(moteid.o)
 .data          0x00000000000350a4        0x0 build/cooja/mtype386.a(pir-sensor.o)
 .data          0x00000000000350a4        0x0 build/cooja/mtype386.a(rs232.o)
 .data          0x00000000000350a4        0x0 build/cooja/mtype386.a(vib-sensor.o)
 .data          0x00000000000350a4        0x0 build/cooja/mtype386.a(clock.o)
 .data          0x00000000000350a4        0x0 build/cooja/mtype386.a(cooja-log.o)
 .data          0x00000000000350a4        0x0 build/cooja/mtype386.a(cfs-cooja.o)
 .data          0x00000000000350a4       0x2c build/cooja/mtype386.a(cooja-radio.o)
                0x00000000000350a4                simRadioHWOn
                0x00000000000350a8                simSignalStrength
                0x00000000000350ac                simLastSignalStrength
                0x00000000000350b0                simPower
                0x00000000000350b4                simRadioChannel
                0x00000000000350b8                simLQI
                0x00000000000350c0                cooja_radio_process
 .data          0x00000000000350d0        0x0 build/cooja/mtype386.a(eeprom.o)
 .data          0x00000000000350d0        0x0 build/cooja/mtype386.a(random.o)
 .data          0x00000000000350d0       0x10 build/cooja/mtype386.a(sensors.o)
                0x00000000000350d0                sensors_process
 .data          0x00000000000350e0        0x0 build/cooja/mtype386.a(leds.o)
 .data          0x00000000000350e0        0x0 build/cooja/mtype386.a(gpio-hal-arch.o)
 .data          0x00000000000350e0       0x78 build/cooja/mtype386.a(buttons.o)
                0x00000000000350e0                simButtonIsActive
                0x0000000000035150                button_hal_buttons
 *fill*         0x0000000000035158        0x8 
 .data          0x0000000000035160       0x44 build/cooja/mtype386.a(res_temperature)
                0x0000000000035180                res_temperature
 .data          0x00000000000351a4        0x0 build/cooja/mtype386.a(coap-blocking-a)
 .data          0x00000000000351a4        0x8 build/cooja/mtype386.a(coap-engine.o)
 *fill*         0x00000000000351ac       0x14 
 .data          0x00000000000351c0       0x24 build/cooja/mtype386.a(coap-res-well-k)
                0x00000000000351c0                res_well_known_core
 .data          0x00000000000351e4       0x10 build/cooja/mtype386.a(coap-observe.o)
 .data          0x00000000000351f4       0x10 build/cooja/mtype386.a(coap-uip.o)
                0x00000000000351f4                coap_engine
 .data          0x0000000000035204        0x4 build/cooja/mtype386.a(coap-timer.o)
 .data          0x0000000000035208       0x10 build/cooja/mtype386.a(coap-transactio)
 .data          0x0000000000035218        0x4 build/cooja/mtype386.a(coap.o)
                0x0000000000035218                coap_error_message
 .data          0x000000000003521c        0x0 build/cooja/mtype386.a(contiki-main.o)
 .data          0x000000000003521c        0x0 build/cooja/mtype386.a(autostart.o)
 .data          0x000000000003521c       0x14 build/cooja/mtype386.a(ctimer.o)
                0x0000000000035220                ctimer_process
 *fill*         0x0000000000035230       0x10 
 .data          0x0000000000035240       0xbc build/cooja/mtype386.a(log.o)
                0x0000000000035240                curr_log_level_main
                0x0000000000035260                all_modules
 .data          0x00000000000352fc        0x0 build/cooja/mtype386.a(energest.o)
 .data          0x00000000000352fc       0x10 build/cooja/mtype386.a(etimer.o)
                0x00000000000352fc                etimer_process
 .data          0x000000000003530c        0x0 build/cooja/mtype386.a(node-id.o)
 .data          0x000000000003530c        0x0 build/cooja/mtype386.a(rtimer.o)
 .data          0x000000000003530c        0x0 build/cooja/mtype386.a(process.o)
 .data          0x000000000003530c        0x0 build/cooja/mtype386.a(timer.o)
 .data          0x000000000003530c        0x0 build/cooja/mtype386.a(list.o)
 .data          0x000000000003530c        0x0 build/cooja/mtype386.a(memb.o)
 .data          0x000000000003530c       0x10 build/cooja/mtype386.a(button-hal.o)
                0x000000000003530c                button_hal_process
 .data          0x000000000003531c       0x10 build/cooja/mtype386.a(serial-line.o)
                0x000000000003531c                serial_line_process
 .data          0x000000000003532c        0x4 build/cooja/mtype386.a(gpio-hal.o)
 .data          0x0000000000035330       0x18 build/cooja/mtype386.a(queuebuf.o)
 .data          0x0000000000035348        0x4 build/cooja/mtype386.a(packetbuf.o)
 .data          0x000000000003534c        0x4 build/cooja/mtype386.a(netstack.o)
 .data          0x0000000000035350        0x0 build/cooja/mtype386.a(linkaddr.o)
 .data          0x0000000000035350        0x0 build/cooja/mtype386.a(csma.o)
 .data          0x0000000000035350       0x28 build/cooja/mtype386.a(csma-output.o)
 .data          0x0000000000035378        0x0 build/cooja/mtype386.a(uip-ds6.o)
 .data          0x0000000000035378        0x0 build/cooja/mtype386.a(uip-udp-packet.)
 .data          0x0000000000035378       0x10 build/cooja/mtype386.a(uip-ds6-route.o)
 .data          0x0000000000035388       0x10 build/cooja/mtype386.a(tcpip.o)
                0x0000000000035388                tcpip_process
 .data          0x0000000000035398        0x0 build/cooja/mtype386.a(uip6.o)
 .data          0x0000000000035398       0x14 build/cooja/mtype386.a(uip-ds6-nbr.o)
 .data          0x00000000000353ac        0xc build/cooja/mtype386.a(uip-nd6.o)
 .data          0x00000000000353b8       0x10 build/cooja/mtype386.a(simple-udp.o)
                0x00000000000353b8                simple_udp_process
 .data          0x00000000000353c8        0x0 build/cooja/mtype386.a(sicslowpan.o)
 .data          0x00000000000353c8        0x0 build/cooja/mtype386.a(uiplib.o)
 .data          0x00000000000353c8        0x0 build/cooja/mtype386.a(rpl.o)
 .data          0x00000000000353c8       0x30 build/cooja/mtype386.a(rpl-icmp6.o)
 .data          0x00000000000353f8        0x0 build/cooja/mtype386.a(rpl-dag-root.o)
 .data          0x00000000000353f8        0x0 build/cooja/mtype386.a(watchdog.o)
 .data          0x00000000000353f8        0x0 build/cooja/mtype386.a(int-master.o)
 .data          0x00000000000353f8       0x10 build/cooja/mtype386.a(coap-timer-defa)
                0x00000000000353f8                coap_timer_process
 .data          0x0000000000035408        0x0 build/cooja/mtype386.a(stimer.o)
 .data          0x0000000000035408        0x0 build/cooja/mtype386.a(ringbuf.o)
 .data          0x0000000000035408        0x0 build/cooja/mtype386.a(assert.o)
 .data          0x0000000000035408       0x10 build/cooja/mtype386.a(nbr-table.o)
 .data          0x0000000000035418       0x14 build/cooja/mtype386.a(link-stats.o)
 .data          0x000000000003542c        0x0 build/cooja/mtype386.a(mac-sequence.o)
 .data          0x000000000003542c        0x0 build/cooja/mtype386.a(mac.o)
 .data          0x000000000003542c        0x0 build/cooja/mtype386.a(framer-802154.o)
 .data          0x000000000003542c        0x2 build/cooja/mtype386.a(frame802154.o)
 .data          0x000000000003542e        0x0 build/cooja/mtype386.a(csma-security.o)
 .data          0x000000000003542e        0x0 build/cooja/mtype386.a(uipbuf.o)
 *fill*         0x000000000003542e        0x2 
 .data          0x0000000000035430       0x20 build/cooja/mtype386.a(uip-icmp6.o)
 .data          0x0000000000035450       0x10 build/cooja/mtype386.a(uip-sr.o)
 .data          0x0000000000035460        0xc build/cooja/mtype386.a(uip-packetqueue)
 .data          0x000000000003546c        0x0 build/cooja/mtype386.a(rpl-nbr-policy.)
 .data          0x000000000003546c       0x14 build/cooja/mtype386.a(rpl-neighbor.o)
                0x000000000003547c                rpl_neighbors
 .data          0x0000000000035480        0x0 build/cooja/mtype386.a(rpl-dag.o)
 .data          0x0000000000035480        0x0 build/cooja/mtype386.a(rpl-timers.o)
 .data          0x0000000000035480        0x0 build/cooja/mtype386.a(rpl-ext-header.)
 .data          0x0000000000035480       0x24 build/cooja/mtype386.a(rpl-mrhof.o)
                0x0000000000035480                rpl_mrhof
 .data          0x00000000000354a4        0x0 /usr/lib/gcc/i686-linux-gnu/5/libgcc.a(_udivdi3.o)
 .data          0x00000000000354a4        0x0 /usr/lib/gcc/i686-linux-gnu/5/crtendS.o
 .data          0x00000000000354a4        0x0 /usr/lib/gcc/i686-linux-gnu/5/../../../i386-linux-gnu/crtn.o

.tm_clone_table
                0x00000000000354a4        0x0
 .tm_clone_table
                0x00000000000354a4        0x0 /usr/lib/gcc/i686-linux-gnu/5/crtbeginS.o
 .tm_clone_table
                0x00000000000354a4        0x0 /usr/lib/gcc/i686-linux-gnu/5/crtendS.o

.data1
 *(.data1)
                0x00000000000354a4                _edata = .
                [!provide]                        PROVIDE (edata, .)
                0x00000000000354a4                . = .
                0x00000000000354a4                __bss_start = .

.bss            0x00000000000354c0    0x14684
 *(.dynbss)
 .dynbss        0x00000000000354c0        0x0 /usr/lib/gcc/i686-linux-gnu/5/../../../i386-linux-gnu/crti.o
 *(.bss .bss.* .gnu.linkonce.b.*)
 .bss           0x00000000000354c0        0x0 /usr/lib/gcc/i686-linux-gnu/5/../../../i386-linux-gnu/crti.o
 .bss           0x00000000000354c0        0x1 /usr/lib/gcc/i686-linux-gnu/5/crtbeginS.o
 *fill*         0x00000000000354c1       0x1f 
 .bss           0x00000000000354e0      0x28c temperature.o
                0x00000000000354e0                rpl_add
                0x00000000000354e1                registered
 *fill*         0x000000000003576c       0x14 
 .bss           0x0000000000035780     0x2030 build/cooja/mtype386.o
 .bss           0x00000000000377b0        0x1 build/cooja/mtype386.a(simEnvChange.o)
                0x00000000000377b0                simDontFallAsleep
 *fill*         0x00000000000377b1        0x3 
 .bss           0x00000000000377b4        0x4 build/cooja/mtype386.a(cooja_mt.o)
 .bss           0x00000000000377b8        0x4 build/cooja/mtype386.a(cooja_mtarch.o)
 .bss           0x00000000000377bc        0x0 build/cooja/mtype386.a(rtimer-arch.o)
 .bss           0x00000000000377bc        0x0 build/cooja/mtype386.a(beep.o)
 .bss           0x00000000000377bc        0x1 build/cooja/mtype386.a(leds-arch.o)
                0x00000000000377bc                simLedsValue
 .bss           0x00000000000377bd        0x0 build/cooja/mtype386.a(moteid.o)
 .bss           0x00000000000377bd        0x1 build/cooja/mtype386.a(pir-sensor.o)
                0x00000000000377bd                simPirValue
 *fill*         0x00000000000377be        0x2 
 .bss           0x00000000000377c0        0x4 build/cooja/mtype386.a(rs232.o)
 .bss           0x00000000000377c4        0x1 build/cooja/mtype386.a(vib-sensor.o)
                0x00000000000377c4                simVibValue
 .bss           0x00000000000377c5        0x0 build/cooja/mtype386.a(clock.o)
 *fill*         0x00000000000377c5       0x1b 
 .bss           0x00000000000377e0     0x2020 build/cooja/mtype386.a(cooja-log.o)
 .bss           0x0000000000039800      0xfc0 build/cooja/mtype386.a(cfs-cooja.o)
                0x0000000000039800                simCFSData
                0x000000000003a7a0                simCFSSize
                0x000000000003a7a4                simCFSChanged
                0x000000000003a7a8                simCFSRead
                0x000000000003a7ac                simCFSWritten
 .bss           0x000000000003a7c0       0x24 build/cooja/mtype386.a(cooja-radio.o)
                0x000000000003a7c0                simReceiving
                0x000000000003a7c4                simInSize
                0x000000000003a7c8                simLastPacketTimestamp
                0x000000000003a7d0                simOutSize
 .bss           0x000000000003a7e4        0xc build/cooja/mtype386.a(eeprom.o)
                0x000000000003a7e4                simEEPROMChanged
                0x000000000003a7e8                simEEPROMRead
                0x000000000003a7ec                simEEPROMWritten
 .bss           0x000000000003a7f0        0x0 build/cooja/mtype386.a(random.o)
 .bss           0x000000000003a7f0        0xc build/cooja/mtype386.a(sensors.o)
 .bss           0x000000000003a7fc        0x0 build/cooja/mtype386.a(leds.o)
 .bss           0x000000000003a7fc       0x24 build/cooja/mtype386.a(gpio-hal-arch.o)
 .bss           0x000000000003a820        0x0 build/cooja/mtype386.a(buttons.o)
 .bss           0x000000000003a820        0x8 build/cooja/mtype386.a(res_temperature)
                0x000000000003a820                name_assigned
                0x000000000003a821                actuator_ip_assigned
 .bss           0x000000000003a828        0x0 build/cooja/mtype386.a(coap-blocking-a)
 *fill*         0x000000000003a828       0x18 
 .bss           0x000000000003a840      0x190 build/cooja/mtype386.a(coap-engine.o)
 .bss           0x000000000003a9d0        0x0 build/cooja/mtype386.a(coap-res-well-k)
 *fill*         0x000000000003a9d0       0x10 
 .bss           0x000000000003a9e0      0x120 build/cooja/mtype386.a(coap-observe.o)
 .bss           0x000000000003ab00       0x18 build/cooja/mtype386.a(coap-uip.o)
 .bss           0x000000000003ab18        0x5 build/cooja/mtype386.a(coap-timer.o)
 *fill*         0x000000000003ab1d        0x3 
 .bss           0x000000000003ab20      0x334 build/cooja/mtype386.a(coap-transactio)
 .bss           0x000000000003ae54        0x6 build/cooja/mtype386.a(coap.o)
                0x000000000003ae54                coap_status_code
 .bss           0x000000000003ae5a        0x0 build/cooja/mtype386.a(contiki-main.o)
 .bss           0x000000000003ae5a        0x0 build/cooja/mtype386.a(autostart.o)
 *fill*         0x000000000003ae5a        0x2 
 .bss           0x000000000003ae5c        0x5 build/cooja/mtype386.a(ctimer.o)
 *fill*         0x000000000003ae61        0x3 
 .bss           0x000000000003ae64       0x2c build/cooja/mtype386.a(log.o)
                0x000000000003ae64                curr_log_level_rpl
                0x000000000003ae68                curr_log_level_tcpip
                0x000000000003ae6c                curr_log_level_ipv6
                0x000000000003ae70                curr_log_level_6lowpan
                0x000000000003ae74                curr_log_level_nullnet
                0x000000000003ae78                curr_log_level_mac
                0x000000000003ae7c                curr_log_level_framer
                0x000000000003ae80                curr_log_level_6top
                0x000000000003ae84                curr_log_level_coap
                0x000000000003ae88                curr_log_level_snmp
                0x000000000003ae8c                curr_log_level_lwm2m
 .bss           0x000000000003ae90        0x0 build/cooja/mtype386.a(energest.o)
 .bss           0x000000000003ae90        0x8 build/cooja/mtype386.a(etimer.o)
 .bss           0x000000000003ae98        0x2 build/cooja/mtype386.a(node-id.o)
                0x000000000003ae98                node_id
 *fill*         0x000000000003ae9a        0x2 
 .bss           0x000000000003ae9c        0x4 build/cooja/mtype386.a(rtimer.o)
 .bss           0x000000000003aea0      0x1a1 build/cooja/mtype386.a(process.o)
                0x000000000003aea0                process_list
                0x000000000003aea4                process_current
 .bss           0x000000000003b041        0x0 build/cooja/mtype386.a(timer.o)
 .bss           0x000000000003b041        0x0 build/cooja/mtype386.a(list.o)
 .bss           0x000000000003b041        0x0 build/cooja/mtype386.a(memb.o)
 *fill*         0x000000000003b041        0x3 
 .bss           0x000000000003b044       0x10 build/cooja/mtype386.a(button-hal.o)
 *fill*         0x000000000003b054        0xc 
 .bss           0x000000000003b060      0x140 build/cooja/mtype386.a(serial-line.o)
 .bss           0x000000000003b1a0        0x4 build/cooja/mtype386.a(gpio-hal.o)
 *fill*         0x000000000003b1a4       0x1c 
 .bss           0x000000000003b1c0     0x2c80 build/cooja/mtype386.a(queuebuf.o)
 .bss           0x000000000003de40       0xa0 build/cooja/mtype386.a(packetbuf.o)
 .bss           0x000000000003dee0        0x4 build/cooja/mtype386.a(netstack.o)
 .bss           0x000000000003dee4        0x0 build/cooja/mtype386.a(linkaddr.o)
 .bss           0x000000000003dee4        0x0 build/cooja/mtype386.a(csma.o)
 *fill*         0x000000000003dee4       0x1c 
 .bss           0x000000000003df00      0x726 build/cooja/mtype386.a(csma-output.o)
 *fill*         0x000000000003e626        0x2 
 .bss           0x000000000003e628       0x30 build/cooja/mtype386.a(uip-ds6.o)
 .bss           0x000000000003e658        0x0 build/cooja/mtype386.a(uip-udp-packet.)
 *fill*         0x000000000003e658        0x8 
 .bss           0x000000000003e660       0x60 build/cooja/mtype386.a(uip-ds6-route.o)