Archive member included to satisfy reference by file (symbol)

build/cooja/mtype408.a(simEnvChange.o)
                              build/cooja/mtype408.o (simDontFallAsleep)
build/cooja/mtype408.a(cooja_mt.o)
                              build/cooja/mtype408.o (cooja_mt_start)
build/cooja/mtype408.a(cooja_mtarch.o)
                              build/cooja/mtype408.a(cooja_mt.o) (cooja_mtarch_start)
build/cooja/mtype408.a(rtimer-arch.o)
                              build/cooja/mtype408.o (rtimer_arch_check)
build/cooja/mtype408.a(beep.o)
                              build/cooja/mtype408.o (beep_interface)
build/cooja/mtype408.a(leds-arch.o)
                              build/cooja/mtype408.o (leds_interface)
build/cooja/mtype408.a(moteid.o)
                              build/cooja/mtype408.o (moteid_interface)
build/cooja/mtype408.a(pir-sensor.o)
                              build/cooja/mtype408.o (pir_interface)
build/cooja/mtype408.a(rs232.o)
                              build/cooja/mtype408.o (rs232_interface)
build/cooja/mtype408.a(vib-sensor.o)
                              build/cooja/mtype408.o (vib_interface)
build/cooja/mtype408.a(clock.o)
                              build/cooja/mtype408.o (clock_interface)
build/cooja/mtype408.a(cooja-log.o)
                              build/cooja/mtype408.o (simlog_interface)
build/cooja/mtype408.a(cfs-cooja.o)
                              build/cooja/mtype408.o (cfs_interface)
build/cooja/mtype408.a(cooja-radio.o)
                              build/cooja/mtype408.o (radio_interface)
build/cooja/mtype408.a(eeprom.o)
                              build/cooja/mtype408.o (eeprom_interface)
build/cooja/mtype408.a(random.o)
                              build/cooja/mtype408.a(moteid.o) (random_init)
build/cooja/mtype408.a(sensors.o)
                              build/cooja/mtype408.a(pir-sensor.o) (sensors_changed)
build/cooja/mtype408.a(leds.o)
                              build/cooja/mtype408.a(leds-arch.o) (leds_get)
build/cooja/mtype408.a(gpio-hal-arch.o)
                              build/cooja/mtype408.a(leds-arch.o) (gpio_hal_arch_register_pin_callback)
build/cooja/mtype408.a(buttons.o)
                              build/cooja/mtype408.o (button_interface)
build/cooja/mtype408.a(res_temperature)
                              temperature.o (mote_name)
build/cooja/mtype408.a(coap-blocking-a)
                              temperature.o (coap_blocking_request)
build/cooja/mtype408.a(coap-engine.o)
                              temperature.o (coap_activate_resource)
build/cooja/mtype408.a(coap-res-well-k)
                              build/cooja/mtype408.a(coap-engine.o) (res_well_known_core)
build/cooja/mtype408.a(coap-observe.o)
                              build/cooja/mtype408.a(coap-engine.o) (coap_remove_observer_by_mid)
build/cooja/mtype408.a(coap-uip.o)
                              build/cooja/mtype408.a(coap-observe.o) (coap_endpoint_copy)
build/cooja/mtype408.a(coap-timer.o)
                              build/cooja/mtype408.a(coap-engine.o) (coap_timer_set)
build/cooja/mtype408.a(coap-transactio)
                              build/cooja/mtype408.a(coap-blocking-a) (coap_send_transaction)
build/cooja/mtype408.a(coap.o)
                              build/cooja/mtype408.a(coap-engine.o) (coap_status_code)
build/cooja/mtype408.a(contiki-main.o)
                              build/cooja/mtype408.o (main)
build/cooja/mtype408.a(autostart.o)
                              build/cooja/mtype408.a(contiki-main.o) (autostart_start)
build/cooja/mtype408.a(ctimer.o)
                              build/cooja/mtype408.a(contiki-main.o) (ctimer_init)
build/cooja/mtype408.a(log.o)
                              build/cooja/mtype408.a(contiki-main.o) (curr_log_level_main)
build/cooja/mtype408.a(energest.o)
                              build/cooja/mtype408.a(contiki-main.o) (energest_init)
build/cooja/mtype408.a(etimer.o)
                              build/cooja/mtype408.a(contiki-main.o) (etimer_process)
build/cooja/mtype408.a(node-id.o)
                              build/cooja/mtype408.a(contiki-main.o) (node_id)
build/cooja/mtype408.a(rtimer.o)
                              build/cooja/mtype408.a(contiki-main.o) (rtimer_init)
build/cooja/mtype408.a(process.o)
                              build/cooja/mtype408.a(coap-blocking-a) (process_current)
build/cooja/mtype408.a(timer.o)
                              build/cooja/mtype408.a(etimer.o) (timer_set)
build/cooja/mtype408.a(list.o)
                              build/cooja/mtype408.a(coap-engine.o) (list_init)
build/cooja/mtype408.a(memb.o)
                              build/cooja/mtype408.a(coap-observe.o) (memb_alloc)
build/cooja/mtype408.a(button-hal.o)
                              build/cooja/mtype408.o (button_hal_init)
build/cooja/mtype408.a(serial-line.o)
                              build/cooja/mtype408.a(rs232.o) (serial_line_input_byte)
build/cooja/mtype408.a(gpio-hal.o)
[...]
Memory Configuration

Name             Origin             Length             Attributes
*default*        0x0000000000000000 0xffffffffffffffff

Linker script and memory map

LOAD /usr/lib/gcc/i686-linux-gnu/5/../../../i386-linux-gnu/crti.o
LOAD /usr/lib/gcc/i686-linux-gnu/5/crtbeginS.o
LOAD temperature.o
LOAD build/cooja/mtype408.o
LOAD build/cooja/mtype408.a
LOAD /usr/lib/gcc/i686-linux-gnu/5/libgcc.a
LOAD /usr/lib/gcc/i686-linux-gnu/5/libgcc_s.so
LOAD /usr/lib/gcc/i686-linux-gnu/5/../../../i386-linux-gnu/libc.so
START GROUP
LOAD /lib/i386-linux-gnu/libc.so.6
LOAD /usr/lib/i386-linux-gnu/libc_nonshared.a
LOAD /lib/i386-linux-gnu/ld-linux.so.2
END GROUP
LOAD /usr/lib/gcc/i686-linux-gnu/5/libgcc.a
LOAD /usr/lib/gcc/i686-linux-gnu/5/libgcc_s.so
LOAD /usr/lib/gcc/i686-linux-gnu/5/crtendS.o
LOAD /usr/lib/gcc/i686-linux-gnu/5/../../../i386-linux-gnu/crtn.o
                0x0000000000000114                . = (0x0 + SIZEOF_HEADERS)

.note.gnu.build-id
                0x0000000000000114       0x24
 *(.note.gnu.build-id)
 .note.gnu.build-id
                0x0000000000000114       0x24 /usr/lib/gcc/i686-linux-gnu/5/../../../i386-linux-gnu/crti.o

.hash
 *(.hash)

.gnu.hash       0x0000000000000138     0x15c8
 *(.gnu.hash)
 .gnu.hash      0x0000000000000138     0x15c8 /usr/lib/gcc/i686-linux-gnu/5/../../../i386-linux-gnu/crti.o

.dynsym         0x0000000000001700     0x2fd0
 *(.dynsym)
 .dynsym        0x0000000000001700     0x2fd0 /usr/lib/gcc/i686-linux-gnu/5/../../../i386-linux-gnu/crti.o

.dynstr         0x00000000000046d0     0x374e
 *(.dynstr)
 .dynstr        0x00000000000046d0     0x374e /usr/lib/gcc/i686-linux-gnu/5/../../../i386-linux-gnu/crti.o

.gnu.version    0x0000000000007e1e      0x5fa
 *(.gnu.version)
 .gnu.version   0x0000000000007e1e      0x5fa /usr/lib/gcc/i686-linux-gnu/5/../../../i386-linux-gnu/crti.o

.gnu.version_d  0x0000000000008418        0x0
 *(.gnu.version_d)
 .gnu.version_d
                0x0000000000008418        0x0 /usr/lib/gcc/i686-linux-gnu/5/../../../i386-linux-gnu/crti.o

.gnu.version_r  0x0000000000008418       0x40
 *(.gnu.version_r)
 .gnu.version_r
                0x0000000000008418       0x40 /usr/lib/gcc/i686-linux-gnu/5/../../../i386-linux-gnu/crti.o

.rel.dyn        0x0000000000008458     0x9420
 *(.rel.init)
 .rel.init      0x0000000000008458        0x0 /usr/lib/gcc/i686-linux-gnu/5/../../../i386-linux-gnu/crti.o
 *(.rel.text .rel.text.* .rel.gnu.linkonce.t.*)
 .rel.text      0x0000000000008458     0x8a20 /usr/lib/gcc/i686-linux-gnu/5/../../../i386-linux-gnu/crti.o
 *(.rel.fini)
 .rel.fini      0x0000000000010e78        0x0 /usr/lib/gcc/i686-linux-gnu/5/../../../i386-linux-gnu/crti.o
 *(.rel.rodata .rel.rodata.* .rel.gnu.linkonce.r.*)
 .rel.rodata    0x0000000000010e78      0x598 /usr/lib/gcc/i686-linux-gnu/5/../../../i386-linux-gnu/crti.o
 *(.rel.data.rel.ro .rel.data.rel.ro.* .rel.gnu.linkonce.d.rel.ro.*)
 *(.rel.data .rel.data.* .rel.gnu.linkonce.d.*)
 .rel.data.rel.local
                0x0000000000011410        0x8 /usr/lib/gcc/i686-linux-gnu/5/../../../i386-linux-gnu/crti.o
 .rel.data      0x0000000000011418      0x428 /usr/lib/gcc/i686-linux-gnu/5/../../../i386-linux-gnu/crti.o
 *(.rel.tdata .rel.tdata.* .rel.gnu.linkonce.td.*)
 *(.rel.tbss .rel.tbss.* .rel.gnu.linkonce.tb.*)
 *(.rel.ctors)
 *(.rel.dtors)
 *(.rel.got)
 .rel.got       0x0000000000011840       0x28 /usr/lib/gcc/i686-linux-gnu/5/../../../i386-linux-gnu/crti.o
 *(.rel.bss .rel.bss.* .rel.gnu.linkonce.b.*)
 *(.rel.ifunc)
 .rel.ifunc     0x0000000000011868        0x0 /usr/lib/gcc/i686-linux-gnu/5/../../../i386-linux-gnu/crti.o
 .rel.fini_array
                0x0000000000011868        0x8 /usr/lib/gcc/i686-linux-gnu/5/../../../i386-linux-gnu/crti.o
 .rel.init_array
                0x0000000000011870        0x8 /usr/lib/gcc/i686-linux-gnu/5/../../../i386-linux-gnu/crti.o

.rel.plt        0x0000000000011878        0x0
 *(.rel.plt)
 .rel.plt       0x0000000000011878        0x0 /usr/lib/gcc/i686-linux-gnu/5/../../../i386-linux-gnu/crti.o
 *(.rel.iplt)

.init           0x0000000000011878       0x23
 *(SORT(.init))
 .init          0x0000000000011878       0x1e /usr/lib/gcc/i686-linux-gnu/5/../../../i386-linux-gnu/crti.o
                0x0000000000011878                _init
 .init          0x0000000000011896        0x5 /usr/lib/gcc/i686-linux-gnu/5/../../../i386-linux-gnu/crtn.o

.plt            0x00000000000118a0       0x10
 *(.plt)
 .plt           0x00000000000118a0       0x10 /usr/lib/gcc/i686-linux-gnu/5/../../../i386-linux-gnu/crti.o
 *(.iplt)

.plt.got        0x00000000000118b0       0x10
 *(.plt.got)
 .plt.got       0x00000000000118b0       0x10 /usr/lib/gcc/i686-linux-gnu/5/../../../i386-linux-gnu/crti.o

.text           0x00000000000118c0    0x19102
 *(.text.unlikely .text.*_unlikely .text.unlikely.*)
 .text.unlikely
                0x00000000000118c0        0x0 /usr/lib/gcc/i686-linux-gnu/5/crtbeginS.o
 .text.unlikely
                0x00000000000118c0        0x0 /usr/lib/gcc/i686-linux-gnu/5/libgcc.a(_udivdi3.o)
 *(.text.exit .text.exit.*)
 *(.text.startup .text.startup.*)
 *(.text.hot .text.hot.*)
 *(.text .stub .text.* .gnu.linkonce.t.*)
 .text          0x00000000000118c0        0x0 /usr/lib/gcc/i686-linux-gnu/5/../../../i386-linux-gnu/crti.o
 .gnu.linkonce.t.__x86.get_pc_thunk.bx
                0x00000000000118c0        0x4 /usr/lib/gcc/i686-linux-gnu/5/../../../i386-linux-gnu/crti.o
                0x00000000000118c0                __x86.get_pc_thunk.bx
 *fill*         0x00000000000118c4        0xc 
 .text          0x00000000000118d0      0x11c /usr/lib/gcc/i686-linux-gnu/5/crtbeginS.o
 .text.__x86.get_pc_thunk.dx
                0x00000000000119ec        0x4 /usr/lib/gcc/i686-linux-gnu/5/crtbeginS.o
                0x00000000000119ec                __x86.get_pc_thunk.dx
 .text          0x00000000000119f0      0x6f1 temperature.o
                0x0000000000011a21                response_handler
 .text          0x00000000000120e1      0x283 build/cooja/mtype408.o
                0x0000000000012173                platform_init_stage_one
                0x0000000000012186                platform_init_stage_two
                0x0000000000012199                platform_init_stage_three
                0x00000000000121ac                platform_main_loop
                0x000000000001221f                Java_org_contikios_cooja_corecomm_Lib8_init
                0x0000000000012256                Java_org_contikios_cooja_corecomm_Lib8_getMemory
                0x0000000000012289                Java_org_contikios_cooja_corecomm_Lib8_setMemory
                0x00000000000122e9                Java_org_contikios_cooja_corecomm_Lib8_tick
                0x0000000000012351                Java_org_contikios_cooja_corecomm_Lib8_setReferenceAddress
 .text          0x0000000000012364       0x65 build/cooja/mtype408.a(simEnvChange.o)
                0x0000000000012364                doActionsBeforeTick
                0x0000000000012396                doActionsAfterTick
 .text          0x00000000000123c9       0x83 build/cooja/mtype408.a(cooja_mt.o)
                0x00000000000123c9                cooja_mt_start
                0x00000000000123f3                cooja_mt_exec
                0x0000000000012429                cooja_mt_yield
 .text          0x000000000001244c       0xbe build/cooja/mtype408.a(cooja_mtarch.o)
                0x000000000001244c                cooja_mtarch_start
                0x00000000000124bf                cooja_sw
                0x00000000000124e2                cooja_mtarch_exec
                0x00000000000124ff                cooja_mtarch_yield
 .text          0x000000000001250a       0xc5 build/cooja/mtype408.a(rtimer-arch.o)
                0x000000000001250a                rtimer_arch_init
                0x000000000001252e                rtimer_arch_schedule
                0x000000000001255e                rtimer_arch_next
                0x000000000001256e                rtimer_arch_pending
                0x0000000000012578                rtimer_arch_check
                0x00000000000125bf                rtimer_arch_now
 .text          0x00000000000125cf       0x81 build/cooja/mtype408.a(beep.o)
                0x00000000000125cf                beep_alarm
                0x00000000000125dc                beep_beep
                0x00000000000125e9                beep
                0x00000000000125f6                beep_down
                0x0000000000012603                beep_on
                0x0000000000012610                beep_off
                0x000000000001261d                beep_spinup
                0x000000000001262a                beep_quick
                0x0000000000012637                beep_long
 .text          0x0000000000012650       0x65 build/cooja/mtype408.a(leds-arch.o)
                0x0000000000012663                leds_arch_init
 .text          0x00000000000126b5       0x35 build/cooja/mtype408.a(moteid.o)
 .text          0x00000000000126ea       0xb7 build/cooja/mtype408.a(pir-sensor.o)
 .text          0x00000000000127a1      0x148 build/cooja/mtype408.a(rs232.o)
                0x00000000000127a1                rs232_init
                0x00000000000127a7                rs232_set_speed
                0x00000000000127b6                rs232_set_input
                0x00000000000127c4                rs232_send
                0x00000000000127e8                rs232_print
                0x0000000000012804                slip_arch_writeb
 .text          0x00000000000128e9       0xb7 build/cooja/mtype408.a(vib-sensor.o)
 .text          0x00000000000129a0       0x38 build/cooja/mtype408.a(clock.o)
                0x00000000000129a0                clock_init
                0x00000000000129a6                clock_time
                0x00000000000129b0                clock_seconds
                0x00000000000129c6                clock_delay
 .text          0x00000000000129d8      0x219 build/cooja/mtype408.a(cooja-log.o)
                0x00000000000129d8                simlog_char
                0x0000000000012a1b                simlog
                0x0000000000012a91                log_message
                0x0000000000012ac2                log_set_putchar_with_slip
                0x0000000000012ad0                log_putchar
                0x0000000000012b4b                log_puts
                0x0000000000012b73                log_printf
 .text          0x0000000000012bf1      0x2b9 build/cooja/mtype408.a(cfs-cooja.o)
                0x0000000000012bf1                cfs_open
                0x0000000000012c5a                cfs_close
                0x0000000000012c67                cfs_read
                0x0000000000012cfc                cfs_write
                0x0000000000012dd8                cfs_seek
                0x0000000000012e60                cfs_remove
                0x0000000000012e84                cfs_opendir
                0x0000000000012e8e                cfs_readdir
                0x0000000000012e98                cfs_closedir
 .text          0x0000000000012eaa      0x620 build/cooja/mtype408.a(cooja-radio.o)
                0x0000000000012eec                radio_set_channel
                0x0000000000012efa                radio_set_txpower
                0x0000000000012f12                radio_signal_strength_last
                0x0000000000012f1c                radio_signal_strength_current
                0x0000000000012f26                radio_LQI
 .text          0x00000000000134ca       0xee build/cooja/mtype408.a(eeprom.o)
                0x00000000000134ca                eeprom_init
                0x00000000000134d0                eeprom_read
                0x000000000001353e                eeprom_write
 .text          0x00000000000135b8       0x2d build/cooja/mtype408.a(random.o)
                0x00000000000135b8                random_init
                0x00000000000135d8                random_rand
 .text          0x00000000000135e5      0x29c build/cooja/mtype408.a(sensors.o)
                0x0000000000013620                sensors_first
                0x000000000001362a                sensors_next
                0x0000000000013644                sensors_changed
                0x0000000000013678                sensors_find
 .text          0x0000000000013881      0x349 build/cooja/mtype408.a(leds.o)
                0x0000000000013881                leds_init
                0x00000000000138c8                leds_single_on
                0x0000000000013927                leds_single_off
                0x0000000000013986                leds_single_toggle
                0x00000000000139b8                leds_on
                0x0000000000013a3a                leds_off
                0x0000000000013abc                leds_toggle
                0x0000000000013b11                leds_set
                0x0000000000013b3d                leds_get
 .text          0x0000000000013bca      0x343 build/cooja/mtype408.a(gpio-hal-arch.o)
                0x0000000000013bca                gpio_hal_arch_register_pin_callback
                0x0000000000013c36                gpio_hal_arch_init
                0x0000000000013c7b                gpio_hal_arch_no_port_interrupt_enable
                0x0000000000013cab                gpio_hal_arch_no_port_interrupt_disable
                0x0000000000013cdb                gpio_hal_arch_no_port_pin_cfg_set
                0x0000000000013d00                gpio_hal_arch_no_port_pin_cfg_get
                0x0000000000013d26                gpio_hal_arch_no_port_pin_set_input
                0x0000000000013d38                gpio_hal_arch_no_port_pin_set_output
                0x0000000000013d4a                gpio_hal_arch_no_port_set_pin
                0x0000000000013d6b                gpio_hal_arch_no_port_clear_pin
                0x0000000000013d8c                gpio_hal_arch_no_port_read_pin
                0x0000000000013db2                gpio_hal_arch_no_port_write_pin
                0x0000000000013ddc                gpio_hal_arch_no_port_set_pins
                0x0000000000013e23                gpio_hal_arch_no_port_clear_pins
                0x0000000000013e6a                gpio_hal_arch_no_port_read_pins
                0x0000000000013ead                gpio_hal_arch_no_port_write_pins
 .text          0x0000000000013f0d       0x89 build/cooja/mtype408.a(buttons.o)
 .text          0x0000000000013f96      0x5a1 build/cooja/mtype408.a(res_temperature)
 .text          0x0000000000014537      0x27b build/cooja/mtype408.a(coap-blocking-a)
                0x0000000000014537                coap_blocking_request_callback
                0x0000000000014561                coap_blocking_request
 .text          0x00000000000147b2      0xbea build/cooja/mtype408.a(coap-engine.o)
                0x0000000000014847                coap_add_handler
                0x0000000000014864                coap_remove_handler
                0x0000000000014881                coap_call_handlers
                0x0000000000014989                coap_receive
                0x0000000000014f84                coap_engine_init
                0x0000000000014fe2                coap_activate_resource
                0x000000000001508d                coap_get_first_resource
                0x00000000000150a6                coap_get_next_resource
 .text          0x000000000001539c      0x2d9 build/cooja/mtype408.a(coap-res-well-k)
 .text          0x0000000000015675      0x96a build/cooja/mtype408.a(coap-observe.o)
                0x000000000001578a                coap_remove_observer
                0x00000000000157ba                coap_remove_observer_by_client
                0x0000000000015822                coap_remove_observer_by_token
                0x00000000000158b5                coap_remove_observer_by_uri
                0x000000000001595c                coap_remove_observer_by_mid
                0x00000000000159d8                coap_notify_observers
                0x00000000000159f1                coap_notify_observers_sub
                0x0000000000015e5b                coap_observe_handler
                0x0000000000015f76                coap_has_observers
 .text          0x0000000000015fdf      0x733 build/cooja/mtype408.a(coap-uip.o)
                0x0000000000015fdf                coap_endpoint_log
                0x0000000000016065                coap_endpoint_print
                0x00000000000160eb                coap_endpoint_snprint
                0x000000000001621e                coap_endpoint_copy
                0x000000000001625b                coap_endpoint_cmp
                0x0000000000016369                coap_endpoint_parse
                0x0000000000016554                coap_endpoint_is_secure
                0x0000000000016563                coap_endpoint_is_connected
                0x0000000000016597                coap_endpoint_connect
                0x00000000000165b3                coap_endpoint_disconnect
                0x00000000000165b9                coap_databuf
                0x00000000000165c3                coap_transport_init
                0x0000000000016613                coap_sendto
 .text          0x0000000000016712      0x324 build/cooja/mtype408.a(coap-timer.o)
                0x000000000001680f                coap_timer_stop
                0x000000000001683a                coap_timer_set
                0x000000000001687d                coap_timer_reset
                0x00000000000168c0                coap_timer_time_to_next_expiration
                0x000000000001692c                coap_timer_run
                0x00000000000169f8                coap_timer_init
 .text          0x0000000000016a36      0x2c6 build/cooja/mtype408.a(coap-transactio)
                0x0000000000016a9c                coap_new_transaction
                0x0000000000016b02                coap_send_transaction
                0x0000000000016c63                coap_clear_transaction
                0x0000000000016cab                coap_get_transaction_by_mid
 .text          0x0000000000016cfc     0x1c53 build/cooja/mtype408.a(coap.o)
                0x0000000000017269                coap_init_connection
                0x000000000001727d                coap_get_mid
                0x0000000000017299                coap_init_message
                0x00000000000172e2                coap_serialize_message
                0x0000000000017964                coap_parse_message
                0x0000000000017fcb                coap_get_query_variable
                0x000000000001800d                coap_get_post_variable
                0x0000000000018051                coap_set_status_code
                0x0000000000018076                coap_set_token
                0x00000000000180bd                coap_get_header_content_format
                0x00000000000180ee                coap_set_header_content_format
                0x0000000000018111                coap_get_header_accept
                0x0000000000018142                coap_set_header_accept
                0x0000000000018165                coap_get_header_max_age
                0x0000000000018196                coap_set_header_max_age
                0x00000000000181b6                coap_get_header_etag
                0x00000000000181e8                coap_set_header_etag
                0x000000000001823f                coap_get_header_if_match
                0x0000000000018271                coap_set_header_if_match
                0x00000000000182c8                coap_get_header_if_none_match
                0x00000000000182e2                coap_set_header_if_none_match
                0x00000000000182f9                coap_get_header_proxy_uri
                0x0000000000018327                coap_set_header_proxy_uri
                0x0000000000018364                coap_get_header_uri_host
                0x0000000000018392                coap_set_header_uri_host
                0x00000000000183cf                coap_get_header_uri_path
                0x00000000000183fd                coap_set_header_uri_path
                0x000000000001844a                coap_get_header_uri_query
                0x000000000001847e                coap_set_header_uri_query
                0x00000000000184d4                coap_get_header_location_path
                0x0000000000018502                coap_set_header_location_path
                0x000000000001859b                coap_get_header_location_query
                0x00000000000185c9                coap_set_header_location_query
                0x0000000000018616                coap_get_header_observe
                0x0000000000018645                coap_set_header_observe
                0x0000000000018665                coap_get_header_block2
                0x00000000000186d1                coap_set_header_block2
                0x0000000000018748                coap_get_header_block1
                0x00000000000187bd                coap_set_header_block1
                0x0000000000018838                coap_get_header_size2
                0x0000000000018868                coap_set_header_size2
                0x000000000001888b                coap_get_header_size1
                0x00000000000188bb                coap_set_header_size1
                0x00000000000188de                coap_get_payload
                0x0000000000018918                coap_set_payload
 .text          0x000000000001894f      0x332 build/cooja/mtype408.a(contiki-main.o)
                0x000000000001894f                main
 .text          0x0000000000018c81       0x92 build/cooja/mtype408.a(autostart.o)
                0x0000000000018c81                autostart_start
                0x0000000000018ccb                autostart_exit
 .text          0x0000000000018d13      0x355 build/cooja/mtype408.a(ctimer.o)
                0x0000000000018e3b                ctimer_init
                0x0000000000018e6e                ctimer_set
                0x0000000000018e94                ctimer_set_with_process
                0x0000000000018f11                ctimer_reset
                0x0000000000018f65                ctimer_restart
                0x0000000000018fb9                ctimer_stop
                0x0000000000019009                ctimer_expired
 .text          0x0000000000019068      0x394 build/cooja/mtype408.a(log.o)
                0x0000000000019068                log_6addr
                0x00000000000190bb                log_6addr_compact_snprint
                0x0000000000019159                log_6addr_compact
                0x00000000000191ac                log_lladdr
                0x000000000001921e                log_lladdr_compact
                0x0000000000019286                log_set_level
                0x0000000000019341                log_get_level
                0x00000000000193ba                log_level_to_str
 .text          0x00000000000193fc       0x1b build/cooja/mtype408.a(energest.o)
                0x00000000000193fc                energest_init
                0x0000000000019402                energest_flush
                0x0000000000019408                energest_get_total_time
 .text          0x0000000000019417      0x43f build/cooja/mtype408.a(etimer.o)
                0x000000000001963b                etimer_request_poll
                0x00000000000196c4                etimer_set
                0x00000000000196ed                etimer_reset_with_new_interval
                0x000000000001971c                etimer_reset
                0x0000000000019742                etimer_restart
                0x0000000000019768                etimer_adjust
                0x0000000000019785                etimer_expired
                0x0000000000019798                etimer_expiration_time
                0x00000000000197aa                etimer_start_time
                0x00000000000197b4                etimer_pending
                0x00000000000197c6                etimer_next_expiration_time
                0x00000000000197e0                etimer_stop
 .text          0x0000000000019856       0x25 build/cooja/mtype408.a(node-id.o)
                0x0000000000019856                node_id_init
 .text          0x000000000001987b       0xeb build/cooja/mtype408.a(rtimer.o)
                0x000000000001987b                rtimer_init
                0x0000000000019889                rtimer_set
                0x0000000000019904                rtimer_run_next
 .text          0x0000000000019966      0x4fb build/cooja/mtype408.a(process.o)
                0x0000000000019966                process_alloc_event
                0x000000000001997b                process_start
                0x0000000000019b55                process_exit
                0x0000000000019b72                process_init
                0x0000000000019d07                process_run
                0x0000000000019d3a                process_nevents
                0x0000000000019d55                process_post
                0x0000000000019de8                process_post_synch
                0x0000000000019e1d                process_poll
                0x0000000000019e4d                process_is_running
 .text          0x0000000000019e61       0xb1 build/cooja/mtype408.a(timer.o)
                0x0000000000019e61                timer_set
                0x0000000000019e7f                timer_reset
                0x0000000000019eac                timer_restart
                0x0000000000019ec1                timer_expired
                0x0000000000019eee                timer_remaining
 .text          0x0000000000019f12      0x28f build/cooja/mtype408.a(list.o)
                0x0000000000019f12                list_init
                0x0000000000019f21                list_head
                0x0000000000019f2b                list_copy
                0x0000000000019f3b                list_tail
                0x0000000000019f71                list_add
                0x0000000000019fbd                list_push
                0x0000000000019fe9                list_chop
                0x000000000001a053                list_pop
                0x000000000001a07b                list_remove
                0x000000000001a0e3                list_length
                0x000000000001a111                list_insert
                0x000000000001a156                list_item_next
                0x000000000001a16d                list_contains
 .text          0x000000000001a1a1      0x1b5 build/cooja/mtype408.a(memb.o)
                0x000000000001a1a1                memb_init
                0x000000000001a1f6                memb_alloc
                0x000000000001a259                memb_free
                0x000000000001a2d0                memb_inmemb
                0x000000000001a30f                memb_numfree
 .text          0x000000000001a356      0x41c build/cooja/mtype408.a(button-hal.o)
                0x000000000001a4cf                button_hal_get_by_id
                0x000000000001a50d                button_hal_get_by_index
                0x000000000001a539                button_hal_get_state
                0x000000000001a58b                button_hal_init
 .text          0x000000000001a772      0x1f3 build/cooja/mtype408.a(serial-line.o)
                0x000000000001a772                serial_line_input_byte
                0x000000000001a930                serial_line_init
 .text          0x000000000001a965      0x168 build/cooja/mtype408.a(gpio-hal.o)
                0x000000000001a965                gpio_hal_register_handler
                0x000000000001a982                gpio_hal_event_handler
                0x000000000001a9de                gpio_hal_init
                0x000000000001a9fd                gpio_hal_arch_port_toggle_pin
                0x000000000001aa39                gpio_hal_arch_port_toggle_pins
                0x000000000001aa67                gpio_hal_arch_no_port_toggle_pin
                0x000000000001aaa5                gpio_hal_arch_no_port_toggle_pins
 .text          0x000000000001aacd      0x2e7 build/cooja/mtype408.a(queuebuf.o)
                0x000000000001aad7                queuebuf_init
                0x000000000001ab00                queuebuf_numfree
                0x000000000001ab18                queuebuf_new_from_packetbuf
                0x000000000001abb7                queuebuf_update_attr_from_packetbuf
                0x000000000001abec                queuebuf_update_from_packetbuf
                0x000000000001ac3c                queuebuf_free
                0x000000000001ac85                queuebuf_to_packetbuf
                0x000000000001acf1                queuebuf_dataptr
                0x000000000001ad2b                queuebuf_datalen
                0x000000000001ad4e                queuebuf_addr
                0x000000000001ad83                queuebuf_attr
                0x000000000001adae                queuebuf_debug_print
 .text          0x000000000001adb4      0x407 build/cooja/mtype408.a(packetbuf.o)
                0x000000000001adb4                packetbuf_clear
                0x000000000001addf                packetbuf_copyfrom
                0x000000000001ae2e                packetbuf_copyto
                0x000000000001aec1                packetbuf_hdralloc
                0x000000000001af3d                packetbuf_hdrreduce
                0x000000000001af83                packetbuf_set_datalen
                0x000000000001af9d                packetbuf_dataptr
                0x000000000001afba                packetbuf_hdrptr
                0x000000000001afc4                packetbuf_datalen
                0x000000000001afd0                packetbuf_hdrlen
                0x000000000001afe7                packetbuf_totlen
                0x000000000001affd                packetbuf_remaininglen
                0x000000000001b010                packetbuf_attr_clear
                0x000000000001b05c                packetbuf_attr_copyto
                0x000000000001b0b4                packetbuf_attr_copyfrom
                0x000000000001b10c                packetbuf_set_attr
                0x000000000001b136                packetbuf_attr
                0x000000000001b150                packetbuf_set_addr
                0x000000000001b181                packetbuf_addr
                0x000000000001b19e                packetbuf_holds_broadcast
 .text          0x000000000001b1bb       0xef build/cooja/mtype408.a(netstack.o)
                0x000000000001b1bb                netstack_process_ip_callback
                0x000000000001b24c                netstack_ip_packet_processor_add
                0x000000000001b26f                uip_ds6_ip_packet_processor_rm
                0x000000000001b28c                netstack_init
 .text          0x000000000001b2aa       0x4f build/cooja/mtype408.a(linkaddr.o)
                0x000000000001b2aa                linkaddr_copy
                0x000000000001b2c0                linkaddr_cmp
                0x000000000001b2e3                linkaddr_set_node_addr
 .text          0x000000000001b2f9      0x1f6 build/cooja/mtype408.a(csma.o)
 .text          0x000000000001b4ef      0x95d build/cooja/mtype408.a(csma-output.o)
                0x000000000001bb86                csma_output_packet
                0x000000000001be13                csma_output_init
 .text          0x000000000001be4c      0xc11 build/cooja/mtype408.a(uip-ds6.o)
                0x000000000001be4c                uip_ds6_default_prefix
                0x000000000001be56                uip_ds6_set_default_prefix
                0x000000000001be81                uip_ds6_init
                0x000000000001c0e3                uip_ds6_periodic
                0x000000000001c16a                uip_ds6_list_loop
                0x000000000001c22a                uip_ds6_prefix_add
                0x000000000001c2d6                uip_ds6_prefix_rm
                0x000000000001c2e9                uip_ds6_prefix_lookup
                0x000000000001c328                uip_ds6_is_addr_onlink
                0x000000000001c39b                uip_ds6_addr_add
                0x000000000001c4bb                uip_ds6_addr_rm
                0x000000000001c564                uip_ds6_addr_lookup
                0x000000000001c59d                uip_ds6_get_link_local
                0x000000000001c61e                uip_ds6_get_global
                0x000000000001c69f                uip_ds6_maddr_add
                0x000000000001c6ff                uip_ds6_maddr_rm
                0x000000000001c712                uip_ds6_maddr_lookup
                0x000000000001c74b                uip_ds6_aaddr_add
                0x000000000001c7ab                uip_ds6_aaddr_rm
                0x000000000001c7be                uip_ds6_aaddr_lookup
                0x000000000001c7f7                uip_ds6_select_src
                0x000000000001c940                uip_ds6_set_addr_iid
                0x000000000001c96b                uip_ds6_set_lladdr_from_iid
                0x000000000001c994                get_match_length
                0x000000000001ca25                uip_ds6_compute_reachable_time
 .text          0x000000000001ca5d      0x128 build/cooja/mtype408.a(uip-udp-packet.)
                0x000000000001ca5d                uip_udp_packet_send
                0x000000000001cab8                uip_udp_packet_sendto
 .text          0x000000000001cb85      0x35b build/cooja/mtype408.a(uip-ds6-route.o)
                0x000000000001cbd6                uip_ds6_route_init
                0x000000000001cc00                uip_ds6_route_nexthop
                0x000000000001cc0a                uip_ds6_route_head
                0x000000000001cc14                uip_ds6_route_next
                0x000000000001cc1e                uip_ds6_route_is_nexthop
                0x000000000001cc28                uip_ds6_route_num_routes
                0x000000000001cc32                uip_ds6_route_lookup
                0x000000000001cc3c                uip_ds6_route_add
                0x000000000001cc4f                uip_ds6_route_rm
                0x000000000001cc55                uip_ds6_route_rm_by_nexthop
                0x000000000001cc5b                uip_ds6_defrt_head
                0x000000000001cc74                uip_ds6_defrt_add
                0x000000000001cd22                uip_ds6_defrt_rm
                0x000000000001cd88                uip_ds6_defrt_lookup
                0x000000000001cdef                uip_ds6_defrt_choose
                0x000000000001ce65                uip_ds6_defrt_periodic
 .text          0x000000000001cee0      0x6f7 build/cooja/mtype408.a(tcpip.o)
                0x000000000001cefa                tcpip_output
                0x000000000001cf79                udp_attach
                0x000000000001cf91                udp_new
                0x000000000001cfdb                udp_broadcast_new
                0x000000000001d14d                tcpip_input
                0x000000000001d2dd                tcpip_ipv6_output
                0x000000000001d4d1                tcpip_poll_udp
                0x000000000001d4ef                tcpip_uipcall
 .text          0x000000000001d5d7     0x1205 build/cooja/mtype408.a(uip6.o)
                0x000000000001d686                uip_chksum
                0x000000000001d75d                uip_icmp6chksum
                0x000000000001d772                uip_udpchksum
                0x000000000001d787                uip_init
                0x000000000001d7d0                uip_remove_ext_hdr
                0x000000000001d8aa                uip_udp_new
                0x000000000001dbbe                uip_process
                0x000000000001e6b6                uip_htons
                0x000000000001e6d8                uip_htonl
                0x000000000001e716                uip_send
 .text          0x000000000001e7dc      0x369 build/cooja/mtype408.a(uip-ds6-nbr.o)
                0x000000000001e7dc                uip_ds6_neighbors_init
                0x000000000001e800                uip_ds6_nbr_add
                0x000000000001e886                uip_ds6_nbr_rm
                0x000000000001e8d1                uip_ds6_nbr_update_ll
                0x000000000001e9bf                uip_ds6_nbr_get_ipaddr
                0x000000000001e9d4                uip_ds6_nbr_get_ll
                0x000000000001e9f0                uip_ds6_nbr_num
                0x000000000001ea39                uip_ds6_nbr_head
                0x000000000001ea52                uip_ds6_nbr_next
                0x000000000001ea6e                uip_ds6_nbr_lookup
                0x000000000001eac6                uip_ds6_nbr_ll_lookup
                0x000000000001eae2                uip_ds6_nbr_ipaddr_from_lladdr
                0x000000000001eb0b                uip_ds6_nbr_lladdr_from_ipaddr
                0x000000000001eb3f                uip_ds6_link_callback
 .text          0x000000000001eb45      0x6a7 build/cooja/mtype408.a(uip-nd6.o)
                0x000000000001f1d3                uip_nd6_init
 .text          0x000000000001f1ec      0x3b0 build/cooja/mtype408.a(simple-udp.o)
                0x000000000001f219                simple_udp_send
                0x000000000001f27c                simple_udp_sendto
                0x000000000001f2d7                simple_udp_sendto_port
                0x000000000001f330                simple_udp_register
 .text          0x000000000001f59c     0x2c17 build/cooja/mtype408.a(sicslowpan.o)
                0x000000000001fba3                netstack_sniffer_add
                0x000000000001fbb1                netstack_sniffer_remove
                0x0000000000022187                sicslowpan_init
                0x00000000000221a9                sicslowpan_get_last_rssi
 .text          0x00000000000221b3      0x4d1 build/cooja/mtype408.a(uiplib.o)
                0x00000000000221b3                uiplib_ip6addrconv
                0x000000000002236b                uiplib_ip4addrconv
                0x000000000002242e                uiplib_ipaddr_print
                0x0000000000022481                uiplib_ipaddr_snprint
 .text          0x0000000000022684      0x4c9 build/cooja/mtype408.a(rpl.o)
                0x0000000000022684                rpl_lollipop_greater_than
                0x00000000000226de                rpl_get_global_address
                0x00000000000227d6                rpl_link_callback
                0x000000000002281a                rpl_has_joined
                0x000000000002283f                rpl_is_reachable
                0x00000000000228c0                rpl_reset_prefix
                0x000000000002292a                rpl_set_prefix_from_addr
                0x0000000000022a0f                rpl_set_prefix
                0x0000000000022b29                rpl_set_leaf_only
                0x0000000000022b41                rpl_get_leaf_only
 .text          0x0000000000022b4d     0x138c build/cooja/mtype408.a(rpl-icmp6.o)
                0x0000000000022c72                rpl_icmp6_update_nbr_table
                0x0000000000022cfb                rpl_icmp6_dis_output
                0x0000000000023341                rpl_icmp6_dio_output
                0x0000000000023b3f                rpl_icmp6_dao_output
                0x0000000000023e20                rpl_icmp6_dao_ack_output
                0x0000000000023e90                rpl_icmp6_init
 .text          0x0000000000023ed9      0x264 build/cooja/mtype408.a(rpl-dag-root.o)
                0x0000000000023ed9                rpl_dag_root_print_links
                0x0000000000024005                rpl_dag_root_set_prefix
                0x0000000000024031                rpl_dag_root_start
                0x000000000002410e                rpl_dag_root_is_root
 .text          0x000000000002413d       0x30 build/cooja/mtype408.a(watchdog.o)
                0x000000000002413d                watchdog_init
                0x0000000000024143                watchdog_start
                0x0000000000024149                watchdog_periodic
                0x0000000000024161                watchdog_stop
                0x0000000000024167                watchdog_reboot
 .text          0x000000000002416d       0x4a build/cooja/mtype408.a(int-master.o)
                0x000000000002416d                int_master_enable
                0x000000000002417d                int_master_read_and_disable
                0x000000000002419a                int_master_status_set
                0x00000000000241a8                int_master_is_enabled
 .text          0x00000000000241b7      0x226 build/cooja/mtype408.a(coap-timer-defa)
 .text          0x00000000000243dd       0xc7 build/cooja/mtype408.a(stimer.o)
                0x00000000000243dd                stimer_set
                0x00000000000243fb                stimer_reset
                0x0000000000024428                stimer_restart
                0x000000000002443d                stimer_expired
                0x0000000000024468                stimer_remaining
                0x000000000002448c                stimer_elapsed
 .text          0x00000000000244a4      0x156 build/cooja/mtype408.a(ringbuf.o)
                0x00000000000244a4                ringbuf_init
                0x00000000000244d6                ringbuf_put
                0x0000000000024554                ringbuf_get
                0x00000000000245c1                ringbuf_size
                0x00000000000245d3                ringbuf_elements
 .text          0x00000000000245fa       0x1f build/cooja/mtype408.a(assert.o)
                0x00000000000245fa                _xassert
 .text          0x0000000000024619      0x79b build/cooja/mtype408.a(nbr-table.o)
                0x0000000000024a92                nbr_table_register
                0x0000000000024aff                nbr_table_is_registered
                0x0000000000024b3a                nbr_table_head
                0x0000000000024b95                nbr_table_next
                0x0000000000024bf6                nbr_table_add_lladdr
                0x0000000000024cd0                nbr_table_get_from_lladdr
                0x0000000000024d1c                nbr_table_remove
                0x0000000000024d54                nbr_table_lock
                0x0000000000024d6e                nbr_table_unlock
                0x0000000000024d88                nbr_table_get_lladdr
 .text          0x0000000000024db4      0x3a5 build/cooja/mtype408.a(link-stats.o)
                0x0000000000024db4                link_stats_from_lladdr
                0x0000000000024dd0                link_stats_get_lladdr
                0x0000000000024dec                link_stats_is_fresh
                0x0000000000024e28                guess_etx_from_rssi
                0x0000000000024ea4                link_stats_packet_sent
                0x0000000000024fc4                link_stats_input_callback
                0x00000000000250d4                link_stats_reset
                0x0000000000025124                link_stats_init
 .text          0x0000000000025159      0x187 build/cooja/mtype408.a(mac-sequence.o)
                0x0000000000025159                mac_sequence_is_duplicate
                0x00000000000251f9                mac_sequence_register_seqno
 .text          0x00000000000252e0       0x23 build/cooja/mtype408.a(mac.o)
                0x00000000000252e0                mac_call_sent_callback
 .text          0x0000000000025303      0x432 build/cooja/mtype408.a(framer-802154.o)
                0x0000000000025492                framer_802154_setup_params
 .text          0x0000000000025735      0xb6f build/cooja/mtype408.a(frame802154.o)
                0x0000000000025766                frame802154_get_pan_id
                0x0000000000025772                frame802154_set_pan_id
                0x000000000002578c                frame802154_has_panid
                0x000000000002593b                frame802154_check_dest_panid
                0x00000000000259c3                frame802154_is_broadcast_addr
                0x0000000000025a10                frame802154_extract_linkaddr
                0x0000000000025c75                frame802154_hdrlen
                0x0000000000025ce8                frame802154_create_fcf
                0x0000000000025da0                frame802154_create
                0x0000000000025f15                frame802154_parse_fcf
                0x0000000000025ff7                frame802154_parse
 .text          0x00000000000262a4       0x2d build/cooja/mtype408.a(csma-security.o)
                0x00000000000262a4                csma_security_create_frame
                0x00000000000262c2                csma_security_parse_frame
 .text          0x00000000000262d1      0x4e4 build/cooja/mtype408.a(uipbuf.o)
                0x00000000000262d1                uipbuf_clear
                0x00000000000262f8                uipbuf_add_ext_hdr
                0x0000000000026378                uipbuf_set_len
                0x00000000000263a5                uipbuf_set_len_field
                0x00000000000263d1                uipbuf_get_len_field
                0x00000000000263f1                uipbuf_get_next_header
                0x0000000000026523                uipbuf_get_last_header
                0x000000000002659c                uipbuf_search_header
                0x0000000000026652                uipbuf_get_attr
                0x0000000000026679                uipbuf_set_attr
                0x00000000000266b0                uipbuf_set_default_attr
                0x00000000000266e7                uipbuf_clear_attr
                0x000000000002670b                uipbuf_set_attr_flag
                0x000000000002672c                uipbuf_clr_attr_flag
                0x0000000000026753                uipbuf_is_attr_flag
                0x0000000000026777                uipbuf_init
 .text          0x00000000000267b5      0x73f build/cooja/mtype408.a(uip-icmp6.o)
                0x000000000002682a                uip_icmp6_input
                0x0000000000026881                uip_icmp6_register_input_handler
                0x00000000000269d4                uip_icmp6_error_output
                0x0000000000026c85                uip_icmp6_send
                0x0000000000026e7c                uip_icmp6_echo_reply_callback_add
                0x0000000000026eae                uip_icmp6_echo_reply_callback_rm
                0x0000000000026ecb                uip_icmp6_init
 .text          0x0000000000026ef4      0x69b build/cooja/mtype408.a(uip-sr.o)
                0x0000000000026ef4                uip_sr_num_nodes
                0x0000000000026f82                uip_sr_get_node
                0x0000000000026fd9                uip_sr_is_addr_reachable
                0x0000000000027087                uip_sr_expire_parent
                0x00000000000270d0                uip_sr_update_node
                0x0000000000027200                uip_sr_init
                0x0000000000027234                uip_sr_node_head
                0x000000000002724d                uip_sr_node_next
                0x0000000000027263                uip_sr_periodic
                0x0000000000027369                uip_sr_free_all
                0x00000000000273d9                uip_sr_link_snprint
 .text          0x000000000002758f      0x146 build/cooja/mtype408.a(uip-packetqueue)
                0x00000000000275bd                uip_packetqueue_new
                0x00000000000275cc                uip_packetqueue_alloc
                0x0000000000027627                uip_packetqueue_free
                0x000000000002766e                uip_packetqueue_buf
                0x000000000002768b                uip_packetqueue_buflen
                0x00000000000276ac                uip_packetqueue_set_buflen
 .text          0x00000000000276d5      0x1b0 build/cooja/mtype408.a(rpl-nbr-policy.)
                0x0000000000027842                rpl_nbr_policy_find_removable
 .text          0x0000000000027885      0x915 build/cooja/mtype408.a(rpl-neighbor.o)
                0x0000000000027901                rpl_neighbor_snprint
                0x0000000000027bb4                rpl_neighbor_print_list
                0x0000000000027c69                rpl_neighbor_count
                0x0000000000027d10                rpl_neighbor_get_from_lladdr
                0x0000000000027d2c                rpl_neighbor_is_acceptable_parent
                0x0000000000027d60                rpl_neighbor_get_link_metric
                0x0000000000027d94                rpl_neighbor_rank_via_nbr
                0x0000000000027dc8                rpl_neighbor_get_lladdr
                0x0000000000027de4                rpl_neighbor_get_ipaddr
                0x0000000000027e0b                rpl_neighbor_get_link_stats
                0x0000000000027e32                rpl_neighbor_is_fresh
                0x0000000000027e59                rpl_neighbor_is_reachable
                0x0000000000027ea4                rpl_neighbor_is_parent
                0x0000000000027ece                rpl_neighbor_set_preferred_parent
                0x0000000000027f65                rpl_neighbor_remove_all
                0x0000000000027fc1                rpl_neighbor_get_from_ipaddr
                0x00000000000280cf                rpl_neighbor_select_best
                0x000000000002817b                rpl_neighbor_init
 .text          0x000000000002819a      0xe69 build/cooja/mtype408.a(rpl-dag.o)
                0x000000000002819a                rpl_dag_state_to_str
                0x00000000000281d9                rpl_dag_get_root_ipaddr
                0x0000000000028221                rpl_dag_leave
                0x00000000000282aa                rpl_dag_poison_and_leave
                0x00000000000282c2                rpl_dag_periodic
                0x000000000002834a                rpl_is_addr_in_our_dag
                0x000000000002838e                rpl_get_default_instance
                0x00000000000283aa                rpl_get_any_dag
                0x0000000000028403                rpl_refresh_routes
                0x0000000000028443                rpl_global_repair
                0x00000000000284dc                rpl_local_repair
                0x0000000000028526                rpl_dag_ready_to_advertise
                0x0000000000028569                rpl_dag_update_state
                0x0000000000028c96                rpl_process_dio
                0x0000000000028d14                rpl_process_dis
                0x0000000000028d59                rpl_process_dao
                0x0000000000028de8                rpl_process_dao_ack
                0x0000000000028e7f                rpl_process_hbh
                0x0000000000028ecf                rpl_dag_init_root
                0x0000000000028fe3                rpl_dag_init
 .text          0x0000000000029003      0x9e7 build/cooja/mtype408.a(rpl-timers.o)
                0x0000000000029003                rpl_timers_schedule_periodic_dis
                0x0000000000029151                rpl_timers_dio_reset
                0x000000000002925f                rpl_timers_schedule_unicast_dio
                0x00000000000293b3                rpl_timers_schedule_dao
                0x0000000000029472                rpl_timers_schedule_dao_ack
                0x00000000000294f8                rpl_timers_notify_dao_ack
                0x0000000000029556                get_probing_delay
                0x000000000002958a                get_probing_target
                0x0000000000029774                rpl_schedule_probing
                0x00000000000297a2                rpl_schedule_probing_now
                0x000000000002980c                rpl_timers_unschedule_leaving
                0x0000000000029844                rpl_timers_schedule_leaving
                0x0000000000029885                rpl_timers_init
                0x0000000000029915                rpl_timers_stop_dag_timers
                0x000000000002998e                rpl_timers_unschedule_state_update
                0x00000000000299b2                rpl_timers_schedule_state_update
 .text          0x00000000000299ea      0xb8e build/cooja/mtype408.a(rpl-ext-header.)
                0x00000000000299ea                rpl_ext_header_srh_get_next_hop
                0x0000000000029ad1                rpl_ext_header_srh_update
                0x000000000002a03d                rpl_ext_header_hbh_update
                0x000000000002a33d                rpl_ext_header_update
                0x000000000002a3c6                rpl_ext_header_remove
 .text          0x000000000002a578      0x31b build/cooja/mtype408.a(rpl-mrhof.o)
 *fill*         0x000000000002a893        0xd 
 .text          0x000000000002a8a0      0x122 /usr/lib/gcc/i686-linux-gnu/5/libgcc.a(_udivdi3.o)
                0x000000000002a8a0                __udivdi3
 .text          0x000000000002a9c2        0x0 /usr/lib/gcc/i686-linux-gnu/5/crtendS.o
 .text          0x000000000002a9c2        0x0 /usr/lib/gcc/i686-linux-gnu/5/../../../i386-linux-gnu/crtn.o
 *(.gnu.warning)

.fini           0x000000000002a9c4       0x14
 *(SORT(.fini))
 .fini          0x000000000002a9c4        0xf /usr/lib/gcc/i686-linux-gnu/5/../../../i386-linux-gnu/crti.o
                0x000000000002a9c4                _fini
 .fini          0x000000000002a9d3        0x5 /usr/lib/gcc/i686-linux-gnu/5/../../../i386-linux-gnu/crtn.o
                [!provide]                        PROVIDE (__etext, .)
                [!provide]                        PROVIDE (_etext, .)
                [!provide]                        PROVIDE (etext, .)

.rodata         0x000000000002a9e0      0xbeb
 *(.rodata .rodata.* .gnu.linkonce.r.*)
 .rodata        0x000000000002a9e0      0x1d2 temperature.o
                0x000000000002aa04                autostart_processes
 *fill*         0x000000000002abb2        0x2 
 .rodata        0x000000000002abb4        0x8 build/cooja/mtype408.a(beep.o)
                0x000000000002abb4                beep_interface
 .rodata        0x000000000002abbc        0xe build/cooja/mtype408.a(leds-arch.o)
                0x000000000002abbc                leds_interface
                0x000000000002abc4                leds_arch_leds
 *fill*         0x000000000002abca        0x2 
 .rodata        0x000000000002abcc        0x8 build/cooja/mtype408.a(moteid.o)
                0x000000000002abcc                moteid_interface
 .rodata        0x000000000002abd4       0x1c build/cooja/mtype408.a(pir-sensor.o)
                0x000000000002abd4                pir_interface
                0x000000000002abe0                pir_sensor
 .rodata        0x000000000002abf0        0xe build/cooja/mtype408.a(rs232.o)
                0x000000000002abf0                rs232_interface
 *fill*         0x000000000002abfe        0x2 
 .rodata        0x000000000002ac00       0x24 build/cooja/mtype408.a(vib-sensor.o)
                0x000000000002ac00                vib_interface
                0x000000000002ac14                vib_sensor
 .rodata        0x000000000002ac24        0x8 build/cooja/mtype408.a(clock.o)
                0x000000000002ac24                clock_interface
 .rodata        0x000000000002ac2c        0x8 build/cooja/mtype408.a(cooja-log.o)
                0x000000000002ac2c                simlog_interface
 .rodata        0x000000000002ac34       0x2f build/cooja/mtype408.a(cfs-cooja.o)
                0x000000000002ac34                cfs_interface
 *fill*         0x000000000002ac63       0x1d 
 .rodata        0x000000000002ac80       0xb8 build/cooja/mtype408.a(cooja-radio.o)
                0x000000000002ac80                radio_interface
                0x000000000002ad00                cooja_radio_driver
 .rodata        0x000000000002ad38        0x8 build/cooja/mtype408.a(eeprom.o)
                0x000000000002ad38                eeprom_interface
 .rodata        0x000000000002ad40        0x8 build/cooja/mtype408.a(sensors.o)
 .rodata        0x000000000002ad48       0x2c build/cooja/mtype408.a(buttons.o)
                0x000000000002ad48                button_interface
                0x000000000002ad5c                button_hal_button_count
                0x000000000002ad64                button_sensor
 .rodata        0x000000000002ad74       0x82 build/cooja/mtype408.a(res_temperature)
 .rodata        0x000000000002adf6       0x41 build/cooja/mtype408.a(coap-engine.o)
 .rodata        0x000000000002ae37       0x19 build/cooja/mtype408.a(coap-res-well-k)
 .rodata        0x000000000002ae50       0x11 build/cooja/mtype408.a(coap-observe.o)
 .rodata        0x000000000002ae61       0x35 build/cooja/mtype408.a(coap-uip.o)
 *fill*         0x000000000002ae96        0x2 
 .rodata        0x000000000002ae98      0x1ac build/cooja/mtype408.a(coap.o)
 .rodata        0x000000000002b044       0xf4 build/cooja/mtype408.a(contiki-main.o)
 .rodata        0x000000000002b138        0xf build/cooja/mtype408.a(ctimer.o)
 *fill*         0x000000000002b147        0x1 
 .rodata        0x000000000002b148       0xc4 build/cooja/mtype408.a(log.o)
 .rodata        0x000000000002b20c        0xc build/cooja/mtype408.a(etimer.o)
 .rodata        0x000000000002b218       0x13 build/cooja/mtype408.a(button-hal.o)
 .rodata        0x000000000002b22b        0xe build/cooja/mtype408.a(serial-line.o)
 *fill*         0x000000000002b239        0x3 
 .rodata        0x000000000002b23c        0x8 build/cooja/mtype408.a(linkaddr.o)
                0x000000000002b23c                linkaddr_null
 .rodata        0x000000000002b244       0x24 build/cooja/mtype408.a(csma.o)
                0x000000000002b24c                csma_driver
 .rodata        0x000000000002b268       0x2a build/cooja/mtype408.a(csma-output.o)
 *fill*         0x000000000002b292        0x2 
 .rodata        0x000000000002b294       0x4d build/cooja/mtype408.a(uip-ds6-route.o)
 .rodata        0x000000000002b2e1        0xd build/cooja/mtype408.a(tcpip.o)
 .rodata        0x000000000002b2ee       0x13 build/cooja/mtype408.a(simple-udp.o)
 *fill*         0x000000000002b301        0x3 
 .rodata        0x000000000002b304       0x30 build/cooja/mtype408.a(sicslowpan.o)
                0x000000000002b304                unc_llconf
                0x000000000002b308                unc_ctxconf
                0x000000000002b30c                unc_mxconf
                0x000000000002b310                llprefix
                0x000000000002b324                sicslowpan_driver
 .rodata        0x000000000002b334       0x2d build/cooja/mtype408.a(uiplib.o)
 *fill*         0x000000000002b361       0x1f 
 .rodata        0x000000000002b380       0x74 build/cooja/mtype408.a(rpl.o)
                0x000000000002b3a0                rpl_lite_driver
 .rodata        0x000000000002b3f4       0x20 build/cooja/mtype408.a(coap-timer-defa)
                0x000000000002b408                coap_timer_default_driver
 .rodata        0x000000000002b414       0x25 build/cooja/mtype408.a(assert.o)
 *fill*         0x000000000002b439        0x3 
 .rodata        0x000000000002b43c        0xc build/cooja/mtype408.a(framer-802154.o)
                0x000000000002b43c                framer_802154
 .rodata        0x000000000002b448       0x44 build/cooja/mtype408.a(uip-sr.o)
 .rodata        0x000000000002b48c       0x58 build/cooja/mtype408.a(rpl-neighbor.o)
 .rodata        0x000000000002b4e4       0xdb build/cooja/mtype408.a(rpl-dag.o)
 .rodata        0x000000000002b5bf        0xc build/cooja/mtype408.a(rpl-timers.o)

.rodata1
 *(.rodata1)

.eh_frame_hdr   0x000000000002b5cc     0x1a2c
 *(.eh_frame_hdr)
 .eh_frame_hdr  0x000000000002b5cc     0x1a2c temperature.o
                0x000000000002b5cc                __GNU_EH_FRAME_HDR
 *(.eh_frame_entry .eh_frame_entry.*)

.eh_frame       0x000000000002cff8     0x6a54
 *(.eh_frame)
 .eh_frame      0x000000000002cff8       0x3c /usr/lib/gcc/i686-linux-gnu/5/../../../i386-linux-gnu/crti.o
                                         0x40 (size before relaxing)
 .eh_frame      0x000000000002d034       0xa0 temperature.o
                                         0xb8 (size before relaxing)
 .eh_frame      0x000000000002d0d4      0x178 build/cooja/mtype408.o
                                        0x190 (size before relaxing)
 .eh_frame      0x000000000002d24c       0x40 build/cooja/mtype408.a(simEnvChange.o)
                                         0x58 (size before relaxing)
 .eh_frame      0x000000000002d28c       0x60 build/cooja/mtype408.a(cooja_mt.o)
                                         0x78 (size before relaxing)
 .eh_frame      0x000000000002d2ec       0x80 build/cooja/mtype408.a(cooja_mtarch.o)
                                         0x98 (size before relaxing)
 .eh_frame      0x000000000002d36c       0xc8 build/cooja/mtype408.a(rtimer-arch.o)
                                         0xe0 (size before relaxing)
 .eh_frame      0x000000000002d434      0x160 build/cooja/mtype408.a(beep.o)
                                        0x178 (size before relaxing)
 .eh_frame      0x000000000002d594       0x80 build/cooja/mtype408.a(leds-arch.o)
                                         0x98 (size before relaxing)
 .eh_frame      0x000000000002d614       0x40 build/cooja/mtype408.a(moteid.o)
                                         0x58 (size before relaxing)
 .eh_frame      0x000000000002d654       0xa0 build/cooja/mtype408.a(pir-sensor.o)
                                         0xb8 (size before relaxing)
 .eh_frame      0x000000000002d6f4      0x100 build/cooja/mtype408.a(rs232.o)
                                        0x118 (size before relaxing)
 .eh_frame      0x000000000002d7f4       0xa0 build/cooja/mtype408.a(vib-sensor.o)
                                         0xb8 (size before relaxing)
 .eh_frame      0x000000000002d894       0xc0 build/cooja/mtype408.a(clock.o)
                                         0xd8 (size before relaxing)
 .eh_frame      0x000000000002d954      0x120 build/cooja/mtype408.a(cooja-log.o)
                                        0x138 (size before relaxing)
 .eh_frame      0x000000000002da74      0x160 build/cooja/mtype408.a(cfs-cooja.o)
                                        0x178 (size before relaxing)
 .eh_frame      0x000000000002dbd4      0x340 build/cooja/mtype408.a(cooja-radio.o)
                                        0x358 (size before relaxing)
 .eh_frame      0x000000000002df14       0xa0 build/cooja/mtype408.a(eeprom.o)
                                         0xb8 (size before relaxing)
 .eh_frame      0x000000000002dfb4       0x40 build/cooja/mtype408.a(random.o)
                                         0x58 (size before relaxing)
 .eh_frame      0x000000000002dff4       0xc0 build/cooja/mtype408.a(sensors.o)
                                         0xd8 (size before relaxing)
 .eh_frame      0x000000000002e0b4      0x120 build/cooja/mtype408.a(leds.o)
                                        0x138 (size before relaxing)
 .eh_frame      0x000000000002e1d4      0x220 build/cooja/mtype408.a(gpio-hal-arch.o)
                                        0x238 (size before relaxing)
 .eh_frame      0x000000000002e3f4       0xa0 build/cooja/mtype408.a(buttons.o)
                                         0xb8 (size before relaxing)
 .eh_frame      0x000000000002e494       0x98 build/cooja/mtype408.a(res_temperature)
                                         0xb0 (size before relaxing)
 .eh_frame      0x000000000002e52c       0x44 build/cooja/mtype408.a(coap-blocking-a)
                                         0x5c (size before relaxing)
 .eh_frame      0x000000000002e570      0x220 build/cooja/mtype408.a(coap-engine.o)
                                        0x238 (size before relaxing)
 .eh_frame      0x000000000002e790       0x24 build/cooja/mtype408.a(coap-res-well-k)
                                         0x3c (size before relaxing)
 .eh_frame      0x000000000002e7b4      0x188 build/cooja/mtype408.a(coap-observe.o)
                                        0x1a0 (size before relaxing)
 .eh_frame      0x000000000002e93c      0x250 build/cooja/mtype408.a(coap-uip.o)
                                        0x268 (size before relaxing)
 .eh_frame      0x000000000002eb8c      0x114 build/cooja/mtype408.a(coap-timer.o)
                                        0x12c (size before relaxing)
 .eh_frame      0x000000000002eca0      0x100 build/cooja/mtype408.a(coap-transactio)
                                        0x118 (size before relaxing)
 .eh_frame      0x000000000002eda0      0x6ec build/cooja/mtype408.a(coap.o)
                                        0x704 (size before relaxing)
 .eh_frame      0x000000000002f48c       0x30 build/cooja/mtype408.a(contiki-main.o)
                                         0x48 (size before relaxing)
 .eh_frame      0x000000000002f4bc       0x40 build/cooja/mtype408.a(autostart.o)
                                         0x58 (size before relaxing)
 .eh_frame      0x000000000002f4fc      0x100 build/cooja/mtype408.a(ctimer.o)
                                        0x118 (size before relaxing)
 .eh_frame      0x000000000002f5fc      0x100 build/cooja/mtype408.a(log.o)
                                        0x118 (size before relaxing)
 .eh_frame      0x000000000002f6fc       0x60 build/cooja/mtype408.a(energest.o)
                                         0x78 (size before relaxing)
 .eh_frame      0x000000000002f75c      0x1e0 build/cooja/mtype408.a(etimer.o)
                                        0x1f8 (size before relaxing)
 .eh_frame      0x000000000002f93c       0x20 build/cooja/mtype408.a(node-id.o)
                                         0x38 (size before relaxing)
 .eh_frame      0x000000000002f95c       0x60 build/cooja/mtype408.a(rtimer.o)
                                         0x78 (size before relaxing)
 .eh_frame      0x000000000002f9bc      0x1c4 build/cooja/mtype408.a(process.o)
                                        0x1dc (size before relaxing)
 .eh_frame      0x000000000002fb80       0xa4 build/cooja/mtype408.a(timer.o)
                                         0xbc (size before relaxing)
 .eh_frame      0x000000000002fc24      0x1a0 build/cooja/mtype408.a(list.o)
                                        0x1b8 (size before relaxing)
 .eh_frame      0x000000000002fdc4       0xa0 build/cooja/mtype408.a(memb.o)
                                         0xb8 (size before relaxing)
 .eh_frame      0x000000000002fe64      0x144 build/cooja/mtype408.a(button-hal.o)
                                        0x15c (size before relaxing)
 .eh_frame      0x000000000002ffa8       0x60 build/cooja/mtype408.a(serial-line.o)
                                         0x78 (size before relaxing)
 .eh_frame      0x0000000000030008       0xe0 build/cooja/mtype408.a(gpio-hal.o)
                                         0xf8 (size before relaxing)
 .eh_frame      0x00000000000300e8      0x1a0 build/cooja/mtype408.a(queuebuf.o)
                                        0x1b8 (size before relaxing)
 .eh_frame      0x0000000000030288      0x28c build/cooja/mtype408.a(packetbuf.o)
                                        0x2a4 (size before relaxing)
 .eh_frame      0x0000000000030514       0x80 build/cooja/mtype408.a(netstack.o)
                                         0x98 (size before relaxing)
 .eh_frame      0x0000000000030594       0x60 build/cooja/mtype408.a(linkaddr.o)
                                         0x78 (size before relaxing)
 .eh_frame      0x00000000000305f4       0xe0 build/cooja/mtype408.a(csma.o)
                                         0xf8 (size before relaxing)
 .eh_frame      0x00000000000306d4      0x1d0 build/cooja/mtype408.a(csma-output.o)
                                        0x1e8 (size before relaxing)
 .eh_frame      0x00000000000308a4      0x328 build/cooja/mtype408.a(uip-ds6.o)
                                        0x340 (size before relaxing)
 .eh_frame      0x0000000000030bcc       0x40 build/cooja/mtype408.a(uip-udp-packet.)
                                         0x58 (size before relaxing)
 .eh_frame      0x0000000000030c0c      0x220 build/cooja/mtype408.a(uip-ds6-route.o)
                                        0x238 (size before relaxing)
 .eh_frame      0x0000000000030e2c      0x244 build/cooja/mtype408.a(tcpip.o)
                                        0x25c (size before relaxing)
 .eh_frame      0x0000000000031070      0x1e8 build/cooja/mtype408.a(uip6.o)
                                        0x200 (size before relaxing)
 .eh_frame      0x0000000000031258      0x1c0 build/cooja/mtype408.a(uip-ds6-nbr.o)
                                        0x1d8 (size before relaxing)
 .eh_frame      0x0000000000031418       0x84 build/cooja/mtype408.a(uip-nd6.o)
                                         0x9c (size before relaxing)
 .eh_frame      0x000000000003149c       0xd4 build/cooja/mtype408.a(simple-udp.o)
                                         0xec (size before relaxing)
 .eh_frame      0x0000000000031570      0x2f8 build/cooja/mtype408.a(sicslowpan.o)
                                        0x310 (size before relaxing)
 .eh_frame      0x0000000000031868       0x88 build/cooja/mtype408.a(uiplib.o)
                                         0xa0 (size before relaxing)
 .eh_frame      0x00000000000318f0      0x1e0 build/cooja/mtype408.a(rpl.o)
                                        0x1f8 (size before relaxing)
 .eh_frame      0x0000000000031ad0      0x1c4 build/cooja/mtype408.a(rpl-icmp6.o)
                                        0x1dc (size before relaxing)
 .eh_frame      0x0000000000031c94       0xa0 build/cooja/mtype408.a(rpl-dag-root.o)
                                         0xb8 (size before relaxing)
 .eh_frame      0x0000000000031d34       0xa0 build/cooja/mtype408.a(watchdog.o)
                                         0xb8 (size before relaxing)
 .eh_frame      0x0000000000031dd4       0x80 build/cooja/mtype408.a(int-master.o)
                                         0x98 (size before relaxing)
 .eh_frame      0x0000000000031e54       0xa4 build/cooja/mtype408.a(coap-timer-defa)
                                         0xbc (size before relaxing)
 .eh_frame      0x0000000000031ef8       0xc4 build/cooja/mtype408.a(stimer.o)
                                         0xdc (size before relaxing)
 .eh_frame      0x0000000000031fbc       0xa0 build/cooja/mtype408.a(ringbuf.o)
                                         0xb8 (size before relaxing)
 .eh_frame      0x000000000003205c       0x20 build/cooja/mtype408.a(assert.o)
                                         0x38 (size before relaxing)
 .eh_frame      0x000000000003207c      0x2ac build/cooja/mtype408.a(nbr-table.o)
                                        0x2c4 (size before relaxing)
 .eh_frame      0x0000000000032328      0x120 build/cooja/mtype408.a(link-stats.o)
                                        0x138 (size before relaxing)
 .eh_frame      0x0000000000032448       0x48 build/cooja/mtype408.a(mac-sequence.o)
                                         0x60 (size before relaxing)
 .eh_frame      0x0000000000032490       0x20 build/cooja/mtype408.a(mac.o)
                                         0x38 (size before relaxing)
 .eh_frame      0x00000000000324b0       0xa4 build/cooja/mtype408.a(framer-802154.o)
                                         0xbc (size before relaxing)
 .eh_frame      0x0000000000032554      0x1a4 build/cooja/mtype408.a(frame802154.o)
                                        0x1bc (size before relaxing)
 .eh_frame      0x00000000000326f8       0x40 build/cooja/mtype408.a(csma-security.o)
                                         0x58 (size before relaxing)
 .eh_frame      0x0000000000032738      0x200 build/cooja/mtype408.a(uipbuf.o)
                                        0x218 (size before relaxing)
 .eh_frame      0x0000000000032938      0x150 build/cooja/mtype408.a(uip-icmp6.o)
                                        0x168 (size before relaxing)
 .eh_frame      0x0000000000032a88      0x184 build/cooja/mtype408.a(uip-sr.o)
                                        0x19c (size before relaxing)
 .eh_frame      0x0000000000032c0c       0xe0 build/cooja/mtype408.a(uip-packetqueue)
                                         0xf8 (size before relaxing)
 .eh_frame      0x0000000000032cec       0x80 build/cooja/mtype408.a(rpl-nbr-policy.)
                                         0x98 (size before relaxing)
 .eh_frame      0x0000000000032d6c      0x2d4 build/cooja/mtype408.a(rpl-neighbor.o)
                                        0x2ec (size before relaxing)
 .eh_frame      0x0000000000033040      0x370 build/cooja/mtype408.a(rpl-dag.o)
                                        0x388 (size before relaxing)
 .eh_frame      0x00000000000333b0      0x3a8 build/cooja/mtype408.a(rpl-timers.o)
                                        0x3c0 (size before relaxing)
 .eh_frame      0x0000000000033758      0x124 build/cooja/mtype408.a(rpl-ext-header.)
                                        0x13c (size before relaxing)
 .eh_frame      0x000000000003387c      0x148 build/cooja/mtype408.a(rpl-mrhof.o)
                                        0x160 (size before relaxing)
 .eh_frame      0x00000000000339c4       0x84 /usr/lib/gcc/i686-linux-gnu/5/libgcc.a(_udivdi3.o)
                                         0x9c (size before relaxing)
 .eh_frame      0x0000000000033a48        0x4 /usr/lib/gcc/i686-linux-gnu/5/crtendS.o
 *(.eh_frame.*)

.gcc_except_table
 *(.gcc_except_table .gcc_except_table.*)

.gnu_extab
 *(.gnu_extab*)

.exception_ranges
 *(.exception_ranges .exception_ranges*)
                0x0000000000034f10                . = DATA_SEGMENT_ALIGN (0x1000, 0x1000)

.eh_frame
 *(.eh_frame)
 *(.eh_frame.*)

.gnu_extab
 *(.gnu_extab)

.gcc_except_table
 *(.gcc_except_table .gcc_except_table.*)

.exception_ranges
 *(.exception_ranges .exception_ranges*)

.tdata
 *(.tdata .tdata.* .gnu.linkonce.td.*)

.tbss
 *(.tbss .tbss.* .gnu.linkonce.tb.*)
 *(.tcommon)

.preinit_array
 *(.preinit_array)

.init_array     0x0000000000034f10        0x4
 *(SORT(.init_array.*) SORT(.ctors.*))
 *(.init_array EXCLUDE_FILE(*crtend?.o *crtend.o *crtbegin?.o *crtbegin.o) .ctors)
 .init_array    0x0000000000034f10        0x4 /usr/lib/gcc/i686-linux-gnu/5/crtbeginS.o

.fini_array     0x0000000000034f14        0x4
 *(SORT(.fini_array.*) SORT(.dtors.*))
 *(.fini_array EXCLUDE_FILE(*crtend?.o *crtend.o *crtbegin?.o *crtbegin.o) .dtors)
 .fini_array    0x0000000000034f14        0x4 /usr/lib/gcc/i686-linux-gnu/5/crtbeginS.o

.ctors
 *crtbegin.o(.ctors)
 *crtbegin?.o(.ctors)
 *(EXCLUDE_FILE(*crtend?.o *crtend.o) .ctors)
 *(SORT(.ctors.*))
 *(.ctors)

.dtors
 *crtbegin.o(.dtors)
 *crtbegin?.o(.dtors)
 *(EXCLUDE_FILE(*crtend?.o *crtend.o) .dtors)
 *(SORT(.dtors.*))
 *(.dtors)

.jcr            0x0000000000034f18        0x4
 *(.jcr)
 .jcr           0x0000000000034f18        0x0 /usr/lib/gcc/i686-linux-gnu/5/crtbeginS.o
 .jcr           0x0000000000034f18        0x4 /usr/lib/gcc/i686-linux-gnu/5/crtendS.o

.data.rel.ro
 *(.data.rel.ro.local* .gnu.linkonce.d.rel.ro.local.*)
 *(.data.rel.ro .data.rel.ro.* .gnu.linkonce.d.rel.ro.*)

.dynamic        0x0000000000034f1c       0xd0
 *(.dynamic)
 .dynamic       0x0000000000034f1c       0xd0 /usr/lib/gcc/i686-linux-gnu/5/../../../i386-linux-gnu/crti.o
                0x0000000000034f1c                _DYNAMIC

.got            0x0000000000034fec       0x14
 *(.got)
 .got           0x0000000000034fec       0x14 /usr/lib/gcc/i686-linux-gnu/5/../../../i386-linux-gnu/crti.o
 *(.igot)
                0x0000000000035ff4                . = DATA_SEGMENT_RELRO_END (., (SIZEOF (.got.plt) >= 0xc)?0xc:0x0)

.got.plt        0x0000000000035000        0xc
 *(.got.plt)
 .got.plt       0x0000000000035000        0xc /usr/lib/gcc/i686-linux-gnu/5/../../../i386-linux-gnu/crti.o
                0x0000000000035000                _GLOBAL_OFFSET_TABLE_
 *(.igot.plt)

.data           0x0000000000035020      0x484
 *(.data .data.* .gnu.linkonce.d.*)
 .data          0x0000000000035020        0x0 /usr/lib/gcc/i686-linux-gnu/5/../../../i386-linux-gnu/crti.o
 .data          0x0000000000035020        0x0 /usr/lib/gcc/i686-linux-gnu/5/crtbeginS.o
 .data.rel.local
                0x0000000000035020        0x4 /usr/lib/gcc/i686-linux-gnu/5/crtbeginS.o
                0x0000000000035020                __dso_handle
 .data          0x0000000000035024       0x30 temperature.o
                0x0000000000035024                udp_client
                0x0000000000035034                coap_client
                0x0000000000035044                coap_server
 *fill*         0x0000000000035054        0xc 
 .data          0x0000000000035060       0x44 build/cooja/mtype408.o
                0x0000000000035060                simInterfaces
                0x0000000000035094                sensors
 .data          0x00000000000350a4        0x0 build/cooja/mtype408.a(simEnvChange.o)
 .data          0x00000000000350a4        0x0 build/cooja/mtype408.a(cooja_mt.o)
 .data          0x00000000000350a4        0x0 build/cooja/mtype408.a(cooja_mtarch.o)
 .data          0x00000000000350a4        0x0 build/cooja/mtype408.a(rtimer-arch.o)
 .data          0x00000000000350a4        0x0 build/cooja/mtype408.a(beep.o)
 .data          0x00000000000350a4        0x0 build/cooja/mtype408.a(leds-arch.o)
 .data          0x00000000000350a4        0x0 build/cooja/mtype408.a(moteid.o)
 .data          0x00000000000350a4        0x0 build/cooja/mtype408.a(pir-sensor.o)
 .data          0x00000000000350a4        0x0 build/cooja/mtype408.a(rs232.o)
 .data          0x00000000000350a4        0x0 build/cooja/mtype408.a(vib-sensor.o)
 .data          0x00000000000350a4        0x0 build/cooja/mtype408.a(clock.o)
 .data          0x00000000000350a4        0x0 build/cooja/mtype408.a(cooja-log.o)
 .data          0x00000000000350a4        0x0 build/cooja/mtype408.a(cfs-cooja.o)
 .data          0x00000000000350a4       0x2c build/cooja/mtype408.a(cooja-radio.o)
                0x00000000000350a4                simRadioHWOn
                0x00000000000350a8                simSignalStrength
                0x00000000000350ac                simLastSignalStrength
                0x00000000000350b0                simPower
                0x00000000000350b4                simRadioChannel
                0x00000000000350b8                simLQI
                0x00000000000350c0                cooja_radio_process
 .data          0x00000000000350d0        0x0 build/cooja/mtype408.a(eeprom.o)
 .data          0x00000000000350d0        0x0 build/cooja/mtype408.a(random.o)
 .data          0x00000000000350d0       0x10 build/cooja/mtype408.a(sensors.o)
                0x00000000000350d0                sensors_process
 .data          0x00000000000350e0        0x0 build/cooja/mtype408.a(leds.o)
 .data          0x00000000000350e0        0x0 build/cooja/mtype408.a(gpio-hal-arch.o)
 .data          0x00000000000350e0       0x78 build/cooja/mtype408.a(buttons.o)
                0x00000000000350e0                simButtonIsActive
                0x0000000000035150                button_hal_buttons
 *fill*         0x0000000000035158        0x8 
 .data          0x0000000000035160       0x44 build/cooja/mtype408.a(res_temperature)
                0x0000000000035180                res_temperature
 .data          0x00000000000351a4        0x0 build/cooja/mtype408.a(coap-blocking-a)
 .data          0x00000000000351a4        0x8 build/cooja/mtype408.a(coap-engine.o)
 *fill*         0x00000000000351ac       0x14 
 .data          0x00000000000351c0       0x24 build/cooja/mtype408.a(coap-res-well-k)
                0x00000000000351c0                res_well_known_core
 .data          0x00000000000351e4       0x10 build/cooja/mtype408.a(coap-observe.o)
 .data          0x00000000000351f4       0x10 build/cooja/mtype408.a(coap-uip.o)
                0x00000000000351f4                coap_engine
 .data          0x0000000000035204        0x4 build/cooja/mtype408.a(coap-timer.o)
 .data          0x0000000000035208       0x10 build/cooja/mtype408.a(coap-transactio)
 .data          0x0000000000035218        0x4 build/cooja/mtype408.a(coap.o)
                0x0000000000035218                coap_error_message
 .data          0x000000000003521c        0x0 build/cooja/mtype408.a(contiki-main.o)
 .data          0x000000000003521c        0x0 build/cooja/mtype408.a(autostart.o)
 .data          0x000000000003521c       0x14 build/cooja/mtype408.a(ctimer.o)
                0x0000000000035220                ctimer_process
 *fill*         0x0000000000035230       0x10 
 .data          0x0000000000035240       0xbc build/cooja/mtype408.a(log.o)
                0x0000000000035240                curr_log_level_main
                0x0000000000035260                all_modules
 .data          0x00000000000352fc        0x0 build/cooja/mtype408.a(energest.o)
 .data          0x00000000000352fc       0x10 build/cooja/mtype408.a(etimer.o)
                0x00000000000352fc                etimer_process
 .data          0x000000000003530c        0x0 build/cooja/mtype408.a(node-id.o)
 .data          0x000000000003530c        0x0 build/cooja/mtype408.a(rtimer.o)
 .data          0x000000000003530c        0x0 build/cooja/mtype408.a(process.o)
 .data          0x000000000003530c        0x0 build/cooja/mtype408.a(timer.o)
 .data          0x000000000003530c        0x0 build/cooja/mtype408.a(list.o)
 .data          0x000000000003530c        0x0 build/cooja/mtype408.a(memb.o)
 .data          0x000000000003530c       0x10 build/cooja/mtype408.a(button-hal.o)
                0x000000000003530c                button_hal_process
 .data          0x000000000003531c       0x10 build/cooja/mtype408.a(serial-line.o)
                0x000000000003531c                serial_line_process
 .data          0x000000000003532c        0x4 build/cooja/mtype408.a(gpio-hal.o)
 .data          0x0000000000035330       0x18 build/cooja/mtype408.a(queuebuf.o)
 .data          0x0000000000035348        0x4 build/cooja/mtype408.a(packetbuf.o)
 .data          0x000000000003534c        0x4 build/cooja/mtype408.a(netstack.o)
 .data          0x0000000000035350        0x0 build/cooja/mtype408.a(linkaddr.o)
 .data          0x0000000000035350        0x0 build/cooja/mtype408.a(csma.o)
 .data          0x0000000000035350       0x28 build/cooja/mtype408.a(csma-output.o)
 .data          0x0000000000035378        0x0 build/cooja/mtype408.a(uip-ds6.o)
 .data          0x0000000000035378        0x0 build/cooja/mtype408.a(uip-udp-packet.)
 .data          0x0000000000035378       0x10 build/cooja/mtype408.a(uip-ds6-route.o)
 .data          0x0000000000035388       0x10 build/cooja/mtype408.a(tcpip.o)
                0x0000000000035388                tcpip_process
 .data          0x0000000000035398        0x0 build/cooja/mtype408.a(uip6.o)
 .data          0x0000000000035398       0x14 build/cooja/mtype408.a(uip-ds6-nbr.o)
 .data          0x00000000000353ac        0xc build/cooja/mtype408.a(uip-nd6.o)
 .data          0x00000000000353b8       0x10 build/cooja/mtype408.a(simple-udp.o)
                0x00000000000353b8                simple_udp_process
 .data          0x00000000000353c8        0x0 build/cooja/mtype408.a(sicslowpan.o)
 .data          0x00000000000353c8        0x0 build/cooja/mtype408.a(uiplib.o)
 .data          0x00000000000353c8        0x0 build/cooja/mtype408.a(rpl.o)
 .data          0x00000000000353c8       0x30 build/cooja/mtype408.a(rpl-icmp6.o)
 .data          0x00000000000353f8        0x0 build/cooja/mtype408.a(rpl-dag-root.o)
 .data          0x00000000000353f8        0x0 build/cooja/mtype408.a(watchdog.o)
 .data          0x00000000000353f8        0x0 build/cooja/mtype408.a(int-master.o)
 .data          0x00000000000353f8       0x10 build/cooja/mtype408.a(coap-timer-defa)
                0x00000000000353f8                coap_timer_process
 .data          0x0000000000035408        0x0 build/cooja/mtype408.a(stimer.o)
 .data          0x0000000000035408        0x0 build/cooja/mtype408.a(ringbuf.o)
 .data          0x0000000000035408        0x0 build/cooja/mtype408.a(assert.o)
 .data          0x0000000000035408       0x10 build/cooja/mtype408.a(nbr-table.o)
 .data          0x0000000000035418       0x14 build/cooja/mtype408.a(link-stats.o)
 .data          0x000000000003542c        0x0 build/cooja/mtype408.a(mac-sequence.o)
 .data          0x000000000003542c        0x0 build/cooja/mtype408.a(mac.o)
 .data          0x000000000003542c        0x0 build/cooja/mtype408.a(framer-802154.o)
 .data          0x000000000003542c        0x2 build/cooja/mtype408.a(frame802154.o)
 .data          0x000000000003542e        0x0 build/cooja/mtype408.a(csma-security.o)
 .data          0x000000000003542e        0x0 build/cooja/mtype408.a(uipbuf.o)
 *fill*         0x000000000003542e        0x2 
 .data          0x0000000000035430       0x20 build/cooja/mtype408.a(uip-icmp6.o)
 .data          0x0000000000035450       0x10 build/cooja/mtype408.a(uip-sr.o)
 .data          0x0000000000035460        0xc build/cooja/mtype408.a(uip-packetqueue)
 .data          0x000000000003546c        0x0 build/cooja/mtype408.a(rpl-nbr-policy.)
 .data          0x000000000003546c       0x14 build/cooja/mtype408.a(rpl-neighbor.o)
                0x000000000003547c                rpl_neighbors
 .data          0x0000000000035480        0x0 build/cooja/mtype408.a(rpl-dag.o)
 .data          0x0000000000035480        0x0 build/cooja/mtype408.a(rpl-timers.o)
 .data          0x0000000000035480        0x0 build/cooja/mtype408.a(rpl-ext-header.)
 .data          0x0000000000035480       0x24 build/cooja/mtype408.a(rpl-mrhof.o)
                0x0000000000035480                rpl_mrhof
 .data          0x00000000000354a4        0x0 /usr/lib/gcc/i686-linux-gnu/5/libgcc.a(_udivdi3.o)
 .data          0x00000000000354a4        0x0 /usr/lib/gcc/i686-linux-gnu/5/crtendS.o
 .data          0x00000000000354a4        0x0 /usr/lib/gcc/i686-linux-gnu/5/../../../i386-linux-gnu/crtn.o

.tm_clone_table
                0x00000000000354a4        0x0
 .tm_clone_table
                0x00000000000354a4        0x0 /usr/lib/gcc/i686-linux-gnu/5/crtbeginS.o
 .tm_clone_table
                0x00000000000354a4        0x0 /usr/lib/gcc/i686-linux-gnu/5/crtendS.o

.data1
 *(.data1)
                0x00000000000354a4                _edata = .
                [!provide]                        PROVIDE (edata, .)
                0x00000000000354a4                . = .
                0x00000000000354a4                __bss_start = .

.bss            0x00000000000354c0    0x14684
 *(.dynbss)
 .dynbss        0x00000000000354c0        0x0 /usr/lib/gcc/i686-linux-gnu/5/../../../i386-linux-gnu/crti.o
 *(.bss .bss.* .gnu.linkonce.b.*)
 .bss           0x00000000000354c0        0x0 /usr/lib/gcc/i686-linux-gnu/5/../../../i386-linux-gnu/crti.o
 .bss           0x00000000000354c0        0x1 /usr/lib/gcc/i686-linux-gnu/5/crtbeginS.o
 *fill*         0x00000000000354c1       0x1f 
 .bss           0x00000000000354e0      0x28c temperature.o
                0x00000000000354e0                rpl_add
                0x00000000000354e1                registered
 *fill*         0x000000000003576c       0x14 
 .bss           0x0000000000035780     0x2030 build/cooja/mtype408.o
 .bss           0x00000000000377b0        0x1 build/cooja/mtype408.a(simEnvChange.o)
                0x00000000000377b0                simDontFallAsleep
 *fill*         0x00000000000377b1        0x3 
 .bss           0x00000000000377b4        0x4 build/cooja/mtype408.a(cooja_mt.o)
 .bss           0x00000000000377b8        0x4 build/cooja/mtype408.a(cooja_mtarch.o)
 .bss           0x00000000000377bc        0x0 build/cooja/mtype408.a(rtimer-arch.o)
 .bss           0x00000000000377bc        0x0 build/cooja/mtype408.a(beep.o)
 .bss           0x00000000000377bc        0x1 build/cooja/mtype408.a(leds-arch.o)
                0x00000000000377bc                simLedsValue
 .bss           0x00000000000377bd        0x0 build/cooja/mtype408.a(moteid.o)
 .bss           0x00000000000377bd        0x1 build/cooja/mtype408.a(pir-sensor.o)
                0x00000000000377bd                simPirValue
 *fill*         0x00000000000377be        0x2 
 .bss           0x00000000000377c0        0x4 build/cooja/mtype408.a(rs232.o)
 .bss           0x00000000000377c4        0x1 build/cooja/mtype408.a(vib-sensor.o)
                0x00000000000377c4                simVibValue
 .bss           0x00000000000377c5        0x0 build/cooja/mtype408.a(clock.o)
 *fill*         0x00000000000377c5       0x1b 
 .bss           0x00000000000377e0     0x2020 build/cooja/mtype408.a(cooja-log.o)
 .bss           0x0000000000039800      0xfc0 build/cooja/mtype408.a(cfs-cooja.o)
                0x0000000000039800                simCFSData
                0x000000000003a7a0                simCFSSize
                0x000000000003a7a4                simCFSChanged
                0x000000000003a7a8                simCFSRead
                0x000000000003a7ac                simCFSWritten
 .bss           0x000000000003a7c0       0x24 build/cooja/mtype408.a(cooja-radio.o)
                0x000000000003a7c0                simReceiving
                0x000000000003a7c4                simInSize
                0x000000000003a7c8                simLastPacketTimestamp
                0x000000000003a7d0                simOutSize
 .bss           0x000000000003a7e4        0xc build/cooja/mtype408.a(eeprom.o)
                0x000000000003a7e4                simEEPROMChanged
                0x000000000003a7e8                simEEPROMRead
                0x000000000003a7ec                simEEPROMWritten
 .bss           0x000000000003a7f0        0x0 build/cooja/mtype408.a(random.o)
 .bss           0x000000000003a7f0        0xc build/cooja/mtype408.a(sensors.o)
 .bss           0x000000000003a7fc        0x0 build/cooja/mtype408.a(leds.o)
 .bss           0x000000000003a7fc       0x24 build/cooja/mtype408.a(gpio-hal-arch.o)
 .bss           0x000000000003a820        0x0 build/cooja/mtype408.a(buttons.o)
 .bss           0x000000000003a820        0x8 build/cooja/mtype408.a(res_temperature)
                0x000000000003a820                name_assigned
                0x000000000003a821                actuator_ip_assigned
 .bss           0x000000000003a828        0x0 build/cooja/mtype408.a(coap-blocking-a)
 *fill*         0x000000000003a828       0x18 
 .bss           0x000000000003a840      0x190 build/cooja/mtype408.a(coap-engine.o)
 .bss           0x000000000003a9d0        0x0 build/cooja/mtype408.a(coap-res-well-k)
 *fill*         0x000000000003a9d0       0x10 
 .bss           0x000000000003a9e0      0x120 build/cooja/mtype408.a(coap-observe.o)
 .bss           0x000000000003ab00       0x18 build/cooja/mtype408.a(coap-uip.o)
 .bss           0x000000000003ab18        0x5 build/cooja/mtype408.a(coap-timer.o)
 *fill*         0x000000000003ab1d        0x3 
 .bss           0x000000000003ab20      0x334 build/cooja/mtype408.a(coap-transactio)
 .bss           0x000000000003ae54        0x6 build/cooja/mtype408.a(coap.o)
                0x000000000003ae54                coap_status_code
 .bss           0x000000000003ae5a        0x0 build/cooja/mtype408.a(contiki-main.o)
 .bss           0x000000000003ae5a        0x0 build/cooja/mtype408.a(autostart.o)
 *fill*         0x000000000003ae5a        0x2 
 .bss           0x000000000003ae5c        0x5 build/cooja/mtype408.a(ctimer.o)
 *fill*         0x000000000003ae61        0x3 
 .bss           0x000000000003ae64       0x2c build/cooja/mtype408.a(log.o)
                0x000000000003ae64                curr_log_level_rpl
                0x000000000003ae68                curr_log_level_tcpip
                0x000000000003ae6c                curr_log_level_ipv6
                0x000000000003ae70                curr_log_level_6lowpan
                0x000000000003ae74                curr_log_level_nullnet
                0x000000000003ae78                curr_log_level_mac
                0x000000000003ae7c                curr_log_level_framer
                0x000000000003ae80                curr_log_level_6top
                0x000000000003ae84                curr_log_level_coap
                0x000000000003ae88                curr_log_level_snmp
                0x000000000003ae8c                curr_log_level_lwm2m
 .bss           0x000000000003ae90        0x0 build/cooja/mtype408.a(energest.o)
 .bss           0x000000000003ae90        0x8 build/cooja/mtype408.a(etimer.o)
 .bss           0x000000000003ae98        0x2 build/cooja/mtype408.a(node-id.o)
                0x000000000003ae98                node_id
 *fill*         0x000000000003ae9a        0x2 
 .bss           0x000000000003ae9c        0x4 build/cooja/mtype408.a(rtimer.o)
 .bss           0x000000000003aea0      0x1a1 build/cooja/mtype408.a(process.o)
                0x000000000003aea0                process_list
                0x000000000003aea4                process_current
 .bss           0x000000000003b041        0x0 build/cooja/mtype408.a(timer.o)
 .bss           0x000000000003b041        0x0 build/cooja/mtype408.a(list.o)
 .bss           0x000000000003b041        0x0 build/cooja/mtype408.a(memb.o)
 *fill*         0x000000000003b041        0x3 
 .bss           0x000000000003b044       0x10 build/cooja/mtype408.a(button-hal.o)
 *fill*         0x000000000003b054        0xc 
 .bss           0x000000000003b060      0x140 build/cooja/mtype408.a(serial-line.o)
 .bss           0x000000000003b1a0        0x4 build/cooja/mtype408.a(gpio-hal.o)
 *fill*         0x000000000003b1a4       0x1c 
 .bss           0x000000000003b1c0     0x2c80 build/cooja/mtype408.a(queuebuf.o)
 .bss           0x000000000003de40       0xa0 build/cooja/mtype408.a(packetbuf.o)
 .bss           0x000000000003dee0        0x4 build/cooja/mtype408.a(netstack.o)
 .bss           0x000000000003dee4        0x0 build/cooja/mtype408.a(linkaddr.o)
 .bss           0x000000000003dee4        0x0 build/cooja/mtype408.a(csma.o)
 *fill*         0x000000000003dee4       0x1c 
 .bss           0x000000000003df00      0x726 build/cooja/mtype408.a(csma-output.o)
 *fill*         0x000000000003e626        0x2 
 .bss           0x000000000003e628       0x30 build/cooja/mtype408.a(uip-ds6.o)
 .bss           0x000000000003e658        0x0 build/cooja/mtype408.a(uip-udp-packet.)
 *fill*         0x000000000003e658        0x8 
 .bss           0x000000000003e660       0x60 build/cooja/mtype408.a(uip-ds6-route.o)