Archive member included to satisfy reference by file (symbol)

build/cooja/mtype23.a(simEnvChange.o)
                              build/cooja/mtype23.o (simDontFallAsleep)
build/cooja/mtype23.a(cooja_mt.o)
                              build/cooja/mtype23.o (cooja_mt_start)
build/cooja/mtype23.a(cooja_mtarch.o)
                              build/cooja/mtype23.a(cooja_mt.o) (cooja_mtarch_start)
build/cooja/mtype23.a(rtimer-arch.o)
                              build/cooja/mtype23.o (rtimer_arch_check)
build/cooja/mtype23.a(beep.o)
                              build/cooja/mtype23.o (beep_interface)
build/cooja/mtype23.a(leds-arch.o)
                              build/cooja/mtype23.o (leds_interface)
build/cooja/mtype23.a(moteid.o)
                              build/cooja/mtype23.o (moteid_interface)
build/cooja/mtype23.a(pir-sensor.o)
                              build/cooja/mtype23.o (pir_interface)
build/cooja/mtype23.a(rs232.o)
                              build/cooja/mtype23.o (rs232_interface)
build/cooja/mtype23.a(vib-sensor.o)
                              build/cooja/mtype23.o (vib_interface)
build/cooja/mtype23.a(clock.o)
                              build/cooja/mtype23.o (clock_interface)
build/cooja/mtype23.a(cooja-log.o)
                              build/cooja/mtype23.o (simlog_interface)
build/cooja/mtype23.a(cfs-cooja.o)
                              build/cooja/mtype23.o (cfs_interface)
build/cooja/mtype23.a(cooja-radio.o)
                              build/cooja/mtype23.o (radio_interface)
build/cooja/mtype23.a(eeprom.o)
                              build/cooja/mtype23.o (eeprom_interface)
build/cooja/mtype23.a(random.o)
                              build/cooja/mtype23.a(moteid.o) (random_init)
build/cooja/mtype23.a(sensors.o)
                              build/cooja/mtype23.a(pir-sensor.o) (sensors_changed)
build/cooja/mtype23.a(leds.o)
                              build/cooja/mtype23.a(leds-arch.o) (leds_get)
build/cooja/mtype23.a(gpio-hal-arch.o)
                              build/cooja/mtype23.a(leds-arch.o) (gpio_hal_arch_register_pin_callback)
build/cooja/mtype23.a(buttons.o)
                              build/cooja/mtype23.o (button_interface)
build/cooja/mtype23.a(res_temperature)
                              temperature.o (mote_name)
build/cooja/mtype23.a(coap-blocking-a)
                              temperature.o (coap_blocking_request)
build/cooja/mtype23.a(coap-engine.o)
                              temperature.o (coap_activate_resource)
build/cooja/mtype23.a(coap-res-well-k)
                              build/cooja/mtype23.a(coap-engine.o) (res_well_known_core)
build/cooja/mtype23.a(coap-observe.o)
                              build/cooja/mtype23.a(coap-engine.o) (coap_remove_observer_by_mid)
build/cooja/mtype23.a(coap-uip.o)
                              build/cooja/mtype23.a(coap-observe.o) (coap_endpoint_copy)
build/cooja/mtype23.a(coap-timer.o)
                              build/cooja/mtype23.a(coap-engine.o) (coap_timer_set)
build/cooja/mtype23.a(coap-transactio)
                              build/cooja/mtype23.a(coap-blocking-a) (coap_send_transaction)
build/cooja/mtype23.a(coap.o)
                              build/cooja/mtype23.a(coap-engine.o) (coap_status_code)
build/cooja/mtype23.a(contiki-main.o)
                              build/cooja/mtype23.o (main)
build/cooja/mtype23.a(autostart.o)
                              build/cooja/mtype23.a(contiki-main.o) (autostart_start)
build/cooja/mtype23.a(ctimer.o)
                              build/cooja/mtype23.a(contiki-main.o) (ctimer_init)
build/cooja/mtype23.a(log.o)  build/cooja/mtype23.a(contiki-main.o) (curr_log_level_main)
build/cooja/mtype23.a(energest.o)
                              build/cooja/mtype23.a(contiki-main.o) (energest_init)
build/cooja/mtype23.a(etimer.o)
                              build/cooja/mtype23.a(contiki-main.o) (etimer_process)
build/cooja/mtype23.a(node-id.o)
                              build/cooja/mtype23.a(contiki-main.o) (node_id)
build/cooja/mtype23.a(rtimer.o)
                              build/cooja/mtype23.a(contiki-main.o) (rtimer_init)
build/cooja/mtype23.a(process.o)
                              build/cooja/mtype23.a(coap-blocking-a) (process_current)
build/cooja/mtype23.a(timer.o)
                              build/cooja/mtype23.a(etimer.o) (timer_set)
build/cooja/mtype23.a(list.o)
                              build/cooja/mtype23.a(coap-engine.o) (list_init)
build/cooja/mtype23.a(memb.o)
                              build/cooja/mtype23.a(coap-observe.o) (memb_alloc)
build/cooja/mtype23.a(button-hal.o)
                              build/cooja/mtype23.o (button_hal_init)
build/cooja/mtype23.a(serial-line.o)
                              build/cooja/mtype23.a(rs232.o) (serial_line_input_byte)
build/cooja/mtype23.a(gpio-hal.o)
                              build/cooja/mtype23.a(button-hal.o) (gpio_hal_register_handler)
build/cooja/mtype23.a(queuebuf.o)
[...]
Memory Configuration

Name             Origin             Length             Attributes
*default*        0x0000000000000000 0xffffffffffffffff

Linker script and memory map

LOAD /usr/lib/gcc/i686-linux-gnu/5/../../../i386-linux-gnu/crti.o
LOAD /usr/lib/gcc/i686-linux-gnu/5/crtbeginS.o
LOAD temperature.o
LOAD build/cooja/mtype23.o
LOAD build/cooja/mtype23.a
LOAD /usr/lib/gcc/i686-linux-gnu/5/libgcc.a
LOAD /usr/lib/gcc/i686-linux-gnu/5/libgcc_s.so
LOAD /usr/lib/gcc/i686-linux-gnu/5/../../../i386-linux-gnu/libc.so
START GROUP
LOAD /lib/i386-linux-gnu/libc.so.6
LOAD /usr/lib/i386-linux-gnu/libc_nonshared.a
LOAD /lib/i386-linux-gnu/ld-linux.so.2
END GROUP
LOAD /usr/lib/gcc/i686-linux-gnu/5/libgcc.a
LOAD /usr/lib/gcc/i686-linux-gnu/5/libgcc_s.so
LOAD /usr/lib/gcc/i686-linux-gnu/5/crtendS.o
LOAD /usr/lib/gcc/i686-linux-gnu/5/../../../i386-linux-gnu/crtn.o
                0x0000000000000114                . = (0x0 + SIZEOF_HEADERS)

.note.gnu.build-id
                0x0000000000000114       0x24
 *(.note.gnu.build-id)
 .note.gnu.build-id
                0x0000000000000114       0x24 /usr/lib/gcc/i686-linux-gnu/5/../../../i386-linux-gnu/crti.o

.hash
 *(.hash)

.gnu.hash       0x0000000000000138     0x15c8
 *(.gnu.hash)
 .gnu.hash      0x0000000000000138     0x15c8 /usr/lib/gcc/i686-linux-gnu/5/../../../i386-linux-gnu/crti.o

.dynsym         0x0000000000001700     0x2fd0
 *(.dynsym)
 .dynsym        0x0000000000001700     0x2fd0 /usr/lib/gcc/i686-linux-gnu/5/../../../i386-linux-gnu/crti.o

.dynstr         0x00000000000046d0     0x3753
 *(.dynstr)
 .dynstr        0x00000000000046d0     0x3753 /usr/lib/gcc/i686-linux-gnu/5/../../../i386-linux-gnu/crti.o

.gnu.version    0x0000000000007e24      0x5fa
 *(.gnu.version)
 .gnu.version   0x0000000000007e24      0x5fa /usr/lib/gcc/i686-linux-gnu/5/../../../i386-linux-gnu/crti.o

.gnu.version_d  0x0000000000008420        0x0
 *(.gnu.version_d)
 .gnu.version_d
                0x0000000000008420        0x0 /usr/lib/gcc/i686-linux-gnu/5/../../../i386-linux-gnu/crti.o

.gnu.version_r  0x0000000000008420       0x40
 *(.gnu.version_r)
 .gnu.version_r
                0x0000000000008420       0x40 /usr/lib/gcc/i686-linux-gnu/5/../../../i386-linux-gnu/crti.o

.rel.dyn        0x0000000000008460     0x9440
 *(.rel.init)
 .rel.init      0x0000000000008460        0x0 /usr/lib/gcc/i686-linux-gnu/5/../../../i386-linux-gnu/crti.o
 *(.rel.text .rel.text.* .rel.gnu.linkonce.t.*)
 .rel.text      0x0000000000008460     0x8a40 /usr/lib/gcc/i686-linux-gnu/5/../../../i386-linux-gnu/crti.o
 *(.rel.fini)
 .rel.fini      0x0000000000010ea0        0x0 /usr/lib/gcc/i686-linux-gnu/5/../../../i386-linux-gnu/crti.o
 *(.rel.rodata .rel.rodata.* .rel.gnu.linkonce.r.*)
 .rel.rodata    0x0000000000010ea0      0x598 /usr/lib/gcc/i686-linux-gnu/5/../../../i386-linux-gnu/crti.o
 *(.rel.data.rel.ro .rel.data.rel.ro.* .rel.gnu.linkonce.d.rel.ro.*)
 *(.rel.data .rel.data.* .rel.gnu.linkonce.d.*)
 .rel.data.rel.local
                0x0000000000011438        0x8 /usr/lib/gcc/i686-linux-gnu/5/../../../i386-linux-gnu/crti.o
 .rel.data      0x0000000000011440      0x428 /usr/lib/gcc/i686-linux-gnu/5/../../../i386-linux-gnu/crti.o
 *(.rel.tdata .rel.tdata.* .rel.gnu.linkonce.td.*)
 *(.rel.tbss .rel.tbss.* .rel.gnu.linkonce.tb.*)
 *(.rel.ctors)
 *(.rel.dtors)
 *(.rel.got)
 .rel.got       0x0000000000011868       0x28 /usr/lib/gcc/i686-linux-gnu/5/../../../i386-linux-gnu/crti.o
 *(.rel.bss .rel.bss.* .rel.gnu.linkonce.b.*)
 *(.rel.ifunc)
 .rel.ifunc     0x0000000000011890        0x0 /usr/lib/gcc/i686-linux-gnu/5/../../../i386-linux-gnu/crti.o
 .rel.fini_array
                0x0000000000011890        0x8 /usr/lib/gcc/i686-linux-gnu/5/../../../i386-linux-gnu/crti.o
 .rel.init_array
                0x0000000000011898        0x8 /usr/lib/gcc/i686-linux-gnu/5/../../../i386-linux-gnu/crti.o

.rel.plt        0x00000000000118a0        0x0
 *(.rel.plt)
 .rel.plt       0x00000000000118a0        0x0 /usr/lib/gcc/i686-linux-gnu/5/../../../i386-linux-gnu/crti.o
 *(.rel.iplt)

.init           0x00000000000118a0       0x23
 *(SORT(.init))
 .init          0x00000000000118a0       0x1e /usr/lib/gcc/i686-linux-gnu/5/../../../i386-linux-gnu/crti.o
                0x00000000000118a0                _init
 .init          0x00000000000118be        0x5 /usr/lib/gcc/i686-linux-gnu/5/../../../i386-linux-gnu/crtn.o

.plt            0x00000000000118d0       0x10
 *(.plt)
 .plt           0x00000000000118d0       0x10 /usr/lib/gcc/i686-linux-gnu/5/../../../i386-linux-gnu/crti.o
 *(.iplt)

.plt.got        0x00000000000118e0       0x10
 *(.plt.got)
 .plt.got       0x00000000000118e0       0x10 /usr/lib/gcc/i686-linux-gnu/5/../../../i386-linux-gnu/crti.o

.text           0x00000000000118f0    0x18f22
 *(.text.unlikely .text.*_unlikely .text.unlikely.*)
 .text.unlikely
                0x00000000000118f0        0x0 /usr/lib/gcc/i686-linux-gnu/5/crtbeginS.o
 .text.unlikely
                0x00000000000118f0        0x0 /usr/lib/gcc/i686-linux-gnu/5/libgcc.a(_udivdi3.o)
 *(.text.exit .text.exit.*)
 *(.text.startup .text.startup.*)
 *(.text.hot .text.hot.*)
 *(.text .stub .text.* .gnu.linkonce.t.*)
 .text          0x00000000000118f0        0x0 /usr/lib/gcc/i686-linux-gnu/5/../../../i386-linux-gnu/crti.o
 .gnu.linkonce.t.__x86.get_pc_thunk.bx
                0x00000000000118f0        0x4 /usr/lib/gcc/i686-linux-gnu/5/../../../i386-linux-gnu/crti.o
                0x00000000000118f0                __x86.get_pc_thunk.bx
 *fill*         0x00000000000118f4        0xc 
 .text          0x0000000000011900      0x11c /usr/lib/gcc/i686-linux-gnu/5/crtbeginS.o
 .text.__x86.get_pc_thunk.dx
                0x0000000000011a1c        0x4 /usr/lib/gcc/i686-linux-gnu/5/crtbeginS.o
                0x0000000000011a1c                __x86.get_pc_thunk.dx
 .text          0x0000000000011a20      0x720 temperature.o
                0x0000000000011a51                response_handler
 .text          0x0000000000012140      0x283 build/cooja/mtype23.o
                0x00000000000121d2                platform_init_stage_one
                0x00000000000121e5                platform_init_stage_two
                0x00000000000121f8                platform_init_stage_three
                0x000000000001220b                platform_main_loop
                0x000000000001227e                Java_org_contikios_cooja_corecomm_Lib11_init
                0x00000000000122b5                Java_org_contikios_cooja_corecomm_Lib11_getMemory
                0x00000000000122e8                Java_org_contikios_cooja_corecomm_Lib11_setMemory
                0x0000000000012348                Java_org_contikios_cooja_corecomm_Lib11_tick
                0x00000000000123b0                Java_org_contikios_cooja_corecomm_Lib11_setReferenceAddress
 .text          0x00000000000123c3       0x65 build/cooja/mtype23.a(simEnvChange.o)
                0x00000000000123c3                doActionsBeforeTick
                0x00000000000123f5                doActionsAfterTick
 .text          0x0000000000012428       0x83 build/cooja/mtype23.a(cooja_mt.o)
                0x0000000000012428                cooja_mt_start
                0x0000000000012452                cooja_mt_exec
                0x0000000000012488                cooja_mt_yield
 .text          0x00000000000124ab       0xbe build/cooja/mtype23.a(cooja_mtarch.o)
                0x00000000000124ab                cooja_mtarch_start
                0x000000000001251e                cooja_sw
                0x0000000000012541                cooja_mtarch_exec
                0x000000000001255e                cooja_mtarch_yield
 .text          0x0000000000012569       0xc5 build/cooja/mtype23.a(rtimer-arch.o)
                0x0000000000012569                rtimer_arch_init
                0x000000000001258d                rtimer_arch_schedule
                0x00000000000125bd                rtimer_arch_next
                0x00000000000125cd                rtimer_arch_pending
                0x00000000000125d7                rtimer_arch_check
                0x000000000001261e                rtimer_arch_now
 .text          0x000000000001262e       0x81 build/cooja/mtype23.a(beep.o)
                0x000000000001262e                beep_alarm
                0x000000000001263b                beep_beep
                0x0000000000012648                beep
                0x0000000000012655                beep_down
                0x0000000000012662                beep_on
                0x000000000001266f                beep_off
                0x000000000001267c                beep_spinup
                0x0000000000012689                beep_quick
                0x0000000000012696                beep_long
 .text          0x00000000000126af       0x65 build/cooja/mtype23.a(leds-arch.o)
                0x00000000000126c2                leds_arch_init
 .text          0x0000000000012714       0x35 build/cooja/mtype23.a(moteid.o)
 .text          0x0000000000012749       0xb7 build/cooja/mtype23.a(pir-sensor.o)
 .text          0x0000000000012800      0x148 build/cooja/mtype23.a(rs232.o)
                0x0000000000012800                rs232_init
                0x0000000000012806                rs232_set_speed
                0x0000000000012815                rs232_set_input
                0x0000000000012823                rs232_send
                0x0000000000012847                rs232_print
                0x0000000000012863                slip_arch_writeb
 .text          0x0000000000012948       0xb7 build/cooja/mtype23.a(vib-sensor.o)
 .text          0x00000000000129ff       0x38 build/cooja/mtype23.a(clock.o)
                0x00000000000129ff                clock_init
                0x0000000000012a05                clock_time
                0x0000000000012a0f                clock_seconds
                0x0000000000012a25                clock_delay
 .text          0x0000000000012a37      0x219 build/cooja/mtype23.a(cooja-log.o)
                0x0000000000012a37                simlog_char
                0x0000000000012a7a                simlog
                0x0000000000012af0                log_message
                0x0000000000012b21                log_set_putchar_with_slip
                0x0000000000012b2f                log_putchar
                0x0000000000012baa                log_puts
                0x0000000000012bd2                log_printf
 .text          0x0000000000012c50      0x2b9 build/cooja/mtype23.a(cfs-cooja.o)
                0x0000000000012c50                cfs_open
                0x0000000000012cb9                cfs_close
                0x0000000000012cc6                cfs_read
                0x0000000000012d5b                cfs_write
                0x0000000000012e37                cfs_seek
                0x0000000000012ebf                cfs_remove
                0x0000000000012ee3                cfs_opendir
                0x0000000000012eed                cfs_readdir
                0x0000000000012ef7                cfs_closedir
 .text          0x0000000000012f09      0x620 build/cooja/mtype23.a(cooja-radio.o)
                0x0000000000012f4b                radio_set_channel
                0x0000000000012f59                radio_set_txpower
                0x0000000000012f71                radio_signal_strength_last
                0x0000000000012f7b                radio_signal_strength_current
                0x0000000000012f85                radio_LQI
 .text          0x0000000000013529       0xee build/cooja/mtype23.a(eeprom.o)
                0x0000000000013529                eeprom_init
                0x000000000001352f                eeprom_read
                0x000000000001359d                eeprom_write
 .text          0x0000000000013617       0x2d build/cooja/mtype23.a(random.o)
                0x0000000000013617                random_init
                0x0000000000013637                random_rand
 .text          0x0000000000013644      0x29c build/cooja/mtype23.a(sensors.o)
                0x000000000001367f                sensors_first
                0x0000000000013689                sensors_next
                0x00000000000136a3                sensors_changed
                0x00000000000136d7                sensors_find
 .text          0x00000000000138e0      0x349 build/cooja/mtype23.a(leds.o)
                0x00000000000138e0                leds_init
                0x0000000000013927                leds_single_on
                0x0000000000013986                leds_single_off
                0x00000000000139e5                leds_single_toggle
                0x0000000000013a17                leds_on
                0x0000000000013a99                leds_off
                0x0000000000013b1b                leds_toggle
                0x0000000000013b70                leds_set
                0x0000000000013b9c                leds_get
 .text          0x0000000000013c29      0x343 build/cooja/mtype23.a(gpio-hal-arch.o)
                0x0000000000013c29                gpio_hal_arch_register_pin_callback
                0x0000000000013c95                gpio_hal_arch_init
                0x0000000000013cda                gpio_hal_arch_no_port_interrupt_enable
                0x0000000000013d0a                gpio_hal_arch_no_port_interrupt_disable
                0x0000000000013d3a                gpio_hal_arch_no_port_pin_cfg_set
                0x0000000000013d5f                gpio_hal_arch_no_port_pin_cfg_get
                0x0000000000013d85                gpio_hal_arch_no_port_pin_set_input
                0x0000000000013d97                gpio_hal_arch_no_port_pin_set_output
                0x0000000000013da9                gpio_hal_arch_no_port_set_pin
                0x0000000000013dca                gpio_hal_arch_no_port_clear_pin
                0x0000000000013deb                gpio_hal_arch_no_port_read_pin
                0x0000000000013e11                gpio_hal_arch_no_port_write_pin
                0x0000000000013e3b                gpio_hal_arch_no_port_set_pins
                0x0000000000013e82                gpio_hal_arch_no_port_clear_pins
                0x0000000000013ec9                gpio_hal_arch_no_port_read_pins
                0x0000000000013f0c                gpio_hal_arch_no_port_write_pins
 .text          0x0000000000013f6c       0x89 build/cooja/mtype23.a(buttons.o)
 .text          0x0000000000013ff5      0x396 build/cooja/mtype23.a(res_temperature)
 .text          0x000000000001438b      0x27b build/cooja/mtype23.a(coap-blocking-a)
                0x000000000001438b                coap_blocking_request_callback
                0x00000000000143b5                coap_blocking_request
 .text          0x0000000000014606      0xbea build/cooja/mtype23.a(coap-engine.o)
                0x000000000001469b                coap_add_handler
                0x00000000000146b8                coap_remove_handler
                0x00000000000146d5                coap_call_handlers
                0x00000000000147dd                coap_receive
                0x0000000000014dd8                coap_engine_init
                0x0000000000014e36                coap_activate_resource
                0x0000000000014ee1                coap_get_first_resource
                0x0000000000014efa                coap_get_next_resource
 .text          0x00000000000151f0      0x2d9 build/cooja/mtype23.a(coap-res-well-k)
 .text          0x00000000000154c9      0x96a build/cooja/mtype23.a(coap-observe.o)
                0x00000000000155de                coap_remove_observer
                0x000000000001560e                coap_remove_observer_by_client
                0x0000000000015676                coap_remove_observer_by_token
                0x0000000000015709                coap_remove_observer_by_uri
                0x00000000000157b0                coap_remove_observer_by_mid
                0x000000000001582c                coap_notify_observers
                0x0000000000015845                coap_notify_observers_sub
                0x0000000000015caf                coap_observe_handler
                0x0000000000015dca                coap_has_observers
 .text          0x0000000000015e33      0x733 build/cooja/mtype23.a(coap-uip.o)
                0x0000000000015e33                coap_endpoint_log
                0x0000000000015eb9                coap_endpoint_print
                0x0000000000015f3f                coap_endpoint_snprint
                0x0000000000016072                coap_endpoint_copy
                0x00000000000160af                coap_endpoint_cmp
                0x00000000000161bd                coap_endpoint_parse
                0x00000000000163a8                coap_endpoint_is_secure
                0x00000000000163b7                coap_endpoint_is_connected
                0x00000000000163eb                coap_endpoint_connect
                0x0000000000016407                coap_endpoint_disconnect
                0x000000000001640d                coap_databuf
                0x0000000000016417                coap_transport_init
                0x0000000000016467                coap_sendto
 .text          0x0000000000016566      0x324 build/cooja/mtype23.a(coap-timer.o)
                0x0000000000016663                coap_timer_stop
                0x000000000001668e                coap_timer_set
                0x00000000000166d1                coap_timer_reset
                0x0000000000016714                coap_timer_time_to_next_expiration
                0x0000000000016780                coap_timer_run
                0x000000000001684c                coap_timer_init
 .text          0x000000000001688a      0x2c6 build/cooja/mtype23.a(coap-transactio)
                0x00000000000168f0                coap_new_transaction
                0x0000000000016956                coap_send_transaction
                0x0000000000016ab7                coap_clear_transaction
                0x0000000000016aff                coap_get_transaction_by_mid
 .text          0x0000000000016b50     0x1c53 build/cooja/mtype23.a(coap.o)
                0x00000000000170bd                coap_init_connection
                0x00000000000170d1                coap_get_mid
                0x00000000000170ed                coap_init_message
                0x0000000000017136                coap_serialize_message
                0x00000000000177b8                coap_parse_message
                0x0000000000017e1f                coap_get_query_variable
                0x0000000000017e61                coap_get_post_variable
                0x0000000000017ea5                coap_set_status_code
                0x0000000000017eca                coap_set_token
                0x0000000000017f11                coap_get_header_content_format
                0x0000000000017f42                coap_set_header_content_format
                0x0000000000017f65                coap_get_header_accept
                0x0000000000017f96                coap_set_header_accept
                0x0000000000017fb9                coap_get_header_max_age
                0x0000000000017fea                coap_set_header_max_age
                0x000000000001800a                coap_get_header_etag
                0x000000000001803c                coap_set_header_etag
                0x0000000000018093                coap_get_header_if_match
                0x00000000000180c5                coap_set_header_if_match
                0x000000000001811c                coap_get_header_if_none_match
                0x0000000000018136                coap_set_header_if_none_match
                0x000000000001814d                coap_get_header_proxy_uri
                0x000000000001817b                coap_set_header_proxy_uri
                0x00000000000181b8                coap_get_header_uri_host
                0x00000000000181e6                coap_set_header_uri_host
                0x0000000000018223                coap_get_header_uri_path
                0x0000000000018251                coap_set_header_uri_path
                0x000000000001829e                coap_get_header_uri_query
                0x00000000000182d2                coap_set_header_uri_query
                0x0000000000018328                coap_get_header_location_path
                0x0000000000018356                coap_set_header_location_path
                0x00000000000183ef                coap_get_header_location_query
                0x000000000001841d                coap_set_header_location_query
                0x000000000001846a                coap_get_header_observe
                0x0000000000018499                coap_set_header_observe
                0x00000000000184b9                coap_get_header_block2
                0x0000000000018525                coap_set_header_block2
                0x000000000001859c                coap_get_header_block1
                0x0000000000018611                coap_set_header_block1
                0x000000000001868c                coap_get_header_size2
                0x00000000000186bc                coap_set_header_size2
                0x00000000000186df                coap_get_header_size1
                0x000000000001870f                coap_set_header_size1
                0x0000000000018732                coap_get_payload
                0x000000000001876c                coap_set_payload
 .text          0x00000000000187a3      0x332 build/cooja/mtype23.a(contiki-main.o)
                0x00000000000187a3                main
 .text          0x0000000000018ad5       0x92 build/cooja/mtype23.a(autostart.o)
                0x0000000000018ad5                autostart_start
                0x0000000000018b1f                autostart_exit
 .text          0x0000000000018b67      0x355 build/cooja/mtype23.a(ctimer.o)
                0x0000000000018c8f                ctimer_init
                0x0000000000018cc2                ctimer_set
                0x0000000000018ce8                ctimer_set_with_process
                0x0000000000018d65                ctimer_reset
                0x0000000000018db9                ctimer_restart
                0x0000000000018e0d                ctimer_stop
                0x0000000000018e5d                ctimer_expired
 .text          0x0000000000018ebc      0x394 build/cooja/mtype23.a(log.o)
                0x0000000000018ebc                log_6addr
                0x0000000000018f0f                log_6addr_compact_snprint
                0x0000000000018fad                log_6addr_compact
                0x0000000000019000                log_lladdr
                0x0000000000019072                log_lladdr_compact
                0x00000000000190da                log_set_level
                0x0000000000019195                log_get_level
                0x000000000001920e                log_level_to_str
 .text          0x0000000000019250       0x1b build/cooja/mtype23.a(energest.o)
                0x0000000000019250                energest_init
                0x0000000000019256                energest_flush
                0x000000000001925c                energest_get_total_time
 .text          0x000000000001926b      0x43f build/cooja/mtype23.a(etimer.o)
                0x000000000001948f                etimer_request_poll
                0x0000000000019518                etimer_set
                0x0000000000019541                etimer_reset_with_new_interval
                0x0000000000019570                etimer_reset
                0x0000000000019596                etimer_restart
                0x00000000000195bc                etimer_adjust
                0x00000000000195d9                etimer_expired
                0x00000000000195ec                etimer_expiration_time
                0x00000000000195fe                etimer_start_time
                0x0000000000019608                etimer_pending
                0x000000000001961a                etimer_next_expiration_time
                0x0000000000019634                etimer_stop
 .text          0x00000000000196aa       0x25 build/cooja/mtype23.a(node-id.o)
                0x00000000000196aa                node_id_init
 .text          0x00000000000196cf       0xeb build/cooja/mtype23.a(rtimer.o)
                0x00000000000196cf                rtimer_init
                0x00000000000196dd                rtimer_set
                0x0000000000019758                rtimer_run_next
 .text          0x00000000000197ba      0x4fb build/cooja/mtype23.a(process.o)
                0x00000000000197ba                process_alloc_event
                0x00000000000197cf                process_start
                0x00000000000199a9                process_exit
                0x00000000000199c6                process_init
                0x0000000000019b5b                process_run
                0x0000000000019b8e                process_nevents
                0x0000000000019ba9                process_post
                0x0000000000019c3c                process_post_synch
                0x0000000000019c71                process_poll
                0x0000000000019ca1                process_is_running
 .text          0x0000000000019cb5       0xb1 build/cooja/mtype23.a(timer.o)
                0x0000000000019cb5                timer_set
                0x0000000000019cd3                timer_reset
                0x0000000000019d00                timer_restart
                0x0000000000019d15                timer_expired
                0x0000000000019d42                timer_remaining
 .text          0x0000000000019d66      0x28f build/cooja/mtype23.a(list.o)
                0x0000000000019d66                list_init
                0x0000000000019d75                list_head
                0x0000000000019d7f                list_copy
                0x0000000000019d8f                list_tail
                0x0000000000019dc5                list_add
                0x0000000000019e11                list_push
                0x0000000000019e3d                list_chop
                0x0000000000019ea7                list_pop
                0x0000000000019ecf                list_remove
                0x0000000000019f37                list_length
                0x0000000000019f65                list_insert
                0x0000000000019faa                list_item_next
                0x0000000000019fc1                list_contains
 .text          0x0000000000019ff5      0x1b5 build/cooja/mtype23.a(memb.o)
                0x0000000000019ff5                memb_init
                0x000000000001a04a                memb_alloc
                0x000000000001a0ad                memb_free
                0x000000000001a124                memb_inmemb
                0x000000000001a163                memb_numfree
 .text          0x000000000001a1aa      0x41c build/cooja/mtype23.a(button-hal.o)
                0x000000000001a323                button_hal_get_by_id
                0x000000000001a361                button_hal_get_by_index
                0x000000000001a38d                button_hal_get_state
                0x000000000001a3df                button_hal_init
 .text          0x000000000001a5c6      0x1f3 build/cooja/mtype23.a(serial-line.o)
                0x000000000001a5c6                serial_line_input_byte
                0x000000000001a784                serial_line_init
 .text          0x000000000001a7b9      0x168 build/cooja/mtype23.a(gpio-hal.o)
                0x000000000001a7b9                gpio_hal_register_handler
                0x000000000001a7d6                gpio_hal_event_handler
                0x000000000001a832                gpio_hal_init
                0x000000000001a851                gpio_hal_arch_port_toggle_pin
                0x000000000001a88d                gpio_hal_arch_port_toggle_pins
                0x000000000001a8bb                gpio_hal_arch_no_port_toggle_pin
                0x000000000001a8f9                gpio_hal_arch_no_port_toggle_pins
 .text          0x000000000001a921      0x2e7 build/cooja/mtype23.a(queuebuf.o)
                0x000000000001a92b                queuebuf_init
                0x000000000001a954                queuebuf_numfree
                0x000000000001a96c                queuebuf_new_from_packetbuf
                0x000000000001aa0b                queuebuf_update_attr_from_packetbuf
                0x000000000001aa40                queuebuf_update_from_packetbuf
                0x000000000001aa90                queuebuf_free
                0x000000000001aad9                queuebuf_to_packetbuf
                0x000000000001ab45                queuebuf_dataptr
                0x000000000001ab7f                queuebuf_datalen
                0x000000000001aba2                queuebuf_addr
                0x000000000001abd7                queuebuf_attr
                0x000000000001ac02                queuebuf_debug_print
 .text          0x000000000001ac08      0x407 build/cooja/mtype23.a(packetbuf.o)
                0x000000000001ac08                packetbuf_clear
                0x000000000001ac33                packetbuf_copyfrom
                0x000000000001ac82                packetbuf_copyto
                0x000000000001ad15                packetbuf_hdralloc
                0x000000000001ad91                packetbuf_hdrreduce
                0x000000000001add7                packetbuf_set_datalen
                0x000000000001adf1                packetbuf_dataptr
                0x000000000001ae0e                packetbuf_hdrptr
                0x000000000001ae18                packetbuf_datalen
                0x000000000001ae24                packetbuf_hdrlen
                0x000000000001ae3b                packetbuf_totlen
                0x000000000001ae51                packetbuf_remaininglen
                0x000000000001ae64                packetbuf_attr_clear
                0x000000000001aeb0                packetbuf_attr_copyto
                0x000000000001af08                packetbuf_attr_copyfrom
                0x000000000001af60                packetbuf_set_attr
                0x000000000001af8a                packetbuf_attr
                0x000000000001afa4                packetbuf_set_addr
                0x000000000001afd5                packetbuf_addr
                0x000000000001aff2                packetbuf_holds_broadcast
 .text          0x000000000001b00f       0xef build/cooja/mtype23.a(netstack.o)
                0x000000000001b00f                netstack_process_ip_callback
                0x000000000001b0a0                netstack_ip_packet_processor_add
                0x000000000001b0c3                uip_ds6_ip_packet_processor_rm
                0x000000000001b0e0                netstack_init
 .text          0x000000000001b0fe       0x4f build/cooja/mtype23.a(linkaddr.o)
                0x000000000001b0fe                linkaddr_copy
                0x000000000001b114                linkaddr_cmp
                0x000000000001b137                linkaddr_set_node_addr
 .text          0x000000000001b14d      0x1f6 build/cooja/mtype23.a(csma.o)
 .text          0x000000000001b343      0x95d build/cooja/mtype23.a(csma-output.o)
                0x000000000001b9da                csma_output_packet
                0x000000000001bc67                csma_output_init
 .text          0x000000000001bca0      0xc11 build/cooja/mtype23.a(uip-ds6.o)
                0x000000000001bca0                uip_ds6_default_prefix
                0x000000000001bcaa                uip_ds6_set_default_prefix
                0x000000000001bcd5                uip_ds6_init
                0x000000000001bf37                uip_ds6_periodic
                0x000000000001bfbe                uip_ds6_list_loop
                0x000000000001c07e                uip_ds6_prefix_add
                0x000000000001c12a                uip_ds6_prefix_rm
                0x000000000001c13d                uip_ds6_prefix_lookup
                0x000000000001c17c                uip_ds6_is_addr_onlink
                0x000000000001c1ef                uip_ds6_addr_add
                0x000000000001c30f                uip_ds6_addr_rm
                0x000000000001c3b8                uip_ds6_addr_lookup
                0x000000000001c3f1                uip_ds6_get_link_local
                0x000000000001c472                uip_ds6_get_global
                0x000000000001c4f3                uip_ds6_maddr_add
                0x000000000001c553                uip_ds6_maddr_rm
                0x000000000001c566                uip_ds6_maddr_lookup
                0x000000000001c59f                uip_ds6_aaddr_add
                0x000000000001c5ff                uip_ds6_aaddr_rm
                0x000000000001c612                uip_ds6_aaddr_lookup
                0x000000000001c64b                uip_ds6_select_src
                0x000000000001c794                uip_ds6_set_addr_iid
                0x000000000001c7bf                uip_ds6_set_lladdr_from_iid
                0x000000000001c7e8                get_match_length
                0x000000000001c879                uip_ds6_compute_reachable_time
 .text          0x000000000001c8b1      0x128 build/cooja/mtype23.a(uip-udp-packet.)
                0x000000000001c8b1                uip_udp_packet_send
                0x000000000001c90c                uip_udp_packet_sendto
 .text          0x000000000001c9d9      0x35b build/cooja/mtype23.a(uip-ds6-route.o)
                0x000000000001ca2a                uip_ds6_route_init
                0x000000000001ca54                uip_ds6_route_nexthop
                0x000000000001ca5e                uip_ds6_route_head
                0x000000000001ca68                uip_ds6_route_next
                0x000000000001ca72                uip_ds6_route_is_nexthop
                0x000000000001ca7c                uip_ds6_route_num_routes
                0x000000000001ca86                uip_ds6_route_lookup
                0x000000000001ca90                uip_ds6_route_add
                0x000000000001caa3                uip_ds6_route_rm
                0x000000000001caa9                uip_ds6_route_rm_by_nexthop
                0x000000000001caaf                uip_ds6_defrt_head
                0x000000000001cac8                uip_ds6_defrt_add
                0x000000000001cb76                uip_ds6_defrt_rm
                0x000000000001cbdc                uip_ds6_defrt_lookup
                0x000000000001cc43                uip_ds6_defrt_choose
                0x000000000001ccb9                uip_ds6_defrt_periodic
 .text          0x000000000001cd34      0x6f7 build/cooja/mtype23.a(tcpip.o)
                0x000000000001cd4e                tcpip_output
                0x000000000001cdcd                udp_attach
                0x000000000001cde5                udp_new
                0x000000000001ce2f                udp_broadcast_new
                0x000000000001cfa1                tcpip_input
                0x000000000001d131                tcpip_ipv6_output
                0x000000000001d325                tcpip_poll_udp
                0x000000000001d343                tcpip_uipcall
 .text          0x000000000001d42b     0x1205 build/cooja/mtype23.a(uip6.o)
                0x000000000001d4da                uip_chksum
                0x000000000001d5b1                uip_icmp6chksum
                0x000000000001d5c6                uip_udpchksum
                0x000000000001d5db                uip_init
                0x000000000001d624                uip_remove_ext_hdr
                0x000000000001d6fe                uip_udp_new
                0x000000000001da12                uip_process
                0x000000000001e50a                uip_htons
                0x000000000001e52c                uip_htonl
                0x000000000001e56a                uip_send
 .text          0x000000000001e630      0x369 build/cooja/mtype23.a(uip-ds6-nbr.o)
                0x000000000001e630                uip_ds6_neighbors_init
                0x000000000001e654                uip_ds6_nbr_add
                0x000000000001e6da                uip_ds6_nbr_rm
                0x000000000001e725                uip_ds6_nbr_update_ll
                0x000000000001e813                uip_ds6_nbr_get_ipaddr
                0x000000000001e828                uip_ds6_nbr_get_ll
                0x000000000001e844                uip_ds6_nbr_num
                0x000000000001e88d                uip_ds6_nbr_head
                0x000000000001e8a6                uip_ds6_nbr_next
                0x000000000001e8c2                uip_ds6_nbr_lookup
                0x000000000001e91a                uip_ds6_nbr_ll_lookup
                0x000000000001e936                uip_ds6_nbr_ipaddr_from_lladdr
                0x000000000001e95f                uip_ds6_nbr_lladdr_from_ipaddr
                0x000000000001e993                uip_ds6_link_callback
 .text          0x000000000001e999      0x6a7 build/cooja/mtype23.a(uip-nd6.o)
                0x000000000001f027                uip_nd6_init
 .text          0x000000000001f040      0x3b0 build/cooja/mtype23.a(simple-udp.o)
                0x000000000001f06d                simple_udp_send
                0x000000000001f0d0                simple_udp_sendto
                0x000000000001f12b                simple_udp_sendto_port
                0x000000000001f184                simple_udp_register
 .text          0x000000000001f3f0     0x2c17 build/cooja/mtype23.a(sicslowpan.o)
                0x000000000001f9f7                netstack_sniffer_add
                0x000000000001fa05                netstack_sniffer_remove
                0x0000000000021fdb                sicslowpan_init
                0x0000000000021ffd                sicslowpan_get_last_rssi
 .text          0x0000000000022007      0x4d1 build/cooja/mtype23.a(uiplib.o)
                0x0000000000022007                uiplib_ip6addrconv
                0x00000000000221bf                uiplib_ip4addrconv
                0x0000000000022282                uiplib_ipaddr_print
                0x00000000000222d5                uiplib_ipaddr_snprint
 .text          0x00000000000224d8      0x4c9 build/cooja/mtype23.a(rpl.o)
                0x00000000000224d8                rpl_lollipop_greater_than
                0x0000000000022532                rpl_get_global_address
                0x000000000002262a                rpl_link_callback
                0x000000000002266e                rpl_has_joined
                0x0000000000022693                rpl_is_reachable
                0x0000000000022714                rpl_reset_prefix
                0x000000000002277e                rpl_set_prefix_from_addr
                0x0000000000022863                rpl_set_prefix
                0x000000000002297d                rpl_set_leaf_only
                0x0000000000022995                rpl_get_leaf_only
 .text          0x00000000000229a1     0x138c build/cooja/mtype23.a(rpl-icmp6.o)
                0x0000000000022ac6                rpl_icmp6_update_nbr_table
                0x0000000000022b4f                rpl_icmp6_dis_output
                0x0000000000023195                rpl_icmp6_dio_output
                0x0000000000023993                rpl_icmp6_dao_output
                0x0000000000023c74                rpl_icmp6_dao_ack_output
                0x0000000000023ce4                rpl_icmp6_init
 .text          0x0000000000023d2d      0x264 build/cooja/mtype23.a(rpl-dag-root.o)
                0x0000000000023d2d                rpl_dag_root_print_links
                0x0000000000023e59                rpl_dag_root_set_prefix
                0x0000000000023e85                rpl_dag_root_start
                0x0000000000023f62                rpl_dag_root_is_root
 .text          0x0000000000023f91       0x30 build/cooja/mtype23.a(watchdog.o)
                0x0000000000023f91                watchdog_init
                0x0000000000023f97                watchdog_start
                0x0000000000023f9d                watchdog_periodic
                0x0000000000023fb5                watchdog_stop
                0x0000000000023fbb                watchdog_reboot
 .text          0x0000000000023fc1       0x4a build/cooja/mtype23.a(int-master.o)
                0x0000000000023fc1                int_master_enable
                0x0000000000023fd1                int_master_read_and_disable
                0x0000000000023fee                int_master_status_set
                0x0000000000023ffc                int_master_is_enabled
 .text          0x000000000002400b      0x226 build/cooja/mtype23.a(coap-timer-defa)
 .text          0x0000000000024231       0xc7 build/cooja/mtype23.a(stimer.o)
                0x0000000000024231                stimer_set
                0x000000000002424f                stimer_reset
                0x000000000002427c                stimer_restart
                0x0000000000024291                stimer_expired
                0x00000000000242bc                stimer_remaining
                0x00000000000242e0                stimer_elapsed
 .text          0x00000000000242f8      0x156 build/cooja/mtype23.a(ringbuf.o)
                0x00000000000242f8                ringbuf_init
                0x000000000002432a                ringbuf_put
                0x00000000000243a8                ringbuf_get
                0x0000000000024415                ringbuf_size
                0x0000000000024427                ringbuf_elements
 .text          0x000000000002444e       0x1f build/cooja/mtype23.a(assert.o)
                0x000000000002444e                _xassert
 .text          0x000000000002446d      0x79b build/cooja/mtype23.a(nbr-table.o)
                0x00000000000248e6                nbr_table_register
                0x0000000000024953                nbr_table_is_registered
                0x000000000002498e                nbr_table_head
                0x00000000000249e9                nbr_table_next
                0x0000000000024a4a                nbr_table_add_lladdr
                0x0000000000024b24                nbr_table_get_from_lladdr
                0x0000000000024b70                nbr_table_remove
                0x0000000000024ba8                nbr_table_lock
                0x0000000000024bc2                nbr_table_unlock
                0x0000000000024bdc                nbr_table_get_lladdr
 .text          0x0000000000024c08      0x3a5 build/cooja/mtype23.a(link-stats.o)
                0x0000000000024c08                link_stats_from_lladdr
                0x0000000000024c24                link_stats_get_lladdr
                0x0000000000024c40                link_stats_is_fresh
                0x0000000000024c7c                guess_etx_from_rssi
                0x0000000000024cf8                link_stats_packet_sent
                0x0000000000024e18                link_stats_input_callback
                0x0000000000024f28                link_stats_reset
                0x0000000000024f78                link_stats_init
 .text          0x0000000000024fad      0x187 build/cooja/mtype23.a(mac-sequence.o)
                0x0000000000024fad                mac_sequence_is_duplicate
                0x000000000002504d                mac_sequence_register_seqno
 .text          0x0000000000025134       0x23 build/cooja/mtype23.a(mac.o)
                0x0000000000025134                mac_call_sent_callback
 .text          0x0000000000025157      0x432 build/cooja/mtype23.a(framer-802154.o)
                0x00000000000252e6                framer_802154_setup_params
 .text          0x0000000000025589      0xb6f build/cooja/mtype23.a(frame802154.o)
                0x00000000000255ba                frame802154_get_pan_id
                0x00000000000255c6                frame802154_set_pan_id
                0x00000000000255e0                frame802154_has_panid
                0x000000000002578f                frame802154_check_dest_panid
                0x0000000000025817                frame802154_is_broadcast_addr
                0x0000000000025864                frame802154_extract_linkaddr
                0x0000000000025ac9                frame802154_hdrlen
                0x0000000000025b3c                frame802154_create_fcf
                0x0000000000025bf4                frame802154_create
                0x0000000000025d69                frame802154_parse_fcf
                0x0000000000025e4b                frame802154_parse
 .text          0x00000000000260f8       0x2d build/cooja/mtype23.a(csma-security.o)
                0x00000000000260f8                csma_security_create_frame
                0x0000000000026116                csma_security_parse_frame
 .text          0x0000000000026125      0x4e4 build/cooja/mtype23.a(uipbuf.o)
                0x0000000000026125                uipbuf_clear
                0x000000000002614c                uipbuf_add_ext_hdr
                0x00000000000261cc                uipbuf_set_len
                0x00000000000261f9                uipbuf_set_len_field
                0x0000000000026225                uipbuf_get_len_field
                0x0000000000026245                uipbuf_get_next_header
                0x0000000000026377                uipbuf_get_last_header
                0x00000000000263f0                uipbuf_search_header
                0x00000000000264a6                uipbuf_get_attr
                0x00000000000264cd                uipbuf_set_attr
                0x0000000000026504                uipbuf_set_default_attr
                0x000000000002653b                uipbuf_clear_attr
                0x000000000002655f                uipbuf_set_attr_flag
                0x0000000000026580                uipbuf_clr_attr_flag
                0x00000000000265a7                uipbuf_is_attr_flag
                0x00000000000265cb                uipbuf_init
 .text          0x0000000000026609      0x73f build/cooja/mtype23.a(uip-icmp6.o)
                0x000000000002667e                uip_icmp6_input
                0x00000000000266d5                uip_icmp6_register_input_handler
                0x0000000000026828                uip_icmp6_error_output
                0x0000000000026ad9                uip_icmp6_send
                0x0000000000026cd0                uip_icmp6_echo_reply_callback_add
                0x0000000000026d02                uip_icmp6_echo_reply_callback_rm
                0x0000000000026d1f                uip_icmp6_init
 .text          0x0000000000026d48      0x69b build/cooja/mtype23.a(uip-sr.o)
                0x0000000000026d48                uip_sr_num_nodes
                0x0000000000026dd6                uip_sr_get_node
                0x0000000000026e2d                uip_sr_is_addr_reachable
                0x0000000000026edb                uip_sr_expire_parent
                0x0000000000026f24                uip_sr_update_node
                0x0000000000027054                uip_sr_init
                0x0000000000027088                uip_sr_node_head
                0x00000000000270a1                uip_sr_node_next
                0x00000000000270b7                uip_sr_periodic
                0x00000000000271bd                uip_sr_free_all
                0x000000000002722d                uip_sr_link_snprint
 .text          0x00000000000273e3      0x146 build/cooja/mtype23.a(uip-packetqueue)
                0x0000000000027411                uip_packetqueue_new
                0x0000000000027420                uip_packetqueue_alloc
                0x000000000002747b                uip_packetqueue_free
                0x00000000000274c2                uip_packetqueue_buf
                0x00000000000274df                uip_packetqueue_buflen
                0x0000000000027500                uip_packetqueue_set_buflen
 .text          0x0000000000027529      0x1b0 build/cooja/mtype23.a(rpl-nbr-policy.)
                0x0000000000027696                rpl_nbr_policy_find_removable
 .text          0x00000000000276d9      0x915 build/cooja/mtype23.a(rpl-neighbor.o)
                0x0000000000027755                rpl_neighbor_snprint
                0x0000000000027a08                rpl_neighbor_print_list
                0x0000000000027abd                rpl_neighbor_count
                0x0000000000027b64                rpl_neighbor_get_from_lladdr
                0x0000000000027b80                rpl_neighbor_is_acceptable_parent
                0x0000000000027bb4                rpl_neighbor_get_link_metric
                0x0000000000027be8                rpl_neighbor_rank_via_nbr
                0x0000000000027c1c                rpl_neighbor_get_lladdr
                0x0000000000027c38                rpl_neighbor_get_ipaddr
                0x0000000000027c5f                rpl_neighbor_get_link_stats
                0x0000000000027c86                rpl_neighbor_is_fresh
                0x0000000000027cad                rpl_neighbor_is_reachable
                0x0000000000027cf8                rpl_neighbor_is_parent
                0x0000000000027d22                rpl_neighbor_set_preferred_parent
                0x0000000000027db9                rpl_neighbor_remove_all
                0x0000000000027e15                rpl_neighbor_get_from_ipaddr
                0x0000000000027f23                rpl_neighbor_select_best
                0x0000000000027fcf                rpl_neighbor_init
 .text          0x0000000000027fee      0xe69 build/cooja/mtype23.a(rpl-dag.o)
                0x0000000000027fee                rpl_dag_state_to_str
                0x000000000002802d                rpl_dag_get_root_ipaddr
                0x0000000000028075                rpl_dag_leave
                0x00000000000280fe                rpl_dag_poison_and_leave
                0x0000000000028116                rpl_dag_periodic
                0x000000000002819e                rpl_is_addr_in_our_dag
                0x00000000000281e2                rpl_get_default_instance
                0x00000000000281fe                rpl_get_any_dag
                0x0000000000028257                rpl_refresh_routes
                0x0000000000028297                rpl_global_repair
                0x0000000000028330                rpl_local_repair
                0x000000000002837a                rpl_dag_ready_to_advertise
                0x00000000000283bd                rpl_dag_update_state
                0x0000000000028aea                rpl_process_dio
                0x0000000000028b68                rpl_process_dis
                0x0000000000028bad                rpl_process_dao
                0x0000000000028c3c                rpl_process_dao_ack
                0x0000000000028cd3                rpl_process_hbh
                0x0000000000028d23                rpl_dag_init_root
                0x0000000000028e37                rpl_dag_init
 .text          0x0000000000028e57      0x9e7 build/cooja/mtype23.a(rpl-timers.o)
                0x0000000000028e57                rpl_timers_schedule_periodic_dis
                0x0000000000028fa5                rpl_timers_dio_reset
                0x00000000000290b3                rpl_timers_schedule_unicast_dio
                0x0000000000029207                rpl_timers_schedule_dao
                0x00000000000292c6                rpl_timers_schedule_dao_ack
                0x000000000002934c                rpl_timers_notify_dao_ack
                0x00000000000293aa                get_probing_delay
                0x00000000000293de                get_probing_target
                0x00000000000295c8                rpl_schedule_probing
                0x00000000000295f6                rpl_schedule_probing_now
                0x0000000000029660                rpl_timers_unschedule_leaving
                0x0000000000029698                rpl_timers_schedule_leaving
                0x00000000000296d9                rpl_timers_init
                0x0000000000029769                rpl_timers_stop_dag_timers
                0x00000000000297e2                rpl_timers_unschedule_state_update
                0x0000000000029806                rpl_timers_schedule_state_update
 .text          0x000000000002983e      0xb8e build/cooja/mtype23.a(rpl-ext-header.)
                0x000000000002983e                rpl_ext_header_srh_get_next_hop
                0x0000000000029925                rpl_ext_header_srh_update
                0x0000000000029e91                rpl_ext_header_hbh_update
                0x000000000002a191                rpl_ext_header_update
                0x000000000002a21a                rpl_ext_header_remove
 .text          0x000000000002a3cc      0x31b build/cooja/mtype23.a(rpl-mrhof.o)
 *fill*         0x000000000002a6e7        0x9 
 .text          0x000000000002a6f0      0x122 /usr/lib/gcc/i686-linux-gnu/5/libgcc.a(_udivdi3.o)
                0x000000000002a6f0                __udivdi3
 .text          0x000000000002a812        0x0 /usr/lib/gcc/i686-linux-gnu/5/crtendS.o
 .text          0x000000000002a812        0x0 /usr/lib/gcc/i686-linux-gnu/5/../../../i386-linux-gnu/crtn.o
 *(.gnu.warning)

.fini           0x000000000002a814       0x14
 *(SORT(.fini))
 .fini          0x000000000002a814        0xf /usr/lib/gcc/i686-linux-gnu/5/../../../i386-linux-gnu/crti.o
                0x000000000002a814                _fini
 .fini          0x000000000002a823        0x5 /usr/lib/gcc/i686-linux-gnu/5/../../../i386-linux-gnu/crtn.o
                [!provide]                        PROVIDE (__etext, .)
                [!provide]                        PROVIDE (_etext, .)
                [!provide]                        PROVIDE (etext, .)

.rodata         0x000000000002a840      0xbab
 *(.rodata .rodata.* .gnu.linkonce.r.*)
 .rodata        0x000000000002a840      0x1a1 temperature.o
                0x000000000002a864                autostart_processes
 *fill*         0x000000000002a9e1        0x3 
 .rodata        0x000000000002a9e4        0x8 build/cooja/mtype23.a(beep.o)
                0x000000000002a9e4                beep_interface
 .rodata        0x000000000002a9ec        0xe build/cooja/mtype23.a(leds-arch.o)
                0x000000000002a9ec                leds_interface
                0x000000000002a9f4                leds_arch_leds
 *fill*         0x000000000002a9fa        0x2 
 .rodata        0x000000000002a9fc        0x8 build/cooja/mtype23.a(moteid.o)
                0x000000000002a9fc                moteid_interface
 .rodata        0x000000000002aa04       0x1c build/cooja/mtype23.a(pir-sensor.o)
                0x000000000002aa04                pir_interface
                0x000000000002aa10                pir_sensor
 .rodata        0x000000000002aa20        0xe build/cooja/mtype23.a(rs232.o)
                0x000000000002aa20                rs232_interface
 *fill*         0x000000000002aa2e        0x2 
 .rodata        0x000000000002aa30       0x24 build/cooja/mtype23.a(vib-sensor.o)
                0x000000000002aa30                vib_interface
                0x000000000002aa44                vib_sensor
 .rodata        0x000000000002aa54        0x8 build/cooja/mtype23.a(clock.o)
                0x000000000002aa54                clock_interface
 .rodata        0x000000000002aa5c        0x8 build/cooja/mtype23.a(cooja-log.o)
                0x000000000002aa5c                simlog_interface
 .rodata        0x000000000002aa64       0x2f build/cooja/mtype23.a(cfs-cooja.o)
                0x000000000002aa64                cfs_interface
 *fill*         0x000000000002aa93        0xd 
 .rodata        0x000000000002aaa0       0xb8 build/cooja/mtype23.a(cooja-radio.o)
                0x000000000002aaa0                radio_interface
                0x000000000002ab20                cooja_radio_driver
 .rodata        0x000000000002ab58        0x8 build/cooja/mtype23.a(eeprom.o)
                0x000000000002ab58                eeprom_interface
 .rodata        0x000000000002ab60        0x8 build/cooja/mtype23.a(sensors.o)
 .rodata        0x000000000002ab68       0x2c build/cooja/mtype23.a(buttons.o)
                0x000000000002ab68                button_interface
                0x000000000002ab7c                button_hal_button_count
                0x000000000002ab84                button_sensor
 .rodata        0x000000000002ab94       0x82 build/cooja/mtype23.a(res_temperature)
 .rodata        0x000000000002ac16       0x41 build/cooja/mtype23.a(coap-engine.o)
 .rodata        0x000000000002ac57       0x19 build/cooja/mtype23.a(coap-res-well-k)
 .rodata        0x000000000002ac70       0x11 build/cooja/mtype23.a(coap-observe.o)
 .rodata        0x000000000002ac81       0x35 build/cooja/mtype23.a(coap-uip.o)
 *fill*         0x000000000002acb6        0x2 
 .rodata        0x000000000002acb8      0x1ac build/cooja/mtype23.a(coap.o)
 .rodata        0x000000000002ae64       0xf4 build/cooja/mtype23.a(contiki-main.o)
 .rodata        0x000000000002af58        0xf build/cooja/mtype23.a(ctimer.o)
 *fill*         0x000000000002af67        0x1 
 .rodata        0x000000000002af68       0xc4 build/cooja/mtype23.a(log.o)
 .rodata        0x000000000002b02c        0xc build/cooja/mtype23.a(etimer.o)
 .rodata        0x000000000002b038       0x13 build/cooja/mtype23.a(button-hal.o)
 .rodata        0x000000000002b04b        0xe build/cooja/mtype23.a(serial-line.o)
 *fill*         0x000000000002b059        0x3 
 .rodata        0x000000000002b05c        0x8 build/cooja/mtype23.a(linkaddr.o)
                0x000000000002b05c                linkaddr_null
 .rodata        0x000000000002b064       0x24 build/cooja/mtype23.a(csma.o)
                0x000000000002b06c                csma_driver
 .rodata        0x000000000002b088       0x2a build/cooja/mtype23.a(csma-output.o)
 *fill*         0x000000000002b0b2        0x2 
 .rodata        0x000000000002b0b4       0x4d build/cooja/mtype23.a(uip-ds6-route.o)
 .rodata        0x000000000002b101        0xd build/cooja/mtype23.a(tcpip.o)
 .rodata        0x000000000002b10e       0x13 build/cooja/mtype23.a(simple-udp.o)
 *fill*         0x000000000002b121        0x3 
 .rodata        0x000000000002b124       0x30 build/cooja/mtype23.a(sicslowpan.o)
                0x000000000002b124                unc_llconf
                0x000000000002b128                unc_ctxconf
                0x000000000002b12c                unc_mxconf
                0x000000000002b130                llprefix
                0x000000000002b144                sicslowpan_driver
 .rodata        0x000000000002b154       0x2d build/cooja/mtype23.a(uiplib.o)
 *fill*         0x000000000002b181       0x1f 
 .rodata        0x000000000002b1a0       0x74 build/cooja/mtype23.a(rpl.o)
                0x000000000002b1c0                rpl_lite_driver
 .rodata        0x000000000002b214       0x20 build/cooja/mtype23.a(coap-timer-defa)
                0x000000000002b228                coap_timer_default_driver
 .rodata        0x000000000002b234       0x25 build/cooja/mtype23.a(assert.o)
 *fill*         0x000000000002b259        0x3 
 .rodata        0x000000000002b25c        0xc build/cooja/mtype23.a(framer-802154.o)
                0x000000000002b25c                framer_802154
 .rodata        0x000000000002b268       0x44 build/cooja/mtype23.a(uip-sr.o)
 .rodata        0x000000000002b2ac       0x58 build/cooja/mtype23.a(rpl-neighbor.o)
 .rodata        0x000000000002b304       0xdb build/cooja/mtype23.a(rpl-dag.o)
 .rodata        0x000000000002b3df        0xc build/cooja/mtype23.a(rpl-timers.o)

.rodata1
 *(.rodata1)

.eh_frame_hdr   0x000000000002b3ec     0x1a2c
 *(.eh_frame_hdr)
 .eh_frame_hdr  0x000000000002b3ec     0x1a2c temperature.o
                0x000000000002b3ec                __GNU_EH_FRAME_HDR
 *(.eh_frame_entry .eh_frame_entry.*)

.eh_frame       0x000000000002ce18     0x6a4c
 *(.eh_frame)
 .eh_frame      0x000000000002ce18       0x3c /usr/lib/gcc/i686-linux-gnu/5/../../../i386-linux-gnu/crti.o
                                         0x40 (size before relaxing)
 .eh_frame      0x000000000002ce54       0xa0 temperature.o
                                         0xb8 (size before relaxing)
 .eh_frame      0x000000000002cef4      0x178 build/cooja/mtype23.o
                                        0x190 (size before relaxing)
 .eh_frame      0x000000000002d06c       0x40 build/cooja/mtype23.a(simEnvChange.o)
                                         0x58 (size before relaxing)
 .eh_frame      0x000000000002d0ac       0x60 build/cooja/mtype23.a(cooja_mt.o)
                                         0x78 (size before relaxing)
 .eh_frame      0x000000000002d10c       0x80 build/cooja/mtype23.a(cooja_mtarch.o)
                                         0x98 (size before relaxing)
 .eh_frame      0x000000000002d18c       0xc8 build/cooja/mtype23.a(rtimer-arch.o)
                                         0xe0 (size before relaxing)
 .eh_frame      0x000000000002d254      0x160 build/cooja/mtype23.a(beep.o)
                                        0x178 (size before relaxing)
 .eh_frame      0x000000000002d3b4       0x80 build/cooja/mtype23.a(leds-arch.o)
                                         0x98 (size before relaxing)
 .eh_frame      0x000000000002d434       0x40 build/cooja/mtype23.a(moteid.o)
                                         0x58 (size before relaxing)
 .eh_frame      0x000000000002d474       0xa0 build/cooja/mtype23.a(pir-sensor.o)
                                         0xb8 (size before relaxing)
 .eh_frame      0x000000000002d514      0x100 build/cooja/mtype23.a(rs232.o)
                                        0x118 (size before relaxing)
 .eh_frame      0x000000000002d614       0xa0 build/cooja/mtype23.a(vib-sensor.o)
                                         0xb8 (size before relaxing)
 .eh_frame      0x000000000002d6b4       0xc0 build/cooja/mtype23.a(clock.o)
                                         0xd8 (size before relaxing)
 .eh_frame      0x000000000002d774      0x120 build/cooja/mtype23.a(cooja-log.o)
                                        0x138 (size before relaxing)
 .eh_frame      0x000000000002d894      0x160 build/cooja/mtype23.a(cfs-cooja.o)
                                        0x178 (size before relaxing)
 .eh_frame      0x000000000002d9f4      0x340 build/cooja/mtype23.a(cooja-radio.o)
                                        0x358 (size before relaxing)
 .eh_frame      0x000000000002dd34       0xa0 build/cooja/mtype23.a(eeprom.o)
                                         0xb8 (size before relaxing)
 .eh_frame      0x000000000002ddd4       0x40 build/cooja/mtype23.a(random.o)
                                         0x58 (size before relaxing)
 .eh_frame      0x000000000002de14       0xc0 build/cooja/mtype23.a(sensors.o)
                                         0xd8 (size before relaxing)
 .eh_frame      0x000000000002ded4      0x120 build/cooja/mtype23.a(leds.o)
                                        0x138 (size before relaxing)
 .eh_frame      0x000000000002dff4      0x220 build/cooja/mtype23.a(gpio-hal-arch.o)
                                        0x238 (size before relaxing)
 .eh_frame      0x000000000002e214       0xa0 build/cooja/mtype23.a(buttons.o)
                                         0xb8 (size before relaxing)
 .eh_frame      0x000000000002e2b4       0x90 build/cooja/mtype23.a(res_temperature)
                                         0xa8 (size before relaxing)
 .eh_frame      0x000000000002e344       0x44 build/cooja/mtype23.a(coap-blocking-a)
                                         0x5c (size before relaxing)
 .eh_frame      0x000000000002e388      0x220 build/cooja/mtype23.a(coap-engine.o)
                                        0x238 (size before relaxing)
 .eh_frame      0x000000000002e5a8       0x24 build/cooja/mtype23.a(coap-res-well-k)
                                         0x3c (size before relaxing)
 .eh_frame      0x000000000002e5cc      0x188 build/cooja/mtype23.a(coap-observe.o)
                                        0x1a0 (size before relaxing)
 .eh_frame      0x000000000002e754      0x250 build/cooja/mtype23.a(coap-uip.o)
                                        0x268 (size before relaxing)
 .eh_frame      0x000000000002e9a4      0x114 build/cooja/mtype23.a(coap-timer.o)
                                        0x12c (size before relaxing)
 .eh_frame      0x000000000002eab8      0x100 build/cooja/mtype23.a(coap-transactio)
                                        0x118 (size before relaxing)
 .eh_frame      0x000000000002ebb8      0x6ec build/cooja/mtype23.a(coap.o)
                                        0x704 (size before relaxing)
 .eh_frame      0x000000000002f2a4       0x30 build/cooja/mtype23.a(contiki-main.o)
                                         0x48 (size before relaxing)
 .eh_frame      0x000000000002f2d4       0x40 build/cooja/mtype23.a(autostart.o)
                                         0x58 (size before relaxing)
 .eh_frame      0x000000000002f314      0x100 build/cooja/mtype23.a(ctimer.o)
                                        0x118 (size before relaxing)
 .eh_frame      0x000000000002f414      0x100 build/cooja/mtype23.a(log.o)
                                        0x118 (size before relaxing)
 .eh_frame      0x000000000002f514       0x60 build/cooja/mtype23.a(energest.o)
                                         0x78 (size before relaxing)
 .eh_frame      0x000000000002f574      0x1e0 build/cooja/mtype23.a(etimer.o)
                                        0x1f8 (size before relaxing)
 .eh_frame      0x000000000002f754       0x20 build/cooja/mtype23.a(node-id.o)
                                         0x38 (size before relaxing)
 .eh_frame      0x000000000002f774       0x60 build/cooja/mtype23.a(rtimer.o)
                                         0x78 (size before relaxing)
 .eh_frame      0x000000000002f7d4      0x1c4 build/cooja/mtype23.a(process.o)
                                        0x1dc (size before relaxing)
 .eh_frame      0x000000000002f998       0xa4 build/cooja/mtype23.a(timer.o)
                                         0xbc (size before relaxing)
 .eh_frame      0x000000000002fa3c      0x1a0 build/cooja/mtype23.a(list.o)
                                        0x1b8 (size before relaxing)
 .eh_frame      0x000000000002fbdc       0xa0 build/cooja/mtype23.a(memb.o)
                                         0xb8 (size before relaxing)
 .eh_frame      0x000000000002fc7c      0x144 build/cooja/mtype23.a(button-hal.o)
                                        0x15c (size before relaxing)
 .eh_frame      0x000000000002fdc0       0x60 build/cooja/mtype23.a(serial-line.o)
                                         0x78 (size before relaxing)
 .eh_frame      0x000000000002fe20       0xe0 build/cooja/mtype23.a(gpio-hal.o)
                                         0xf8 (size before relaxing)
 .eh_frame      0x000000000002ff00      0x1a0 build/cooja/mtype23.a(queuebuf.o)
                                        0x1b8 (size before relaxing)
 .eh_frame      0x00000000000300a0      0x28c build/cooja/mtype23.a(packetbuf.o)
                                        0x2a4 (size before relaxing)
 .eh_frame      0x000000000003032c       0x80 build/cooja/mtype23.a(netstack.o)
                                         0x98 (size before relaxing)
 .eh_frame      0x00000000000303ac       0x60 build/cooja/mtype23.a(linkaddr.o)
                                         0x78 (size before relaxing)
 .eh_frame      0x000000000003040c       0xe0 build/cooja/mtype23.a(csma.o)
                                         0xf8 (size before relaxing)
 .eh_frame      0x00000000000304ec      0x1d0 build/cooja/mtype23.a(csma-output.o)
                                        0x1e8 (size before relaxing)
 .eh_frame      0x00000000000306bc      0x328 build/cooja/mtype23.a(uip-ds6.o)
                                        0x340 (size before relaxing)
 .eh_frame      0x00000000000309e4       0x40 build/cooja/mtype23.a(uip-udp-packet.)
                                         0x58 (size before relaxing)
 .eh_frame      0x0000000000030a24      0x220 build/cooja/mtype23.a(uip-ds6-route.o)
                                        0x238 (size before relaxing)
 .eh_frame      0x0000000000030c44      0x244 build/cooja/mtype23.a(tcpip.o)
                                        0x25c (size before relaxing)
 .eh_frame      0x0000000000030e88      0x1e8 build/cooja/mtype23.a(uip6.o)
                                        0x200 (size before relaxing)
 .eh_frame      0x0000000000031070      0x1c0 build/cooja/mtype23.a(uip-ds6-nbr.o)
                                        0x1d8 (size before relaxing)
 .eh_frame      0x0000000000031230       0x84 build/cooja/mtype23.a(uip-nd6.o)
                                         0x9c (size before relaxing)
 .eh_frame      0x00000000000312b4       0xd4 build/cooja/mtype23.a(simple-udp.o)
                                         0xec (size before relaxing)
 .eh_frame      0x0000000000031388      0x2f8 build/cooja/mtype23.a(sicslowpan.o)
                                        0x310 (size before relaxing)
 .eh_frame      0x0000000000031680       0x88 build/cooja/mtype23.a(uiplib.o)
                                         0xa0 (size before relaxing)
 .eh_frame      0x0000000000031708      0x1e0 build/cooja/mtype23.a(rpl.o)
                                        0x1f8 (size before relaxing)
 .eh_frame      0x00000000000318e8      0x1c4 build/cooja/mtype23.a(rpl-icmp6.o)
                                        0x1dc (size before relaxing)
 .eh_frame      0x0000000000031aac       0xa0 build/cooja/mtype23.a(rpl-dag-root.o)
                                         0xb8 (size before relaxing)
 .eh_frame      0x0000000000031b4c       0xa0 build/cooja/mtype23.a(watchdog.o)
                                         0xb8 (size before relaxing)
 .eh_frame      0x0000000000031bec       0x80 build/cooja/mtype23.a(int-master.o)
                                         0x98 (size before relaxing)
 .eh_frame      0x0000000000031c6c       0xa4 build/cooja/mtype23.a(coap-timer-defa)
                                         0xbc (size before relaxing)
 .eh_frame      0x0000000000031d10       0xc4 build/cooja/mtype23.a(stimer.o)
                                         0xdc (size before relaxing)
 .eh_frame      0x0000000000031dd4       0xa0 build/cooja/mtype23.a(ringbuf.o)
                                         0xb8 (size before relaxing)
 .eh_frame      0x0000000000031e74       0x20 build/cooja/mtype23.a(assert.o)
                                         0x38 (size before relaxing)
 .eh_frame      0x0000000000031e94      0x2ac build/cooja/mtype23.a(nbr-table.o)
                                        0x2c4 (size before relaxing)
 .eh_frame      0x0000000000032140      0x120 build/cooja/mtype23.a(link-stats.o)
                                        0x138 (size before relaxing)
 .eh_frame      0x0000000000032260       0x48 build/cooja/mtype23.a(mac-sequence.o)
                                         0x60 (size before relaxing)
 .eh_frame      0x00000000000322a8       0x20 build/cooja/mtype23.a(mac.o)
                                         0x38 (size before relaxing)
 .eh_frame      0x00000000000322c8       0xa4 build/cooja/mtype23.a(framer-802154.o)
                                         0xbc (size before relaxing)
 .eh_frame      0x000000000003236c      0x1a4 build/cooja/mtype23.a(frame802154.o)
                                        0x1bc (size before relaxing)
 .eh_frame      0x0000000000032510       0x40 build/cooja/mtype23.a(csma-security.o)
                                         0x58 (size before relaxing)
 .eh_frame      0x0000000000032550      0x200 build/cooja/mtype23.a(uipbuf.o)
                                        0x218 (size before relaxing)
 .eh_frame      0x0000000000032750      0x150 build/cooja/mtype23.a(uip-icmp6.o)
                                        0x168 (size before relaxing)
 .eh_frame      0x00000000000328a0      0x184 build/cooja/mtype23.a(uip-sr.o)
                                        0x19c (size before relaxing)
 .eh_frame      0x0000000000032a24       0xe0 build/cooja/mtype23.a(uip-packetqueue)
                                         0xf8 (size before relaxing)
 .eh_frame      0x0000000000032b04       0x80 build/cooja/mtype23.a(rpl-nbr-policy.)
                                         0x98 (size before relaxing)
 .eh_frame      0x0000000000032b84      0x2d4 build/cooja/mtype23.a(rpl-neighbor.o)
                                        0x2ec (size before relaxing)
 .eh_frame      0x0000000000032e58      0x370 build/cooja/mtype23.a(rpl-dag.o)
                                        0x388 (size before relaxing)
 .eh_frame      0x00000000000331c8      0x3a8 build/cooja/mtype23.a(rpl-timers.o)
                                        0x3c0 (size before relaxing)
 .eh_frame      0x0000000000033570      0x124 build/cooja/mtype23.a(rpl-ext-header.)
                                        0x13c (size before relaxing)
 .eh_frame      0x0000000000033694      0x148 build/cooja/mtype23.a(rpl-mrhof.o)
                                        0x160 (size before relaxing)
 .eh_frame      0x00000000000337dc       0x84 /usr/lib/gcc/i686-linux-gnu/5/libgcc.a(_udivdi3.o)
                                         0x9c (size before relaxing)
 .eh_frame      0x0000000000033860        0x4 /usr/lib/gcc/i686-linux-gnu/5/crtendS.o
 *(.eh_frame.*)

.gcc_except_table
 *(.gcc_except_table .gcc_except_table.*)

.gnu_extab
 *(.gnu_extab*)

.exception_ranges
 *(.exception_ranges .exception_ranges*)
                0x0000000000034f10                . = DATA_SEGMENT_ALIGN (0x1000, 0x1000)

.eh_frame
 *(.eh_frame)
 *(.eh_frame.*)

.gnu_extab
 *(.gnu_extab)

.gcc_except_table
 *(.gcc_except_table .gcc_except_table.*)

.exception_ranges
 *(.exception_ranges .exception_ranges*)

.tdata
 *(.tdata .tdata.* .gnu.linkonce.td.*)

.tbss
 *(.tbss .tbss.* .gnu.linkonce.tb.*)
 *(.tcommon)

.preinit_array
 *(.preinit_array)

.init_array     0x0000000000034f10        0x4
 *(SORT(.init_array.*) SORT(.ctors.*))
 *(.init_array EXCLUDE_FILE(*crtend?.o *crtend.o *crtbegin?.o *crtbegin.o) .ctors)
 .init_array    0x0000000000034f10        0x4 /usr/lib/gcc/i686-linux-gnu/5/crtbeginS.o

.fini_array     0x0000000000034f14        0x4
 *(SORT(.fini_array.*) SORT(.dtors.*))
 *(.fini_array EXCLUDE_FILE(*crtend?.o *crtend.o *crtbegin?.o *crtbegin.o) .dtors)
 .fini_array    0x0000000000034f14        0x4 /usr/lib/gcc/i686-linux-gnu/5/crtbeginS.o

.ctors
 *crtbegin.o(.ctors)
 *crtbegin?.o(.ctors)
 *(EXCLUDE_FILE(*crtend?.o *crtend.o) .ctors)
 *(SORT(.ctors.*))
 *(.ctors)

.dtors
 *crtbegin.o(.dtors)
 *crtbegin?.o(.dtors)
 *(EXCLUDE_FILE(*crtend?.o *crtend.o) .dtors)
 *(SORT(.dtors.*))
 *(.dtors)

.jcr            0x0000000000034f18        0x4
 *(.jcr)
 .jcr           0x0000000000034f18        0x0 /usr/lib/gcc/i686-linux-gnu/5/crtbeginS.o
 .jcr           0x0000000000034f18        0x4 /usr/lib/gcc/i686-linux-gnu/5/crtendS.o

.data.rel.ro
 *(.data.rel.ro.local* .gnu.linkonce.d.rel.ro.local.*)
 *(.data.rel.ro .data.rel.ro.* .gnu.linkonce.d.rel.ro.*)

.dynamic        0x0000000000034f1c       0xd0
 *(.dynamic)
 .dynamic       0x0000000000034f1c       0xd0 /usr/lib/gcc/i686-linux-gnu/5/../../../i386-linux-gnu/crti.o
                0x0000000000034f1c                _DYNAMIC

.got            0x0000000000034fec       0x14
 *(.got)
 .got           0x0000000000034fec       0x14 /usr/lib/gcc/i686-linux-gnu/5/../../../i386-linux-gnu/crti.o
 *(.igot)
                0x0000000000035ff4                . = DATA_SEGMENT_RELRO_END (., (SIZEOF (.got.plt) >= 0xc)?0xc:0x0)

.got.plt        0x0000000000035000        0xc
 *(.got.plt)
 .got.plt       0x0000000000035000        0xc /usr/lib/gcc/i686-linux-gnu/5/../../../i386-linux-gnu/crti.o
                0x0000000000035000                _GLOBAL_OFFSET_TABLE_
 *(.igot.plt)

.data           0x0000000000035020      0x484
 *(.data .data.* .gnu.linkonce.d.*)
 .data          0x0000000000035020        0x0 /usr/lib/gcc/i686-linux-gnu/5/../../../i386-linux-gnu/crti.o
 .data          0x0000000000035020        0x0 /usr/lib/gcc/i686-linux-gnu/5/crtbeginS.o
 .data.rel.local
                0x0000000000035020        0x4 /usr/lib/gcc/i686-linux-gnu/5/crtbeginS.o
                0x0000000000035020                __dso_handle
 .data          0x0000000000035024       0x30 temperature.o
                0x0000000000035024                udp_client
                0x0000000000035034                coap_client
                0x0000000000035044                coap_server
 *fill*         0x0000000000035054        0xc 
 .data          0x0000000000035060       0x44 build/cooja/mtype23.o
                0x0000000000035060                simInterfaces
                0x0000000000035094                sensors
 .data          0x00000000000350a4        0x0 build/cooja/mtype23.a(simEnvChange.o)
 .data          0x00000000000350a4        0x0 build/cooja/mtype23.a(cooja_mt.o)
 .data          0x00000000000350a4        0x0 build/cooja/mtype23.a(cooja_mtarch.o)
 .data          0x00000000000350a4        0x0 build/cooja/mtype23.a(rtimer-arch.o)
 .data          0x00000000000350a4        0x0 build/cooja/mtype23.a(beep.o)
 .data          0x00000000000350a4        0x0 build/cooja/mtype23.a(leds-arch.o)
 .data          0x00000000000350a4        0x0 build/cooja/mtype23.a(moteid.o)
 .data          0x00000000000350a4        0x0 build/cooja/mtype23.a(pir-sensor.o)
 .data          0x00000000000350a4        0x0 build/cooja/mtype23.a(rs232.o)
 .data          0x00000000000350a4        0x0 build/cooja/mtype23.a(vib-sensor.o)
 .data          0x00000000000350a4        0x0 build/cooja/mtype23.a(clock.o)
 .data          0x00000000000350a4        0x0 build/cooja/mtype23.a(cooja-log.o)
 .data          0x00000000000350a4        0x0 build/cooja/mtype23.a(cfs-cooja.o)
 .data          0x00000000000350a4       0x2c build/cooja/mtype23.a(cooja-radio.o)
                0x00000000000350a4                simRadioHWOn
                0x00000000000350a8                simSignalStrength
                0x00000000000350ac                simLastSignalStrength
                0x00000000000350b0                simPower
                0x00000000000350b4                simRadioChannel
                0x00000000000350b8                simLQI
                0x00000000000350c0                cooja_radio_process
 .data          0x00000000000350d0        0x0 build/cooja/mtype23.a(eeprom.o)
 .data          0x00000000000350d0        0x0 build/cooja/mtype23.a(random.o)
 .data          0x00000000000350d0       0x10 build/cooja/mtype23.a(sensors.o)
                0x00000000000350d0                sensors_process
 .data          0x00000000000350e0        0x0 build/cooja/mtype23.a(leds.o)
 .data          0x00000000000350e0        0x0 build/cooja/mtype23.a(gpio-hal-arch.o)
 .data          0x00000000000350e0       0x78 build/cooja/mtype23.a(buttons.o)
                0x00000000000350e0                simButtonIsActive
                0x0000000000035150                button_hal_buttons
 *fill*         0x0000000000035158        0x8 
 .data          0x0000000000035160       0x44 build/cooja/mtype23.a(res_temperature)
                0x0000000000035180                res_temperature
 .data          0x00000000000351a4        0x0 build/cooja/mtype23.a(coap-blocking-a)
 .data          0x00000000000351a4        0x8 build/cooja/mtype23.a(coap-engine.o)
 *fill*         0x00000000000351ac       0x14 
 .data          0x00000000000351c0       0x24 build/cooja/mtype23.a(coap-res-well-k)
                0x00000000000351c0                res_well_known_core
 .data          0x00000000000351e4       0x10 build/cooja/mtype23.a(coap-observe.o)
 .data          0x00000000000351f4       0x10 build/cooja/mtype23.a(coap-uip.o)
                0x00000000000351f4                coap_engine
 .data          0x0000000000035204        0x4 build/cooja/mtype23.a(coap-timer.o)
 .data          0x0000000000035208       0x10 build/cooja/mtype23.a(coap-transactio)
 .data          0x0000000000035218        0x4 build/cooja/mtype23.a(coap.o)
                0x0000000000035218                coap_error_message
 .data          0x000000000003521c        0x0 build/cooja/mtype23.a(contiki-main.o)
 .data          0x000000000003521c        0x0 build/cooja/mtype23.a(autostart.o)
 .data          0x000000000003521c       0x14 build/cooja/mtype23.a(ctimer.o)
                0x0000000000035220                ctimer_process
 *fill*         0x0000000000035230       0x10 
 .data          0x0000000000035240       0xbc build/cooja/mtype23.a(log.o)
                0x0000000000035240                curr_log_level_main
                0x0000000000035260                all_modules
 .data          0x00000000000352fc        0x0 build/cooja/mtype23.a(energest.o)
 .data          0x00000000000352fc       0x10 build/cooja/mtype23.a(etimer.o)
                0x00000000000352fc                etimer_process
 .data          0x000000000003530c        0x0 build/cooja/mtype23.a(node-id.o)
 .data          0x000000000003530c        0x0 build/cooja/mtype23.a(rtimer.o)
 .data          0x000000000003530c        0x0 build/cooja/mtype23.a(process.o)
 .data          0x000000000003530c        0x0 build/cooja/mtype23.a(timer.o)
 .data          0x000000000003530c        0x0 build/cooja/mtype23.a(list.o)
 .data          0x000000000003530c        0x0 build/cooja/mtype23.a(memb.o)
 .data          0x000000000003530c       0x10 build/cooja/mtype23.a(button-hal.o)
                0x000000000003530c                button_hal_process
 .data          0x000000000003531c       0x10 build/cooja/mtype23.a(serial-line.o)
                0x000000000003531c                serial_line_process
 .data          0x000000000003532c        0x4 build/cooja/mtype23.a(gpio-hal.o)
 .data          0x0000000000035330       0x18 build/cooja/mtype23.a(queuebuf.o)
 .data          0x0000000000035348        0x4 build/cooja/mtype23.a(packetbuf.o)
 .data          0x000000000003534c        0x4 build/cooja/mtype23.a(netstack.o)
 .data          0x0000000000035350        0x0 build/cooja/mtype23.a(linkaddr.o)
 .data          0x0000000000035350        0x0 build/cooja/mtype23.a(csma.o)
 .data          0x0000000000035350       0x28 build/cooja/mtype23.a(csma-output.o)
 .data          0x0000000000035378        0x0 build/cooja/mtype23.a(uip-ds6.o)
 .data          0x0000000000035378        0x0 build/cooja/mtype23.a(uip-udp-packet.)
 .data          0x0000000000035378       0x10 build/cooja/mtype23.a(uip-ds6-route.o)
 .data          0x0000000000035388       0x10 build/cooja/mtype23.a(tcpip.o)
                0x0000000000035388                tcpip_process
 .data          0x0000000000035398        0x0 build/cooja/mtype23.a(uip6.o)
 .data          0x0000000000035398       0x14 build/cooja/mtype23.a(uip-ds6-nbr.o)
 .data          0x00000000000353ac        0xc build/cooja/mtype23.a(uip-nd6.o)
 .data          0x00000000000353b8       0x10 build/cooja/mtype23.a(simple-udp.o)
                0x00000000000353b8                simple_udp_process
 .data          0x00000000000353c8        0x0 build/cooja/mtype23.a(sicslowpan.o)
 .data          0x00000000000353c8        0x0 build/cooja/mtype23.a(uiplib.o)
 .data          0x00000000000353c8        0x0 build/cooja/mtype23.a(rpl.o)
 .data          0x00000000000353c8       0x30 build/cooja/mtype23.a(rpl-icmp6.o)
 .data          0x00000000000353f8        0x0 build/cooja/mtype23.a(rpl-dag-root.o)
 .data          0x00000000000353f8        0x0 build/cooja/mtype23.a(watchdog.o)
 .data          0x00000000000353f8        0x0 build/cooja/mtype23.a(int-master.o)
 .data          0x00000000000353f8       0x10 build/cooja/mtype23.a(coap-timer-defa)
                0x00000000000353f8                coap_timer_process
 .data          0x0000000000035408        0x0 build/cooja/mtype23.a(stimer.o)
 .data          0x0000000000035408        0x0 build/cooja/mtype23.a(ringbuf.o)
 .data          0x0000000000035408        0x0 build/cooja/mtype23.a(assert.o)
 .data          0x0000000000035408       0x10 build/cooja/mtype23.a(nbr-table.o)
 .data          0x0000000000035418       0x14 build/cooja/mtype23.a(link-stats.o)
 .data          0x000000000003542c        0x0 build/cooja/mtype23.a(mac-sequence.o)
 .data          0x000000000003542c        0x0 build/cooja/mtype23.a(mac.o)
 .data          0x000000000003542c        0x0 build/cooja/mtype23.a(framer-802154.o)
 .data          0x000000000003542c        0x2 build/cooja/mtype23.a(frame802154.o)
 .data          0x000000000003542e        0x0 build/cooja/mtype23.a(csma-security.o)
 .data          0x000000000003542e        0x0 build/cooja/mtype23.a(uipbuf.o)
 *fill*         0x000000000003542e        0x2 
 .data          0x0000000000035430       0x20 build/cooja/mtype23.a(uip-icmp6.o)
 .data          0x0000000000035450       0x10 build/cooja/mtype23.a(uip-sr.o)
 .data          0x0000000000035460        0xc build/cooja/mtype23.a(uip-packetqueue)
 .data          0x000000000003546c        0x0 build/cooja/mtype23.a(rpl-nbr-policy.)
 .data          0x000000000003546c       0x14 build/cooja/mtype23.a(rpl-neighbor.o)
                0x000000000003547c                rpl_neighbors
 .data          0x0000000000035480        0x0 build/cooja/mtype23.a(rpl-dag.o)
 .data          0x0000000000035480        0x0 build/cooja/mtype23.a(rpl-timers.o)
 .data          0x0000000000035480        0x0 build/cooja/mtype23.a(rpl-ext-header.)
 .data          0x0000000000035480       0x24 build/cooja/mtype23.a(rpl-mrhof.o)
                0x0000000000035480                rpl_mrhof
 .data          0x00000000000354a4        0x0 /usr/lib/gcc/i686-linux-gnu/5/libgcc.a(_udivdi3.o)
 .data          0x00000000000354a4        0x0 /usr/lib/gcc/i686-linux-gnu/5/crtendS.o
 .data          0x00000000000354a4        0x0 /usr/lib/gcc/i686-linux-gnu/5/../../../i386-linux-gnu/crtn.o

.tm_clone_table
                0x00000000000354a4        0x0
 .tm_clone_table
                0x00000000000354a4        0x0 /usr/lib/gcc/i686-linux-gnu/5/crtbeginS.o
 .tm_clone_table
                0x00000000000354a4        0x0 /usr/lib/gcc/i686-linux-gnu/5/crtendS.o

.data1
 *(.data1)
                0x00000000000354a4                _edata = .
                [!provide]                        PROVIDE (edata, .)
                0x00000000000354a4                . = .
                0x00000000000354a4                __bss_start = .

.bss            0x00000000000354c0    0x14684
 *(.dynbss)
 .dynbss        0x00000000000354c0        0x0 /usr/lib/gcc/i686-linux-gnu/5/../../../i386-linux-gnu/crti.o
 *(.bss .bss.* .gnu.linkonce.b.*)
 .bss           0x00000000000354c0        0x0 /usr/lib/gcc/i686-linux-gnu/5/../../../i386-linux-gnu/crti.o
 .bss           0x00000000000354c0        0x1 /usr/lib/gcc/i686-linux-gnu/5/crtbeginS.o
 *fill*         0x00000000000354c1       0x1f 
 .bss           0x00000000000354e0      0x28c temperature.o
                0x00000000000354e0                rpl_add
                0x00000000000354e1                registered
 *fill*         0x000000000003576c       0x14 
 .bss           0x0000000000035780     0x2030 build/cooja/mtype23.o
 .bss           0x00000000000377b0        0x1 build/cooja/mtype23.a(simEnvChange.o)
                0x00000000000377b0                simDontFallAsleep
 *fill*         0x00000000000377b1        0x3 
 .bss           0x00000000000377b4        0x4 build/cooja/mtype23.a(cooja_mt.o)
 .bss           0x00000000000377b8        0x4 build/cooja/mtype23.a(cooja_mtarch.o)
 .bss           0x00000000000377bc        0x0 build/cooja/mtype23.a(rtimer-arch.o)
 .bss           0x00000000000377bc        0x0 build/cooja/mtype23.a(beep.o)
 .bss           0x00000000000377bc        0x1 build/cooja/mtype23.a(leds-arch.o)
                0x00000000000377bc                simLedsValue
 .bss           0x00000000000377bd        0x0 build/cooja/mtype23.a(moteid.o)
 .bss           0x00000000000377bd        0x1 build/cooja/mtype23.a(pir-sensor.o)
                0x00000000000377bd                simPirValue
 *fill*         0x00000000000377be        0x2 
 .bss           0x00000000000377c0        0x4 build/cooja/mtype23.a(rs232.o)
 .bss           0x00000000000377c4        0x1 build/cooja/mtype23.a(vib-sensor.o)
                0x00000000000377c4                simVibValue
 .bss           0x00000000000377c5        0x0 build/cooja/mtype23.a(clock.o)
 *fill*         0x00000000000377c5       0x1b 
 .bss           0x00000000000377e0     0x2020 build/cooja/mtype23.a(cooja-log.o)
 .bss           0x0000000000039800      0xfc0 build/cooja/mtype23.a(cfs-cooja.o)
                0x0000000000039800                simCFSData
                0x000000000003a7a0                simCFSSize
                0x000000000003a7a4                simCFSChanged
                0x000000000003a7a8                simCFSRead
                0x000000000003a7ac                simCFSWritten
 .bss           0x000000000003a7c0       0x24 build/cooja/mtype23.a(cooja-radio.o)
                0x000000000003a7c0                simReceiving
                0x000000000003a7c4                simInSize
                0x000000000003a7c8                simLastPacketTimestamp
                0x000000000003a7d0                simOutSize
 .bss           0x000000000003a7e4        0xc build/cooja/mtype23.a(eeprom.o)
                0x000000000003a7e4                simEEPROMChanged
                0x000000000003a7e8                simEEPROMRead
                0x000000000003a7ec                simEEPROMWritten
 .bss           0x000000000003a7f0        0x0 build/cooja/mtype23.a(random.o)
 .bss           0x000000000003a7f0        0xc build/cooja/mtype23.a(sensors.o)
 .bss           0x000000000003a7fc        0x0 build/cooja/mtype23.a(leds.o)
 .bss           0x000000000003a7fc       0x24 build/cooja/mtype23.a(gpio-hal-arch.o)
 .bss           0x000000000003a820        0x0 build/cooja/mtype23.a(buttons.o)
 .bss           0x000000000003a820        0x8 build/cooja/mtype23.a(res_temperature)
                0x000000000003a820                name_assigned
                0x000000000003a821                actuator_ip_assigned
 .bss           0x000000000003a828        0x0 build/cooja/mtype23.a(coap-blocking-a)
 *fill*         0x000000000003a828       0x18 
 .bss           0x000000000003a840      0x190 build/cooja/mtype23.a(coap-engine.o)
 .bss           0x000000000003a9d0        0x0 build/cooja/mtype23.a(coap-res-well-k)
 *fill*         0x000000000003a9d0       0x10 
 .bss           0x000000000003a9e0      0x120 build/cooja/mtype23.a(coap-observe.o)
 .bss           0x000000000003ab00       0x18 build/cooja/mtype23.a(coap-uip.o)
 .bss           0x000000000003ab18        0x5 build/cooja/mtype23.a(coap-timer.o)
 *fill*         0x000000000003ab1d        0x3 
 .bss           0x000000000003ab20      0x334 build/cooja/mtype23.a(coap-transactio)
 .bss           0x000000000003ae54        0x6 build/cooja/mtype23.a(coap.o)
                0x000000000003ae54                coap_status_code
 .bss           0x000000000003ae5a        0x0 build/cooja/mtype23.a(contiki-main.o)
 .bss           0x000000000003ae5a        0x0 build/cooja/mtype23.a(autostart.o)
 *fill*         0x000000000003ae5a        0x2 
 .bss           0x000000000003ae5c        0x5 build/cooja/mtype23.a(ctimer.o)
 *fill*         0x000000000003ae61        0x3 
 .bss           0x000000000003ae64       0x2c build/cooja/mtype23.a(log.o)
                0x000000000003ae64                curr_log_level_rpl
                0x000000000003ae68                curr_log_level_tcpip
                0x000000000003ae6c                curr_log_level_ipv6
                0x000000000003ae70                curr_log_level_6lowpan
                0x000000000003ae74                curr_log_level_nullnet
                0x000000000003ae78                curr_log_level_mac
                0x000000000003ae7c                curr_log_level_framer
                0x000000000003ae80                curr_log_level_6top
                0x000000000003ae84                curr_log_level_coap
                0x000000000003ae88                curr_log_level_snmp
                0x000000000003ae8c                curr_log_level_lwm2m
 .bss           0x000000000003ae90        0x0 build/cooja/mtype23.a(energest.o)
 .bss           0x000000000003ae90        0x8 build/cooja/mtype23.a(etimer.o)
 .bss           0x000000000003ae98        0x2 build/cooja/mtype23.a(node-id.o)
                0x000000000003ae98                node_id
 *fill*         0x000000000003ae9a        0x2 
 .bss           0x000000000003ae9c        0x4 build/cooja/mtype23.a(rtimer.o)
 .bss           0x000000000003aea0      0x1a1 build/cooja/mtype23.a(process.o)
                0x000000000003aea0                process_list
                0x000000000003aea4                process_current
 .bss           0x000000000003b041        0x0 build/cooja/mtype23.a(timer.o)
 .bss           0x000000000003b041        0x0 build/cooja/mtype23.a(list.o)
 .bss           0x000000000003b041        0x0 build/cooja/mtype23.a(memb.o)
 *fill*         0x000000000003b041        0x3 
 .bss           0x000000000003b044       0x10 build/cooja/mtype23.a(button-hal.o)
 *fill*         0x000000000003b054        0xc 
 .bss           0x000000000003b060      0x140 build/cooja/mtype23.a(serial-line.o)
 .bss           0x000000000003b1a0        0x4 build/cooja/mtype23.a(gpio-hal.o)
 *fill*         0x000000000003b1a4       0x1c 
 .bss           0x000000000003b1c0     0x2c80 build/cooja/mtype23.a(queuebuf.o)
 .bss           0x000000000003de40       0xa0 build/cooja/mtype23.a(packetbuf.o)
 .bss           0x000000000003dee0        0x4 build/cooja/mtype23.a(netstack.o)
 .bss           0x000000000003dee4        0x0 build/cooja/mtype23.a(linkaddr.o)
 .bss           0x000000000003dee4        0x0 build/cooja/mtype23.a(csma.o)
 *fill*         0x000000000003dee4       0x1c 
 .bss           0x000000000003df00      0x726 build/cooja/mtype23.a(csma-output.o)
 *fill*         0x000000000003e626        0x2 
 .bss           0x000000000003e628       0x30 build/cooja/mtype23.a(uip-ds6.o)
 .bss           0x000000000003e658        0x0 build/cooja/mtype23.a(uip-udp-packet.)
 *fill*         0x000000000003e658        0x8 
 .bss           0x000000000003e660       0x60 build/cooja/mtype23.a(uip-ds6-route.o)
 .bss           0x000000000003e6c0       0x10 build/cooja/mtype23.a(tcpip.o)
 .bss           0x000000000003e6d0        0x8 build/cooja/mtype23.a(uip6.o)
                0x000000000003e6d0                uip_ext_bitmap
                0x000000000003e6d2                uip_ext_len
                0x000000000003e6d4                uip_last_proto
 *fill*         0x000000000003e6d8        0x8 