Archive member included to satisfy reference by file (symbol)

build/cooja/mtype599.a(simEnvChange.o)
                              build/cooja/mtype599.o (simDontFallAsleep)
build/cooja/mtype599.a(cooja_mt.o)
                              build/cooja/mtype599.o (cooja_mt_start)
build/cooja/mtype599.a(cooja_mtarch.o)
                              build/cooja/mtype599.a(cooja_mt.o) (cooja_mtarch_start)
build/cooja/mtype599.a(rtimer-arch.o)
                              build/cooja/mtype599.o (rtimer_arch_check)
build/cooja/mtype599.a(beep.o)
                              build/cooja/mtype599.o (beep_interface)
build/cooja/mtype599.a(leds-arch.o)
                              build/cooja/mtype599.o (leds_interface)
build/cooja/mtype599.a(moteid.o)
                              build/cooja/mtype599.o (moteid_interface)
build/cooja/mtype599.a(pir-sensor.o)
                              build/cooja/mtype599.o (pir_interface)
build/cooja/mtype599.a(rs232.o)
                              build/cooja/mtype599.o (rs232_interface)
build/cooja/mtype599.a(vib-sensor.o)
                              build/cooja/mtype599.o (vib_interface)
build/cooja/mtype599.a(clock.o)
                              build/cooja/mtype599.o (clock_interface)
build/cooja/mtype599.a(cooja-log.o)
                              build/cooja/mtype599.o (simlog_interface)
build/cooja/mtype599.a(cfs-cooja.o)
                              build/cooja/mtype599.o (cfs_interface)
build/cooja/mtype599.a(cooja-radio.o)
                              build/cooja/mtype599.o (radio_interface)
build/cooja/mtype599.a(eeprom.o)
                              build/cooja/mtype599.o (eeprom_interface)
build/cooja/mtype599.a(random.o)
                              build/cooja/mtype599.a(moteid.o) (random_init)
build/cooja/mtype599.a(sensors.o)
                              build/cooja/mtype599.a(pir-sensor.o) (sensors_changed)
build/cooja/mtype599.a(leds.o)
                              build/cooja/mtype599.a(leds-arch.o) (leds_get)
build/cooja/mtype599.a(gpio-hal-arch.o)
                              build/cooja/mtype599.a(leds-arch.o) (gpio_hal_arch_register_pin_callback)
build/cooja/mtype599.a(buttons.o)
                              build/cooja/mtype599.o (button_interface)
build/cooja/mtype599.a(res_temperature)
                              temperature.o (name_assigned)
build/cooja/mtype599.a(coap-blocking-a)
                              temperature.o (coap_blocking_request)
build/cooja/mtype599.a(coap-engine.o)
                              temperature.o (coap_activate_resource)
build/cooja/mtype599.a(coap-res-well-k)
                              build/cooja/mtype599.a(coap-engine.o) (res_well_known_core)
build/cooja/mtype599.a(coap-observe.o)
                              build/cooja/mtype599.a(coap-engine.o) (coap_remove_observer_by_mid)
build/cooja/mtype599.a(coap-uip.o)
                              build/cooja/mtype599.a(coap-observe.o) (coap_endpoint_copy)
build/cooja/mtype599.a(coap-timer.o)
                              build/cooja/mtype599.a(coap-engine.o) (coap_timer_set)
build/cooja/mtype599.a(coap-transactio)
                              build/cooja/mtype599.a(coap-blocking-a) (coap_send_transaction)
build/cooja/mtype599.a(coap.o)
                              build/cooja/mtype599.a(coap-engine.o) (coap_status_code)
build/cooja/mtype599.a(contiki-main.o)
                              build/cooja/mtype599.o (main)
build/cooja/mtype599.a(autostart.o)
                              build/cooja/mtype599.a(contiki-main.o) (autostart_start)
build/cooja/mtype599.a(ctimer.o)
                              build/cooja/mtype599.a(contiki-main.o) (ctimer_init)
build/cooja/mtype599.a(log.o)
                              build/cooja/mtype599.a(contiki-main.o) (curr_log_level_main)
build/cooja/mtype599.a(energest.o)
                              build/cooja/mtype599.a(contiki-main.o) (energest_init)
build/cooja/mtype599.a(etimer.o)
                              build/cooja/mtype599.a(contiki-main.o) (etimer_process)
build/cooja/mtype599.a(node-id.o)
                              build/cooja/mtype599.a(contiki-main.o) (node_id)
build/cooja/mtype599.a(rtimer.o)
                              build/cooja/mtype599.a(contiki-main.o) (rtimer_init)
build/cooja/mtype599.a(process.o)
                              build/cooja/mtype599.a(coap-blocking-a) (process_current)
build/cooja/mtype599.a(timer.o)
                              build/cooja/mtype599.a(etimer.o) (timer_set)
build/cooja/mtype599.a(list.o)
                              build/cooja/mtype599.a(coap-engine.o) (list_init)
build/cooja/mtype599.a(memb.o)
                              build/cooja/mtype599.a(coap-observe.o) (memb_alloc)
build/cooja/mtype599.a(button-hal.o)
                              build/cooja/mtype599.o (button_hal_init)
build/cooja/mtype599.a(serial-line.o)
                              build/cooja/mtype599.a(rs232.o) (serial_line_input_byte)
build/cooja/mtype599.a(gpio-hal.o)
[...]
Memory Configuration

Name             Origin             Length             Attributes
*default*        0x0000000000000000 0xffffffffffffffff

Linker script and memory map

LOAD /usr/lib/gcc/i686-linux-gnu/5/../../../i386-linux-gnu/crti.o
LOAD /usr/lib/gcc/i686-linux-gnu/5/crtbeginS.o
LOAD temperature.o
LOAD build/cooja/mtype599.o
LOAD build/cooja/mtype599.a
LOAD /usr/lib/gcc/i686-linux-gnu/5/libgcc.a
LOAD /usr/lib/gcc/i686-linux-gnu/5/libgcc_s.so
LOAD /usr/lib/gcc/i686-linux-gnu/5/../../../i386-linux-gnu/libc.so
START GROUP
LOAD /lib/i386-linux-gnu/libc.so.6
LOAD /usr/lib/i386-linux-gnu/libc_nonshared.a
LOAD /lib/i386-linux-gnu/ld-linux.so.2
END GROUP
LOAD /usr/lib/gcc/i686-linux-gnu/5/libgcc.a
LOAD /usr/lib/gcc/i686-linux-gnu/5/libgcc_s.so
LOAD /usr/lib/gcc/i686-linux-gnu/5/crtendS.o
LOAD /usr/lib/gcc/i686-linux-gnu/5/../../../i386-linux-gnu/crtn.o
                0x0000000000000114                . = (0x0 + SIZEOF_HEADERS)

.note.gnu.build-id
                0x0000000000000114       0x24
 *(.note.gnu.build-id)
 .note.gnu.build-id
                0x0000000000000114       0x24 /usr/lib/gcc/i686-linux-gnu/5/../../../i386-linux-gnu/crti.o

.hash
 *(.hash)

.gnu.hash       0x0000000000000138     0x15cc
 *(.gnu.hash)
 .gnu.hash      0x0000000000000138     0x15cc /usr/lib/gcc/i686-linux-gnu/5/../../../i386-linux-gnu/crti.o

.dynsym         0x0000000000001704     0x2fe0
 *(.dynsym)
 .dynsym        0x0000000000001704     0x2fe0 /usr/lib/gcc/i686-linux-gnu/5/../../../i386-linux-gnu/crti.o

.dynstr         0x00000000000046e4     0x375f
 *(.dynstr)
 .dynstr        0x00000000000046e4     0x375f /usr/lib/gcc/i686-linux-gnu/5/../../../i386-linux-gnu/crti.o

.gnu.version    0x0000000000007e44      0x5fc
 *(.gnu.version)
 .gnu.version   0x0000000000007e44      0x5fc /usr/lib/gcc/i686-linux-gnu/5/../../../i386-linux-gnu/crti.o

.gnu.version_d  0x0000000000008440        0x0
 *(.gnu.version_d)
 .gnu.version_d
                0x0000000000008440        0x0 /usr/lib/gcc/i686-linux-gnu/5/../../../i386-linux-gnu/crti.o

.gnu.version_r  0x0000000000008440       0x40
 *(.gnu.version_r)
 .gnu.version_r
                0x0000000000008440       0x40 /usr/lib/gcc/i686-linux-gnu/5/../../../i386-linux-gnu/crti.o

.rel.dyn        0x0000000000008480     0x93d0
 *(.rel.init)
 .rel.init      0x0000000000008480        0x0 /usr/lib/gcc/i686-linux-gnu/5/../../../i386-linux-gnu/crti.o
 *(.rel.text .rel.text.* .rel.gnu.linkonce.t.*)
 .rel.text      0x0000000000008480     0x89d0 /usr/lib/gcc/i686-linux-gnu/5/../../../i386-linux-gnu/crti.o
 *(.rel.fini)
 .rel.fini      0x0000000000010e50        0x0 /usr/lib/gcc/i686-linux-gnu/5/../../../i386-linux-gnu/crti.o
 *(.rel.rodata .rel.rodata.* .rel.gnu.linkonce.r.*)
 .rel.rodata    0x0000000000010e50      0x598 /usr/lib/gcc/i686-linux-gnu/5/../../../i386-linux-gnu/crti.o
 *(.rel.data.rel.ro .rel.data.rel.ro.* .rel.gnu.linkonce.d.rel.ro.*)
 *(.rel.data .rel.data.* .rel.gnu.linkonce.d.*)
 .rel.data.rel.local
                0x00000000000113e8        0x8 /usr/lib/gcc/i686-linux-gnu/5/../../../i386-linux-gnu/crti.o
 .rel.data      0x00000000000113f0      0x428 /usr/lib/gcc/i686-linux-gnu/5/../../../i386-linux-gnu/crti.o
 *(.rel.tdata .rel.tdata.* .rel.gnu.linkonce.td.*)
 *(.rel.tbss .rel.tbss.* .rel.gnu.linkonce.tb.*)
 *(.rel.ctors)
 *(.rel.dtors)
 *(.rel.got)
 .rel.got       0x0000000000011818       0x28 /usr/lib/gcc/i686-linux-gnu/5/../../../i386-linux-gnu/crti.o
 *(.rel.bss .rel.bss.* .rel.gnu.linkonce.b.*)
 *(.rel.ifunc)
 .rel.ifunc     0x0000000000011840        0x0 /usr/lib/gcc/i686-linux-gnu/5/../../../i386-linux-gnu/crti.o
 .rel.fini_array
                0x0000000000011840        0x8 /usr/lib/gcc/i686-linux-gnu/5/../../../i386-linux-gnu/crti.o
 .rel.init_array
                0x0000000000011848        0x8 /usr/lib/gcc/i686-linux-gnu/5/../../../i386-linux-gnu/crti.o

.rel.plt        0x0000000000011850        0x0
 *(.rel.plt)
 .rel.plt       0x0000000000011850        0x0 /usr/lib/gcc/i686-linux-gnu/5/../../../i386-linux-gnu/crti.o
 *(.rel.iplt)

.init           0x0000000000011850       0x23
 *(SORT(.init))
 .init          0x0000000000011850       0x1e /usr/lib/gcc/i686-linux-gnu/5/../../../i386-linux-gnu/crti.o
                0x0000000000011850                _init
 .init          0x000000000001186e        0x5 /usr/lib/gcc/i686-linux-gnu/5/../../../i386-linux-gnu/crtn.o

.plt            0x0000000000011880       0x10
 *(.plt)
 .plt           0x0000000000011880       0x10 /usr/lib/gcc/i686-linux-gnu/5/../../../i386-linux-gnu/crti.o
 *(.iplt)

.plt.got        0x0000000000011890       0x10
 *(.plt.got)
 .plt.got       0x0000000000011890       0x10 /usr/lib/gcc/i686-linux-gnu/5/../../../i386-linux-gnu/crti.o

.text           0x00000000000118a0    0x18ef2
 *(.text.unlikely .text.*_unlikely .text.unlikely.*)
 .text.unlikely
                0x00000000000118a0        0x0 /usr/lib/gcc/i686-linux-gnu/5/crtbeginS.o
 .text.unlikely
                0x00000000000118a0        0x0 /usr/lib/gcc/i686-linux-gnu/5/libgcc.a(_udivdi3.o)
 *(.text.exit .text.exit.*)
 *(.text.startup .text.startup.*)
 *(.text.hot .text.hot.*)
 *(.text .stub .text.* .gnu.linkonce.t.*)
 .text          0x00000000000118a0        0x0 /usr/lib/gcc/i686-linux-gnu/5/../../../i386-linux-gnu/crti.o
 .gnu.linkonce.t.__x86.get_pc_thunk.bx
                0x00000000000118a0        0x4 /usr/lib/gcc/i686-linux-gnu/5/../../../i386-linux-gnu/crti.o
                0x00000000000118a0                __x86.get_pc_thunk.bx
 *fill*         0x00000000000118a4        0xc 
 .text          0x00000000000118b0      0x11c /usr/lib/gcc/i686-linux-gnu/5/crtbeginS.o
 .text.__x86.get_pc_thunk.dx
                0x00000000000119cc        0x4 /usr/lib/gcc/i686-linux-gnu/5/crtbeginS.o
                0x00000000000119cc                __x86.get_pc_thunk.dx
 .text          0x00000000000119d0      0x69b temperature.o
                0x0000000000011a01                response_handler
 .text          0x000000000001206b      0x283 build/cooja/mtype599.o
                0x00000000000120fd                platform_init_stage_one
                0x0000000000012110                platform_init_stage_two
                0x0000000000012123                platform_init_stage_three
                0x0000000000012136                platform_main_loop
                0x00000000000121a9                Java_org_contikios_cooja_corecomm_Lib38_init
                0x00000000000121e0                Java_org_contikios_cooja_corecomm_Lib38_getMemory
                0x0000000000012213                Java_org_contikios_cooja_corecomm_Lib38_setMemory
                0x0000000000012273                Java_org_contikios_cooja_corecomm_Lib38_tick
                0x00000000000122db                Java_org_contikios_cooja_corecomm_Lib38_setReferenceAddress
 .text          0x00000000000122ee       0x65 build/cooja/mtype599.a(simEnvChange.o)
                0x00000000000122ee                doActionsBeforeTick
                0x0000000000012320                doActionsAfterTick
 .text          0x0000000000012353       0x83 build/cooja/mtype599.a(cooja_mt.o)
                0x0000000000012353                cooja_mt_start
                0x000000000001237d                cooja_mt_exec
                0x00000000000123b3                cooja_mt_yield
 .text          0x00000000000123d6       0xbe build/cooja/mtype599.a(cooja_mtarch.o)
                0x00000000000123d6                cooja_mtarch_start
                0x0000000000012449                cooja_sw
                0x000000000001246c                cooja_mtarch_exec
                0x0000000000012489                cooja_mtarch_yield
 .text          0x0000000000012494       0xc5 build/cooja/mtype599.a(rtimer-arch.o)
                0x0000000000012494                rtimer_arch_init
                0x00000000000124b8                rtimer_arch_schedule
                0x00000000000124e8                rtimer_arch_next
                0x00000000000124f8                rtimer_arch_pending
                0x0000000000012502                rtimer_arch_check
                0x0000000000012549                rtimer_arch_now
 .text          0x0000000000012559       0x81 build/cooja/mtype599.a(beep.o)
                0x0000000000012559                beep_alarm
                0x0000000000012566                beep_beep
                0x0000000000012573                beep
                0x0000000000012580                beep_down
                0x000000000001258d                beep_on
                0x000000000001259a                beep_off
                0x00000000000125a7                beep_spinup
                0x00000000000125b4                beep_quick
                0x00000000000125c1                beep_long
 .text          0x00000000000125da       0x65 build/cooja/mtype599.a(leds-arch.o)
                0x00000000000125ed                leds_arch_init
 .text          0x000000000001263f       0x35 build/cooja/mtype599.a(moteid.o)
 .text          0x0000000000012674       0xb7 build/cooja/mtype599.a(pir-sensor.o)
 .text          0x000000000001272b      0x148 build/cooja/mtype599.a(rs232.o)
                0x000000000001272b                rs232_init
                0x0000000000012731                rs232_set_speed
                0x0000000000012740                rs232_set_input
                0x000000000001274e                rs232_send
                0x0000000000012772                rs232_print
                0x000000000001278e                slip_arch_writeb
 .text          0x0000000000012873       0xb7 build/cooja/mtype599.a(vib-sensor.o)
 .text          0x000000000001292a       0x38 build/cooja/mtype599.a(clock.o)
                0x000000000001292a                clock_init
                0x0000000000012930                clock_time
                0x000000000001293a                clock_seconds
                0x0000000000012950                clock_delay
 .text          0x0000000000012962      0x219 build/cooja/mtype599.a(cooja-log.o)
                0x0000000000012962                simlog_char
                0x00000000000129a5                simlog
                0x0000000000012a1b                log_message
                0x0000000000012a4c                log_set_putchar_with_slip
                0x0000000000012a5a                log_putchar
                0x0000000000012ad5                log_puts
                0x0000000000012afd                log_printf
 .text          0x0000000000012b7b      0x2b9 build/cooja/mtype599.a(cfs-cooja.o)
                0x0000000000012b7b                cfs_open
                0x0000000000012be4                cfs_close
                0x0000000000012bf1                cfs_read
                0x0000000000012c86                cfs_write
                0x0000000000012d62                cfs_seek
                0x0000000000012dea                cfs_remove
                0x0000000000012e0e                cfs_opendir
                0x0000000000012e18                cfs_readdir
                0x0000000000012e22                cfs_closedir
 .text          0x0000000000012e34      0x620 build/cooja/mtype599.a(cooja-radio.o)
                0x0000000000012e76                radio_set_channel
                0x0000000000012e84                radio_set_txpower
                0x0000000000012e9c                radio_signal_strength_last
                0x0000000000012ea6                radio_signal_strength_current
                0x0000000000012eb0                radio_LQI
 .text          0x0000000000013454       0xee build/cooja/mtype599.a(eeprom.o)
                0x0000000000013454                eeprom_init
                0x000000000001345a                eeprom_read
                0x00000000000134c8                eeprom_write
 .text          0x0000000000013542       0x2d build/cooja/mtype599.a(random.o)
                0x0000000000013542                random_init
                0x0000000000013562                random_rand
 .text          0x000000000001356f      0x29c build/cooja/mtype599.a(sensors.o)
                0x00000000000135aa                sensors_first
                0x00000000000135b4                sensors_next
                0x00000000000135ce                sensors_changed
                0x0000000000013602                sensors_find
 .text          0x000000000001380b      0x349 build/cooja/mtype599.a(leds.o)
                0x000000000001380b                leds_init
                0x0000000000013852                leds_single_on
                0x00000000000138b1                leds_single_off
                0x0000000000013910                leds_single_toggle
                0x0000000000013942                leds_on
                0x00000000000139c4                leds_off
                0x0000000000013a46                leds_toggle
                0x0000000000013a9b                leds_set
                0x0000000000013ac7                leds_get
 .text          0x0000000000013b54      0x343 build/cooja/mtype599.a(gpio-hal-arch.o)
                0x0000000000013b54                gpio_hal_arch_register_pin_callback
                0x0000000000013bc0                gpio_hal_arch_init
                0x0000000000013c05                gpio_hal_arch_no_port_interrupt_enable
                0x0000000000013c35                gpio_hal_arch_no_port_interrupt_disable
                0x0000000000013c65                gpio_hal_arch_no_port_pin_cfg_set
                0x0000000000013c8a                gpio_hal_arch_no_port_pin_cfg_get
                0x0000000000013cb0                gpio_hal_arch_no_port_pin_set_input
                0x0000000000013cc2                gpio_hal_arch_no_port_pin_set_output
                0x0000000000013cd4                gpio_hal_arch_no_port_set_pin
                0x0000000000013cf5                gpio_hal_arch_no_port_clear_pin
                0x0000000000013d16                gpio_hal_arch_no_port_read_pin
                0x0000000000013d3c                gpio_hal_arch_no_port_write_pin
                0x0000000000013d66                gpio_hal_arch_no_port_set_pins
                0x0000000000013dad                gpio_hal_arch_no_port_clear_pins
                0x0000000000013df4                gpio_hal_arch_no_port_read_pins
                0x0000000000013e37                gpio_hal_arch_no_port_write_pins
 .text          0x0000000000013e97       0x89 build/cooja/mtype599.a(buttons.o)
 .text          0x0000000000013f20      0x3f3 build/cooja/mtype599.a(res_temperature)
 .text          0x0000000000014313      0x27b build/cooja/mtype599.a(coap-blocking-a)
                0x0000000000014313                coap_blocking_request_callback
                0x000000000001433d                coap_blocking_request
 .text          0x000000000001458e      0xbea build/cooja/mtype599.a(coap-engine.o)
                0x0000000000014623                coap_add_handler
                0x0000000000014640                coap_remove_handler
                0x000000000001465d                coap_call_handlers
                0x0000000000014765                coap_receive
                0x0000000000014d60                coap_engine_init
                0x0000000000014dbe                coap_activate_resource
                0x0000000000014e69                coap_get_first_resource
                0x0000000000014e82                coap_get_next_resource
 .text          0x0000000000015178      0x2d9 build/cooja/mtype599.a(coap-res-well-k)
 .text          0x0000000000015451      0x96a build/cooja/mtype599.a(coap-observe.o)
                0x0000000000015566                coap_remove_observer
                0x0000000000015596                coap_remove_observer_by_client
                0x00000000000155fe                coap_remove_observer_by_token
                0x0000000000015691                coap_remove_observer_by_uri
                0x0000000000015738                coap_remove_observer_by_mid
                0x00000000000157b4                coap_notify_observers
                0x00000000000157cd                coap_notify_observers_sub
                0x0000000000015c37                coap_observe_handler
                0x0000000000015d52                coap_has_observers
 .text          0x0000000000015dbb      0x733 build/cooja/mtype599.a(coap-uip.o)
                0x0000000000015dbb                coap_endpoint_log
                0x0000000000015e41                coap_endpoint_print
                0x0000000000015ec7                coap_endpoint_snprint
                0x0000000000015ffa                coap_endpoint_copy
                0x0000000000016037                coap_endpoint_cmp
                0x0000000000016145                coap_endpoint_parse
                0x0000000000016330                coap_endpoint_is_secure
                0x000000000001633f                coap_endpoint_is_connected
                0x0000000000016373                coap_endpoint_connect
                0x000000000001638f                coap_endpoint_disconnect
                0x0000000000016395                coap_databuf
                0x000000000001639f                coap_transport_init
                0x00000000000163ef                coap_sendto
 .text          0x00000000000164ee      0x324 build/cooja/mtype599.a(coap-timer.o)
                0x00000000000165eb                coap_timer_stop
                0x0000000000016616                coap_timer_set
                0x0000000000016659                coap_timer_reset
                0x000000000001669c                coap_timer_time_to_next_expiration
                0x0000000000016708                coap_timer_run
                0x00000000000167d4                coap_timer_init
 .text          0x0000000000016812      0x2c6 build/cooja/mtype599.a(coap-transactio)
                0x0000000000016878                coap_new_transaction
                0x00000000000168de                coap_send_transaction
                0x0000000000016a3f                coap_clear_transaction
                0x0000000000016a87                coap_get_transaction_by_mid
 .text          0x0000000000016ad8     0x1c53 build/cooja/mtype599.a(coap.o)
                0x0000000000017045                coap_init_connection
                0x0000000000017059                coap_get_mid
                0x0000000000017075                coap_init_message
                0x00000000000170be                coap_serialize_message
                0x0000000000017740                coap_parse_message
                0x0000000000017da7                coap_get_query_variable
                0x0000000000017de9                coap_get_post_variable
                0x0000000000017e2d                coap_set_status_code
                0x0000000000017e52                coap_set_token
                0x0000000000017e99                coap_get_header_content_format
                0x0000000000017eca                coap_set_header_content_format
                0x0000000000017eed                coap_get_header_accept
                0x0000000000017f1e                coap_set_header_accept
                0x0000000000017f41                coap_get_header_max_age
                0x0000000000017f72                coap_set_header_max_age
                0x0000000000017f92                coap_get_header_etag
                0x0000000000017fc4                coap_set_header_etag
                0x000000000001801b                coap_get_header_if_match
                0x000000000001804d                coap_set_header_if_match
                0x00000000000180a4                coap_get_header_if_none_match
                0x00000000000180be                coap_set_header_if_none_match
                0x00000000000180d5                coap_get_header_proxy_uri
                0x0000000000018103                coap_set_header_proxy_uri
                0x0000000000018140                coap_get_header_uri_host
                0x000000000001816e                coap_set_header_uri_host
                0x00000000000181ab                coap_get_header_uri_path
                0x00000000000181d9                coap_set_header_uri_path
                0x0000000000018226                coap_get_header_uri_query
                0x000000000001825a                coap_set_header_uri_query
                0x00000000000182b0                coap_get_header_location_path
                0x00000000000182de                coap_set_header_location_path
                0x0000000000018377                coap_get_header_location_query
                0x00000000000183a5                coap_set_header_location_query
                0x00000000000183f2                coap_get_header_observe
                0x0000000000018421                coap_set_header_observe
                0x0000000000018441                coap_get_header_block2
                0x00000000000184ad                coap_set_header_block2
                0x0000000000018524                coap_get_header_block1
                0x0000000000018599                coap_set_header_block1
                0x0000000000018614                coap_get_header_size2
                0x0000000000018644                coap_set_header_size2
                0x0000000000018667                coap_get_header_size1
                0x0000000000018697                coap_set_header_size1
                0x00000000000186ba                coap_get_payload
                0x00000000000186f4                coap_set_payload
 .text          0x000000000001872b      0x332 build/cooja/mtype599.a(contiki-main.o)
                0x000000000001872b                main
 .text          0x0000000000018a5d       0x92 build/cooja/mtype599.a(autostart.o)
                0x0000000000018a5d                autostart_start
                0x0000000000018aa7                autostart_exit
 .text          0x0000000000018aef      0x355 build/cooja/mtype599.a(ctimer.o)
                0x0000000000018c17                ctimer_init
                0x0000000000018c4a                ctimer_set
                0x0000000000018c70                ctimer_set_with_process
                0x0000000000018ced                ctimer_reset
                0x0000000000018d41                ctimer_restart
                0x0000000000018d95                ctimer_stop
                0x0000000000018de5                ctimer_expired
 .text          0x0000000000018e44      0x394 build/cooja/mtype599.a(log.o)
                0x0000000000018e44                log_6addr
                0x0000000000018e97                log_6addr_compact_snprint
                0x0000000000018f35                log_6addr_compact
                0x0000000000018f88                log_lladdr
                0x0000000000018ffa                log_lladdr_compact
                0x0000000000019062                log_set_level
                0x000000000001911d                log_get_level
                0x0000000000019196                log_level_to_str
 .text          0x00000000000191d8       0x1b build/cooja/mtype599.a(energest.o)
                0x00000000000191d8                energest_init
                0x00000000000191de                energest_flush
                0x00000000000191e4                energest_get_total_time
 .text          0x00000000000191f3      0x43f build/cooja/mtype599.a(etimer.o)
                0x0000000000019417                etimer_request_poll
                0x00000000000194a0                etimer_set
                0x00000000000194c9                etimer_reset_with_new_interval
                0x00000000000194f8                etimer_reset
                0x000000000001951e                etimer_restart
                0x0000000000019544                etimer_adjust
                0x0000000000019561                etimer_expired
                0x0000000000019574                etimer_expiration_time
                0x0000000000019586                etimer_start_time
                0x0000000000019590                etimer_pending
                0x00000000000195a2                etimer_next_expiration_time
                0x00000000000195bc                etimer_stop
 .text          0x0000000000019632       0x25 build/cooja/mtype599.a(node-id.o)
                0x0000000000019632                node_id_init
 .text          0x0000000000019657       0xeb build/cooja/mtype599.a(rtimer.o)
                0x0000000000019657                rtimer_init
                0x0000000000019665                rtimer_set
                0x00000000000196e0                rtimer_run_next
 .text          0x0000000000019742      0x4fb build/cooja/mtype599.a(process.o)
                0x0000000000019742                process_alloc_event
                0x0000000000019757                process_start
                0x0000000000019931                process_exit
                0x000000000001994e                process_init
                0x0000000000019ae3                process_run
                0x0000000000019b16                process_nevents
                0x0000000000019b31                process_post
                0x0000000000019bc4                process_post_synch
                0x0000000000019bf9                process_poll
                0x0000000000019c29                process_is_running
 .text          0x0000000000019c3d       0xb1 build/cooja/mtype599.a(timer.o)
                0x0000000000019c3d                timer_set
                0x0000000000019c5b                timer_reset
                0x0000000000019c88                timer_restart
                0x0000000000019c9d                timer_expired
                0x0000000000019cca                timer_remaining
 .text          0x0000000000019cee      0x28f build/cooja/mtype599.a(list.o)
                0x0000000000019cee                list_init
                0x0000000000019cfd                list_head
                0x0000000000019d07                list_copy
                0x0000000000019d17                list_tail
                0x0000000000019d4d                list_add
                0x0000000000019d99                list_push
                0x0000000000019dc5                list_chop
                0x0000000000019e2f                list_pop
                0x0000000000019e57                list_remove
                0x0000000000019ebf                list_length
                0x0000000000019eed                list_insert
                0x0000000000019f32                list_item_next
                0x0000000000019f49                list_contains
 .text          0x0000000000019f7d      0x1b5 build/cooja/mtype599.a(memb.o)
                0x0000000000019f7d                memb_init
                0x0000000000019fd2                memb_alloc
                0x000000000001a035                memb_free
                0x000000000001a0ac                memb_inmemb
                0x000000000001a0eb                memb_numfree
 .text          0x000000000001a132      0x41c build/cooja/mtype599.a(button-hal.o)
                0x000000000001a2ab                button_hal_get_by_id
                0x000000000001a2e9                button_hal_get_by_index
                0x000000000001a315                button_hal_get_state
                0x000000000001a367                button_hal_init
 .text          0x000000000001a54e      0x1f3 build/cooja/mtype599.a(serial-line.o)
                0x000000000001a54e                serial_line_input_byte
                0x000000000001a70c                serial_line_init
 .text          0x000000000001a741      0x168 build/cooja/mtype599.a(gpio-hal.o)
                0x000000000001a741                gpio_hal_register_handler
                0x000000000001a75e                gpio_hal_event_handler
                0x000000000001a7ba                gpio_hal_init
                0x000000000001a7d9                gpio_hal_arch_port_toggle_pin
                0x000000000001a815                gpio_hal_arch_port_toggle_pins
                0x000000000001a843                gpio_hal_arch_no_port_toggle_pin
                0x000000000001a881                gpio_hal_arch_no_port_toggle_pins
 .text          0x000000000001a8a9      0x2e7 build/cooja/mtype599.a(queuebuf.o)
                0x000000000001a8b3                queuebuf_init
                0x000000000001a8dc                queuebuf_numfree
                0x000000000001a8f4                queuebuf_new_from_packetbuf
                0x000000000001a993                queuebuf_update_attr_from_packetbuf
                0x000000000001a9c8                queuebuf_update_from_packetbuf
                0x000000000001aa18                queuebuf_free
                0x000000000001aa61                queuebuf_to_packetbuf
                0x000000000001aacd                queuebuf_dataptr
                0x000000000001ab07                queuebuf_datalen
                0x000000000001ab2a                queuebuf_addr
                0x000000000001ab5f                queuebuf_attr
                0x000000000001ab8a                queuebuf_debug_print
 .text          0x000000000001ab90      0x407 build/cooja/mtype599.a(packetbuf.o)
                0x000000000001ab90                packetbuf_clear
                0x000000000001abbb                packetbuf_copyfrom
                0x000000000001ac0a                packetbuf_copyto
                0x000000000001ac9d                packetbuf_hdralloc
                0x000000000001ad19                packetbuf_hdrreduce
                0x000000000001ad5f                packetbuf_set_datalen
                0x000000000001ad79                packetbuf_dataptr
                0x000000000001ad96                packetbuf_hdrptr
                0x000000000001ada0                packetbuf_datalen
                0x000000000001adac                packetbuf_hdrlen
                0x000000000001adc3                packetbuf_totlen
                0x000000000001add9                packetbuf_remaininglen
                0x000000000001adec                packetbuf_attr_clear
                0x000000000001ae38                packetbuf_attr_copyto
                0x000000000001ae90                packetbuf_attr_copyfrom
                0x000000000001aee8                packetbuf_set_attr
                0x000000000001af12                packetbuf_attr
                0x000000000001af2c                packetbuf_set_addr
                0x000000000001af5d                packetbuf_addr
                0x000000000001af7a                packetbuf_holds_broadcast
 .text          0x000000000001af97       0xef build/cooja/mtype599.a(netstack.o)
                0x000000000001af97                netstack_process_ip_callback
                0x000000000001b028                netstack_ip_packet_processor_add
                0x000000000001b04b                uip_ds6_ip_packet_processor_rm
                0x000000000001b068                netstack_init
 .text          0x000000000001b086       0x4f build/cooja/mtype599.a(linkaddr.o)
                0x000000000001b086                linkaddr_copy
                0x000000000001b09c                linkaddr_cmp
                0x000000000001b0bf                linkaddr_set_node_addr
 .text          0x000000000001b0d5      0x1f6 build/cooja/mtype599.a(csma.o)
 .text          0x000000000001b2cb      0x95d build/cooja/mtype599.a(csma-output.o)
                0x000000000001b962                csma_output_packet
                0x000000000001bbef                csma_output_init
 .text          0x000000000001bc28      0xc11 build/cooja/mtype599.a(uip-ds6.o)
                0x000000000001bc28                uip_ds6_default_prefix
                0x000000000001bc32                uip_ds6_set_default_prefix
                0x000000000001bc5d                uip_ds6_init
                0x000000000001bebf                uip_ds6_periodic
                0x000000000001bf46                uip_ds6_list_loop
                0x000000000001c006                uip_ds6_prefix_add
                0x000000000001c0b2                uip_ds6_prefix_rm
                0x000000000001c0c5                uip_ds6_prefix_lookup
                0x000000000001c104                uip_ds6_is_addr_onlink
                0x000000000001c177                uip_ds6_addr_add
                0x000000000001c297                uip_ds6_addr_rm
                0x000000000001c340                uip_ds6_addr_lookup
                0x000000000001c379                uip_ds6_get_link_local
                0x000000000001c3fa                uip_ds6_get_global
                0x000000000001c47b                uip_ds6_maddr_add
                0x000000000001c4db                uip_ds6_maddr_rm
                0x000000000001c4ee                uip_ds6_maddr_lookup
                0x000000000001c527                uip_ds6_aaddr_add
                0x000000000001c587                uip_ds6_aaddr_rm
                0x000000000001c59a                uip_ds6_aaddr_lookup
                0x000000000001c5d3                uip_ds6_select_src
                0x000000000001c71c                uip_ds6_set_addr_iid
                0x000000000001c747                uip_ds6_set_lladdr_from_iid
                0x000000000001c770                get_match_length
                0x000000000001c801                uip_ds6_compute_reachable_time
 .text          0x000000000001c839      0x128 build/cooja/mtype599.a(uip-udp-packet.)
                0x000000000001c839                uip_udp_packet_send
                0x000000000001c894                uip_udp_packet_sendto
 .text          0x000000000001c961      0x35b build/cooja/mtype599.a(uip-ds6-route.o)
                0x000000000001c9b2                uip_ds6_route_init
                0x000000000001c9dc                uip_ds6_route_nexthop
                0x000000000001c9e6                uip_ds6_route_head
                0x000000000001c9f0                uip_ds6_route_next
                0x000000000001c9fa                uip_ds6_route_is_nexthop
                0x000000000001ca04                uip_ds6_route_num_routes
                0x000000000001ca0e                uip_ds6_route_lookup
                0x000000000001ca18                uip_ds6_route_add
                0x000000000001ca2b                uip_ds6_route_rm
                0x000000000001ca31                uip_ds6_route_rm_by_nexthop
                0x000000000001ca37                uip_ds6_defrt_head
                0x000000000001ca50                uip_ds6_defrt_add
                0x000000000001cafe                uip_ds6_defrt_rm
                0x000000000001cb64                uip_ds6_defrt_lookup
                0x000000000001cbcb                uip_ds6_defrt_choose
                0x000000000001cc41                uip_ds6_defrt_periodic
 .text          0x000000000001ccbc      0x6f7 build/cooja/mtype599.a(tcpip.o)
                0x000000000001ccd6                tcpip_output
                0x000000000001cd55                udp_attach
                0x000000000001cd6d                udp_new
                0x000000000001cdb7                udp_broadcast_new
                0x000000000001cf29                tcpip_input
                0x000000000001d0b9                tcpip_ipv6_output
                0x000000000001d2ad                tcpip_poll_udp
                0x000000000001d2cb                tcpip_uipcall
 .text          0x000000000001d3b3     0x1205 build/cooja/mtype599.a(uip6.o)
                0x000000000001d462                uip_chksum
                0x000000000001d539                uip_icmp6chksum
                0x000000000001d54e                uip_udpchksum
                0x000000000001d563                uip_init
                0x000000000001d5ac                uip_remove_ext_hdr
                0x000000000001d686                uip_udp_new
                0x000000000001d99a                uip_process
                0x000000000001e492                uip_htons
                0x000000000001e4b4                uip_htonl
                0x000000000001e4f2                uip_send
 .text          0x000000000001e5b8      0x369 build/cooja/mtype599.a(uip-ds6-nbr.o)
                0x000000000001e5b8                uip_ds6_neighbors_init
                0x000000000001e5dc                uip_ds6_nbr_add
                0x000000000001e662                uip_ds6_nbr_rm
                0x000000000001e6ad                uip_ds6_nbr_update_ll
                0x000000000001e79b                uip_ds6_nbr_get_ipaddr
                0x000000000001e7b0                uip_ds6_nbr_get_ll
                0x000000000001e7cc                uip_ds6_nbr_num
                0x000000000001e815                uip_ds6_nbr_head
                0x000000000001e82e                uip_ds6_nbr_next
                0x000000000001e84a                uip_ds6_nbr_lookup
                0x000000000001e8a2                uip_ds6_nbr_ll_lookup
                0x000000000001e8be                uip_ds6_nbr_ipaddr_from_lladdr
                0x000000000001e8e7                uip_ds6_nbr_lladdr_from_ipaddr
                0x000000000001e91b                uip_ds6_link_callback
 .text          0x000000000001e921      0x6a7 build/cooja/mtype599.a(uip-nd6.o)
                0x000000000001efaf                uip_nd6_init
 .text          0x000000000001efc8      0x3b0 build/cooja/mtype599.a(simple-udp.o)
                0x000000000001eff5                simple_udp_send
                0x000000000001f058                simple_udp_sendto
                0x000000000001f0b3                simple_udp_sendto_port
                0x000000000001f10c                simple_udp_register
 .text          0x000000000001f378     0x2c17 build/cooja/mtype599.a(sicslowpan.o)
                0x000000000001f97f                netstack_sniffer_add
                0x000000000001f98d                netstack_sniffer_remove
                0x0000000000021f63                sicslowpan_init
                0x0000000000021f85                sicslowpan_get_last_rssi
 .text          0x0000000000021f8f      0x4d1 build/cooja/mtype599.a(uiplib.o)
                0x0000000000021f8f                uiplib_ip6addrconv
                0x0000000000022147                uiplib_ip4addrconv
                0x000000000002220a                uiplib_ipaddr_print
                0x000000000002225d                uiplib_ipaddr_snprint
 .text          0x0000000000022460      0x4c9 build/cooja/mtype599.a(rpl.o)
                0x0000000000022460                rpl_lollipop_greater_than
                0x00000000000224ba                rpl_get_global_address
                0x00000000000225b2                rpl_link_callback
                0x00000000000225f6                rpl_has_joined
                0x000000000002261b                rpl_is_reachable
                0x000000000002269c                rpl_reset_prefix
                0x0000000000022706                rpl_set_prefix_from_addr
                0x00000000000227eb                rpl_set_prefix
                0x0000000000022905                rpl_set_leaf_only
                0x000000000002291d                rpl_get_leaf_only
 .text          0x0000000000022929     0x138c build/cooja/mtype599.a(rpl-icmp6.o)
                0x0000000000022a4e                rpl_icmp6_update_nbr_table
                0x0000000000022ad7                rpl_icmp6_dis_output
                0x000000000002311d                rpl_icmp6_dio_output
                0x000000000002391b                rpl_icmp6_dao_output
                0x0000000000023bfc                rpl_icmp6_dao_ack_output
                0x0000000000023c6c                rpl_icmp6_init
 .text          0x0000000000023cb5      0x264 build/cooja/mtype599.a(rpl-dag-root.o)
                0x0000000000023cb5                rpl_dag_root_print_links
                0x0000000000023de1                rpl_dag_root_set_prefix
                0x0000000000023e0d                rpl_dag_root_start
                0x0000000000023eea                rpl_dag_root_is_root
 .text          0x0000000000023f19       0x30 build/cooja/mtype599.a(watchdog.o)
                0x0000000000023f19                watchdog_init
                0x0000000000023f1f                watchdog_start
                0x0000000000023f25                watchdog_periodic
                0x0000000000023f3d                watchdog_stop
                0x0000000000023f43                watchdog_reboot
 .text          0x0000000000023f49       0x4a build/cooja/mtype599.a(int-master.o)
                0x0000000000023f49                int_master_enable
                0x0000000000023f59                int_master_read_and_disable
                0x0000000000023f76                int_master_status_set
                0x0000000000023f84                int_master_is_enabled
 .text          0x0000000000023f93      0x226 build/cooja/mtype599.a(coap-timer-defa)
 .text          0x00000000000241b9       0xc7 build/cooja/mtype599.a(stimer.o)
                0x00000000000241b9                stimer_set
                0x00000000000241d7                stimer_reset
                0x0000000000024204                stimer_restart
                0x0000000000024219                stimer_expired
                0x0000000000024244                stimer_remaining
                0x0000000000024268                stimer_elapsed
 .text          0x0000000000024280      0x156 build/cooja/mtype599.a(ringbuf.o)
                0x0000000000024280                ringbuf_init
                0x00000000000242b2                ringbuf_put
                0x0000000000024330                ringbuf_get
                0x000000000002439d                ringbuf_size
                0x00000000000243af                ringbuf_elements
 .text          0x00000000000243d6       0x1f build/cooja/mtype599.a(assert.o)
                0x00000000000243d6                _xassert
 .text          0x00000000000243f5      0x79b build/cooja/mtype599.a(nbr-table.o)
                0x000000000002486e                nbr_table_register
                0x00000000000248db                nbr_table_is_registered
                0x0000000000024916                nbr_table_head
                0x0000000000024971                nbr_table_next
                0x00000000000249d2                nbr_table_add_lladdr
                0x0000000000024aac                nbr_table_get_from_lladdr
                0x0000000000024af8                nbr_table_remove
                0x0000000000024b30                nbr_table_lock
                0x0000000000024b4a                nbr_table_unlock
                0x0000000000024b64                nbr_table_get_lladdr
 .text          0x0000000000024b90      0x3a5 build/cooja/mtype599.a(link-stats.o)
                0x0000000000024b90                link_stats_from_lladdr
                0x0000000000024bac                link_stats_get_lladdr
                0x0000000000024bc8                link_stats_is_fresh
                0x0000000000024c04                guess_etx_from_rssi
                0x0000000000024c80                link_stats_packet_sent
                0x0000000000024da0                link_stats_input_callback
                0x0000000000024eb0                link_stats_reset
                0x0000000000024f00                link_stats_init
 .text          0x0000000000024f35      0x187 build/cooja/mtype599.a(mac-sequence.o)
                0x0000000000024f35                mac_sequence_is_duplicate
                0x0000000000024fd5                mac_sequence_register_seqno
 .text          0x00000000000250bc       0x23 build/cooja/mtype599.a(mac.o)
                0x00000000000250bc                mac_call_sent_callback
 .text          0x00000000000250df      0x432 build/cooja/mtype599.a(framer-802154.o)
                0x000000000002526e                framer_802154_setup_params
 .text          0x0000000000025511      0xb6f build/cooja/mtype599.a(frame802154.o)
                0x0000000000025542                frame802154_get_pan_id
                0x000000000002554e                frame802154_set_pan_id
                0x0000000000025568                frame802154_has_panid
                0x0000000000025717                frame802154_check_dest_panid
                0x000000000002579f                frame802154_is_broadcast_addr
                0x00000000000257ec                frame802154_extract_linkaddr
                0x0000000000025a51                frame802154_hdrlen
                0x0000000000025ac4                frame802154_create_fcf
                0x0000000000025b7c                frame802154_create
                0x0000000000025cf1                frame802154_parse_fcf
                0x0000000000025dd3                frame802154_parse
 .text          0x0000000000026080       0x2d build/cooja/mtype599.a(csma-security.o)
                0x0000000000026080                csma_security_create_frame
                0x000000000002609e                csma_security_parse_frame
 .text          0x00000000000260ad      0x4e4 build/cooja/mtype599.a(uipbuf.o)
                0x00000000000260ad                uipbuf_clear
                0x00000000000260d4                uipbuf_add_ext_hdr
                0x0000000000026154                uipbuf_set_len
                0x0000000000026181                uipbuf_set_len_field
                0x00000000000261ad                uipbuf_get_len_field
                0x00000000000261cd                uipbuf_get_next_header
                0x00000000000262ff                uipbuf_get_last_header
                0x0000000000026378                uipbuf_search_header
                0x000000000002642e                uipbuf_get_attr
                0x0000000000026455                uipbuf_set_attr
                0x000000000002648c                uipbuf_set_default_attr
                0x00000000000264c3                uipbuf_clear_attr
                0x00000000000264e7                uipbuf_set_attr_flag
                0x0000000000026508                uipbuf_clr_attr_flag
                0x000000000002652f                uipbuf_is_attr_flag
                0x0000000000026553                uipbuf_init
 .text          0x0000000000026591      0x73f build/cooja/mtype599.a(uip-icmp6.o)
                0x0000000000026606                uip_icmp6_input
                0x000000000002665d                uip_icmp6_register_input_handler
                0x00000000000267b0                uip_icmp6_error_output
                0x0000000000026a61                uip_icmp6_send
                0x0000000000026c58                uip_icmp6_echo_reply_callback_add
                0x0000000000026c8a                uip_icmp6_echo_reply_callback_rm
                0x0000000000026ca7                uip_icmp6_init
 .text          0x0000000000026cd0      0x69b build/cooja/mtype599.a(uip-sr.o)
                0x0000000000026cd0                uip_sr_num_nodes
                0x0000000000026d5e                uip_sr_get_node
                0x0000000000026db5                uip_sr_is_addr_reachable
                0x0000000000026e63                uip_sr_expire_parent
                0x0000000000026eac                uip_sr_update_node
                0x0000000000026fdc                uip_sr_init
                0x0000000000027010                uip_sr_node_head
                0x0000000000027029                uip_sr_node_next
                0x000000000002703f                uip_sr_periodic
                0x0000000000027145                uip_sr_free_all
                0x00000000000271b5                uip_sr_link_snprint
 .text          0x000000000002736b      0x146 build/cooja/mtype599.a(uip-packetqueue)
                0x0000000000027399                uip_packetqueue_new
                0x00000000000273a8                uip_packetqueue_alloc
                0x0000000000027403                uip_packetqueue_free
                0x000000000002744a                uip_packetqueue_buf
                0x0000000000027467                uip_packetqueue_buflen
                0x0000000000027488                uip_packetqueue_set_buflen
 .text          0x00000000000274b1      0x1b0 build/cooja/mtype599.a(rpl-nbr-policy.)
                0x000000000002761e                rpl_nbr_policy_find_removable
 .text          0x0000000000027661      0x915 build/cooja/mtype599.a(rpl-neighbor.o)
                0x00000000000276dd                rpl_neighbor_snprint
                0x0000000000027990                rpl_neighbor_print_list
                0x0000000000027a45                rpl_neighbor_count
                0x0000000000027aec                rpl_neighbor_get_from_lladdr
                0x0000000000027b08                rpl_neighbor_is_acceptable_parent
                0x0000000000027b3c                rpl_neighbor_get_link_metric
                0x0000000000027b70                rpl_neighbor_rank_via_nbr
                0x0000000000027ba4                rpl_neighbor_get_lladdr
                0x0000000000027bc0                rpl_neighbor_get_ipaddr
                0x0000000000027be7                rpl_neighbor_get_link_stats
                0x0000000000027c0e                rpl_neighbor_is_fresh
                0x0000000000027c35                rpl_neighbor_is_reachable
                0x0000000000027c80                rpl_neighbor_is_parent
                0x0000000000027caa                rpl_neighbor_set_preferred_parent
                0x0000000000027d41                rpl_neighbor_remove_all
                0x0000000000027d9d                rpl_neighbor_get_from_ipaddr
                0x0000000000027eab                rpl_neighbor_select_best
                0x0000000000027f57                rpl_neighbor_init
 .text          0x0000000000027f76      0xe69 build/cooja/mtype599.a(rpl-dag.o)
                0x0000000000027f76                rpl_dag_state_to_str
                0x0000000000027fb5                rpl_dag_get_root_ipaddr
                0x0000000000027ffd                rpl_dag_leave
                0x0000000000028086                rpl_dag_poison_and_leave
                0x000000000002809e                rpl_dag_periodic
                0x0000000000028126                rpl_is_addr_in_our_dag
                0x000000000002816a                rpl_get_default_instance
                0x0000000000028186                rpl_get_any_dag
                0x00000000000281df                rpl_refresh_routes
                0x000000000002821f                rpl_global_repair
                0x00000000000282b8                rpl_local_repair
                0x0000000000028302                rpl_dag_ready_to_advertise
                0x0000000000028345                rpl_dag_update_state
                0x0000000000028a72                rpl_process_dio
                0x0000000000028af0                rpl_process_dis
                0x0000000000028b35                rpl_process_dao
                0x0000000000028bc4                rpl_process_dao_ack
                0x0000000000028c5b                rpl_process_hbh
                0x0000000000028cab                rpl_dag_init_root
                0x0000000000028dbf                rpl_dag_init
 .text          0x0000000000028ddf      0x9e7 build/cooja/mtype599.a(rpl-timers.o)
                0x0000000000028ddf                rpl_timers_schedule_periodic_dis
                0x0000000000028f2d                rpl_timers_dio_reset
                0x000000000002903b                rpl_timers_schedule_unicast_dio
                0x000000000002918f                rpl_timers_schedule_dao
                0x000000000002924e                rpl_timers_schedule_dao_ack
                0x00000000000292d4                rpl_timers_notify_dao_ack
                0x0000000000029332                get_probing_delay
                0x0000000000029366                get_probing_target
                0x0000000000029550                rpl_schedule_probing
                0x000000000002957e                rpl_schedule_probing_now
                0x00000000000295e8                rpl_timers_unschedule_leaving
                0x0000000000029620                rpl_timers_schedule_leaving
                0x0000000000029661                rpl_timers_init
                0x00000000000296f1                rpl_timers_stop_dag_timers
                0x000000000002976a                rpl_timers_unschedule_state_update
                0x000000000002978e                rpl_timers_schedule_state_update
 .text          0x00000000000297c6      0xb8e build/cooja/mtype599.a(rpl-ext-header.)
                0x00000000000297c6                rpl_ext_header_srh_get_next_hop
                0x00000000000298ad                rpl_ext_header_srh_update
                0x0000000000029e19                rpl_ext_header_hbh_update
                0x000000000002a119                rpl_ext_header_update
                0x000000000002a1a2                rpl_ext_header_remove
 .text          0x000000000002a354      0x31b build/cooja/mtype599.a(rpl-mrhof.o)
 *fill*         0x000000000002a66f        0x1 
 .text          0x000000000002a670      0x122 /usr/lib/gcc/i686-linux-gnu/5/libgcc.a(_udivdi3.o)
                0x000000000002a670                __udivdi3
 .text          0x000000000002a792        0x0 /usr/lib/gcc/i686-linux-gnu/5/crtendS.o
 .text          0x000000000002a792        0x0 /usr/lib/gcc/i686-linux-gnu/5/../../../i386-linux-gnu/crtn.o
 *(.gnu.warning)

.fini           0x000000000002a794       0x14
 *(SORT(.fini))
 .fini          0x000000000002a794        0xf /usr/lib/gcc/i686-linux-gnu/5/../../../i386-linux-gnu/crti.o
                0x000000000002a794                _fini
 .fini          0x000000000002a7a3        0x5 /usr/lib/gcc/i686-linux-gnu/5/../../../i386-linux-gnu/crtn.o
                [!provide]                        PROVIDE (__etext, .)
                [!provide]                        PROVIDE (_etext, .)
                [!provide]                        PROVIDE (etext, .)

.rodata         0x000000000002a7c0      0xbab
 *(.rodata .rodata.* .gnu.linkonce.r.*)
 .rodata        0x000000000002a7c0      0x1ae temperature.o
                0x000000000002a7e4                autostart_processes
 *fill*         0x000000000002a96e        0x2 
 .rodata        0x000000000002a970        0x8 build/cooja/mtype599.a(beep.o)
                0x000000000002a970                beep_interface
 .rodata        0x000000000002a978        0xe build/cooja/mtype599.a(leds-arch.o)
                0x000000000002a978                leds_interface
                0x000000000002a980                leds_arch_leds
 *fill*         0x000000000002a986        0x2 
 .rodata        0x000000000002a988        0x8 build/cooja/mtype599.a(moteid.o)
                0x000000000002a988                moteid_interface
 .rodata        0x000000000002a990       0x1c build/cooja/mtype599.a(pir-sensor.o)
                0x000000000002a990                pir_interface
                0x000000000002a99c                pir_sensor
 .rodata        0x000000000002a9ac        0xe build/cooja/mtype599.a(rs232.o)
                0x000000000002a9ac                rs232_interface
 *fill*         0x000000000002a9ba        0x2 
 .rodata        0x000000000002a9bc       0x24 build/cooja/mtype599.a(vib-sensor.o)
                0x000000000002a9bc                vib_interface
                0x000000000002a9d0                vib_sensor
 .rodata        0x000000000002a9e0        0x8 build/cooja/mtype599.a(clock.o)
                0x000000000002a9e0                clock_interface
 .rodata        0x000000000002a9e8        0x8 build/cooja/mtype599.a(cooja-log.o)
                0x000000000002a9e8                simlog_interface
 .rodata        0x000000000002a9f0       0x2f build/cooja/mtype599.a(cfs-cooja.o)
                0x000000000002a9f0                cfs_interface
 *fill*         0x000000000002aa1f        0x1 
 .rodata        0x000000000002aa20       0xb8 build/cooja/mtype599.a(cooja-radio.o)
                0x000000000002aa20                radio_interface
                0x000000000002aaa0                cooja_radio_driver
 .rodata        0x000000000002aad8        0x8 build/cooja/mtype599.a(eeprom.o)
                0x000000000002aad8                eeprom_interface
 .rodata        0x000000000002aae0        0x8 build/cooja/mtype599.a(sensors.o)
 .rodata        0x000000000002aae8       0x2c build/cooja/mtype599.a(buttons.o)
                0x000000000002aae8                button_interface
                0x000000000002aafc                button_hal_button_count
                0x000000000002ab04                button_sensor
 .rodata        0x000000000002ab14       0x90 build/cooja/mtype599.a(res_temperature)
 .rodata        0x000000000002aba4       0x41 build/cooja/mtype599.a(coap-engine.o)
 .rodata        0x000000000002abe5       0x19 build/cooja/mtype599.a(coap-res-well-k)
 .rodata        0x000000000002abfe       0x11 build/cooja/mtype599.a(coap-observe.o)
 .rodata        0x000000000002ac0f       0x35 build/cooja/mtype599.a(coap-uip.o)
 .rodata        0x000000000002ac44      0x1ac build/cooja/mtype599.a(coap.o)
 .rodata        0x000000000002adf0       0xf4 build/cooja/mtype599.a(contiki-main.o)
 .rodata        0x000000000002aee4        0xf build/cooja/mtype599.a(ctimer.o)
 *fill*         0x000000000002aef3        0x1 
 .rodata        0x000000000002aef4       0xc4 build/cooja/mtype599.a(log.o)
 .rodata        0x000000000002afb8        0xc build/cooja/mtype599.a(etimer.o)
 .rodata        0x000000000002afc4       0x13 build/cooja/mtype599.a(button-hal.o)
 .rodata        0x000000000002afd7        0xe build/cooja/mtype599.a(serial-line.o)
 *fill*         0x000000000002afe5        0x3 
 .rodata        0x000000000002afe8        0x8 build/cooja/mtype599.a(linkaddr.o)
                0x000000000002afe8                linkaddr_null
 .rodata        0x000000000002aff0       0x24 build/cooja/mtype599.a(csma.o)
                0x000000000002aff8                csma_driver
 .rodata        0x000000000002b014       0x2a build/cooja/mtype599.a(csma-output.o)
 *fill*         0x000000000002b03e        0x2 
 .rodata        0x000000000002b040       0x4d build/cooja/mtype599.a(uip-ds6-route.o)
 .rodata        0x000000000002b08d        0xd build/cooja/mtype599.a(tcpip.o)
 .rodata        0x000000000002b09a       0x13 build/cooja/mtype599.a(simple-udp.o)
 *fill*         0x000000000002b0ad        0x3 
 .rodata        0x000000000002b0b0       0x30 build/cooja/mtype599.a(sicslowpan.o)
                0x000000000002b0b0                unc_llconf
                0x000000000002b0b4                unc_ctxconf
                0x000000000002b0b8                unc_mxconf
                0x000000000002b0bc                llprefix
                0x000000000002b0d0                sicslowpan_driver
 .rodata        0x000000000002b0e0       0x2d build/cooja/mtype599.a(uiplib.o)
 *fill*         0x000000000002b10d       0x13 
 .rodata        0x000000000002b120       0x74 build/cooja/mtype599.a(rpl.o)
                0x000000000002b140                rpl_lite_driver
 .rodata        0x000000000002b194       0x20 build/cooja/mtype599.a(coap-timer-defa)
                0x000000000002b1a8                coap_timer_default_driver
 .rodata        0x000000000002b1b4       0x25 build/cooja/mtype599.a(assert.o)
 *fill*         0x000000000002b1d9        0x3 
 .rodata        0x000000000002b1dc        0xc build/cooja/mtype599.a(framer-802154.o)
                0x000000000002b1dc                framer_802154
 .rodata        0x000000000002b1e8       0x44 build/cooja/mtype599.a(uip-sr.o)
 .rodata        0x000000000002b22c       0x58 build/cooja/mtype599.a(rpl-neighbor.o)
 .rodata        0x000000000002b284       0xdb build/cooja/mtype599.a(rpl-dag.o)
 .rodata        0x000000000002b35f        0xc build/cooja/mtype599.a(rpl-timers.o)

.rodata1
 *(.rodata1)

.eh_frame_hdr   0x000000000002b36c     0x1a2c
 *(.eh_frame_hdr)
 .eh_frame_hdr  0x000000000002b36c     0x1a2c temperature.o
                0x000000000002b36c                __GNU_EH_FRAME_HDR
 *(.eh_frame_entry .eh_frame_entry.*)

.eh_frame       0x000000000002cd98     0x6a54
 *(.eh_frame)
 .eh_frame      0x000000000002cd98       0x3c /usr/lib/gcc/i686-linux-gnu/5/../../../i386-linux-gnu/crti.o
                                         0x40 (size before relaxing)
 .eh_frame      0x000000000002cdd4       0xa0 temperature.o
                                         0xb8 (size before relaxing)
 .eh_frame      0x000000000002ce74      0x178 build/cooja/mtype599.o
                                        0x190 (size before relaxing)
 .eh_frame      0x000000000002cfec       0x40 build/cooja/mtype599.a(simEnvChange.o)
                                         0x58 (size before relaxing)
 .eh_frame      0x000000000002d02c       0x60 build/cooja/mtype599.a(cooja_mt.o)
                                         0x78 (size before relaxing)
 .eh_frame      0x000000000002d08c       0x80 build/cooja/mtype599.a(cooja_mtarch.o)
                                         0x98 (size before relaxing)
 .eh_frame      0x000000000002d10c       0xc8 build/cooja/mtype599.a(rtimer-arch.o)
                                         0xe0 (size before relaxing)
 .eh_frame      0x000000000002d1d4      0x160 build/cooja/mtype599.a(beep.o)
                                        0x178 (size before relaxing)
 .eh_frame      0x000000000002d334       0x80 build/cooja/mtype599.a(leds-arch.o)
                                         0x98 (size before relaxing)
 .eh_frame      0x000000000002d3b4       0x40 build/cooja/mtype599.a(moteid.o)
                                         0x58 (size before relaxing)
 .eh_frame      0x000000000002d3f4       0xa0 build/cooja/mtype599.a(pir-sensor.o)
                                         0xb8 (size before relaxing)
 .eh_frame      0x000000000002d494      0x100 build/cooja/mtype599.a(rs232.o)
                                        0x118 (size before relaxing)
 .eh_frame      0x000000000002d594       0xa0 build/cooja/mtype599.a(vib-sensor.o)
                                         0xb8 (size before relaxing)
 .eh_frame      0x000000000002d634       0xc0 build/cooja/mtype599.a(clock.o)
                                         0xd8 (size before relaxing)
 .eh_frame      0x000000000002d6f4      0x120 build/cooja/mtype599.a(cooja-log.o)
                                        0x138 (size before relaxing)
 .eh_frame      0x000000000002d814      0x160 build/cooja/mtype599.a(cfs-cooja.o)
                                        0x178 (size before relaxing)
 .eh_frame      0x000000000002d974      0x340 build/cooja/mtype599.a(cooja-radio.o)
                                        0x358 (size before relaxing)
 .eh_frame      0x000000000002dcb4       0xa0 build/cooja/mtype599.a(eeprom.o)
                                         0xb8 (size before relaxing)
 .eh_frame      0x000000000002dd54       0x40 build/cooja/mtype599.a(random.o)
                                         0x58 (size before relaxing)
 .eh_frame      0x000000000002dd94       0xc0 build/cooja/mtype599.a(sensors.o)
                                         0xd8 (size before relaxing)
 .eh_frame      0x000000000002de54      0x120 build/cooja/mtype599.a(leds.o)
                                        0x138 (size before relaxing)
 .eh_frame      0x000000000002df74      0x220 build/cooja/mtype599.a(gpio-hal-arch.o)
                                        0x238 (size before relaxing)
 .eh_frame      0x000000000002e194       0xa0 build/cooja/mtype599.a(buttons.o)
                                         0xb8 (size before relaxing)
 .eh_frame      0x000000000002e234       0x98 build/cooja/mtype599.a(res_temperature)
                                         0xb0 (size before relaxing)
 .eh_frame      0x000000000002e2cc       0x44 build/cooja/mtype599.a(coap-blocking-a)
                                         0x5c (size before relaxing)
 .eh_frame      0x000000000002e310      0x220 build/cooja/mtype599.a(coap-engine.o)
                                        0x238 (size before relaxing)
 .eh_frame      0x000000000002e530       0x24 build/cooja/mtype599.a(coap-res-well-k)
                                         0x3c (size before relaxing)
 .eh_frame      0x000000000002e554      0x188 build/cooja/mtype599.a(coap-observe.o)
                                        0x1a0 (size before relaxing)
 .eh_frame      0x000000000002e6dc      0x250 build/cooja/mtype599.a(coap-uip.o)
                                        0x268 (size before relaxing)
 .eh_frame      0x000000000002e92c      0x114 build/cooja/mtype599.a(coap-timer.o)
                                        0x12c (size before relaxing)
 .eh_frame      0x000000000002ea40      0x100 build/cooja/mtype599.a(coap-transactio)
                                        0x118 (size before relaxing)
 .eh_frame      0x000000000002eb40      0x6ec build/cooja/mtype599.a(coap.o)
                                        0x704 (size before relaxing)
 .eh_frame      0x000000000002f22c       0x30 build/cooja/mtype599.a(contiki-main.o)
                                         0x48 (size before relaxing)
 .eh_frame      0x000000000002f25c       0x40 build/cooja/mtype599.a(autostart.o)
                                         0x58 (size before relaxing)
 .eh_frame      0x000000000002f29c      0x100 build/cooja/mtype599.a(ctimer.o)
                                        0x118 (size before relaxing)
 .eh_frame      0x000000000002f39c      0x100 build/cooja/mtype599.a(log.o)
                                        0x118 (size before relaxing)
 .eh_frame      0x000000000002f49c       0x60 build/cooja/mtype599.a(energest.o)
                                         0x78 (size before relaxing)
 .eh_frame      0x000000000002f4fc      0x1e0 build/cooja/mtype599.a(etimer.o)
                                        0x1f8 (size before relaxing)
 .eh_frame      0x000000000002f6dc       0x20 build/cooja/mtype599.a(node-id.o)
                                         0x38 (size before relaxing)
 .eh_frame      0x000000000002f6fc       0x60 build/cooja/mtype599.a(rtimer.o)
                                         0x78 (size before relaxing)
 .eh_frame      0x000000000002f75c      0x1c4 build/cooja/mtype599.a(process.o)
                                        0x1dc (size before relaxing)
 .eh_frame      0x000000000002f920       0xa4 build/cooja/mtype599.a(timer.o)
                                         0xbc (size before relaxing)
 .eh_frame      0x000000000002f9c4      0x1a0 build/cooja/mtype599.a(list.o)
                                        0x1b8 (size before relaxing)
 .eh_frame      0x000000000002fb64       0xa0 build/cooja/mtype599.a(memb.o)
                                         0xb8 (size before relaxing)
 .eh_frame      0x000000000002fc04      0x144 build/cooja/mtype599.a(button-hal.o)
                                        0x15c (size before relaxing)
 .eh_frame      0x000000000002fd48       0x60 build/cooja/mtype599.a(serial-line.o)
                                         0x78 (size before relaxing)
 .eh_frame      0x000000000002fda8       0xe0 build/cooja/mtype599.a(gpio-hal.o)
                                         0xf8 (size before relaxing)
 .eh_frame      0x000000000002fe88      0x1a0 build/cooja/mtype599.a(queuebuf.o)
                                        0x1b8 (size before relaxing)
 .eh_frame      0x0000000000030028      0x28c build/cooja/mtype599.a(packetbuf.o)
                                        0x2a4 (size before relaxing)
 .eh_frame      0x00000000000302b4       0x80 build/cooja/mtype599.a(netstack.o)
                                         0x98 (size before relaxing)
 .eh_frame      0x0000000000030334       0x60 build/cooja/mtype599.a(linkaddr.o)
                                         0x78 (size before relaxing)
 .eh_frame      0x0000000000030394       0xe0 build/cooja/mtype599.a(csma.o)
                                         0xf8 (size before relaxing)
 .eh_frame      0x0000000000030474      0x1d0 build/cooja/mtype599.a(csma-output.o)
                                        0x1e8 (size before relaxing)
 .eh_frame      0x0000000000030644      0x328 build/cooja/mtype599.a(uip-ds6.o)
                                        0x340 (size before relaxing)
 .eh_frame      0x000000000003096c       0x40 build/cooja/mtype599.a(uip-udp-packet.)
                                         0x58 (size before relaxing)
 .eh_frame      0x00000000000309ac      0x220 build/cooja/mtype599.a(uip-ds6-route.o)
                                        0x238 (size before relaxing)
 .eh_frame      0x0000000000030bcc      0x244 build/cooja/mtype599.a(tcpip.o)
                                        0x25c (size before relaxing)
 .eh_frame      0x0000000000030e10      0x1e8 build/cooja/mtype599.a(uip6.o)
                                        0x200 (size before relaxing)
 .eh_frame      0x0000000000030ff8      0x1c0 build/cooja/mtype599.a(uip-ds6-nbr.o)
                                        0x1d8 (size before relaxing)
 .eh_frame      0x00000000000311b8       0x84 build/cooja/mtype599.a(uip-nd6.o)
                                         0x9c (size before relaxing)
 .eh_frame      0x000000000003123c       0xd4 build/cooja/mtype599.a(simple-udp.o)
                                         0xec (size before relaxing)
 .eh_frame      0x0000000000031310      0x2f8 build/cooja/mtype599.a(sicslowpan.o)
                                        0x310 (size before relaxing)
 .eh_frame      0x0000000000031608       0x88 build/cooja/mtype599.a(uiplib.o)
                                         0xa0 (size before relaxing)
 .eh_frame      0x0000000000031690      0x1e0 build/cooja/mtype599.a(rpl.o)
                                        0x1f8 (size before relaxing)
 .eh_frame      0x0000000000031870      0x1c4 build/cooja/mtype599.a(rpl-icmp6.o)
                                        0x1dc (size before relaxing)
 .eh_frame      0x0000000000031a34       0xa0 build/cooja/mtype599.a(rpl-dag-root.o)
                                         0xb8 (size before relaxing)
 .eh_frame      0x0000000000031ad4       0xa0 build/cooja/mtype599.a(watchdog.o)
                                         0xb8 (size before relaxing)
 .eh_frame      0x0000000000031b74       0x80 build/cooja/mtype599.a(int-master.o)
                                         0x98 (size before relaxing)
 .eh_frame      0x0000000000031bf4       0xa4 build/cooja/mtype599.a(coap-timer-defa)
                                         0xbc (size before relaxing)
 .eh_frame      0x0000000000031c98       0xc4 build/cooja/mtype599.a(stimer.o)
                                         0xdc (size before relaxing)
 .eh_frame      0x0000000000031d5c       0xa0 build/cooja/mtype599.a(ringbuf.o)
                                         0xb8 (size before relaxing)
 .eh_frame      0x0000000000031dfc       0x20 build/cooja/mtype599.a(assert.o)
                                         0x38 (size before relaxing)
 .eh_frame      0x0000000000031e1c      0x2ac build/cooja/mtype599.a(nbr-table.o)
                                        0x2c4 (size before relaxing)
 .eh_frame      0x00000000000320c8      0x120 build/cooja/mtype599.a(link-stats.o)
                                        0x138 (size before relaxing)
 .eh_frame      0x00000000000321e8       0x48 build/cooja/mtype599.a(mac-sequence.o)
                                         0x60 (size before relaxing)
 .eh_frame      0x0000000000032230       0x20 build/cooja/mtype599.a(mac.o)
                                         0x38 (size before relaxing)
 .eh_frame      0x0000000000032250       0xa4 build/cooja/mtype599.a(framer-802154.o)
                                         0xbc (size before relaxing)
 .eh_frame      0x00000000000322f4      0x1a4 build/cooja/mtype599.a(frame802154.o)
                                        0x1bc (size before relaxing)
 .eh_frame      0x0000000000032498       0x40 build/cooja/mtype599.a(csma-security.o)
                                         0x58 (size before relaxing)
 .eh_frame      0x00000000000324d8      0x200 build/cooja/mtype599.a(uipbuf.o)
                                        0x218 (size before relaxing)
 .eh_frame      0x00000000000326d8      0x150 build/cooja/mtype599.a(uip-icmp6.o)
                                        0x168 (size before relaxing)
 .eh_frame      0x0000000000032828      0x184 build/cooja/mtype599.a(uip-sr.o)
                                        0x19c (size before relaxing)
 .eh_frame      0x00000000000329ac       0xe0 build/cooja/mtype599.a(uip-packetqueue)
                                         0xf8 (size before relaxing)
 .eh_frame      0x0000000000032a8c       0x80 build/cooja/mtype599.a(rpl-nbr-policy.)
                                         0x98 (size before relaxing)
 .eh_frame      0x0000000000032b0c      0x2d4 build/cooja/mtype599.a(rpl-neighbor.o)
                                        0x2ec (size before relaxing)
 .eh_frame      0x0000000000032de0      0x370 build/cooja/mtype599.a(rpl-dag.o)
                                        0x388 (size before relaxing)
 .eh_frame      0x0000000000033150      0x3a8 build/cooja/mtype599.a(rpl-timers.o)
                                        0x3c0 (size before relaxing)
 .eh_frame      0x00000000000334f8      0x124 build/cooja/mtype599.a(rpl-ext-header.)
                                        0x13c (size before relaxing)
 .eh_frame      0x000000000003361c      0x148 build/cooja/mtype599.a(rpl-mrhof.o)
                                        0x160 (size before relaxing)
 .eh_frame      0x0000000000033764       0x84 /usr/lib/gcc/i686-linux-gnu/5/libgcc.a(_udivdi3.o)
                                         0x9c (size before relaxing)
 .eh_frame      0x00000000000337e8        0x4 /usr/lib/gcc/i686-linux-gnu/5/crtendS.o
 *(.eh_frame.*)

.gcc_except_table
 *(.gcc_except_table .gcc_except_table.*)

.gnu_extab
 *(.gnu_extab*)

.exception_ranges
 *(.exception_ranges .exception_ranges*)
                0x0000000000034f10                . = DATA_SEGMENT_ALIGN (0x1000, 0x1000)

.eh_frame
 *(.eh_frame)
 *(.eh_frame.*)

.gnu_extab
 *(.gnu_extab)

.gcc_except_table
 *(.gcc_except_table .gcc_except_table.*)

.exception_ranges
 *(.exception_ranges .exception_ranges*)

.tdata
 *(.tdata .tdata.* .gnu.linkonce.td.*)

.tbss
 *(.tbss .tbss.* .gnu.linkonce.tb.*)
 *(.tcommon)

.preinit_array
 *(.preinit_array)

.init_array     0x0000000000034f10        0x4
 *(SORT(.init_array.*) SORT(.ctors.*))
 *(.init_array EXCLUDE_FILE(*crtend?.o *crtend.o *crtbegin?.o *crtbegin.o) .ctors)
 .init_array    0x0000000000034f10        0x4 /usr/lib/gcc/i686-linux-gnu/5/crtbeginS.o

.fini_array     0x0000000000034f14        0x4
 *(SORT(.fini_array.*) SORT(.dtors.*))
 *(.fini_array EXCLUDE_FILE(*crtend?.o *crtend.o *crtbegin?.o *crtbegin.o) .dtors)
 .fini_array    0x0000000000034f14        0x4 /usr/lib/gcc/i686-linux-gnu/5/crtbeginS.o

.ctors
 *crtbegin.o(.ctors)
 *crtbegin?.o(.ctors)
 *(EXCLUDE_FILE(*crtend?.o *crtend.o) .ctors)
 *(SORT(.ctors.*))
 *(.ctors)

.dtors
 *crtbegin.o(.dtors)
 *crtbegin?.o(.dtors)
 *(EXCLUDE_FILE(*crtend?.o *crtend.o) .dtors)
 *(SORT(.dtors.*))
 *(.dtors)

.jcr            0x0000000000034f18        0x4
 *(.jcr)
 .jcr           0x0000000000034f18        0x0 /usr/lib/gcc/i686-linux-gnu/5/crtbeginS.o
 .jcr           0x0000000000034f18        0x4 /usr/lib/gcc/i686-linux-gnu/5/crtendS.o

.data.rel.ro
 *(.data.rel.ro.local* .gnu.linkonce.d.rel.ro.local.*)
 *(.data.rel.ro .data.rel.ro.* .gnu.linkonce.d.rel.ro.*)

.dynamic        0x0000000000034f1c       0xd0
 *(.dynamic)
 .dynamic       0x0000000000034f1c       0xd0 /usr/lib/gcc/i686-linux-gnu/5/../../../i386-linux-gnu/crti.o
                0x0000000000034f1c                _DYNAMIC

.got            0x0000000000034fec       0x14
 *(.got)
 .got           0x0000000000034fec       0x14 /usr/lib/gcc/i686-linux-gnu/5/../../../i386-linux-gnu/crti.o
 *(.igot)
                0x0000000000035ff4                . = DATA_SEGMENT_RELRO_END (., (SIZEOF (.got.plt) >= 0xc)?0xc:0x0)

.got.plt        0x0000000000035000        0xc
 *(.got.plt)
 .got.plt       0x0000000000035000        0xc /usr/lib/gcc/i686-linux-gnu/5/../../../i386-linux-gnu/crti.o
                0x0000000000035000                _GLOBAL_OFFSET_TABLE_
 *(.igot.plt)

.data           0x0000000000035020      0x484
 *(.data .data.* .gnu.linkonce.d.*)
 .data          0x0000000000035020        0x0 /usr/lib/gcc/i686-linux-gnu/5/../../../i386-linux-gnu/crti.o
 .data          0x0000000000035020        0x0 /usr/lib/gcc/i686-linux-gnu/5/crtbeginS.o
 .data.rel.local
                0x0000000000035020        0x4 /usr/lib/gcc/i686-linux-gnu/5/crtbeginS.o
                0x0000000000035020                __dso_handle
 .data          0x0000000000035024       0x30 temperature.o
                0x0000000000035024                udp_client
                0x0000000000035034                coap_client
                0x0000000000035044                coap_server
 *fill*         0x0000000000035054        0xc 
 .data          0x0000000000035060       0x44 build/cooja/mtype599.o
                0x0000000000035060                simInterfaces
                0x0000000000035094                sensors
 .data          0x00000000000350a4        0x0 build/cooja/mtype599.a(simEnvChange.o)
 .data          0x00000000000350a4        0x0 build/cooja/mtype599.a(cooja_mt.o)
 .data          0x00000000000350a4        0x0 build/cooja/mtype599.a(cooja_mtarch.o)
 .data          0x00000000000350a4        0x0 build/cooja/mtype599.a(rtimer-arch.o)
 .data          0x00000000000350a4        0x0 build/cooja/mtype599.a(beep.o)
 .data          0x00000000000350a4        0x0 build/cooja/mtype599.a(leds-arch.o)
 .data          0x00000000000350a4        0x0 build/cooja/mtype599.a(moteid.o)
 .data          0x00000000000350a4        0x0 build/cooja/mtype599.a(pir-sensor.o)
 .data          0x00000000000350a4        0x0 build/cooja/mtype599.a(rs232.o)
 .data          0x00000000000350a4        0x0 build/cooja/mtype599.a(vib-sensor.o)
 .data          0x00000000000350a4        0x0 build/cooja/mtype599.a(clock.o)
 .data          0x00000000000350a4        0x0 build/cooja/mtype599.a(cooja-log.o)
 .data          0x00000000000350a4        0x0 build/cooja/mtype599.a(cfs-cooja.o)
 .data          0x00000000000350a4       0x2c build/cooja/mtype599.a(cooja-radio.o)
                0x00000000000350a4                simRadioHWOn
                0x00000000000350a8                simSignalStrength
                0x00000000000350ac                simLastSignalStrength
                0x00000000000350b0                simPower
                0x00000000000350b4                simRadioChannel
                0x00000000000350b8                simLQI
                0x00000000000350c0                cooja_radio_process
 .data          0x00000000000350d0        0x0 build/cooja/mtype599.a(eeprom.o)
 .data          0x00000000000350d0        0x0 build/cooja/mtype599.a(random.o)
 .data          0x00000000000350d0       0x10 build/cooja/mtype599.a(sensors.o)
                0x00000000000350d0                sensors_process
 .data          0x00000000000350e0        0x0 build/cooja/mtype599.a(leds.o)
 .data          0x00000000000350e0        0x0 build/cooja/mtype599.a(gpio-hal-arch.o)
 .data          0x00000000000350e0       0x78 build/cooja/mtype599.a(buttons.o)
                0x00000000000350e0                simButtonIsActive
                0x0000000000035150                button_hal_buttons
 *fill*         0x0000000000035158        0x8 
 .data          0x0000000000035160       0x44 build/cooja/mtype599.a(res_temperature)
                0x0000000000035180                res_temperature
 .data          0x00000000000351a4        0x0 build/cooja/mtype599.a(coap-blocking-a)
 .data          0x00000000000351a4        0x8 build/cooja/mtype599.a(coap-engine.o)
 *fill*         0x00000000000351ac       0x14 
 .data          0x00000000000351c0       0x24 build/cooja/mtype599.a(coap-res-well-k)
                0x00000000000351c0                res_well_known_core
 .data          0x00000000000351e4       0x10 build/cooja/mtype599.a(coap-observe.o)
 .data          0x00000000000351f4       0x10 build/cooja/mtype599.a(coap-uip.o)
                0x00000000000351f4                coap_engine
 .data          0x0000000000035204        0x4 build/cooja/mtype599.a(coap-timer.o)
 .data          0x0000000000035208       0x10 build/cooja/mtype599.a(coap-transactio)
 .data          0x0000000000035218        0x4 build/cooja/mtype599.a(coap.o)
                0x0000000000035218                coap_error_message
 .data          0x000000000003521c        0x0 build/cooja/mtype599.a(contiki-main.o)
 .data          0x000000000003521c        0x0 build/cooja/mtype599.a(autostart.o)
 .data          0x000000000003521c       0x14 build/cooja/mtype599.a(ctimer.o)
                0x0000000000035220                ctimer_process
 *fill*         0x0000000000035230       0x10 
 .data          0x0000000000035240       0xbc build/cooja/mtype599.a(log.o)
                0x0000000000035240                curr_log_level_main
                0x0000000000035260                all_modules
 .data          0x00000000000352fc        0x0 build/cooja/mtype599.a(energest.o)
 .data          0x00000000000352fc       0x10 build/cooja/mtype599.a(etimer.o)
                0x00000000000352fc                etimer_process
 .data          0x000000000003530c        0x0 build/cooja/mtype599.a(node-id.o)
 .data          0x000000000003530c        0x0 build/cooja/mtype599.a(rtimer.o)
 .data          0x000000000003530c        0x0 build/cooja/mtype599.a(process.o)
 .data          0x000000000003530c        0x0 build/cooja/mtype599.a(timer.o)
 .data          0x000000000003530c        0x0 build/cooja/mtype599.a(list.o)
 .data          0x000000000003530c        0x0 build/cooja/mtype599.a(memb.o)
 .data          0x000000000003530c       0x10 build/cooja/mtype599.a(button-hal.o)
                0x000000000003530c                button_hal_process
 .data          0x000000000003531c       0x10 build/cooja/mtype599.a(serial-line.o)
                0x000000000003531c                serial_line_process
 .data          0x000000000003532c        0x4 build/cooja/mtype599.a(gpio-hal.o)
 .data          0x0000000000035330       0x18 build/cooja/mtype599.a(queuebuf.o)
 .data          0x0000000000035348        0x4 build/cooja/mtype599.a(packetbuf.o)
 .data          0x000000000003534c        0x4 build/cooja/mtype599.a(netstack.o)
 .data          0x0000000000035350        0x0 build/cooja/mtype599.a(linkaddr.o)
 .data          0x0000000000035350        0x0 build/cooja/mtype599.a(csma.o)
 .data          0x0000000000035350       0x28 build/cooja/mtype599.a(csma-output.o)
 .data          0x0000000000035378        0x0 build/cooja/mtype599.a(uip-ds6.o)
 .data          0x0000000000035378        0x0 build/cooja/mtype599.a(uip-udp-packet.)
 .data          0x0000000000035378       0x10 build/cooja/mtype599.a(uip-ds6-route.o)
 .data          0x0000000000035388       0x10 build/cooja/mtype599.a(tcpip.o)
                0x0000000000035388                tcpip_process
 .data          0x0000000000035398        0x0 build/cooja/mtype599.a(uip6.o)
 .data          0x0000000000035398       0x14 build/cooja/mtype599.a(uip-ds6-nbr.o)
 .data          0x00000000000353ac        0xc build/cooja/mtype599.a(uip-nd6.o)
 .data          0x00000000000353b8       0x10 build/cooja/mtype599.a(simple-udp.o)
                0x00000000000353b8                simple_udp_process
 .data          0x00000000000353c8        0x0 build/cooja/mtype599.a(sicslowpan.o)
 .data          0x00000000000353c8        0x0 build/cooja/mtype599.a(uiplib.o)
 .data          0x00000000000353c8        0x0 build/cooja/mtype599.a(rpl.o)
 .data          0x00000000000353c8       0x30 build/cooja/mtype599.a(rpl-icmp6.o)
 .data          0x00000000000353f8        0x0 build/cooja/mtype599.a(rpl-dag-root.o)
 .data          0x00000000000353f8        0x0 build/cooja/mtype599.a(watchdog.o)
 .data          0x00000000000353f8        0x0 build/cooja/mtype599.a(int-master.o)
 .data          0x00000000000353f8       0x10 build/cooja/mtype599.a(coap-timer-defa)
                0x00000000000353f8                coap_timer_process
 .data          0x0000000000035408        0x0 build/cooja/mtype599.a(stimer.o)
 .data          0x0000000000035408        0x0 build/cooja/mtype599.a(ringbuf.o)
 .data          0x0000000000035408        0x0 build/cooja/mtype599.a(assert.o)
 .data          0x0000000000035408       0x10 build/cooja/mtype599.a(nbr-table.o)
 .data          0x0000000000035418       0x14 build/cooja/mtype599.a(link-stats.o)
 .data          0x000000000003542c        0x0 build/cooja/mtype599.a(mac-sequence.o)
 .data          0x000000000003542c        0x0 build/cooja/mtype599.a(mac.o)
 .data          0x000000000003542c        0x0 build/cooja/mtype599.a(framer-802154.o)
 .data          0x000000000003542c        0x2 build/cooja/mtype599.a(frame802154.o)
 .data          0x000000000003542e        0x0 build/cooja/mtype599.a(csma-security.o)
 .data          0x000000000003542e        0x0 build/cooja/mtype599.a(uipbuf.o)
 *fill*         0x000000000003542e        0x2 
 .data          0x0000000000035430       0x20 build/cooja/mtype599.a(uip-icmp6.o)
 .data          0x0000000000035450       0x10 build/cooja/mtype599.a(uip-sr.o)
 .data          0x0000000000035460        0xc build/cooja/mtype599.a(uip-packetqueue)
 .data          0x000000000003546c        0x0 build/cooja/mtype599.a(rpl-nbr-policy.)
 .data          0x000000000003546c       0x14 build/cooja/mtype599.a(rpl-neighbor.o)
                0x000000000003547c                rpl_neighbors
 .data          0x0000000000035480        0x0 build/cooja/mtype599.a(rpl-dag.o)
 .data          0x0000000000035480        0x0 build/cooja/mtype599.a(rpl-timers.o)
 .data          0x0000000000035480        0x0 build/cooja/mtype599.a(rpl-ext-header.)
 .data          0x0000000000035480       0x24 build/cooja/mtype599.a(rpl-mrhof.o)
                0x0000000000035480                rpl_mrhof
 .data          0x00000000000354a4        0x0 /usr/lib/gcc/i686-linux-gnu/5/libgcc.a(_udivdi3.o)
 .data          0x00000000000354a4        0x0 /usr/lib/gcc/i686-linux-gnu/5/crtendS.o
 .data          0x00000000000354a4        0x0 /usr/lib/gcc/i686-linux-gnu/5/../../../i386-linux-gnu/crtn.o

.tm_clone_table
                0x00000000000354a4        0x0
 .tm_clone_table
                0x00000000000354a4        0x0 /usr/lib/gcc/i686-linux-gnu/5/crtbeginS.o
 .tm_clone_table
                0x00000000000354a4        0x0 /usr/lib/gcc/i686-linux-gnu/5/crtendS.o

.data1
 *(.data1)
                0x00000000000354a4                _edata = .
                [!provide]                        PROVIDE (edata, .)
                0x00000000000354a4                . = .
                0x00000000000354a4                __bss_start = .

.bss            0x00000000000354c0    0x146e4
 *(.dynbss)
 .dynbss        0x00000000000354c0        0x0 /usr/lib/gcc/i686-linux-gnu/5/../../../i386-linux-gnu/crti.o
 *(.bss .bss.* .gnu.linkonce.b.*)
 .bss           0x00000000000354c0        0x0 /usr/lib/gcc/i686-linux-gnu/5/../../../i386-linux-gnu/crti.o
 .bss           0x00000000000354c0        0x1 /usr/lib/gcc/i686-linux-gnu/5/crtbeginS.o
 *fill*         0x00000000000354c1       0x1f 
 .bss           0x00000000000354e0      0x28c temperature.o
                0x00000000000354e0                rpl_add
                0x00000000000354e1                registered
 *fill*         0x000000000003576c       0x14 
 .bss           0x0000000000035780     0x2030 build/cooja/mtype599.o
 .bss           0x00000000000377b0        0x1 build/cooja/mtype599.a(simEnvChange.o)
                0x00000000000377b0                simDontFallAsleep
 *fill*         0x00000000000377b1        0x3 
 .bss           0x00000000000377b4        0x4 build/cooja/mtype599.a(cooja_mt.o)
 .bss           0x00000000000377b8        0x4 build/cooja/mtype599.a(cooja_mtarch.o)
 .bss           0x00000000000377bc        0x0 build/cooja/mtype599.a(rtimer-arch.o)
 .bss           0x00000000000377bc        0x0 build/cooja/mtype599.a(beep.o)
 .bss           0x00000000000377bc        0x1 build/cooja/mtype599.a(leds-arch.o)
                0x00000000000377bc                simLedsValue
 .bss           0x00000000000377bd        0x0 build/cooja/mtype599.a(moteid.o)
 .bss           0x00000000000377bd        0x1 build/cooja/mtype599.a(pir-sensor.o)
                0x00000000000377bd                simPirValue
 *fill*         0x00000000000377be        0x2 
 .bss           0x00000000000377c0        0x4 build/cooja/mtype599.a(rs232.o)
 .bss           0x00000000000377c4        0x1 build/cooja/mtype599.a(vib-sensor.o)
                0x00000000000377c4                simVibValue
 .bss           0x00000000000377c5        0x0 build/cooja/mtype599.a(clock.o)
 *fill*         0x00000000000377c5       0x1b 
 .bss           0x00000000000377e0     0x2020 build/cooja/mtype599.a(cooja-log.o)
 .bss           0x0000000000039800      0xfc0 build/cooja/mtype599.a(cfs-cooja.o)
                0x0000000000039800                simCFSData
                0x000000000003a7a0                simCFSSize
                0x000000000003a7a4                simCFSChanged
                0x000000000003a7a8                simCFSRead
                0x000000000003a7ac                simCFSWritten
 .bss           0x000000000003a7c0       0x24 build/cooja/mtype599.a(cooja-radio.o)
                0x000000000003a7c0                simReceiving
                0x000000000003a7c4                simInSize
                0x000000000003a7c8                simLastPacketTimestamp
                0x000000000003a7d0                simOutSize
 .bss           0x000000000003a7e4        0xc build/cooja/mtype599.a(eeprom.o)
                0x000000000003a7e4                simEEPROMChanged
                0x000000000003a7e8                simEEPROMRead
                0x000000000003a7ec                simEEPROMWritten
 .bss           0x000000000003a7f0        0x0 build/cooja/mtype599.a(random.o)
 .bss           0x000000000003a7f0        0xc build/cooja/mtype599.a(sensors.o)
 .bss           0x000000000003a7fc        0x0 build/cooja/mtype599.a(leds.o)
 .bss           0x000000000003a7fc       0x24 build/cooja/mtype599.a(gpio-hal-arch.o)
 .bss           0x000000000003a820        0x0 build/cooja/mtype599.a(buttons.o)
 .bss           0x000000000003a820        0x8 build/cooja/mtype599.a(res_temperature)
                0x000000000003a820                name_assigned
                0x000000000003a821                actuator_ip_assigned
 .bss           0x000000000003a828        0x0 build/cooja/mtype599.a(coap-blocking-a)
 *fill*         0x000000000003a828       0x18 
 .bss           0x000000000003a840      0x190 build/cooja/mtype599.a(coap-engine.o)
 .bss           0x000000000003a9d0        0x0 build/cooja/mtype599.a(coap-res-well-k)
 *fill*         0x000000000003a9d0       0x10 
 .bss           0x000000000003a9e0      0x120 build/cooja/mtype599.a(coap-observe.o)
 .bss           0x000000000003ab00       0x18 build/cooja/mtype599.a(coap-uip.o)
 .bss           0x000000000003ab18        0x5 build/cooja/mtype599.a(coap-timer.o)
 *fill*         0x000000000003ab1d        0x3 
 .bss           0x000000000003ab20      0x334 build/cooja/mtype599.a(coap-transactio)
 .bss           0x000000000003ae54        0x6 build/cooja/mtype599.a(coap.o)
                0x000000000003ae54                coap_status_code
 .bss           0x000000000003ae5a        0x0 build/cooja/mtype599.a(contiki-main.o)
 .bss           0x000000000003ae5a        0x0 build/cooja/mtype599.a(autostart.o)
 *fill*         0x000000000003ae5a        0x2 
 .bss           0x000000000003ae5c        0x5 build/cooja/mtype599.a(ctimer.o)
 *fill*         0x000000000003ae61        0x3 
 .bss           0x000000000003ae64       0x2c build/cooja/mtype599.a(log.o)
                0x000000000003ae64                curr_log_level_rpl
                0x000000000003ae68                curr_log_level_tcpip
                0x000000000003ae6c                curr_log_level_ipv6
                0x000000000003ae70                curr_log_level_6lowpan
                0x000000000003ae74                curr_log_level_nullnet
                0x000000000003ae78                curr_log_level_mac
                0x000000000003ae7c                curr_log_level_framer
                0x000000000003ae80                curr_log_level_6top
                0x000000000003ae84                curr_log_level_coap
                0x000000000003ae88                curr_log_level_snmp
                0x000000000003ae8c                curr_log_level_lwm2m
 .bss           0x000000000003ae90        0x0 build/cooja/mtype599.a(energest.o)
 .bss           0x000000000003ae90        0x8 build/cooja/mtype599.a(etimer.o)
 .bss           0x000000000003ae98        0x2 build/cooja/mtype599.a(node-id.o)
                0x000000000003ae98                node_id
 *fill*         0x000000000003ae9a        0x2 
 .bss           0x000000000003ae9c        0x4 build/cooja/mtype599.a(rtimer.o)
 .bss           0x000000000003aea0      0x1a1 build/cooja/mtype599.a(process.o)
                0x000000000003aea0                process_list
                0x000000000003aea4                process_current
 .bss           0x000000000003b041        0x0 build/cooja/mtype599.a(timer.o)
 .bss           0x000000000003b041        0x0 build/cooja/mtype599.a(list.o)
 .bss           0x000000000003b041        0x0 build/cooja/mtype599.a(memb.o)
 *fill*         0x000000000003b041        0x3 
 .bss           0x000000000003b044       0x10 build/cooja/mtype599.a(button-hal.o)
 *fill*         0x000000000003b054        0xc 
 .bss           0x000000000003b060      0x140 build/cooja/mtype599.a(serial-line.o)
 .bss           0x000000000003b1a0        0x4 build/cooja/mtype599.a(gpio-hal.o)
 *fill*         0x000000000003b1a4       0x1c 
 .bss           0x000000000003b1c0     0x2c80 build/cooja/mtype599.a(queuebuf.o)
 .bss           0x000000000003de40       0xa0 build/cooja/mtype599.a(packetbuf.o)
 .bss           0x000000000003dee0        0x4 build/cooja/mtype599.a(netstack.o)
 .bss           0x000000000003dee4        0x0 build/cooja/mtype599.a(linkaddr.o)
 .bss           0x000000000003dee4        0x0 build/cooja/mtype599.a(csma.o)
 *fill*         0x000000000003dee4       0x1c 
 .bss           0x000000000003df00      0x726 build/cooja/mtype599.a(csma-output.o)
 *fill*         0x000000000003e626        0x2 
 .bss           0x000000000003e628       0x30 build/cooja/mtype599.a(uip-ds6.o)
 .bss           0x000000000003e658        0x0 build/cooja/mtype599.a(uip-udp-packet.)
 *fill*         0x000000000003e658        0x8 
 .bss           0x000000000003e660       0x60 build/cooja/mtype599.a(uip-ds6-route.o)
 .bss           0x000000000003e6c0       0x10 build/cooja/mtype599.a(tcpip.o)