Archive member included to satisfy reference by file (symbol)

build/cooja/mtype308.a(simEnvChange.o)
                              build/cooja/mtype308.o (simDontFallAsleep)
build/cooja/mtype308.a(cooja_mt.o)
                              build/cooja/mtype308.o (cooja_mt_start)
build/cooja/mtype308.a(cooja_mtarch.o)
                              build/cooja/mtype308.a(cooja_mt.o) (cooja_mtarch_start)
build/cooja/mtype308.a(rtimer-arch.o)
                              build/cooja/mtype308.o (rtimer_arch_check)
build/cooja/mtype308.a(beep.o)
                              build/cooja/mtype308.o (beep_interface)
build/cooja/mtype308.a(leds-arch.o)
                              build/cooja/mtype308.o (leds_interface)
build/cooja/mtype308.a(moteid.o)
                              build/cooja/mtype308.o (moteid_interface)
build/cooja/mtype308.a(pir-sensor.o)
                              build/cooja/mtype308.o (pir_interface)
build/cooja/mtype308.a(rs232.o)
                              build/cooja/mtype308.o (rs232_interface)
build/cooja/mtype308.a(vib-sensor.o)
                              build/cooja/mtype308.o (vib_interface)
build/cooja/mtype308.a(clock.o)
                              build/cooja/mtype308.o (clock_interface)
build/cooja/mtype308.a(cooja-log.o)
                              build/cooja/mtype308.o (simlog_interface)
build/cooja/mtype308.a(cfs-cooja.o)
                              build/cooja/mtype308.o (cfs_interface)
build/cooja/mtype308.a(cooja-radio.o)
                              build/cooja/mtype308.o (radio_interface)
build/cooja/mtype308.a(eeprom.o)
                              build/cooja/mtype308.o (eeprom_interface)
build/cooja/mtype308.a(random.o)
                              build/cooja/mtype308.a(moteid.o) (random_init)
build/cooja/mtype308.a(sensors.o)
                              build/cooja/mtype308.a(pir-sensor.o) (sensors_changed)
build/cooja/mtype308.a(leds.o)
                              build/cooja/mtype308.a(leds-arch.o) (leds_get)
build/cooja/mtype308.a(gpio-hal-arch.o)
                              build/cooja/mtype308.a(leds-arch.o) (gpio_hal_arch_register_pin_callback)
build/cooja/mtype308.a(buttons.o)
                              build/cooja/mtype308.o (button_interface)
build/cooja/mtype308.a(res_temperature)
                              client.o (res_temperature)
build/cooja/mtype308.a(coap-blocking-a)
                              client.o (coap_blocking_request)
build/cooja/mtype308.a(coap-engine.o)
                              client.o (coap_activate_resource)
build/cooja/mtype308.a(coap-res-well-k)
                              build/cooja/mtype308.a(coap-engine.o) (res_well_known_core)
build/cooja/mtype308.a(coap-observe.o)
                              build/cooja/mtype308.a(coap-engine.o) (coap_remove_observer_by_mid)
build/cooja/mtype308.a(coap-uip.o)
                              build/cooja/mtype308.a(coap-observe.o) (coap_endpoint_copy)
build/cooja/mtype308.a(coap-timer.o)
                              build/cooja/mtype308.a(coap-engine.o) (coap_timer_set)
build/cooja/mtype308.a(coap-transactio)
                              build/cooja/mtype308.a(coap-blocking-a) (coap_send_transaction)
build/cooja/mtype308.a(coap.o)
                              build/cooja/mtype308.a(coap-engine.o) (coap_status_code)
build/cooja/mtype308.a(contiki-main.o)
                              build/cooja/mtype308.o (main)
build/cooja/mtype308.a(autostart.o)
                              build/cooja/mtype308.a(contiki-main.o) (autostart_start)
build/cooja/mtype308.a(ctimer.o)
                              build/cooja/mtype308.a(contiki-main.o) (ctimer_init)
build/cooja/mtype308.a(log.o)
                              build/cooja/mtype308.a(contiki-main.o) (curr_log_level_main)
build/cooja/mtype308.a(energest.o)
                              build/cooja/mtype308.a(contiki-main.o) (energest_init)
build/cooja/mtype308.a(etimer.o)
                              build/cooja/mtype308.a(contiki-main.o) (etimer_process)
build/cooja/mtype308.a(node-id.o)
                              build/cooja/mtype308.a(contiki-main.o) (node_id)
build/cooja/mtype308.a(rtimer.o)
                              build/cooja/mtype308.a(contiki-main.o) (rtimer_init)
build/cooja/mtype308.a(process.o)
                              build/cooja/mtype308.a(coap-blocking-a) (process_current)
build/cooja/mtype308.a(timer.o)
                              build/cooja/mtype308.a(etimer.o) (timer_set)
build/cooja/mtype308.a(list.o)
                              build/cooja/mtype308.a(coap-engine.o) (list_init)
build/cooja/mtype308.a(memb.o)
                              build/cooja/mtype308.a(coap-observe.o) (memb_alloc)
build/cooja/mtype308.a(button-hal.o)
                              build/cooja/mtype308.o (button_hal_init)
build/cooja/mtype308.a(serial-line.o)
                              build/cooja/mtype308.a(rs232.o) (serial_line_input_byte)
build/cooja/mtype308.a(gpio-hal.o)
[...]
Memory Configuration

Name             Origin             Length             Attributes
*default*        0x0000000000000000 0xffffffffffffffff

Linker script and memory map

LOAD /usr/lib/gcc/i686-linux-gnu/5/../../../i386-linux-gnu/crti.o
LOAD /usr/lib/gcc/i686-linux-gnu/5/crtbeginS.o
LOAD client.o
LOAD build/cooja/mtype308.o
LOAD build/cooja/mtype308.a
LOAD /usr/lib/gcc/i686-linux-gnu/5/libgcc.a
LOAD /usr/lib/gcc/i686-linux-gnu/5/libgcc_s.so
LOAD /usr/lib/gcc/i686-linux-gnu/5/../../../i386-linux-gnu/libc.so
START GROUP
LOAD /lib/i386-linux-gnu/libc.so.6
LOAD /usr/lib/i386-linux-gnu/libc_nonshared.a
LOAD /lib/i386-linux-gnu/ld-linux.so.2
END GROUP
LOAD /usr/lib/gcc/i686-linux-gnu/5/libgcc.a
LOAD /usr/lib/gcc/i686-linux-gnu/5/libgcc_s.so
LOAD /usr/lib/gcc/i686-linux-gnu/5/crtendS.o
LOAD /usr/lib/gcc/i686-linux-gnu/5/../../../i386-linux-gnu/crtn.o
                0x0000000000000114                . = (0x0 + SIZEOF_HEADERS)

.note.gnu.build-id
                0x0000000000000114       0x24
 *(.note.gnu.build-id)
 .note.gnu.build-id
                0x0000000000000114       0x24 /usr/lib/gcc/i686-linux-gnu/5/../../../i386-linux-gnu/crti.o

.hash
 *(.hash)

.gnu.hash       0x0000000000000138     0x15b8
 *(.gnu.hash)
 .gnu.hash      0x0000000000000138     0x15b8 /usr/lib/gcc/i686-linux-gnu/5/../../../i386-linux-gnu/crti.o

.dynsym         0x00000000000016f0     0x2f90
 *(.dynsym)
 .dynsym        0x00000000000016f0     0x2f90 /usr/lib/gcc/i686-linux-gnu/5/../../../i386-linux-gnu/crti.o

.dynstr         0x0000000000004680     0x3726
 *(.dynstr)
 .dynstr        0x0000000000004680     0x3726 /usr/lib/gcc/i686-linux-gnu/5/../../../i386-linux-gnu/crti.o

.gnu.version    0x0000000000007da6      0x5f2
 *(.gnu.version)
 .gnu.version   0x0000000000007da6      0x5f2 /usr/lib/gcc/i686-linux-gnu/5/../../../i386-linux-gnu/crti.o

.gnu.version_d  0x0000000000008398        0x0
 *(.gnu.version_d)
 .gnu.version_d
                0x0000000000008398        0x0 /usr/lib/gcc/i686-linux-gnu/5/../../../i386-linux-gnu/crti.o

.gnu.version_r  0x0000000000008398       0x40
 *(.gnu.version_r)
 .gnu.version_r
                0x0000000000008398       0x40 /usr/lib/gcc/i686-linux-gnu/5/../../../i386-linux-gnu/crti.o

.rel.dyn        0x00000000000083d8     0x9260
 *(.rel.init)
 .rel.init      0x00000000000083d8        0x0 /usr/lib/gcc/i686-linux-gnu/5/../../../i386-linux-gnu/crti.o
 *(.rel.text .rel.text.* .rel.gnu.linkonce.t.*)
 .rel.text      0x00000000000083d8     0x8860 /usr/lib/gcc/i686-linux-gnu/5/../../../i386-linux-gnu/crti.o
 *(.rel.fini)
 .rel.fini      0x0000000000010c38        0x0 /usr/lib/gcc/i686-linux-gnu/5/../../../i386-linux-gnu/crti.o
 *(.rel.rodata .rel.rodata.* .rel.gnu.linkonce.r.*)
 .rel.rodata    0x0000000000010c38      0x598 /usr/lib/gcc/i686-linux-gnu/5/../../../i386-linux-gnu/crti.o
 *(.rel.data.rel.ro .rel.data.rel.ro.* .rel.gnu.linkonce.d.rel.ro.*)
 *(.rel.data .rel.data.* .rel.gnu.linkonce.d.*)
 .rel.data.rel.local
                0x00000000000111d0        0x8 /usr/lib/gcc/i686-linux-gnu/5/../../../i386-linux-gnu/crti.o
 .rel.data      0x00000000000111d8      0x428 /usr/lib/gcc/i686-linux-gnu/5/../../../i386-linux-gnu/crti.o
 *(.rel.tdata .rel.tdata.* .rel.gnu.linkonce.td.*)
 *(.rel.tbss .rel.tbss.* .rel.gnu.linkonce.tb.*)
 *(.rel.ctors)
 *(.rel.dtors)
 *(.rel.got)
 .rel.got       0x0000000000011600       0x28 /usr/lib/gcc/i686-linux-gnu/5/../../../i386-linux-gnu/crti.o
 *(.rel.bss .rel.bss.* .rel.gnu.linkonce.b.*)
 *(.rel.ifunc)
 .rel.ifunc     0x0000000000011628        0x0 /usr/lib/gcc/i686-linux-gnu/5/../../../i386-linux-gnu/crti.o
 .rel.fini_array
                0x0000000000011628        0x8 /usr/lib/gcc/i686-linux-gnu/5/../../../i386-linux-gnu/crti.o
 .rel.init_array
                0x0000000000011630        0x8 /usr/lib/gcc/i686-linux-gnu/5/../../../i386-linux-gnu/crti.o

.rel.plt        0x0000000000011638        0x0
 *(.rel.plt)
 .rel.plt       0x0000000000011638        0x0 /usr/lib/gcc/i686-linux-gnu/5/../../../i386-linux-gnu/crti.o
 *(.rel.iplt)

.init           0x0000000000011638       0x23
 *(SORT(.init))
 .init          0x0000000000011638       0x1e /usr/lib/gcc/i686-linux-gnu/5/../../../i386-linux-gnu/crti.o
                0x0000000000011638                _init
 .init          0x0000000000011656        0x5 /usr/lib/gcc/i686-linux-gnu/5/../../../i386-linux-gnu/crtn.o

.plt            0x0000000000011660       0x10
 *(.plt)
 .plt           0x0000000000011660       0x10 /usr/lib/gcc/i686-linux-gnu/5/../../../i386-linux-gnu/crti.o
 *(.iplt)

.plt.got        0x0000000000011670       0x10
 *(.plt.got)
 .plt.got       0x0000000000011670       0x10 /usr/lib/gcc/i686-linux-gnu/5/../../../i386-linux-gnu/crti.o

.text           0x0000000000011680    0x18c82
 *(.text.unlikely .text.*_unlikely .text.unlikely.*)
 .text.unlikely
                0x0000000000011680        0x0 /usr/lib/gcc/i686-linux-gnu/5/crtbeginS.o
 .text.unlikely
                0x0000000000011680        0x0 /usr/lib/gcc/i686-linux-gnu/5/libgcc.a(_udivdi3.o)
 *(.text.exit .text.exit.*)
 *(.text.startup .text.startup.*)
 *(.text.hot .text.hot.*)
 *(.text .stub .text.* .gnu.linkonce.t.*)
 .text          0x0000000000011680        0x0 /usr/lib/gcc/i686-linux-gnu/5/../../../i386-linux-gnu/crti.o
 .gnu.linkonce.t.__x86.get_pc_thunk.bx
                0x0000000000011680        0x4 /usr/lib/gcc/i686-linux-gnu/5/../../../i386-linux-gnu/crti.o
                0x0000000000011680                __x86.get_pc_thunk.bx
 *fill*         0x0000000000011684        0xc 
 .text          0x0000000000011690      0x11c /usr/lib/gcc/i686-linux-gnu/5/crtbeginS.o
 .text.__x86.get_pc_thunk.dx
                0x00000000000117ac        0x4 /usr/lib/gcc/i686-linux-gnu/5/crtbeginS.o
                0x00000000000117ac                __x86.get_pc_thunk.dx
 .text          0x00000000000117b0      0x551 client.o
                0x00000000000117e1                response_handler
 .text          0x0000000000011d01      0x283 build/cooja/mtype308.o
                0x0000000000011d93                platform_init_stage_one
                0x0000000000011da6                platform_init_stage_two
                0x0000000000011db9                platform_init_stage_three
                0x0000000000011dcc                platform_main_loop
                0x0000000000011e3f                Java_org_contikios_cooja_corecomm_Lib2_init
                0x0000000000011e76                Java_org_contikios_cooja_corecomm_Lib2_getMemory
                0x0000000000011ea9                Java_org_contikios_cooja_corecomm_Lib2_setMemory
                0x0000000000011f09                Java_org_contikios_cooja_corecomm_Lib2_tick
                0x0000000000011f71                Java_org_contikios_cooja_corecomm_Lib2_setReferenceAddress
 .text          0x0000000000011f84       0x65 build/cooja/mtype308.a(simEnvChange.o)
                0x0000000000011f84                doActionsBeforeTick
                0x0000000000011fb6                doActionsAfterTick
 .text          0x0000000000011fe9       0x83 build/cooja/mtype308.a(cooja_mt.o)
                0x0000000000011fe9                cooja_mt_start
                0x0000000000012013                cooja_mt_exec
                0x0000000000012049                cooja_mt_yield
 .text          0x000000000001206c       0xbe build/cooja/mtype308.a(cooja_mtarch.o)
                0x000000000001206c                cooja_mtarch_start
                0x00000000000120df                cooja_sw
                0x0000000000012102                cooja_mtarch_exec
                0x000000000001211f                cooja_mtarch_yield
 .text          0x000000000001212a       0xc5 build/cooja/mtype308.a(rtimer-arch.o)
                0x000000000001212a                rtimer_arch_init
                0x000000000001214e                rtimer_arch_schedule
                0x000000000001217e                rtimer_arch_next
                0x000000000001218e                rtimer_arch_pending
                0x0000000000012198                rtimer_arch_check
                0x00000000000121df                rtimer_arch_now
 .text          0x00000000000121ef       0x81 build/cooja/mtype308.a(beep.o)
                0x00000000000121ef                beep_alarm
                0x00000000000121fc                beep_beep
                0x0000000000012209                beep
                0x0000000000012216                beep_down
                0x0000000000012223                beep_on
                0x0000000000012230                beep_off
                0x000000000001223d                beep_spinup
                0x000000000001224a                beep_quick
                0x0000000000012257                beep_long
 .text          0x0000000000012270       0x65 build/cooja/mtype308.a(leds-arch.o)
                0x0000000000012283                leds_arch_init
 .text          0x00000000000122d5       0x35 build/cooja/mtype308.a(moteid.o)
 .text          0x000000000001230a       0xb7 build/cooja/mtype308.a(pir-sensor.o)
 .text          0x00000000000123c1      0x148 build/cooja/mtype308.a(rs232.o)
                0x00000000000123c1                rs232_init
                0x00000000000123c7                rs232_set_speed
                0x00000000000123d6                rs232_set_input
                0x00000000000123e4                rs232_send
                0x0000000000012408                rs232_print
                0x0000000000012424                slip_arch_writeb
 .text          0x0000000000012509       0xb7 build/cooja/mtype308.a(vib-sensor.o)
 .text          0x00000000000125c0       0x38 build/cooja/mtype308.a(clock.o)
                0x00000000000125c0                clock_init
                0x00000000000125c6                clock_time
                0x00000000000125d0                clock_seconds
                0x00000000000125e6                clock_delay
 .text          0x00000000000125f8      0x219 build/cooja/mtype308.a(cooja-log.o)
                0x00000000000125f8                simlog_char
                0x000000000001263b                simlog
                0x00000000000126b1                log_message
                0x00000000000126e2                log_set_putchar_with_slip
                0x00000000000126f0                log_putchar
                0x000000000001276b                log_puts
                0x0000000000012793                log_printf
 .text          0x0000000000012811      0x2b9 build/cooja/mtype308.a(cfs-cooja.o)
                0x0000000000012811                cfs_open
                0x000000000001287a                cfs_close
                0x0000000000012887                cfs_read
                0x000000000001291c                cfs_write
                0x00000000000129f8                cfs_seek
                0x0000000000012a80                cfs_remove
                0x0000000000012aa4                cfs_opendir
                0x0000000000012aae                cfs_readdir
                0x0000000000012ab8                cfs_closedir
 .text          0x0000000000012aca      0x620 build/cooja/mtype308.a(cooja-radio.o)
                0x0000000000012b0c                radio_set_channel
                0x0000000000012b1a                radio_set_txpower
                0x0000000000012b32                radio_signal_strength_last
                0x0000000000012b3c                radio_signal_strength_current
                0x0000000000012b46                radio_LQI
 .text          0x00000000000130ea       0xee build/cooja/mtype308.a(eeprom.o)
                0x00000000000130ea                eeprom_init
                0x00000000000130f0                eeprom_read
                0x000000000001315e                eeprom_write
 .text          0x00000000000131d8       0x2d build/cooja/mtype308.a(random.o)
                0x00000000000131d8                random_init
                0x00000000000131f8                random_rand
 .text          0x0000000000013205      0x29c build/cooja/mtype308.a(sensors.o)
                0x0000000000013240                sensors_first
                0x000000000001324a                sensors_next
                0x0000000000013264                sensors_changed
                0x0000000000013298                sensors_find
 .text          0x00000000000134a1      0x349 build/cooja/mtype308.a(leds.o)
                0x00000000000134a1                leds_init
                0x00000000000134e8                leds_single_on
                0x0000000000013547                leds_single_off
                0x00000000000135a6                leds_single_toggle
                0x00000000000135d8                leds_on
                0x000000000001365a                leds_off
                0x00000000000136dc                leds_toggle
                0x0000000000013731                leds_set
                0x000000000001375d                leds_get
 .text          0x00000000000137ea      0x343 build/cooja/mtype308.a(gpio-hal-arch.o)
                0x00000000000137ea                gpio_hal_arch_register_pin_callback
                0x0000000000013856                gpio_hal_arch_init
                0x000000000001389b                gpio_hal_arch_no_port_interrupt_enable
                0x00000000000138cb                gpio_hal_arch_no_port_interrupt_disable
                0x00000000000138fb                gpio_hal_arch_no_port_pin_cfg_set
                0x0000000000013920                gpio_hal_arch_no_port_pin_cfg_get
                0x0000000000013946                gpio_hal_arch_no_port_pin_set_input
                0x0000000000013958                gpio_hal_arch_no_port_pin_set_output
                0x000000000001396a                gpio_hal_arch_no_port_set_pin
                0x000000000001398b                gpio_hal_arch_no_port_clear_pin
                0x00000000000139ac                gpio_hal_arch_no_port_read_pin
                0x00000000000139d2                gpio_hal_arch_no_port_write_pin
                0x00000000000139fc                gpio_hal_arch_no_port_set_pins
                0x0000000000013a43                gpio_hal_arch_no_port_clear_pins
                0x0000000000013a8a                gpio_hal_arch_no_port_read_pins
                0x0000000000013acd                gpio_hal_arch_no_port_write_pins
 .text          0x0000000000013b2d       0x89 build/cooja/mtype308.a(buttons.o)
 .text          0x0000000000013bb6      0x2ca build/cooja/mtype308.a(res_temperature)
 .text          0x0000000000013e80      0x27b build/cooja/mtype308.a(coap-blocking-a)
                0x0000000000013e80                coap_blocking_request_callback
                0x0000000000013eaa                coap_blocking_request
 .text          0x00000000000140fb      0xbea build/cooja/mtype308.a(coap-engine.o)
                0x0000000000014190                coap_add_handler
                0x00000000000141ad                coap_remove_handler
                0x00000000000141ca                coap_call_handlers
                0x00000000000142d2                coap_receive
                0x00000000000148cd                coap_engine_init
                0x000000000001492b                coap_activate_resource
                0x00000000000149d6                coap_get_first_resource
                0x00000000000149ef                coap_get_next_resource
 .text          0x0000000000014ce5      0x2d9 build/cooja/mtype308.a(coap-res-well-k)
 .text          0x0000000000014fbe      0x96a build/cooja/mtype308.a(coap-observe.o)
                0x00000000000150d3                coap_remove_observer
                0x0000000000015103                coap_remove_observer_by_client
                0x000000000001516b                coap_remove_observer_by_token
                0x00000000000151fe                coap_remove_observer_by_uri
                0x00000000000152a5                coap_remove_observer_by_mid
                0x0000000000015321                coap_notify_observers
                0x000000000001533a                coap_notify_observers_sub
                0x00000000000157a4                coap_observe_handler
                0x00000000000158bf                coap_has_observers
 .text          0x0000000000015928      0x733 build/cooja/mtype308.a(coap-uip.o)
                0x0000000000015928                coap_endpoint_log
                0x00000000000159ae                coap_endpoint_print
                0x0000000000015a34                coap_endpoint_snprint
                0x0000000000015b67                coap_endpoint_copy
                0x0000000000015ba4                coap_endpoint_cmp
                0x0000000000015cb2                coap_endpoint_parse
                0x0000000000015e9d                coap_endpoint_is_secure
                0x0000000000015eac                coap_endpoint_is_connected
                0x0000000000015ee0                coap_endpoint_connect
                0x0000000000015efc                coap_endpoint_disconnect
                0x0000000000015f02                coap_databuf
                0x0000000000015f0c                coap_transport_init
                0x0000000000015f5c                coap_sendto
 .text          0x000000000001605b      0x324 build/cooja/mtype308.a(coap-timer.o)
                0x0000000000016158                coap_timer_stop
                0x0000000000016183                coap_timer_set
                0x00000000000161c6                coap_timer_reset
                0x0000000000016209                coap_timer_time_to_next_expiration
                0x0000000000016275                coap_timer_run
                0x0000000000016341                coap_timer_init
 .text          0x000000000001637f      0x2c6 build/cooja/mtype308.a(coap-transactio)
                0x00000000000163e5                coap_new_transaction
                0x000000000001644b                coap_send_transaction
                0x00000000000165ac                coap_clear_transaction
                0x00000000000165f4                coap_get_transaction_by_mid
 .text          0x0000000000016645     0x1c53 build/cooja/mtype308.a(coap.o)
                0x0000000000016bb2                coap_init_connection
                0x0000000000016bc6                coap_get_mid
                0x0000000000016be2                coap_init_message
                0x0000000000016c2b                coap_serialize_message
                0x00000000000172ad                coap_parse_message
                0x0000000000017914                coap_get_query_variable
                0x0000000000017956                coap_get_post_variable
                0x000000000001799a                coap_set_status_code
                0x00000000000179bf                coap_set_token
                0x0000000000017a06                coap_get_header_content_format
                0x0000000000017a37                coap_set_header_content_format
                0x0000000000017a5a                coap_get_header_accept
                0x0000000000017a8b                coap_set_header_accept
                0x0000000000017aae                coap_get_header_max_age
                0x0000000000017adf                coap_set_header_max_age
                0x0000000000017aff                coap_get_header_etag
                0x0000000000017b31                coap_set_header_etag
                0x0000000000017b88                coap_get_header_if_match
                0x0000000000017bba                coap_set_header_if_match
                0x0000000000017c11                coap_get_header_if_none_match
                0x0000000000017c2b                coap_set_header_if_none_match
                0x0000000000017c42                coap_get_header_proxy_uri
                0x0000000000017c70                coap_set_header_proxy_uri
                0x0000000000017cad                coap_get_header_uri_host
                0x0000000000017cdb                coap_set_header_uri_host
                0x0000000000017d18                coap_get_header_uri_path
                0x0000000000017d46                coap_set_header_uri_path
                0x0000000000017d93                coap_get_header_uri_query
                0x0000000000017dc7                coap_set_header_uri_query
                0x0000000000017e1d                coap_get_header_location_path
                0x0000000000017e4b                coap_set_header_location_path
                0x0000000000017ee4                coap_get_header_location_query
                0x0000000000017f12                coap_set_header_location_query
                0x0000000000017f5f                coap_get_header_observe
                0x0000000000017f8e                coap_set_header_observe
                0x0000000000017fae                coap_get_header_block2
                0x000000000001801a                coap_set_header_block2
                0x0000000000018091                coap_get_header_block1
                0x0000000000018106                coap_set_header_block1
                0x0000000000018181                coap_get_header_size2
                0x00000000000181b1                coap_set_header_size2
                0x00000000000181d4                coap_get_header_size1
                0x0000000000018204                coap_set_header_size1
                0x0000000000018227                coap_get_payload
                0x0000000000018261                coap_set_payload
 .text          0x0000000000018298      0x332 build/cooja/mtype308.a(contiki-main.o)
                0x0000000000018298                main
 .text          0x00000000000185ca       0x92 build/cooja/mtype308.a(autostart.o)
                0x00000000000185ca                autostart_start
                0x0000000000018614                autostart_exit
 .text          0x000000000001865c      0x355 build/cooja/mtype308.a(ctimer.o)
                0x0000000000018784                ctimer_init
                0x00000000000187b7                ctimer_set
                0x00000000000187dd                ctimer_set_with_process
                0x000000000001885a                ctimer_reset
                0x00000000000188ae                ctimer_restart
                0x0000000000018902                ctimer_stop
                0x0000000000018952                ctimer_expired
 .text          0x00000000000189b1      0x394 build/cooja/mtype308.a(log.o)
                0x00000000000189b1                log_6addr
                0x0000000000018a04                log_6addr_compact_snprint
                0x0000000000018aa2                log_6addr_compact
                0x0000000000018af5                log_lladdr
                0x0000000000018b67                log_lladdr_compact
                0x0000000000018bcf                log_set_level
                0x0000000000018c8a                log_get_level
                0x0000000000018d03                log_level_to_str
 .text          0x0000000000018d45       0x1b build/cooja/mtype308.a(energest.o)
                0x0000000000018d45                energest_init
                0x0000000000018d4b                energest_flush
                0x0000000000018d51                energest_get_total_time
 .text          0x0000000000018d60      0x43f build/cooja/mtype308.a(etimer.o)
                0x0000000000018f84                etimer_request_poll
                0x000000000001900d                etimer_set
                0x0000000000019036                etimer_reset_with_new_interval
                0x0000000000019065                etimer_reset
                0x000000000001908b                etimer_restart
                0x00000000000190b1                etimer_adjust
                0x00000000000190ce                etimer_expired
                0x00000000000190e1                etimer_expiration_time
                0x00000000000190f3                etimer_start_time
                0x00000000000190fd                etimer_pending
                0x000000000001910f                etimer_next_expiration_time
                0x0000000000019129                etimer_stop
 .text          0x000000000001919f       0x25 build/cooja/mtype308.a(node-id.o)
                0x000000000001919f                node_id_init
 .text          0x00000000000191c4       0xeb build/cooja/mtype308.a(rtimer.o)
                0x00000000000191c4                rtimer_init
                0x00000000000191d2                rtimer_set
                0x000000000001924d                rtimer_run_next
 .text          0x00000000000192af      0x4fb build/cooja/mtype308.a(process.o)
                0x00000000000192af                process_alloc_event
                0x00000000000192c4                process_start
                0x000000000001949e                process_exit
                0x00000000000194bb                process_init
                0x0000000000019650                process_run
                0x0000000000019683                process_nevents
                0x000000000001969e                process_post
                0x0000000000019731                process_post_synch
                0x0000000000019766                process_poll
                0x0000000000019796                process_is_running
 .text          0x00000000000197aa       0xb1 build/cooja/mtype308.a(timer.o)
                0x00000000000197aa                timer_set
                0x00000000000197c8                timer_reset
                0x00000000000197f5                timer_restart
                0x000000000001980a                timer_expired
                0x0000000000019837                timer_remaining
 .text          0x000000000001985b      0x28f build/cooja/mtype308.a(list.o)
                0x000000000001985b                list_init
                0x000000000001986a                list_head
                0x0000000000019874                list_copy
                0x0000000000019884                list_tail
                0x00000000000198ba                list_add
                0x0000000000019906                list_push
                0x0000000000019932                list_chop
                0x000000000001999c                list_pop
                0x00000000000199c4                list_remove
                0x0000000000019a2c                list_length
                0x0000000000019a5a                list_insert
                0x0000000000019a9f                list_item_next
                0x0000000000019ab6                list_contains
 .text          0x0000000000019aea      0x1b5 build/cooja/mtype308.a(memb.o)
                0x0000000000019aea                memb_init
                0x0000000000019b3f                memb_alloc
                0x0000000000019ba2                memb_free
                0x0000000000019c19                memb_inmemb
                0x0000000000019c58                memb_numfree
 .text          0x0000000000019c9f      0x41c build/cooja/mtype308.a(button-hal.o)
                0x0000000000019e18                button_hal_get_by_id
                0x0000000000019e56                button_hal_get_by_index
                0x0000000000019e82                button_hal_get_state
                0x0000000000019ed4                button_hal_init
 .text          0x000000000001a0bb      0x1f3 build/cooja/mtype308.a(serial-line.o)
                0x000000000001a0bb                serial_line_input_byte
                0x000000000001a279                serial_line_init
 .text          0x000000000001a2ae      0x168 build/cooja/mtype308.a(gpio-hal.o)
                0x000000000001a2ae                gpio_hal_register_handler
                0x000000000001a2cb                gpio_hal_event_handler
                0x000000000001a327                gpio_hal_init
                0x000000000001a346                gpio_hal_arch_port_toggle_pin
                0x000000000001a382                gpio_hal_arch_port_toggle_pins
                0x000000000001a3b0                gpio_hal_arch_no_port_toggle_pin
                0x000000000001a3ee                gpio_hal_arch_no_port_toggle_pins
 .text          0x000000000001a416      0x2e7 build/cooja/mtype308.a(queuebuf.o)
                0x000000000001a420                queuebuf_init
                0x000000000001a449                queuebuf_numfree
                0x000000000001a461                queuebuf_new_from_packetbuf
                0x000000000001a500                queuebuf_update_attr_from_packetbuf
                0x000000000001a535                queuebuf_update_from_packetbuf
                0x000000000001a585                queuebuf_free
                0x000000000001a5ce                queuebuf_to_packetbuf
                0x000000000001a63a                queuebuf_dataptr
                0x000000000001a674                queuebuf_datalen
                0x000000000001a697                queuebuf_addr
                0x000000000001a6cc                queuebuf_attr
                0x000000000001a6f7                queuebuf_debug_print
 .text          0x000000000001a6fd      0x407 build/cooja/mtype308.a(packetbuf.o)
                0x000000000001a6fd                packetbuf_clear
                0x000000000001a728                packetbuf_copyfrom
                0x000000000001a777                packetbuf_copyto
                0x000000000001a80a                packetbuf_hdralloc
                0x000000000001a886                packetbuf_hdrreduce
                0x000000000001a8cc                packetbuf_set_datalen
                0x000000000001a8e6                packetbuf_dataptr
                0x000000000001a903                packetbuf_hdrptr
                0x000000000001a90d                packetbuf_datalen
                0x000000000001a919                packetbuf_hdrlen
                0x000000000001a930                packetbuf_totlen
                0x000000000001a946                packetbuf_remaininglen
                0x000000000001a959                packetbuf_attr_clear
                0x000000000001a9a5                packetbuf_attr_copyto
                0x000000000001a9fd                packetbuf_attr_copyfrom
                0x000000000001aa55                packetbuf_set_attr
                0x000000000001aa7f                packetbuf_attr
                0x000000000001aa99                packetbuf_set_addr
                0x000000000001aaca                packetbuf_addr
                0x000000000001aae7                packetbuf_holds_broadcast
 .text          0x000000000001ab04       0xef build/cooja/mtype308.a(netstack.o)
                0x000000000001ab04                netstack_process_ip_callback
                0x000000000001ab95                netstack_ip_packet_processor_add
                0x000000000001abb8                uip_ds6_ip_packet_processor_rm
                0x000000000001abd5                netstack_init
 .text          0x000000000001abf3       0x4f build/cooja/mtype308.a(linkaddr.o)
                0x000000000001abf3                linkaddr_copy
                0x000000000001ac09                linkaddr_cmp
                0x000000000001ac2c                linkaddr_set_node_addr
 .text          0x000000000001ac42      0x1f6 build/cooja/mtype308.a(csma.o)
 .text          0x000000000001ae38      0x95d build/cooja/mtype308.a(csma-output.o)
                0x000000000001b4cf                csma_output_packet
                0x000000000001b75c                csma_output_init
 .text          0x000000000001b795      0xc11 build/cooja/mtype308.a(uip-ds6.o)
                0x000000000001b795                uip_ds6_default_prefix
                0x000000000001b79f                uip_ds6_set_default_prefix
                0x000000000001b7ca                uip_ds6_init
                0x000000000001ba2c                uip_ds6_periodic
                0x000000000001bab3                uip_ds6_list_loop
                0x000000000001bb73                uip_ds6_prefix_add
                0x000000000001bc1f                uip_ds6_prefix_rm
                0x000000000001bc32                uip_ds6_prefix_lookup
                0x000000000001bc71                uip_ds6_is_addr_onlink
                0x000000000001bce4                uip_ds6_addr_add
                0x000000000001be04                uip_ds6_addr_rm
                0x000000000001bead                uip_ds6_addr_lookup
                0x000000000001bee6                uip_ds6_get_link_local
                0x000000000001bf67                uip_ds6_get_global
                0x000000000001bfe8                uip_ds6_maddr_add
                0x000000000001c048                uip_ds6_maddr_rm
                0x000000000001c05b                uip_ds6_maddr_lookup
                0x000000000001c094                uip_ds6_aaddr_add
                0x000000000001c0f4                uip_ds6_aaddr_rm
                0x000000000001c107                uip_ds6_aaddr_lookup
                0x000000000001c140                uip_ds6_select_src
                0x000000000001c289                uip_ds6_set_addr_iid
                0x000000000001c2b4                uip_ds6_set_lladdr_from_iid
                0x000000000001c2dd                get_match_length
                0x000000000001c36e                uip_ds6_compute_reachable_time
 .text          0x000000000001c3a6      0x128 build/cooja/mtype308.a(uip-udp-packet.)
                0x000000000001c3a6                uip_udp_packet_send
                0x000000000001c401                uip_udp_packet_sendto
 .text          0x000000000001c4ce      0x35b build/cooja/mtype308.a(uip-ds6-route.o)
                0x000000000001c51f                uip_ds6_route_init
                0x000000000001c549                uip_ds6_route_nexthop
                0x000000000001c553                uip_ds6_route_head
                0x000000000001c55d                uip_ds6_route_next
                0x000000000001c567                uip_ds6_route_is_nexthop
                0x000000000001c571                uip_ds6_route_num_routes
                0x000000000001c57b                uip_ds6_route_lookup
                0x000000000001c585                uip_ds6_route_add
                0x000000000001c598                uip_ds6_route_rm
                0x000000000001c59e                uip_ds6_route_rm_by_nexthop
                0x000000000001c5a4                uip_ds6_defrt_head
                0x000000000001c5bd                uip_ds6_defrt_add
                0x000000000001c66b                uip_ds6_defrt_rm
                0x000000000001c6d1                uip_ds6_defrt_lookup
                0x000000000001c738                uip_ds6_defrt_choose
                0x000000000001c7ae                uip_ds6_defrt_periodic
 .text          0x000000000001c829      0x6f7 build/cooja/mtype308.a(tcpip.o)
                0x000000000001c843                tcpip_output
                0x000000000001c8c2                udp_attach
                0x000000000001c8da                udp_new
                0x000000000001c924                udp_broadcast_new
                0x000000000001ca96                tcpip_input
                0x000000000001cc26                tcpip_ipv6_output
                0x000000000001ce1a                tcpip_poll_udp
                0x000000000001ce38                tcpip_uipcall
 .text          0x000000000001cf20     0x1205 build/cooja/mtype308.a(uip6.o)
                0x000000000001cfcf                uip_chksum
                0x000000000001d0a6                uip_icmp6chksum
                0x000000000001d0bb                uip_udpchksum
                0x000000000001d0d0                uip_init
                0x000000000001d119                uip_remove_ext_hdr
                0x000000000001d1f3                uip_udp_new
                0x000000000001d507                uip_process
                0x000000000001dfff                uip_htons
                0x000000000001e021                uip_htonl
                0x000000000001e05f                uip_send
 .text          0x000000000001e125      0x369 build/cooja/mtype308.a(uip-ds6-nbr.o)
                0x000000000001e125                uip_ds6_neighbors_init
                0x000000000001e149                uip_ds6_nbr_add
                0x000000000001e1cf                uip_ds6_nbr_rm
                0x000000000001e21a                uip_ds6_nbr_update_ll
                0x000000000001e308                uip_ds6_nbr_get_ipaddr
                0x000000000001e31d                uip_ds6_nbr_get_ll
                0x000000000001e339                uip_ds6_nbr_num
                0x000000000001e382                uip_ds6_nbr_head
                0x000000000001e39b                uip_ds6_nbr_next
                0x000000000001e3b7                uip_ds6_nbr_lookup
                0x000000000001e40f                uip_ds6_nbr_ll_lookup
                0x000000000001e42b                uip_ds6_nbr_ipaddr_from_lladdr
                0x000000000001e454                uip_ds6_nbr_lladdr_from_ipaddr
                0x000000000001e488                uip_ds6_link_callback
 .text          0x000000000001e48e      0x6a7 build/cooja/mtype308.a(uip-nd6.o)
                0x000000000001eb1c                uip_nd6_init
 .text          0x000000000001eb35      0x3b0 build/cooja/mtype308.a(simple-udp.o)
                0x000000000001eb62                simple_udp_send
                0x000000000001ebc5                simple_udp_sendto
                0x000000000001ec20                simple_udp_sendto_port
                0x000000000001ec79                simple_udp_register
 .text          0x000000000001eee5     0x2c17 build/cooja/mtype308.a(sicslowpan.o)
                0x000000000001f4ec                netstack_sniffer_add
                0x000000000001f4fa                netstack_sniffer_remove
                0x0000000000021ad0                sicslowpan_init
                0x0000000000021af2                sicslowpan_get_last_rssi
 .text          0x0000000000021afc      0x4d1 build/cooja/mtype308.a(uiplib.o)
                0x0000000000021afc                uiplib_ip6addrconv
                0x0000000000021cb4                uiplib_ip4addrconv
                0x0000000000021d77                uiplib_ipaddr_print
                0x0000000000021dca                uiplib_ipaddr_snprint
 .text          0x0000000000021fcd      0x4c9 build/cooja/mtype308.a(rpl.o)
                0x0000000000021fcd                rpl_lollipop_greater_than
                0x0000000000022027                rpl_get_global_address
                0x000000000002211f                rpl_link_callback
                0x0000000000022163                rpl_has_joined
                0x0000000000022188                rpl_is_reachable
                0x0000000000022209                rpl_reset_prefix
                0x0000000000022273                rpl_set_prefix_from_addr
                0x0000000000022358                rpl_set_prefix
                0x0000000000022472                rpl_set_leaf_only
                0x000000000002248a                rpl_get_leaf_only
 .text          0x0000000000022496     0x138c build/cooja/mtype308.a(rpl-icmp6.o)
                0x00000000000225bb                rpl_icmp6_update_nbr_table
                0x0000000000022644                rpl_icmp6_dis_output
                0x0000000000022c8a                rpl_icmp6_dio_output
                0x0000000000023488                rpl_icmp6_dao_output
                0x0000000000023769                rpl_icmp6_dao_ack_output
                0x00000000000237d9                rpl_icmp6_init
 .text          0x0000000000023822      0x264 build/cooja/mtype308.a(rpl-dag-root.o)
                0x0000000000023822                rpl_dag_root_print_links
                0x000000000002394e                rpl_dag_root_set_prefix
                0x000000000002397a                rpl_dag_root_start
                0x0000000000023a57                rpl_dag_root_is_root
 .text          0x0000000000023a86       0x30 build/cooja/mtype308.a(watchdog.o)
                0x0000000000023a86                watchdog_init
                0x0000000000023a8c                watchdog_start
                0x0000000000023a92                watchdog_periodic
                0x0000000000023aaa                watchdog_stop
                0x0000000000023ab0                watchdog_reboot
 .text          0x0000000000023ab6       0x4a build/cooja/mtype308.a(int-master.o)
                0x0000000000023ab6                int_master_enable
                0x0000000000023ac6                int_master_read_and_disable
                0x0000000000023ae3                int_master_status_set
                0x0000000000023af1                int_master_is_enabled
 .text          0x0000000000023b00      0x226 build/cooja/mtype308.a(coap-timer-defa)
 .text          0x0000000000023d26       0xc7 build/cooja/mtype308.a(stimer.o)
                0x0000000000023d26                stimer_set
                0x0000000000023d44                stimer_reset
                0x0000000000023d71                stimer_restart
                0x0000000000023d86                stimer_expired
                0x0000000000023db1                stimer_remaining
                0x0000000000023dd5                stimer_elapsed
 .text          0x0000000000023ded      0x156 build/cooja/mtype308.a(ringbuf.o)
                0x0000000000023ded                ringbuf_init
                0x0000000000023e1f                ringbuf_put
                0x0000000000023e9d                ringbuf_get
                0x0000000000023f0a                ringbuf_size
                0x0000000000023f1c                ringbuf_elements
 .text          0x0000000000023f43       0x1f build/cooja/mtype308.a(assert.o)
                0x0000000000023f43                _xassert
 .text          0x0000000000023f62      0x79b build/cooja/mtype308.a(nbr-table.o)
                0x00000000000243db                nbr_table_register
                0x0000000000024448                nbr_table_is_registered
                0x0000000000024483                nbr_table_head
                0x00000000000244de                nbr_table_next
                0x000000000002453f                nbr_table_add_lladdr
                0x0000000000024619                nbr_table_get_from_lladdr
                0x0000000000024665                nbr_table_remove
                0x000000000002469d                nbr_table_lock
                0x00000000000246b7                nbr_table_unlock
                0x00000000000246d1                nbr_table_get_lladdr
 .text          0x00000000000246fd      0x3a5 build/cooja/mtype308.a(link-stats.o)
                0x00000000000246fd                link_stats_from_lladdr
                0x0000000000024719                link_stats_get_lladdr
                0x0000000000024735                link_stats_is_fresh
                0x0000000000024771                guess_etx_from_rssi
                0x00000000000247ed                link_stats_packet_sent
                0x000000000002490d                link_stats_input_callback
                0x0000000000024a1d                link_stats_reset
                0x0000000000024a6d                link_stats_init
 .text          0x0000000000024aa2      0x187 build/cooja/mtype308.a(mac-sequence.o)
                0x0000000000024aa2                mac_sequence_is_duplicate
                0x0000000000024b42                mac_sequence_register_seqno
 .text          0x0000000000024c29       0x23 build/cooja/mtype308.a(mac.o)
                0x0000000000024c29                mac_call_sent_callback
 .text          0x0000000000024c4c      0x432 build/cooja/mtype308.a(framer-802154.o)
                0x0000000000024ddb                framer_802154_setup_params
 .text          0x000000000002507e      0xb6f build/cooja/mtype308.a(frame802154.o)
                0x00000000000250af                frame802154_get_pan_id
                0x00000000000250bb                frame802154_set_pan_id
                0x00000000000250d5                frame802154_has_panid
                0x0000000000025284                frame802154_check_dest_panid
                0x000000000002530c                frame802154_is_broadcast_addr
                0x0000000000025359                frame802154_extract_linkaddr
                0x00000000000255be                frame802154_hdrlen
                0x0000000000025631                frame802154_create_fcf
                0x00000000000256e9                frame802154_create
                0x000000000002585e                frame802154_parse_fcf
                0x0000000000025940                frame802154_parse
 .text          0x0000000000025bed       0x2d build/cooja/mtype308.a(csma-security.o)
                0x0000000000025bed                csma_security_create_frame
                0x0000000000025c0b                csma_security_parse_frame
 .text          0x0000000000025c1a      0x4e4 build/cooja/mtype308.a(uipbuf.o)
                0x0000000000025c1a                uipbuf_clear
                0x0000000000025c41                uipbuf_add_ext_hdr
                0x0000000000025cc1                uipbuf_set_len
                0x0000000000025cee                uipbuf_set_len_field
                0x0000000000025d1a                uipbuf_get_len_field
                0x0000000000025d3a                uipbuf_get_next_header
                0x0000000000025e6c                uipbuf_get_last_header
                0x0000000000025ee5                uipbuf_search_header
                0x0000000000025f9b                uipbuf_get_attr
                0x0000000000025fc2                uipbuf_set_attr
                0x0000000000025ff9                uipbuf_set_default_attr
                0x0000000000026030                uipbuf_clear_attr
                0x0000000000026054                uipbuf_set_attr_flag
                0x0000000000026075                uipbuf_clr_attr_flag
                0x000000000002609c                uipbuf_is_attr_flag
                0x00000000000260c0                uipbuf_init
 .text          0x00000000000260fe      0x73f build/cooja/mtype308.a(uip-icmp6.o)
                0x0000000000026173                uip_icmp6_input
                0x00000000000261ca                uip_icmp6_register_input_handler
                0x000000000002631d                uip_icmp6_error_output
                0x00000000000265ce                uip_icmp6_send
                0x00000000000267c5                uip_icmp6_echo_reply_callback_add
                0x00000000000267f7                uip_icmp6_echo_reply_callback_rm
                0x0000000000026814                uip_icmp6_init
 .text          0x000000000002683d      0x69b build/cooja/mtype308.a(uip-sr.o)
                0x000000000002683d                uip_sr_num_nodes
                0x00000000000268cb                uip_sr_get_node
                0x0000000000026922                uip_sr_is_addr_reachable
                0x00000000000269d0                uip_sr_expire_parent
                0x0000000000026a19                uip_sr_update_node
                0x0000000000026b49                uip_sr_init
                0x0000000000026b7d                uip_sr_node_head
                0x0000000000026b96                uip_sr_node_next
                0x0000000000026bac                uip_sr_periodic
                0x0000000000026cb2                uip_sr_free_all
                0x0000000000026d22                uip_sr_link_snprint
 .text          0x0000000000026ed8      0x146 build/cooja/mtype308.a(uip-packetqueue)
                0x0000000000026f06                uip_packetqueue_new
                0x0000000000026f15                uip_packetqueue_alloc
                0x0000000000026f70                uip_packetqueue_free
                0x0000000000026fb7                uip_packetqueue_buf
                0x0000000000026fd4                uip_packetqueue_buflen
                0x0000000000026ff5                uip_packetqueue_set_buflen
 .text          0x000000000002701e      0x1b0 build/cooja/mtype308.a(rpl-nbr-policy.)
                0x000000000002718b                rpl_nbr_policy_find_removable
 .text          0x00000000000271ce      0x915 build/cooja/mtype308.a(rpl-neighbor.o)
                0x000000000002724a                rpl_neighbor_snprint
                0x00000000000274fd                rpl_neighbor_print_list
                0x00000000000275b2                rpl_neighbor_count
                0x0000000000027659                rpl_neighbor_get_from_lladdr
                0x0000000000027675                rpl_neighbor_is_acceptable_parent
                0x00000000000276a9                rpl_neighbor_get_link_metric
                0x00000000000276dd                rpl_neighbor_rank_via_nbr
                0x0000000000027711                rpl_neighbor_get_lladdr
                0x000000000002772d                rpl_neighbor_get_ipaddr
                0x0000000000027754                rpl_neighbor_get_link_stats
                0x000000000002777b                rpl_neighbor_is_fresh
                0x00000000000277a2                rpl_neighbor_is_reachable
                0x00000000000277ed                rpl_neighbor_is_parent
                0x0000000000027817                rpl_neighbor_set_preferred_parent
                0x00000000000278ae                rpl_neighbor_remove_all
                0x000000000002790a                rpl_neighbor_get_from_ipaddr
                0x0000000000027a18                rpl_neighbor_select_best
                0x0000000000027ac4                rpl_neighbor_init
 .text          0x0000000000027ae3      0xe69 build/cooja/mtype308.a(rpl-dag.o)
                0x0000000000027ae3                rpl_dag_state_to_str
                0x0000000000027b22                rpl_dag_get_root_ipaddr
                0x0000000000027b6a                rpl_dag_leave
                0x0000000000027bf3                rpl_dag_poison_and_leave
                0x0000000000027c0b                rpl_dag_periodic
                0x0000000000027c93                rpl_is_addr_in_our_dag
                0x0000000000027cd7                rpl_get_default_instance
                0x0000000000027cf3                rpl_get_any_dag
                0x0000000000027d4c                rpl_refresh_routes
                0x0000000000027d8c                rpl_global_repair
                0x0000000000027e25                rpl_local_repair
                0x0000000000027e6f                rpl_dag_ready_to_advertise
                0x0000000000027eb2                rpl_dag_update_state
                0x00000000000285df                rpl_process_dio
                0x000000000002865d                rpl_process_dis
                0x00000000000286a2                rpl_process_dao
                0x0000000000028731                rpl_process_dao_ack
                0x00000000000287c8                rpl_process_hbh
                0x0000000000028818                rpl_dag_init_root
                0x000000000002892c                rpl_dag_init
 .text          0x000000000002894c      0x9e7 build/cooja/mtype308.a(rpl-timers.o)
                0x000000000002894c                rpl_timers_schedule_periodic_dis
                0x0000000000028a9a                rpl_timers_dio_reset
                0x0000000000028ba8                rpl_timers_schedule_unicast_dio
                0x0000000000028cfc                rpl_timers_schedule_dao
                0x0000000000028dbb                rpl_timers_schedule_dao_ack
                0x0000000000028e41                rpl_timers_notify_dao_ack
                0x0000000000028e9f                get_probing_delay
                0x0000000000028ed3                get_probing_target
                0x00000000000290bd                rpl_schedule_probing
                0x00000000000290eb                rpl_schedule_probing_now
                0x0000000000029155                rpl_timers_unschedule_leaving
                0x000000000002918d                rpl_timers_schedule_leaving
                0x00000000000291ce                rpl_timers_init
                0x000000000002925e                rpl_timers_stop_dag_timers
                0x00000000000292d7                rpl_timers_unschedule_state_update
                0x00000000000292fb                rpl_timers_schedule_state_update
 .text          0x0000000000029333      0xb8e build/cooja/mtype308.a(rpl-ext-header.)
                0x0000000000029333                rpl_ext_header_srh_get_next_hop
                0x000000000002941a                rpl_ext_header_srh_update
                0x0000000000029986                rpl_ext_header_hbh_update
                0x0000000000029c86                rpl_ext_header_update
                0x0000000000029d0f                rpl_ext_header_remove
 .text          0x0000000000029ec1      0x31b build/cooja/mtype308.a(rpl-mrhof.o)
 *fill*         0x000000000002a1dc        0x4 
 .text          0x000000000002a1e0      0x122 /usr/lib/gcc/i686-linux-gnu/5/libgcc.a(_udivdi3.o)
                0x000000000002a1e0                __udivdi3
 .text          0x000000000002a302        0x0 /usr/lib/gcc/i686-linux-gnu/5/crtendS.o
 .text          0x000000000002a302        0x0 /usr/lib/gcc/i686-linux-gnu/5/../../../i386-linux-gnu/crtn.o
 *(.gnu.warning)

.fini           0x000000000002a304       0x14
 *(SORT(.fini))
 .fini          0x000000000002a304        0xf /usr/lib/gcc/i686-linux-gnu/5/../../../i386-linux-gnu/crti.o
                0x000000000002a304                _fini
 .fini          0x000000000002a313        0x5 /usr/lib/gcc/i686-linux-gnu/5/../../../i386-linux-gnu/crtn.o
                [!provide]                        PROVIDE (__etext, .)
                [!provide]                        PROVIDE (_etext, .)
                [!provide]                        PROVIDE (etext, .)

.rodata         0x000000000002a320      0xb4b
 *(.rodata .rodata.* .gnu.linkonce.r.*)
 .rodata        0x000000000002a320      0x154 client.o
                0x000000000002a344                autostart_processes
 .rodata        0x000000000002a474        0x8 build/cooja/mtype308.a(beep.o)
                0x000000000002a474                beep_interface
 .rodata        0x000000000002a47c        0xe build/cooja/mtype308.a(leds-arch.o)
                0x000000000002a47c                leds_interface
                0x000000000002a484                leds_arch_leds
 *fill*         0x000000000002a48a        0x2 
 .rodata        0x000000000002a48c        0x8 build/cooja/mtype308.a(moteid.o)
                0x000000000002a48c                moteid_interface
 .rodata        0x000000000002a494       0x1c build/cooja/mtype308.a(pir-sensor.o)
                0x000000000002a494                pir_interface
                0x000000000002a4a0                pir_sensor
 .rodata        0x000000000002a4b0        0xe build/cooja/mtype308.a(rs232.o)
                0x000000000002a4b0                rs232_interface
 *fill*         0x000000000002a4be        0x2 
 .rodata        0x000000000002a4c0       0x24 build/cooja/mtype308.a(vib-sensor.o)
                0x000000000002a4c0                vib_interface
                0x000000000002a4d4                vib_sensor
 .rodata        0x000000000002a4e4        0x8 build/cooja/mtype308.a(clock.o)
                0x000000000002a4e4                clock_interface
 .rodata        0x000000000002a4ec        0x8 build/cooja/mtype308.a(cooja-log.o)
                0x000000000002a4ec                simlog_interface
 .rodata        0x000000000002a4f4       0x2f build/cooja/mtype308.a(cfs-cooja.o)
                0x000000000002a4f4                cfs_interface
 *fill*         0x000000000002a523       0x1d 
 .rodata        0x000000000002a540       0xb8 build/cooja/mtype308.a(cooja-radio.o)
                0x000000000002a540                radio_interface
                0x000000000002a5c0                cooja_radio_driver
 .rodata        0x000000000002a5f8        0x8 build/cooja/mtype308.a(eeprom.o)
                0x000000000002a5f8                eeprom_interface
 .rodata        0x000000000002a600        0x8 build/cooja/mtype308.a(sensors.o)
 .rodata        0x000000000002a608       0x2c build/cooja/mtype308.a(buttons.o)
                0x000000000002a608                button_interface
                0x000000000002a61c                button_hal_button_count
                0x000000000002a624                button_sensor
 .rodata        0x000000000002a634       0x5d build/cooja/mtype308.a(res_temperature)
 .rodata        0x000000000002a691       0x41 build/cooja/mtype308.a(coap-engine.o)
 .rodata        0x000000000002a6d2       0x19 build/cooja/mtype308.a(coap-res-well-k)
 .rodata        0x000000000002a6eb       0x11 build/cooja/mtype308.a(coap-observe.o)
 .rodata        0x000000000002a6fc       0x35 build/cooja/mtype308.a(coap-uip.o)
 *fill*         0x000000000002a731        0x3 
 .rodata        0x000000000002a734      0x1ac build/cooja/mtype308.a(coap.o)
 .rodata        0x000000000002a8e0       0xf8 build/cooja/mtype308.a(contiki-main.o)
 .rodata        0x000000000002a9d8        0xf build/cooja/mtype308.a(ctimer.o)
 *fill*         0x000000000002a9e7        0x1 
 .rodata        0x000000000002a9e8       0xc4 build/cooja/mtype308.a(log.o)
 .rodata        0x000000000002aaac        0xc build/cooja/mtype308.a(etimer.o)
 .rodata        0x000000000002aab8       0x13 build/cooja/mtype308.a(button-hal.o)
 .rodata        0x000000000002aacb        0xe build/cooja/mtype308.a(serial-line.o)
 *fill*         0x000000000002aad9        0x3 
 .rodata        0x000000000002aadc        0x8 build/cooja/mtype308.a(linkaddr.o)
                0x000000000002aadc                linkaddr_null
 .rodata        0x000000000002aae4       0x24 build/cooja/mtype308.a(csma.o)
                0x000000000002aaec                csma_driver
 .rodata        0x000000000002ab08       0x2a build/cooja/mtype308.a(csma-output.o)
 *fill*         0x000000000002ab32        0x2 
 .rodata        0x000000000002ab34       0x4d build/cooja/mtype308.a(uip-ds6-route.o)
 .rodata        0x000000000002ab81        0xd build/cooja/mtype308.a(tcpip.o)
 .rodata        0x000000000002ab8e       0x13 build/cooja/mtype308.a(simple-udp.o)
 *fill*         0x000000000002aba1        0x3 
 .rodata        0x000000000002aba4       0x30 build/cooja/mtype308.a(sicslowpan.o)
                0x000000000002aba4                unc_llconf
                0x000000000002aba8                unc_ctxconf
                0x000000000002abac                unc_mxconf
                0x000000000002abb0                llprefix
                0x000000000002abc4                sicslowpan_driver
 .rodata        0x000000000002abd4       0x2d build/cooja/mtype308.a(uiplib.o)
 *fill*         0x000000000002ac01       0x1f 
 .rodata        0x000000000002ac20       0x74 build/cooja/mtype308.a(rpl.o)
                0x000000000002ac40                rpl_lite_driver
 .rodata        0x000000000002ac94       0x20 build/cooja/mtype308.a(coap-timer-defa)
                0x000000000002aca8                coap_timer_default_driver
 .rodata        0x000000000002acb4       0x25 build/cooja/mtype308.a(assert.o)
 *fill*         0x000000000002acd9        0x3 
 .rodata        0x000000000002acdc        0xc build/cooja/mtype308.a(framer-802154.o)
                0x000000000002acdc                framer_802154
 .rodata        0x000000000002ace8       0x44 build/cooja/mtype308.a(uip-sr.o)
 .rodata        0x000000000002ad2c       0x58 build/cooja/mtype308.a(rpl-neighbor.o)
 .rodata        0x000000000002ad84       0xdb build/cooja/mtype308.a(rpl-dag.o)
 .rodata        0x000000000002ae5f        0xc build/cooja/mtype308.a(rpl-timers.o)

.rodata1
 *(.rodata1)

.eh_frame_hdr   0x000000000002ae6c     0x1a2c
 *(.eh_frame_hdr)
 .eh_frame_hdr  0x000000000002ae6c     0x1a2c client.o
                0x000000000002ae6c                __GNU_EH_FRAME_HDR
 *(.eh_frame_entry .eh_frame_entry.*)

.eh_frame       0x000000000002c898     0x6a48
 *(.eh_frame)
 .eh_frame      0x000000000002c898       0x3c /usr/lib/gcc/i686-linux-gnu/5/../../../i386-linux-gnu/crti.o
                                         0x40 (size before relaxing)
 .eh_frame      0x000000000002c8d4       0xa0 client.o
                                         0xb8 (size before relaxing)
 .eh_frame      0x000000000002c974      0x178 build/cooja/mtype308.o
                                        0x190 (size before relaxing)
 .eh_frame      0x000000000002caec       0x40 build/cooja/mtype308.a(simEnvChange.o)
                                         0x58 (size before relaxing)
 .eh_frame      0x000000000002cb2c       0x60 build/cooja/mtype308.a(cooja_mt.o)
                                         0x78 (size before relaxing)
 .eh_frame      0x000000000002cb8c       0x80 build/cooja/mtype308.a(cooja_mtarch.o)
                                         0x98 (size before relaxing)
 .eh_frame      0x000000000002cc0c       0xc8 build/cooja/mtype308.a(rtimer-arch.o)
                                         0xe0 (size before relaxing)
 .eh_frame      0x000000000002ccd4      0x160 build/cooja/mtype308.a(beep.o)
                                        0x178 (size before relaxing)
 .eh_frame      0x000000000002ce34       0x80 build/cooja/mtype308.a(leds-arch.o)
                                         0x98 (size before relaxing)
 .eh_frame      0x000000000002ceb4       0x40 build/cooja/mtype308.a(moteid.o)
                                         0x58 (size before relaxing)
 .eh_frame      0x000000000002cef4       0xa0 build/cooja/mtype308.a(pir-sensor.o)
                                         0xb8 (size before relaxing)
 .eh_frame      0x000000000002cf94      0x100 build/cooja/mtype308.a(rs232.o)
                                        0x118 (size before relaxing)
 .eh_frame      0x000000000002d094       0xa0 build/cooja/mtype308.a(vib-sensor.o)
                                         0xb8 (size before relaxing)
 .eh_frame      0x000000000002d134       0xc0 build/cooja/mtype308.a(clock.o)
                                         0xd8 (size before relaxing)
 .eh_frame      0x000000000002d1f4      0x120 build/cooja/mtype308.a(cooja-log.o)
                                        0x138 (size before relaxing)
 .eh_frame      0x000000000002d314      0x160 build/cooja/mtype308.a(cfs-cooja.o)
                                        0x178 (size before relaxing)
 .eh_frame      0x000000000002d474      0x340 build/cooja/mtype308.a(cooja-radio.o)
                                        0x358 (size before relaxing)
 .eh_frame      0x000000000002d7b4       0xa0 build/cooja/mtype308.a(eeprom.o)
                                         0xb8 (size before relaxing)
 .eh_frame      0x000000000002d854       0x40 build/cooja/mtype308.a(random.o)
                                         0x58 (size before relaxing)
 .eh_frame      0x000000000002d894       0xc0 build/cooja/mtype308.a(sensors.o)
                                         0xd8 (size before relaxing)
 .eh_frame      0x000000000002d954      0x120 build/cooja/mtype308.a(leds.o)
                                        0x138 (size before relaxing)
 .eh_frame      0x000000000002da74      0x220 build/cooja/mtype308.a(gpio-hal-arch.o)
                                        0x238 (size before relaxing)
 .eh_frame      0x000000000002dc94       0xa0 build/cooja/mtype308.a(buttons.o)
                                         0xb8 (size before relaxing)
 .eh_frame      0x000000000002dd34       0x8c build/cooja/mtype308.a(res_temperature)
                                         0xa4 (size before relaxing)
 .eh_frame      0x000000000002ddc0       0x44 build/cooja/mtype308.a(coap-blocking-a)
                                         0x5c (size before relaxing)
 .eh_frame      0x000000000002de04      0x220 build/cooja/mtype308.a(coap-engine.o)
                                        0x238 (size before relaxing)
 .eh_frame      0x000000000002e024       0x24 build/cooja/mtype308.a(coap-res-well-k)
                                         0x3c (size before relaxing)
 .eh_frame      0x000000000002e048      0x188 build/cooja/mtype308.a(coap-observe.o)
                                        0x1a0 (size before relaxing)
 .eh_frame      0x000000000002e1d0      0x250 build/cooja/mtype308.a(coap-uip.o)
                                        0x268 (size before relaxing)
 .eh_frame      0x000000000002e420      0x114 build/cooja/mtype308.a(coap-timer.o)
                                        0x12c (size before relaxing)
 .eh_frame      0x000000000002e534      0x100 build/cooja/mtype308.a(coap-transactio)
                                        0x118 (size before relaxing)
 .eh_frame      0x000000000002e634      0x6ec build/cooja/mtype308.a(coap.o)
                                        0x704 (size before relaxing)
 .eh_frame      0x000000000002ed20       0x30 build/cooja/mtype308.a(contiki-main.o)
                                         0x48 (size before relaxing)
 .eh_frame      0x000000000002ed50       0x40 build/cooja/mtype308.a(autostart.o)
                                         0x58 (size before relaxing)
 .eh_frame      0x000000000002ed90      0x100 build/cooja/mtype308.a(ctimer.o)
                                        0x118 (size before relaxing)
 .eh_frame      0x000000000002ee90      0x100 build/cooja/mtype308.a(log.o)
                                        0x118 (size before relaxing)
 .eh_frame      0x000000000002ef90       0x60 build/cooja/mtype308.a(energest.o)
                                         0x78 (size before relaxing)
 .eh_frame      0x000000000002eff0      0x1e0 build/cooja/mtype308.a(etimer.o)
                                        0x1f8 (size before relaxing)
 .eh_frame      0x000000000002f1d0       0x20 build/cooja/mtype308.a(node-id.o)
                                         0x38 (size before relaxing)
 .eh_frame      0x000000000002f1f0       0x60 build/cooja/mtype308.a(rtimer.o)
                                         0x78 (size before relaxing)
 .eh_frame      0x000000000002f250      0x1c4 build/cooja/mtype308.a(process.o)
                                        0x1dc (size before relaxing)
 .eh_frame      0x000000000002f414       0xa4 build/cooja/mtype308.a(timer.o)
                                         0xbc (size before relaxing)
 .eh_frame      0x000000000002f4b8      0x1a0 build/cooja/mtype308.a(list.o)
                                        0x1b8 (size before relaxing)
 .eh_frame      0x000000000002f658       0xa0 build/cooja/mtype308.a(memb.o)
                                         0xb8 (size before relaxing)
 .eh_frame      0x000000000002f6f8      0x144 build/cooja/mtype308.a(button-hal.o)
                                        0x15c (size before relaxing)
 .eh_frame      0x000000000002f83c       0x60 build/cooja/mtype308.a(serial-line.o)
                                         0x78 (size before relaxing)
 .eh_frame      0x000000000002f89c       0xe0 build/cooja/mtype308.a(gpio-hal.o)
                                         0xf8 (size before relaxing)
 .eh_frame      0x000000000002f97c      0x1a0 build/cooja/mtype308.a(queuebuf.o)
                                        0x1b8 (size before relaxing)
 .eh_frame      0x000000000002fb1c      0x28c build/cooja/mtype308.a(packetbuf.o)
                                        0x2a4 (size before relaxing)
 .eh_frame      0x000000000002fda8       0x80 build/cooja/mtype308.a(netstack.o)
                                         0x98 (size before relaxing)
 .eh_frame      0x000000000002fe28       0x60 build/cooja/mtype308.a(linkaddr.o)
                                         0x78 (size before relaxing)
 .eh_frame      0x000000000002fe88       0xe0 build/cooja/mtype308.a(csma.o)
                                         0xf8 (size before relaxing)
 .eh_frame      0x000000000002ff68      0x1d0 build/cooja/mtype308.a(csma-output.o)
                                        0x1e8 (size before relaxing)
 .eh_frame      0x0000000000030138      0x328 build/cooja/mtype308.a(uip-ds6.o)
                                        0x340 (size before relaxing)
 .eh_frame      0x0000000000030460       0x40 build/cooja/mtype308.a(uip-udp-packet.)
                                         0x58 (size before relaxing)
 .eh_frame      0x00000000000304a0      0x220 build/cooja/mtype308.a(uip-ds6-route.o)
                                        0x238 (size before relaxing)
 .eh_frame      0x00000000000306c0      0x244 build/cooja/mtype308.a(tcpip.o)
                                        0x25c (size before relaxing)
 .eh_frame      0x0000000000030904      0x1e8 build/cooja/mtype308.a(uip6.o)
                                        0x200 (size before relaxing)
 .eh_frame      0x0000000000030aec      0x1c0 build/cooja/mtype308.a(uip-ds6-nbr.o)
                                        0x1d8 (size before relaxing)
 .eh_frame      0x0000000000030cac       0x84 build/cooja/mtype308.a(uip-nd6.o)
                                         0x9c (size before relaxing)
 .eh_frame      0x0000000000030d30       0xd4 build/cooja/mtype308.a(simple-udp.o)
                                         0xec (size before relaxing)
 .eh_frame      0x0000000000030e04      0x2f8 build/cooja/mtype308.a(sicslowpan.o)
                                        0x310 (size before relaxing)
 .eh_frame      0x00000000000310fc       0x88 build/cooja/mtype308.a(uiplib.o)
                                         0xa0 (size before relaxing)
 .eh_frame      0x0000000000031184      0x1e0 build/cooja/mtype308.a(rpl.o)
                                        0x1f8 (size before relaxing)
 .eh_frame      0x0000000000031364      0x1c4 build/cooja/mtype308.a(rpl-icmp6.o)
                                        0x1dc (size before relaxing)
 .eh_frame      0x0000000000031528       0xa0 build/cooja/mtype308.a(rpl-dag-root.o)
                                         0xb8 (size before relaxing)
 .eh_frame      0x00000000000315c8       0xa0 build/cooja/mtype308.a(watchdog.o)
                                         0xb8 (size before relaxing)
 .eh_frame      0x0000000000031668       0x80 build/cooja/mtype308.a(int-master.o)
                                         0x98 (size before relaxing)
 .eh_frame      0x00000000000316e8       0xa4 build/cooja/mtype308.a(coap-timer-defa)
                                         0xbc (size before relaxing)
 .eh_frame      0x000000000003178c       0xc4 build/cooja/mtype308.a(stimer.o)
                                         0xdc (size before relaxing)
 .eh_frame      0x0000000000031850       0xa0 build/cooja/mtype308.a(ringbuf.o)
                                         0xb8 (size before relaxing)
 .eh_frame      0x00000000000318f0       0x20 build/cooja/mtype308.a(assert.o)
                                         0x38 (size before relaxing)
 .eh_frame      0x0000000000031910      0x2ac build/cooja/mtype308.a(nbr-table.o)
                                        0x2c4 (size before relaxing)
 .eh_frame      0x0000000000031bbc      0x120 build/cooja/mtype308.a(link-stats.o)
                                        0x138 (size before relaxing)
 .eh_frame      0x0000000000031cdc       0x48 build/cooja/mtype308.a(mac-sequence.o)
                                         0x60 (size before relaxing)
 .eh_frame      0x0000000000031d24       0x20 build/cooja/mtype308.a(mac.o)
                                         0x38 (size before relaxing)
 .eh_frame      0x0000000000031d44       0xa4 build/cooja/mtype308.a(framer-802154.o)
                                         0xbc (size before relaxing)
 .eh_frame      0x0000000000031de8      0x1a4 build/cooja/mtype308.a(frame802154.o)
                                        0x1bc (size before relaxing)
 .eh_frame      0x0000000000031f8c       0x40 build/cooja/mtype308.a(csma-security.o)
                                         0x58 (size before relaxing)
 .eh_frame      0x0000000000031fcc      0x200 build/cooja/mtype308.a(uipbuf.o)
                                        0x218 (size before relaxing)
 .eh_frame      0x00000000000321cc      0x150 build/cooja/mtype308.a(uip-icmp6.o)
                                        0x168 (size before relaxing)
 .eh_frame      0x000000000003231c      0x184 build/cooja/mtype308.a(uip-sr.o)
                                        0x19c (size before relaxing)
 .eh_frame      0x00000000000324a0       0xe0 build/cooja/mtype308.a(uip-packetqueue)
                                         0xf8 (size before relaxing)
 .eh_frame      0x0000000000032580       0x80 build/cooja/mtype308.a(rpl-nbr-policy.)
                                         0x98 (size before relaxing)
 .eh_frame      0x0000000000032600      0x2d4 build/cooja/mtype308.a(rpl-neighbor.o)
                                        0x2ec (size before relaxing)
 .eh_frame      0x00000000000328d4      0x370 build/cooja/mtype308.a(rpl-dag.o)
                                        0x388 (size before relaxing)
 .eh_frame      0x0000000000032c44      0x3a8 build/cooja/mtype308.a(rpl-timers.o)
                                        0x3c0 (size before relaxing)
 .eh_frame      0x0000000000032fec      0x124 build/cooja/mtype308.a(rpl-ext-header.)
                                        0x13c (size before relaxing)
 .eh_frame      0x0000000000033110      0x148 build/cooja/mtype308.a(rpl-mrhof.o)
                                        0x160 (size before relaxing)
 .eh_frame      0x0000000000033258       0x84 /usr/lib/gcc/i686-linux-gnu/5/libgcc.a(_udivdi3.o)
                                         0x9c (size before relaxing)
 .eh_frame      0x00000000000332dc        0x4 /usr/lib/gcc/i686-linux-gnu/5/crtendS.o
 *(.eh_frame.*)

.gcc_except_table
 *(.gcc_except_table .gcc_except_table.*)

.gnu_extab
 *(.gnu_extab*)

.exception_ranges
 *(.exception_ranges .exception_ranges*)
                0x0000000000034f10                . = DATA_SEGMENT_ALIGN (0x1000, 0x1000)

.eh_frame
 *(.eh_frame)
 *(.eh_frame.*)

.gnu_extab
 *(.gnu_extab)

.gcc_except_table
 *(.gcc_except_table .gcc_except_table.*)

.exception_ranges
 *(.exception_ranges .exception_ranges*)

.tdata
 *(.tdata .tdata.* .gnu.linkonce.td.*)

.tbss
 *(.tbss .tbss.* .gnu.linkonce.tb.*)
 *(.tcommon)

.preinit_array
 *(.preinit_array)

.init_array     0x0000000000034f10        0x4
 *(SORT(.init_array.*) SORT(.ctors.*))
 *(.init_array EXCLUDE_FILE(*crtend?.o *crtend.o *crtbegin?.o *crtbegin.o) .ctors)
 .init_array    0x0000000000034f10        0x4 /usr/lib/gcc/i686-linux-gnu/5/crtbeginS.o

.fini_array     0x0000000000034f14        0x4
 *(SORT(.fini_array.*) SORT(.dtors.*))
 *(.fini_array EXCLUDE_FILE(*crtend?.o *crtend.o *crtbegin?.o *crtbegin.o) .dtors)
 .fini_array    0x0000000000034f14        0x4 /usr/lib/gcc/i686-linux-gnu/5/crtbeginS.o

.ctors
 *crtbegin.o(.ctors)
 *crtbegin?.o(.ctors)
 *(EXCLUDE_FILE(*crtend?.o *crtend.o) .ctors)
 *(SORT(.ctors.*))
 *(.ctors)

.dtors
 *crtbegin.o(.dtors)
 *crtbegin?.o(.dtors)
 *(EXCLUDE_FILE(*crtend?.o *crtend.o) .dtors)
 *(SORT(.dtors.*))
 *(.dtors)

.jcr            0x0000000000034f18        0x4
 *(.jcr)
 .jcr           0x0000000000034f18        0x0 /usr/lib/gcc/i686-linux-gnu/5/crtbeginS.o
 .jcr           0x0000000000034f18        0x4 /usr/lib/gcc/i686-linux-gnu/5/crtendS.o

.data.rel.ro
 *(.data.rel.ro.local* .gnu.linkonce.d.rel.ro.local.*)
 *(.data.rel.ro .data.rel.ro.* .gnu.linkonce.d.rel.ro.*)

.dynamic        0x0000000000034f1c       0xd0
 *(.dynamic)
 .dynamic       0x0000000000034f1c       0xd0 /usr/lib/gcc/i686-linux-gnu/5/../../../i386-linux-gnu/crti.o
                0x0000000000034f1c                _DYNAMIC

.got            0x0000000000034fec       0x14
 *(.got)
 .got           0x0000000000034fec       0x14 /usr/lib/gcc/i686-linux-gnu/5/../../../i386-linux-gnu/crti.o
 *(.igot)
                0x0000000000035ff4                . = DATA_SEGMENT_RELRO_END (., (SIZEOF (.got.plt) >= 0xc)?0xc:0x0)

.got.plt        0x0000000000035000        0xc
 *(.got.plt)
 .got.plt       0x0000000000035000        0xc /usr/lib/gcc/i686-linux-gnu/5/../../../i386-linux-gnu/crti.o
                0x0000000000035000                _GLOBAL_OFFSET_TABLE_
 *(.igot.plt)

.data           0x0000000000035020      0x484
 *(.data .data.* .gnu.linkonce.d.*)
 .data          0x0000000000035020        0x0 /usr/lib/gcc/i686-linux-gnu/5/../../../i386-linux-gnu/crti.o
 .data          0x0000000000035020        0x0 /usr/lib/gcc/i686-linux-gnu/5/crtbeginS.o
 .data.rel.local
                0x0000000000035020        0x4 /usr/lib/gcc/i686-linux-gnu/5/crtbeginS.o
                0x0000000000035020                __dso_handle
 .data          0x0000000000035024       0x30 client.o
                0x0000000000035024                udp_client
                0x0000000000035034                coap_client
                0x0000000000035044                coap_server
 *fill*         0x0000000000035054        0xc 
 .data          0x0000000000035060       0x44 build/cooja/mtype308.o
                0x0000000000035060                simInterfaces
                0x0000000000035094                sensors
 .data          0x00000000000350a4        0x0 build/cooja/mtype308.a(simEnvChange.o)
 .data          0x00000000000350a4        0x0 build/cooja/mtype308.a(cooja_mt.o)
 .data          0x00000000000350a4        0x0 build/cooja/mtype308.a(cooja_mtarch.o)
 .data          0x00000000000350a4        0x0 build/cooja/mtype308.a(rtimer-arch.o)
 .data          0x00000000000350a4        0x0 build/cooja/mtype308.a(beep.o)
 .data          0x00000000000350a4        0x0 build/cooja/mtype308.a(leds-arch.o)
 .data          0x00000000000350a4        0x0 build/cooja/mtype308.a(moteid.o)
 .data          0x00000000000350a4        0x0 build/cooja/mtype308.a(pir-sensor.o)
 .data          0x00000000000350a4        0x0 build/cooja/mtype308.a(rs232.o)
 .data          0x00000000000350a4        0x0 build/cooja/mtype308.a(vib-sensor.o)
 .data          0x00000000000350a4        0x0 build/cooja/mtype308.a(clock.o)
 .data          0x00000000000350a4        0x0 build/cooja/mtype308.a(cooja-log.o)
 .data          0x00000000000350a4        0x0 build/cooja/mtype308.a(cfs-cooja.o)
 .data          0x00000000000350a4       0x2c build/cooja/mtype308.a(cooja-radio.o)
                0x00000000000350a4                simRadioHWOn
                0x00000000000350a8                simSignalStrength
                0x00000000000350ac                simLastSignalStrength
                0x00000000000350b0                simPower
                0x00000000000350b4                simRadioChannel
                0x00000000000350b8                simLQI
                0x00000000000350c0                cooja_radio_process
 .data          0x00000000000350d0        0x0 build/cooja/mtype308.a(eeprom.o)
 .data          0x00000000000350d0        0x0 build/cooja/mtype308.a(random.o)
 .data          0x00000000000350d0       0x10 build/cooja/mtype308.a(sensors.o)
                0x00000000000350d0                sensors_process
 .data          0x00000000000350e0        0x0 build/cooja/mtype308.a(leds.o)
 .data          0x00000000000350e0        0x0 build/cooja/mtype308.a(gpio-hal-arch.o)
 .data          0x00000000000350e0       0x78 build/cooja/mtype308.a(buttons.o)
                0x00000000000350e0                simButtonIsActive
                0x0000000000035150                button_hal_buttons
 *fill*         0x0000000000035158        0x8 
 .data          0x0000000000035160       0x44 build/cooja/mtype308.a(res_temperature)
                0x0000000000035180                res_temperature
 .data          0x00000000000351a4        0x0 build/cooja/mtype308.a(coap-blocking-a)
 .data          0x00000000000351a4        0x8 build/cooja/mtype308.a(coap-engine.o)
 *fill*         0x00000000000351ac       0x14 
 .data          0x00000000000351c0       0x24 build/cooja/mtype308.a(coap-res-well-k)
                0x00000000000351c0                res_well_known_core
 .data          0x00000000000351e4       0x10 build/cooja/mtype308.a(coap-observe.o)
 .data          0x00000000000351f4       0x10 build/cooja/mtype308.a(coap-uip.o)
                0x00000000000351f4                coap_engine
 .data          0x0000000000035204        0x4 build/cooja/mtype308.a(coap-timer.o)
 .data          0x0000000000035208       0x10 build/cooja/mtype308.a(coap-transactio)
 .data          0x0000000000035218        0x4 build/cooja/mtype308.a(coap.o)
                0x0000000000035218                coap_error_message
 .data          0x000000000003521c        0x0 build/cooja/mtype308.a(contiki-main.o)
 .data          0x000000000003521c        0x0 build/cooja/mtype308.a(autostart.o)
 .data          0x000000000003521c       0x14 build/cooja/mtype308.a(ctimer.o)
                0x0000000000035220                ctimer_process
 *fill*         0x0000000000035230       0x10 
 .data          0x0000000000035240       0xbc build/cooja/mtype308.a(log.o)
                0x0000000000035240                curr_log_level_main
                0x0000000000035260                all_modules
 .data          0x00000000000352fc        0x0 build/cooja/mtype308.a(energest.o)
 .data          0x00000000000352fc       0x10 build/cooja/mtype308.a(etimer.o)
                0x00000000000352fc                etimer_process
 .data          0x000000000003530c        0x0 build/cooja/mtype308.a(node-id.o)
 .data          0x000000000003530c        0x0 build/cooja/mtype308.a(rtimer.o)
 .data          0x000000000003530c        0x0 build/cooja/mtype308.a(process.o)
 .data          0x000000000003530c        0x0 build/cooja/mtype308.a(timer.o)
 .data          0x000000000003530c        0x0 build/cooja/mtype308.a(list.o)
 .data          0x000000000003530c        0x0 build/cooja/mtype308.a(memb.o)
 .data          0x000000000003530c       0x10 build/cooja/mtype308.a(button-hal.o)
                0x000000000003530c                button_hal_process
 .data          0x000000000003531c       0x10 build/cooja/mtype308.a(serial-line.o)
                0x000000000003531c                serial_line_process
 .data          0x000000000003532c        0x4 build/cooja/mtype308.a(gpio-hal.o)
 .data          0x0000000000035330       0x18 build/cooja/mtype308.a(queuebuf.o)
 .data          0x0000000000035348        0x4 build/cooja/mtype308.a(packetbuf.o)
 .data          0x000000000003534c        0x4 build/cooja/mtype308.a(netstack.o)
 .data          0x0000000000035350        0x0 build/cooja/mtype308.a(linkaddr.o)
 .data          0x0000000000035350        0x0 build/cooja/mtype308.a(csma.o)
 .data          0x0000000000035350       0x28 build/cooja/mtype308.a(csma-output.o)
 .data          0x0000000000035378        0x0 build/cooja/mtype308.a(uip-ds6.o)
 .data          0x0000000000035378        0x0 build/cooja/mtype308.a(uip-udp-packet.)
 .data          0x0000000000035378       0x10 build/cooja/mtype308.a(uip-ds6-route.o)
 .data          0x0000000000035388       0x10 build/cooja/mtype308.a(tcpip.o)
                0x0000000000035388                tcpip_process
 .data          0x0000000000035398        0x0 build/cooja/mtype308.a(uip6.o)
 .data          0x0000000000035398       0x14 build/cooja/mtype308.a(uip-ds6-nbr.o)
 .data          0x00000000000353ac        0xc build/cooja/mtype308.a(uip-nd6.o)
 .data          0x00000000000353b8       0x10 build/cooja/mtype308.a(simple-udp.o)
                0x00000000000353b8                simple_udp_process
 .data          0x00000000000353c8        0x0 build/cooja/mtype308.a(sicslowpan.o)
 .data          0x00000000000353c8        0x0 build/cooja/mtype308.a(uiplib.o)
 .data          0x00000000000353c8        0x0 build/cooja/mtype308.a(rpl.o)
 .data          0x00000000000353c8       0x30 build/cooja/mtype308.a(rpl-icmp6.o)
 .data          0x00000000000353f8        0x0 build/cooja/mtype308.a(rpl-dag-root.o)
 .data          0x00000000000353f8        0x0 build/cooja/mtype308.a(watchdog.o)
 .data          0x00000000000353f8        0x0 build/cooja/mtype308.a(int-master.o)
 .data          0x00000000000353f8       0x10 build/cooja/mtype308.a(coap-timer-defa)
                0x00000000000353f8                coap_timer_process
 .data          0x0000000000035408        0x0 build/cooja/mtype308.a(stimer.o)
 .data          0x0000000000035408        0x0 build/cooja/mtype308.a(ringbuf.o)
 .data          0x0000000000035408        0x0 build/cooja/mtype308.a(assert.o)
 .data          0x0000000000035408       0x10 build/cooja/mtype308.a(nbr-table.o)
 .data          0x0000000000035418       0x14 build/cooja/mtype308.a(link-stats.o)
 .data          0x000000000003542c        0x0 build/cooja/mtype308.a(mac-sequence.o)
 .data          0x000000000003542c        0x0 build/cooja/mtype308.a(mac.o)
 .data          0x000000000003542c        0x0 build/cooja/mtype308.a(framer-802154.o)
 .data          0x000000000003542c        0x2 build/cooja/mtype308.a(frame802154.o)
 .data          0x000000000003542e        0x0 build/cooja/mtype308.a(csma-security.o)
 .data          0x000000000003542e        0x0 build/cooja/mtype308.a(uipbuf.o)
 *fill*         0x000000000003542e        0x2 
 .data          0x0000000000035430       0x20 build/cooja/mtype308.a(uip-icmp6.o)
 .data          0x0000000000035450       0x10 build/cooja/mtype308.a(uip-sr.o)
 .data          0x0000000000035460        0xc build/cooja/mtype308.a(uip-packetqueue)
 .data          0x000000000003546c        0x0 build/cooja/mtype308.a(rpl-nbr-policy.)
 .data          0x000000000003546c       0x14 build/cooja/mtype308.a(rpl-neighbor.o)
                0x000000000003547c                rpl_neighbors
 .data          0x0000000000035480        0x0 build/cooja/mtype308.a(rpl-dag.o)
 .data          0x0000000000035480        0x0 build/cooja/mtype308.a(rpl-timers.o)
 .data          0x0000000000035480        0x0 build/cooja/mtype308.a(rpl-ext-header.)
 .data          0x0000000000035480       0x24 build/cooja/mtype308.a(rpl-mrhof.o)
                0x0000000000035480                rpl_mrhof
 .data          0x00000000000354a4        0x0 /usr/lib/gcc/i686-linux-gnu/5/libgcc.a(_udivdi3.o)
 .data          0x00000000000354a4        0x0 /usr/lib/gcc/i686-linux-gnu/5/crtendS.o
 .data          0x00000000000354a4        0x0 /usr/lib/gcc/i686-linux-gnu/5/../../../i386-linux-gnu/crtn.o

.tm_clone_table
                0x00000000000354a4        0x0
 .tm_clone_table
                0x00000000000354a4        0x0 /usr/lib/gcc/i686-linux-gnu/5/crtbeginS.o
 .tm_clone_table
                0x00000000000354a4        0x0 /usr/lib/gcc/i686-linux-gnu/5/crtendS.o

.data1
 *(.data1)
                0x00000000000354a4                _edata = .
                [!provide]                        PROVIDE (edata, .)
                0x00000000000354a4                . = .
                0x00000000000354a4                __bss_start = .

.bss            0x00000000000354c0    0x14504
 *(.dynbss)
 .dynbss        0x00000000000354c0        0x0 /usr/lib/gcc/i686-linux-gnu/5/../../../i386-linux-gnu/crti.o
 *(.bss .bss.* .gnu.linkonce.b.*)
 .bss           0x00000000000354c0        0x0 /usr/lib/gcc/i686-linux-gnu/5/../../../i386-linux-gnu/crti.o
 .bss           0x00000000000354c0        0x1 /usr/lib/gcc/i686-linux-gnu/5/crtbeginS.o
 *fill*         0x00000000000354c1       0x1f 
 .bss           0x00000000000354e0      0x18c client.o
                0x00000000000354e0                rpl_add
                0x00000000000354e1                registered
 *fill*         0x000000000003566c       0x14 
 .bss           0x0000000000035680     0x2030 build/cooja/mtype308.o
 .bss           0x00000000000376b0        0x1 build/cooja/mtype308.a(simEnvChange.o)
                0x00000000000376b0                simDontFallAsleep
 *fill*         0x00000000000376b1        0x3 
 .bss           0x00000000000376b4        0x4 build/cooja/mtype308.a(cooja_mt.o)
 .bss           0x00000000000376b8        0x4 build/cooja/mtype308.a(cooja_mtarch.o)
 .bss           0x00000000000376bc        0x0 build/cooja/mtype308.a(rtimer-arch.o)
 .bss           0x00000000000376bc        0x0 build/cooja/mtype308.a(beep.o)
 .bss           0x00000000000376bc        0x1 build/cooja/mtype308.a(leds-arch.o)
                0x00000000000376bc                simLedsValue
 .bss           0x00000000000376bd        0x0 build/cooja/mtype308.a(moteid.o)
 .bss           0x00000000000376bd        0x1 build/cooja/mtype308.a(pir-sensor.o)
                0x00000000000376bd                simPirValue
 *fill*         0x00000000000376be        0x2 
 .bss           0x00000000000376c0        0x4 build/cooja/mtype308.a(rs232.o)
 .bss           0x00000000000376c4        0x1 build/cooja/mtype308.a(vib-sensor.o)
                0x00000000000376c4                simVibValue
 .bss           0x00000000000376c5        0x0 build/cooja/mtype308.a(clock.o)
 *fill*         0x00000000000376c5       0x1b 
 .bss           0x00000000000376e0     0x2020 build/cooja/mtype308.a(cooja-log.o)
 .bss           0x0000000000039700      0xfc0 build/cooja/mtype308.a(cfs-cooja.o)
                0x0000000000039700                simCFSData
                0x000000000003a6a0                simCFSSize
                0x000000000003a6a4                simCFSChanged
                0x000000000003a6a8                simCFSRead
                0x000000000003a6ac                simCFSWritten
 .bss           0x000000000003a6c0       0x24 build/cooja/mtype308.a(cooja-radio.o)
                0x000000000003a6c0                simReceiving
                0x000000000003a6c4                simInSize
                0x000000000003a6c8                simLastPacketTimestamp
                0x000000000003a6d0                simOutSize
 .bss           0x000000000003a6e4        0xc build/cooja/mtype308.a(eeprom.o)
                0x000000000003a6e4                simEEPROMChanged
                0x000000000003a6e8                simEEPROMRead
                0x000000000003a6ec                simEEPROMWritten
 .bss           0x000000000003a6f0        0x0 build/cooja/mtype308.a(random.o)
 .bss           0x000000000003a6f0        0xc build/cooja/mtype308.a(sensors.o)
 .bss           0x000000000003a6fc        0x0 build/cooja/mtype308.a(leds.o)
 .bss           0x000000000003a6fc       0x24 build/cooja/mtype308.a(gpio-hal-arch.o)
 .bss           0x000000000003a720        0x0 build/cooja/mtype308.a(buttons.o)
 .bss           0x000000000003a720        0x8 build/cooja/mtype308.a(res_temperature)
                0x000000000003a720                name_assigned
 .bss           0x000000000003a728        0x0 build/cooja/mtype308.a(coap-blocking-a)
 *fill*         0x000000000003a728       0x18 
 .bss           0x000000000003a740      0x190 build/cooja/mtype308.a(coap-engine.o)
 .bss           0x000000000003a8d0        0x0 build/cooja/mtype308.a(coap-res-well-k)
 *fill*         0x000000000003a8d0       0x10 
 .bss           0x000000000003a8e0      0x120 build/cooja/mtype308.a(coap-observe.o)
 .bss           0x000000000003aa00       0x18 build/cooja/mtype308.a(coap-uip.o)
 .bss           0x000000000003aa18        0x5 build/cooja/mtype308.a(coap-timer.o)
 *fill*         0x000000000003aa1d        0x3 
 .bss           0x000000000003aa20      0x334 build/cooja/mtype308.a(coap-transactio)
 .bss           0x000000000003ad54        0x6 build/cooja/mtype308.a(coap.o)
                0x000000000003ad54                coap_status_code
 .bss           0x000000000003ad5a        0x0 build/cooja/mtype308.a(contiki-main.o)
 .bss           0x000000000003ad5a        0x0 build/cooja/mtype308.a(autostart.o)
 *fill*         0x000000000003ad5a        0x2 
 .bss           0x000000000003ad5c        0x5 build/cooja/mtype308.a(ctimer.o)
 *fill*         0x000000000003ad61        0x3 
 .bss           0x000000000003ad64       0x2c build/cooja/mtype308.a(log.o)
                0x000000000003ad64                curr_log_level_rpl
                0x000000000003ad68                curr_log_level_tcpip
                0x000000000003ad6c                curr_log_level_ipv6
                0x000000000003ad70                curr_log_level_6lowpan
                0x000000000003ad74                curr_log_level_nullnet
                0x000000000003ad78                curr_log_level_mac
                0x000000000003ad7c                curr_log_level_framer
                0x000000000003ad80                curr_log_level_6top
                0x000000000003ad84                curr_log_level_coap
                0x000000000003ad88                curr_log_level_snmp
                0x000000000003ad8c                curr_log_level_lwm2m
 .bss           0x000000000003ad90        0x0 build/cooja/mtype308.a(energest.o)
 .bss           0x000000000003ad90        0x8 build/cooja/mtype308.a(etimer.o)
 .bss           0x000000000003ad98        0x2 build/cooja/mtype308.a(node-id.o)
                0x000000000003ad98                node_id
 *fill*         0x000000000003ad9a        0x2 
 .bss           0x000000000003ad9c        0x4 build/cooja/mtype308.a(rtimer.o)
 .bss           0x000000000003ada0      0x1a1 build/cooja/mtype308.a(process.o)
                0x000000000003ada0                process_list
                0x000000000003ada4                process_current
 .bss           0x000000000003af41        0x0 build/cooja/mtype308.a(timer.o)
 .bss           0x000000000003af41        0x0 build/cooja/mtype308.a(list.o)
 .bss           0x000000000003af41        0x0 build/cooja/mtype308.a(memb.o)
 *fill*         0x000000000003af41        0x3 
 .bss           0x000000000003af44       0x10 build/cooja/mtype308.a(button-hal.o)
 *fill*         0x000000000003af54        0xc 
 .bss           0x000000000003af60      0x140 build/cooja/mtype308.a(serial-line.o)
 .bss           0x000000000003b0a0        0x4 build/cooja/mtype308.a(gpio-hal.o)
 *fill*         0x000000000003b0a4       0x1c 
 .bss           0x000000000003b0c0     0x2c80 build/cooja/mtype308.a(queuebuf.o)
 .bss           0x000000000003dd40       0xa0 build/cooja/mtype308.a(packetbuf.o)
 .bss           0x000000000003dde0        0x4 build/cooja/mtype308.a(netstack.o)
 .bss           0x000000000003dde4        0x0 build/cooja/mtype308.a(linkaddr.o)
 .bss           0x000000000003dde4        0x0 build/cooja/mtype308.a(csma.o)
 *fill*         0x000000000003dde4       0x1c 
 .bss           0x000000000003de00      0x726 build/cooja/mtype308.a(csma-output.o)
 *fill*         0x000000000003e526        0x2 
 .bss           0x000000000003e528       0x30 build/cooja/mtype308.a(uip-ds6.o)
 .bss           0x000000000003e558        0x0 build/cooja/mtype308.a(uip-udp-packet.)
 *fill*         0x000000000003e558        0x8 
 .bss           0x000000000003e560       0x60 build/cooja/mtype308.a(uip-ds6-route.o)
 .bss           0x000000000003e5c0       0x10 build/cooja/mtype308.a(tcpip.o)
 .bss           0x000000000003e5d0        0x8 build/cooja/mtype308.a(uip6.o)