Archive member included to satisfy reference by file (symbol)

build/cooja/mtype885.a(simEnvChange.o)
                              build/cooja/mtype885.o (simDontFallAsleep)
build/cooja/mtype885.a(cooja_mt.o)
                              build/cooja/mtype885.o (cooja_mt_start)
build/cooja/mtype885.a(cooja_mtarch.o)
                              build/cooja/mtype885.a(cooja_mt.o) (cooja_mtarch_start)
build/cooja/mtype885.a(rtimer-arch.o)
                              build/cooja/mtype885.o (rtimer_arch_check)
build/cooja/mtype885.a(beep.o)
                              build/cooja/mtype885.o (beep_interface)
build/cooja/mtype885.a(leds-arch.o)
                              build/cooja/mtype885.o (leds_interface)
build/cooja/mtype885.a(moteid.o)
                              build/cooja/mtype885.o (moteid_interface)
build/cooja/mtype885.a(pir-sensor.o)
                              build/cooja/mtype885.o (pir_interface)
build/cooja/mtype885.a(rs232.o)
                              build/cooja/mtype885.o (rs232_interface)
build/cooja/mtype885.a(vib-sensor.o)
                              build/cooja/mtype885.o (vib_interface)
build/cooja/mtype885.a(clock.o)
                              build/cooja/mtype885.o (clock_interface)
build/cooja/mtype885.a(cooja-log.o)
                              build/cooja/mtype885.o (simlog_interface)
build/cooja/mtype885.a(cfs-cooja.o)
                              build/cooja/mtype885.o (cfs_interface)
build/cooja/mtype885.a(cooja-radio.o)
                              build/cooja/mtype885.o (radio_interface)
build/cooja/mtype885.a(eeprom.o)
                              build/cooja/mtype885.o (eeprom_interface)
build/cooja/mtype885.a(random.o)
                              build/cooja/mtype885.a(moteid.o) (random_init)
build/cooja/mtype885.a(sensors.o)
                              build/cooja/mtype885.a(pir-sensor.o) (sensors_changed)
build/cooja/mtype885.a(leds.o)
                              build/cooja/mtype885.a(leds-arch.o) (leds_get)
build/cooja/mtype885.a(gpio-hal-arch.o)
                              build/cooja/mtype885.a(leds-arch.o) (gpio_hal_arch_register_pin_callback)
build/cooja/mtype885.a(buttons.o)
                              build/cooja/mtype885.o (button_interface)
build/cooja/mtype885.a(coap-blocking-a)
                              client.o (coap_blocking_request)
build/cooja/mtype885.a(coap-uip.o)
                              client.o (coap_endpoint_parse)
build/cooja/mtype885.a(coap-transactio)
                              build/cooja/mtype885.a(coap-blocking-a) (coap_send_transaction)
build/cooja/mtype885.a(coap.o)
                              build/cooja/mtype885.a(coap-blocking-a) (coap_get_mid)
build/cooja/mtype885.a(contiki-main.o)
                              build/cooja/mtype885.o (main)
build/cooja/mtype885.a(autostart.o)
                              build/cooja/mtype885.a(contiki-main.o) (autostart_start)
build/cooja/mtype885.a(ctimer.o)
                              build/cooja/mtype885.a(contiki-main.o) (ctimer_init)
build/cooja/mtype885.a(log.o)
                              build/cooja/mtype885.a(contiki-main.o) (curr_log_level_main)
build/cooja/mtype885.a(energest.o)
                              build/cooja/mtype885.a(contiki-main.o) (energest_init)
build/cooja/mtype885.a(etimer.o)
                              build/cooja/mtype885.a(contiki-main.o) (etimer_process)
build/cooja/mtype885.a(node-id.o)
                              client.o (node_id)
build/cooja/mtype885.a(rtimer.o)
                              build/cooja/mtype885.a(contiki-main.o) (rtimer_init)
build/cooja/mtype885.a(process.o)
                              build/cooja/mtype885.a(coap-blocking-a) (process_current)
build/cooja/mtype885.a(timer.o)
                              build/cooja/mtype885.a(etimer.o) (timer_set)
build/cooja/mtype885.a(list.o)
                              build/cooja/mtype885.a(ctimer.o) (list_init)
build/cooja/mtype885.a(memb.o)
                              build/cooja/mtype885.a(coap-transactio) (memb_alloc)
build/cooja/mtype885.a(button-hal.o)
                              build/cooja/mtype885.o (button_hal_init)
build/cooja/mtype885.a(serial-line.o)
                              build/cooja/mtype885.a(rs232.o) (serial_line_input_byte)
build/cooja/mtype885.a(gpio-hal.o)
                              build/cooja/mtype885.a(button-hal.o) (gpio_hal_register_handler)
build/cooja/mtype885.a(queuebuf.o)
                              build/cooja/mtype885.a(contiki-main.o) (queuebuf_init)
build/cooja/mtype885.a(packetbuf.o)
                              build/cooja/mtype885.a(cooja-radio.o) (packetbuf_clear)
build/cooja/mtype885.a(netstack.o)
                              build/cooja/mtype885.a(contiki-main.o) (netstack_init)
build/cooja/mtype885.a(linkaddr.o)
                              build/cooja/mtype885.a(contiki-main.o) (linkaddr_node_addr)
build/cooja/mtype885.a(csma.o)
[...]
Memory Configuration

Name             Origin             Length             Attributes
*default*        0x0000000000000000 0xffffffffffffffff

Linker script and memory map

LOAD /usr/lib/gcc/i686-linux-gnu/5/../../../i386-linux-gnu/crti.o
LOAD /usr/lib/gcc/i686-linux-gnu/5/crtbeginS.o
LOAD client.o
LOAD build/cooja/mtype885.o
LOAD build/cooja/mtype885.a
LOAD /usr/lib/gcc/i686-linux-gnu/5/libgcc.a
LOAD /usr/lib/gcc/i686-linux-gnu/5/libgcc_s.so
LOAD /usr/lib/gcc/i686-linux-gnu/5/../../../i386-linux-gnu/libc.so
START GROUP
LOAD /lib/i386-linux-gnu/libc.so.6
LOAD /usr/lib/i386-linux-gnu/libc_nonshared.a
LOAD /lib/i386-linux-gnu/ld-linux.so.2
END GROUP
LOAD /usr/lib/gcc/i686-linux-gnu/5/libgcc.a
LOAD /usr/lib/gcc/i686-linux-gnu/5/libgcc_s.so
LOAD /usr/lib/gcc/i686-linux-gnu/5/crtendS.o
LOAD /usr/lib/gcc/i686-linux-gnu/5/../../../i386-linux-gnu/crtn.o
                0x0000000000000114                . = (0x0 + SIZEOF_HEADERS)

.note.gnu.build-id
                0x0000000000000114       0x24
 *(.note.gnu.build-id)
 .note.gnu.build-id
                0x0000000000000114       0x24 /usr/lib/gcc/i686-linux-gnu/5/../../../i386-linux-gnu/crti.o

.hash
 *(.hash)

.gnu.hash       0x0000000000000138     0x15a4
 *(.gnu.hash)
 .gnu.hash      0x0000000000000138     0x15a4 /usr/lib/gcc/i686-linux-gnu/5/../../../i386-linux-gnu/crti.o

.dynsym         0x00000000000016dc     0x2f20
 *(.dynsym)
 .dynsym        0x00000000000016dc     0x2f20 /usr/lib/gcc/i686-linux-gnu/5/../../../i386-linux-gnu/crti.o

.dynstr         0x00000000000045fc     0x36ff
 *(.dynstr)
 .dynstr        0x00000000000045fc     0x36ff /usr/lib/gcc/i686-linux-gnu/5/../../../i386-linux-gnu/crti.o

.gnu.version    0x0000000000007cfc      0x5e4
 *(.gnu.version)
 .gnu.version   0x0000000000007cfc      0x5e4 /usr/lib/gcc/i686-linux-gnu/5/../../../i386-linux-gnu/crti.o

.gnu.version_d  0x00000000000082e0        0x0
 *(.gnu.version_d)
 .gnu.version_d
                0x00000000000082e0        0x0 /usr/lib/gcc/i686-linux-gnu/5/../../../i386-linux-gnu/crti.o

.gnu.version_r  0x00000000000082e0       0x40
 *(.gnu.version_r)
 .gnu.version_r
                0x00000000000082e0       0x40 /usr/lib/gcc/i686-linux-gnu/5/../../../i386-linux-gnu/crti.o

.rel.dyn        0x0000000000008320     0x9168
 *(.rel.init)
 .rel.init      0x0000000000008320        0x0 /usr/lib/gcc/i686-linux-gnu/5/../../../i386-linux-gnu/crti.o
 *(.rel.text .rel.text.* .rel.gnu.linkonce.t.*)
 .rel.text      0x0000000000008320     0x87a0 /usr/lib/gcc/i686-linux-gnu/5/../../../i386-linux-gnu/crti.o
 *(.rel.fini)
 .rel.fini      0x0000000000010ac0        0x0 /usr/lib/gcc/i686-linux-gnu/5/../../../i386-linux-gnu/crti.o
 *(.rel.rodata .rel.rodata.* .rel.gnu.linkonce.r.*)
 .rel.rodata    0x0000000000010ac0      0x590 /usr/lib/gcc/i686-linux-gnu/5/../../../i386-linux-gnu/crti.o
 *(.rel.data.rel.ro .rel.data.rel.ro.* .rel.gnu.linkonce.d.rel.ro.*)
 *(.rel.data .rel.data.* .rel.gnu.linkonce.d.*)
 .rel.data.rel.local
                0x0000000000011050        0x8 /usr/lib/gcc/i686-linux-gnu/5/../../../i386-linux-gnu/crti.o
 .rel.data      0x0000000000011058      0x3f8 /usr/lib/gcc/i686-linux-gnu/5/../../../i386-linux-gnu/crti.o
 *(.rel.tdata .rel.tdata.* .rel.gnu.linkonce.td.*)
 *(.rel.tbss .rel.tbss.* .rel.gnu.linkonce.tb.*)
 *(.rel.ctors)
 *(.rel.dtors)
 *(.rel.got)
 .rel.got       0x0000000000011450       0x28 /usr/lib/gcc/i686-linux-gnu/5/../../../i386-linux-gnu/crti.o
 *(.rel.bss .rel.bss.* .rel.gnu.linkonce.b.*)
 *(.rel.ifunc)
 .rel.ifunc     0x0000000000011478        0x0 /usr/lib/gcc/i686-linux-gnu/5/../../../i386-linux-gnu/crti.o
 .rel.fini_array
                0x0000000000011478        0x8 /usr/lib/gcc/i686-linux-gnu/5/../../../i386-linux-gnu/crti.o
 .rel.init_array
                0x0000000000011480        0x8 /usr/lib/gcc/i686-linux-gnu/5/../../../i386-linux-gnu/crti.o

.rel.plt        0x0000000000011488        0x0
 *(.rel.plt)
 .rel.plt       0x0000000000011488        0x0 /usr/lib/gcc/i686-linux-gnu/5/../../../i386-linux-gnu/crti.o
 *(.rel.iplt)

.init           0x0000000000011488       0x23
 *(SORT(.init))
 .init          0x0000000000011488       0x1e /usr/lib/gcc/i686-linux-gnu/5/../../../i386-linux-gnu/crti.o
                0x0000000000011488                _init
 .init          0x00000000000114a6        0x5 /usr/lib/gcc/i686-linux-gnu/5/../../../i386-linux-gnu/crtn.o

.plt            0x00000000000114b0       0x10
 *(.plt)
 .plt           0x00000000000114b0       0x10 /usr/lib/gcc/i686-linux-gnu/5/../../../i386-linux-gnu/crti.o
 *(.iplt)

.plt.got        0x00000000000114c0       0x10
 *(.plt.got)
 .plt.got       0x00000000000114c0       0x10 /usr/lib/gcc/i686-linux-gnu/5/../../../i386-linux-gnu/crti.o

.text           0x00000000000114d0    0x18912
 *(.text.unlikely .text.*_unlikely .text.unlikely.*)
 .text.unlikely
                0x00000000000114d0        0x0 /usr/lib/gcc/i686-linux-gnu/5/crtbeginS.o
 .text.unlikely
                0x00000000000114d0        0x0 /usr/lib/gcc/i686-linux-gnu/5/libgcc.a(_udivdi3.o)
 *(.text.exit .text.exit.*)
 *(.text.startup .text.startup.*)
 *(.text.hot .text.hot.*)
 *(.text .stub .text.* .gnu.linkonce.t.*)
 .text          0x00000000000114d0        0x0 /usr/lib/gcc/i686-linux-gnu/5/../../../i386-linux-gnu/crti.o
 .gnu.linkonce.t.__x86.get_pc_thunk.bx
                0x00000000000114d0        0x4 /usr/lib/gcc/i686-linux-gnu/5/../../../i386-linux-gnu/crti.o
                0x00000000000114d0                __x86.get_pc_thunk.bx
 *fill*         0x00000000000114d4        0xc 
 .text          0x00000000000114e0      0x11c /usr/lib/gcc/i686-linux-gnu/5/crtbeginS.o
 .text.__x86.get_pc_thunk.dx
                0x00000000000115fc        0x4 /usr/lib/gcc/i686-linux-gnu/5/crtbeginS.o
                0x00000000000115fc                __x86.get_pc_thunk.dx
 .text          0x0000000000011600      0x4a4 client.o
                0x0000000000011669                client_chunk_handler
 .text          0x0000000000011aa4      0x283 build/cooja/mtype885.o
                0x0000000000011b36                platform_init_stage_one
                0x0000000000011b49                platform_init_stage_two
                0x0000000000011b5c                platform_init_stage_three
                0x0000000000011b6f                platform_main_loop
                0x0000000000011be2                Java_org_contikios_cooja_corecomm_Lib24_init
                0x0000000000011c19                Java_org_contikios_cooja_corecomm_Lib24_getMemory
                0x0000000000011c4c                Java_org_contikios_cooja_corecomm_Lib24_setMemory
                0x0000000000011cac                Java_org_contikios_cooja_corecomm_Lib24_tick
                0x0000000000011d14                Java_org_contikios_cooja_corecomm_Lib24_setReferenceAddress
 .text          0x0000000000011d27       0x65 build/cooja/mtype885.a(simEnvChange.o)
                0x0000000000011d27                doActionsBeforeTick
                0x0000000000011d59                doActionsAfterTick
 .text          0x0000000000011d8c       0x83 build/cooja/mtype885.a(cooja_mt.o)
                0x0000000000011d8c                cooja_mt_start
                0x0000000000011db6                cooja_mt_exec
                0x0000000000011dec                cooja_mt_yield
 .text          0x0000000000011e0f       0xbe build/cooja/mtype885.a(cooja_mtarch.o)
                0x0000000000011e0f                cooja_mtarch_start
                0x0000000000011e82                cooja_sw
                0x0000000000011ea5                cooja_mtarch_exec
                0x0000000000011ec2                cooja_mtarch_yield
 .text          0x0000000000011ecd       0xc5 build/cooja/mtype885.a(rtimer-arch.o)
                0x0000000000011ecd                rtimer_arch_init
                0x0000000000011ef1                rtimer_arch_schedule
                0x0000000000011f21                rtimer_arch_next
                0x0000000000011f31                rtimer_arch_pending
                0x0000000000011f3b                rtimer_arch_check
                0x0000000000011f82                rtimer_arch_now
 .text          0x0000000000011f92       0x81 build/cooja/mtype885.a(beep.o)
                0x0000000000011f92                beep_alarm
                0x0000000000011f9f                beep_beep
                0x0000000000011fac                beep
                0x0000000000011fb9                beep_down
                0x0000000000011fc6                beep_on
                0x0000000000011fd3                beep_off
                0x0000000000011fe0                beep_spinup
                0x0000000000011fed                beep_quick
                0x0000000000011ffa                beep_long
 .text          0x0000000000012013       0x65 build/cooja/mtype885.a(leds-arch.o)
                0x0000000000012026                leds_arch_init
 .text          0x0000000000012078       0x35 build/cooja/mtype885.a(moteid.o)
 .text          0x00000000000120ad       0xb7 build/cooja/mtype885.a(pir-sensor.o)
 .text          0x0000000000012164      0x148 build/cooja/mtype885.a(rs232.o)
                0x0000000000012164                rs232_init
                0x000000000001216a                rs232_set_speed
                0x0000000000012179                rs232_set_input
                0x0000000000012187                rs232_send
                0x00000000000121ab                rs232_print
                0x00000000000121c7                slip_arch_writeb
 .text          0x00000000000122ac       0xb7 build/cooja/mtype885.a(vib-sensor.o)
 .text          0x0000000000012363       0x38 build/cooja/mtype885.a(clock.o)
                0x0000000000012363                clock_init
                0x0000000000012369                clock_time
                0x0000000000012373                clock_seconds
                0x0000000000012389                clock_delay
 .text          0x000000000001239b      0x219 build/cooja/mtype885.a(cooja-log.o)
                0x000000000001239b                simlog_char
                0x00000000000123de                simlog
                0x0000000000012454                log_message
                0x0000000000012485                log_set_putchar_with_slip
                0x0000000000012493                log_putchar
                0x000000000001250e                log_puts
                0x0000000000012536                log_printf
 .text          0x00000000000125b4      0x2b9 build/cooja/mtype885.a(cfs-cooja.o)
                0x00000000000125b4                cfs_open
                0x000000000001261d                cfs_close
                0x000000000001262a                cfs_read
                0x00000000000126bf                cfs_write
                0x000000000001279b                cfs_seek
                0x0000000000012823                cfs_remove
                0x0000000000012847                cfs_opendir
                0x0000000000012851                cfs_readdir
                0x000000000001285b                cfs_closedir
 .text          0x000000000001286d      0x620 build/cooja/mtype885.a(cooja-radio.o)
                0x00000000000128af                radio_set_channel
                0x00000000000128bd                radio_set_txpower
                0x00000000000128d5                radio_signal_strength_last
                0x00000000000128df                radio_signal_strength_current
                0x00000000000128e9                radio_LQI
 .text          0x0000000000012e8d       0xee build/cooja/mtype885.a(eeprom.o)
                0x0000000000012e8d                eeprom_init
                0x0000000000012e93                eeprom_read
                0x0000000000012f01                eeprom_write
 .text          0x0000000000012f7b       0x2d build/cooja/mtype885.a(random.o)
                0x0000000000012f7b                random_init
                0x0000000000012f9b                random_rand
 .text          0x0000000000012fa8      0x29c build/cooja/mtype885.a(sensors.o)
                0x0000000000012fe3                sensors_first
                0x0000000000012fed                sensors_next
                0x0000000000013007                sensors_changed
                0x000000000001303b                sensors_find
 .text          0x0000000000013244      0x349 build/cooja/mtype885.a(leds.o)
                0x0000000000013244                leds_init
                0x000000000001328b                leds_single_on
                0x00000000000132ea                leds_single_off
                0x0000000000013349                leds_single_toggle
                0x000000000001337b                leds_on
                0x00000000000133fd                leds_off
                0x000000000001347f                leds_toggle
                0x00000000000134d4                leds_set
                0x0000000000013500                leds_get
 .text          0x000000000001358d      0x343 build/cooja/mtype885.a(gpio-hal-arch.o)
                0x000000000001358d                gpio_hal_arch_register_pin_callback
                0x00000000000135f9                gpio_hal_arch_init
                0x000000000001363e                gpio_hal_arch_no_port_interrupt_enable
                0x000000000001366e                gpio_hal_arch_no_port_interrupt_disable
                0x000000000001369e                gpio_hal_arch_no_port_pin_cfg_set
                0x00000000000136c3                gpio_hal_arch_no_port_pin_cfg_get
                0x00000000000136e9                gpio_hal_arch_no_port_pin_set_input
                0x00000000000136fb                gpio_hal_arch_no_port_pin_set_output
                0x000000000001370d                gpio_hal_arch_no_port_set_pin
                0x000000000001372e                gpio_hal_arch_no_port_clear_pin
                0x000000000001374f                gpio_hal_arch_no_port_read_pin
                0x0000000000013775                gpio_hal_arch_no_port_write_pin
                0x000000000001379f                gpio_hal_arch_no_port_set_pins
                0x00000000000137e6                gpio_hal_arch_no_port_clear_pins
                0x000000000001382d                gpio_hal_arch_no_port_read_pins
                0x0000000000013870                gpio_hal_arch_no_port_write_pins
 .text          0x00000000000138d0       0x89 build/cooja/mtype885.a(buttons.o)
 .text          0x0000000000013959      0x27b build/cooja/mtype885.a(coap-blocking-a)
                0x0000000000013959                coap_blocking_request_callback
                0x0000000000013983                coap_blocking_request
 .text          0x0000000000013bd4      0x733 build/cooja/mtype885.a(coap-uip.o)
                0x0000000000013bd4                coap_endpoint_log
                0x0000000000013c5a                coap_endpoint_print
                0x0000000000013ce0                coap_endpoint_snprint
                0x0000000000013e13                coap_endpoint_copy
                0x0000000000013e50                coap_endpoint_cmp
                0x0000000000013f5e                coap_endpoint_parse
                0x0000000000014149                coap_endpoint_is_secure
                0x0000000000014158                coap_endpoint_is_connected
                0x000000000001418c                coap_endpoint_connect
                0x00000000000141a8                coap_endpoint_disconnect
                0x00000000000141ae                coap_databuf
                0x00000000000141b8                coap_transport_init
                0x0000000000014208                coap_sendto
 .text          0x0000000000014307      0x2c6 build/cooja/mtype885.a(coap-transactio)
                0x000000000001436d                coap_new_transaction
                0x00000000000143d3                coap_send_transaction
                0x0000000000014534                coap_clear_transaction
                0x000000000001457c                coap_get_transaction_by_mid
 .text          0x00000000000145cd     0x1c53 build/cooja/mtype885.a(coap.o)
                0x0000000000014b3a                coap_init_connection
                0x0000000000014b4e                coap_get_mid
                0x0000000000014b6a                coap_init_message
                0x0000000000014bb3                coap_serialize_message
                0x0000000000015235                coap_parse_message
                0x000000000001589c                coap_get_query_variable
                0x00000000000158de                coap_get_post_variable
                0x0000000000015922                coap_set_status_code
                0x0000000000015947                coap_set_token
                0x000000000001598e                coap_get_header_content_format
                0x00000000000159bf                coap_set_header_content_format
                0x00000000000159e2                coap_get_header_accept
                0x0000000000015a13                coap_set_header_accept
                0x0000000000015a36                coap_get_header_max_age
                0x0000000000015a67                coap_set_header_max_age
                0x0000000000015a87                coap_get_header_etag
                0x0000000000015ab9                coap_set_header_etag
                0x0000000000015b10                coap_get_header_if_match
                0x0000000000015b42                coap_set_header_if_match
                0x0000000000015b99                coap_get_header_if_none_match
                0x0000000000015bb3                coap_set_header_if_none_match
                0x0000000000015bca                coap_get_header_proxy_uri
                0x0000000000015bf8                coap_set_header_proxy_uri
                0x0000000000015c35                coap_get_header_uri_host
                0x0000000000015c63                coap_set_header_uri_host
                0x0000000000015ca0                coap_get_header_uri_path
                0x0000000000015cce                coap_set_header_uri_path
                0x0000000000015d1b                coap_get_header_uri_query
                0x0000000000015d4f                coap_set_header_uri_query
                0x0000000000015da5                coap_get_header_location_path
                0x0000000000015dd3                coap_set_header_location_path
                0x0000000000015e6c                coap_get_header_location_query
                0x0000000000015e9a                coap_set_header_location_query
                0x0000000000015ee7                coap_get_header_observe
                0x0000000000015f16                coap_set_header_observe
                0x0000000000015f36                coap_get_header_block2
                0x0000000000015fa2                coap_set_header_block2
                0x0000000000016019                coap_get_header_block1
                0x000000000001608e                coap_set_header_block1
                0x0000000000016109                coap_get_header_size2
                0x0000000000016139                coap_set_header_size2
                0x000000000001615c                coap_get_header_size1
                0x000000000001618c                coap_set_header_size1
                0x00000000000161af                coap_get_payload
                0x00000000000161e9                coap_set_payload
 .text          0x0000000000016220      0x332 build/cooja/mtype885.a(contiki-main.o)
                0x0000000000016220                main
 .text          0x0000000000016552       0x92 build/cooja/mtype885.a(autostart.o)
                0x0000000000016552                autostart_start
                0x000000000001659c                autostart_exit
 .text          0x00000000000165e4      0x355 build/cooja/mtype885.a(ctimer.o)
                0x000000000001670c                ctimer_init
                0x000000000001673f                ctimer_set
                0x0000000000016765                ctimer_set_with_process
                0x00000000000167e2                ctimer_reset
                0x0000000000016836                ctimer_restart
                0x000000000001688a                ctimer_stop
                0x00000000000168da                ctimer_expired
 .text          0x0000000000016939      0x394 build/cooja/mtype885.a(log.o)
                0x0000000000016939                log_6addr
                0x000000000001698c                log_6addr_compact_snprint
                0x0000000000016a2a                log_6addr_compact
                0x0000000000016a7d                log_lladdr
                0x0000000000016aef                log_lladdr_compact
                0x0000000000016b57                log_set_level
                0x0000000000016c12                log_get_level
                0x0000000000016c8b                log_level_to_str
 .text          0x0000000000016ccd       0x1b build/cooja/mtype885.a(energest.o)
                0x0000000000016ccd                energest_init
                0x0000000000016cd3                energest_flush
                0x0000000000016cd9                energest_get_total_time
 .text          0x0000000000016ce8      0x43f build/cooja/mtype885.a(etimer.o)
                0x0000000000016f0c                etimer_request_poll
                0x0000000000016f95                etimer_set
                0x0000000000016fbe                etimer_reset_with_new_interval
                0x0000000000016fed                etimer_reset
                0x0000000000017013                etimer_restart
                0x0000000000017039                etimer_adjust
                0x0000000000017056                etimer_expired
                0x0000000000017069                etimer_expiration_time
                0x000000000001707b                etimer_start_time
                0x0000000000017085                etimer_pending
                0x0000000000017097                etimer_next_expiration_time
                0x00000000000170b1                etimer_stop
 .text          0x0000000000017127       0x25 build/cooja/mtype885.a(node-id.o)
                0x0000000000017127                node_id_init
 .text          0x000000000001714c       0xeb build/cooja/mtype885.a(rtimer.o)
                0x000000000001714c                rtimer_init
                0x000000000001715a                rtimer_set
                0x00000000000171d5                rtimer_run_next
 .text          0x0000000000017237      0x4fb build/cooja/mtype885.a(process.o)
                0x0000000000017237                process_alloc_event
                0x000000000001724c                process_start
                0x0000000000017426                process_exit
                0x0000000000017443                process_init
                0x00000000000175d8                process_run
                0x000000000001760b                process_nevents
                0x0000000000017626                process_post
                0x00000000000176b9                process_post_synch
                0x00000000000176ee                process_poll
                0x000000000001771e                process_is_running
 .text          0x0000000000017732       0xb1 build/cooja/mtype885.a(timer.o)
                0x0000000000017732                timer_set
                0x0000000000017750                timer_reset
                0x000000000001777d                timer_restart
                0x0000000000017792                timer_expired
                0x00000000000177bf                timer_remaining
 .text          0x00000000000177e3      0x28f build/cooja/mtype885.a(list.o)
                0x00000000000177e3                list_init
                0x00000000000177f2                list_head
                0x00000000000177fc                list_copy
                0x000000000001780c                list_tail
                0x0000000000017842                list_add
                0x000000000001788e                list_push
                0x00000000000178ba                list_chop
                0x0000000000017924                list_pop
                0x000000000001794c                list_remove
                0x00000000000179b4                list_length
                0x00000000000179e2                list_insert
                0x0000000000017a27                list_item_next
                0x0000000000017a3e                list_contains
 .text          0x0000000000017a72      0x1b5 build/cooja/mtype885.a(memb.o)
                0x0000000000017a72                memb_init
                0x0000000000017ac7                memb_alloc
                0x0000000000017b2a                memb_free
                0x0000000000017ba1                memb_inmemb
                0x0000000000017be0                memb_numfree
 .text          0x0000000000017c27      0x41c build/cooja/mtype885.a(button-hal.o)
                0x0000000000017da0                button_hal_get_by_id
                0x0000000000017dde                button_hal_get_by_index
                0x0000000000017e0a                button_hal_get_state
                0x0000000000017e5c                button_hal_init
 .text          0x0000000000018043      0x1f3 build/cooja/mtype885.a(serial-line.o)
                0x0000000000018043                serial_line_input_byte
                0x0000000000018201                serial_line_init
 .text          0x0000000000018236      0x168 build/cooja/mtype885.a(gpio-hal.o)
                0x0000000000018236                gpio_hal_register_handler
                0x0000000000018253                gpio_hal_event_handler
                0x00000000000182af                gpio_hal_init
                0x00000000000182ce                gpio_hal_arch_port_toggle_pin
                0x000000000001830a                gpio_hal_arch_port_toggle_pins
                0x0000000000018338                gpio_hal_arch_no_port_toggle_pin
                0x0000000000018376                gpio_hal_arch_no_port_toggle_pins
 .text          0x000000000001839e      0x2e7 build/cooja/mtype885.a(queuebuf.o)
                0x00000000000183a8                queuebuf_init
                0x00000000000183d1                queuebuf_numfree
                0x00000000000183e9                queuebuf_new_from_packetbuf
                0x0000000000018488                queuebuf_update_attr_from_packetbuf
                0x00000000000184bd                queuebuf_update_from_packetbuf
                0x000000000001850d                queuebuf_free
                0x0000000000018556                queuebuf_to_packetbuf
                0x00000000000185c2                queuebuf_dataptr
                0x00000000000185fc                queuebuf_datalen
                0x000000000001861f                queuebuf_addr
                0x0000000000018654                queuebuf_attr
                0x000000000001867f                queuebuf_debug_print
 .text          0x0000000000018685      0x407 build/cooja/mtype885.a(packetbuf.o)
                0x0000000000018685                packetbuf_clear
                0x00000000000186b0                packetbuf_copyfrom
                0x00000000000186ff                packetbuf_copyto
                0x0000000000018792                packetbuf_hdralloc
                0x000000000001880e                packetbuf_hdrreduce
                0x0000000000018854                packetbuf_set_datalen
                0x000000000001886e                packetbuf_dataptr
                0x000000000001888b                packetbuf_hdrptr
                0x0000000000018895                packetbuf_datalen
                0x00000000000188a1                packetbuf_hdrlen
                0x00000000000188b8                packetbuf_totlen
                0x00000000000188ce                packetbuf_remaininglen
                0x00000000000188e1                packetbuf_attr_clear
                0x000000000001892d                packetbuf_attr_copyto
                0x0000000000018985                packetbuf_attr_copyfrom
                0x00000000000189dd                packetbuf_set_attr
                0x0000000000018a07                packetbuf_attr
                0x0000000000018a21                packetbuf_set_addr
                0x0000000000018a52                packetbuf_addr
                0x0000000000018a6f                packetbuf_holds_broadcast
 .text          0x0000000000018a8c       0xef build/cooja/mtype885.a(netstack.o)
                0x0000000000018a8c                netstack_process_ip_callback
                0x0000000000018b1d                netstack_ip_packet_processor_add
                0x0000000000018b40                uip_ds6_ip_packet_processor_rm
                0x0000000000018b5d                netstack_init
 .text          0x0000000000018b7b       0x4f build/cooja/mtype885.a(linkaddr.o)
                0x0000000000018b7b                linkaddr_copy
                0x0000000000018b91                linkaddr_cmp
                0x0000000000018bb4                linkaddr_set_node_addr
 .text          0x0000000000018bca      0x1f6 build/cooja/mtype885.a(csma.o)
 .text          0x0000000000018dc0      0x95d build/cooja/mtype885.a(csma-output.o)
                0x0000000000019457                csma_output_packet
                0x00000000000196e4                csma_output_init
 .text          0x000000000001971d      0xc11 build/cooja/mtype885.a(uip-ds6.o)
                0x000000000001971d                uip_ds6_default_prefix
                0x0000000000019727                uip_ds6_set_default_prefix
                0x0000000000019752                uip_ds6_init
                0x00000000000199b4                uip_ds6_periodic
                0x0000000000019a3b                uip_ds6_list_loop
                0x0000000000019afb                uip_ds6_prefix_add
                0x0000000000019ba7                uip_ds6_prefix_rm
                0x0000000000019bba                uip_ds6_prefix_lookup
                0x0000000000019bf9                uip_ds6_is_addr_onlink
                0x0000000000019c6c                uip_ds6_addr_add
                0x0000000000019d8c                uip_ds6_addr_rm
                0x0000000000019e35                uip_ds6_addr_lookup
                0x0000000000019e6e                uip_ds6_get_link_local
                0x0000000000019eef                uip_ds6_get_global
                0x0000000000019f70                uip_ds6_maddr_add
                0x0000000000019fd0                uip_ds6_maddr_rm
                0x0000000000019fe3                uip_ds6_maddr_lookup
                0x000000000001a01c                uip_ds6_aaddr_add
                0x000000000001a07c                uip_ds6_aaddr_rm
                0x000000000001a08f                uip_ds6_aaddr_lookup
                0x000000000001a0c8                uip_ds6_select_src
                0x000000000001a211                uip_ds6_set_addr_iid
                0x000000000001a23c                uip_ds6_set_lladdr_from_iid
                0x000000000001a265                get_match_length
                0x000000000001a2f6                uip_ds6_compute_reachable_time
 .text          0x000000000001a32e      0x128 build/cooja/mtype885.a(uip-udp-packet.)
                0x000000000001a32e                uip_udp_packet_send
                0x000000000001a389                uip_udp_packet_sendto
 .text          0x000000000001a456      0x35b build/cooja/mtype885.a(uip-ds6-route.o)
                0x000000000001a4a7                uip_ds6_route_init
                0x000000000001a4d1                uip_ds6_route_nexthop
                0x000000000001a4db                uip_ds6_route_head
                0x000000000001a4e5                uip_ds6_route_next
                0x000000000001a4ef                uip_ds6_route_is_nexthop
                0x000000000001a4f9                uip_ds6_route_num_routes
                0x000000000001a503                uip_ds6_route_lookup
                0x000000000001a50d                uip_ds6_route_add
                0x000000000001a520                uip_ds6_route_rm
                0x000000000001a526                uip_ds6_route_rm_by_nexthop
                0x000000000001a52c                uip_ds6_defrt_head
                0x000000000001a545                uip_ds6_defrt_add
                0x000000000001a5f3                uip_ds6_defrt_rm
                0x000000000001a659                uip_ds6_defrt_lookup
                0x000000000001a6c0                uip_ds6_defrt_choose
                0x000000000001a736                uip_ds6_defrt_periodic
 .text          0x000000000001a7b1      0x6f7 build/cooja/mtype885.a(tcpip.o)
                0x000000000001a7cb                tcpip_output
                0x000000000001a84a                udp_attach
                0x000000000001a862                udp_new
                0x000000000001a8ac                udp_broadcast_new
                0x000000000001aa1e                tcpip_input
                0x000000000001abae                tcpip_ipv6_output
                0x000000000001ada2                tcpip_poll_udp
                0x000000000001adc0                tcpip_uipcall
 .text          0x000000000001aea8     0x1205 build/cooja/mtype885.a(uip6.o)
                0x000000000001af57                uip_chksum
                0x000000000001b02e                uip_icmp6chksum
                0x000000000001b043                uip_udpchksum
                0x000000000001b058                uip_init
                0x000000000001b0a1                uip_remove_ext_hdr
                0x000000000001b17b                uip_udp_new
                0x000000000001b48f                uip_process
                0x000000000001bf87                uip_htons
                0x000000000001bfa9                uip_htonl
                0x000000000001bfe7                uip_send
 .text          0x000000000001c0ad      0x369 build/cooja/mtype885.a(uip-ds6-nbr.o)
                0x000000000001c0ad                uip_ds6_neighbors_init
                0x000000000001c0d1                uip_ds6_nbr_add
                0x000000000001c157                uip_ds6_nbr_rm
                0x000000000001c1a2                uip_ds6_nbr_update_ll
                0x000000000001c290                uip_ds6_nbr_get_ipaddr
                0x000000000001c2a5                uip_ds6_nbr_get_ll
                0x000000000001c2c1                uip_ds6_nbr_num
                0x000000000001c30a                uip_ds6_nbr_head
                0x000000000001c323                uip_ds6_nbr_next
                0x000000000001c33f                uip_ds6_nbr_lookup
                0x000000000001c397                uip_ds6_nbr_ll_lookup
                0x000000000001c3b3                uip_ds6_nbr_ipaddr_from_lladdr
                0x000000000001c3dc                uip_ds6_nbr_lladdr_from_ipaddr
                0x000000000001c410                uip_ds6_link_callback
 .text          0x000000000001c416      0x6a7 build/cooja/mtype885.a(uip-nd6.o)
                0x000000000001caa4                uip_nd6_init
 .text          0x000000000001cabd      0x3b0 build/cooja/mtype885.a(simple-udp.o)
                0x000000000001caea                simple_udp_send
                0x000000000001cb4d                simple_udp_sendto
                0x000000000001cba8                simple_udp_sendto_port
                0x000000000001cc01                simple_udp_register
 .text          0x000000000001ce6d     0x2c17 build/cooja/mtype885.a(sicslowpan.o)
                0x000000000001d474                netstack_sniffer_add
                0x000000000001d482                netstack_sniffer_remove
                0x000000000001fa58                sicslowpan_init
                0x000000000001fa7a                sicslowpan_get_last_rssi
 .text          0x000000000001fa84      0x4d1 build/cooja/mtype885.a(uiplib.o)
                0x000000000001fa84                uiplib_ip6addrconv
                0x000000000001fc3c                uiplib_ip4addrconv
                0x000000000001fcff                uiplib_ipaddr_print
                0x000000000001fd52                uiplib_ipaddr_snprint
 .text          0x000000000001ff55      0x4c9 build/cooja/mtype885.a(rpl.o)
                0x000000000001ff55                rpl_lollipop_greater_than
                0x000000000001ffaf                rpl_get_global_address
                0x00000000000200a7                rpl_link_callback
                0x00000000000200eb                rpl_has_joined
                0x0000000000020110                rpl_is_reachable
                0x0000000000020191                rpl_reset_prefix
                0x00000000000201fb                rpl_set_prefix_from_addr
                0x00000000000202e0                rpl_set_prefix
                0x00000000000203fa                rpl_set_leaf_only
                0x0000000000020412                rpl_get_leaf_only
 .text          0x000000000002041e     0x138c build/cooja/mtype885.a(rpl-icmp6.o)
                0x0000000000020543                rpl_icmp6_update_nbr_table
                0x00000000000205cc                rpl_icmp6_dis_output
                0x0000000000020c12                rpl_icmp6_dio_output
                0x0000000000021410                rpl_icmp6_dao_output
                0x00000000000216f1                rpl_icmp6_dao_ack_output
                0x0000000000021761                rpl_icmp6_init
 .text          0x00000000000217aa      0x264 build/cooja/mtype885.a(rpl-dag-root.o)
                0x00000000000217aa                rpl_dag_root_print_links
                0x00000000000218d6                rpl_dag_root_set_prefix
                0x0000000000021902                rpl_dag_root_start
                0x00000000000219df                rpl_dag_root_is_root
 .text          0x0000000000021a0e       0x30 build/cooja/mtype885.a(watchdog.o)
                0x0000000000021a0e                watchdog_init
                0x0000000000021a14                watchdog_start
                0x0000000000021a1a                watchdog_periodic
                0x0000000000021a32                watchdog_stop
                0x0000000000021a38                watchdog_reboot
 .text          0x0000000000021a3e       0x4a build/cooja/mtype885.a(int-master.o)
                0x0000000000021a3e                int_master_enable
                0x0000000000021a4e                int_master_read_and_disable
                0x0000000000021a6b                int_master_status_set
                0x0000000000021a79                int_master_is_enabled
 .text          0x0000000000021a88      0xbea build/cooja/mtype885.a(coap-engine.o)
                0x0000000000021b1d                coap_add_handler
                0x0000000000021b3a                coap_remove_handler
                0x0000000000021b57                coap_call_handlers
                0x0000000000021c5f                coap_receive
                0x000000000002225a                coap_engine_init
                0x00000000000222b8                coap_activate_resource
                0x0000000000022363                coap_get_first_resource
                0x000000000002237c                coap_get_next_resource
 .text          0x0000000000022672      0x2d9 build/cooja/mtype885.a(coap-res-well-k)
 .text          0x000000000002294b      0x96a build/cooja/mtype885.a(coap-observe.o)
                0x0000000000022a60                coap_remove_observer
                0x0000000000022a90                coap_remove_observer_by_client
                0x0000000000022af8                coap_remove_observer_by_token
                0x0000000000022b8b                coap_remove_observer_by_uri
                0x0000000000022c32                coap_remove_observer_by_mid
                0x0000000000022cae                coap_notify_observers
                0x0000000000022cc7                coap_notify_observers_sub
                0x0000000000023131                coap_observe_handler
                0x000000000002324c                coap_has_observers
 .text          0x00000000000232b5      0x324 build/cooja/mtype885.a(coap-timer.o)
                0x00000000000233b2                coap_timer_stop
                0x00000000000233dd                coap_timer_set
                0x0000000000023420                coap_timer_reset
                0x0000000000023463                coap_timer_time_to_next_expiration
                0x00000000000234cf                coap_timer_run
                0x000000000002359b                coap_timer_init
 .text          0x00000000000235d9       0xc7 build/cooja/mtype885.a(stimer.o)
                0x00000000000235d9                stimer_set
                0x00000000000235f7                stimer_reset
                0x0000000000023624                stimer_restart
                0x0000000000023639                stimer_expired
                0x0000000000023664                stimer_remaining
                0x0000000000023688                stimer_elapsed
 .text          0x00000000000236a0      0x156 build/cooja/mtype885.a(ringbuf.o)
                0x00000000000236a0                ringbuf_init
                0x00000000000236d2                ringbuf_put
                0x0000000000023750                ringbuf_get
                0x00000000000237bd                ringbuf_size
                0x00000000000237cf                ringbuf_elements
 .text          0x00000000000237f6       0x1f build/cooja/mtype885.a(assert.o)
                0x00000000000237f6                _xassert
 .text          0x0000000000023815      0x79b build/cooja/mtype885.a(nbr-table.o)
                0x0000000000023c8e                nbr_table_register
                0x0000000000023cfb                nbr_table_is_registered
                0x0000000000023d36                nbr_table_head
                0x0000000000023d91                nbr_table_next
                0x0000000000023df2                nbr_table_add_lladdr
                0x0000000000023ecc                nbr_table_get_from_lladdr
                0x0000000000023f18                nbr_table_remove
                0x0000000000023f50                nbr_table_lock
                0x0000000000023f6a                nbr_table_unlock
                0x0000000000023f84                nbr_table_get_lladdr
 .text          0x0000000000023fb0      0x3a5 build/cooja/mtype885.a(link-stats.o)
                0x0000000000023fb0                link_stats_from_lladdr
                0x0000000000023fcc                link_stats_get_lladdr
                0x0000000000023fe8                link_stats_is_fresh
                0x0000000000024024                guess_etx_from_rssi
                0x00000000000240a0                link_stats_packet_sent
                0x00000000000241c0                link_stats_input_callback
                0x00000000000242d0                link_stats_reset
                0x0000000000024320                link_stats_init
 .text          0x0000000000024355      0x187 build/cooja/mtype885.a(mac-sequence.o)
                0x0000000000024355                mac_sequence_is_duplicate
                0x00000000000243f5                mac_sequence_register_seqno
 .text          0x00000000000244dc       0x23 build/cooja/mtype885.a(mac.o)
                0x00000000000244dc                mac_call_sent_callback
 .text          0x00000000000244ff      0x432 build/cooja/mtype885.a(framer-802154.o)
                0x000000000002468e                framer_802154_setup_params
 .text          0x0000000000024931      0xb6f build/cooja/mtype885.a(frame802154.o)
                0x0000000000024962                frame802154_get_pan_id
                0x000000000002496e                frame802154_set_pan_id
                0x0000000000024988                frame802154_has_panid
                0x0000000000024b37                frame802154_check_dest_panid
                0x0000000000024bbf                frame802154_is_broadcast_addr
                0x0000000000024c0c                frame802154_extract_linkaddr
                0x0000000000024e71                frame802154_hdrlen
                0x0000000000024ee4                frame802154_create_fcf
                0x0000000000024f9c                frame802154_create
                0x0000000000025111                frame802154_parse_fcf
                0x00000000000251f3                frame802154_parse
 .text          0x00000000000254a0       0x2d build/cooja/mtype885.a(csma-security.o)
                0x00000000000254a0                csma_security_create_frame
                0x00000000000254be                csma_security_parse_frame
 .text          0x00000000000254cd      0x4e4 build/cooja/mtype885.a(uipbuf.o)
                0x00000000000254cd                uipbuf_clear
                0x00000000000254f4                uipbuf_add_ext_hdr
                0x0000000000025574                uipbuf_set_len
                0x00000000000255a1                uipbuf_set_len_field
                0x00000000000255cd                uipbuf_get_len_field
                0x00000000000255ed                uipbuf_get_next_header
                0x000000000002571f                uipbuf_get_last_header
                0x0000000000025798                uipbuf_search_header
                0x000000000002584e                uipbuf_get_attr
                0x0000000000025875                uipbuf_set_attr
                0x00000000000258ac                uipbuf_set_default_attr
                0x00000000000258e3                uipbuf_clear_attr
                0x0000000000025907                uipbuf_set_attr_flag
                0x0000000000025928                uipbuf_clr_attr_flag
                0x000000000002594f                uipbuf_is_attr_flag
                0x0000000000025973                uipbuf_init
 .text          0x00000000000259b1      0x73f build/cooja/mtype885.a(uip-icmp6.o)
                0x0000000000025a26                uip_icmp6_input
                0x0000000000025a7d                uip_icmp6_register_input_handler
                0x0000000000025bd0                uip_icmp6_error_output
                0x0000000000025e81                uip_icmp6_send
                0x0000000000026078                uip_icmp6_echo_reply_callback_add
                0x00000000000260aa                uip_icmp6_echo_reply_callback_rm
                0x00000000000260c7                uip_icmp6_init
 .text          0x00000000000260f0      0x69b build/cooja/mtype885.a(uip-sr.o)
                0x00000000000260f0                uip_sr_num_nodes
                0x000000000002617e                uip_sr_get_node
                0x00000000000261d5                uip_sr_is_addr_reachable
                0x0000000000026283                uip_sr_expire_parent
                0x00000000000262cc                uip_sr_update_node
                0x00000000000263fc                uip_sr_init
                0x0000000000026430                uip_sr_node_head
                0x0000000000026449                uip_sr_node_next
                0x000000000002645f                uip_sr_periodic
                0x0000000000026565                uip_sr_free_all
                0x00000000000265d5                uip_sr_link_snprint
 .text          0x000000000002678b      0x146 build/cooja/mtype885.a(uip-packetqueue)
                0x00000000000267b9                uip_packetqueue_new
                0x00000000000267c8                uip_packetqueue_alloc
                0x0000000000026823                uip_packetqueue_free
                0x000000000002686a                uip_packetqueue_buf
                0x0000000000026887                uip_packetqueue_buflen
                0x00000000000268a8                uip_packetqueue_set_buflen
 .text          0x00000000000268d1      0x1b0 build/cooja/mtype885.a(rpl-nbr-policy.)
                0x0000000000026a3e                rpl_nbr_policy_find_removable
 .text          0x0000000000026a81      0x915 build/cooja/mtype885.a(rpl-neighbor.o)
                0x0000000000026afd                rpl_neighbor_snprint
                0x0000000000026db0                rpl_neighbor_print_list
                0x0000000000026e65                rpl_neighbor_count
                0x0000000000026f0c                rpl_neighbor_get_from_lladdr
                0x0000000000026f28                rpl_neighbor_is_acceptable_parent
                0x0000000000026f5c                rpl_neighbor_get_link_metric
                0x0000000000026f90                rpl_neighbor_rank_via_nbr
                0x0000000000026fc4                rpl_neighbor_get_lladdr
                0x0000000000026fe0                rpl_neighbor_get_ipaddr
                0x0000000000027007                rpl_neighbor_get_link_stats
                0x000000000002702e                rpl_neighbor_is_fresh
                0x0000000000027055                rpl_neighbor_is_reachable
                0x00000000000270a0                rpl_neighbor_is_parent
                0x00000000000270ca                rpl_neighbor_set_preferred_parent
                0x0000000000027161                rpl_neighbor_remove_all
                0x00000000000271bd                rpl_neighbor_get_from_ipaddr
                0x00000000000272cb                rpl_neighbor_select_best
                0x0000000000027377                rpl_neighbor_init
 .text          0x0000000000027396      0xe69 build/cooja/mtype885.a(rpl-dag.o)
                0x0000000000027396                rpl_dag_state_to_str
                0x00000000000273d5                rpl_dag_get_root_ipaddr
                0x000000000002741d                rpl_dag_leave
                0x00000000000274a6                rpl_dag_poison_and_leave
                0x00000000000274be                rpl_dag_periodic
                0x0000000000027546                rpl_is_addr_in_our_dag
                0x000000000002758a                rpl_get_default_instance
                0x00000000000275a6                rpl_get_any_dag
                0x00000000000275ff                rpl_refresh_routes
                0x000000000002763f                rpl_global_repair
                0x00000000000276d8                rpl_local_repair
                0x0000000000027722                rpl_dag_ready_to_advertise
                0x0000000000027765                rpl_dag_update_state
                0x0000000000027e92                rpl_process_dio
                0x0000000000027f10                rpl_process_dis
                0x0000000000027f55                rpl_process_dao
                0x0000000000027fe4                rpl_process_dao_ack
                0x000000000002807b                rpl_process_hbh
                0x00000000000280cb                rpl_dag_init_root
                0x00000000000281df                rpl_dag_init
 .text          0x00000000000281ff      0x9e7 build/cooja/mtype885.a(rpl-timers.o)
                0x00000000000281ff                rpl_timers_schedule_periodic_dis
                0x000000000002834d                rpl_timers_dio_reset
                0x000000000002845b                rpl_timers_schedule_unicast_dio
                0x00000000000285af                rpl_timers_schedule_dao
                0x000000000002866e                rpl_timers_schedule_dao_ack
                0x00000000000286f4                rpl_timers_notify_dao_ack
                0x0000000000028752                get_probing_delay
                0x0000000000028786                get_probing_target
                0x0000000000028970                rpl_schedule_probing
                0x000000000002899e                rpl_schedule_probing_now
                0x0000000000028a08                rpl_timers_unschedule_leaving
                0x0000000000028a40                rpl_timers_schedule_leaving
                0x0000000000028a81                rpl_timers_init
                0x0000000000028b11                rpl_timers_stop_dag_timers
                0x0000000000028b8a                rpl_timers_unschedule_state_update
                0x0000000000028bae                rpl_timers_schedule_state_update
 .text          0x0000000000028be6      0xb8e build/cooja/mtype885.a(rpl-ext-header.)
                0x0000000000028be6                rpl_ext_header_srh_get_next_hop
                0x0000000000028ccd                rpl_ext_header_srh_update
                0x0000000000029239                rpl_ext_header_hbh_update
                0x0000000000029539                rpl_ext_header_update
                0x00000000000295c2                rpl_ext_header_remove
 .text          0x0000000000029774      0x31b build/cooja/mtype885.a(rpl-mrhof.o)
 .text          0x0000000000029a8f      0x226 build/cooja/mtype885.a(coap-timer-defa)
 *fill*         0x0000000000029cb5        0xb 
 .text          0x0000000000029cc0      0x122 /usr/lib/gcc/i686-linux-gnu/5/libgcc.a(_udivdi3.o)
                0x0000000000029cc0                __udivdi3
 .text          0x0000000000029de2        0x0 /usr/lib/gcc/i686-linux-gnu/5/crtendS.o
 .text          0x0000000000029de2        0x0 /usr/lib/gcc/i686-linux-gnu/5/../../../i386-linux-gnu/crtn.o
 *(.gnu.warning)

.fini           0x0000000000029de4       0x14
 *(SORT(.fini))
 .fini          0x0000000000029de4        0xf /usr/lib/gcc/i686-linux-gnu/5/../../../i386-linux-gnu/crti.o
                0x0000000000029de4                _fini
 .fini          0x0000000000029df3        0x5 /usr/lib/gcc/i686-linux-gnu/5/../../../i386-linux-gnu/crtn.o
                [!provide]                        PROVIDE (__etext, .)
                [!provide]                        PROVIDE (_etext, .)
                [!provide]                        PROVIDE (etext, .)

.rodata         0x0000000000029e00      0xa58
 *(.rodata .rodata.* .gnu.linkonce.r.*)
 .rodata        0x0000000000029e00       0xed client.o
                0x0000000000029e28                autostart_processes
 *fill*         0x0000000000029eed        0x3 
 .rodata        0x0000000000029ef0        0x8 build/cooja/mtype885.a(beep.o)
                0x0000000000029ef0                beep_interface
 .rodata        0x0000000000029ef8        0xe build/cooja/mtype885.a(leds-arch.o)
                0x0000000000029ef8                leds_interface
                0x0000000000029f00                leds_arch_leds
 *fill*         0x0000000000029f06        0x2 
 .rodata        0x0000000000029f08        0x8 build/cooja/mtype885.a(moteid.o)
                0x0000000000029f08                moteid_interface
 .rodata        0x0000000000029f10       0x1c build/cooja/mtype885.a(pir-sensor.o)
                0x0000000000029f10                pir_interface
                0x0000000000029f1c                pir_sensor
 .rodata        0x0000000000029f2c        0xe build/cooja/mtype885.a(rs232.o)
                0x0000000000029f2c                rs232_interface
 *fill*         0x0000000000029f3a        0x2 
 .rodata        0x0000000000029f3c       0x24 build/cooja/mtype885.a(vib-sensor.o)
                0x0000000000029f3c                vib_interface
                0x0000000000029f50                vib_sensor
 .rodata        0x0000000000029f60        0x8 build/cooja/mtype885.a(clock.o)
                0x0000000000029f60                clock_interface
 .rodata        0x0000000000029f68        0x8 build/cooja/mtype885.a(cooja-log.o)
                0x0000000000029f68                simlog_interface
 .rodata        0x0000000000029f70       0x2f build/cooja/mtype885.a(cfs-cooja.o)
                0x0000000000029f70                cfs_interface
 *fill*         0x0000000000029f9f        0x1 
 .rodata        0x0000000000029fa0       0xb8 build/cooja/mtype885.a(cooja-radio.o)
                0x0000000000029fa0                radio_interface
                0x000000000002a020                cooja_radio_driver
 .rodata        0x000000000002a058        0x8 build/cooja/mtype885.a(eeprom.o)
                0x000000000002a058                eeprom_interface
 .rodata        0x000000000002a060        0x8 build/cooja/mtype885.a(sensors.o)
 .rodata        0x000000000002a068       0x2c build/cooja/mtype885.a(buttons.o)
                0x000000000002a068                button_interface
                0x000000000002a07c                button_hal_button_count
                0x000000000002a084                button_sensor
 .rodata        0x000000000002a094       0x35 build/cooja/mtype885.a(coap-uip.o)
 *fill*         0x000000000002a0c9        0x3 
 .rodata        0x000000000002a0cc      0x1ac build/cooja/mtype885.a(coap.o)
 .rodata        0x000000000002a278       0xf8 build/cooja/mtype885.a(contiki-main.o)
 .rodata        0x000000000002a370        0xf build/cooja/mtype885.a(ctimer.o)
 *fill*         0x000000000002a37f        0x1 
 .rodata        0x000000000002a380       0xc4 build/cooja/mtype885.a(log.o)
 .rodata        0x000000000002a444        0xc build/cooja/mtype885.a(etimer.o)
 .rodata        0x000000000002a450       0x13 build/cooja/mtype885.a(button-hal.o)
 .rodata        0x000000000002a463        0xe build/cooja/mtype885.a(serial-line.o)
 *fill*         0x000000000002a471        0x3 
 .rodata        0x000000000002a474        0x8 build/cooja/mtype885.a(linkaddr.o)
                0x000000000002a474                linkaddr_null
 .rodata        0x000000000002a47c       0x24 build/cooja/mtype885.a(csma.o)
                0x000000000002a484                csma_driver
 .rodata        0x000000000002a4a0       0x27 build/cooja/mtype885.a(csma-output.o)
 *fill*         0x000000000002a4c7        0x1 
 .rodata        0x000000000002a4c8       0x4d build/cooja/mtype885.a(uip-ds6-route.o)
 .rodata        0x000000000002a515        0xd build/cooja/mtype885.a(tcpip.o)
 .rodata        0x000000000002a522       0x13 build/cooja/mtype885.a(simple-udp.o)
 *fill*         0x000000000002a535        0x3 
 .rodata        0x000000000002a538       0x30 build/cooja/mtype885.a(sicslowpan.o)
                0x000000000002a538                unc_llconf
                0x000000000002a53c                unc_ctxconf
                0x000000000002a540                unc_mxconf
                0x000000000002a544                llprefix
                0x000000000002a558                sicslowpan_driver
 .rodata        0x000000000002a568       0x2d build/cooja/mtype885.a(uiplib.o)
 *fill*         0x000000000002a595        0xb 
 .rodata        0x000000000002a5a0       0x74 build/cooja/mtype885.a(rpl.o)
                0x000000000002a5c0                rpl_lite_driver
 .rodata        0x000000000002a614       0x41 build/cooja/mtype885.a(coap-engine.o)
 .rodata        0x000000000002a655       0x19 build/cooja/mtype885.a(coap-res-well-k)
 .rodata        0x000000000002a66e       0x11 build/cooja/mtype885.a(coap-observe.o)
 *fill*         0x000000000002a67f        0x1 
 .rodata        0x000000000002a680       0x25 build/cooja/mtype885.a(assert.o)
 *fill*         0x000000000002a6a5        0x3 
 .rodata        0x000000000002a6a8        0xc build/cooja/mtype885.a(framer-802154.o)
                0x000000000002a6a8                framer_802154
 .rodata        0x000000000002a6b4       0x44 build/cooja/mtype885.a(uip-sr.o)
 .rodata        0x000000000002a6f8       0x58 build/cooja/mtype885.a(rpl-neighbor.o)
 .rodata        0x000000000002a750       0xdb build/cooja/mtype885.a(rpl-dag.o)
 .rodata        0x000000000002a82b        0xc build/cooja/mtype885.a(rpl-timers.o)
 *fill*         0x000000000002a837        0x1 
 .rodata        0x000000000002a838       0x20 build/cooja/mtype885.a(coap-timer-defa)
                0x000000000002a84c                coap_timer_default_driver

.rodata1
 *(.rodata1)

.eh_frame_hdr   0x000000000002a858     0x1a04
 *(.eh_frame_hdr)
 .eh_frame_hdr  0x000000000002a858     0x1a04 client.o
                0x000000000002a858                __GNU_EH_FRAME_HDR
 *(.eh_frame_entry .eh_frame_entry.*)

.eh_frame       0x000000000002c25c     0x699c
 *(.eh_frame)
 .eh_frame      0x000000000002c25c       0x3c /usr/lib/gcc/i686-linux-gnu/5/../../../i386-linux-gnu/crti.o
                                         0x40 (size before relaxing)
 .eh_frame      0x000000000002c298       0x80 client.o
                                         0x98 (size before relaxing)
 .eh_frame      0x000000000002c318      0x178 build/cooja/mtype885.o
                                        0x190 (size before relaxing)
 .eh_frame      0x000000000002c490       0x40 build/cooja/mtype885.a(simEnvChange.o)
                                         0x58 (size before relaxing)
 .eh_frame      0x000000000002c4d0       0x60 build/cooja/mtype885.a(cooja_mt.o)
                                         0x78 (size before relaxing)
 .eh_frame      0x000000000002c530       0x80 build/cooja/mtype885.a(cooja_mtarch.o)
                                         0x98 (size before relaxing)
 .eh_frame      0x000000000002c5b0       0xc8 build/cooja/mtype885.a(rtimer-arch.o)
                                         0xe0 (size before relaxing)
 .eh_frame      0x000000000002c678      0x160 build/cooja/mtype885.a(beep.o)
                                        0x178 (size before relaxing)
 .eh_frame      0x000000000002c7d8       0x80 build/cooja/mtype885.a(leds-arch.o)
                                         0x98 (size before relaxing)
 .eh_frame      0x000000000002c858       0x40 build/cooja/mtype885.a(moteid.o)
                                         0x58 (size before relaxing)
 .eh_frame      0x000000000002c898       0xa0 build/cooja/mtype885.a(pir-sensor.o)
                                         0xb8 (size before relaxing)
 .eh_frame      0x000000000002c938      0x100 build/cooja/mtype885.a(rs232.o)
                                        0x118 (size before relaxing)
 .eh_frame      0x000000000002ca38       0xa0 build/cooja/mtype885.a(vib-sensor.o)
                                         0xb8 (size before relaxing)
 .eh_frame      0x000000000002cad8       0xc0 build/cooja/mtype885.a(clock.o)
                                         0xd8 (size before relaxing)
 .eh_frame      0x000000000002cb98      0x120 build/cooja/mtype885.a(cooja-log.o)
                                        0x138 (size before relaxing)
 .eh_frame      0x000000000002ccb8      0x160 build/cooja/mtype885.a(cfs-cooja.o)
                                        0x178 (size before relaxing)
 .eh_frame      0x000000000002ce18      0x340 build/cooja/mtype885.a(cooja-radio.o)
                                        0x358 (size before relaxing)
 .eh_frame      0x000000000002d158       0xa0 build/cooja/mtype885.a(eeprom.o)
                                         0xb8 (size before relaxing)
 .eh_frame      0x000000000002d1f8       0x40 build/cooja/mtype885.a(random.o)
                                         0x58 (size before relaxing)
 .eh_frame      0x000000000002d238       0xc0 build/cooja/mtype885.a(sensors.o)
                                         0xd8 (size before relaxing)
 .eh_frame      0x000000000002d2f8      0x120 build/cooja/mtype885.a(leds.o)
                                        0x138 (size before relaxing)
 .eh_frame      0x000000000002d418      0x220 build/cooja/mtype885.a(gpio-hal-arch.o)
                                        0x238 (size before relaxing)
 .eh_frame      0x000000000002d638       0xa0 build/cooja/mtype885.a(buttons.o)
                                         0xb8 (size before relaxing)
 .eh_frame      0x000000000002d6d8       0x44 build/cooja/mtype885.a(coap-blocking-a)
                                         0x5c (size before relaxing)
 .eh_frame      0x000000000002d71c      0x250 build/cooja/mtype885.a(coap-uip.o)
                                        0x268 (size before relaxing)
 .eh_frame      0x000000000002d96c      0x100 build/cooja/mtype885.a(coap-transactio)
                                        0x118 (size before relaxing)
 .eh_frame      0x000000000002da6c      0x6ec build/cooja/mtype885.a(coap.o)
                                        0x704 (size before relaxing)
 .eh_frame      0x000000000002e158       0x30 build/cooja/mtype885.a(contiki-main.o)
                                         0x48 (size before relaxing)
 .eh_frame      0x000000000002e188       0x40 build/cooja/mtype885.a(autostart.o)
                                         0x58 (size before relaxing)
 .eh_frame      0x000000000002e1c8      0x100 build/cooja/mtype885.a(ctimer.o)
                                        0x118 (size before relaxing)
 .eh_frame      0x000000000002e2c8      0x100 build/cooja/mtype885.a(log.o)
                                        0x118 (size before relaxing)
 .eh_frame      0x000000000002e3c8       0x60 build/cooja/mtype885.a(energest.o)
                                         0x78 (size before relaxing)
 .eh_frame      0x000000000002e428      0x1e0 build/cooja/mtype885.a(etimer.o)
                                        0x1f8 (size before relaxing)
 .eh_frame      0x000000000002e608       0x20 build/cooja/mtype885.a(node-id.o)
                                         0x38 (size before relaxing)
 .eh_frame      0x000000000002e628       0x60 build/cooja/mtype885.a(rtimer.o)
                                         0x78 (size before relaxing)
 .eh_frame      0x000000000002e688      0x1c4 build/cooja/mtype885.a(process.o)
                                        0x1dc (size before relaxing)
 .eh_frame      0x000000000002e84c       0xa4 build/cooja/mtype885.a(timer.o)
                                         0xbc (size before relaxing)
 .eh_frame      0x000000000002e8f0      0x1a0 build/cooja/mtype885.a(list.o)
                                        0x1b8 (size before relaxing)
 .eh_frame      0x000000000002ea90       0xa0 build/cooja/mtype885.a(memb.o)
                                         0xb8 (size before relaxing)
 .eh_frame      0x000000000002eb30      0x144 build/cooja/mtype885.a(button-hal.o)
                                        0x15c (size before relaxing)
 .eh_frame      0x000000000002ec74       0x60 build/cooja/mtype885.a(serial-line.o)
                                         0x78 (size before relaxing)
 .eh_frame      0x000000000002ecd4       0xe0 build/cooja/mtype885.a(gpio-hal.o)
                                         0xf8 (size before relaxing)
 .eh_frame      0x000000000002edb4      0x1a0 build/cooja/mtype885.a(queuebuf.o)
                                        0x1b8 (size before relaxing)
 .eh_frame      0x000000000002ef54      0x28c build/cooja/mtype885.a(packetbuf.o)
                                        0x2a4 (size before relaxing)
 .eh_frame      0x000000000002f1e0       0x80 build/cooja/mtype885.a(netstack.o)
                                         0x98 (size before relaxing)
 .eh_frame      0x000000000002f260       0x60 build/cooja/mtype885.a(linkaddr.o)
                                         0x78 (size before relaxing)
 .eh_frame      0x000000000002f2c0       0xe0 build/cooja/mtype885.a(csma.o)
                                         0xf8 (size before relaxing)
 .eh_frame      0x000000000002f3a0      0x1d0 build/cooja/mtype885.a(csma-output.o)
                                        0x1e8 (size before relaxing)
 .eh_frame      0x000000000002f570      0x328 build/cooja/mtype885.a(uip-ds6.o)
                                        0x340 (size before relaxing)
 .eh_frame      0x000000000002f898       0x40 build/cooja/mtype885.a(uip-udp-packet.)
                                         0x58 (size before relaxing)
 .eh_frame      0x000000000002f8d8      0x220 build/cooja/mtype885.a(uip-ds6-route.o)
                                        0x238 (size before relaxing)
 .eh_frame      0x000000000002faf8      0x244 build/cooja/mtype885.a(tcpip.o)
                                        0x25c (size before relaxing)
 .eh_frame      0x000000000002fd3c      0x1e8 build/cooja/mtype885.a(uip6.o)
                                        0x200 (size before relaxing)
 .eh_frame      0x000000000002ff24      0x1c0 build/cooja/mtype885.a(uip-ds6-nbr.o)
                                        0x1d8 (size before relaxing)
 .eh_frame      0x00000000000300e4       0x84 build/cooja/mtype885.a(uip-nd6.o)
                                         0x9c (size before relaxing)
 .eh_frame      0x0000000000030168       0xd4 build/cooja/mtype885.a(simple-udp.o)
                                         0xec (size before relaxing)
 .eh_frame      0x000000000003023c      0x2f8 build/cooja/mtype885.a(sicslowpan.o)
                                        0x310 (size before relaxing)
 .eh_frame      0x0000000000030534       0x88 build/cooja/mtype885.a(uiplib.o)
                                         0xa0 (size before relaxing)
 .eh_frame      0x00000000000305bc      0x1e0 build/cooja/mtype885.a(rpl.o)
                                        0x1f8 (size before relaxing)
 .eh_frame      0x000000000003079c      0x1c4 build/cooja/mtype885.a(rpl-icmp6.o)
                                        0x1dc (size before relaxing)
 .eh_frame      0x0000000000030960       0xa0 build/cooja/mtype885.a(rpl-dag-root.o)
                                         0xb8 (size before relaxing)
 .eh_frame      0x0000000000030a00       0xa0 build/cooja/mtype885.a(watchdog.o)
                                         0xb8 (size before relaxing)
 .eh_frame      0x0000000000030aa0       0x80 build/cooja/mtype885.a(int-master.o)
                                         0x98 (size before relaxing)
 .eh_frame      0x0000000000030b20      0x220 build/cooja/mtype885.a(coap-engine.o)
                                        0x238 (size before relaxing)
 .eh_frame      0x0000000000030d40       0x24 build/cooja/mtype885.a(coap-res-well-k)
                                         0x3c (size before relaxing)
 .eh_frame      0x0000000000030d64      0x188 build/cooja/mtype885.a(coap-observe.o)
                                        0x1a0 (size before relaxing)
 .eh_frame      0x0000000000030eec      0x114 build/cooja/mtype885.a(coap-timer.o)
                                        0x12c (size before relaxing)
 .eh_frame      0x0000000000031000       0xc4 build/cooja/mtype885.a(stimer.o)
                                         0xdc (size before relaxing)
 .eh_frame      0x00000000000310c4       0xa0 build/cooja/mtype885.a(ringbuf.o)
                                         0xb8 (size before relaxing)
 .eh_frame      0x0000000000031164       0x20 build/cooja/mtype885.a(assert.o)
                                         0x38 (size before relaxing)
 .eh_frame      0x0000000000031184      0x2ac build/cooja/mtype885.a(nbr-table.o)
                                        0x2c4 (size before relaxing)
 .eh_frame      0x0000000000031430      0x120 build/cooja/mtype885.a(link-stats.o)
                                        0x138 (size before relaxing)
 .eh_frame      0x0000000000031550       0x48 build/cooja/mtype885.a(mac-sequence.o)
                                         0x60 (size before relaxing)
 .eh_frame      0x0000000000031598       0x20 build/cooja/mtype885.a(mac.o)
                                         0x38 (size before relaxing)
 .eh_frame      0x00000000000315b8       0xa4 build/cooja/mtype885.a(framer-802154.o)
                                         0xbc (size before relaxing)
 .eh_frame      0x000000000003165c      0x1a4 build/cooja/mtype885.a(frame802154.o)
                                        0x1bc (size before relaxing)
 .eh_frame      0x0000000000031800       0x40 build/cooja/mtype885.a(csma-security.o)
                                         0x58 (size before relaxing)
 .eh_frame      0x0000000000031840      0x200 build/cooja/mtype885.a(uipbuf.o)
                                        0x218 (size before relaxing)
 .eh_frame      0x0000000000031a40      0x150 build/cooja/mtype885.a(uip-icmp6.o)
                                        0x168 (size before relaxing)
 .eh_frame      0x0000000000031b90      0x184 build/cooja/mtype885.a(uip-sr.o)
                                        0x19c (size before relaxing)
 .eh_frame      0x0000000000031d14       0xe0 build/cooja/mtype885.a(uip-packetqueue)
                                         0xf8 (size before relaxing)
 .eh_frame      0x0000000000031df4       0x80 build/cooja/mtype885.a(rpl-nbr-policy.)
                                         0x98 (size before relaxing)
 .eh_frame      0x0000000000031e74      0x2d4 build/cooja/mtype885.a(rpl-neighbor.o)
                                        0x2ec (size before relaxing)
 .eh_frame      0x0000000000032148      0x370 build/cooja/mtype885.a(rpl-dag.o)
                                        0x388 (size before relaxing)
 .eh_frame      0x00000000000324b8      0x3a8 build/cooja/mtype885.a(rpl-timers.o)
                                        0x3c0 (size before relaxing)
 .eh_frame      0x0000000000032860      0x124 build/cooja/mtype885.a(rpl-ext-header.)
                                        0x13c (size before relaxing)
 .eh_frame      0x0000000000032984      0x148 build/cooja/mtype885.a(rpl-mrhof.o)
                                        0x160 (size before relaxing)
 .eh_frame      0x0000000000032acc       0xa4 build/cooja/mtype885.a(coap-timer-defa)
                                         0xbc (size before relaxing)
 .eh_frame      0x0000000000032b70       0x84 /usr/lib/gcc/i686-linux-gnu/5/libgcc.a(_udivdi3.o)
                                         0x9c (size before relaxing)
 .eh_frame      0x0000000000032bf4        0x4 /usr/lib/gcc/i686-linux-gnu/5/crtendS.o
 *(.eh_frame.*)

.gcc_except_table
 *(.gcc_except_table .gcc_except_table.*)

.gnu_extab
 *(.gnu_extab*)

.exception_ranges
 *(.exception_ranges .exception_ranges*)
                0x0000000000033f10                . = DATA_SEGMENT_ALIGN (0x1000, 0x1000)

.eh_frame
 *(.eh_frame)
 *(.eh_frame.*)

.gnu_extab
 *(.gnu_extab)

.gcc_except_table
 *(.gcc_except_table .gcc_except_table.*)

.exception_ranges
 *(.exception_ranges .exception_ranges*)

.tdata
 *(.tdata .tdata.* .gnu.linkonce.td.*)

.tbss
 *(.tbss .tbss.* .gnu.linkonce.tb.*)
 *(.tcommon)

.preinit_array
 *(.preinit_array)

.init_array     0x0000000000033f10        0x4
 *(SORT(.init_array.*) SORT(.ctors.*))
 *(.init_array EXCLUDE_FILE(*crtend?.o *crtend.o *crtbegin?.o *crtbegin.o) .ctors)
 .init_array    0x0000000000033f10        0x4 /usr/lib/gcc/i686-linux-gnu/5/crtbeginS.o

.fini_array     0x0000000000033f14        0x4
 *(SORT(.fini_array.*) SORT(.dtors.*))
 *(.fini_array EXCLUDE_FILE(*crtend?.o *crtend.o *crtbegin?.o *crtbegin.o) .dtors)
 .fini_array    0x0000000000033f14        0x4 /usr/lib/gcc/i686-linux-gnu/5/crtbeginS.o

.ctors
 *crtbegin.o(.ctors)
 *crtbegin?.o(.ctors)
 *(EXCLUDE_FILE(*crtend?.o *crtend.o) .ctors)
 *(SORT(.ctors.*))
 *(.ctors)

.dtors
 *crtbegin.o(.dtors)
 *crtbegin?.o(.dtors)
 *(EXCLUDE_FILE(*crtend?.o *crtend.o) .dtors)
 *(SORT(.dtors.*))
 *(.dtors)

.jcr            0x0000000000033f18        0x4
 *(.jcr)
 .jcr           0x0000000000033f18        0x0 /usr/lib/gcc/i686-linux-gnu/5/crtbeginS.o
 .jcr           0x0000000000033f18        0x4 /usr/lib/gcc/i686-linux-gnu/5/crtendS.o

.data.rel.ro
 *(.data.rel.ro.local* .gnu.linkonce.d.rel.ro.local.*)
 *(.data.rel.ro .data.rel.ro.* .gnu.linkonce.d.rel.ro.*)

.dynamic        0x0000000000033f1c       0xd0
 *(.dynamic)
 .dynamic       0x0000000000033f1c       0xd0 /usr/lib/gcc/i686-linux-gnu/5/../../../i386-linux-gnu/crti.o
                0x0000000000033f1c                _DYNAMIC

.got            0x0000000000033fec       0x14
 *(.got)
 .got           0x0000000000033fec       0x14 /usr/lib/gcc/i686-linux-gnu/5/../../../i386-linux-gnu/crti.o
 *(.igot)
                0x0000000000034ff4                . = DATA_SEGMENT_RELRO_END (., (SIZEOF (.got.plt) >= 0xc)?0xc:0x0)

.got.plt        0x0000000000034000        0xc
 *(.got.plt)
 .got.plt       0x0000000000034000        0xc /usr/lib/gcc/i686-linux-gnu/5/../../../i386-linux-gnu/crti.o
                0x0000000000034000                _GLOBAL_OFFSET_TABLE_
 *(.igot.plt)

.data           0x0000000000034020      0x434
 *(.data .data.* .gnu.linkonce.d.*)
 .data          0x0000000000034020        0x0 /usr/lib/gcc/i686-linux-gnu/5/../../../i386-linux-gnu/crti.o
 .data          0x0000000000034020        0x0 /usr/lib/gcc/i686-linux-gnu/5/crtbeginS.o
 .data.rel.local
                0x0000000000034020        0x4 /usr/lib/gcc/i686-linux-gnu/5/crtbeginS.o
                0x0000000000034020                __dso_handle
 .data          0x0000000000034024       0x24 client.o
                0x0000000000034024                service_url
                0x0000000000034028                udp_client_process
                0x0000000000034038                er_example_client
 *fill*         0x0000000000034048       0x18 
 .data          0x0000000000034060       0x44 build/cooja/mtype885.o
                0x0000000000034060                simInterfaces
                0x0000000000034094                sensors
 .data          0x00000000000340a4        0x0 build/cooja/mtype885.a(simEnvChange.o)
 .data          0x00000000000340a4        0x0 build/cooja/mtype885.a(cooja_mt.o)
 .data          0x00000000000340a4        0x0 build/cooja/mtype885.a(cooja_mtarch.o)
 .data          0x00000000000340a4        0x0 build/cooja/mtype885.a(rtimer-arch.o)
 .data          0x00000000000340a4        0x0 build/cooja/mtype885.a(beep.o)
 .data          0x00000000000340a4        0x0 build/cooja/mtype885.a(leds-arch.o)
 .data          0x00000000000340a4        0x0 build/cooja/mtype885.a(moteid.o)
 .data          0x00000000000340a4        0x0 build/cooja/mtype885.a(pir-sensor.o)
 .data          0x00000000000340a4        0x0 build/cooja/mtype885.a(rs232.o)
 .data          0x00000000000340a4        0x0 build/cooja/mtype885.a(vib-sensor.o)
 .data          0x00000000000340a4        0x0 build/cooja/mtype885.a(clock.o)
 .data          0x00000000000340a4        0x0 build/cooja/mtype885.a(cooja-log.o)
 .data          0x00000000000340a4        0x0 build/cooja/mtype885.a(cfs-cooja.o)
 .data          0x00000000000340a4       0x2c build/cooja/mtype885.a(cooja-radio.o)
                0x00000000000340a4                simRadioHWOn
                0x00000000000340a8                simSignalStrength
                0x00000000000340ac                simLastSignalStrength
                0x00000000000340b0                simPower
                0x00000000000340b4                simRadioChannel
                0x00000000000340b8                simLQI
                0x00000000000340c0                cooja_radio_process
 .data          0x00000000000340d0        0x0 build/cooja/mtype885.a(eeprom.o)
 .data          0x00000000000340d0        0x0 build/cooja/mtype885.a(random.o)
 .data          0x00000000000340d0       0x10 build/cooja/mtype885.a(sensors.o)
                0x00000000000340d0                sensors_process
 .data          0x00000000000340e0        0x0 build/cooja/mtype885.a(leds.o)
 .data          0x00000000000340e0        0x0 build/cooja/mtype885.a(gpio-hal-arch.o)
 .data          0x00000000000340e0       0x78 build/cooja/mtype885.a(buttons.o)
                0x00000000000340e0                simButtonIsActive
                0x0000000000034150                button_hal_buttons
 .data          0x0000000000034158        0x0 build/cooja/mtype885.a(coap-blocking-a)
 .data          0x0000000000034158       0x10 build/cooja/mtype885.a(coap-uip.o)
                0x0000000000034158                coap_engine
 .data          0x0000000000034168       0x10 build/cooja/mtype885.a(coap-transactio)
 .data          0x0000000000034178        0x4 build/cooja/mtype885.a(coap.o)
                0x0000000000034178                coap_error_message
 .data          0x000000000003417c        0x0 build/cooja/mtype885.a(contiki-main.o)
 .data          0x000000000003417c        0x0 build/cooja/mtype885.a(autostart.o)
 .data          0x000000000003417c       0x14 build/cooja/mtype885.a(ctimer.o)
                0x0000000000034180                ctimer_process
 *fill*         0x0000000000034190       0x10 
 .data          0x00000000000341a0       0xbc build/cooja/mtype885.a(log.o)
                0x00000000000341a0                curr_log_level_main
                0x00000000000341c0                all_modules
 .data          0x000000000003425c        0x0 build/cooja/mtype885.a(energest.o)
 .data          0x000000000003425c       0x10 build/cooja/mtype885.a(etimer.o)
                0x000000000003425c                etimer_process
 .data          0x000000000003426c        0x0 build/cooja/mtype885.a(node-id.o)
 .data          0x000000000003426c        0x0 build/cooja/mtype885.a(rtimer.o)
 .data          0x000000000003426c        0x0 build/cooja/mtype885.a(process.o)
 .data          0x000000000003426c        0x0 build/cooja/mtype885.a(timer.o)
 .data          0x000000000003426c        0x0 build/cooja/mtype885.a(list.o)
 .data          0x000000000003426c        0x0 build/cooja/mtype885.a(memb.o)
 .data          0x000000000003426c       0x10 build/cooja/mtype885.a(button-hal.o)
                0x000000000003426c                button_hal_process
 .data          0x000000000003427c       0x10 build/cooja/mtype885.a(serial-line.o)
                0x000000000003427c                serial_line_process
 .data          0x000000000003428c        0x4 build/cooja/mtype885.a(gpio-hal.o)
 .data          0x0000000000034290       0x18 build/cooja/mtype885.a(queuebuf.o)
 .data          0x00000000000342a8        0x4 build/cooja/mtype885.a(packetbuf.o)
 .data          0x00000000000342ac        0x4 build/cooja/mtype885.a(netstack.o)
 .data          0x00000000000342b0        0x0 build/cooja/mtype885.a(linkaddr.o)
 .data          0x00000000000342b0        0x0 build/cooja/mtype885.a(csma.o)
 .data          0x00000000000342b0       0x28 build/cooja/mtype885.a(csma-output.o)
 .data          0x00000000000342d8        0x0 build/cooja/mtype885.a(uip-ds6.o)
 .data          0x00000000000342d8        0x0 build/cooja/mtype885.a(uip-udp-packet.)
 .data          0x00000000000342d8       0x10 build/cooja/mtype885.a(uip-ds6-route.o)
 .data          0x00000000000342e8       0x10 build/cooja/mtype885.a(tcpip.o)
                0x00000000000342e8                tcpip_process
 .data          0x00000000000342f8        0x0 build/cooja/mtype885.a(uip6.o)
 .data          0x00000000000342f8       0x14 build/cooja/mtype885.a(uip-ds6-nbr.o)
 .data          0x000000000003430c        0xc build/cooja/mtype885.a(uip-nd6.o)
 .data          0x0000000000034318       0x10 build/cooja/mtype885.a(simple-udp.o)
                0x0000000000034318                simple_udp_process
 .data          0x0000000000034328        0x0 build/cooja/mtype885.a(sicslowpan.o)
 .data          0x0000000000034328        0x0 build/cooja/mtype885.a(uiplib.o)
 .data          0x0000000000034328        0x0 build/cooja/mtype885.a(rpl.o)
 .data          0x0000000000034328       0x30 build/cooja/mtype885.a(rpl-icmp6.o)
 .data          0x0000000000034358        0x0 build/cooja/mtype885.a(rpl-dag-root.o)
 .data          0x0000000000034358        0x0 build/cooja/mtype885.a(watchdog.o)
 .data          0x0000000000034358        0x0 build/cooja/mtype885.a(int-master.o)
 .data          0x0000000000034358        0x8 build/cooja/mtype885.a(coap-engine.o)
 .data          0x0000000000034360       0x24 build/cooja/mtype885.a(coap-res-well-k)
                0x0000000000034360                res_well_known_core
 .data          0x0000000000034384       0x10 build/cooja/mtype885.a(coap-observe.o)
 .data          0x0000000000034394        0x4 build/cooja/mtype885.a(coap-timer.o)
 .data          0x0000000000034398        0x0 build/cooja/mtype885.a(stimer.o)
 .data          0x0000000000034398        0x0 build/cooja/mtype885.a(ringbuf.o)
 .data          0x0000000000034398        0x0 build/cooja/mtype885.a(assert.o)
 .data          0x0000000000034398       0x10 build/cooja/mtype885.a(nbr-table.o)
 .data          0x00000000000343a8       0x14 build/cooja/mtype885.a(link-stats.o)
 .data          0x00000000000343bc        0x0 build/cooja/mtype885.a(mac-sequence.o)
 .data          0x00000000000343bc        0x0 build/cooja/mtype885.a(mac.o)
 .data          0x00000000000343bc        0x0 build/cooja/mtype885.a(framer-802154.o)
 .data          0x00000000000343bc        0x2 build/cooja/mtype885.a(frame802154.o)
 .data          0x00000000000343be        0x0 build/cooja/mtype885.a(csma-security.o)
 .data          0x00000000000343be        0x0 build/cooja/mtype885.a(uipbuf.o)
 *fill*         0x00000000000343be        0x2 
 .data          0x00000000000343c0       0x20 build/cooja/mtype885.a(uip-icmp6.o)
 .data          0x00000000000343e0       0x10 build/cooja/mtype885.a(uip-sr.o)
 .data          0x00000000000343f0        0xc build/cooja/mtype885.a(uip-packetqueue)
 .data          0x00000000000343fc        0x0 build/cooja/mtype885.a(rpl-nbr-policy.)
 .data          0x00000000000343fc       0x14 build/cooja/mtype885.a(rpl-neighbor.o)
                0x000000000003440c                rpl_neighbors
 .data          0x0000000000034410        0x0 build/cooja/mtype885.a(rpl-dag.o)
 .data          0x0000000000034410        0x0 build/cooja/mtype885.a(rpl-timers.o)
 .data          0x0000000000034410        0x0 build/cooja/mtype885.a(rpl-ext-header.)
 *fill*         0x0000000000034410       0x10 
 .data          0x0000000000034420       0x24 build/cooja/mtype885.a(rpl-mrhof.o)
                0x0000000000034420                rpl_mrhof
 .data          0x0000000000034444       0x10 build/cooja/mtype885.a(coap-timer-defa)
                0x0000000000034444                coap_timer_process
 .data          0x0000000000034454        0x0 /usr/lib/gcc/i686-linux-gnu/5/libgcc.a(_udivdi3.o)
 .data          0x0000000000034454        0x0 /usr/lib/gcc/i686-linux-gnu/5/crtendS.o
 .data          0x0000000000034454        0x0 /usr/lib/gcc/i686-linux-gnu/5/../../../i386-linux-gnu/crtn.o

.tm_clone_table
                0x0000000000034454        0x0
 .tm_clone_table
                0x0000000000034454        0x0 /usr/lib/gcc/i686-linux-gnu/5/crtbeginS.o
 .tm_clone_table
                0x0000000000034454        0x0 /usr/lib/gcc/i686-linux-gnu/5/crtendS.o

.data1
 *(.data1)
                0x0000000000034454                _edata = .
                [!provide]                        PROVIDE (edata, .)
                0x0000000000034454                . = .
                0x0000000000034454                __bss_start = .

.bss            0x0000000000034460    0x144a4
 *(.dynbss)
 .dynbss        0x0000000000034460        0x0 /usr/lib/gcc/i686-linux-gnu/5/../../../i386-linux-gnu/crti.o
 *(.bss .bss.* .gnu.linkonce.b.*)
 .bss           0x0000000000034460        0x0 /usr/lib/gcc/i686-linux-gnu/5/../../../i386-linux-gnu/crti.o
 .bss           0x0000000000034460        0x1 /usr/lib/gcc/i686-linux-gnu/5/crtbeginS.o
 *fill*         0x0000000000034461       0x1f 
 .bss           0x0000000000034480      0x14c client.o
 *fill*         0x00000000000345cc       0x14 
 .bss           0x00000000000345e0     0x2030 build/cooja/mtype885.o
 .bss           0x0000000000036610        0x1 build/cooja/mtype885.a(simEnvChange.o)
                0x0000000000036610                simDontFallAsleep
 *fill*         0x0000000000036611        0x3 
 .bss           0x0000000000036614        0x4 build/cooja/mtype885.a(cooja_mt.o)
 .bss           0x0000000000036618        0x4 build/cooja/mtype885.a(cooja_mtarch.o)
 .bss           0x000000000003661c        0x0 build/cooja/mtype885.a(rtimer-arch.o)
 .bss           0x000000000003661c        0x0 build/cooja/mtype885.a(beep.o)
 .bss           0x000000000003661c        0x1 build/cooja/mtype885.a(leds-arch.o)
                0x000000000003661c                simLedsValue
 .bss           0x000000000003661d        0x0 build/cooja/mtype885.a(moteid.o)
 .bss           0x000000000003661d        0x1 build/cooja/mtype885.a(pir-sensor.o)
                0x000000000003661d                simPirValue
 *fill*         0x000000000003661e        0x2 
 .bss           0x0000000000036620        0x4 build/cooja/mtype885.a(rs232.o)
 .bss           0x0000000000036624        0x1 build/cooja/mtype885.a(vib-sensor.o)
                0x0000000000036624                simVibValue
 .bss           0x0000000000036625        0x0 build/cooja/mtype885.a(clock.o)
 *fill*         0x0000000000036625       0x1b 
 .bss           0x0000000000036640     0x2020 build/cooja/mtype885.a(cooja-log.o)
 .bss           0x0000000000038660      0xfc0 build/cooja/mtype885.a(cfs-cooja.o)
                0x0000000000038660                simCFSData
                0x0000000000039600                simCFSSize
                0x0000000000039604                simCFSChanged
                0x0000000000039608                simCFSRead
                0x000000000003960c                simCFSWritten
 .bss           0x0000000000039620       0x24 build/cooja/mtype885.a(cooja-radio.o)
                0x0000000000039620                simReceiving
                0x0000000000039624                simInSize
                0x0000000000039628                simLastPacketTimestamp
                0x0000000000039630                simOutSize
 .bss           0x0000000000039644        0xc build/cooja/mtype885.a(eeprom.o)
                0x0000000000039644                simEEPROMChanged
                0x0000000000039648                simEEPROMRead
                0x000000000003964c                simEEPROMWritten
 .bss           0x0000000000039650        0x0 build/cooja/mtype885.a(random.o)
 .bss           0x0000000000039650        0xc build/cooja/mtype885.a(sensors.o)
 .bss           0x000000000003965c        0x0 build/cooja/mtype885.a(leds.o)
 .bss           0x000000000003965c       0x24 build/cooja/mtype885.a(gpio-hal-arch.o)
 .bss           0x0000000000039680        0x0 build/cooja/mtype885.a(buttons.o)
 .bss           0x0000000000039680        0x0 build/cooja/mtype885.a(coap-blocking-a)
 .bss           0x0000000000039680       0x18 build/cooja/mtype885.a(coap-uip.o)
 *fill*         0x0000000000039698        0x8 
 .bss           0x00000000000396a0      0x334 build/cooja/mtype885.a(coap-transactio)
 .bss           0x00000000000399d4        0x6 build/cooja/mtype885.a(coap.o)
                0x00000000000399d4                coap_status_code
 .bss           0x00000000000399da        0x0 build/cooja/mtype885.a(contiki-main.o)
 .bss           0x00000000000399da        0x0 build/cooja/mtype885.a(autostart.o)
 *fill*         0x00000000000399da        0x2 
 .bss           0x00000000000399dc        0x5 build/cooja/mtype885.a(ctimer.o)
 *fill*         0x00000000000399e1        0x3 
 .bss           0x00000000000399e4       0x2c build/cooja/mtype885.a(log.o)
                0x00000000000399e4                curr_log_level_rpl
                0x00000000000399e8                curr_log_level_tcpip
                0x00000000000399ec                curr_log_level_ipv6
                0x00000000000399f0                curr_log_level_6lowpan
                0x00000000000399f4                curr_log_level_nullnet
                0x00000000000399f8                curr_log_level_mac
                0x00000000000399fc                curr_log_level_framer
                0x0000000000039a00                curr_log_level_6top
                0x0000000000039a04                curr_log_level_coap
                0x0000000000039a08                curr_log_level_snmp
                0x0000000000039a0c                curr_log_level_lwm2m
 .bss           0x0000000000039a10        0x0 build/cooja/mtype885.a(energest.o)
 .bss           0x0000000000039a10        0x8 build/cooja/mtype885.a(etimer.o)
 .bss           0x0000000000039a18        0x2 build/cooja/mtype885.a(node-id.o)
                0x0000000000039a18                node_id
 *fill*         0x0000000000039a1a        0x2 
 .bss           0x0000000000039a1c        0x4 build/cooja/mtype885.a(rtimer.o)
 .bss           0x0000000000039a20      0x1a1 build/cooja/mtype885.a(process.o)
                0x0000000000039a20                process_list
                0x0000000000039a24                process_current
 .bss           0x0000000000039bc1        0x0 build/cooja/mtype885.a(timer.o)
 .bss           0x0000000000039bc1        0x0 build/cooja/mtype885.a(list.o)
 .bss           0x0000000000039bc1        0x0 build/cooja/mtype885.a(memb.o)
 *fill*         0x0000000000039bc1        0x3 
 .bss           0x0000000000039bc4       0x10 build/cooja/mtype885.a(button-hal.o)
 *fill*         0x0000000000039bd4        0xc 
 .bss           0x0000000000039be0      0x140 build/cooja/mtype885.a(serial-line.o)
 .bss           0x0000000000039d20        0x4 build/cooja/mtype885.a(gpio-hal.o)
 *fill*         0x0000000000039d24       0x1c 
 .bss           0x0000000000039d40     0x2c80 build/cooja/mtype885.a(queuebuf.o)
 .bss           0x000000000003c9c0       0xa0 build/cooja/mtype885.a(packetbuf.o)
 .bss           0x000000000003ca60        0x4 build/cooja/mtype885.a(netstack.o)
 .bss           0x000000000003ca64        0x0 build/cooja/mtype885.a(linkaddr.o)
 .bss           0x000000000003ca64        0x0 build/cooja/mtype885.a(csma.o)
 *fill*         0x000000000003ca64       0x1c 
 .bss           0x000000000003ca80      0x726 build/cooja/mtype885.a(csma-output.o)
 *fill*         0x000000000003d1a6        0x2 
 .bss           0x000000000003d1a8       0x30 build/cooja/mtype885.a(uip-ds6.o)
 .bss           0x000000000003d1d8        0x0 build/cooja/mtype885.a(uip-udp-packet.)
 *fill*         0x000000000003d1d8        0x8 
 .bss           0x000000000003d1e0       0x60 build/cooja/mtype885.a(uip-ds6-route.o)
 .bss           0x000000000003d240       0x10 build/cooja/mtype885.a(tcpip.o)
 .bss           0x000000000003d250        0x8 build/cooja/mtype885.a(uip6.o)
                0x000000000003d250                uip_ext_bitmap
                0x000000000003d252                uip_ext_len
                0x000000000003d254                uip_last_proto
 *fill*         0x000000000003d258        0x8 
 .bss           0x000000000003d260     0x1c20 build/cooja/mtype885.a(uip-ds6-nbr.o)
 .bss           0x000000000003ee80       0x10 build/cooja/mtype885.a(uip-nd6.o)
 *fill*         0x000000000003ee90       0x10 
 .bss           0x000000000003eea0      0x520 build/cooja/mtype885.a(simple-udp.o)
 .bss           0x000000000003f3c0      0x724 build/cooja/mtype885.a(sicslowpan.o)
 .bss           0x000000000003fae4        0x0 build/cooja/mtype885.a(uiplib.o)
 .bss           0x000000000003fae4        0x1 build/cooja/mtype885.a(rpl.o)
 .bss           0x000000000003fae5        0x0 build/cooja/mtype885.a(rpl-icmp6.o)
 *fill*         0x000000000003fae5        0x3 
 .bss           0x000000000003fae8       0x11 build/cooja/mtype885.a(rpl-dag-root.o)
 .bss           0x000000000003faf9        0x0 build/cooja/mtype885.a(watchdog.o)
 *fill*         0x000000000003faf9        0x3 