Archive member included to satisfy reference by file (symbol)

build/cooja/mtype358.a(simEnvChange.o)
                              build/cooja/mtype358.o (simDontFallAsleep)
build/cooja/mtype358.a(cooja_mt.o)
                              build/cooja/mtype358.o (cooja_mt_start)
build/cooja/mtype358.a(cooja_mtarch.o)
                              build/cooja/mtype358.a(cooja_mt.o) (cooja_mtarch_start)
build/cooja/mtype358.a(rtimer-arch.o)
                              build/cooja/mtype358.o (rtimer_arch_check)
build/cooja/mtype358.a(beep.o)
                              build/cooja/mtype358.o (beep_interface)
build/cooja/mtype358.a(leds-arch.o)
                              build/cooja/mtype358.o (leds_interface)
build/cooja/mtype358.a(moteid.o)
                              build/cooja/mtype358.o (moteid_interface)
build/cooja/mtype358.a(pir-sensor.o)
                              build/cooja/mtype358.o (pir_interface)
build/cooja/mtype358.a(rs232.o)
                              build/cooja/mtype358.o (rs232_interface)
build/cooja/mtype358.a(vib-sensor.o)
                              build/cooja/mtype358.o (vib_interface)
build/cooja/mtype358.a(clock.o)
                              build/cooja/mtype358.o (clock_interface)
build/cooja/mtype358.a(cooja-log.o)
                              build/cooja/mtype358.o (simlog_interface)
build/cooja/mtype358.a(cfs-cooja.o)
                              build/cooja/mtype358.o (cfs_interface)
build/cooja/mtype358.a(cooja-radio.o)
                              build/cooja/mtype358.o (radio_interface)
build/cooja/mtype358.a(eeprom.o)
                              build/cooja/mtype358.o (eeprom_interface)
build/cooja/mtype358.a(random.o)
                              build/cooja/mtype358.a(moteid.o) (random_init)
build/cooja/mtype358.a(sensors.o)
                              build/cooja/mtype358.a(pir-sensor.o) (sensors_changed)
build/cooja/mtype358.a(leds.o)
                              build/cooja/mtype358.a(leds-arch.o) (leds_get)
build/cooja/mtype358.a(gpio-hal-arch.o)
                              build/cooja/mtype358.a(leds-arch.o) (gpio_hal_arch_register_pin_callback)
build/cooja/mtype358.a(buttons.o)
                              build/cooja/mtype358.o (button_interface)
build/cooja/mtype358.a(webserver.o)
                              server.o (webserver_nogui_process)
build/cooja/mtype358.a(contiki-main.o)
                              build/cooja/mtype358.o (main)
build/cooja/mtype358.a(autostart.o)
                              build/cooja/mtype358.a(contiki-main.o) (autostart_start)
build/cooja/mtype358.a(ctimer.o)
                              build/cooja/mtype358.a(contiki-main.o) (ctimer_init)
build/cooja/mtype358.a(log.o)
                              build/cooja/mtype358.a(contiki-main.o) (curr_log_level_main)
build/cooja/mtype358.a(energest.o)
                              build/cooja/mtype358.a(contiki-main.o) (energest_init)
build/cooja/mtype358.a(etimer.o)
                              build/cooja/mtype358.a(contiki-main.o) (etimer_process)
build/cooja/mtype358.a(node-id.o)
                              build/cooja/mtype358.a(contiki-main.o) (node_id)
build/cooja/mtype358.a(rtimer.o)
                              build/cooja/mtype358.a(contiki-main.o) (rtimer_init)
build/cooja/mtype358.a(process.o)
                              build/cooja/mtype358.a(ctimer.o) (process_current)
build/cooja/mtype358.a(timer.o)
                              build/cooja/mtype358.a(etimer.o) (timer_set)
build/cooja/mtype358.a(list.o)
                              build/cooja/mtype358.a(ctimer.o) (list_init)
build/cooja/mtype358.a(button-hal.o)
                              build/cooja/mtype358.o (button_hal_init)
build/cooja/mtype358.a(serial-line.o)
                              build/cooja/mtype358.a(rs232.o) (serial_line_input_byte)
build/cooja/mtype358.a(gpio-hal.o)
                              build/cooja/mtype358.a(button-hal.o) (gpio_hal_register_handler)
build/cooja/mtype358.a(queuebuf.o)
                              build/cooja/mtype358.a(contiki-main.o) (queuebuf_init)
build/cooja/mtype358.a(packetbuf.o)
                              build/cooja/mtype358.a(cooja-radio.o) (packetbuf_clear)
build/cooja/mtype358.a(netstack.o)
                              build/cooja/mtype358.a(contiki-main.o) (netstack_init)
build/cooja/mtype358.a(linkaddr.o)
                              build/cooja/mtype358.a(contiki-main.o) (linkaddr_node_addr)
build/cooja/mtype358.a(csma.o)
                              build/cooja/mtype358.a(cooja-radio.o) (csma_driver)
build/cooja/mtype358.a(csma-output.o)
                              build/cooja/mtype358.a(csma.o) (csma_output_packet)
build/cooja/mtype358.a(uip-sr.o)
                              build/cooja/mtype358.a(webserver.o) (uip_sr_num_nodes)
build/cooja/mtype358.a(uip-ds6.o)
                              build/cooja/mtype358.a(contiki-main.o) (uip_ds6_get_link_local)
build/cooja/mtype358.a(uip-ds6-route.o)
[...]
Memory Configuration

Name             Origin             Length             Attributes
*default*        0x0000000000000000 0xffffffffffffffff

Linker script and memory map

LOAD /usr/lib/gcc/i686-linux-gnu/5/../../../i386-linux-gnu/crti.o
LOAD /usr/lib/gcc/i686-linux-gnu/5/crtbeginS.o
LOAD server.o
LOAD build/cooja/mtype358.o
LOAD build/cooja/mtype358.a
LOAD /usr/lib/gcc/i686-linux-gnu/5/libgcc.a
LOAD /usr/lib/gcc/i686-linux-gnu/5/libgcc_s.so
LOAD /usr/lib/gcc/i686-linux-gnu/5/../../../i386-linux-gnu/libc.so
START GROUP
LOAD /lib/i386-linux-gnu/libc.so.6
LOAD /usr/lib/i386-linux-gnu/libc_nonshared.a
LOAD /lib/i386-linux-gnu/ld-linux.so.2
END GROUP
LOAD /usr/lib/gcc/i686-linux-gnu/5/libgcc.a
LOAD /usr/lib/gcc/i686-linux-gnu/5/libgcc_s.so
LOAD /usr/lib/gcc/i686-linux-gnu/5/crtendS.o
LOAD /usr/lib/gcc/i686-linux-gnu/5/../../../i386-linux-gnu/crtn.o
                0x0000000000000114                . = (0x0 + SIZEOF_HEADERS)

.note.gnu.build-id
                0x0000000000000114       0x24
 *(.note.gnu.build-id)
 .note.gnu.build-id
                0x0000000000000114       0x24 /usr/lib/gcc/i686-linux-gnu/5/../../../i386-linux-gnu/crti.o

.hash
 *(.hash)

.gnu.hash       0x0000000000000138     0x14cc
 *(.gnu.hash)
 .gnu.hash      0x0000000000000138     0x14cc /usr/lib/gcc/i686-linux-gnu/5/../../../i386-linux-gnu/crti.o

.dynsym         0x0000000000001604     0x2b90
 *(.dynsym)
 .dynsym        0x0000000000001604     0x2b90 /usr/lib/gcc/i686-linux-gnu/5/../../../i386-linux-gnu/crti.o

.dynstr         0x0000000000004194     0x30fc
 *(.dynstr)
 .dynstr        0x0000000000004194     0x30fc /usr/lib/gcc/i686-linux-gnu/5/../../../i386-linux-gnu/crti.o

.gnu.version    0x0000000000007290      0x572
 *(.gnu.version)
 .gnu.version   0x0000000000007290      0x572 /usr/lib/gcc/i686-linux-gnu/5/../../../i386-linux-gnu/crti.o

.gnu.version_d  0x0000000000007804        0x0
 *(.gnu.version_d)
 .gnu.version_d
                0x0000000000007804        0x0 /usr/lib/gcc/i686-linux-gnu/5/../../../i386-linux-gnu/crti.o

.gnu.version_r  0x0000000000007804       0x40
 *(.gnu.version_r)
 .gnu.version_r
                0x0000000000007804       0x40 /usr/lib/gcc/i686-linux-gnu/5/../../../i386-linux-gnu/crti.o

.rel.dyn        0x0000000000007844     0x9c98
 *(.rel.init)
 .rel.init      0x0000000000007844        0x0 /usr/lib/gcc/i686-linux-gnu/5/../../../i386-linux-gnu/crti.o
 *(.rel.text .rel.text.* .rel.gnu.linkonce.t.*)
 .rel.text      0x0000000000007844     0x9478 /usr/lib/gcc/i686-linux-gnu/5/../../../i386-linux-gnu/crti.o
 *(.rel.fini)
 .rel.fini      0x0000000000010cbc        0x0 /usr/lib/gcc/i686-linux-gnu/5/../../../i386-linux-gnu/crti.o
 *(.rel.rodata .rel.rodata.* .rel.gnu.linkonce.r.*)
 .rel.rodata    0x0000000000010cbc      0x428 /usr/lib/gcc/i686-linux-gnu/5/../../../i386-linux-gnu/crti.o
 *(.rel.data.rel.ro .rel.data.rel.ro.* .rel.gnu.linkonce.d.rel.ro.*)
 *(.rel.data .rel.data.* .rel.gnu.linkonce.d.*)
 .rel.data.rel.local
                0x00000000000110e4        0x8 /usr/lib/gcc/i686-linux-gnu/5/../../../i386-linux-gnu/crti.o
 .rel.data      0x00000000000110ec      0x3b8 /usr/lib/gcc/i686-linux-gnu/5/../../../i386-linux-gnu/crti.o
 *(.rel.tdata .rel.tdata.* .rel.gnu.linkonce.td.*)
 *(.rel.tbss .rel.tbss.* .rel.gnu.linkonce.tb.*)
 *(.rel.ctors)
 *(.rel.dtors)
 *(.rel.got)
 .rel.got       0x00000000000114a4       0x28 /usr/lib/gcc/i686-linux-gnu/5/../../../i386-linux-gnu/crti.o
 *(.rel.bss .rel.bss.* .rel.gnu.linkonce.b.*)
 *(.rel.ifunc)
 .rel.ifunc     0x00000000000114cc        0x0 /usr/lib/gcc/i686-linux-gnu/5/../../../i386-linux-gnu/crti.o
 .rel.fini_array
                0x00000000000114cc        0x8 /usr/lib/gcc/i686-linux-gnu/5/../../../i386-linux-gnu/crti.o
 .rel.init_array
                0x00000000000114d4        0x8 /usr/lib/gcc/i686-linux-gnu/5/../../../i386-linux-gnu/crti.o

.rel.plt        0x00000000000114dc        0x0
 *(.rel.plt)
 .rel.plt       0x00000000000114dc        0x0 /usr/lib/gcc/i686-linux-gnu/5/../../../i386-linux-gnu/crti.o
 *(.rel.iplt)

.init           0x00000000000114dc       0x23
 *(SORT(.init))
 .init          0x00000000000114dc       0x1e /usr/lib/gcc/i686-linux-gnu/5/../../../i386-linux-gnu/crti.o
                0x00000000000114dc                _init
 .init          0x00000000000114fa        0x5 /usr/lib/gcc/i686-linux-gnu/5/../../../i386-linux-gnu/crtn.o

.plt            0x0000000000011500       0x10
 *(.plt)
 .plt           0x0000000000011500       0x10 /usr/lib/gcc/i686-linux-gnu/5/../../../i386-linux-gnu/crti.o
 *(.iplt)

.plt.got        0x0000000000011510       0x10
 *(.plt.got)
 .plt.got       0x0000000000011510       0x10 /usr/lib/gcc/i686-linux-gnu/5/../../../i386-linux-gnu/crti.o

.text           0x0000000000011520    0x17cdc
 *(.text.unlikely .text.*_unlikely .text.unlikely.*)
 .text.unlikely
                0x0000000000011520        0x0 /usr/lib/gcc/i686-linux-gnu/5/crtbeginS.o
 *(.text.exit .text.exit.*)
 *(.text.startup .text.startup.*)
 *(.text.hot .text.hot.*)
 *(.text .stub .text.* .gnu.linkonce.t.*)
 .text          0x0000000000011520        0x0 /usr/lib/gcc/i686-linux-gnu/5/../../../i386-linux-gnu/crti.o
 .gnu.linkonce.t.__x86.get_pc_thunk.bx
                0x0000000000011520        0x4 /usr/lib/gcc/i686-linux-gnu/5/../../../i386-linux-gnu/crti.o
                0x0000000000011520                __x86.get_pc_thunk.bx
 *fill*         0x0000000000011524        0xc 
 .text          0x0000000000011530      0x11c /usr/lib/gcc/i686-linux-gnu/5/crtbeginS.o
 .text.__x86.get_pc_thunk.dx
                0x000000000001164c        0x4 /usr/lib/gcc/i686-linux-gnu/5/crtbeginS.o
                0x000000000001164c                __x86.get_pc_thunk.dx
 .text          0x0000000000011650       0x94 server.o
 .text          0x00000000000116e4      0x283 build/cooja/mtype358.o
                0x0000000000011776                platform_init_stage_one
                0x0000000000011789                platform_init_stage_two
                0x000000000001179c                platform_init_stage_three
                0x00000000000117af                platform_main_loop
                0x0000000000011822                Java_org_contikios_cooja_corecomm_Lib16_init
                0x0000000000011859                Java_org_contikios_cooja_corecomm_Lib16_getMemory
                0x000000000001188c                Java_org_contikios_cooja_corecomm_Lib16_setMemory
                0x00000000000118ec                Java_org_contikios_cooja_corecomm_Lib16_tick
                0x0000000000011954                Java_org_contikios_cooja_corecomm_Lib16_setReferenceAddress
 .text          0x0000000000011967       0x65 build/cooja/mtype358.a(simEnvChange.o)
                0x0000000000011967                doActionsBeforeTick
                0x0000000000011999                doActionsAfterTick
 .text          0x00000000000119cc       0x83 build/cooja/mtype358.a(cooja_mt.o)
                0x00000000000119cc                cooja_mt_start
                0x00000000000119f6                cooja_mt_exec
                0x0000000000011a2c                cooja_mt_yield
 .text          0x0000000000011a4f       0xbe build/cooja/mtype358.a(cooja_mtarch.o)
                0x0000000000011a4f                cooja_mtarch_start
                0x0000000000011ac2                cooja_sw
                0x0000000000011ae5                cooja_mtarch_exec
                0x0000000000011b02                cooja_mtarch_yield
 .text          0x0000000000011b0d       0xc5 build/cooja/mtype358.a(rtimer-arch.o)
                0x0000000000011b0d                rtimer_arch_init
                0x0000000000011b31                rtimer_arch_schedule
                0x0000000000011b61                rtimer_arch_next
                0x0000000000011b71                rtimer_arch_pending
                0x0000000000011b7b                rtimer_arch_check
                0x0000000000011bc2                rtimer_arch_now
 .text          0x0000000000011bd2       0x81 build/cooja/mtype358.a(beep.o)
                0x0000000000011bd2                beep_alarm
                0x0000000000011bdf                beep_beep
                0x0000000000011bec                beep
                0x0000000000011bf9                beep_down
                0x0000000000011c06                beep_on
                0x0000000000011c13                beep_off
                0x0000000000011c20                beep_spinup
                0x0000000000011c2d                beep_quick
                0x0000000000011c3a                beep_long
 .text          0x0000000000011c53       0x65 build/cooja/mtype358.a(leds-arch.o)
                0x0000000000011c66                leds_arch_init
 .text          0x0000000000011cb8       0x35 build/cooja/mtype358.a(moteid.o)
 .text          0x0000000000011ced       0xb7 build/cooja/mtype358.a(pir-sensor.o)
 .text          0x0000000000011da4      0x148 build/cooja/mtype358.a(rs232.o)
                0x0000000000011da4                rs232_init
                0x0000000000011daa                rs232_set_speed
                0x0000000000011db9                rs232_set_input
                0x0000000000011dc7                rs232_send
                0x0000000000011deb                rs232_print
                0x0000000000011e07                slip_arch_writeb
 .text          0x0000000000011eec       0xb7 build/cooja/mtype358.a(vib-sensor.o)
 .text          0x0000000000011fa3       0x38 build/cooja/mtype358.a(clock.o)
                0x0000000000011fa3                clock_init
                0x0000000000011fa9                clock_time
                0x0000000000011fb3                clock_seconds
                0x0000000000011fc9                clock_delay
 .text          0x0000000000011fdb      0x219 build/cooja/mtype358.a(cooja-log.o)
                0x0000000000011fdb                simlog_char
                0x000000000001201e                simlog
                0x0000000000012094                log_message
                0x00000000000120c5                log_set_putchar_with_slip
                0x00000000000120d3                log_putchar
                0x000000000001214e                log_puts
                0x0000000000012176                log_printf
 .text          0x00000000000121f4      0x2b9 build/cooja/mtype358.a(cfs-cooja.o)
                0x00000000000121f4                cfs_open
                0x000000000001225d                cfs_close
                0x000000000001226a                cfs_read
                0x00000000000122ff                cfs_write
                0x00000000000123db                cfs_seek
                0x0000000000012463                cfs_remove
                0x0000000000012487                cfs_opendir
                0x0000000000012491                cfs_readdir
                0x000000000001249b                cfs_closedir
 .text          0x00000000000124ad      0x620 build/cooja/mtype358.a(cooja-radio.o)
                0x00000000000124ef                radio_set_channel
                0x00000000000124fd                radio_set_txpower
                0x0000000000012515                radio_signal_strength_last
                0x000000000001251f                radio_signal_strength_current
                0x0000000000012529                radio_LQI
 .text          0x0000000000012acd       0xee build/cooja/mtype358.a(eeprom.o)
                0x0000000000012acd                eeprom_init
                0x0000000000012ad3                eeprom_read
                0x0000000000012b41                eeprom_write
 .text          0x0000000000012bbb       0x2d build/cooja/mtype358.a(random.o)
                0x0000000000012bbb                random_init
                0x0000000000012bdb                random_rand
 .text          0x0000000000012be8      0x29c build/cooja/mtype358.a(sensors.o)
                0x0000000000012c23                sensors_first
                0x0000000000012c2d                sensors_next
                0x0000000000012c47                sensors_changed
                0x0000000000012c7b                sensors_find
 .text          0x0000000000012e84      0x349 build/cooja/mtype358.a(leds.o)
                0x0000000000012e84                leds_init
                0x0000000000012ecb                leds_single_on
                0x0000000000012f2a                leds_single_off
                0x0000000000012f89                leds_single_toggle
                0x0000000000012fbb                leds_on
                0x000000000001303d                leds_off
                0x00000000000130bf                leds_toggle
                0x0000000000013114                leds_set
                0x0000000000013140                leds_get
 .text          0x00000000000131cd      0x343 build/cooja/mtype358.a(gpio-hal-arch.o)
                0x00000000000131cd                gpio_hal_arch_register_pin_callback
                0x0000000000013239                gpio_hal_arch_init
                0x000000000001327e                gpio_hal_arch_no_port_interrupt_enable
                0x00000000000132ae                gpio_hal_arch_no_port_interrupt_disable
                0x00000000000132de                gpio_hal_arch_no_port_pin_cfg_set
                0x0000000000013303                gpio_hal_arch_no_port_pin_cfg_get
                0x0000000000013329                gpio_hal_arch_no_port_pin_set_input
                0x000000000001333b                gpio_hal_arch_no_port_pin_set_output
                0x000000000001334d                gpio_hal_arch_no_port_set_pin
                0x000000000001336e                gpio_hal_arch_no_port_clear_pin
                0x000000000001338f                gpio_hal_arch_no_port_read_pin
                0x00000000000133b5                gpio_hal_arch_no_port_write_pin
                0x00000000000133df                gpio_hal_arch_no_port_set_pins
                0x0000000000013426                gpio_hal_arch_no_port_clear_pins
                0x000000000001346d                gpio_hal_arch_no_port_read_pins
                0x00000000000134b0                gpio_hal_arch_no_port_write_pins
 .text          0x0000000000013510       0x89 build/cooja/mtype358.a(buttons.o)
 .text          0x0000000000013599      0x7ba build/cooja/mtype358.a(webserver.o)
                0x0000000000013d49                httpd_simple_get_script
 .text          0x0000000000013d53      0x332 build/cooja/mtype358.a(contiki-main.o)
                0x0000000000013d53                main
 .text          0x0000000000014085       0x92 build/cooja/mtype358.a(autostart.o)
                0x0000000000014085                autostart_start
                0x00000000000140cf                autostart_exit
 .text          0x0000000000014117      0x355 build/cooja/mtype358.a(ctimer.o)
                0x000000000001423f                ctimer_init
                0x0000000000014272                ctimer_set
                0x0000000000014298                ctimer_set_with_process
                0x0000000000014315                ctimer_reset
                0x0000000000014369                ctimer_restart
                0x00000000000143bd                ctimer_stop
                0x000000000001440d                ctimer_expired
 .text          0x000000000001446c      0x394 build/cooja/mtype358.a(log.o)
                0x000000000001446c                log_6addr
                0x00000000000144bf                log_6addr_compact_snprint
                0x000000000001455d                log_6addr_compact
                0x00000000000145b0                log_lladdr
                0x0000000000014622                log_lladdr_compact
                0x000000000001468a                log_set_level
                0x0000000000014745                log_get_level
                0x00000000000147be                log_level_to_str
 .text          0x0000000000014800       0x1b build/cooja/mtype358.a(energest.o)
                0x0000000000014800                energest_init
                0x0000000000014806                energest_flush
                0x000000000001480c                energest_get_total_time
 .text          0x000000000001481b      0x43f build/cooja/mtype358.a(etimer.o)
                0x0000000000014a3f                etimer_request_poll
                0x0000000000014ac8                etimer_set
                0x0000000000014af1                etimer_reset_with_new_interval
                0x0000000000014b20                etimer_reset
                0x0000000000014b46                etimer_restart
                0x0000000000014b6c                etimer_adjust
                0x0000000000014b89                etimer_expired
                0x0000000000014b9c                etimer_expiration_time
                0x0000000000014bae                etimer_start_time
                0x0000000000014bb8                etimer_pending
                0x0000000000014bca                etimer_next_expiration_time
                0x0000000000014be4                etimer_stop
 .text          0x0000000000014c5a       0x25 build/cooja/mtype358.a(node-id.o)
                0x0000000000014c5a                node_id_init
 .text          0x0000000000014c7f       0xeb build/cooja/mtype358.a(rtimer.o)
                0x0000000000014c7f                rtimer_init
                0x0000000000014c8d                rtimer_set
                0x0000000000014d08                rtimer_run_next
 .text          0x0000000000014d6a      0x4fb build/cooja/mtype358.a(process.o)
                0x0000000000014d6a                process_alloc_event
                0x0000000000014d7f                process_start
                0x0000000000014f59                process_exit
                0x0000000000014f76                process_init
                0x000000000001510b                process_run
                0x000000000001513e                process_nevents
                0x0000000000015159                process_post
                0x00000000000151ec                process_post_synch
                0x0000000000015221                process_poll
                0x0000000000015251                process_is_running
 .text          0x0000000000015265       0xb1 build/cooja/mtype358.a(timer.o)
                0x0000000000015265                timer_set
                0x0000000000015283                timer_reset
                0x00000000000152b0                timer_restart
                0x00000000000152c5                timer_expired
                0x00000000000152f2                timer_remaining
 .text          0x0000000000015316      0x28f build/cooja/mtype358.a(list.o)
                0x0000000000015316                list_init
                0x0000000000015325                list_head
                0x000000000001532f                list_copy
                0x000000000001533f                list_tail
                0x0000000000015375                list_add
                0x00000000000153c1                list_push
                0x00000000000153ed                list_chop
                0x0000000000015457                list_pop
                0x000000000001547f                list_remove
                0x00000000000154e7                list_length
                0x0000000000015515                list_insert
                0x000000000001555a                list_item_next
                0x0000000000015571                list_contains
 .text          0x00000000000155a5      0x41c build/cooja/mtype358.a(button-hal.o)
                0x000000000001571e                button_hal_get_by_id
                0x000000000001575c                button_hal_get_by_index
                0x0000000000015788                button_hal_get_state
                0x00000000000157da                button_hal_init
 .text          0x00000000000159c1      0x1f3 build/cooja/mtype358.a(serial-line.o)
                0x00000000000159c1                serial_line_input_byte
                0x0000000000015b7f                serial_line_init
 .text          0x0000000000015bb4      0x168 build/cooja/mtype358.a(gpio-hal.o)
                0x0000000000015bb4                gpio_hal_register_handler
                0x0000000000015bd1                gpio_hal_event_handler
                0x0000000000015c2d                gpio_hal_init
                0x0000000000015c4c                gpio_hal_arch_port_toggle_pin
                0x0000000000015c88                gpio_hal_arch_port_toggle_pins
                0x0000000000015cb6                gpio_hal_arch_no_port_toggle_pin
                0x0000000000015cf4                gpio_hal_arch_no_port_toggle_pins
 .text          0x0000000000015d1c      0x2e7 build/cooja/mtype358.a(queuebuf.o)
                0x0000000000015d26                queuebuf_init
                0x0000000000015d4f                queuebuf_numfree
                0x0000000000015d67                queuebuf_new_from_packetbuf
                0x0000000000015e06                queuebuf_update_attr_from_packetbuf
                0x0000000000015e3b                queuebuf_update_from_packetbuf
                0x0000000000015e8b                queuebuf_free
                0x0000000000015ed4                queuebuf_to_packetbuf
                0x0000000000015f40                queuebuf_dataptr
                0x0000000000015f7a                queuebuf_datalen
                0x0000000000015f9d                queuebuf_addr
                0x0000000000015fd2                queuebuf_attr
                0x0000000000015ffd                queuebuf_debug_print
 .text          0x0000000000016003      0x407 build/cooja/mtype358.a(packetbuf.o)
                0x0000000000016003                packetbuf_clear
                0x000000000001602e                packetbuf_copyfrom
                0x000000000001607d                packetbuf_copyto
                0x0000000000016110                packetbuf_hdralloc
                0x000000000001618c                packetbuf_hdrreduce
                0x00000000000161d2                packetbuf_set_datalen
                0x00000000000161ec                packetbuf_dataptr
                0x0000000000016209                packetbuf_hdrptr
                0x0000000000016213                packetbuf_datalen
                0x000000000001621f                packetbuf_hdrlen
                0x0000000000016236                packetbuf_totlen
                0x000000000001624c                packetbuf_remaininglen
                0x000000000001625f                packetbuf_attr_clear
                0x00000000000162ab                packetbuf_attr_copyto
                0x0000000000016303                packetbuf_attr_copyfrom
                0x000000000001635b                packetbuf_set_attr
                0x0000000000016385                packetbuf_attr
                0x000000000001639f                packetbuf_set_addr
                0x00000000000163d0                packetbuf_addr
                0x00000000000163ed                packetbuf_holds_broadcast
 .text          0x000000000001640a       0xef build/cooja/mtype358.a(netstack.o)
                0x000000000001640a                netstack_process_ip_callback
                0x000000000001649b                netstack_ip_packet_processor_add
                0x00000000000164be                uip_ds6_ip_packet_processor_rm
                0x00000000000164db                netstack_init
 .text          0x00000000000164f9       0x4f build/cooja/mtype358.a(linkaddr.o)
                0x00000000000164f9                linkaddr_copy
                0x000000000001650f                linkaddr_cmp
                0x0000000000016532                linkaddr_set_node_addr
 .text          0x0000000000016548      0x1f6 build/cooja/mtype358.a(csma.o)
 .text          0x000000000001673e      0x95d build/cooja/mtype358.a(csma-output.o)
                0x0000000000016dd5                csma_output_packet
                0x0000000000017062                csma_output_init
 .text          0x000000000001709b      0x69b build/cooja/mtype358.a(uip-sr.o)
                0x000000000001709b                uip_sr_num_nodes
                0x0000000000017129                uip_sr_get_node
                0x0000000000017180                uip_sr_is_addr_reachable
                0x000000000001722e                uip_sr_expire_parent
                0x0000000000017277                uip_sr_update_node
                0x00000000000173a7                uip_sr_init
                0x00000000000173db                uip_sr_node_head
                0x00000000000173f4                uip_sr_node_next
                0x000000000001740a                uip_sr_periodic
                0x0000000000017510                uip_sr_free_all
                0x0000000000017580                uip_sr_link_snprint
 .text          0x0000000000017736      0xc11 build/cooja/mtype358.a(uip-ds6.o)
                0x0000000000017736                uip_ds6_default_prefix
                0x0000000000017740                uip_ds6_set_default_prefix
                0x000000000001776b                uip_ds6_init
                0x00000000000179cd                uip_ds6_periodic
                0x0000000000017a54                uip_ds6_list_loop
                0x0000000000017b14                uip_ds6_prefix_add
                0x0000000000017bc0                uip_ds6_prefix_rm
                0x0000000000017bd3                uip_ds6_prefix_lookup
                0x0000000000017c12                uip_ds6_is_addr_onlink
                0x0000000000017c85                uip_ds6_addr_add
                0x0000000000017da5                uip_ds6_addr_rm
                0x0000000000017e4e                uip_ds6_addr_lookup
                0x0000000000017e87                uip_ds6_get_link_local
                0x0000000000017f08                uip_ds6_get_global
                0x0000000000017f89                uip_ds6_maddr_add
                0x0000000000017fe9                uip_ds6_maddr_rm
                0x0000000000017ffc                uip_ds6_maddr_lookup
                0x0000000000018035                uip_ds6_aaddr_add
                0x0000000000018095                uip_ds6_aaddr_rm
                0x00000000000180a8                uip_ds6_aaddr_lookup
                0x00000000000180e1                uip_ds6_select_src
                0x000000000001822a                uip_ds6_set_addr_iid
                0x0000000000018255                uip_ds6_set_lladdr_from_iid
                0x000000000001827e                get_match_length
                0x000000000001830f                uip_ds6_compute_reachable_time
 .text          0x0000000000018347      0x35b build/cooja/mtype358.a(uip-ds6-route.o)
                0x0000000000018398                uip_ds6_route_init
                0x00000000000183c2                uip_ds6_route_nexthop
                0x00000000000183cc                uip_ds6_route_head
                0x00000000000183d6                uip_ds6_route_next
                0x00000000000183e0                uip_ds6_route_is_nexthop
                0x00000000000183ea                uip_ds6_route_num_routes
                0x00000000000183f4                uip_ds6_route_lookup
                0x00000000000183fe                uip_ds6_route_add
                0x0000000000018411                uip_ds6_route_rm
                0x0000000000018417                uip_ds6_route_rm_by_nexthop
                0x000000000001841d                uip_ds6_defrt_head
                0x0000000000018436                uip_ds6_defrt_add
                0x00000000000184e4                uip_ds6_defrt_rm
                0x000000000001854a                uip_ds6_defrt_lookup
                0x00000000000185b1                uip_ds6_defrt_choose
                0x0000000000018627                uip_ds6_defrt_periodic
 .text          0x00000000000186a2      0x70e build/cooja/mtype358.a(psock.o)
                0x00000000000189bc                psock_send
                0x0000000000018a42                psock_generator_send
                0x0000000000018b50                psock_datalen
                0x0000000000018b68                psock_newdata
                0x0000000000018bb6                psock_readto
                0x0000000000018c85                psock_readbuf_len
                0x0000000000018d6c                psock_init
 .text          0x0000000000018db0      0xa85 build/cooja/mtype358.a(tcpip.o)
                0x0000000000018dca                tcpip_output
                0x0000000000018eab                tcp_connect
                0x0000000000018f03                tcp_unlisten
                0x0000000000018f63                tcp_listen
                0x0000000000018fc1                tcp_attach
                0x0000000000018fd9                udp_attach
                0x0000000000018ff1                udp_new
                0x000000000001903b                udp_broadcast_new
                0x00000000000192c0                tcpip_input
                0x000000000001948c                tcpip_ipv6_output
                0x0000000000019680                tcpip_poll_udp
                0x000000000001969e                tcpip_poll_tcp
                0x00000000000196bc                tcpip_uipcall
 .text          0x0000000000019835     0x2d5b build/cooja/mtype358.a(uip6.o)
                0x0000000000019835                uip_add32
                0x00000000000199cf                uip_chksum
                0x0000000000019aa6                uip_icmp6chksum
                0x0000000000019abb                uip_tcpchksum
                0x0000000000019ad0                uip_udpchksum
                0x0000000000019ae5                uip_init
                0x0000000000019b75                uip_connect
                0x0000000000019cfe                uip_remove_ext_hdr
                0x0000000000019dd8                uip_udp_new
                0x0000000000019efa                uip_unlisten
                0x0000000000019f3c                uip_listen
                0x000000000001a1d4                uip_process
                0x000000000001c46a                uip_htons
                0x000000000001c48c                uip_htonl
                0x000000000001c4ca                uip_send
 .text          0x000000000001c590      0x369 build/cooja/mtype358.a(uip-ds6-nbr.o)
                0x000000000001c590                uip_ds6_neighbors_init
                0x000000000001c5b4                uip_ds6_nbr_add
                0x000000000001c63a                uip_ds6_nbr_rm
                0x000000000001c685                uip_ds6_nbr_update_ll
                0x000000000001c773                uip_ds6_nbr_get_ipaddr
                0x000000000001c788                uip_ds6_nbr_get_ll
                0x000000000001c7a4                uip_ds6_nbr_num
                0x000000000001c7ed                uip_ds6_nbr_head
                0x000000000001c806                uip_ds6_nbr_next
                0x000000000001c822                uip_ds6_nbr_lookup
                0x000000000001c87a                uip_ds6_nbr_ll_lookup
                0x000000000001c896                uip_ds6_nbr_ipaddr_from_lladdr
                0x000000000001c8bf                uip_ds6_nbr_lladdr_from_ipaddr
                0x000000000001c8f3                uip_ds6_link_callback
 .text          0x000000000001c8f9      0x6a7 build/cooja/mtype358.a(uip-nd6.o)
                0x000000000001cf87                uip_nd6_init
 .text          0x000000000001cfa0      0x3b0 build/cooja/mtype358.a(simple-udp.o)
                0x000000000001cfcd                simple_udp_send
                0x000000000001d030                simple_udp_sendto
                0x000000000001d08b                simple_udp_sendto_port
                0x000000000001d0e4                simple_udp_register
 .text          0x000000000001d350     0x2c17 build/cooja/mtype358.a(sicslowpan.o)
                0x000000000001d957                netstack_sniffer_add
                0x000000000001d965                netstack_sniffer_remove
                0x000000000001ff3b                sicslowpan_init
                0x000000000001ff5d                sicslowpan_get_last_rssi
 .text          0x000000000001ff67      0x4d1 build/cooja/mtype358.a(uiplib.o)
                0x000000000001ff67                uiplib_ip6addrconv
                0x000000000002011f                uiplib_ip4addrconv
                0x00000000000201e2                uiplib_ipaddr_print
                0x0000000000020235                uiplib_ipaddr_snprint
 .text          0x0000000000020438      0x4c9 build/cooja/mtype358.a(rpl.o)
                0x0000000000020438                rpl_lollipop_greater_than
                0x0000000000020492                rpl_get_global_address
                0x000000000002058a                rpl_link_callback
                0x00000000000205ce                rpl_has_joined
                0x00000000000205f3                rpl_is_reachable
                0x0000000000020674                rpl_reset_prefix
                0x00000000000206de                rpl_set_prefix_from_addr
                0x00000000000207c3                rpl_set_prefix
                0x00000000000208dd                rpl_set_leaf_only
                0x00000000000208f5                rpl_get_leaf_only
 .text          0x0000000000020901     0x138c build/cooja/mtype358.a(rpl-icmp6.o)
                0x0000000000020a26                rpl_icmp6_update_nbr_table
                0x0000000000020aaf                rpl_icmp6_dis_output
                0x00000000000210f5                rpl_icmp6_dio_output
                0x00000000000218f3                rpl_icmp6_dao_output
                0x0000000000021bd4                rpl_icmp6_dao_ack_output
                0x0000000000021c44                rpl_icmp6_init
 .text          0x0000000000021c8d      0x264 build/cooja/mtype358.a(rpl-dag-root.o)
                0x0000000000021c8d                rpl_dag_root_print_links
                0x0000000000021db9                rpl_dag_root_set_prefix
                0x0000000000021de5                rpl_dag_root_start
                0x0000000000021ec2                rpl_dag_root_is_root
 .text          0x0000000000021ef1      0x1fe build/cooja/mtype358.a(slip-bridge.o)
                0x0000000000021ef1                request_prefix
 .text          0x00000000000220ef      0x68a build/cooja/mtype358.a(slip.o)
                0x00000000000220ef                slip_set_input_callback
                0x00000000000220fd                slip_send
                0x0000000000022121                slip_write
                0x0000000000022637                slip_input_byte
 .text          0x0000000000022779       0x30 build/cooja/mtype358.a(watchdog.o)
                0x0000000000022779                watchdog_init
                0x000000000002277f                watchdog_start
                0x0000000000022785                watchdog_periodic
                0x000000000002279d                watchdog_stop
                0x00000000000227a3                watchdog_reboot
 .text          0x00000000000227a9       0x4a build/cooja/mtype358.a(int-master.o)
                0x00000000000227a9                int_master_enable
                0x00000000000227b9                int_master_read_and_disable
                0x00000000000227d6                int_master_status_set
                0x00000000000227e4                int_master_is_enabled
 .text          0x00000000000227f3       0x19 build/cooja/mtype358.a(slip-arch.o)
                0x00000000000227f3                slip_arch_init
 .text          0x000000000002280c      0x606 build/cooja/mtype358.a(httpd-simple.o)
                0x0000000000022c4a                httpd_appcall
                0x0000000000022de9                httpd_init
 .text          0x0000000000022e12      0x11a build/cooja/mtype358.a(rpl-border-rout)
                0x0000000000022e12                print_local_addresses
                0x0000000000022ee8                set_prefix_64
                0x0000000000022f11                rpl_border_router_init
 .text          0x0000000000022f2c       0xc7 build/cooja/mtype358.a(stimer.o)
                0x0000000000022f2c                stimer_set
                0x0000000000022f4a                stimer_reset
                0x0000000000022f77                stimer_restart
                0x0000000000022f8c                stimer_expired
                0x0000000000022fb7                stimer_remaining
                0x0000000000022fdb                stimer_elapsed
 .text          0x0000000000022ff3      0x156 build/cooja/mtype358.a(ringbuf.o)
                0x0000000000022ff3                ringbuf_init
                0x0000000000023025                ringbuf_put
                0x00000000000230a3                ringbuf_get
                0x0000000000023110                ringbuf_size
                0x0000000000023122                ringbuf_elements
 .text          0x0000000000023149      0x1b5 build/cooja/mtype358.a(memb.o)
                0x0000000000023149                memb_init
                0x000000000002319e                memb_alloc
                0x0000000000023201                memb_free
                0x0000000000023278                memb_inmemb
                0x00000000000232b7                memb_numfree
 .text          0x00000000000232fe       0x1f build/cooja/mtype358.a(assert.o)
                0x00000000000232fe                _xassert
 .text          0x000000000002331d      0x79b build/cooja/mtype358.a(nbr-table.o)
                0x0000000000023796                nbr_table_register
                0x0000000000023803                nbr_table_is_registered
                0x000000000002383e                nbr_table_head
                0x0000000000023899                nbr_table_next
                0x00000000000238fa                nbr_table_add_lladdr
                0x00000000000239d4                nbr_table_get_from_lladdr
                0x0000000000023a20                nbr_table_remove
                0x0000000000023a58                nbr_table_lock
                0x0000000000023a72                nbr_table_unlock
                0x0000000000023a8c                nbr_table_get_lladdr
 .text          0x0000000000023ab8      0x3a5 build/cooja/mtype358.a(link-stats.o)
                0x0000000000023ab8                link_stats_from_lladdr
                0x0000000000023ad4                link_stats_get_lladdr
                0x0000000000023af0                link_stats_is_fresh
                0x0000000000023b2c                guess_etx_from_rssi
                0x0000000000023ba8                link_stats_packet_sent
                0x0000000000023cc8                link_stats_input_callback
                0x0000000000023dd8                link_stats_reset
                0x0000000000023e28                link_stats_init
 .text          0x0000000000023e5d      0x187 build/cooja/mtype358.a(mac-sequence.o)
                0x0000000000023e5d                mac_sequence_is_duplicate
                0x0000000000023efd                mac_sequence_register_seqno
 .text          0x0000000000023fe4       0x23 build/cooja/mtype358.a(mac.o)
                0x0000000000023fe4                mac_call_sent_callback
 .text          0x0000000000024007      0x432 build/cooja/mtype358.a(framer-802154.o)
                0x0000000000024196                framer_802154_setup_params
 .text          0x0000000000024439      0xb6f build/cooja/mtype358.a(frame802154.o)
                0x000000000002446a                frame802154_get_pan_id
                0x0000000000024476                frame802154_set_pan_id
                0x0000000000024490                frame802154_has_panid
                0x000000000002463f                frame802154_check_dest_panid
                0x00000000000246c7                frame802154_is_broadcast_addr
                0x0000000000024714                frame802154_extract_linkaddr
                0x0000000000024979                frame802154_hdrlen
                0x00000000000249ec                frame802154_create_fcf
                0x0000000000024aa4                frame802154_create
                0x0000000000024c19                frame802154_parse_fcf
                0x0000000000024cfb                frame802154_parse
 .text          0x0000000000024fa8       0x2d build/cooja/mtype358.a(csma-security.o)
                0x0000000000024fa8                csma_security_create_frame
                0x0000000000024fc6                csma_security_parse_frame
 .text          0x0000000000024fd5      0x4e4 build/cooja/mtype358.a(uipbuf.o)
                0x0000000000024fd5                uipbuf_clear
                0x0000000000024ffc                uipbuf_add_ext_hdr
                0x000000000002507c                uipbuf_set_len
                0x00000000000250a9                uipbuf_set_len_field
                0x00000000000250d5                uipbuf_get_len_field
                0x00000000000250f5                uipbuf_get_next_header
                0x0000000000025227                uipbuf_get_last_header
                0x00000000000252a0                uipbuf_search_header
                0x0000000000025356                uipbuf_get_attr
                0x000000000002537d                uipbuf_set_attr
                0x00000000000253b4                uipbuf_set_default_attr
                0x00000000000253eb                uipbuf_clear_attr
                0x000000000002540f                uipbuf_set_attr_flag
                0x0000000000025430                uipbuf_clr_attr_flag
                0x0000000000025457                uipbuf_is_attr_flag
                0x000000000002547b                uipbuf_init
 .text          0x00000000000254b9      0x73f build/cooja/mtype358.a(uip-icmp6.o)
                0x000000000002552e                uip_icmp6_input
                0x0000000000025585                uip_icmp6_register_input_handler
                0x00000000000256d8                uip_icmp6_error_output
                0x0000000000025989                uip_icmp6_send
                0x0000000000025b80                uip_icmp6_echo_reply_callback_add
                0x0000000000025bb2                uip_icmp6_echo_reply_callback_rm
                0x0000000000025bcf                uip_icmp6_init
 .text          0x0000000000025bf8      0x146 build/cooja/mtype358.a(uip-packetqueue)
                0x0000000000025c26                uip_packetqueue_new
                0x0000000000025c35                uip_packetqueue_alloc
                0x0000000000025c90                uip_packetqueue_free
                0x0000000000025cd7                uip_packetqueue_buf
                0x0000000000025cf4                uip_packetqueue_buflen
                0x0000000000025d15                uip_packetqueue_set_buflen
 .text          0x0000000000025d3e      0x128 build/cooja/mtype358.a(uip-udp-packet.)
                0x0000000000025d3e                uip_udp_packet_send
                0x0000000000025d99                uip_udp_packet_sendto
 .text          0x0000000000025e66      0x1b0 build/cooja/mtype358.a(rpl-nbr-policy.)
                0x0000000000025fd3                rpl_nbr_policy_find_removable
 .text          0x0000000000026016      0x915 build/cooja/mtype358.a(rpl-neighbor.o)
                0x0000000000026092                rpl_neighbor_snprint
                0x0000000000026345                rpl_neighbor_print_list
                0x00000000000263fa                rpl_neighbor_count
                0x00000000000264a1                rpl_neighbor_get_from_lladdr
                0x00000000000264bd                rpl_neighbor_is_acceptable_parent
                0x00000000000264f1                rpl_neighbor_get_link_metric
                0x0000000000026525                rpl_neighbor_rank_via_nbr
                0x0000000000026559                rpl_neighbor_get_lladdr
                0x0000000000026575                rpl_neighbor_get_ipaddr
                0x000000000002659c                rpl_neighbor_get_link_stats
                0x00000000000265c3                rpl_neighbor_is_fresh
                0x00000000000265ea                rpl_neighbor_is_reachable
                0x0000000000026635                rpl_neighbor_is_parent
                0x000000000002665f                rpl_neighbor_set_preferred_parent
                0x00000000000266f6                rpl_neighbor_remove_all
                0x0000000000026752                rpl_neighbor_get_from_ipaddr
                0x0000000000026860                rpl_neighbor_select_best
                0x000000000002690c                rpl_neighbor_init
 .text          0x000000000002692b      0xe69 build/cooja/mtype358.a(rpl-dag.o)
                0x000000000002692b                rpl_dag_state_to_str
                0x000000000002696a                rpl_dag_get_root_ipaddr
                0x00000000000269b2                rpl_dag_leave
                0x0000000000026a3b                rpl_dag_poison_and_leave
                0x0000000000026a53                rpl_dag_periodic
                0x0000000000026adb                rpl_is_addr_in_our_dag
                0x0000000000026b1f                rpl_get_default_instance
                0x0000000000026b3b                rpl_get_any_dag
                0x0000000000026b94                rpl_refresh_routes
                0x0000000000026bd4                rpl_global_repair
                0x0000000000026c6d                rpl_local_repair
                0x0000000000026cb7                rpl_dag_ready_to_advertise
                0x0000000000026cfa                rpl_dag_update_state
                0x0000000000027427                rpl_process_dio
                0x00000000000274a5                rpl_process_dis
                0x00000000000274ea                rpl_process_dao
                0x0000000000027579                rpl_process_dao_ack
                0x0000000000027610                rpl_process_hbh
                0x0000000000027660                rpl_dag_init_root
                0x0000000000027774                rpl_dag_init
 .text          0x0000000000027794      0x9e7 build/cooja/mtype358.a(rpl-timers.o)
                0x0000000000027794                rpl_timers_schedule_periodic_dis
                0x00000000000278e2                rpl_timers_dio_reset
                0x00000000000279f0                rpl_timers_schedule_unicast_dio
                0x0000000000027b44                rpl_timers_schedule_dao
                0x0000000000027c03                rpl_timers_schedule_dao_ack
                0x0000000000027c89                rpl_timers_notify_dao_ack
                0x0000000000027ce7                get_probing_delay
                0x0000000000027d1b                get_probing_target
                0x0000000000027f05                rpl_schedule_probing
                0x0000000000027f33                rpl_schedule_probing_now
                0x0000000000027f9d                rpl_timers_unschedule_leaving
                0x0000000000027fd5                rpl_timers_schedule_leaving
                0x0000000000028016                rpl_timers_init
                0x00000000000280a6                rpl_timers_stop_dag_timers
                0x000000000002811f                rpl_timers_unschedule_state_update
                0x0000000000028143                rpl_timers_schedule_state_update
 .text          0x000000000002817b      0xb8e build/cooja/mtype358.a(rpl-ext-header.)
                0x000000000002817b                rpl_ext_header_srh_get_next_hop
                0x0000000000028262                rpl_ext_header_srh_update
                0x00000000000287ce                rpl_ext_header_hbh_update
                0x0000000000028ace                rpl_ext_header_update
                0x0000000000028b57                rpl_ext_header_remove
 .text          0x0000000000028d09      0x31b build/cooja/mtype358.a(rpl-mrhof.o)
 .text          0x0000000000029024      0x1d8 build/cooja/mtype358.a(border-router-e)
 .text          0x00000000000291fc        0x0 /usr/lib/gcc/i686-linux-gnu/5/crtendS.o
 .text          0x00000000000291fc        0x0 /usr/lib/gcc/i686-linux-gnu/5/../../../i386-linux-gnu/crtn.o
 *(.gnu.warning)

.fini           0x00000000000291fc       0x14
 *(SORT(.fini))
 .fini          0x00000000000291fc        0xf /usr/lib/gcc/i686-linux-gnu/5/../../../i386-linux-gnu/crti.o
                0x00000000000291fc                _fini
 .fini          0x000000000002920b        0x5 /usr/lib/gcc/i686-linux-gnu/5/../../../i386-linux-gnu/crtn.o
                [!provide]                        PROVIDE (__etext, .)
                [!provide]                        PROVIDE (_etext, .)
                [!provide]                        PROVIDE (etext, .)

.rodata         0x0000000000029220      0xa7e
 *(.rodata .rodata.* .gnu.linkonce.r.*)
 .rodata        0x0000000000029220       0x18 server.o
                0x000000000002922c                autostart_processes
 .rodata        0x0000000000029238        0x8 build/cooja/mtype358.a(beep.o)
                0x0000000000029238                beep_interface
 .rodata        0x0000000000029240        0xe build/cooja/mtype358.a(leds-arch.o)
                0x0000000000029240                leds_interface
                0x0000000000029248                leds_arch_leds
 *fill*         0x000000000002924e        0x2 
 .rodata        0x0000000000029250        0x8 build/cooja/mtype358.a(moteid.o)
                0x0000000000029250                moteid_interface
 .rodata        0x0000000000029258       0x1c build/cooja/mtype358.a(pir-sensor.o)
                0x0000000000029258                pir_interface
                0x0000000000029264                pir_sensor
 .rodata        0x0000000000029274        0xe build/cooja/mtype358.a(rs232.o)
                0x0000000000029274                rs232_interface
 *fill*         0x0000000000029282        0x2 
 .rodata        0x0000000000029284       0x24 build/cooja/mtype358.a(vib-sensor.o)
                0x0000000000029284                vib_interface
                0x0000000000029298                vib_sensor
 .rodata        0x00000000000292a8        0x8 build/cooja/mtype358.a(clock.o)
                0x00000000000292a8                clock_interface
 .rodata        0x00000000000292b0        0x8 build/cooja/mtype358.a(cooja-log.o)
                0x00000000000292b0                simlog_interface
 .rodata        0x00000000000292b8       0x2f build/cooja/mtype358.a(cfs-cooja.o)
                0x00000000000292b8                cfs_interface
 *fill*         0x00000000000292e7       0x19 
 .rodata        0x0000000000029300       0xb8 build/cooja/mtype358.a(cooja-radio.o)
                0x0000000000029300                radio_interface
                0x0000000000029380                cooja_radio_driver
 .rodata        0x00000000000293b8        0x8 build/cooja/mtype358.a(eeprom.o)
                0x00000000000293b8                eeprom_interface
 .rodata        0x00000000000293c0        0x8 build/cooja/mtype358.a(sensors.o)
 .rodata        0x00000000000293c8       0x2c build/cooja/mtype358.a(buttons.o)
                0x00000000000293c8                button_interface
                0x00000000000293dc                button_hal_button_count
                0x00000000000293e4                button_sensor
 .rodata        0x00000000000293f4       0xc3 build/cooja/mtype358.a(webserver.o)
 *fill*         0x00000000000294b7        0x1 
 .rodata        0x00000000000294b8       0xf8 build/cooja/mtype358.a(contiki-main.o)
 .rodata        0x00000000000295b0        0xf build/cooja/mtype358.a(ctimer.o)
 *fill*         0x00000000000295bf        0x1 
 .rodata        0x00000000000295c0       0xc4 build/cooja/mtype358.a(log.o)
 .rodata        0x0000000000029684        0xc build/cooja/mtype358.a(etimer.o)
 .rodata        0x0000000000029690       0x13 build/cooja/mtype358.a(button-hal.o)
 .rodata        0x00000000000296a3        0xe build/cooja/mtype358.a(serial-line.o)
 *fill*         0x00000000000296b1        0x3 
 .rodata        0x00000000000296b4        0x8 build/cooja/mtype358.a(linkaddr.o)
                0x00000000000296b4                linkaddr_null
 .rodata        0x00000000000296bc       0x24 build/cooja/mtype358.a(csma.o)
                0x00000000000296c4                csma_driver
 .rodata        0x00000000000296e0       0x2a build/cooja/mtype358.a(csma-output.o)
 .rodata        0x000000000002970a       0x44 build/cooja/mtype358.a(uip-sr.o)
 *fill*         0x000000000002974e        0x2 
 .rodata        0x0000000000029750       0x4d build/cooja/mtype358.a(uip-ds6-route.o)
 .rodata        0x000000000002979d        0xd build/cooja/mtype358.a(tcpip.o)
 *fill*         0x00000000000297aa        0x2 
 .rodata        0x00000000000297ac       0x48 build/cooja/mtype358.a(uip6.o)
 .rodata        0x00000000000297f4       0x13 build/cooja/mtype358.a(simple-udp.o)
 *fill*         0x0000000000029807        0x1 
 .rodata        0x0000000000029808       0x30 build/cooja/mtype358.a(sicslowpan.o)
                0x0000000000029808                unc_llconf
                0x000000000002980c                unc_ctxconf
                0x0000000000029810                unc_mxconf
                0x0000000000029814                llprefix
                0x0000000000029828                sicslowpan_driver
 .rodata        0x0000000000029838       0x2d build/cooja/mtype358.a(uiplib.o)
 *fill*         0x0000000000029865       0x1b 
 .rodata        0x0000000000029880       0x74 build/cooja/mtype358.a(rpl.o)
                0x00000000000298a0                rpl_lite_driver
 .rodata        0x00000000000298f4       0x1c build/cooja/mtype358.a(slip-bridge.o)
                0x0000000000029908                rpl_interface
 .rodata        0x0000000000029910        0xc build/cooja/mtype358.a(slip.o)
 *fill*         0x000000000002991c        0x4 
 .rodata        0x0000000000029920      0x154 build/cooja/mtype358.a(httpd-simple.o)
                0x000000000002997c                http_content_type_html
                0x00000000000299a0                http_header_200
                0x0000000000029a00                http_header_404
                0x0000000000029a60                http_get
                0x0000000000029a68                http_index_html
 .rodata        0x0000000000029a74       0x34 build/cooja/mtype358.a(rpl-border-rout)
 .rodata        0x0000000000029aa8       0x25 build/cooja/mtype358.a(assert.o)
 *fill*         0x0000000000029acd        0x3 
 .rodata        0x0000000000029ad0        0xc build/cooja/mtype358.a(framer-802154.o)
                0x0000000000029ad0                framer_802154
 .rodata        0x0000000000029adc       0x58 build/cooja/mtype358.a(rpl-neighbor.o)
 .rodata        0x0000000000029b34       0xdb build/cooja/mtype358.a(rpl-dag.o)
 .rodata        0x0000000000029c0f        0xc build/cooja/mtype358.a(rpl-timers.o)
 .rodata        0x0000000000029c1b       0x83 build/cooja/mtype358.a(border-router-e)

.rodata1
 *(.rodata1)

.eh_frame_hdr   0x0000000000029ca0     0x178c
 *(.eh_frame_hdr)
 .eh_frame_hdr  0x0000000000029ca0     0x178c server.o
                0x0000000000029ca0                __GNU_EH_FRAME_HDR
 *(.eh_frame_entry .eh_frame_entry.*)

.eh_frame       0x000000000002b42c     0x5f50
 *(.eh_frame)
 .eh_frame      0x000000000002b42c       0x3c /usr/lib/gcc/i686-linux-gnu/5/../../../i386-linux-gnu/crti.o
                                         0x40 (size before relaxing)
 .eh_frame      0x000000000002b468       0x40 server.o
                                         0x58 (size before relaxing)
 .eh_frame      0x000000000002b4a8      0x178 build/cooja/mtype358.o
                                        0x190 (size before relaxing)
 .eh_frame      0x000000000002b620       0x40 build/cooja/mtype358.a(simEnvChange.o)
                                         0x58 (size before relaxing)
 .eh_frame      0x000000000002b660       0x60 build/cooja/mtype358.a(cooja_mt.o)
                                         0x78 (size before relaxing)
 .eh_frame      0x000000000002b6c0       0x80 build/cooja/mtype358.a(cooja_mtarch.o)
                                         0x98 (size before relaxing)
 .eh_frame      0x000000000002b740       0xc8 build/cooja/mtype358.a(rtimer-arch.o)
                                         0xe0 (size before relaxing)
 .eh_frame      0x000000000002b808      0x160 build/cooja/mtype358.a(beep.o)
                                        0x178 (size before relaxing)
 .eh_frame      0x000000000002b968       0x80 build/cooja/mtype358.a(leds-arch.o)
                                         0x98 (size before relaxing)
 .eh_frame      0x000000000002b9e8       0x40 build/cooja/mtype358.a(moteid.o)
                                         0x58 (size before relaxing)
 .eh_frame      0x000000000002ba28       0xa0 build/cooja/mtype358.a(pir-sensor.o)
                                         0xb8 (size before relaxing)
 .eh_frame      0x000000000002bac8      0x100 build/cooja/mtype358.a(rs232.o)
                                        0x118 (size before relaxing)
 .eh_frame      0x000000000002bbc8       0xa0 build/cooja/mtype358.a(vib-sensor.o)
                                         0xb8 (size before relaxing)
 .eh_frame      0x000000000002bc68       0xc0 build/cooja/mtype358.a(clock.o)
                                         0xd8 (size before relaxing)
 .eh_frame      0x000000000002bd28      0x120 build/cooja/mtype358.a(cooja-log.o)
                                        0x138 (size before relaxing)
 .eh_frame      0x000000000002be48      0x160 build/cooja/mtype358.a(cfs-cooja.o)
                                        0x178 (size before relaxing)
 .eh_frame      0x000000000002bfa8      0x340 build/cooja/mtype358.a(cooja-radio.o)
                                        0x358 (size before relaxing)
 .eh_frame      0x000000000002c2e8       0xa0 build/cooja/mtype358.a(eeprom.o)
                                         0xb8 (size before relaxing)
 .eh_frame      0x000000000002c388       0x40 build/cooja/mtype358.a(random.o)
                                         0x58 (size before relaxing)
 .eh_frame      0x000000000002c3c8       0xc0 build/cooja/mtype358.a(sensors.o)
                                         0xd8 (size before relaxing)
 .eh_frame      0x000000000002c488      0x120 build/cooja/mtype358.a(leds.o)
                                        0x138 (size before relaxing)
 .eh_frame      0x000000000002c5a8      0x220 build/cooja/mtype358.a(gpio-hal-arch.o)
                                        0x238 (size before relaxing)
 .eh_frame      0x000000000002c7c8       0xa0 build/cooja/mtype358.a(buttons.o)
                                         0xb8 (size before relaxing)
 .eh_frame      0x000000000002c868       0x80 build/cooja/mtype358.a(webserver.o)
                                         0x98 (size before relaxing)
 .eh_frame      0x000000000002c8e8       0x30 build/cooja/mtype358.a(contiki-main.o)
                                         0x48 (size before relaxing)
 .eh_frame      0x000000000002c918       0x40 build/cooja/mtype358.a(autostart.o)
                                         0x58 (size before relaxing)
 .eh_frame      0x000000000002c958      0x100 build/cooja/mtype358.a(ctimer.o)
                                        0x118 (size before relaxing)
 .eh_frame      0x000000000002ca58      0x100 build/cooja/mtype358.a(log.o)
                                        0x118 (size before relaxing)
 .eh_frame      0x000000000002cb58       0x60 build/cooja/mtype358.a(energest.o)
                                         0x78 (size before relaxing)
 .eh_frame      0x000000000002cbb8      0x1e0 build/cooja/mtype358.a(etimer.o)
                                        0x1f8 (size before relaxing)
 .eh_frame      0x000000000002cd98       0x20 build/cooja/mtype358.a(node-id.o)
                                         0x38 (size before relaxing)
 .eh_frame      0x000000000002cdb8       0x60 build/cooja/mtype358.a(rtimer.o)
                                         0x78 (size before relaxing)
 .eh_frame      0x000000000002ce18      0x1c4 build/cooja/mtype358.a(process.o)
                                        0x1dc (size before relaxing)
 .eh_frame      0x000000000002cfdc       0xa4 build/cooja/mtype358.a(timer.o)
                                         0xbc (size before relaxing)
 .eh_frame      0x000000000002d080      0x1a0 build/cooja/mtype358.a(list.o)
                                        0x1b8 (size before relaxing)
 .eh_frame      0x000000000002d220      0x144 build/cooja/mtype358.a(button-hal.o)
                                        0x15c (size before relaxing)
 .eh_frame      0x000000000002d364       0x60 build/cooja/mtype358.a(serial-line.o)
                                         0x78 (size before relaxing)
 .eh_frame      0x000000000002d3c4       0xe0 build/cooja/mtype358.a(gpio-hal.o)
                                         0xf8 (size before relaxing)
 .eh_frame      0x000000000002d4a4      0x1a0 build/cooja/mtype358.a(queuebuf.o)
                                        0x1b8 (size before relaxing)
 .eh_frame      0x000000000002d644      0x28c build/cooja/mtype358.a(packetbuf.o)
                                        0x2a4 (size before relaxing)
 .eh_frame      0x000000000002d8d0       0x80 build/cooja/mtype358.a(netstack.o)
                                         0x98 (size before relaxing)
 .eh_frame      0x000000000002d950       0x60 build/cooja/mtype358.a(linkaddr.o)
                                         0x78 (size before relaxing)
 .eh_frame      0x000000000002d9b0       0xe0 build/cooja/mtype358.a(csma.o)
                                         0xf8 (size before relaxing)
 .eh_frame      0x000000000002da90      0x1d0 build/cooja/mtype358.a(csma-output.o)
                                        0x1e8 (size before relaxing)
 .eh_frame      0x000000000002dc60      0x184 build/cooja/mtype358.a(uip-sr.o)
                                        0x19c (size before relaxing)
 .eh_frame      0x000000000002dde4      0x328 build/cooja/mtype358.a(uip-ds6.o)
                                        0x340 (size before relaxing)
 .eh_frame      0x000000000002e10c      0x220 build/cooja/mtype358.a(uip-ds6-route.o)
                                        0x238 (size before relaxing)
 .eh_frame      0x000000000002e32c      0x18c build/cooja/mtype358.a(psock.o)
                                        0x1a4 (size before relaxing)
 .eh_frame      0x000000000002e4b8      0x308 build/cooja/mtype358.a(tcpip.o)
                                        0x320 (size before relaxing)
 .eh_frame      0x000000000002e7c0      0x2b4 build/cooja/mtype358.a(uip6.o)
                                        0x2cc (size before relaxing)
 .eh_frame      0x000000000002ea74      0x1c0 build/cooja/mtype358.a(uip-ds6-nbr.o)
                                        0x1d8 (size before relaxing)
 .eh_frame      0x000000000002ec34       0x84 build/cooja/mtype358.a(uip-nd6.o)
                                         0x9c (size before relaxing)
 .eh_frame      0x000000000002ecb8       0xd4 build/cooja/mtype358.a(simple-udp.o)
                                         0xec (size before relaxing)
 .eh_frame      0x000000000002ed8c      0x2f8 build/cooja/mtype358.a(sicslowpan.o)
                                        0x310 (size before relaxing)
 .eh_frame      0x000000000002f084       0x88 build/cooja/mtype358.a(uiplib.o)
                                         0xa0 (size before relaxing)
 .eh_frame      0x000000000002f10c      0x1e0 build/cooja/mtype358.a(rpl.o)
                                        0x1f8 (size before relaxing)
 .eh_frame      0x000000000002f2ec      0x1c4 build/cooja/mtype358.a(rpl-icmp6.o)
                                        0x1dc (size before relaxing)
 .eh_frame      0x000000000002f4b0       0xa0 build/cooja/mtype358.a(rpl-dag-root.o)
                                         0xb8 (size before relaxing)
 .eh_frame      0x000000000002f550       0x80 build/cooja/mtype358.a(slip-bridge.o)
                                         0x98 (size before relaxing)
 .eh_frame      0x000000000002f5d0       0xe0 build/cooja/mtype358.a(slip.o)
                                         0xf8 (size before relaxing)
 .eh_frame      0x000000000002f6b0       0xa0 build/cooja/mtype358.a(watchdog.o)
                                         0xb8 (size before relaxing)
 .eh_frame      0x000000000002f750       0x80 build/cooja/mtype358.a(int-master.o)
                                         0x98 (size before relaxing)
 .eh_frame      0x000000000002f7d0       0x20 build/cooja/mtype358.a(slip-arch.o)
                                         0x38 (size before relaxing)
 .eh_frame      0x000000000002f7f0       0xe0 build/cooja/mtype358.a(httpd-simple.o)
                                         0xf8 (size before relaxing)
 .eh_frame      0x000000000002f8d0       0x60 build/cooja/mtype358.a(rpl-border-rout)
                                         0x78 (size before relaxing)
 .eh_frame      0x000000000002f930       0xc4 build/cooja/mtype358.a(stimer.o)
                                         0xdc (size before relaxing)
 .eh_frame      0x000000000002f9f4       0xa0 build/cooja/mtype358.a(ringbuf.o)
                                         0xb8 (size before relaxing)
 .eh_frame      0x000000000002fa94       0xa0 build/cooja/mtype358.a(memb.o)
                                         0xb8 (size before relaxing)
 .eh_frame      0x000000000002fb34       0x20 build/cooja/mtype358.a(assert.o)
                                         0x38 (size before relaxing)
 .eh_frame      0x000000000002fb54      0x2ac build/cooja/mtype358.a(nbr-table.o)
                                        0x2c4 (size before relaxing)
 .eh_frame      0x000000000002fe00      0x120 build/cooja/mtype358.a(link-stats.o)
                                        0x138 (size before relaxing)
 .eh_frame      0x000000000002ff20       0x48 build/cooja/mtype358.a(mac-sequence.o)
                                         0x60 (size before relaxing)
 .eh_frame      0x000000000002ff68       0x20 build/cooja/mtype358.a(mac.o)
                                         0x38 (size before relaxing)
 .eh_frame      0x000000000002ff88       0xa4 build/cooja/mtype358.a(framer-802154.o)
                                         0xbc (size before relaxing)
 .eh_frame      0x000000000003002c      0x1a4 build/cooja/mtype358.a(frame802154.o)
                                        0x1bc (size before relaxing)
 .eh_frame      0x00000000000301d0       0x40 build/cooja/mtype358.a(csma-security.o)
                                         0x58 (size before relaxing)
 .eh_frame      0x0000000000030210      0x200 build/cooja/mtype358.a(uipbuf.o)
                                        0x218 (size before relaxing)
 .eh_frame      0x0000000000030410      0x150 build/cooja/mtype358.a(uip-icmp6.o)
                                        0x168 (size before relaxing)
 .eh_frame      0x0000000000030560       0xe0 build/cooja/mtype358.a(uip-packetqueue)
                                         0xf8 (size before relaxing)
 .eh_frame      0x0000000000030640       0x40 build/cooja/mtype358.a(uip-udp-packet.)
                                         0x58 (size before relaxing)
 .eh_frame      0x0000000000030680       0x80 build/cooja/mtype358.a(rpl-nbr-policy.)
                                         0x98 (size before relaxing)
 .eh_frame      0x0000000000030700      0x2d4 build/cooja/mtype358.a(rpl-neighbor.o)
                                        0x2ec (size before relaxing)
 .eh_frame      0x00000000000309d4      0x370 build/cooja/mtype358.a(rpl-dag.o)
                                        0x388 (size before relaxing)
 .eh_frame      0x0000000000030d44      0x3a8 build/cooja/mtype358.a(rpl-timers.o)
                                        0x3c0 (size before relaxing)
 .eh_frame      0x00000000000310ec      0x124 build/cooja/mtype358.a(rpl-ext-header.)
                                        0x13c (size before relaxing)
 .eh_frame      0x0000000000031210      0x148 build/cooja/mtype358.a(rpl-mrhof.o)
                                        0x160 (size before relaxing)
 .eh_frame      0x0000000000031358       0x20 build/cooja/mtype358.a(border-router-e)
                                         0x38 (size before relaxing)
 .eh_frame      0x0000000000031378        0x4 /usr/lib/gcc/i686-linux-gnu/5/crtendS.o
 *(.eh_frame.*)

.gcc_except_table
 *(.gcc_except_table .gcc_except_table.*)

.gnu_extab
 *(.gnu_extab*)

.exception_ranges
 *(.exception_ranges .exception_ranges*)
                0x0000000000032f10                . = DATA_SEGMENT_ALIGN (0x1000, 0x1000)

.eh_frame
 *(.eh_frame)
 *(.eh_frame.*)

.gnu_extab
 *(.gnu_extab)

.gcc_except_table
 *(.gcc_except_table .gcc_except_table.*)

.exception_ranges
 *(.exception_ranges .exception_ranges*)

.tdata
 *(.tdata .tdata.* .gnu.linkonce.td.*)

.tbss
 *(.tbss .tbss.* .gnu.linkonce.tb.*)
 *(.tcommon)

.preinit_array
 *(.preinit_array)

.init_array     0x0000000000032f10        0x4
 *(SORT(.init_array.*) SORT(.ctors.*))
 *(.init_array EXCLUDE_FILE(*crtend?.o *crtend.o *crtbegin?.o *crtbegin.o) .ctors)
 .init_array    0x0000000000032f10        0x4 /usr/lib/gcc/i686-linux-gnu/5/crtbeginS.o

.fini_array     0x0000000000032f14        0x4
 *(SORT(.fini_array.*) SORT(.dtors.*))
 *(.fini_array EXCLUDE_FILE(*crtend?.o *crtend.o *crtbegin?.o *crtbegin.o) .dtors)
 .fini_array    0x0000000000032f14        0x4 /usr/lib/gcc/i686-linux-gnu/5/crtbeginS.o

.ctors
 *crtbegin.o(.ctors)
 *crtbegin?.o(.ctors)
 *(EXCLUDE_FILE(*crtend?.o *crtend.o) .ctors)
 *(SORT(.ctors.*))
 *(.ctors)

.dtors
 *crtbegin.o(.dtors)
 *crtbegin?.o(.dtors)
 *(EXCLUDE_FILE(*crtend?.o *crtend.o) .dtors)
 *(SORT(.dtors.*))
 *(.dtors)

.jcr            0x0000000000032f18        0x4
 *(.jcr)
 .jcr           0x0000000000032f18        0x0 /usr/lib/gcc/i686-linux-gnu/5/crtbeginS.o
 .jcr           0x0000000000032f18        0x4 /usr/lib/gcc/i686-linux-gnu/5/crtendS.o

.data.rel.ro
 *(.data.rel.ro.local* .gnu.linkonce.d.rel.ro.local.*)
 *(.data.rel.ro .data.rel.ro.* .gnu.linkonce.d.rel.ro.*)

.dynamic        0x0000000000032f1c       0xd0
 *(.dynamic)
 .dynamic       0x0000000000032f1c       0xd0 /usr/lib/gcc/i686-linux-gnu/5/../../../i386-linux-gnu/crti.o
                0x0000000000032f1c                _DYNAMIC

.got            0x0000000000032fec       0x14
 *(.got)
 .got           0x0000000000032fec       0x14 /usr/lib/gcc/i686-linux-gnu/5/../../../i386-linux-gnu/crti.o
 *(.igot)
                0x0000000000033ff4                . = DATA_SEGMENT_RELRO_END (., (SIZEOF (.got.plt) >= 0xc)?0xc:0x0)

.got.plt        0x0000000000033000        0xc
 *(.got.plt)
 .got.plt       0x0000000000033000        0xc /usr/lib/gcc/i686-linux-gnu/5/../../../i386-linux-gnu/crti.o
                0x0000000000033000                _GLOBAL_OFFSET_TABLE_
 *(.igot.plt)

.data           0x0000000000033020      0x3f4
 *(.data .data.* .gnu.linkonce.d.*)
 .data          0x0000000000033020        0x0 /usr/lib/gcc/i686-linux-gnu/5/../../../i386-linux-gnu/crti.o
 .data          0x0000000000033020        0x0 /usr/lib/gcc/i686-linux-gnu/5/crtbeginS.o
 .data.rel.local
                0x0000000000033020        0x4 /usr/lib/gcc/i686-linux-gnu/5/crtbeginS.o
                0x0000000000033020                __dso_handle
 .data          0x0000000000033024       0x10 server.o
                0x0000000000033024                udp_server_process
 *fill*         0x0000000000033034        0xc 
 .data          0x0000000000033040       0x44 build/cooja/mtype358.o
                0x0000000000033040                simInterfaces
                0x0000000000033074                sensors
 .data          0x0000000000033084        0x0 build/cooja/mtype358.a(simEnvChange.o)
 .data          0x0000000000033084        0x0 build/cooja/mtype358.a(cooja_mt.o)
 .data          0x0000000000033084        0x0 build/cooja/mtype358.a(cooja_mtarch.o)
 .data          0x0000000000033084        0x0 build/cooja/mtype358.a(rtimer-arch.o)
 .data          0x0000000000033084        0x0 build/cooja/mtype358.a(beep.o)
 .data          0x0000000000033084        0x0 build/cooja/mtype358.a(leds-arch.o)
 .data          0x0000000000033084        0x0 build/cooja/mtype358.a(moteid.o)
 .data          0x0000000000033084        0x0 build/cooja/mtype358.a(pir-sensor.o)
 .data          0x0000000000033084        0x0 build/cooja/mtype358.a(rs232.o)
 .data          0x0000000000033084        0x0 build/cooja/mtype358.a(vib-sensor.o)
 .data          0x0000000000033084        0x0 build/cooja/mtype358.a(clock.o)
 .data          0x0000000000033084        0x0 build/cooja/mtype358.a(cooja-log.o)
 .data          0x0000000000033084        0x0 build/cooja/mtype358.a(cfs-cooja.o)
 .data          0x0000000000033084       0x2c build/cooja/mtype358.a(cooja-radio.o)
                0x0000000000033084                simRadioHWOn
                0x0000000000033088                simSignalStrength
                0x000000000003308c                simLastSignalStrength
                0x0000000000033090                simPower
                0x0000000000033094                simRadioChannel
                0x0000000000033098                simLQI
                0x00000000000330a0                cooja_radio_process
 .data          0x00000000000330b0        0x0 build/cooja/mtype358.a(eeprom.o)
 .data          0x00000000000330b0        0x0 build/cooja/mtype358.a(random.o)
 .data          0x00000000000330b0       0x10 build/cooja/mtype358.a(sensors.o)
                0x00000000000330b0                sensors_process
 .data          0x00000000000330c0        0x0 build/cooja/mtype358.a(leds.o)
 .data          0x00000000000330c0        0x0 build/cooja/mtype358.a(gpio-hal-arch.o)
 .data          0x00000000000330c0       0x78 build/cooja/mtype358.a(buttons.o)
                0x00000000000330c0                simButtonIsActive
                0x0000000000033130                button_hal_buttons
 .data          0x0000000000033138       0x18 build/cooja/mtype358.a(webserver.o)
                0x0000000000033140                webserver_nogui_process
 .data          0x0000000000033150        0x0 build/cooja/mtype358.a(contiki-main.o)
 .data          0x0000000000033150        0x0 build/cooja/mtype358.a(autostart.o)
 .data          0x0000000000033150       0x14 build/cooja/mtype358.a(ctimer.o)
                0x0000000000033154                ctimer_process
 *fill*         0x0000000000033164       0x1c 
 .data          0x0000000000033180       0xbc build/cooja/mtype358.a(log.o)
                0x0000000000033180                curr_log_level_main
                0x00000000000331a0                all_modules
 .data          0x000000000003323c        0x0 build/cooja/mtype358.a(energest.o)
 .data          0x000000000003323c       0x10 build/cooja/mtype358.a(etimer.o)
                0x000000000003323c                etimer_process
 .data          0x000000000003324c        0x0 build/cooja/mtype358.a(node-id.o)
 .data          0x000000000003324c        0x0 build/cooja/mtype358.a(rtimer.o)
 .data          0x000000000003324c        0x0 build/cooja/mtype358.a(process.o)
 .data          0x000000000003324c        0x0 build/cooja/mtype358.a(timer.o)
 .data          0x000000000003324c        0x0 build/cooja/mtype358.a(list.o)
 .data          0x000000000003324c       0x10 build/cooja/mtype358.a(button-hal.o)
                0x000000000003324c                button_hal_process
 .data          0x000000000003325c       0x10 build/cooja/mtype358.a(serial-line.o)
                0x000000000003325c                serial_line_process
 .data          0x000000000003326c        0x4 build/cooja/mtype358.a(gpio-hal.o)
 .data          0x0000000000033270       0x18 build/cooja/mtype358.a(queuebuf.o)
 .data          0x0000000000033288        0x4 build/cooja/mtype358.a(packetbuf.o)
 .data          0x000000000003328c        0x4 build/cooja/mtype358.a(netstack.o)
 .data          0x0000000000033290        0x0 build/cooja/mtype358.a(linkaddr.o)
 .data          0x0000000000033290        0x0 build/cooja/mtype358.a(csma.o)
 .data          0x0000000000033290       0x28 build/cooja/mtype358.a(csma-output.o)
 .data          0x00000000000332b8       0x10 build/cooja/mtype358.a(uip-sr.o)
 .data          0x00000000000332c8        0x0 build/cooja/mtype358.a(uip-ds6.o)
 .data          0x00000000000332c8       0x10 build/cooja/mtype358.a(uip-ds6-route.o)
 .data          0x00000000000332d8        0x0 build/cooja/mtype358.a(psock.o)
 .data          0x00000000000332d8       0x10 build/cooja/mtype358.a(tcpip.o)
                0x00000000000332d8                tcpip_process
 .data          0x00000000000332e8        0x0 build/cooja/mtype358.a(uip6.o)
 .data          0x00000000000332e8       0x14 build/cooja/mtype358.a(uip-ds6-nbr.o)
 .data          0x00000000000332fc        0xc build/cooja/mtype358.a(uip-nd6.o)
 .data          0x0000000000033308       0x10 build/cooja/mtype358.a(simple-udp.o)
                0x0000000000033308                simple_udp_process
 .data          0x0000000000033318        0x0 build/cooja/mtype358.a(sicslowpan.o)
 .data          0x0000000000033318        0x0 build/cooja/mtype358.a(uiplib.o)
 .data          0x0000000000033318        0x0 build/cooja/mtype358.a(rpl.o)
 .data          0x0000000000033318       0x30 build/cooja/mtype358.a(rpl-icmp6.o)
 .data          0x0000000000033348        0x0 build/cooja/mtype358.a(rpl-dag-root.o)
 .data          0x0000000000033348        0x0 build/cooja/mtype358.a(slip-bridge.o)
 .data          0x0000000000033348       0x10 build/cooja/mtype358.a(slip.o)
                0x0000000000033348                slip_process
 .data          0x0000000000033358        0x0 build/cooja/mtype358.a(watchdog.o)
 .data          0x0000000000033358        0x0 build/cooja/mtype358.a(int-master.o)
 .data          0x0000000000033358        0x0 build/cooja/mtype358.a(slip-arch.o)
 .data          0x0000000000033358       0x10 build/cooja/mtype358.a(httpd-simple.o)
 .data          0x0000000000033368        0x0 build/cooja/mtype358.a(rpl-border-rout)
 .data          0x0000000000033368        0x0 build/cooja/mtype358.a(stimer.o)
 .data          0x0000000000033368        0x0 build/cooja/mtype358.a(ringbuf.o)
 .data          0x0000000000033368        0x0 build/cooja/mtype358.a(memb.o)
 .data          0x0000000000033368        0x0 build/cooja/mtype358.a(assert.o)
 .data          0x0000000000033368       0x10 build/cooja/mtype358.a(nbr-table.o)
 .data          0x0000000000033378       0x14 build/cooja/mtype358.a(link-stats.o)
 .data          0x000000000003338c        0x0 build/cooja/mtype358.a(mac-sequence.o)
 .data          0x000000000003338c        0x0 build/cooja/mtype358.a(mac.o)
 .data          0x000000000003338c        0x0 build/cooja/mtype358.a(framer-802154.o)
 .data          0x000000000003338c        0x2 build/cooja/mtype358.a(frame802154.o)
 .data          0x000000000003338e        0x0 build/cooja/mtype358.a(csma-security.o)
 .data          0x000000000003338e        0x0 build/cooja/mtype358.a(uipbuf.o)
 *fill*         0x000000000003338e        0x2 
 .data          0x0000000000033390       0x20 build/cooja/mtype358.a(uip-icmp6.o)
 .data          0x00000000000333b0        0xc build/cooja/mtype358.a(uip-packetqueue)
 .data          0x00000000000333bc        0x0 build/cooja/mtype358.a(uip-udp-packet.)
 .data          0x00000000000333bc        0x0 build/cooja/mtype358.a(rpl-nbr-policy.)
 .data          0x00000000000333bc       0x14 build/cooja/mtype358.a(rpl-neighbor.o)
                0x00000000000333cc                rpl_neighbors
 .data          0x00000000000333d0        0x0 build/cooja/mtype358.a(rpl-dag.o)
 .data          0x00000000000333d0        0x0 build/cooja/mtype358.a(rpl-timers.o)
 .data          0x00000000000333d0        0x0 build/cooja/mtype358.a(rpl-ext-header.)
 *fill*         0x00000000000333d0       0x10 
 .data          0x00000000000333e0       0x24 build/cooja/mtype358.a(rpl-mrhof.o)
                0x00000000000333e0                rpl_mrhof
 .data          0x0000000000033404       0x10 build/cooja/mtype358.a(border-router-e)
                0x0000000000033404                border_router_process
 .data          0x0000000000033414        0x0 /usr/lib/gcc/i686-linux-gnu/5/crtendS.o
 .data          0x0000000000033414        0x0 /usr/lib/gcc/i686-linux-gnu/5/../../../i386-linux-gnu/crtn.o

.tm_clone_table
                0x0000000000033414        0x0
 .tm_clone_table
                0x0000000000033414        0x0 /usr/lib/gcc/i686-linux-gnu/5/crtbeginS.o
 .tm_clone_table
                0x0000000000033414        0x0 /usr/lib/gcc/i686-linux-gnu/5/crtendS.o

.data1
 *(.data1)
                0x0000000000033414                _edata = .
                [!provide]                        PROVIDE (edata, .)
                0x0000000000033414                . = .
                0x0000000000033414                __bss_start = .

.bss            0x0000000000033420    0x14784
 *(.dynbss)
 .dynbss        0x0000000000033420        0x0 /usr/lib/gcc/i686-linux-gnu/5/../../../i386-linux-gnu/crti.o
 *(.bss .bss.* .gnu.linkonce.b.*)
 .bss           0x0000000000033420        0x0 /usr/lib/gcc/i686-linux-gnu/5/../../../i386-linux-gnu/crti.o
 .bss           0x0000000000033420        0x1 /usr/lib/gcc/i686-linux-gnu/5/crtbeginS.o
 *fill*         0x0000000000033421       0x1f 
 .bss           0x0000000000033440       0x24 server.o
 *fill*         0x0000000000033464       0x1c 
 .bss           0x0000000000033480     0x2030 build/cooja/mtype358.o
 .bss           0x00000000000354b0        0x1 build/cooja/mtype358.a(simEnvChange.o)
                0x00000000000354b0                simDontFallAsleep
 *fill*         0x00000000000354b1        0x3 
 .bss           0x00000000000354b4        0x4 build/cooja/mtype358.a(cooja_mt.o)
 .bss           0x00000000000354b8        0x4 build/cooja/mtype358.a(cooja_mtarch.o)
 .bss           0x00000000000354bc        0x0 build/cooja/mtype358.a(rtimer-arch.o)
 .bss           0x00000000000354bc        0x0 build/cooja/mtype358.a(beep.o)
 .bss           0x00000000000354bc        0x1 build/cooja/mtype358.a(leds-arch.o)
                0x00000000000354bc                simLedsValue
 .bss           0x00000000000354bd        0x0 build/cooja/mtype358.a(moteid.o)
 .bss           0x00000000000354bd        0x1 build/cooja/mtype358.a(pir-sensor.o)
                0x00000000000354bd                simPirValue
 *fill*         0x00000000000354be        0x2 
 .bss           0x00000000000354c0        0x4 build/cooja/mtype358.a(rs232.o)
 .bss           0x00000000000354c4        0x1 build/cooja/mtype358.a(vib-sensor.o)
                0x00000000000354c4                simVibValue
 .bss           0x00000000000354c5        0x0 build/cooja/mtype358.a(clock.o)
 *fill*         0x00000000000354c5       0x1b 
 .bss           0x00000000000354e0     0x2020 build/cooja/mtype358.a(cooja-log.o)
 .bss           0x0000000000037500      0xfc0 build/cooja/mtype358.a(cfs-cooja.o)
                0x0000000000037500                simCFSData
                0x00000000000384a0                simCFSSize
                0x00000000000384a4                simCFSChanged
                0x00000000000384a8                simCFSRead
                0x00000000000384ac                simCFSWritten
 .bss           0x00000000000384c0       0x24 build/cooja/mtype358.a(cooja-radio.o)
                0x00000000000384c0                simReceiving
                0x00000000000384c4                simInSize
                0x00000000000384c8                simLastPacketTimestamp
                0x00000000000384d0                simOutSize
 .bss           0x00000000000384e4        0xc build/cooja/mtype358.a(eeprom.o)
                0x00000000000384e4                simEEPROMChanged
                0x00000000000384e8                simEEPROMRead
                0x00000000000384ec                simEEPROMWritten
 .bss           0x00000000000384f0        0x0 build/cooja/mtype358.a(random.o)
 .bss           0x00000000000384f0        0xc build/cooja/mtype358.a(sensors.o)
 .bss           0x00000000000384fc        0x0 build/cooja/mtype358.a(leds.o)
 .bss           0x00000000000384fc       0x24 build/cooja/mtype358.a(gpio-hal-arch.o)
 .bss           0x0000000000038520        0x0 build/cooja/mtype358.a(buttons.o)
 .bss           0x0000000000038520      0x10c build/cooja/mtype358.a(webserver.o)
 .bss           0x000000000003862c        0x0 build/cooja/mtype358.a(contiki-main.o)
 .bss           0x000000000003862c        0x0 build/cooja/mtype358.a(autostart.o)
 .bss           0x000000000003862c        0x5 build/cooja/mtype358.a(ctimer.o)
 *fill*         0x0000000000038631        0x3 
 .bss           0x0000000000038634       0x2c build/cooja/mtype358.a(log.o)
                0x0000000000038634                curr_log_level_rpl
                0x0000000000038638                curr_log_level_tcpip
                0x000000000003863c                curr_log_level_ipv6
                0x0000000000038640                curr_log_level_6lowpan
                0x0000000000038644                curr_log_level_nullnet
                0x0000000000038648                curr_log_level_mac
                0x000000000003864c                curr_log_level_framer
                0x0000000000038650                curr_log_level_6top
                0x0000000000038654                curr_log_level_coap
                0x0000000000038658                curr_log_level_snmp
                0x000000000003865c                curr_log_level_lwm2m
 .bss           0x0000000000038660        0x0 build/cooja/mtype358.a(energest.o)
 .bss           0x0000000000038660        0x8 build/cooja/mtype358.a(etimer.o)
 .bss           0x0000000000038668        0x2 build/cooja/mtype358.a(node-id.o)
                0x0000000000038668                node_id
 *fill*         0x000000000003866a        0x2 
 .bss           0x000000000003866c        0x4 build/cooja/mtype358.a(rtimer.o)
 *fill*         0x0000000000038670       0x10 
 .bss           0x0000000000038680      0x1a1 build/cooja/mtype358.a(process.o)
                0x0000000000038680                process_list
                0x0000000000038684                process_current
 .bss           0x0000000000038821        0x0 build/cooja/mtype358.a(timer.o)
 .bss           0x0000000000038821        0x0 build/cooja/mtype358.a(list.o)
 *fill*         0x0000000000038821        0x3 
 .bss           0x0000000000038824       0x10 build/cooja/mtype358.a(button-hal.o)
 *fill*         0x0000000000038834        0xc 
 .bss           0x0000000000038840      0x140 build/cooja/mtype358.a(serial-line.o)
 .bss           0x0000000000038980        0x4 build/cooja/mtype358.a(gpio-hal.o)
 *fill*         0x0000000000038984       0x1c 
 .bss           0x00000000000389a0     0x2c80 build/cooja/mtype358.a(queuebuf.o)
 .bss           0x000000000003b620       0xa0 build/cooja/mtype358.a(packetbuf.o)
 .bss           0x000000000003b6c0        0x4 build/cooja/mtype358.a(netstack.o)
 .bss           0x000000000003b6c4        0x0 build/cooja/mtype358.a(linkaddr.o)
 .bss           0x000000000003b6c4        0x0 build/cooja/mtype358.a(csma.o)
 *fill*         0x000000000003b6c4       0x1c 
 .bss           0x000000000003b6e0      0x726 build/cooja/mtype358.a(csma-output.o)
 *fill*         0x000000000003be06       0x1a 
 .bss           0x000000000003be20     0x1d80 build/cooja/mtype358.a(uip-sr.o)
 .bss           0x000000000003dba0       0x30 build/cooja/mtype358.a(uip-ds6.o)
 *fill*         0x000000000003dbd0       0x10 
 .bss           0x000000000003dbe0       0x60 build/cooja/mtype358.a(uip-ds6-route.o)
 .bss           0x000000000003dc40        0x0 build/cooja/mtype358.a(psock.o)
 .bss           0x000000000003dc40       0xc4 build/cooja/mtype358.a(tcpip.o)
 .bss           0x000000000003dd04        0xc build/cooja/mtype358.a(uip6.o)
                0x000000000003dd04                uip_ext_bitmap
                0x000000000003dd06                uip_ext_len
                0x000000000003dd08                uip_last_proto
 *fill*         0x000000000003dd10       0x10 
 .bss           0x000000000003dd20     0x1c20 build/cooja/mtype358.a(uip-ds6-nbr.o)
 .bss           0x000000000003f940       0x10 build/cooja/mtype358.a(uip-nd6.o)
 *fill*         0x000000000003f950       0x10 
 .bss           0x000000000003f960      0x520 build/cooja/mtype358.a(simple-udp.o)
 .bss           0x000000000003fe80      0x724 build/cooja/mtype358.a(sicslowpan.o)
 .bss           0x00000000000405a4        0x0 build/cooja/mtype358.a(uiplib.o)
 .bss           0x00000000000405a4        0x1 build/cooja/mtype358.a(rpl.o)
 .bss           0x00000000000405a5        0x0 build/cooja/mtype358.a(rpl-icmp6.o)
 *fill*         0x00000000000405a5        0x3 
 .bss           0x00000000000405a8       0x11 build/cooja/mtype358.a(rpl-dag-root.o)
 *fill*         0x00000000000405b9        0x3 
 .bss           0x00000000000405bc       0x10 build/cooja/mtype358.a(slip-bridge.o)
 *fill*         0x00000000000405cc       0x14 
 .bss           0x00000000000405e0      0x538 build/cooja/mtype358.a(slip.o)
 .bss           0x0000000000040b18        0x0 build/cooja/mtype358.a(watchdog.o)
 .bss           0x0000000000040b18        0x4 build/cooja/mtype358.a(int-master.o)
 .bss           0x0000000000040b1c        0x0 build/cooja/mtype358.a(slip-arch.o)
 *fill*         0x0000000000040b1c        0x4 
 .bss           0x0000000000040b20      0x110 build/cooja/mtype358.a(httpd-simple.o)
 .bss           0x0000000000040c30        0x0 build/cooja/mtype358.a(rpl-border-rout)
 .bss           0x0000000000040c30        0x0 build/cooja/mtype358.a(stimer.o)
 .bss           0x0000000000040c30        0x0 build/cooja/mtype358.a(ringbuf.o)
 .bss           0x0000000000040c30        0x0 build/cooja/mtype358.a(memb.o)
 .bss           0x0000000000040c30        0x0 build/cooja/mtype358.a(assert.o)
 *fill*         0x0000000000040c30       0x10 
 .bss           0x0000000000040c40     0x1214 build/cooja/mtype358.a(nbr-table.o)
 *fill*         0x0000000000041e54        0xc 
 .bss           0x0000000000041e60      0xe10 build/cooja/mtype358.a(link-stats.o)
 *fill*         0x0000000000042c70       0x10 
 .bss           0x0000000000042c80      0x100 build/cooja/mtype358.a(mac-sequence.o)
 .bss           0x0000000000042d80        0x0 build/cooja/mtype358.a(mac.o)
 .bss           0x0000000000042d80        0x2 build/cooja/mtype358.a(framer-802154.o)
 .bss           0x0000000000042d82        0x0 build/cooja/mtype358.a(frame802154.o)
 .bss           0x0000000000042d82        0x0 build/cooja/mtype358.a(csma-security.o)
 *fill*         0x0000000000042d82        0x2 
 .bss           0x0000000000042d84       0x18 build/cooja/mtype358.a(uipbuf.o)
 .bss           0x0000000000042d9c       0x18 build/cooja/mtype358.a(uip-icmp6.o)
 *fill*         0x0000000000042db4        0xc 
 .bss           0x0000000000042dc0      0xa78 build/cooja/mtype358.a(uip-packetqueue)
 .bss           0x0000000000043838        0x0 build/cooja/mtype358.a(uip-udp-packet.)
 .bss           0x0000000000043838        0xe build/cooja/mtype358.a(rpl-nbr-policy.)
 *fill*         0x0000000000043846       0x1a 
 .bss           0x0000000000043860      0x960 build/cooja/mtype358.a(rpl-neighbor.o)
 .bss           0x00000000000441c0        0x0 build/cooja/mtype358.a(rpl-dag.o)
 .bss           0x00000000000441c0       0x40 build/cooja/mtype358.a(rpl-timers.o)
 .bss           0x0000000000044200        0x0 build/cooja/mtype358.a(rpl-ext-header.)
 .bss           0x0000000000044200        0x0 build/cooja/mtype358.a(rpl-mrhof.o)
 .bss           0x0000000000044200       0x10 build/cooja/mtype358.a(border-router-e)
 .bss           0x0000000000044210        0x0 /usr/lib/gcc/i686-linux-gnu/5/crtendS.o
 .bss           0x0000000000044210        0x0 /usr/lib/gcc/i686-linux-gnu/5/../../../i386-linux-gnu/crtn.o
 *(COMMON)
 COMMON         0x0000000000044210        0x8 build/cooja/mtype358.o
                0x0000000000044210                referenceVar
                0x0000000000044214                sensors_flags
 COMMON         0x0000000000044218        0xc build/cooja/mtype358.a(simEnvChange.o)
                0x0000000000044218                simEtimerPending
                0x000000000004421c                simProcessRunValue
                0x0000000000044220                simEtimerNextExpirationTime
 *fill*         0x0000000000044224        0x4 
 COMMON         0x0000000000044228       0x18 build/cooja/mtype358.a(rtimer-arch.o)
                0x0000000000044228                simRtimerPending
                0x0000000000044230                simRtimerCurrentTicks
                0x0000000000044238                simRtimerNextExpirationTime
 COMMON         0x0000000000044240        0x1 build/cooja/mtype358.a(beep.o)
                0x0000000000044240                simBeeped
 *fill*         0x0000000000044241        0x3 
 COMMON         0x0000000000044244        0xc build/cooja/mtype358.a(moteid.o)
                0x0000000000044244                simRandomSeed
                0x0000000000044248                simMoteIDChanged
                0x000000000004424c                simMoteID
 COMMON         0x0000000000044250        0x2 build/cooja/mtype358.a(pir-sensor.o)
                0x0000000000044250                simPirIsActive
                0x0000000000044251                simPirChanged
 *fill*         0x0000000000044252        0xe 
 COMMON         0x0000000000044260      0x820 build/cooja/mtype358.a(rs232.o)
                0x0000000000044260                simSerialReceivingFlag
                0x0000000000044264                simSerialReceivingLength
                0x0000000000044280                simSerialReceivingData
 COMMON         0x0000000000044a80        0x2 build/cooja/mtype358.a(vib-sensor.o)
                0x0000000000044a80                simVibChanged
                0x0000000000044a81                simVibIsActive
 *fill*         0x0000000000044a82        0x2 
 COMMON         0x0000000000044a84        0x4 build/cooja/mtype358.a(clock.o)
                0x0000000000044a84                simCurrentTime
 *fill*         0x0000000000044a88       0x18 
 COMMON         0x0000000000044aa0     0x2020 build/cooja/mtype358.a(cooja-log.o)
                0x0000000000044aa0                simLoggedLength
                0x0000000000044aa4                simLoggedFlag
                0x0000000000044ac0                simLoggedData
 COMMON         0x0000000000046ac0       0xfd build/cooja/mtype358.a(cooja-radio.o)
                0x0000000000046ac0                simOutDataBuffer