Archive member included to satisfy reference by file (symbol)

build/cooja/mtype594.a(simEnvChange.o)
                              build/cooja/mtype594.o (simDontFallAsleep)
build/cooja/mtype594.a(cooja_mt.o)
                              build/cooja/mtype594.o (cooja_mt_start)
build/cooja/mtype594.a(cooja_mtarch.o)
                              build/cooja/mtype594.a(cooja_mt.o) (cooja_mtarch_start)
build/cooja/mtype594.a(rtimer-arch.o)
                              build/cooja/mtype594.o (rtimer_arch_check)
build/cooja/mtype594.a(beep.o)
                              build/cooja/mtype594.o (beep_interface)
build/cooja/mtype594.a(leds-arch.o)
                              build/cooja/mtype594.o (leds_interface)
build/cooja/mtype594.a(moteid.o)
                              build/cooja/mtype594.o (moteid_interface)
build/cooja/mtype594.a(pir-sensor.o)
                              build/cooja/mtype594.o (pir_interface)
build/cooja/mtype594.a(rs232.o)
                              build/cooja/mtype594.o (rs232_interface)
build/cooja/mtype594.a(vib-sensor.o)
                              build/cooja/mtype594.o (vib_interface)
build/cooja/mtype594.a(clock.o)
                              build/cooja/mtype594.o (clock_interface)
build/cooja/mtype594.a(cooja-log.o)
                              build/cooja/mtype594.o (simlog_interface)
build/cooja/mtype594.a(cfs-cooja.o)
                              build/cooja/mtype594.o (cfs_interface)
build/cooja/mtype594.a(cooja-radio.o)
                              build/cooja/mtype594.o (radio_interface)
build/cooja/mtype594.a(eeprom.o)
                              build/cooja/mtype594.o (eeprom_interface)
build/cooja/mtype594.a(random.o)
                              build/cooja/mtype594.a(moteid.o) (random_init)
build/cooja/mtype594.a(sensors.o)
                              build/cooja/mtype594.a(pir-sensor.o) (sensors_changed)
build/cooja/mtype594.a(leds.o)
                              build/cooja/mtype594.a(leds-arch.o) (leds_get)
build/cooja/mtype594.a(gpio-hal-arch.o)
                              build/cooja/mtype594.a(leds-arch.o) (gpio_hal_arch_register_pin_callback)
build/cooja/mtype594.a(buttons.o)
                              build/cooja/mtype594.o (button_interface)
build/cooja/mtype594.a(webserver.o)
                              server.o (webserver_nogui_process)
build/cooja/mtype594.a(contiki-main.o)
                              build/cooja/mtype594.o (main)
build/cooja/mtype594.a(autostart.o)
                              build/cooja/mtype594.a(contiki-main.o) (autostart_start)
build/cooja/mtype594.a(ctimer.o)
                              build/cooja/mtype594.a(contiki-main.o) (ctimer_init)
build/cooja/mtype594.a(log.o)
                              build/cooja/mtype594.a(contiki-main.o) (curr_log_level_main)
build/cooja/mtype594.a(energest.o)
                              build/cooja/mtype594.a(contiki-main.o) (energest_init)
build/cooja/mtype594.a(etimer.o)
                              build/cooja/mtype594.a(contiki-main.o) (etimer_process)
build/cooja/mtype594.a(node-id.o)
                              build/cooja/mtype594.a(contiki-main.o) (node_id)
build/cooja/mtype594.a(rtimer.o)
                              build/cooja/mtype594.a(contiki-main.o) (rtimer_init)
build/cooja/mtype594.a(process.o)
                              build/cooja/mtype594.a(ctimer.o) (process_current)
build/cooja/mtype594.a(timer.o)
                              build/cooja/mtype594.a(etimer.o) (timer_set)
build/cooja/mtype594.a(list.o)
                              build/cooja/mtype594.a(ctimer.o) (list_init)
build/cooja/mtype594.a(button-hal.o)
                              build/cooja/mtype594.o (button_hal_init)
build/cooja/mtype594.a(serial-line.o)
                              build/cooja/mtype594.a(rs232.o) (serial_line_input_byte)
build/cooja/mtype594.a(gpio-hal.o)
                              build/cooja/mtype594.a(button-hal.o) (gpio_hal_register_handler)
build/cooja/mtype594.a(queuebuf.o)
                              build/cooja/mtype594.a(contiki-main.o) (queuebuf_init)
build/cooja/mtype594.a(packetbuf.o)
                              build/cooja/mtype594.a(cooja-radio.o) (packetbuf_clear)
build/cooja/mtype594.a(netstack.o)
                              build/cooja/mtype594.a(contiki-main.o) (netstack_init)
build/cooja/mtype594.a(linkaddr.o)
                              build/cooja/mtype594.a(contiki-main.o) (linkaddr_node_addr)
build/cooja/mtype594.a(csma.o)
                              build/cooja/mtype594.a(cooja-radio.o) (csma_driver)
build/cooja/mtype594.a(csma-output.o)
                              build/cooja/mtype594.a(csma.o) (csma_output_packet)
build/cooja/mtype594.a(uip-sr.o)
                              build/cooja/mtype594.a(webserver.o) (uip_sr_num_nodes)
build/cooja/mtype594.a(uip-ds6.o)
                              build/cooja/mtype594.a(contiki-main.o) (uip_ds6_get_link_local)
build/cooja/mtype594.a(uip-ds6-route.o)
[...]
Memory Configuration

Name             Origin             Length             Attributes
*default*        0x0000000000000000 0xffffffffffffffff

Linker script and memory map

LOAD /usr/lib/gcc/i686-linux-gnu/5/../../../i386-linux-gnu/crti.o
LOAD /usr/lib/gcc/i686-linux-gnu/5/crtbeginS.o
LOAD server.o
LOAD build/cooja/mtype594.o
LOAD build/cooja/mtype594.a
LOAD /usr/lib/gcc/i686-linux-gnu/5/libgcc.a
LOAD /usr/lib/gcc/i686-linux-gnu/5/libgcc_s.so
LOAD /usr/lib/gcc/i686-linux-gnu/5/../../../i386-linux-gnu/libc.so
START GROUP
LOAD /lib/i386-linux-gnu/libc.so.6
LOAD /usr/lib/i386-linux-gnu/libc_nonshared.a
LOAD /lib/i386-linux-gnu/ld-linux.so.2
END GROUP
LOAD /usr/lib/gcc/i686-linux-gnu/5/libgcc.a
LOAD /usr/lib/gcc/i686-linux-gnu/5/libgcc_s.so
LOAD /usr/lib/gcc/i686-linux-gnu/5/crtendS.o
LOAD /usr/lib/gcc/i686-linux-gnu/5/../../../i386-linux-gnu/crtn.o
                0x0000000000000114                . = (0x0 + SIZEOF_HEADERS)

.note.gnu.build-id
                0x0000000000000114       0x24
 *(.note.gnu.build-id)
 .note.gnu.build-id
                0x0000000000000114       0x24 /usr/lib/gcc/i686-linux-gnu/5/../../../i386-linux-gnu/crti.o

.hash
 *(.hash)

.gnu.hash       0x0000000000000138     0x14cc
 *(.gnu.hash)
 .gnu.hash      0x0000000000000138     0x14cc /usr/lib/gcc/i686-linux-gnu/5/../../../i386-linux-gnu/crti.o

.dynsym         0x0000000000001604     0x2b90
 *(.dynsym)
 .dynsym        0x0000000000001604     0x2b90 /usr/lib/gcc/i686-linux-gnu/5/../../../i386-linux-gnu/crti.o

.dynstr         0x0000000000004194     0x30f7
 *(.dynstr)
 .dynstr        0x0000000000004194     0x30f7 /usr/lib/gcc/i686-linux-gnu/5/../../../i386-linux-gnu/crti.o

.gnu.version    0x000000000000728c      0x572
 *(.gnu.version)
 .gnu.version   0x000000000000728c      0x572 /usr/lib/gcc/i686-linux-gnu/5/../../../i386-linux-gnu/crti.o

.gnu.version_d  0x0000000000007800        0x0
 *(.gnu.version_d)
 .gnu.version_d
                0x0000000000007800        0x0 /usr/lib/gcc/i686-linux-gnu/5/../../../i386-linux-gnu/crti.o

.gnu.version_r  0x0000000000007800       0x40
 *(.gnu.version_r)
 .gnu.version_r
                0x0000000000007800       0x40 /usr/lib/gcc/i686-linux-gnu/5/../../../i386-linux-gnu/crti.o

.rel.dyn        0x0000000000007840     0x9cd0
 *(.rel.init)
 .rel.init      0x0000000000007840        0x0 /usr/lib/gcc/i686-linux-gnu/5/../../../i386-linux-gnu/crti.o
 *(.rel.text .rel.text.* .rel.gnu.linkonce.t.*)
 .rel.text      0x0000000000007840     0x94b0 /usr/lib/gcc/i686-linux-gnu/5/../../../i386-linux-gnu/crti.o
 *(.rel.fini)
 .rel.fini      0x0000000000010cf0        0x0 /usr/lib/gcc/i686-linux-gnu/5/../../../i386-linux-gnu/crti.o
 *(.rel.rodata .rel.rodata.* .rel.gnu.linkonce.r.*)
 .rel.rodata    0x0000000000010cf0      0x428 /usr/lib/gcc/i686-linux-gnu/5/../../../i386-linux-gnu/crti.o
 *(.rel.data.rel.ro .rel.data.rel.ro.* .rel.gnu.linkonce.d.rel.ro.*)
 *(.rel.data .rel.data.* .rel.gnu.linkonce.d.*)
 .rel.data.rel.local
                0x0000000000011118        0x8 /usr/lib/gcc/i686-linux-gnu/5/../../../i386-linux-gnu/crti.o
 .rel.data      0x0000000000011120      0x3b8 /usr/lib/gcc/i686-linux-gnu/5/../../../i386-linux-gnu/crti.o
 *(.rel.tdata .rel.tdata.* .rel.gnu.linkonce.td.*)
 *(.rel.tbss .rel.tbss.* .rel.gnu.linkonce.tb.*)
 *(.rel.ctors)
 *(.rel.dtors)
 *(.rel.got)
 .rel.got       0x00000000000114d8       0x28 /usr/lib/gcc/i686-linux-gnu/5/../../../i386-linux-gnu/crti.o
 *(.rel.bss .rel.bss.* .rel.gnu.linkonce.b.*)
 *(.rel.ifunc)
 .rel.ifunc     0x0000000000011500        0x0 /usr/lib/gcc/i686-linux-gnu/5/../../../i386-linux-gnu/crti.o
 .rel.fini_array
                0x0000000000011500        0x8 /usr/lib/gcc/i686-linux-gnu/5/../../../i386-linux-gnu/crti.o
 .rel.init_array
                0x0000000000011508        0x8 /usr/lib/gcc/i686-linux-gnu/5/../../../i386-linux-gnu/crti.o

.rel.plt        0x0000000000011510        0x0
 *(.rel.plt)
 .rel.plt       0x0000000000011510        0x0 /usr/lib/gcc/i686-linux-gnu/5/../../../i386-linux-gnu/crti.o
 *(.rel.iplt)

.init           0x0000000000011510       0x23
 *(SORT(.init))
 .init          0x0000000000011510       0x1e /usr/lib/gcc/i686-linux-gnu/5/../../../i386-linux-gnu/crti.o
                0x0000000000011510                _init
 .init          0x000000000001152e        0x5 /usr/lib/gcc/i686-linux-gnu/5/../../../i386-linux-gnu/crtn.o

.plt            0x0000000000011540       0x10
 *(.plt)
 .plt           0x0000000000011540       0x10 /usr/lib/gcc/i686-linux-gnu/5/../../../i386-linux-gnu/crti.o
 *(.iplt)

.plt.got        0x0000000000011550       0x10
 *(.plt.got)
 .plt.got       0x0000000000011550       0x10 /usr/lib/gcc/i686-linux-gnu/5/../../../i386-linux-gnu/crti.o

.text           0x0000000000011560    0x17d14
 *(.text.unlikely .text.*_unlikely .text.unlikely.*)
 .text.unlikely
                0x0000000000011560        0x0 /usr/lib/gcc/i686-linux-gnu/5/crtbeginS.o
 *(.text.exit .text.exit.*)
 *(.text.startup .text.startup.*)
 *(.text.hot .text.hot.*)
 *(.text .stub .text.* .gnu.linkonce.t.*)
 .text          0x0000000000011560        0x0 /usr/lib/gcc/i686-linux-gnu/5/../../../i386-linux-gnu/crti.o
 .gnu.linkonce.t.__x86.get_pc_thunk.bx
                0x0000000000011560        0x4 /usr/lib/gcc/i686-linux-gnu/5/../../../i386-linux-gnu/crti.o
                0x0000000000011560                __x86.get_pc_thunk.bx
 *fill*         0x0000000000011564        0xc 
 .text          0x0000000000011570      0x11c /usr/lib/gcc/i686-linux-gnu/5/crtbeginS.o
 .text.__x86.get_pc_thunk.dx
                0x000000000001168c        0x4 /usr/lib/gcc/i686-linux-gnu/5/crtbeginS.o
                0x000000000001168c                __x86.get_pc_thunk.dx
 .text          0x0000000000011690       0xcc server.o
 .text          0x000000000001175c      0x283 build/cooja/mtype594.o
                0x00000000000117ee                platform_init_stage_one
                0x0000000000011801                platform_init_stage_two
                0x0000000000011814                platform_init_stage_three
                0x0000000000011827                platform_main_loop
                0x000000000001189a                Java_org_contikios_cooja_corecomm_Lib1_init
                0x00000000000118d1                Java_org_contikios_cooja_corecomm_Lib1_getMemory
                0x0000000000011904                Java_org_contikios_cooja_corecomm_Lib1_setMemory
                0x0000000000011964                Java_org_contikios_cooja_corecomm_Lib1_tick
                0x00000000000119cc                Java_org_contikios_cooja_corecomm_Lib1_setReferenceAddress
 .text          0x00000000000119df       0x65 build/cooja/mtype594.a(simEnvChange.o)
                0x00000000000119df                doActionsBeforeTick
                0x0000000000011a11                doActionsAfterTick
 .text          0x0000000000011a44       0x83 build/cooja/mtype594.a(cooja_mt.o)
                0x0000000000011a44                cooja_mt_start
                0x0000000000011a6e                cooja_mt_exec
                0x0000000000011aa4                cooja_mt_yield
 .text          0x0000000000011ac7       0xbe build/cooja/mtype594.a(cooja_mtarch.o)
                0x0000000000011ac7                cooja_mtarch_start
                0x0000000000011b3a                cooja_sw
                0x0000000000011b5d                cooja_mtarch_exec
                0x0000000000011b7a                cooja_mtarch_yield
 .text          0x0000000000011b85       0xc5 build/cooja/mtype594.a(rtimer-arch.o)
                0x0000000000011b85                rtimer_arch_init
                0x0000000000011ba9                rtimer_arch_schedule
                0x0000000000011bd9                rtimer_arch_next
                0x0000000000011be9                rtimer_arch_pending
                0x0000000000011bf3                rtimer_arch_check
                0x0000000000011c3a                rtimer_arch_now
 .text          0x0000000000011c4a       0x81 build/cooja/mtype594.a(beep.o)
                0x0000000000011c4a                beep_alarm
                0x0000000000011c57                beep_beep
                0x0000000000011c64                beep
                0x0000000000011c71                beep_down
                0x0000000000011c7e                beep_on
                0x0000000000011c8b                beep_off
                0x0000000000011c98                beep_spinup
                0x0000000000011ca5                beep_quick
                0x0000000000011cb2                beep_long
 .text          0x0000000000011ccb       0x65 build/cooja/mtype594.a(leds-arch.o)
                0x0000000000011cde                leds_arch_init
 .text          0x0000000000011d30       0x35 build/cooja/mtype594.a(moteid.o)
 .text          0x0000000000011d65       0xb7 build/cooja/mtype594.a(pir-sensor.o)
 .text          0x0000000000011e1c      0x148 build/cooja/mtype594.a(rs232.o)
                0x0000000000011e1c                rs232_init
                0x0000000000011e22                rs232_set_speed
                0x0000000000011e31                rs232_set_input
                0x0000000000011e3f                rs232_send
                0x0000000000011e63                rs232_print
                0x0000000000011e7f                slip_arch_writeb
 .text          0x0000000000011f64       0xb7 build/cooja/mtype594.a(vib-sensor.o)
 .text          0x000000000001201b       0x38 build/cooja/mtype594.a(clock.o)
                0x000000000001201b                clock_init
                0x0000000000012021                clock_time
                0x000000000001202b                clock_seconds
                0x0000000000012041                clock_delay
 .text          0x0000000000012053      0x219 build/cooja/mtype594.a(cooja-log.o)
                0x0000000000012053                simlog_char
                0x0000000000012096                simlog
                0x000000000001210c                log_message
                0x000000000001213d                log_set_putchar_with_slip
                0x000000000001214b                log_putchar
                0x00000000000121c6                log_puts
                0x00000000000121ee                log_printf
 .text          0x000000000001226c      0x2b9 build/cooja/mtype594.a(cfs-cooja.o)
                0x000000000001226c                cfs_open
                0x00000000000122d5                cfs_close
                0x00000000000122e2                cfs_read
                0x0000000000012377                cfs_write
                0x0000000000012453                cfs_seek
                0x00000000000124db                cfs_remove
                0x00000000000124ff                cfs_opendir
                0x0000000000012509                cfs_readdir
                0x0000000000012513                cfs_closedir
 .text          0x0000000000012525      0x620 build/cooja/mtype594.a(cooja-radio.o)
                0x0000000000012567                radio_set_channel
                0x0000000000012575                radio_set_txpower
                0x000000000001258d                radio_signal_strength_last
                0x0000000000012597                radio_signal_strength_current
                0x00000000000125a1                radio_LQI
 .text          0x0000000000012b45       0xee build/cooja/mtype594.a(eeprom.o)
                0x0000000000012b45                eeprom_init
                0x0000000000012b4b                eeprom_read
                0x0000000000012bb9                eeprom_write
 .text          0x0000000000012c33       0x2d build/cooja/mtype594.a(random.o)
                0x0000000000012c33                random_init
                0x0000000000012c53                random_rand
 .text          0x0000000000012c60      0x29c build/cooja/mtype594.a(sensors.o)
                0x0000000000012c9b                sensors_first
                0x0000000000012ca5                sensors_next
                0x0000000000012cbf                sensors_changed
                0x0000000000012cf3                sensors_find
 .text          0x0000000000012efc      0x349 build/cooja/mtype594.a(leds.o)
                0x0000000000012efc                leds_init
                0x0000000000012f43                leds_single_on
                0x0000000000012fa2                leds_single_off
                0x0000000000013001                leds_single_toggle
                0x0000000000013033                leds_on
                0x00000000000130b5                leds_off
                0x0000000000013137                leds_toggle
                0x000000000001318c                leds_set
                0x00000000000131b8                leds_get
 .text          0x0000000000013245      0x343 build/cooja/mtype594.a(gpio-hal-arch.o)
                0x0000000000013245                gpio_hal_arch_register_pin_callback
                0x00000000000132b1                gpio_hal_arch_init
                0x00000000000132f6                gpio_hal_arch_no_port_interrupt_enable
                0x0000000000013326                gpio_hal_arch_no_port_interrupt_disable
                0x0000000000013356                gpio_hal_arch_no_port_pin_cfg_set
                0x000000000001337b                gpio_hal_arch_no_port_pin_cfg_get
                0x00000000000133a1                gpio_hal_arch_no_port_pin_set_input
                0x00000000000133b3                gpio_hal_arch_no_port_pin_set_output
                0x00000000000133c5                gpio_hal_arch_no_port_set_pin
                0x00000000000133e6                gpio_hal_arch_no_port_clear_pin
                0x0000000000013407                gpio_hal_arch_no_port_read_pin
                0x000000000001342d                gpio_hal_arch_no_port_write_pin
                0x0000000000013457                gpio_hal_arch_no_port_set_pins
                0x000000000001349e                gpio_hal_arch_no_port_clear_pins
                0x00000000000134e5                gpio_hal_arch_no_port_read_pins
                0x0000000000013528                gpio_hal_arch_no_port_write_pins
 .text          0x0000000000013588       0x89 build/cooja/mtype594.a(buttons.o)
 .text          0x0000000000013611      0x7ba build/cooja/mtype594.a(webserver.o)
                0x0000000000013dc1                httpd_simple_get_script
 .text          0x0000000000013dcb      0x332 build/cooja/mtype594.a(contiki-main.o)
                0x0000000000013dcb                main
 .text          0x00000000000140fd       0x92 build/cooja/mtype594.a(autostart.o)
                0x00000000000140fd                autostart_start
                0x0000000000014147                autostart_exit
 .text          0x000000000001418f      0x355 build/cooja/mtype594.a(ctimer.o)
                0x00000000000142b7                ctimer_init
                0x00000000000142ea                ctimer_set
                0x0000000000014310                ctimer_set_with_process
                0x000000000001438d                ctimer_reset
                0x00000000000143e1                ctimer_restart
                0x0000000000014435                ctimer_stop
                0x0000000000014485                ctimer_expired
 .text          0x00000000000144e4      0x394 build/cooja/mtype594.a(log.o)
                0x00000000000144e4                log_6addr
                0x0000000000014537                log_6addr_compact_snprint
                0x00000000000145d5                log_6addr_compact
                0x0000000000014628                log_lladdr
                0x000000000001469a                log_lladdr_compact
                0x0000000000014702                log_set_level
                0x00000000000147bd                log_get_level
                0x0000000000014836                log_level_to_str
 .text          0x0000000000014878       0x1b build/cooja/mtype594.a(energest.o)
                0x0000000000014878                energest_init
                0x000000000001487e                energest_flush
                0x0000000000014884                energest_get_total_time
 .text          0x0000000000014893      0x43f build/cooja/mtype594.a(etimer.o)
                0x0000000000014ab7                etimer_request_poll
                0x0000000000014b40                etimer_set
                0x0000000000014b69                etimer_reset_with_new_interval
                0x0000000000014b98                etimer_reset
                0x0000000000014bbe                etimer_restart
                0x0000000000014be4                etimer_adjust
                0x0000000000014c01                etimer_expired
                0x0000000000014c14                etimer_expiration_time
                0x0000000000014c26                etimer_start_time
                0x0000000000014c30                etimer_pending
                0x0000000000014c42                etimer_next_expiration_time
                0x0000000000014c5c                etimer_stop
 .text          0x0000000000014cd2       0x25 build/cooja/mtype594.a(node-id.o)
                0x0000000000014cd2                node_id_init
 .text          0x0000000000014cf7       0xeb build/cooja/mtype594.a(rtimer.o)
                0x0000000000014cf7                rtimer_init
                0x0000000000014d05                rtimer_set
                0x0000000000014d80                rtimer_run_next
 .text          0x0000000000014de2      0x4fb build/cooja/mtype594.a(process.o)
                0x0000000000014de2                process_alloc_event
                0x0000000000014df7                process_start
                0x0000000000014fd1                process_exit
                0x0000000000014fee                process_init
                0x0000000000015183                process_run
                0x00000000000151b6                process_nevents
                0x00000000000151d1                process_post
                0x0000000000015264                process_post_synch
                0x0000000000015299                process_poll
                0x00000000000152c9                process_is_running
 .text          0x00000000000152dd       0xb1 build/cooja/mtype594.a(timer.o)
                0x00000000000152dd                timer_set
                0x00000000000152fb                timer_reset
                0x0000000000015328                timer_restart
                0x000000000001533d                timer_expired
                0x000000000001536a                timer_remaining
 .text          0x000000000001538e      0x28f build/cooja/mtype594.a(list.o)
                0x000000000001538e                list_init
                0x000000000001539d                list_head
                0x00000000000153a7                list_copy
                0x00000000000153b7                list_tail
                0x00000000000153ed                list_add
                0x0000000000015439                list_push
                0x0000000000015465                list_chop
                0x00000000000154cf                list_pop
                0x00000000000154f7                list_remove
                0x000000000001555f                list_length
                0x000000000001558d                list_insert
                0x00000000000155d2                list_item_next
                0x00000000000155e9                list_contains
 .text          0x000000000001561d      0x41c build/cooja/mtype594.a(button-hal.o)
                0x0000000000015796                button_hal_get_by_id
                0x00000000000157d4                button_hal_get_by_index
                0x0000000000015800                button_hal_get_state
                0x0000000000015852                button_hal_init
 .text          0x0000000000015a39      0x1f3 build/cooja/mtype594.a(serial-line.o)
                0x0000000000015a39                serial_line_input_byte
                0x0000000000015bf7                serial_line_init
 .text          0x0000000000015c2c      0x168 build/cooja/mtype594.a(gpio-hal.o)
                0x0000000000015c2c                gpio_hal_register_handler
                0x0000000000015c49                gpio_hal_event_handler
                0x0000000000015ca5                gpio_hal_init
                0x0000000000015cc4                gpio_hal_arch_port_toggle_pin
                0x0000000000015d00                gpio_hal_arch_port_toggle_pins
                0x0000000000015d2e                gpio_hal_arch_no_port_toggle_pin
                0x0000000000015d6c                gpio_hal_arch_no_port_toggle_pins
 .text          0x0000000000015d94      0x2e7 build/cooja/mtype594.a(queuebuf.o)
                0x0000000000015d9e                queuebuf_init
                0x0000000000015dc7                queuebuf_numfree
                0x0000000000015ddf                queuebuf_new_from_packetbuf
                0x0000000000015e7e                queuebuf_update_attr_from_packetbuf
                0x0000000000015eb3                queuebuf_update_from_packetbuf
                0x0000000000015f03                queuebuf_free
                0x0000000000015f4c                queuebuf_to_packetbuf
                0x0000000000015fb8                queuebuf_dataptr
                0x0000000000015ff2                queuebuf_datalen
                0x0000000000016015                queuebuf_addr
                0x000000000001604a                queuebuf_attr
                0x0000000000016075                queuebuf_debug_print
 .text          0x000000000001607b      0x407 build/cooja/mtype594.a(packetbuf.o)
                0x000000000001607b                packetbuf_clear
                0x00000000000160a6                packetbuf_copyfrom
                0x00000000000160f5                packetbuf_copyto
                0x0000000000016188                packetbuf_hdralloc
                0x0000000000016204                packetbuf_hdrreduce
                0x000000000001624a                packetbuf_set_datalen
                0x0000000000016264                packetbuf_dataptr
                0x0000000000016281                packetbuf_hdrptr
                0x000000000001628b                packetbuf_datalen
                0x0000000000016297                packetbuf_hdrlen
                0x00000000000162ae                packetbuf_totlen
                0x00000000000162c4                packetbuf_remaininglen
                0x00000000000162d7                packetbuf_attr_clear
                0x0000000000016323                packetbuf_attr_copyto
                0x000000000001637b                packetbuf_attr_copyfrom
                0x00000000000163d3                packetbuf_set_attr
                0x00000000000163fd                packetbuf_attr
                0x0000000000016417                packetbuf_set_addr
                0x0000000000016448                packetbuf_addr
                0x0000000000016465                packetbuf_holds_broadcast
 .text          0x0000000000016482       0xef build/cooja/mtype594.a(netstack.o)
                0x0000000000016482                netstack_process_ip_callback
                0x0000000000016513                netstack_ip_packet_processor_add
                0x0000000000016536                uip_ds6_ip_packet_processor_rm
                0x0000000000016553                netstack_init
 .text          0x0000000000016571       0x4f build/cooja/mtype594.a(linkaddr.o)
                0x0000000000016571                linkaddr_copy
                0x0000000000016587                linkaddr_cmp
                0x00000000000165aa                linkaddr_set_node_addr
 .text          0x00000000000165c0      0x1f6 build/cooja/mtype594.a(csma.o)
 .text          0x00000000000167b6      0x95d build/cooja/mtype594.a(csma-output.o)
                0x0000000000016e4d                csma_output_packet
                0x00000000000170da                csma_output_init
 .text          0x0000000000017113      0x69b build/cooja/mtype594.a(uip-sr.o)
                0x0000000000017113                uip_sr_num_nodes
                0x00000000000171a1                uip_sr_get_node
                0x00000000000171f8                uip_sr_is_addr_reachable
                0x00000000000172a6                uip_sr_expire_parent
                0x00000000000172ef                uip_sr_update_node
                0x000000000001741f                uip_sr_init
                0x0000000000017453                uip_sr_node_head
                0x000000000001746c                uip_sr_node_next
                0x0000000000017482                uip_sr_periodic
                0x0000000000017588                uip_sr_free_all
                0x00000000000175f8                uip_sr_link_snprint
 .text          0x00000000000177ae      0xc11 build/cooja/mtype594.a(uip-ds6.o)
                0x00000000000177ae                uip_ds6_default_prefix
                0x00000000000177b8                uip_ds6_set_default_prefix
                0x00000000000177e3                uip_ds6_init
                0x0000000000017a45                uip_ds6_periodic
                0x0000000000017acc                uip_ds6_list_loop
                0x0000000000017b8c                uip_ds6_prefix_add
                0x0000000000017c38                uip_ds6_prefix_rm
                0x0000000000017c4b                uip_ds6_prefix_lookup
                0x0000000000017c8a                uip_ds6_is_addr_onlink
                0x0000000000017cfd                uip_ds6_addr_add
                0x0000000000017e1d                uip_ds6_addr_rm
                0x0000000000017ec6                uip_ds6_addr_lookup
                0x0000000000017eff                uip_ds6_get_link_local
                0x0000000000017f80                uip_ds6_get_global
                0x0000000000018001                uip_ds6_maddr_add
                0x0000000000018061                uip_ds6_maddr_rm
                0x0000000000018074                uip_ds6_maddr_lookup
                0x00000000000180ad                uip_ds6_aaddr_add
                0x000000000001810d                uip_ds6_aaddr_rm
                0x0000000000018120                uip_ds6_aaddr_lookup
                0x0000000000018159                uip_ds6_select_src
                0x00000000000182a2                uip_ds6_set_addr_iid
                0x00000000000182cd                uip_ds6_set_lladdr_from_iid
                0x00000000000182f6                get_match_length
                0x0000000000018387                uip_ds6_compute_reachable_time
 .text          0x00000000000183bf      0x35b build/cooja/mtype594.a(uip-ds6-route.o)
                0x0000000000018410                uip_ds6_route_init
                0x000000000001843a                uip_ds6_route_nexthop
                0x0000000000018444                uip_ds6_route_head
                0x000000000001844e                uip_ds6_route_next
                0x0000000000018458                uip_ds6_route_is_nexthop
                0x0000000000018462                uip_ds6_route_num_routes
                0x000000000001846c                uip_ds6_route_lookup
                0x0000000000018476                uip_ds6_route_add
                0x0000000000018489                uip_ds6_route_rm
                0x000000000001848f                uip_ds6_route_rm_by_nexthop
                0x0000000000018495                uip_ds6_defrt_head
                0x00000000000184ae                uip_ds6_defrt_add
                0x000000000001855c                uip_ds6_defrt_rm
                0x00000000000185c2                uip_ds6_defrt_lookup
                0x0000000000018629                uip_ds6_defrt_choose
                0x000000000001869f                uip_ds6_defrt_periodic
 .text          0x000000000001871a      0x70e build/cooja/mtype594.a(psock.o)
                0x0000000000018a34                psock_send
                0x0000000000018aba                psock_generator_send
                0x0000000000018bc8                psock_datalen
                0x0000000000018be0                psock_newdata
                0x0000000000018c2e                psock_readto
                0x0000000000018cfd                psock_readbuf_len
                0x0000000000018de4                psock_init
 .text          0x0000000000018e28      0xa85 build/cooja/mtype594.a(tcpip.o)
                0x0000000000018e42                tcpip_output
                0x0000000000018f23                tcp_connect
                0x0000000000018f7b                tcp_unlisten
                0x0000000000018fdb                tcp_listen
                0x0000000000019039                tcp_attach
                0x0000000000019051                udp_attach
                0x0000000000019069                udp_new
                0x00000000000190b3                udp_broadcast_new
                0x0000000000019338                tcpip_input
                0x0000000000019504                tcpip_ipv6_output
                0x00000000000196f8                tcpip_poll_udp
                0x0000000000019716                tcpip_poll_tcp
                0x0000000000019734                tcpip_uipcall
 .text          0x00000000000198ad     0x2d5b build/cooja/mtype594.a(uip6.o)
                0x00000000000198ad                uip_add32
                0x0000000000019a47                uip_chksum
                0x0000000000019b1e                uip_icmp6chksum
                0x0000000000019b33                uip_tcpchksum
                0x0000000000019b48                uip_udpchksum
                0x0000000000019b5d                uip_init
                0x0000000000019bed                uip_connect
                0x0000000000019d76                uip_remove_ext_hdr
                0x0000000000019e50                uip_udp_new
                0x0000000000019f72                uip_unlisten
                0x0000000000019fb4                uip_listen
                0x000000000001a24c                uip_process
                0x000000000001c4e2                uip_htons
                0x000000000001c504                uip_htonl
                0x000000000001c542                uip_send
 .text          0x000000000001c608      0x369 build/cooja/mtype594.a(uip-ds6-nbr.o)
                0x000000000001c608                uip_ds6_neighbors_init
                0x000000000001c62c                uip_ds6_nbr_add
                0x000000000001c6b2                uip_ds6_nbr_rm
                0x000000000001c6fd                uip_ds6_nbr_update_ll
                0x000000000001c7eb                uip_ds6_nbr_get_ipaddr
                0x000000000001c800                uip_ds6_nbr_get_ll
                0x000000000001c81c                uip_ds6_nbr_num
                0x000000000001c865                uip_ds6_nbr_head
                0x000000000001c87e                uip_ds6_nbr_next
                0x000000000001c89a                uip_ds6_nbr_lookup
                0x000000000001c8f2                uip_ds6_nbr_ll_lookup
                0x000000000001c90e                uip_ds6_nbr_ipaddr_from_lladdr
                0x000000000001c937                uip_ds6_nbr_lladdr_from_ipaddr
                0x000000000001c96b                uip_ds6_link_callback
 .text          0x000000000001c971      0x6a7 build/cooja/mtype594.a(uip-nd6.o)
                0x000000000001cfff                uip_nd6_init
 .text          0x000000000001d018      0x3b0 build/cooja/mtype594.a(simple-udp.o)
                0x000000000001d045                simple_udp_send
                0x000000000001d0a8                simple_udp_sendto
                0x000000000001d103                simple_udp_sendto_port
                0x000000000001d15c                simple_udp_register
 .text          0x000000000001d3c8     0x2c17 build/cooja/mtype594.a(sicslowpan.o)
                0x000000000001d9cf                netstack_sniffer_add
                0x000000000001d9dd                netstack_sniffer_remove
                0x000000000001ffb3                sicslowpan_init
                0x000000000001ffd5                sicslowpan_get_last_rssi
 .text          0x000000000001ffdf      0x4d1 build/cooja/mtype594.a(uiplib.o)
                0x000000000001ffdf                uiplib_ip6addrconv
                0x0000000000020197                uiplib_ip4addrconv
                0x000000000002025a                uiplib_ipaddr_print
                0x00000000000202ad                uiplib_ipaddr_snprint
 .text          0x00000000000204b0      0x4c9 build/cooja/mtype594.a(rpl.o)
                0x00000000000204b0                rpl_lollipop_greater_than
                0x000000000002050a                rpl_get_global_address
                0x0000000000020602                rpl_link_callback
                0x0000000000020646                rpl_has_joined
                0x000000000002066b                rpl_is_reachable
                0x00000000000206ec                rpl_reset_prefix
                0x0000000000020756                rpl_set_prefix_from_addr
                0x000000000002083b                rpl_set_prefix
                0x0000000000020955                rpl_set_leaf_only
                0x000000000002096d                rpl_get_leaf_only
 .text          0x0000000000020979     0x138c build/cooja/mtype594.a(rpl-icmp6.o)
                0x0000000000020a9e                rpl_icmp6_update_nbr_table
                0x0000000000020b27                rpl_icmp6_dis_output
                0x000000000002116d                rpl_icmp6_dio_output
                0x000000000002196b                rpl_icmp6_dao_output
                0x0000000000021c4c                rpl_icmp6_dao_ack_output
                0x0000000000021cbc                rpl_icmp6_init
 .text          0x0000000000021d05      0x264 build/cooja/mtype594.a(rpl-dag-root.o)
                0x0000000000021d05                rpl_dag_root_print_links
                0x0000000000021e31                rpl_dag_root_set_prefix
                0x0000000000021e5d                rpl_dag_root_start
                0x0000000000021f3a                rpl_dag_root_is_root
 .text          0x0000000000021f69      0x1fe build/cooja/mtype594.a(slip-bridge.o)
                0x0000000000021f69                request_prefix
 .text          0x0000000000022167      0x68a build/cooja/mtype594.a(slip.o)
                0x0000000000022167                slip_set_input_callback
                0x0000000000022175                slip_send
                0x0000000000022199                slip_write
                0x00000000000226af                slip_input_byte
 .text          0x00000000000227f1       0x30 build/cooja/mtype594.a(watchdog.o)
                0x00000000000227f1                watchdog_init
                0x00000000000227f7                watchdog_start
                0x00000000000227fd                watchdog_periodic
                0x0000000000022815                watchdog_stop
                0x000000000002281b                watchdog_reboot
 .text          0x0000000000022821       0x4a build/cooja/mtype594.a(int-master.o)
                0x0000000000022821                int_master_enable
                0x0000000000022831                int_master_read_and_disable
                0x000000000002284e                int_master_status_set
                0x000000000002285c                int_master_is_enabled
 .text          0x000000000002286b       0x19 build/cooja/mtype594.a(slip-arch.o)
                0x000000000002286b                slip_arch_init
 .text          0x0000000000022884      0x606 build/cooja/mtype594.a(httpd-simple.o)
                0x0000000000022cc2                httpd_appcall
                0x0000000000022e61                httpd_init
 .text          0x0000000000022e8a      0x11a build/cooja/mtype594.a(rpl-border-rout)
                0x0000000000022e8a                print_local_addresses
                0x0000000000022f60                set_prefix_64
                0x0000000000022f89                rpl_border_router_init
 .text          0x0000000000022fa4       0xc7 build/cooja/mtype594.a(stimer.o)
                0x0000000000022fa4                stimer_set
                0x0000000000022fc2                stimer_reset
                0x0000000000022fef                stimer_restart
                0x0000000000023004                stimer_expired
                0x000000000002302f                stimer_remaining
                0x0000000000023053                stimer_elapsed
 .text          0x000000000002306b      0x156 build/cooja/mtype594.a(ringbuf.o)
                0x000000000002306b                ringbuf_init
                0x000000000002309d                ringbuf_put
                0x000000000002311b                ringbuf_get
                0x0000000000023188                ringbuf_size
                0x000000000002319a                ringbuf_elements
 .text          0x00000000000231c1      0x1b5 build/cooja/mtype594.a(memb.o)
                0x00000000000231c1                memb_init
                0x0000000000023216                memb_alloc
                0x0000000000023279                memb_free
                0x00000000000232f0                memb_inmemb
                0x000000000002332f                memb_numfree
 .text          0x0000000000023376       0x1f build/cooja/mtype594.a(assert.o)
                0x0000000000023376                _xassert
 .text          0x0000000000023395      0x79b build/cooja/mtype594.a(nbr-table.o)
                0x000000000002380e                nbr_table_register
                0x000000000002387b                nbr_table_is_registered
                0x00000000000238b6                nbr_table_head
                0x0000000000023911                nbr_table_next
                0x0000000000023972                nbr_table_add_lladdr
                0x0000000000023a4c                nbr_table_get_from_lladdr
                0x0000000000023a98                nbr_table_remove
                0x0000000000023ad0                nbr_table_lock
                0x0000000000023aea                nbr_table_unlock
                0x0000000000023b04                nbr_table_get_lladdr
 .text          0x0000000000023b30      0x3a5 build/cooja/mtype594.a(link-stats.o)
                0x0000000000023b30                link_stats_from_lladdr
                0x0000000000023b4c                link_stats_get_lladdr
                0x0000000000023b68                link_stats_is_fresh
                0x0000000000023ba4                guess_etx_from_rssi
                0x0000000000023c20                link_stats_packet_sent
                0x0000000000023d40                link_stats_input_callback
                0x0000000000023e50                link_stats_reset
                0x0000000000023ea0                link_stats_init
 .text          0x0000000000023ed5      0x187 build/cooja/mtype594.a(mac-sequence.o)
                0x0000000000023ed5                mac_sequence_is_duplicate
                0x0000000000023f75                mac_sequence_register_seqno
 .text          0x000000000002405c       0x23 build/cooja/mtype594.a(mac.o)
                0x000000000002405c                mac_call_sent_callback
 .text          0x000000000002407f      0x432 build/cooja/mtype594.a(framer-802154.o)
                0x000000000002420e                framer_802154_setup_params
 .text          0x00000000000244b1      0xb6f build/cooja/mtype594.a(frame802154.o)
                0x00000000000244e2                frame802154_get_pan_id
                0x00000000000244ee                frame802154_set_pan_id
                0x0000000000024508                frame802154_has_panid
                0x00000000000246b7                frame802154_check_dest_panid
                0x000000000002473f                frame802154_is_broadcast_addr
                0x000000000002478c                frame802154_extract_linkaddr
                0x00000000000249f1                frame802154_hdrlen
                0x0000000000024a64                frame802154_create_fcf
                0x0000000000024b1c                frame802154_create
                0x0000000000024c91                frame802154_parse_fcf
                0x0000000000024d73                frame802154_parse
 .text          0x0000000000025020       0x2d build/cooja/mtype594.a(csma-security.o)
                0x0000000000025020                csma_security_create_frame
                0x000000000002503e                csma_security_parse_frame
 .text          0x000000000002504d      0x4e4 build/cooja/mtype594.a(uipbuf.o)
                0x000000000002504d                uipbuf_clear
                0x0000000000025074                uipbuf_add_ext_hdr
                0x00000000000250f4                uipbuf_set_len
                0x0000000000025121                uipbuf_set_len_field
                0x000000000002514d                uipbuf_get_len_field
                0x000000000002516d                uipbuf_get_next_header
                0x000000000002529f                uipbuf_get_last_header
                0x0000000000025318                uipbuf_search_header
                0x00000000000253ce                uipbuf_get_attr
                0x00000000000253f5                uipbuf_set_attr
                0x000000000002542c                uipbuf_set_default_attr
                0x0000000000025463                uipbuf_clear_attr
                0x0000000000025487                uipbuf_set_attr_flag
                0x00000000000254a8                uipbuf_clr_attr_flag
                0x00000000000254cf                uipbuf_is_attr_flag
                0x00000000000254f3                uipbuf_init
 .text          0x0000000000025531      0x73f build/cooja/mtype594.a(uip-icmp6.o)
                0x00000000000255a6                uip_icmp6_input
                0x00000000000255fd                uip_icmp6_register_input_handler
                0x0000000000025750                uip_icmp6_error_output
                0x0000000000025a01                uip_icmp6_send
                0x0000000000025bf8                uip_icmp6_echo_reply_callback_add
                0x0000000000025c2a                uip_icmp6_echo_reply_callback_rm
                0x0000000000025c47                uip_icmp6_init
 .text          0x0000000000025c70      0x146 build/cooja/mtype594.a(uip-packetqueue)
                0x0000000000025c9e                uip_packetqueue_new
                0x0000000000025cad                uip_packetqueue_alloc
                0x0000000000025d08                uip_packetqueue_free
                0x0000000000025d4f                uip_packetqueue_buf
                0x0000000000025d6c                uip_packetqueue_buflen
                0x0000000000025d8d                uip_packetqueue_set_buflen
 .text          0x0000000000025db6      0x128 build/cooja/mtype594.a(uip-udp-packet.)
                0x0000000000025db6                uip_udp_packet_send
                0x0000000000025e11                uip_udp_packet_sendto
 .text          0x0000000000025ede      0x1b0 build/cooja/mtype594.a(rpl-nbr-policy.)
                0x000000000002604b                rpl_nbr_policy_find_removable
 .text          0x000000000002608e      0x915 build/cooja/mtype594.a(rpl-neighbor.o)
                0x000000000002610a                rpl_neighbor_snprint
                0x00000000000263bd                rpl_neighbor_print_list
                0x0000000000026472                rpl_neighbor_count
                0x0000000000026519                rpl_neighbor_get_from_lladdr
                0x0000000000026535                rpl_neighbor_is_acceptable_parent
                0x0000000000026569                rpl_neighbor_get_link_metric
                0x000000000002659d                rpl_neighbor_rank_via_nbr
                0x00000000000265d1                rpl_neighbor_get_lladdr
                0x00000000000265ed                rpl_neighbor_get_ipaddr
                0x0000000000026614                rpl_neighbor_get_link_stats
                0x000000000002663b                rpl_neighbor_is_fresh
                0x0000000000026662                rpl_neighbor_is_reachable
                0x00000000000266ad                rpl_neighbor_is_parent
                0x00000000000266d7                rpl_neighbor_set_preferred_parent
                0x000000000002676e                rpl_neighbor_remove_all
                0x00000000000267ca                rpl_neighbor_get_from_ipaddr
                0x00000000000268d8                rpl_neighbor_select_best
                0x0000000000026984                rpl_neighbor_init
 .text          0x00000000000269a3      0xe69 build/cooja/mtype594.a(rpl-dag.o)
                0x00000000000269a3                rpl_dag_state_to_str
                0x00000000000269e2                rpl_dag_get_root_ipaddr
                0x0000000000026a2a                rpl_dag_leave
                0x0000000000026ab3                rpl_dag_poison_and_leave
                0x0000000000026acb                rpl_dag_periodic
                0x0000000000026b53                rpl_is_addr_in_our_dag
                0x0000000000026b97                rpl_get_default_instance
                0x0000000000026bb3                rpl_get_any_dag
                0x0000000000026c0c                rpl_refresh_routes
                0x0000000000026c4c                rpl_global_repair
                0x0000000000026ce5                rpl_local_repair
                0x0000000000026d2f                rpl_dag_ready_to_advertise
                0x0000000000026d72                rpl_dag_update_state
                0x000000000002749f                rpl_process_dio
                0x000000000002751d                rpl_process_dis
                0x0000000000027562                rpl_process_dao
                0x00000000000275f1                rpl_process_dao_ack
                0x0000000000027688                rpl_process_hbh
                0x00000000000276d8                rpl_dag_init_root
                0x00000000000277ec                rpl_dag_init
 .text          0x000000000002780c      0x9e7 build/cooja/mtype594.a(rpl-timers.o)
                0x000000000002780c                rpl_timers_schedule_periodic_dis
                0x000000000002795a                rpl_timers_dio_reset
                0x0000000000027a68                rpl_timers_schedule_unicast_dio
                0x0000000000027bbc                rpl_timers_schedule_dao
                0x0000000000027c7b                rpl_timers_schedule_dao_ack
                0x0000000000027d01                rpl_timers_notify_dao_ack
                0x0000000000027d5f                get_probing_delay
                0x0000000000027d93                get_probing_target
                0x0000000000027f7d                rpl_schedule_probing
                0x0000000000027fab                rpl_schedule_probing_now
                0x0000000000028015                rpl_timers_unschedule_leaving
                0x000000000002804d                rpl_timers_schedule_leaving
                0x000000000002808e                rpl_timers_init
                0x000000000002811e                rpl_timers_stop_dag_timers
                0x0000000000028197                rpl_timers_unschedule_state_update
                0x00000000000281bb                rpl_timers_schedule_state_update
 .text          0x00000000000281f3      0xb8e build/cooja/mtype594.a(rpl-ext-header.)
                0x00000000000281f3                rpl_ext_header_srh_get_next_hop
                0x00000000000282da                rpl_ext_header_srh_update
                0x0000000000028846                rpl_ext_header_hbh_update
                0x0000000000028b46                rpl_ext_header_update
                0x0000000000028bcf                rpl_ext_header_remove
 .text          0x0000000000028d81      0x31b build/cooja/mtype594.a(rpl-mrhof.o)
 .text          0x000000000002909c      0x1d8 build/cooja/mtype594.a(border-router-e)
 .text          0x0000000000029274        0x0 /usr/lib/gcc/i686-linux-gnu/5/crtendS.o
 .text          0x0000000000029274        0x0 /usr/lib/gcc/i686-linux-gnu/5/../../../i386-linux-gnu/crtn.o
 *(.gnu.warning)

.fini           0x0000000000029274       0x14
 *(SORT(.fini))
 .fini          0x0000000000029274        0xf /usr/lib/gcc/i686-linux-gnu/5/../../../i386-linux-gnu/crti.o
                0x0000000000029274                _fini
 .fini          0x0000000000029283        0x5 /usr/lib/gcc/i686-linux-gnu/5/../../../i386-linux-gnu/crtn.o
                [!provide]                        PROVIDE (__etext, .)
                [!provide]                        PROVIDE (_etext, .)
                [!provide]                        PROVIDE (etext, .)

.rodata         0x00000000000292a0      0xa9e
 *(.rodata .rodata.* .gnu.linkonce.r.*)
 .rodata        0x00000000000292a0       0x32 server.o
                0x00000000000292ac                autostart_processes
 *fill*         0x00000000000292d2        0x2 
 .rodata        0x00000000000292d4        0x8 build/cooja/mtype594.a(beep.o)
                0x00000000000292d4                beep_interface
 .rodata        0x00000000000292dc        0xe build/cooja/mtype594.a(leds-arch.o)
                0x00000000000292dc                leds_interface
                0x00000000000292e4                leds_arch_leds
 *fill*         0x00000000000292ea        0x2 
 .rodata        0x00000000000292ec        0x8 build/cooja/mtype594.a(moteid.o)
                0x00000000000292ec                moteid_interface
 .rodata        0x00000000000292f4       0x1c build/cooja/mtype594.a(pir-sensor.o)
                0x00000000000292f4                pir_interface
                0x0000000000029300                pir_sensor
 .rodata        0x0000000000029310        0xe build/cooja/mtype594.a(rs232.o)
                0x0000000000029310                rs232_interface
 *fill*         0x000000000002931e        0x2 
 .rodata        0x0000000000029320       0x24 build/cooja/mtype594.a(vib-sensor.o)
                0x0000000000029320                vib_interface
                0x0000000000029334                vib_sensor
 .rodata        0x0000000000029344        0x8 build/cooja/mtype594.a(clock.o)
                0x0000000000029344                clock_interface
 .rodata        0x000000000002934c        0x8 build/cooja/mtype594.a(cooja-log.o)
                0x000000000002934c                simlog_interface
 .rodata        0x0000000000029354       0x2f build/cooja/mtype594.a(cfs-cooja.o)
                0x0000000000029354                cfs_interface
 *fill*         0x0000000000029383       0x1d 
 .rodata        0x00000000000293a0       0xb8 build/cooja/mtype594.a(cooja-radio.o)
                0x00000000000293a0                radio_interface
                0x0000000000029420                cooja_radio_driver
 .rodata        0x0000000000029458        0x8 build/cooja/mtype594.a(eeprom.o)
                0x0000000000029458                eeprom_interface
 .rodata        0x0000000000029460        0x8 build/cooja/mtype594.a(sensors.o)
 .rodata        0x0000000000029468       0x2c build/cooja/mtype594.a(buttons.o)
                0x0000000000029468                button_interface
                0x000000000002947c                button_hal_button_count
                0x0000000000029484                button_sensor
 .rodata        0x0000000000029494       0xc3 build/cooja/mtype594.a(webserver.o)
 *fill*         0x0000000000029557        0x1 
 .rodata        0x0000000000029558       0xf4 build/cooja/mtype594.a(contiki-main.o)
 .rodata        0x000000000002964c        0xf build/cooja/mtype594.a(ctimer.o)
 *fill*         0x000000000002965b        0x1 
 .rodata        0x000000000002965c       0xc4 build/cooja/mtype594.a(log.o)
 .rodata        0x0000000000029720        0xc build/cooja/mtype594.a(etimer.o)
 .rodata        0x000000000002972c       0x13 build/cooja/mtype594.a(button-hal.o)
 .rodata        0x000000000002973f        0xe build/cooja/mtype594.a(serial-line.o)
 *fill*         0x000000000002974d        0x3 
 .rodata        0x0000000000029750        0x8 build/cooja/mtype594.a(linkaddr.o)
                0x0000000000029750                linkaddr_null
 .rodata        0x0000000000029758       0x24 build/cooja/mtype594.a(csma.o)
                0x0000000000029760                csma_driver
 .rodata        0x000000000002977c       0x2a build/cooja/mtype594.a(csma-output.o)
 .rodata        0x00000000000297a6       0x44 build/cooja/mtype594.a(uip-sr.o)
 *fill*         0x00000000000297ea        0x2 
 .rodata        0x00000000000297ec       0x4d build/cooja/mtype594.a(uip-ds6-route.o)
 .rodata        0x0000000000029839        0xd build/cooja/mtype594.a(tcpip.o)
 *fill*         0x0000000000029846        0x2 
 .rodata        0x0000000000029848       0x48 build/cooja/mtype594.a(uip6.o)
 .rodata        0x0000000000029890       0x13 build/cooja/mtype594.a(simple-udp.o)
 *fill*         0x00000000000298a3        0x1 
 .rodata        0x00000000000298a4       0x30 build/cooja/mtype594.a(sicslowpan.o)
                0x00000000000298a4                unc_llconf
                0x00000000000298a8                unc_ctxconf
                0x00000000000298ac                unc_mxconf
                0x00000000000298b0                llprefix
                0x00000000000298c4                sicslowpan_driver
 .rodata        0x00000000000298d4       0x2d build/cooja/mtype594.a(uiplib.o)
 *fill*         0x0000000000029901       0x1f 
 .rodata        0x0000000000029920       0x74 build/cooja/mtype594.a(rpl.o)
                0x0000000000029940                rpl_lite_driver
 .rodata        0x0000000000029994       0x1c build/cooja/mtype594.a(slip-bridge.o)
                0x00000000000299a8                rpl_interface
 .rodata        0x00000000000299b0        0xc build/cooja/mtype594.a(slip.o)
 *fill*         0x00000000000299bc        0x4 
 .rodata        0x00000000000299c0      0x154 build/cooja/mtype594.a(httpd-simple.o)
                0x0000000000029a1c                http_content_type_html
                0x0000000000029a40                http_header_200
                0x0000000000029aa0                http_header_404
                0x0000000000029b00                http_get
                0x0000000000029b08                http_index_html
 .rodata        0x0000000000029b14       0x34 build/cooja/mtype594.a(rpl-border-rout)
 .rodata        0x0000000000029b48       0x25 build/cooja/mtype594.a(assert.o)
 *fill*         0x0000000000029b6d        0x3 
 .rodata        0x0000000000029b70        0xc build/cooja/mtype594.a(framer-802154.o)
                0x0000000000029b70                framer_802154
 .rodata        0x0000000000029b7c       0x58 build/cooja/mtype594.a(rpl-neighbor.o)
 .rodata        0x0000000000029bd4       0xdb build/cooja/mtype594.a(rpl-dag.o)
 .rodata        0x0000000000029caf        0xc build/cooja/mtype594.a(rpl-timers.o)
 .rodata        0x0000000000029cbb       0x83 build/cooja/mtype594.a(border-router-e)

.rodata1
 *(.rodata1)

.eh_frame_hdr   0x0000000000029d40     0x178c
 *(.eh_frame_hdr)
 .eh_frame_hdr  0x0000000000029d40     0x178c server.o
                0x0000000000029d40                __GNU_EH_FRAME_HDR
 *(.eh_frame_entry .eh_frame_entry.*)

.eh_frame       0x000000000002b4cc     0x5f50
 *(.eh_frame)
 .eh_frame      0x000000000002b4cc       0x3c /usr/lib/gcc/i686-linux-gnu/5/../../../i386-linux-gnu/crti.o
                                         0x40 (size before relaxing)
 .eh_frame      0x000000000002b508       0x40 server.o
                                         0x58 (size before relaxing)
 .eh_frame      0x000000000002b548      0x178 build/cooja/mtype594.o
                                        0x190 (size before relaxing)
 .eh_frame      0x000000000002b6c0       0x40 build/cooja/mtype594.a(simEnvChange.o)
                                         0x58 (size before relaxing)
 .eh_frame      0x000000000002b700       0x60 build/cooja/mtype594.a(cooja_mt.o)
                                         0x78 (size before relaxing)
 .eh_frame      0x000000000002b760       0x80 build/cooja/mtype594.a(cooja_mtarch.o)
                                         0x98 (size before relaxing)
 .eh_frame      0x000000000002b7e0       0xc8 build/cooja/mtype594.a(rtimer-arch.o)
                                         0xe0 (size before relaxing)
 .eh_frame      0x000000000002b8a8      0x160 build/cooja/mtype594.a(beep.o)
                                        0x178 (size before relaxing)
 .eh_frame      0x000000000002ba08       0x80 build/cooja/mtype594.a(leds-arch.o)
                                         0x98 (size before relaxing)
 .eh_frame      0x000000000002ba88       0x40 build/cooja/mtype594.a(moteid.o)
                                         0x58 (size before relaxing)
 .eh_frame      0x000000000002bac8       0xa0 build/cooja/mtype594.a(pir-sensor.o)
                                         0xb8 (size before relaxing)
 .eh_frame      0x000000000002bb68      0x100 build/cooja/mtype594.a(rs232.o)
                                        0x118 (size before relaxing)
 .eh_frame      0x000000000002bc68       0xa0 build/cooja/mtype594.a(vib-sensor.o)
                                         0xb8 (size before relaxing)
 .eh_frame      0x000000000002bd08       0xc0 build/cooja/mtype594.a(clock.o)
                                         0xd8 (size before relaxing)
 .eh_frame      0x000000000002bdc8      0x120 build/cooja/mtype594.a(cooja-log.o)
                                        0x138 (size before relaxing)
 .eh_frame      0x000000000002bee8      0x160 build/cooja/mtype594.a(cfs-cooja.o)
                                        0x178 (size before relaxing)
 .eh_frame      0x000000000002c048      0x340 build/cooja/mtype594.a(cooja-radio.o)
                                        0x358 (size before relaxing)
 .eh_frame      0x000000000002c388       0xa0 build/cooja/mtype594.a(eeprom.o)
                                         0xb8 (size before relaxing)
 .eh_frame      0x000000000002c428       0x40 build/cooja/mtype594.a(random.o)
                                         0x58 (size before relaxing)
 .eh_frame      0x000000000002c468       0xc0 build/cooja/mtype594.a(sensors.o)
                                         0xd8 (size before relaxing)
 .eh_frame      0x000000000002c528      0x120 build/cooja/mtype594.a(leds.o)
                                        0x138 (size before relaxing)
 .eh_frame      0x000000000002c648      0x220 build/cooja/mtype594.a(gpio-hal-arch.o)
                                        0x238 (size before relaxing)
 .eh_frame      0x000000000002c868       0xa0 build/cooja/mtype594.a(buttons.o)
                                         0xb8 (size before relaxing)
 .eh_frame      0x000000000002c908       0x80 build/cooja/mtype594.a(webserver.o)
                                         0x98 (size before relaxing)
 .eh_frame      0x000000000002c988       0x30 build/cooja/mtype594.a(contiki-main.o)
                                         0x48 (size before relaxing)
 .eh_frame      0x000000000002c9b8       0x40 build/cooja/mtype594.a(autostart.o)
                                         0x58 (size before relaxing)
 .eh_frame      0x000000000002c9f8      0x100 build/cooja/mtype594.a(ctimer.o)
                                        0x118 (size before relaxing)
 .eh_frame      0x000000000002caf8      0x100 build/cooja/mtype594.a(log.o)
                                        0x118 (size before relaxing)
 .eh_frame      0x000000000002cbf8       0x60 build/cooja/mtype594.a(energest.o)
                                         0x78 (size before relaxing)
 .eh_frame      0x000000000002cc58      0x1e0 build/cooja/mtype594.a(etimer.o)
                                        0x1f8 (size before relaxing)
 .eh_frame      0x000000000002ce38       0x20 build/cooja/mtype594.a(node-id.o)
                                         0x38 (size before relaxing)
 .eh_frame      0x000000000002ce58       0x60 build/cooja/mtype594.a(rtimer.o)
                                         0x78 (size before relaxing)
 .eh_frame      0x000000000002ceb8      0x1c4 build/cooja/mtype594.a(process.o)
                                        0x1dc (size before relaxing)
 .eh_frame      0x000000000002d07c       0xa4 build/cooja/mtype594.a(timer.o)
                                         0xbc (size before relaxing)
 .eh_frame      0x000000000002d120      0x1a0 build/cooja/mtype594.a(list.o)
                                        0x1b8 (size before relaxing)
 .eh_frame      0x000000000002d2c0      0x144 build/cooja/mtype594.a(button-hal.o)
                                        0x15c (size before relaxing)
 .eh_frame      0x000000000002d404       0x60 build/cooja/mtype594.a(serial-line.o)
                                         0x78 (size before relaxing)
 .eh_frame      0x000000000002d464       0xe0 build/cooja/mtype594.a(gpio-hal.o)
                                         0xf8 (size before relaxing)
 .eh_frame      0x000000000002d544      0x1a0 build/cooja/mtype594.a(queuebuf.o)
                                        0x1b8 (size before relaxing)
 .eh_frame      0x000000000002d6e4      0x28c build/cooja/mtype594.a(packetbuf.o)
                                        0x2a4 (size before relaxing)
 .eh_frame      0x000000000002d970       0x80 build/cooja/mtype594.a(netstack.o)
                                         0x98 (size before relaxing)
 .eh_frame      0x000000000002d9f0       0x60 build/cooja/mtype594.a(linkaddr.o)
                                         0x78 (size before relaxing)
 .eh_frame      0x000000000002da50       0xe0 build/cooja/mtype594.a(csma.o)
                                         0xf8 (size before relaxing)
 .eh_frame      0x000000000002db30      0x1d0 build/cooja/mtype594.a(csma-output.o)
                                        0x1e8 (size before relaxing)
 .eh_frame      0x000000000002dd00      0x184 build/cooja/mtype594.a(uip-sr.o)
                                        0x19c (size before relaxing)
 .eh_frame      0x000000000002de84      0x328 build/cooja/mtype594.a(uip-ds6.o)
                                        0x340 (size before relaxing)
 .eh_frame      0x000000000002e1ac      0x220 build/cooja/mtype594.a(uip-ds6-route.o)
                                        0x238 (size before relaxing)
 .eh_frame      0x000000000002e3cc      0x18c build/cooja/mtype594.a(psock.o)
                                        0x1a4 (size before relaxing)
 .eh_frame      0x000000000002e558      0x308 build/cooja/mtype594.a(tcpip.o)
                                        0x320 (size before relaxing)
 .eh_frame      0x000000000002e860      0x2b4 build/cooja/mtype594.a(uip6.o)
                                        0x2cc (size before relaxing)
 .eh_frame      0x000000000002eb14      0x1c0 build/cooja/mtype594.a(uip-ds6-nbr.o)
                                        0x1d8 (size before relaxing)
 .eh_frame      0x000000000002ecd4       0x84 build/cooja/mtype594.a(uip-nd6.o)
                                         0x9c (size before relaxing)
 .eh_frame      0x000000000002ed58       0xd4 build/cooja/mtype594.a(simple-udp.o)
                                         0xec (size before relaxing)
 .eh_frame      0x000000000002ee2c      0x2f8 build/cooja/mtype594.a(sicslowpan.o)
                                        0x310 (size before relaxing)
 .eh_frame      0x000000000002f124       0x88 build/cooja/mtype594.a(uiplib.o)
                                         0xa0 (size before relaxing)
 .eh_frame      0x000000000002f1ac      0x1e0 build/cooja/mtype594.a(rpl.o)
                                        0x1f8 (size before relaxing)
 .eh_frame      0x000000000002f38c      0x1c4 build/cooja/mtype594.a(rpl-icmp6.o)
                                        0x1dc (size before relaxing)
 .eh_frame      0x000000000002f550       0xa0 build/cooja/mtype594.a(rpl-dag-root.o)
                                         0xb8 (size before relaxing)
 .eh_frame      0x000000000002f5f0       0x80 build/cooja/mtype594.a(slip-bridge.o)
                                         0x98 (size before relaxing)
 .eh_frame      0x000000000002f670       0xe0 build/cooja/mtype594.a(slip.o)
                                         0xf8 (size before relaxing)
 .eh_frame      0x000000000002f750       0xa0 build/cooja/mtype594.a(watchdog.o)
                                         0xb8 (size before relaxing)
 .eh_frame      0x000000000002f7f0       0x80 build/cooja/mtype594.a(int-master.o)
                                         0x98 (size before relaxing)
 .eh_frame      0x000000000002f870       0x20 build/cooja/mtype594.a(slip-arch.o)
                                         0x38 (size before relaxing)
 .eh_frame      0x000000000002f890       0xe0 build/cooja/mtype594.a(httpd-simple.o)
                                         0xf8 (size before relaxing)
 .eh_frame      0x000000000002f970       0x60 build/cooja/mtype594.a(rpl-border-rout)
                                         0x78 (size before relaxing)
 .eh_frame      0x000000000002f9d0       0xc4 build/cooja/mtype594.a(stimer.o)
                                         0xdc (size before relaxing)
 .eh_frame      0x000000000002fa94       0xa0 build/cooja/mtype594.a(ringbuf.o)
                                         0xb8 (size before relaxing)
 .eh_frame      0x000000000002fb34       0xa0 build/cooja/mtype594.a(memb.o)
                                         0xb8 (size before relaxing)
 .eh_frame      0x000000000002fbd4       0x20 build/cooja/mtype594.a(assert.o)
                                         0x38 (size before relaxing)
 .eh_frame      0x000000000002fbf4      0x2ac build/cooja/mtype594.a(nbr-table.o)
                                        0x2c4 (size before relaxing)
 .eh_frame      0x000000000002fea0      0x120 build/cooja/mtype594.a(link-stats.o)
                                        0x138 (size before relaxing)
 .eh_frame      0x000000000002ffc0       0x48 build/cooja/mtype594.a(mac-sequence.o)
                                         0x60 (size before relaxing)
 .eh_frame      0x0000000000030008       0x20 build/cooja/mtype594.a(mac.o)
                                         0x38 (size before relaxing)
 .eh_frame      0x0000000000030028       0xa4 build/cooja/mtype594.a(framer-802154.o)
                                         0xbc (size before relaxing)
 .eh_frame      0x00000000000300cc      0x1a4 build/cooja/mtype594.a(frame802154.o)
                                        0x1bc (size before relaxing)
 .eh_frame      0x0000000000030270       0x40 build/cooja/mtype594.a(csma-security.o)
                                         0x58 (size before relaxing)
 .eh_frame      0x00000000000302b0      0x200 build/cooja/mtype594.a(uipbuf.o)
                                        0x218 (size before relaxing)
 .eh_frame      0x00000000000304b0      0x150 build/cooja/mtype594.a(uip-icmp6.o)
                                        0x168 (size before relaxing)
 .eh_frame      0x0000000000030600       0xe0 build/cooja/mtype594.a(uip-packetqueue)
                                         0xf8 (size before relaxing)
 .eh_frame      0x00000000000306e0       0x40 build/cooja/mtype594.a(uip-udp-packet.)
                                         0x58 (size before relaxing)
 .eh_frame      0x0000000000030720       0x80 build/cooja/mtype594.a(rpl-nbr-policy.)
                                         0x98 (size before relaxing)
 .eh_frame      0x00000000000307a0      0x2d4 build/cooja/mtype594.a(rpl-neighbor.o)
                                        0x2ec (size before relaxing)
 .eh_frame      0x0000000000030a74      0x370 build/cooja/mtype594.a(rpl-dag.o)
                                        0x388 (size before relaxing)
 .eh_frame      0x0000000000030de4      0x3a8 build/cooja/mtype594.a(rpl-timers.o)
                                        0x3c0 (size before relaxing)
 .eh_frame      0x000000000003118c      0x124 build/cooja/mtype594.a(rpl-ext-header.)
                                        0x13c (size before relaxing)
 .eh_frame      0x00000000000312b0      0x148 build/cooja/mtype594.a(rpl-mrhof.o)
                                        0x160 (size before relaxing)
 .eh_frame      0x00000000000313f8       0x20 build/cooja/mtype594.a(border-router-e)
                                         0x38 (size before relaxing)
 .eh_frame      0x0000000000031418        0x4 /usr/lib/gcc/i686-linux-gnu/5/crtendS.o
 *(.eh_frame.*)

.gcc_except_table
 *(.gcc_except_table .gcc_except_table.*)

.gnu_extab
 *(.gnu_extab*)

.exception_ranges
 *(.exception_ranges .exception_ranges*)
                0x0000000000032f10                . = DATA_SEGMENT_ALIGN (0x1000, 0x1000)

.eh_frame
 *(.eh_frame)
 *(.eh_frame.*)

.gnu_extab
 *(.gnu_extab)

.gcc_except_table
 *(.gcc_except_table .gcc_except_table.*)

.exception_ranges
 *(.exception_ranges .exception_ranges*)

.tdata
 *(.tdata .tdata.* .gnu.linkonce.td.*)

.tbss
 *(.tbss .tbss.* .gnu.linkonce.tb.*)
 *(.tcommon)

.preinit_array
 *(.preinit_array)

.init_array     0x0000000000032f10        0x4
 *(SORT(.init_array.*) SORT(.ctors.*))
 *(.init_array EXCLUDE_FILE(*crtend?.o *crtend.o *crtbegin?.o *crtbegin.o) .ctors)
 .init_array    0x0000000000032f10        0x4 /usr/lib/gcc/i686-linux-gnu/5/crtbeginS.o

.fini_array     0x0000000000032f14        0x4
 *(SORT(.fini_array.*) SORT(.dtors.*))
 *(.fini_array EXCLUDE_FILE(*crtend?.o *crtend.o *crtbegin?.o *crtbegin.o) .dtors)
 .fini_array    0x0000000000032f14        0x4 /usr/lib/gcc/i686-linux-gnu/5/crtbeginS.o

.ctors
 *crtbegin.o(.ctors)
 *crtbegin?.o(.ctors)
 *(EXCLUDE_FILE(*crtend?.o *crtend.o) .ctors)
 *(SORT(.ctors.*))
 *(.ctors)

.dtors
 *crtbegin.o(.dtors)
 *crtbegin?.o(.dtors)
 *(EXCLUDE_FILE(*crtend?.o *crtend.o) .dtors)
 *(SORT(.dtors.*))
 *(.dtors)

.jcr            0x0000000000032f18        0x4
 *(.jcr)
 .jcr           0x0000000000032f18        0x0 /usr/lib/gcc/i686-linux-gnu/5/crtbeginS.o
 .jcr           0x0000000000032f18        0x4 /usr/lib/gcc/i686-linux-gnu/5/crtendS.o

.data.rel.ro
 *(.data.rel.ro.local* .gnu.linkonce.d.rel.ro.local.*)
 *(.data.rel.ro .data.rel.ro.* .gnu.linkonce.d.rel.ro.*)

.dynamic        0x0000000000032f1c       0xd0
 *(.dynamic)
 .dynamic       0x0000000000032f1c       0xd0 /usr/lib/gcc/i686-linux-gnu/5/../../../i386-linux-gnu/crti.o
                0x0000000000032f1c                _DYNAMIC

.got            0x0000000000032fec       0x14
 *(.got)
 .got           0x0000000000032fec       0x14 /usr/lib/gcc/i686-linux-gnu/5/../../../i386-linux-gnu/crti.o
 *(.igot)
                0x0000000000033ff4                . = DATA_SEGMENT_RELRO_END (., (SIZEOF (.got.plt) >= 0xc)?0xc:0x0)

.got.plt        0x0000000000033000        0xc
 *(.got.plt)
 .got.plt       0x0000000000033000        0xc /usr/lib/gcc/i686-linux-gnu/5/../../../i386-linux-gnu/crti.o
                0x0000000000033000                _GLOBAL_OFFSET_TABLE_
 *(.igot.plt)

.data           0x0000000000033020      0x3f4
 *(.data .data.* .gnu.linkonce.d.*)
 .data          0x0000000000033020        0x0 /usr/lib/gcc/i686-linux-gnu/5/../../../i386-linux-gnu/crti.o
 .data          0x0000000000033020        0x0 /usr/lib/gcc/i686-linux-gnu/5/crtbeginS.o
 .data.rel.local
                0x0000000000033020        0x4 /usr/lib/gcc/i686-linux-gnu/5/crtbeginS.o
                0x0000000000033020                __dso_handle
 .data          0x0000000000033024       0x10 server.o
                0x0000000000033024                udp_server_process
 *fill*         0x0000000000033034        0xc 
 .data          0x0000000000033040       0x44 build/cooja/mtype594.o
                0x0000000000033040                simInterfaces
                0x0000000000033074                sensors
 .data          0x0000000000033084        0x0 build/cooja/mtype594.a(simEnvChange.o)
 .data          0x0000000000033084        0x0 build/cooja/mtype594.a(cooja_mt.o)
 .data          0x0000000000033084        0x0 build/cooja/mtype594.a(cooja_mtarch.o)
 .data          0x0000000000033084        0x0 build/cooja/mtype594.a(rtimer-arch.o)
 .data          0x0000000000033084        0x0 build/cooja/mtype594.a(beep.o)
 .data          0x0000000000033084        0x0 build/cooja/mtype594.a(leds-arch.o)
 .data          0x0000000000033084        0x0 build/cooja/mtype594.a(moteid.o)
 .data          0x0000000000033084        0x0 build/cooja/mtype594.a(pir-sensor.o)
 .data          0x0000000000033084        0x0 build/cooja/mtype594.a(rs232.o)
 .data          0x0000000000033084        0x0 build/cooja/mtype594.a(vib-sensor.o)
 .data          0x0000000000033084        0x0 build/cooja/mtype594.a(clock.o)
 .data          0x0000000000033084        0x0 build/cooja/mtype594.a(cooja-log.o)
 .data          0x0000000000033084        0x0 build/cooja/mtype594.a(cfs-cooja.o)
 .data          0x0000000000033084       0x2c build/cooja/mtype594.a(cooja-radio.o)
                0x0000000000033084                simRadioHWOn
                0x0000000000033088                simSignalStrength
                0x000000000003308c                simLastSignalStrength
                0x0000000000033090                simPower
                0x0000000000033094                simRadioChannel
                0x0000000000033098                simLQI
                0x00000000000330a0                cooja_radio_process
 .data          0x00000000000330b0        0x0 build/cooja/mtype594.a(eeprom.o)
 .data          0x00000000000330b0        0x0 build/cooja/mtype594.a(random.o)
 .data          0x00000000000330b0       0x10 build/cooja/mtype594.a(sensors.o)
                0x00000000000330b0                sensors_process
 .data          0x00000000000330c0        0x0 build/cooja/mtype594.a(leds.o)
 .data          0x00000000000330c0        0x0 build/cooja/mtype594.a(gpio-hal-arch.o)
 .data          0x00000000000330c0       0x78 build/cooja/mtype594.a(buttons.o)
                0x00000000000330c0                simButtonIsActive
                0x0000000000033130                button_hal_buttons
 .data          0x0000000000033138       0x18 build/cooja/mtype594.a(webserver.o)
                0x0000000000033140                webserver_nogui_process
 .data          0x0000000000033150        0x0 build/cooja/mtype594.a(contiki-main.o)
 .data          0x0000000000033150        0x0 build/cooja/mtype594.a(autostart.o)
 .data          0x0000000000033150       0x14 build/cooja/mtype594.a(ctimer.o)
                0x0000000000033154                ctimer_process
 *fill*         0x0000000000033164       0x1c 
 .data          0x0000000000033180       0xbc build/cooja/mtype594.a(log.o)
                0x0000000000033180                curr_log_level_main
                0x00000000000331a0                all_modules
 .data          0x000000000003323c        0x0 build/cooja/mtype594.a(energest.o)
 .data          0x000000000003323c       0x10 build/cooja/mtype594.a(etimer.o)
                0x000000000003323c                etimer_process
 .data          0x000000000003324c        0x0 build/cooja/mtype594.a(node-id.o)
 .data          0x000000000003324c        0x0 build/cooja/mtype594.a(rtimer.o)
 .data          0x000000000003324c        0x0 build/cooja/mtype594.a(process.o)
 .data          0x000000000003324c        0x0 build/cooja/mtype594.a(timer.o)
 .data          0x000000000003324c        0x0 build/cooja/mtype594.a(list.o)
 .data          0x000000000003324c       0x10 build/cooja/mtype594.a(button-hal.o)
                0x000000000003324c                button_hal_process
 .data          0x000000000003325c       0x10 build/cooja/mtype594.a(serial-line.o)
                0x000000000003325c                serial_line_process
 .data          0x000000000003326c        0x4 build/cooja/mtype594.a(gpio-hal.o)
 .data          0x0000000000033270       0x18 build/cooja/mtype594.a(queuebuf.o)
 .data          0x0000000000033288        0x4 build/cooja/mtype594.a(packetbuf.o)
 .data          0x000000000003328c        0x4 build/cooja/mtype594.a(netstack.o)
 .data          0x0000000000033290        0x0 build/cooja/mtype594.a(linkaddr.o)
 .data          0x0000000000033290        0x0 build/cooja/mtype594.a(csma.o)
 .data          0x0000000000033290       0x28 build/cooja/mtype594.a(csma-output.o)
 .data          0x00000000000332b8       0x10 build/cooja/mtype594.a(uip-sr.o)
 .data          0x00000000000332c8        0x0 build/cooja/mtype594.a(uip-ds6.o)
 .data          0x00000000000332c8       0x10 build/cooja/mtype594.a(uip-ds6-route.o)
 .data          0x00000000000332d8        0x0 build/cooja/mtype594.a(psock.o)
 .data          0x00000000000332d8       0x10 build/cooja/mtype594.a(tcpip.o)
                0x00000000000332d8                tcpip_process
 .data          0x00000000000332e8        0x0 build/cooja/mtype594.a(uip6.o)
 .data          0x00000000000332e8       0x14 build/cooja/mtype594.a(uip-ds6-nbr.o)
 .data          0x00000000000332fc        0xc build/cooja/mtype594.a(uip-nd6.o)
 .data          0x0000000000033308       0x10 build/cooja/mtype594.a(simple-udp.o)
                0x0000000000033308                simple_udp_process
 .data          0x0000000000033318        0x0 build/cooja/mtype594.a(sicslowpan.o)
 .data          0x0000000000033318        0x0 build/cooja/mtype594.a(uiplib.o)
 .data          0x0000000000033318        0x0 build/cooja/mtype594.a(rpl.o)
 .data          0x0000000000033318       0x30 build/cooja/mtype594.a(rpl-icmp6.o)
 .data          0x0000000000033348        0x0 build/cooja/mtype594.a(rpl-dag-root.o)
 .data          0x0000000000033348        0x0 build/cooja/mtype594.a(slip-bridge.o)
 .data          0x0000000000033348       0x10 build/cooja/mtype594.a(slip.o)
                0x0000000000033348                slip_process
 .data          0x0000000000033358        0x0 build/cooja/mtype594.a(watchdog.o)
 .data          0x0000000000033358        0x0 build/cooja/mtype594.a(int-master.o)
 .data          0x0000000000033358        0x0 build/cooja/mtype594.a(slip-arch.o)
 .data          0x0000000000033358       0x10 build/cooja/mtype594.a(httpd-simple.o)
 .data          0x0000000000033368        0x0 build/cooja/mtype594.a(rpl-border-rout)
 .data          0x0000000000033368        0x0 build/cooja/mtype594.a(stimer.o)
 .data          0x0000000000033368        0x0 build/cooja/mtype594.a(ringbuf.o)
 .data          0x0000000000033368        0x0 build/cooja/mtype594.a(memb.o)
 .data          0x0000000000033368        0x0 build/cooja/mtype594.a(assert.o)
 .data          0x0000000000033368       0x10 build/cooja/mtype594.a(nbr-table.o)
 .data          0x0000000000033378       0x14 build/cooja/mtype594.a(link-stats.o)
 .data          0x000000000003338c        0x0 build/cooja/mtype594.a(mac-sequence.o)
 .data          0x000000000003338c        0x0 build/cooja/mtype594.a(mac.o)
 .data          0x000000000003338c        0x0 build/cooja/mtype594.a(framer-802154.o)
 .data          0x000000000003338c        0x2 build/cooja/mtype594.a(frame802154.o)
 .data          0x000000000003338e        0x0 build/cooja/mtype594.a(csma-security.o)
 .data          0x000000000003338e        0x0 build/cooja/mtype594.a(uipbuf.o)
 *fill*         0x000000000003338e        0x2 
 .data          0x0000000000033390       0x20 build/cooja/mtype594.a(uip-icmp6.o)
 .data          0x00000000000333b0        0xc build/cooja/mtype594.a(uip-packetqueue)
 .data          0x00000000000333bc        0x0 build/cooja/mtype594.a(uip-udp-packet.)
 .data          0x00000000000333bc        0x0 build/cooja/mtype594.a(rpl-nbr-policy.)
 .data          0x00000000000333bc       0x14 build/cooja/mtype594.a(rpl-neighbor.o)
                0x00000000000333cc                rpl_neighbors
 .data          0x00000000000333d0        0x0 build/cooja/mtype594.a(rpl-dag.o)
 .data          0x00000000000333d0        0x0 build/cooja/mtype594.a(rpl-timers.o)
 .data          0x00000000000333d0        0x0 build/cooja/mtype594.a(rpl-ext-header.)
 *fill*         0x00000000000333d0       0x10 
 .data          0x00000000000333e0       0x24 build/cooja/mtype594.a(rpl-mrhof.o)
                0x00000000000333e0                rpl_mrhof
 .data          0x0000000000033404       0x10 build/cooja/mtype594.a(border-router-e)
                0x0000000000033404                border_router_process
 .data          0x0000000000033414        0x0 /usr/lib/gcc/i686-linux-gnu/5/crtendS.o
 .data          0x0000000000033414        0x0 /usr/lib/gcc/i686-linux-gnu/5/../../../i386-linux-gnu/crtn.o

.tm_clone_table
                0x0000000000033414        0x0
 .tm_clone_table
                0x0000000000033414        0x0 /usr/lib/gcc/i686-linux-gnu/5/crtbeginS.o
 .tm_clone_table
                0x0000000000033414        0x0 /usr/lib/gcc/i686-linux-gnu/5/crtendS.o

.data1
 *(.data1)
                0x0000000000033414                _edata = .
                [!provide]                        PROVIDE (edata, .)
                0x0000000000033414                . = .
                0x0000000000033414                __bss_start = .

.bss            0x0000000000033420    0x14784
 *(.dynbss)
 .dynbss        0x0000000000033420        0x0 /usr/lib/gcc/i686-linux-gnu/5/../../../i386-linux-gnu/crti.o
 *(.bss .bss.* .gnu.linkonce.b.*)
 .bss           0x0000000000033420        0x0 /usr/lib/gcc/i686-linux-gnu/5/../../../i386-linux-gnu/crti.o
 .bss           0x0000000000033420        0x1 /usr/lib/gcc/i686-linux-gnu/5/crtbeginS.o
 *fill*         0x0000000000033421       0x1f 
 .bss           0x0000000000033440       0x24 server.o
 *fill*         0x0000000000033464       0x1c 
 .bss           0x0000000000033480     0x2030 build/cooja/mtype594.o
 .bss           0x00000000000354b0        0x1 build/cooja/mtype594.a(simEnvChange.o)
                0x00000000000354b0                simDontFallAsleep
 *fill*         0x00000000000354b1        0x3 
 .bss           0x00000000000354b4        0x4 build/cooja/mtype594.a(cooja_mt.o)
 .bss           0x00000000000354b8        0x4 build/cooja/mtype594.a(cooja_mtarch.o)
 .bss           0x00000000000354bc        0x0 build/cooja/mtype594.a(rtimer-arch.o)
 .bss           0x00000000000354bc        0x0 build/cooja/mtype594.a(beep.o)
 .bss           0x00000000000354bc        0x1 build/cooja/mtype594.a(leds-arch.o)
                0x00000000000354bc                simLedsValue
 .bss           0x00000000000354bd        0x0 build/cooja/mtype594.a(moteid.o)
 .bss           0x00000000000354bd        0x1 build/cooja/mtype594.a(pir-sensor.o)
                0x00000000000354bd                simPirValue
 *fill*         0x00000000000354be        0x2 
 .bss           0x00000000000354c0        0x4 build/cooja/mtype594.a(rs232.o)
 .bss           0x00000000000354c4        0x1 build/cooja/mtype594.a(vib-sensor.o)
                0x00000000000354c4                simVibValue
 .bss           0x00000000000354c5        0x0 build/cooja/mtype594.a(clock.o)
 *fill*         0x00000000000354c5       0x1b 
 .bss           0x00000000000354e0     0x2020 build/cooja/mtype594.a(cooja-log.o)
 .bss           0x0000000000037500      0xfc0 build/cooja/mtype594.a(cfs-cooja.o)
                0x0000000000037500                simCFSData
                0x00000000000384a0                simCFSSize
                0x00000000000384a4                simCFSChanged
                0x00000000000384a8                simCFSRead
                0x00000000000384ac                simCFSWritten
 .bss           0x00000000000384c0       0x24 build/cooja/mtype594.a(cooja-radio.o)
                0x00000000000384c0                simReceiving
                0x00000000000384c4                simInSize
                0x00000000000384c8                simLastPacketTimestamp
                0x00000000000384d0                simOutSize
 .bss           0x00000000000384e4        0xc build/cooja/mtype594.a(eeprom.o)
                0x00000000000384e4                simEEPROMChanged
                0x00000000000384e8                simEEPROMRead
                0x00000000000384ec                simEEPROMWritten
 .bss           0x00000000000384f0        0x0 build/cooja/mtype594.a(random.o)
 .bss           0x00000000000384f0        0xc build/cooja/mtype594.a(sensors.o)
 .bss           0x00000000000384fc        0x0 build/cooja/mtype594.a(leds.o)
 .bss           0x00000000000384fc       0x24 build/cooja/mtype594.a(gpio-hal-arch.o)
 .bss           0x0000000000038520        0x0 build/cooja/mtype594.a(buttons.o)
 .bss           0x0000000000038520      0x10c build/cooja/mtype594.a(webserver.o)
 .bss           0x000000000003862c        0x0 build/cooja/mtype594.a(contiki-main.o)
 .bss           0x000000000003862c        0x0 build/cooja/mtype594.a(autostart.o)
 .bss           0x000000000003862c        0x5 build/cooja/mtype594.a(ctimer.o)
 *fill*         0x0000000000038631        0x3 
 .bss           0x0000000000038634       0x2c build/cooja/mtype594.a(log.o)
                0x0000000000038634                curr_log_level_rpl
                0x0000000000038638                curr_log_level_tcpip
                0x000000000003863c                curr_log_level_ipv6
                0x0000000000038640                curr_log_level_6lowpan
                0x0000000000038644                curr_log_level_nullnet
                0x0000000000038648                curr_log_level_mac
                0x000000000003864c                curr_log_level_framer
                0x0000000000038650                curr_log_level_6top
                0x0000000000038654                curr_log_level_coap
                0x0000000000038658                curr_log_level_snmp
                0x000000000003865c                curr_log_level_lwm2m
 .bss           0x0000000000038660        0x0 build/cooja/mtype594.a(energest.o)
 .bss           0x0000000000038660        0x8 build/cooja/mtype594.a(etimer.o)
 .bss           0x0000000000038668        0x2 build/cooja/mtype594.a(node-id.o)
                0x0000000000038668                node_id
 *fill*         0x000000000003866a        0x2 
 .bss           0x000000000003866c        0x4 build/cooja/mtype594.a(rtimer.o)
 *fill*         0x0000000000038670       0x10 
 .bss           0x0000000000038680      0x1a1 build/cooja/mtype594.a(process.o)
                0x0000000000038680                process_list
                0x0000000000038684                process_current
 .bss           0x0000000000038821        0x0 build/cooja/mtype594.a(timer.o)
 .bss           0x0000000000038821        0x0 build/cooja/mtype594.a(list.o)
 *fill*         0x0000000000038821        0x3 
 .bss           0x0000000000038824       0x10 build/cooja/mtype594.a(button-hal.o)
 *fill*         0x0000000000038834        0xc 
 .bss           0x0000000000038840      0x140 build/cooja/mtype594.a(serial-line.o)
 .bss           0x0000000000038980        0x4 build/cooja/mtype594.a(gpio-hal.o)
 *fill*         0x0000000000038984       0x1c 
 .bss           0x00000000000389a0     0x2c80 build/cooja/mtype594.a(queuebuf.o)
 .bss           0x000000000003b620       0xa0 build/cooja/mtype594.a(packetbuf.o)
 .bss           0x000000000003b6c0        0x4 build/cooja/mtype594.a(netstack.o)
 .bss           0x000000000003b6c4        0x0 build/cooja/mtype594.a(linkaddr.o)
 .bss           0x000000000003b6c4        0x0 build/cooja/mtype594.a(csma.o)
 *fill*         0x000000000003b6c4       0x1c 
 .bss           0x000000000003b6e0      0x726 build/cooja/mtype594.a(csma-output.o)
 *fill*         0x000000000003be06       0x1a 
 .bss           0x000000000003be20     0x1d80 build/cooja/mtype594.a(uip-sr.o)
 .bss           0x000000000003dba0       0x30 build/cooja/mtype594.a(uip-ds6.o)
 *fill*         0x000000000003dbd0       0x10 
 .bss           0x000000000003dbe0       0x60 build/cooja/mtype594.a(uip-ds6-route.o)
 .bss           0x000000000003dc40        0x0 build/cooja/mtype594.a(psock.o)
 .bss           0x000000000003dc40       0xc4 build/cooja/mtype594.a(tcpip.o)
 .bss           0x000000000003dd04        0xc build/cooja/mtype594.a(uip6.o)
                0x000000000003dd04                uip_ext_bitmap
                0x000000000003dd06                uip_ext_len
                0x000000000003dd08                uip_last_proto
 *fill*         0x000000000003dd10       0x10 
 .bss           0x000000000003dd20     0x1c20 build/cooja/mtype594.a(uip-ds6-nbr.o)
 .bss           0x000000000003f940       0x10 build/cooja/mtype594.a(uip-nd6.o)
 *fill*         0x000000000003f950       0x10 
 .bss           0x000000000003f960      0x520 build/cooja/mtype594.a(simple-udp.o)
 .bss           0x000000000003fe80      0x724 build/cooja/mtype594.a(sicslowpan.o)
 .bss           0x00000000000405a4        0x0 build/cooja/mtype594.a(uiplib.o)
 .bss           0x00000000000405a4        0x1 build/cooja/mtype594.a(rpl.o)
 .bss           0x00000000000405a5        0x0 build/cooja/mtype594.a(rpl-icmp6.o)
 *fill*         0x00000000000405a5        0x3 
 .bss           0x00000000000405a8       0x11 build/cooja/mtype594.a(rpl-dag-root.o)
 *fill*         0x00000000000405b9        0x3 
 .bss           0x00000000000405bc       0x10 build/cooja/mtype594.a(slip-bridge.o)
 *fill*         0x00000000000405cc       0x14 
 .bss           0x00000000000405e0      0x538 build/cooja/mtype594.a(slip.o)
 .bss           0x0000000000040b18        0x0 build/cooja/mtype594.a(watchdog.o)
 .bss           0x0000000000040b18        0x4 build/cooja/mtype594.a(int-master.o)
 .bss           0x0000000000040b1c        0x0 build/cooja/mtype594.a(slip-arch.o)
 *fill*         0x0000000000040b1c        0x4 
 .bss           0x0000000000040b20      0x110 build/cooja/mtype594.a(httpd-simple.o)
 .bss           0x0000000000040c30        0x0 build/cooja/mtype594.a(rpl-border-rout)
 .bss           0x0000000000040c30        0x0 build/cooja/mtype594.a(stimer.o)
 .bss           0x0000000000040c30        0x0 build/cooja/mtype594.a(ringbuf.o)
 .bss           0x0000000000040c30        0x0 build/cooja/mtype594.a(memb.o)
 .bss           0x0000000000040c30        0x0 build/cooja/mtype594.a(assert.o)
 *fill*         0x0000000000040c30       0x10 
 .bss           0x0000000000040c40     0x1214 build/cooja/mtype594.a(nbr-table.o)
 *fill*         0x0000000000041e54        0xc 
 .bss           0x0000000000041e60      0xe10 build/cooja/mtype594.a(link-stats.o)
 *fill*         0x0000000000042c70       0x10 
 .bss           0x0000000000042c80      0x100 build/cooja/mtype594.a(mac-sequence.o)
 .bss           0x0000000000042d80        0x0 build/cooja/mtype594.a(mac.o)
 .bss           0x0000000000042d80        0x2 build/cooja/mtype594.a(framer-802154.o)
 .bss           0x0000000000042d82        0x0 build/cooja/mtype594.a(frame802154.o)
 .bss           0x0000000000042d82        0x0 build/cooja/mtype594.a(csma-security.o)
 *fill*         0x0000000000042d82        0x2 
 .bss           0x0000000000042d84       0x18 build/cooja/mtype594.a(uipbuf.o)
 .bss           0x0000000000042d9c       0x18 build/cooja/mtype594.a(uip-icmp6.o)
 *fill*         0x0000000000042db4        0xc 
 .bss           0x0000000000042dc0      0xa78 build/cooja/mtype594.a(uip-packetqueue)
 .bss           0x0000000000043838        0x0 build/cooja/mtype594.a(uip-udp-packet.)
 .bss           0x0000000000043838        0xe build/cooja/mtype594.a(rpl-nbr-policy.)
 *fill*         0x0000000000043846       0x1a 
 .bss           0x0000000000043860      0x960 build/cooja/mtype594.a(rpl-neighbor.o)
 .bss           0x00000000000441c0        0x0 build/cooja/mtype594.a(rpl-dag.o)
 .bss           0x00000000000441c0       0x40 build/cooja/mtype594.a(rpl-timers.o)
 .bss           0x0000000000044200        0x0 build/cooja/mtype594.a(rpl-ext-header.)
 .bss           0x0000000000044200        0x0 build/cooja/mtype594.a(rpl-mrhof.o)
 .bss           0x0000000000044200       0x10 build/cooja/mtype594.a(border-router-e)
 .bss           0x0000000000044210        0x0 /usr/lib/gcc/i686-linux-gnu/5/crtendS.o
 .bss           0x0000000000044210        0x0 /usr/lib/gcc/i686-linux-gnu/5/../../../i386-linux-gnu/crtn.o
 *(COMMON)
 COMMON         0x0000000000044210        0x8 build/cooja/mtype594.o
                0x0000000000044210                referenceVar
                0x0000000000044214                sensors_flags
 COMMON         0x0000000000044218        0xc build/cooja/mtype594.a(simEnvChange.o)
                0x0000000000044218                simEtimerPending
                0x000000000004421c                simProcessRunValue
                0x0000000000044220                simEtimerNextExpirationTime
 *fill*         0x0000000000044224        0x4 
 COMMON         0x0000000000044228       0x18 build/cooja/mtype594.a(rtimer-arch.o)
                0x0000000000044228                simRtimerPending
                0x0000000000044230                simRtimerCurrentTicks
                0x0000000000044238                simRtimerNextExpirationTime
 COMMON         0x0000000000044240        0x1 build/cooja/mtype594.a(beep.o)
                0x0000000000044240                simBeeped
 *fill*         0x0000000000044241        0x3 
 COMMON         0x0000000000044244        0xc build/cooja/mtype594.a(moteid.o)
                0x0000000000044244                simRandomSeed
                0x0000000000044248                simMoteIDChanged
                0x000000000004424c                simMoteID
 COMMON         0x0000000000044250        0x2 build/cooja/mtype594.a(pir-sensor.o)
                0x0000000000044250                simPirIsActive
                0x0000000000044251                simPirChanged
 *fill*         0x0000000000044252        0xe 
 COMMON         0x0000000000044260      0x820 build/cooja/mtype594.a(rs232.o)
                0x0000000000044260                simSerialReceivingFlag
                0x0000000000044264                simSerialReceivingLength
                0x0000000000044280                simSerialReceivingData
 COMMON         0x0000000000044a80        0x2 build/cooja/mtype594.a(vib-sensor.o)
                0x0000000000044a80                simVibChanged
                0x0000000000044a81                simVibIsActive
 *fill*         0x0000000000044a82        0x2 
 COMMON         0x0000000000044a84        0x4 build/cooja/mtype594.a(clock.o)
                0x0000000000044a84                simCurrentTime
 *fill*         0x0000000000044a88       0x18 
 COMMON         0x0000000000044aa0     0x2020 build/cooja/mtype594.a(cooja-log.o)
                0x0000000000044aa0                simLoggedLength
                0x0000000000044aa4                simLoggedFlag
                0x0000000000044ac0                simLoggedData
 COMMON         0x0000000000046ac0       0xfd build/cooja/mtype594.a(cooja-radio.o)
                0x0000000000046ac0                simOutDataBuffer